{"operating_system": "Windows-10-10.0.26200-SP0", "machine": "AMD64", "python": "3.11.16", "python_executable": "C:\\Users\\Anthony\\anaconda3\\envs\\strange-matter-gpu\\python.exe", "pytorch": "2.11.0+cu128", "pytorch_cuda": "12.8", "device": "cuda", "gpu": "NVIDIA GeForce RTX 5070 Ti"}
{"epoch": 1, "train_rmse": 1.40276610442938, "validation_rmse": 0.9035213589668274, "validation_ma_st_rae": 0.9324787041385791, "validation_CYP1A2_st_rae": 0.9253993770292289, "validation_CYP2C9_st_rae": 0.8584771273097269, "validation_CYP2D6_st_rae": 1.1196083570531574, "validation_CYP3A4_st_rae": 0.8264299551622039, "mean_raw_gradient_norm": 221.25948467850685, "fraction_gradients_clipped": 1.0}
{"epoch": 2, "train_rmse": 1.2681259651521033, "validation_rmse": 0.9093563556671143, "validation_ma_st_rae": 0.9513965888591814, "validation_CYP1A2_st_rae": 0.9250345101962214, "validation_CYP2C9_st_rae": 0.9062114379084727, "validation_CYP2D6_st_rae": 1.1315007140383921, "validation_CYP3A4_st_rae": 0.8428396932936395, "mean_raw_gradient_norm": 24.50956842303276, "fraction_gradients_clipped": 1.0}
{"epoch": 3, "train_rmse": 1.211010480896685, "validation_rmse": 0.9048736095428467, "validation_ma_st_rae": 0.9591169696077542, "validation_CYP1A2_st_rae": 0.9096147056219963, "validation_CYP2C9_st_rae": 0.9623149858340492, "validation_CYP2D6_st_rae": 1.140031786368467, "validation_CYP3A4_st_rae": 0.8245064006065037, "mean_raw_gradient_norm": 24.03298817574978, "fraction_gradients_clipped": 1.0}
{"epoch": 4, "train_rmse": 1.7258618997233282, "validation_rmse": 0.9083999395370483, "validation_ma_st_rae": 0.9647224861249959, "validation_CYP1A2_st_rae": 0.9466593912036452, "validation_CYP2C9_st_rae": 0.9850893245125746, "validation_CYP2D6_st_rae": 1.1039519640155266, "validation_CYP3A4_st_rae": 0.823189264768237, "mean_raw_gradient_norm": 243.20969551801682, "fraction_gradients_clipped": 1.0}
{
  "seed": 1701,
  "selection_metric": "validation_ma_st_rae",
  "best_validation_ma_st_rae": 0.9324787041385791,
  "best_validation_rmse": 0.9035213589668274,
  "restored_fit_rmse": 0.9014767408370972,
  "restored_validation_rmse": 0.9035062789916992,
  "restored_fit_ma_st_rae": 0.9103363781841872,
  "restored_validation_ma_st_rae": 0.9359035784143535,
  "restored_validation_point_ma_st_rae": 0.9324586980638576,
  "restored_validation_point_st_rae_by_cyp": {
    "CYP1A2": 0.9253918984748519,
    "CYP2C9": 0.8585129746460193,
    "CYP2D6": 1.119373488141536,
    "CYP3A4": 0.8265564309930231
  },
  "restored_fit_st_rae_by_cyp": {
    "CYP1A2": 0.9166605496477501,
    "CYP2C9": 0.8443105119690851,
    "CYP2D6": 1.0602365135844958,
    "CYP3A4": 0.8201379375354179
  },
  "restored_validation_st_rae_by_cyp": {
    "CYP1A2": 0.9299982922523025,
    "CYP2C9": 0.8629642489168895,
    "CYP2D6": 1.1222998618522835,
    "CYP3A4": 0.8283519106359382
  },
  "validation_bootstrap_metrics": {
    "n_bootstrap_samples": 1000,
    "seed": 0,
    "macro": {
      "st_rae": {
        "mean": 0.9359035784143535,
        "ci_low": 0.8685384168261957,
        "ci_high": 1.008242605460398
      },
      "mae": {
        "mean": 0.6680621465278859,
        "ci_low": 0.6245340330381082,
        "ci_high": 0.713597706456528
      },
      "r2": {
        "mean": 0.1079276645983399,
        "ci_low": 0.03831630607527654,
        "ci_high": 0.1746741096660751
      },
      "spearman_rho": {
        "mean": 0.39660239189114727,
        "ci_low": 0.328529501668129,
        "ci_high": 0.4653231988821065
      },
      "kendall_tau": {
        "mean": 0.27559802687419405,
        "ci_low": 0.22875920176692657,
        "ci_high": 0.32431841689505675
      }
    },
    "per_endpoint": {
      "CYP1A2": {
        "st_rae": {
          "mean": 0.9299982922523025,
          "ci_low": 0.8135236088124321,
          "ci_high": 1.0512934388240833
        },
        "mae": {
          "mean": 0.6982688768066629,
          "ci_low": 0.5985373787636304,
          "ci_high": 0.8054548075164321
        },
        "r2": {
          "mean": 0.0990603696155411,
          "ci_low": -0.02281347781389677,
          "ci_high": 0.22113796337695937
        },
        "spearman_rho": {
          "mean": 0.43540723721332825,
          "ci_low": 0.30334036185249397,
          "ci_high": 0.5712508909461061
        },
        "kendall_tau": {
          "mean": 0.29648423489727505,
          "ci_low": 0.20529470420675805,
          "ci_high": 0.3947101921701042
        }
      },
      "CYP2C9": {
        "st_rae": {
          "mean": 0.8629642489168895,
          "ci_low": 0.6857956304301234,
          "ci_high": 1.077050098323891
        },
        "mae": {
          "mean": 0.5307257349236321,
          "ci_low": 0.4593922964489187,
          "ci_high": 0.6137727873925944
        },
        "r2": {
          "mean": 0.1495415499008841,
          "ci_low": -0.08512534079268837,
          "ci_high": 0.33303488563527817
        },
        "spearman_rho": {
          "mean": 0.4794668056978976,
          "ci_low": 0.3229066163747866,
          "ci_high": 0.6123847322097129
        },
        "kendall_tau": {
          "mean": 0.3384725785986781,
          "ci_low": 0.22690959821794632,
          "ci_high": 0.43611755650668127
        }
      },
      "CYP2D6": {
        "st_rae": {
          "mean": 1.1222998618522835,
          "ci_low": 1.0085228321954507,
          "ci_high": 1.2618711561861458
        },
        "mae": {
          "mean": 0.6496393134924617,
          "ci_low": 0.5507221794041404,
          "ci_high": 0.7528204213963807
        },
        "r2": {
          "mean": -0.008533482729061823,
          "ci_low": -0.13744495541966617,
          "ci_high": 0.08831506781735411
        },
        "spearman_rho": {
          "mean": 0.2150219006330803,
          "ci_low": 0.05736619345730311,
          "ci_high": 0.3708995772353172
        },
        "kendall_tau": {
          "mean": 0.14712406410000503,
          "ci_low": 0.04026627511254666,
          "ci_high": 0.24946092473796755
        }
      },
      "CYP3A4": {
        "st_rae": {
          "mean": 0.8283519106359382,
          "ci_low": 0.7468145599703134,
          "ci_high": 0.9116024039712809
        },
        "mae": {
          "mean": 0.7936146608887866,
          "ci_low": 0.7198463227244333,
          "ci_high": 0.8683719664070122
        },
        "r2": {
          "mean": 0.1916422216059962,
          "ci_low": 0.11405512694119117,
          "ci_high": 0.2645032663480489
        },
        "spearman_rho": {
          "mean": 0.45651362402028267,
          "ci_low": 0.3522650605501163,
          "ci_high": 0.5626191078984946
        },
        "kendall_tau": {
          "mean": 0.3203112299008181,
          "ci_low": 0.2464269737039059,
          "ci_high": 0.3969590345243688
        }
      }
    }
  },
  "epochs_run": 4,
  "fit_observations": 2659,
  "validation_observations": 646,
  "rule": "fitzhugh_nagumo",
  "generations": 500,
  "hidden_channels": 8,
  "atom_feature_profile": "comprehensive",
  "atom_feature_count": 57,
  "atom_feature_names": [
    "element_H",
    "element_C",
    "element_N",
    "element_O",
    "element_F",
    "element_P",
    "element_S",
    "element_Cl",
    "element_Br",
    "element_I",
    "element_other",
    "formal_charge",
    "aromatic",
    "hybrid_sp",
    "hybrid_sp2",
    "hybrid_sp3",
    "hybrid_other",
    "degree",
    "total_hydrogens",
    "in_ring",
    "hbond_donor",
    "hbond_acceptor",
    "chiral_cw",
    "chiral_ccw",
    "chiral_other",
    "atomic_number",
    "atomic_mass",
    "covalent_radius",
    "vdw_radius",
    "outer_electrons",
    "period",
    "periodic_group",
    "atomic_volume",
    "total_valence",
    "implicit_valence",
    "heavy_atom_degree",
    "radical_electrons",
    "absolute_formal_charge",
    "electronegativity",
    "polarizability",
    "heteroatom",
    "halogen",
    "conjugated_bond_fraction",
    "first_ionization_energy",
    "electron_affinity",
    "electronic_property_missing",
    "ring_count",
    "ring_size_3",
    "ring_size_4",
    "ring_size_5",
    "ring_size_6",
    "ring_size_7",
    "ring_size_8_plus",
    "mean_neighbour_electronegativity",
    "electronegativity_difference",
    "mean_neighbour_atomic_number",
    "neighbour_formal_charge"
  ],
  "device": "cuda",
  "gpu": "NVIDIA GeForce RTX 5070 Ti",
  "training_seconds": 201.10120700008702,
  "peak_gpu_memory_bytes": 607081984,
  "runtime": {
    "operating_system": "Windows-10-10.0.26200-SP0",
    "machine": "AMD64",
    "python": "3.11.16",
    "python_executable": "C:\\Users\\Anthony\\anaconda3\\envs\\strange-matter-gpu\\python.exe",
    "pytorch": "2.11.0+cu128",
    "pytorch_cuda": "12.8",
    "device": "cuda",
    "gpu": "NVIDIA GeForce RTX 5070 Ti"
  },
  "validation_protocol": {
    "kind": "scaffold_cross_validation",
    "fold": 1,
    "folds": 5
  },
  "readout": "differentiable_closed_form_ridge",
  "hyperparameters": {
    "ca_lr": 0.003,
    "ridge": 0.1,
    "ca_l2": 1e-06,
    "gradient_clip": 1.0,
    "update_scale": 0.25,
    "init_scale": 0.5,
    "initial_noise": 0.005,
    "support_fraction": 0.6,
    "bond_temperature": 1.0,
    "dyn_a": 0.8,
    "dyn_b": 0.8,
    "dyn_c": 0.8,
    "dyn_d": 0.3,
    "lr_schedule": "cosine_0.1x"
  }
}
