{"device": "cuda", "gpu": "NVIDIA GeForce RTX 5070 Ti", "pytorch": "2.11.0+cu128", "pytorch_cuda": "12.8"}
{"epoch": 1, "train_rmse": 1.02619715568975, "validation_rmse": 1.0365331172943115, "mean_raw_gradient_norm": 2.827076292037964, "fraction_gradients_clipped": 1.0}
{"epoch": 2, "train_rmse": 1.0380249533768482, "validation_rmse": 1.034934163093567, "mean_raw_gradient_norm": 3.0242011070251467, "fraction_gradients_clipped": 1.0}
{"epoch": 3, "train_rmse": 1.0626142752508654, "validation_rmse": 1.033034086227417, "mean_raw_gradient_norm": 3.141209840774536, "fraction_gradients_clipped": 1.0}
{
  "seed": 1701,
  "best_validation_rmse": 1.033034086227417,
  "restored_fit_rmse": 0.9396381378173828,
  "restored_validation_rmse": 1.0330349206924438,
  "epochs_run": 3,
  "fit_observations": 791,
  "validation_observations": 273,
  "rule": "gated_residual",
  "generations": 32,
  "hidden_channels": 4,
  "device": "cuda",
  "gpu": "NVIDIA GeForce RTX 5070 Ti",
  "training_seconds": 2.9084760999539867,
  "peak_gpu_memory_bytes": 63744512,
  "readout": "differentiable_closed_form_ridge",
  "hyperparameters": {
    "ca_lr": 0.0003,
    "ridge": 0.1,
    "ca_l2": 1e-05,
    "gradient_clip": 1.0
  }
}
