{"operating_system": "Windows-10-10.0.26200-SP0", "machine": "AMD64", "python": "3.11.16", "python_executable": "C:\\Users\\Anthony\\anaconda3\\envs\\strange-matter-gpu\\python.exe", "pytorch": "2.11.0+cu128", "pytorch_cuda": "12.8", "device": "cuda", "gpu": "NVIDIA GeForce RTX 5070 Ti"}
{"epoch": 1, "train_rmse": 1.0992888042750346, "validation_rmse": 0.8909297585487366, "validation_ma_st_rae": 0.8900081254241607, "validation_CYP1A2_st_rae": 0.931516721410392, "validation_CYP2C9_st_rae": 0.834125748721279, "validation_CYP2D6_st_rae": 1.0189040020727016, "validation_CYP3A4_st_rae": 0.7754860294922705, "mean_raw_gradient_norm": 9.265949592590331, "fraction_gradients_clipped": 1.0}
{"epoch": 2, "train_rmse": 1.0951480611646431, "validation_rmse": 0.8908694386482239, "validation_ma_st_rae": 0.8886885096301371, "validation_CYP1A2_st_rae": 0.9354106895322029, "validation_CYP2C9_st_rae": 0.8207587704047761, "validation_CYP2D6_st_rae": 1.0249916011214988, "validation_CYP3A4_st_rae": 0.7735929774620708, "mean_raw_gradient_norm": 10.666590194702149, "fraction_gradients_clipped": 1.0}
{"epoch": 3, "train_rmse": 1.137228568815793, "validation_rmse": 0.8905763030052185, "validation_ma_st_rae": 0.8860007756902756, "validation_CYP1A2_st_rae": 0.9341765605453581, "validation_CYP2C9_st_rae": 0.8133511739693741, "validation_CYP2D6_st_rae": 1.022247640389302, "validation_CYP3A4_st_rae": 0.7742277278570683, "mean_raw_gradient_norm": 9.707934646606445, "fraction_gradients_clipped": 1.0}
{"epoch": 4, "train_rmse": 1.0966184135057744, "validation_rmse": 0.8899807333946228, "validation_ma_st_rae": 0.8851258733353591, "validation_CYP1A2_st_rae": 0.9323919752369503, "validation_CYP2C9_st_rae": 0.8095315354035255, "validation_CYP2D6_st_rae": 1.0252210804275295, "validation_CYP3A4_st_rae": 0.7733589022734311, "mean_raw_gradient_norm": 9.04226410150528, "fraction_gradients_clipped": 1.0}
{"epoch": 5, "train_rmse": 1.1251042560157087, "validation_rmse": 0.8895081281661987, "validation_ma_st_rae": 0.8843318831761413, "validation_CYP1A2_st_rae": 0.9355133546450044, "validation_CYP2C9_st_rae": 0.8070945396398749, "validation_CYP2D6_st_rae": 1.0236949022548865, "validation_CYP3A4_st_rae": 0.7710247361647994, "mean_raw_gradient_norm": 8.952282528877259, "fraction_gradients_clipped": 1.0}
{"epoch": 6, "train_rmse": 1.0901059442516348, "validation_rmse": 0.8894764184951782, "validation_ma_st_rae": 0.8838614413529603, "validation_CYP1A2_st_rae": 0.936169431412458, "validation_CYP2C9_st_rae": 0.8038369026249371, "validation_CYP2D6_st_rae": 1.0242884004018915, "validation_CYP3A4_st_rae": 0.7711510309725546, "mean_raw_gradient_norm": 9.499401669502259, "fraction_gradients_clipped": 1.0}
{
  "seed": 4211,
  "selection_metric": "validation_ma_st_rae",
  "best_validation_ma_st_rae": 0.8860007756902756,
  "best_validation_rmse": 0.8905763030052185,
  "restored_fit_rmse": 0.8410203456878662,
  "restored_validation_rmse": 0.8905758857727051,
  "restored_fit_ma_st_rae": 0.8422231127880193,
  "restored_validation_ma_st_rae": 0.8882250777743433,
  "restored_validation_point_ma_st_rae": 0.8859942652415217,
  "restored_validation_point_st_rae_by_cyp": {
    "CYP1A2": 0.9341774325258145,
    "CYP2C9": 0.8133451634757664,
    "CYP2D6": 1.0222247097128423,
    "CYP3A4": 0.7742297552516636
  },
  "restored_fit_st_rae_by_cyp": {
    "CYP1A2": 0.8703286557740164,
    "CYP2C9": 0.7680309955854375,
    "CYP2D6": 1.0198820622675597,
    "CYP3A4": 0.710650737525063
  },
  "restored_validation_st_rae_by_cyp": {
    "CYP1A2": 0.9395217579488621,
    "CYP2C9": 0.814324104371739,
    "CYP2D6": 1.0230966376484258,
    "CYP3A4": 0.7759578111283458
  },
  "validation_bootstrap_metrics": {
    "n_bootstrap_samples": 1000,
    "seed": 0,
    "macro": {
      "st_rae": {
        "mean": 0.8882250777743433,
        "ci_low": 0.8371583286015143,
        "ci_high": 0.9412633503757207
      },
      "mae": {
        "mean": 0.6523840568460416,
        "ci_low": 0.6172077432927174,
        "ci_high": 0.6919026471030919
      },
      "r2": {
        "mean": 0.1256133895091282,
        "ci_low": 0.06740086796204293,
        "ci_high": 0.18161077101483267
      },
      "spearman_rho": {
        "mean": 0.37927154550114683,
        "ci_low": 0.3212091640328573,
        "ci_high": 0.437227458056746
      },
      "kendall_tau": {
        "mean": 0.2658173288370462,
        "ci_low": 0.22446017095847554,
        "ci_high": 0.30759210502369766
      }
    },
    "per_endpoint": {
      "CYP1A2": {
        "st_rae": {
          "mean": 0.9395217579488621,
          "ci_low": 0.8364476035949789,
          "ci_high": 1.0547546300562867
        },
        "mae": {
          "mean": 0.7208967488560566,
          "ci_low": 0.6366915981714115,
          "ci_high": 0.8114645398910655
        },
        "r2": {
          "mean": 0.0790146604440096,
          "ci_low": -0.04758438507026432,
          "ci_high": 0.19874720058058656
        },
        "spearman_rho": {
          "mean": 0.38582151064509357,
          "ci_low": 0.2622620733653887,
          "ci_high": 0.5010532963161628
        },
        "kendall_tau": {
          "mean": 0.2671552637423404,
          "ci_low": 0.18274954408784783,
          "ci_high": 0.3493310928986447
        }
      },
      "CYP2C9": {
        "st_rae": {
          "mean": 0.814324104371739,
          "ci_low": 0.7054714453341867,
          "ci_high": 0.9366318303913305
        },
        "mae": {
          "mean": 0.5356619196724771,
          "ci_low": 0.4718797560573229,
          "ci_high": 0.6003301241978776
        },
        "r2": {
          "mean": 0.15744547417725036,
          "ci_low": 0.02085598175974219,
          "ci_high": 0.28241648104294376
        },
        "spearman_rho": {
          "mean": 0.4650504910148792,
          "ci_low": 0.3305737156832514,
          "ci_high": 0.575087237742735
        },
        "kendall_tau": {
          "mean": 0.3259574730104987,
          "ci_low": 0.23192215787957837,
          "ci_high": 0.40669322204318903
        }
      },
      "CYP2D6": {
        "st_rae": {
          "mean": 1.0230966376484258,
          "ci_low": 0.9323013399057951,
          "ci_high": 1.117521911572332
        },
        "mae": {
          "mean": 0.5885187257103298,
          "ci_low": 0.5170147919913997,
          "ci_high": 0.6641997831282408
        },
        "r2": {
          "mean": 0.032880174072008515,
          "ci_low": -0.0650500391259251,
          "ci_high": 0.12661328479623896
        },
        "spearman_rho": {
          "mean": 0.15251262252528772,
          "ci_low": 0.0262887167277977,
          "ci_high": 0.27587405465922094
        },
        "kendall_tau": {
          "mean": 0.10297054931696263,
          "ci_low": 0.01578516863944021,
          "ci_high": 0.18794726272923457
        }
      },
      "CYP3A4": {
        "st_rae": {
          "mean": 0.7759578111283458,
          "ci_low": 0.6893646003811529,
          "ci_high": 0.8735151862125984
        },
        "mae": {
          "mean": 0.7644588331453028,
          "ci_low": 0.7051894279645751,
          "ci_high": 0.8252202797877161
        },
        "r2": {
          "mean": 0.23311324934324443,
          "ci_low": 0.12819398683299096,
          "ci_high": 0.3266592512073775
        },
        "spearman_rho": {
          "mean": 0.5137015578193267,
          "ci_low": 0.4189542929966273,
          "ci_high": 0.5978723437451169
        },
        "kendall_tau": {
          "mean": 0.3671860292783828,
          "ci_low": 0.29606256957231714,
          "ci_high": 0.42962828197390174
        }
      }
    }
  },
  "epochs_run": 6,
  "fit_observations": 4213,
  "validation_observations": 1003,
  "rule": "gated_residual",
  "generations": 16,
  "hidden_channels": 16,
  "atom_feature_profile": "local_environment",
  "atom_feature_count": 29,
  "atom_feature_names": [
    "element_H",
    "element_C",
    "element_N",
    "element_O",
    "element_F",
    "element_P",
    "element_S",
    "element_Cl",
    "element_Br",
    "element_I",
    "element_other",
    "formal_charge",
    "aromatic",
    "hybrid_sp",
    "hybrid_sp2",
    "hybrid_sp3",
    "hybrid_other",
    "degree",
    "total_hydrogens",
    "in_ring",
    "hbond_donor",
    "hbond_acceptor",
    "chiral_cw",
    "chiral_ccw",
    "chiral_other",
    "mean_neighbour_electronegativity",
    "electronegativity_difference",
    "mean_neighbour_atomic_number",
    "neighbour_formal_charge"
  ],
  "device": "cuda",
  "gpu": "NVIDIA GeForce RTX 5070 Ti",
  "training_seconds": 25.374070700025186,
  "peak_gpu_memory_bytes": 71603712,
  "runtime": {
    "operating_system": "Windows-10-10.0.26200-SP0",
    "machine": "AMD64",
    "python": "3.11.16",
    "python_executable": "C:\\Users\\Anthony\\anaconda3\\envs\\strange-matter-gpu\\python.exe",
    "pytorch": "2.11.0+cu128",
    "pytorch_cuda": "12.8",
    "device": "cuda",
    "gpu": "NVIDIA GeForce RTX 5070 Ti"
  },
  "validation_protocol": {
    "kind": "scaffold_cross_validation",
    "fold": 1,
    "folds": 5
  },
  "readout": "differentiable_closed_form_ridge",
  "hyperparameters": {
    "ca_lr": 0.0003,
    "ridge": 1.0,
    "ca_l2": 0.0001,
    "gradient_clip": 1.0,
    "update_scale": 0.4,
    "init_scale": 1.0,
    "initial_noise": 0.0,
    "support_fraction": 0.85,
    "bond_temperature": 1.0,
    "dyn_a": 0.2,
    "dyn_b": 0.5,
    "dyn_c": 0.2,
    "dyn_d": 0.3,
    "lr_schedule": "cosine_0.1x"
  }
}
