{"device": "cuda", "gpu": "NVIDIA GeForce RTX 5070 Ti", "pytorch": "2.11.0+cu128", "pytorch_cuda": "12.8"}
{"epoch": 1, "train_rmse": 2.3816760699130253, "validation_rmse": 0.9096555113792419, "mean_raw_gradient_norm": 194.77582334703015, "fraction_gradients_clipped": 1.0}
{"epoch": 2, "train_rmse": 1.9450725635919035, "validation_rmse": 0.9058981537818909, "mean_raw_gradient_norm": 91.8106321519421, "fraction_gradients_clipped": 1.0}
{"epoch": 3, "train_rmse": 2.2193084642419816, "validation_rmse": 0.9102151989936829, "mean_raw_gradient_norm": 141.1819822249874, "fraction_gradients_clipped": 1.0}
{"epoch": 4, "train_rmse": 2.0126226211069316, "validation_rmse": 0.9147121906280518, "mean_raw_gradient_norm": 87.08655311215308, "fraction_gradients_clipped": 1.0}
{"epoch": 5, "train_rmse": 1.8251027482893543, "validation_rmse": 0.8911665678024292, "mean_raw_gradient_norm": 74.7156384529606, "fraction_gradients_clipped": 1.0}
{"epoch": 6, "train_rmse": 1.9596330684959948, "validation_rmse": 0.8818600177764893, "mean_raw_gradient_norm": 77.3713596943886, "fraction_gradients_clipped": 1.0}
{"epoch": 7, "train_rmse": 1.829910563600955, "validation_rmse": 0.8856294751167297, "mean_raw_gradient_norm": 57.65684432368125, "fraction_gradients_clipped": 1.0}
{"epoch": 8, "train_rmse": 1.6332908785377893, "validation_rmse": 0.8876467943191528, "mean_raw_gradient_norm": 40.33460403257801, "fraction_gradients_clipped": 1.0}
{"epoch": 9, "train_rmse": 1.7556868563183567, "validation_rmse": 0.8816558718681335, "mean_raw_gradient_norm": 47.06240841650194, "fraction_gradients_clipped": 1.0}
{"epoch": 10, "train_rmse": 1.9533155190704106, "validation_rmse": 0.8811253905296326, "mean_raw_gradient_norm": 75.80380748164269, "fraction_gradients_clipped": 1.0}
{
  "seed": 4211,
  "best_validation_rmse": 0.8818600177764893,
  "restored_fit_rmse": 0.8166232109069824,
  "restored_validation_rmse": 0.881852924823761,
  "epochs_run": 10,
  "fit_observations": 5216,
  "validation_observations": 1309,
  "rule": "inertial_reaction_diffusion",
  "generations": 125,
  "hidden_channels": 16,
  "device": "cuda",
  "gpu": "NVIDIA GeForce RTX 5070 Ti",
  "training_seconds": 214.50538440002128,
  "peak_gpu_memory_bytes": 279649280,
  "readout": "differentiable_closed_form_ridge",
  "hyperparameters": {
    "ca_lr": 0.003,
    "ridge": 0.01,
    "ca_l2": 1e-06,
    "gradient_clip": 2.0
  }
}
