{"operating_system": "Windows-10-10.0.26200-SP0", "machine": "AMD64", "python": "3.11.16", "python_executable": "C:\\Users\\Anthony\\anaconda3\\envs\\strange-matter-gpu\\python.exe", "pytorch": "2.11.0+cu128", "pytorch_cuda": "12.8", "device": "cuda", "gpu": "NVIDIA GeForce RTX 5070 Ti"}
{"epoch": 1, "train_rmse": 1.326291980856627, "validation_rmse": 0.8621450662612915, "validation_ma_st_rae": 1.0085832694042827, "validation_CYP1A2_st_rae": 1.0104690805952508, "validation_CYP2C9_st_rae": 1.0275746548156701, "validation_CYP2D6_st_rae": 1.1302465040380039, "validation_CYP3A4_st_rae": 0.866042838168206, "mean_raw_gradient_norm": 16.224108600616454, "fraction_gradients_clipped": 1.0}
{"epoch": 2, "train_rmse": 1.3426301404122862, "validation_rmse": 0.8612660765647888, "validation_ma_st_rae": 1.0032080962593708, "validation_CYP1A2_st_rae": 1.0224206104035216, "validation_CYP2C9_st_rae": 0.9925696873153418, "validation_CYP2D6_st_rae": 1.1279556969601574, "validation_CYP3A4_st_rae": 0.8698863903584624, "mean_raw_gradient_norm": 9.270569896697998, "fraction_gradients_clipped": 1.0}
{"epoch": 3, "train_rmse": 1.4823216747343246, "validation_rmse": 0.8619009256362915, "validation_ma_st_rae": 1.0035246896455403, "validation_CYP1A2_st_rae": 1.0301790576454826, "validation_CYP2C9_st_rae": 0.9838292774402705, "validation_CYP2D6_st_rae": 1.1316552198655019, "validation_CYP3A4_st_rae": 0.8684352036309063, "mean_raw_gradient_norm": 10.172129726409912, "fraction_gradients_clipped": 1.0}
{
  "seed": 1701,
  "selection_metric": "validation_ma_st_rae",
  "best_validation_ma_st_rae": 1.0032080962593708,
  "best_validation_rmse": 0.8612660765647888,
  "restored_fit_rmse": 0.887809693813324,
  "restored_validation_rmse": 0.8612831830978394,
  "restored_fit_ma_st_rae": 0.8148612151513996,
  "restored_validation_ma_st_rae": 1.0216358966105994,
  "restored_validation_point_ma_st_rae": 1.0032369528905551,
  "restored_validation_point_st_rae_by_cyp": {
    "CYP1A2": 1.0224418139360079,
    "CYP2C9": 0.992558987082236,
    "CYP2D6": 1.128075810017677,
    "CYP3A4": 0.8698712005262993
  },
  "restored_fit_st_rae_by_cyp": {
    "CYP1A2": 0.806918064916975,
    "CYP2C9": 0.7147027910987207,
    "CYP2D6": 0.9965993712951183,
    "CYP3A4": 0.741224633294784
  },
  "restored_validation_st_rae_by_cyp": {
    "CYP1A2": 1.0320452207925719,
    "CYP2C9": 1.0233444237217877,
    "CYP2D6": 1.1468321639591563,
    "CYP3A4": 0.8843217779688826
  },
  "validation_bootstrap_metrics": {
    "n_bootstrap_samples": 1000,
    "seed": 0,
    "macro": {
      "st_rae": {
        "mean": 1.0216358966105994,
        "ci_low": 0.8821446379174758,
        "ci_high": 1.17921384519722
      },
      "mae": {
        "mean": 0.659767588100087,
        "ci_low": 0.5920169224023956,
        "ci_high": 0.7252814033515901
      },
      "r2": {
        "mean": 0.029493994367623594,
        "ci_low": -0.14485275155817467,
        "ci_high": 0.16304076090429645
      },
      "spearman_rho": {
        "mean": 0.40400638442928744,
        "ci_low": 0.3015833541702027,
        "ci_high": 0.4966727284307931
      },
      "kendall_tau": {
        "mean": 0.28322607731704247,
        "ci_low": 0.20546992646722237,
        "ci_high": 0.3522701556041883
      }
    },
    "per_endpoint": {
      "CYP1A2": {
        "st_rae": {
          "mean": 1.0320452207925719,
          "ci_low": 0.7484013290171945,
          "ci_high": 1.4067446173281046
        },
        "mae": {
          "mean": 0.6950849268319178,
          "ci_low": 0.5591663467102364,
          "ci_high": 0.8500089969791349
        },
        "r2": {
          "mean": 0.1371365013157013,
          "ci_low": -0.17967427925836865,
          "ci_high": 0.3666994480124871
        },
        "spearman_rho": {
          "mean": 0.48772756388855804,
          "ci_low": 0.277658197274363,
          "ci_high": 0.6735557642263501
        },
        "kendall_tau": {
          "mean": 0.3475814421920929,
          "ci_low": 0.1874008485519277,
          "ci_high": 0.49425156777233076
        }
      },
      "CYP2C9": {
        "st_rae": {
          "mean": 1.0233444237217877,
          "ci_low": 0.6954220788549951,
          "ci_high": 1.4391639582048978
        },
        "mae": {
          "mean": 0.572258644147714,
          "ci_low": 0.4552151480317116,
          "ci_high": 0.6862086099386214
        },
        "r2": {
          "mean": -0.04775504753891002,
          "ci_low": -0.5324027918281148,
          "ci_high": 0.2807145593093327
        },
        "spearman_rho": {
          "mean": 0.41720514110804185,
          "ci_low": 0.16535271275727656,
          "ci_high": 0.6291174103963592
        },
        "kendall_tau": {
          "mean": 0.29410103636379414,
          "ci_low": 0.10648276322569007,
          "ci_high": 0.4581073082861554
        }
      },
      "CYP2D6": {
        "st_rae": {
          "mean": 1.1468321639591563,
          "ci_low": 0.939596067186556,
          "ci_high": 1.415654431376941
        },
        "mae": {
          "mean": 0.6194909788645231,
          "ci_low": 0.48324552783599267,
          "ci_high": 0.7660906961331
        },
        "r2": {
          "mean": -0.19901851870500178,
          "ci_low": -0.5419026415883,
          "ci_high": 0.018076239870059
        },
        "spearman_rho": {
          "mean": 0.23146561139109997,
          "ci_low": -0.010568541547851848,
          "ci_high": 0.4590986185584423
        },
        "kendall_tau": {
          "mean": 0.1611811609192971,
          "ci_low": -0.002493616611263668,
          "ci_high": 0.32328308403201217
        }
      },
      "CYP3A4": {
        "st_rae": {
          "mean": 0.8843217779688826,
          "ci_low": 0.6827712213254736,
          "ci_high": 1.1362407924088276
        },
        "mae": {
          "mean": 0.7522358025561932,
          "ci_low": 0.6542793359867362,
          "ci_high": 0.867072197101837
        },
        "r2": {
          "mean": 0.2276130423987049,
          "ci_low": 0.021597939048250626,
          "ci_high": 0.39009033817169697
        },
        "spearman_rho": {
          "mean": 0.47962722132944996,
          "ci_low": 0.30226796334189054,
          "ci_high": 0.6278032162241723
        },
        "kendall_tau": {
          "mean": 0.3300406697929858,
          "ci_low": 0.2012078435308032,
          "ci_high": 0.44558376704427927
        }
      }
    }
  },
  "epochs_run": 3,
  "fit_observations": 806,
  "validation_observations": 272,
  "rule": "gated_residual",
  "generations": 250,
  "hidden_channels": 16,
  "atom_feature_profile": "baseline",
  "atom_feature_count": 25,
  "atom_feature_names": [
    "element_H",
    "element_C",
    "element_N",
    "element_O",
    "element_F",
    "element_P",
    "element_S",
    "element_Cl",
    "element_Br",
    "element_I",
    "element_other",
    "formal_charge",
    "aromatic",
    "hybrid_sp",
    "hybrid_sp2",
    "hybrid_sp3",
    "hybrid_other",
    "degree",
    "total_hydrogens",
    "in_ring",
    "hbond_donor",
    "hbond_acceptor",
    "chiral_cw",
    "chiral_ccw",
    "chiral_other"
  ],
  "device": "cuda",
  "gpu": "NVIDIA GeForce RTX 5070 Ti",
  "training_seconds": 13.361926200101152,
  "peak_gpu_memory_bytes": 1479859712,
  "runtime": {
    "operating_system": "Windows-10-10.0.26200-SP0",
    "machine": "AMD64",
    "python": "3.11.16",
    "python_executable": "C:\\Users\\Anthony\\anaconda3\\envs\\strange-matter-gpu\\python.exe",
    "pytorch": "2.11.0+cu128",
    "pytorch_cuda": "12.8",
    "device": "cuda",
    "gpu": "NVIDIA GeForce RTX 5070 Ti"
  },
  "validation_protocol": {
    "kind": "scaffold_cross_validation",
    "fold": 0,
    "folds": 5
  },
  "readout": "differentiable_closed_form_ridge",
  "prediction_mode": "direct",
  "residual_alpha": null,
  "trajectory_pooling": "legacy",
  "ridge_mode": "shared",
  "loss_mode": "hybrid_interval",
  "interval_loss_beta": 0.5,
  "interval_temperature": 0.1,
  "hyperparameters": {
    "ca_lr": 0.003,
    "ridge": 0.1,
    "ca_l2": 1e-06,
    "gradient_clip": 1.0,
    "update_scale": 0.25,
    "init_scale": 0.5,
    "initial_noise": 0.01,
    "support_fraction": 0.6,
    "bond_temperature": 2.0,
    "dyn_a": 0.8,
    "dyn_b": 0.5,
    "dyn_c": 0.2,
    "dyn_d": 0.3,
    "lr_schedule": "cosine_0.1x"
  }
}
