{"device": "cuda", "gpu": "NVIDIA GeForce RTX 5070 Ti", "pytorch": "2.11.0+cu128", "pytorch_cuda": "12.8"}
{"epoch": 1, "train_rmse": 0.9937929000292498, "validation_rmse": 1.0008792877197266, "mean_raw_gradient_norm": 3.2670516967773438, "fraction_gradients_clipped": 0.8}
{"epoch": 2, "train_rmse": 1.00676052813807, "validation_rmse": 1.0003269910812378, "mean_raw_gradient_norm": 3.0869564056396483, "fraction_gradients_clipped": 0.8}
{"epoch": 3, "train_rmse": 1.0130071988170004, "validation_rmse": 1.0001788139343262, "mean_raw_gradient_norm": 2.520167660713196, "fraction_gradients_clipped": 0.8}
{
  "seed": 1701,
  "best_validation_rmse": 1.0008792877197266,
  "restored_fit_rmse": 0.9102264642715454,
  "restored_validation_rmse": 1.0008792877197266,
  "epochs_run": 3,
  "fit_observations": 791,
  "validation_observations": 273,
  "rule": "inertial_reaction_diffusion",
  "generations": 64,
  "hidden_channels": 4,
  "device": "cuda",
  "gpu": "NVIDIA GeForce RTX 5070 Ti",
  "training_seconds": 4.7877583999652416,
  "peak_gpu_memory_bytes": 80268800,
  "readout": "differentiable_closed_form_ridge",
  "hyperparameters": {
    "ca_lr": 0.001,
    "ridge": 0.1,
    "ca_l2": 1e-05,
    "gradient_clip": 2.0
  }
}
