{"device": "cuda", "gpu": "NVIDIA GeForce RTX 5070 Ti", "pytorch": "2.11.0+cu128", "pytorch_cuda": "12.8"}
{"epoch": 1, "train_rmse": 1.0459029747611783, "validation_rmse": 0.9228432178497314, "mean_raw_gradient_norm": 6.107856565906156, "fraction_gradients_clipped": 1.0}
{"epoch": 2, "train_rmse": 1.0165480377337996, "validation_rmse": 0.9231357574462891, "mean_raw_gradient_norm": 5.307230107245907, "fraction_gradients_clipped": 1.0}
{"epoch": 3, "train_rmse": 1.001341471504004, "validation_rmse": 0.915673553943634, "mean_raw_gradient_norm": 5.112863179176085, "fraction_gradients_clipped": 1.0}
{"epoch": 4, "train_rmse": 1.0643615729841176, "validation_rmse": 0.91532301902771, "mean_raw_gradient_norm": 5.903828574765113, "fraction_gradients_clipped": 1.0}
{"epoch": 5, "train_rmse": 1.015953243525228, "validation_rmse": 0.9059162139892578, "mean_raw_gradient_norm": 4.27103461757783, "fraction_gradients_clipped": 1.0}
{"epoch": 6, "train_rmse": 0.9992536230125649, "validation_rmse": 0.9051015973091125, "mean_raw_gradient_norm": 4.938769548170028, "fraction_gradients_clipped": 1.0}
{"epoch": 7, "train_rmse": 1.020921988368842, "validation_rmse": 0.9061239957809448, "mean_raw_gradient_norm": 4.785052595600005, "fraction_gradients_clipped": 1.0}
{"epoch": 8, "train_rmse": 1.0666224736914278, "validation_rmse": 0.9008713364601135, "mean_raw_gradient_norm": 6.520661661701817, "fraction_gradients_clipped": 1.0}
{"epoch": 9, "train_rmse": 0.9860860197640041, "validation_rmse": 0.8999224901199341, "mean_raw_gradient_norm": 4.801582828644784, "fraction_gradients_clipped": 1.0}
{"epoch": 10, "train_rmse": 0.9827384225369068, "validation_rmse": 0.900770366191864, "mean_raw_gradient_norm": 4.9557292422940655, "fraction_gradients_clipped": 1.0}
{
  "seed": 1701,
  "best_validation_rmse": 0.9008713364601135,
  "restored_fit_rmse": 0.8268394470214844,
  "restored_validation_rmse": 0.9008616805076599,
  "epochs_run": 10,
  "fit_observations": 5216,
  "validation_observations": 1309,
  "rule": "gated_residual",
  "generations": 64,
  "hidden_channels": 8,
  "device": "cuda",
  "gpu": "NVIDIA GeForce RTX 5070 Ti",
  "training_seconds": 92.48302089993376,
  "peak_gpu_memory_bytes": 233371648,
  "readout": "differentiable_closed_form_ridge",
  "hyperparameters": {
    "ca_lr": 0.003,
    "ridge": 0.01,
    "ca_l2": 0.0001,
    "gradient_clip": 1.0,
    "update_scale": 0.4,
    "init_scale": 1.5,
    "initial_noise": 0.0,
    "support_fraction": 0.75,
    "bond_temperature": 0.5,
    "dyn_a": 0.2,
    "dyn_b": 0.8,
    "dyn_c": 0.5,
    "dyn_d": 0.05,
    "lr_schedule": "cosine_0.1x"
  }
}
