{"device": "cuda", "gpu": "NVIDIA GeForce RTX 5070 Ti", "pytorch": "2.11.0+cu128", "pytorch_cuda": "12.8"}
{"epoch": 1, "train_rmse": 1.516670337822507, "validation_rmse": 0.9796376824378967, "mean_raw_gradient_norm": 103.78913230895996, "fraction_gradients_clipped": 1.0}
{"epoch": 2, "train_rmse": 1.8933292384961868, "validation_rmse": 0.9828007221221924, "mean_raw_gradient_norm": 181.17877273559571, "fraction_gradients_clipped": 1.0}
{"epoch": 3, "train_rmse": 1.696158053294087, "validation_rmse": 0.9835690855979919, "mean_raw_gradient_norm": 121.52376098632813, "fraction_gradients_clipped": 1.0}
{
  "seed": 1701,
  "best_validation_rmse": 0.9796376824378967,
  "restored_fit_rmse": 0.8357139229774475,
  "restored_validation_rmse": 0.9795801639556885,
  "epochs_run": 3,
  "fit_observations": 791,
  "validation_observations": 273,
  "rule": "coupled_map",
  "generations": 125,
  "hidden_channels": 16,
  "device": "cuda",
  "gpu": "NVIDIA GeForce RTX 5070 Ti",
  "training_seconds": 12.58084020006936,
  "peak_gpu_memory_bytes": 389346816,
  "readout": "differentiable_closed_form_ridge",
  "hyperparameters": {
    "ca_lr": 0.0003,
    "ridge": 0.1,
    "ca_l2": 0.0001,
    "gradient_clip": 0.5,
    "update_scale": 0.4,
    "init_scale": 1.5,
    "initial_noise": 0.0,
    "support_fraction": 0.85,
    "bond_temperature": 1.0,
    "dyn_a": 0.5,
    "dyn_b": 0.2,
    "dyn_c": 0.8,
    "dyn_d": 0.15,
    "lr_schedule": "cosine_0.1x"
  }
}
