{"operating_system": "macOS-26.2-arm64-arm-64bit", "machine": "arm64", "python": "3.10.19", "python_executable": "/opt/anaconda3/envs/kcc2/bin/python3.10", "pytorch": "2.8.0", "pytorch_cuda": null, "device": "cpu", "gpu": null}
{"epoch": 1, "train_rmse": 5.462860395543692, "validation_rmse": 0.9503843784332275, "mean_raw_gradient_norm": 1490.6363256708269, "fraction_gradients_clipped": 1.0}
{"epoch": 2, "train_rmse": 1.3226566353159215, "validation_rmse": 0.9281380772590637, "mean_raw_gradient_norm": 26.571276095605665, "fraction_gradients_clipped": 1.0}
{"epoch": 3, "train_rmse": 1.3696174055054988, "validation_rmse": 0.92926424741745, "mean_raw_gradient_norm": 25.363914316700352, "fraction_gradients_clipped": 1.0}
{"epoch": 4, "train_rmse": 6.294524036397971, "validation_rmse": 0.9429219365119934, "mean_raw_gradient_norm": 2274.334846135109, "fraction_gradients_clipped": 1.0}
{"epoch": 5, "train_rmse": 1.2961718986881217, "validation_rmse": 0.920333206653595, "mean_raw_gradient_norm": 20.936109412101008, "fraction_gradients_clipped": 1.0}
{"epoch": 6, "train_rmse": 1.2632627118770499, "validation_rmse": 0.9265581965446472, "mean_raw_gradient_norm": 13.57383684189089, "fraction_gradients_clipped": 1.0}
{"epoch": 7, "train_rmse": 1.2083762144917136, "validation_rmse": 0.9358019828796387, "mean_raw_gradient_norm": 12.730107080551885, "fraction_gradients_clipped": 1.0}
{"epoch": 8, "train_rmse": 12.127953745601214, "validation_rmse": 0.9312710165977478, "mean_raw_gradient_norm": 7743.089744798599, "fraction_gradients_clipped": 1.0}
{"epoch": 9, "train_rmse": 4.131851870709249, "validation_rmse": 0.9326431751251221, "mean_raw_gradient_norm": 430.81204833907464, "fraction_gradients_clipped": 1.0}
{
  "seed": 1701,
  "best_validation_rmse": 0.920333206653595,
  "restored_fit_rmse": 0.8767278790473938,
  "restored_validation_rmse": 0.920333206653595,
  "epochs_run": 9,
  "fit_observations": 5216,
  "validation_observations": 1309,
  "rule": "kuramoto_sakaguchi",
  "generations": 64,
  "hidden_channels": 8,
  "device": "cpu",
  "gpu": null,
  "training_seconds": 191.07356412499212,
  "peak_gpu_memory_bytes": 0,
  "runtime": {
    "operating_system": "macOS-26.2-arm64-arm-64bit",
    "machine": "arm64",
    "python": "3.10.19",
    "python_executable": "/opt/anaconda3/envs/kcc2/bin/python3.10",
    "pytorch": "2.8.0",
    "pytorch_cuda": null,
    "device": "cpu",
    "gpu": null
  },
  "readout": "differentiable_closed_form_ridge",
  "hyperparameters": {
    "ca_lr": 0.001,
    "ridge": 0.1,
    "ca_l2": 1e-05,
    "gradient_clip": 1.0,
    "update_scale": 0.25,
    "init_scale": 1.0,
    "initial_noise": 0.0,
    "support_fraction": 0.75,
    "bond_temperature": 1.0,
    "dyn_a": 0.5,
    "dyn_b": 0.5,
    "dyn_c": 0.5,
    "dyn_d": 0.2,
    "lr_schedule": "cosine_0.1x"
  }
}
