{"operating_system": "Windows-10-10.0.26200-SP0", "machine": "AMD64", "python": "3.11.16", "python_executable": "C:\\Users\\Anthony\\anaconda3\\envs\\strange-matter-gpu\\python.exe", "pytorch": "2.11.0+cu128", "pytorch_cuda": "12.8", "device": "cuda", "gpu": "NVIDIA GeForce RTX 5070 Ti"}
{"epoch": 1, "train_rmse": 0.9579121312227192, "validation_rmse": 0.9060201644897461, "validation_ma_st_rae": 0.9153387537802137, "validation_CYP1A2_st_rae": 0.8995801490154346, "validation_CYP2C9_st_rae": 0.9599568829257022, "validation_CYP2D6_st_rae": 0.9935841496110485, "validation_CYP3A4_st_rae": 0.8082338335686691, "mean_raw_gradient_norm": 9.42346465587616, "fraction_gradients_clipped": 1.0}
{"epoch": 2, "train_rmse": 1.0444424184234633, "validation_rmse": 0.9186934232711792, "validation_ma_st_rae": 0.9089269772613758, "validation_CYP1A2_st_rae": 0.9116950179660401, "validation_CYP2C9_st_rae": 0.8824389419142502, "validation_CYP2D6_st_rae": 0.9986378154354566, "validation_CYP3A4_st_rae": 0.8429361337297565, "mean_raw_gradient_norm": 14.376569345593452, "fraction_gradients_clipped": 1.0}
{"epoch": 3, "train_rmse": 0.993528274832678, "validation_rmse": 0.9256367087364197, "validation_ma_st_rae": 0.9113074232837957, "validation_CYP1A2_st_rae": 0.9151357248362512, "validation_CYP2C9_st_rae": 0.8699015537179808, "validation_CYP2D6_st_rae": 1.0167747054632086, "validation_CYP3A4_st_rae": 0.8434177091177422, "mean_raw_gradient_norm": 9.509119659662247, "fraction_gradients_clipped": 1.0}
{"epoch": 4, "train_rmse": 1.0957706050738594, "validation_rmse": 0.9244211912155151, "validation_ma_st_rae": 0.9124766492989375, "validation_CYP1A2_st_rae": 0.9438528134201807, "validation_CYP2C9_st_rae": 0.8979252261511681, "validation_CYP2D6_st_rae": 0.9911184028225367, "validation_CYP3A4_st_rae": 0.8170101548018646, "mean_raw_gradient_norm": 14.83429579436779, "fraction_gradients_clipped": 1.0}
{"epoch": 5, "train_rmse": 1.0335214169592921, "validation_rmse": 0.9241297841072083, "validation_ma_st_rae": 0.9114416537848007, "validation_CYP1A2_st_rae": 0.9359138135898065, "validation_CYP2C9_st_rae": 0.8983540878195665, "validation_CYP2D6_st_rae": 0.9999595124831268, "validation_CYP3A4_st_rae": 0.811539201246703, "mean_raw_gradient_norm": 7.364867240190506, "fraction_gradients_clipped": 1.0}
{
  "seed": 1701,
  "selection_metric": "validation_ma_st_rae",
  "best_validation_ma_st_rae": 0.9089269772613758,
  "best_validation_rmse": 0.9186934232711792,
  "restored_fit_rmse": 0.9142764806747437,
  "restored_validation_rmse": 0.9186931848526001,
  "restored_fit_ma_st_rae": 0.9234433990750673,
  "restored_validation_ma_st_rae": 0.9138993533589178,
  "restored_validation_point_ma_st_rae": 0.9089257726109161,
  "restored_validation_point_st_rae_by_cyp": {
    "CYP1A2": 0.911694748552126,
    "CYP2C9": 0.8824369438547575,
    "CYP2D6": 0.9986341969724541,
    "CYP3A4": 0.8429372010643271
  },
  "restored_fit_st_rae_by_cyp": {
    "CYP1A2": 0.9753931470938346,
    "CYP2C9": 0.8457282771463787,
    "CYP2D6": 1.028450748775503,
    "CYP3A4": 0.8442014232845532
  },
  "restored_validation_st_rae_by_cyp": {
    "CYP1A2": 0.9144304684263583,
    "CYP2C9": 0.8900086091057127,
    "CYP2D6": 1.0042923629887182,
    "CYP3A4": 0.8468659729148822
  },
  "validation_bootstrap_metrics": {
    "n_bootstrap_samples": 1000,
    "seed": 0,
    "macro": {
      "st_rae": {
        "mean": 0.9138993533589178,
        "ci_low": 0.8623447360382428,
        "ci_high": 0.9656122379255471
      },
      "mae": {
        "mean": 0.6677310436534123,
        "ci_low": 0.6231934430740135,
        "ci_high": 0.7144523786841451
      },
      "r2": {
        "mean": 0.10364648484260022,
        "ci_low": 0.044258404130720824,
        "ci_high": 0.1556461848577511
      },
      "spearman_rho": {
        "mean": 0.35437505717782325,
        "ci_low": 0.2872691624354947,
        "ci_high": 0.42098555296211615
      },
      "kendall_tau": {
        "mean": 0.2413531306993678,
        "ci_low": 0.19559727517123426,
        "ci_high": 0.2881615051682951
      }
    },
    "per_endpoint": {
      "CYP1A2": {
        "st_rae": {
          "mean": 0.9144304684263583,
          "ci_low": 0.810195436823422,
          "ci_high": 1.034865475889533
        },
        "mae": {
          "mean": 0.7614275288800649,
          "ci_low": 0.6494570563299746,
          "ci_high": 0.8745397219929514
        },
        "r2": {
          "mean": 0.07281775567023265,
          "ci_low": -0.07933073914352877,
          "ci_high": 0.18270721492979983
        },
        "spearman_rho": {
          "mean": 0.3471819260518813,
          "ci_low": 0.20396257192241976,
          "ci_high": 0.4790329259271576
        },
        "kendall_tau": {
          "mean": 0.23998807001287842,
          "ci_low": 0.14318253620033053,
          "ci_high": 0.33356582490827624
        }
      },
      "CYP2C9": {
        "st_rae": {
          "mean": 0.8900086091057127,
          "ci_low": 0.780635107111912,
          "ci_high": 1.008470069958217
        },
        "mae": {
          "mean": 0.5035240319244196,
          "ci_low": 0.4351024123977442,
          "ci_high": 0.5760860339051387
        },
        "r2": {
          "mean": 0.1519856857631792,
          "ci_low": 0.04138567832680854,
          "ci_high": 0.25066365855979356
        },
        "spearman_rho": {
          "mean": 0.3824496109492396,
          "ci_low": 0.2424793461615722,
          "ci_high": 0.5158172289684817
        },
        "kendall_tau": {
          "mean": 0.2581202089513998,
          "ci_low": 0.15939832214167393,
          "ci_high": 0.35675940099183007
        }
      },
      "CYP2D6": {
        "st_rae": {
          "mean": 1.0042923629887182,
          "ci_low": 0.9093369662839187,
          "ci_high": 1.11075039596604
        },
        "mae": {
          "mean": 0.6459323098727152,
          "ci_low": 0.5383474828503656,
          "ci_high": 0.7593148238692723
        },
        "r2": {
          "mean": -0.008151567477952086,
          "ci_low": -0.12463003787622587,
          "ci_high": 0.09778201842984406
        },
        "spearman_rho": {
          "mean": 0.21905399912498855,
          "ci_low": 0.05884925803469701,
          "ci_high": 0.3779511943828135
        },
        "kendall_tau": {
          "mean": 0.14308515398995744,
          "ci_low": 0.03268215853501742,
          "ci_high": 0.2550844193765835
        }
      },
      "CYP3A4": {
        "st_rae": {
          "mean": 0.8468659729148822,
          "ci_low": 0.7692684890026031,
          "ci_high": 0.9324538758511924
        },
        "mae": {
          "mean": 0.7600403039364492,
          "ci_low": 0.6916146613026068,
          "ci_high": 0.8327223105450808
        },
        "r2": {
          "mean": 0.19793406541494118,
          "ci_low": 0.09412372019130053,
          "ci_high": 0.2889966941338336
        },
        "spearman_rho": {
          "mean": 0.4688146925851836,
          "ci_low": 0.36008353571604557,
          "ci_high": 0.5760175329690943
        },
        "kendall_tau": {
          "mean": 0.3242190898432355,
          "ci_low": 0.24541706060796056,
          "ci_high": 0.40386847025061223
        }
      }
    }
  },
  "epochs_run": 5,
  "fit_observations": 2636,
  "validation_observations": 657,
  "rule": "fitzhugh_nagumo",
  "generations": 32,
  "hidden_channels": 4,
  "atom_feature_profile": "periodic_valence",
  "atom_feature_count": 38,
  "atom_feature_names": [
    "element_H",
    "element_C",
    "element_N",
    "element_O",
    "element_F",
    "element_P",
    "element_S",
    "element_Cl",
    "element_Br",
    "element_I",
    "element_other",
    "formal_charge",
    "aromatic",
    "hybrid_sp",
    "hybrid_sp2",
    "hybrid_sp3",
    "hybrid_other",
    "degree",
    "total_hydrogens",
    "in_ring",
    "hbond_donor",
    "hbond_acceptor",
    "chiral_cw",
    "chiral_ccw",
    "chiral_other",
    "atomic_number",
    "atomic_mass",
    "covalent_radius",
    "vdw_radius",
    "outer_electrons",
    "period",
    "periodic_group",
    "atomic_volume",
    "total_valence",
    "implicit_valence",
    "heavy_atom_degree",
    "radical_electrons",
    "absolute_formal_charge"
  ],
  "device": "cuda",
  "gpu": "NVIDIA GeForce RTX 5070 Ti",
  "training_seconds": 19.36441610008478,
  "peak_gpu_memory_bytes": 57768960,
  "runtime": {
    "operating_system": "Windows-10-10.0.26200-SP0",
    "machine": "AMD64",
    "python": "3.11.16",
    "python_executable": "C:\\Users\\Anthony\\anaconda3\\envs\\strange-matter-gpu\\python.exe",
    "pytorch": "2.11.0+cu128",
    "pytorch_cuda": "12.8",
    "device": "cuda",
    "gpu": "NVIDIA GeForce RTX 5070 Ti"
  },
  "validation_protocol": {
    "kind": "scaffold_cross_validation",
    "fold": 2,
    "folds": 5
  },
  "readout": "differentiable_closed_form_ridge",
  "prediction_mode": "direct",
  "residual_alpha": null,
  "trajectory_pooling": "legacy",
  "ridge_mode": "shared",
  "loss_mode": "hybrid_interval",
  "interval_loss_beta": 0.5,
  "interval_temperature": 0.05,
  "hyperparameters": {
    "ca_lr": 0.003,
    "ridge": 0.1,
    "ca_l2": 0.0001,
    "gradient_clip": 2.0,
    "update_scale": 0.15,
    "init_scale": 1.5,
    "initial_noise": 0.01,
    "support_fraction": 0.85,
    "bond_temperature": 1.0,
    "dyn_a": 0.2,
    "dyn_b": 0.5,
    "dyn_c": 0.8,
    "dyn_d": 0.3,
    "lr_schedule": "cosine_0.1x"
  }
}
