{"device": "cuda", "gpu": "NVIDIA GeForce RTX 5070 Ti", "pytorch": "2.11.0+cu128", "pytorch_cuda": "12.8"}
{"epoch": 1, "train_rmse": 1.178830862469059, "validation_rmse": 1.0378320217132568, "mean_raw_gradient_norm": 53.59399356842041, "fraction_gradients_clipped": 1.0}
{"epoch": 2, "train_rmse": 1.1627041709199752, "validation_rmse": 1.0343910455703735, "mean_raw_gradient_norm": 31.967572975158692, "fraction_gradients_clipped": 1.0}
{"epoch": 3, "train_rmse": 1.1643128067268527, "validation_rmse": 1.025234341621399, "mean_raw_gradient_norm": 23.017106819152833, "fraction_gradients_clipped": 1.0}
{
  "seed": 1701,
  "best_validation_rmse": 1.025234341621399,
  "restored_fit_rmse": 0.9037676453590393,
  "restored_validation_rmse": 1.0252385139465332,
  "epochs_run": 3,
  "fit_observations": 791,
  "validation_observations": 273,
  "rule": "inertial_reaction_diffusion",
  "generations": 500,
  "hidden_channels": 8,
  "device": "cuda",
  "gpu": "NVIDIA GeForce RTX 5070 Ti",
  "training_seconds": 27.101872400031425,
  "peak_gpu_memory_bytes": 926383616,
  "readout": "differentiable_closed_form_ridge",
  "hyperparameters": {
    "ca_lr": 0.001,
    "ridge": 0.01,
    "ca_l2": 0.0001,
    "gradient_clip": 2.0
  }
}
