{"device": "cuda", "gpu": "NVIDIA GeForce RTX 5070 Ti", "pytorch": "2.11.0+cu128", "pytorch_cuda": "12.8"}
{"epoch": 1, "train_rmse": 0.9639536471055866, "validation_rmse": 1.0165011882781982, "mean_raw_gradient_norm": 3.6217820048332214, "fraction_gradients_clipped": 1.0}
{"epoch": 2, "train_rmse": 1.0503055880703656, "validation_rmse": 1.0156879425048828, "mean_raw_gradient_norm": 4.71935772895813, "fraction_gradients_clipped": 1.0}
{"epoch": 3, "train_rmse": 1.0691462327144152, "validation_rmse": 1.014816403388977, "mean_raw_gradient_norm": 4.5838095307350155, "fraction_gradients_clipped": 1.0}
{
  "seed": 1701,
  "best_validation_rmse": 1.0165011882781982,
  "restored_fit_rmse": 0.9259415864944458,
  "restored_validation_rmse": 1.0165002346038818,
  "epochs_run": 3,
  "fit_observations": 791,
  "validation_observations": 273,
  "rule": "gated_residual",
  "generations": 16,
  "hidden_channels": 4,
  "device": "cuda",
  "gpu": "NVIDIA GeForce RTX 5070 Ti",
  "training_seconds": 2.9693589000962675,
  "peak_gpu_memory_bytes": 34585600,
  "readout": "differentiable_closed_form_ridge",
  "hyperparameters": {
    "ca_lr": 0.001,
    "ridge": 1.0,
    "ca_l2": 1e-05,
    "gradient_clip": 1.0,
    "update_scale": 0.25,
    "init_scale": 0.5,
    "initial_noise": 0.0,
    "support_fraction": 0.85,
    "bond_temperature": 0.5,
    "dyn_a": 0.2,
    "dyn_b": 0.2,
    "dyn_c": 0.5,
    "dyn_d": 0.3,
    "lr_schedule": "cosine_0.1x"
  }
}
