{"operating_system": "macOS-26.2-arm64-arm-64bit", "machine": "arm64", "python": "3.10.19", "python_executable": "/opt/anaconda3/envs/kcc2/bin/python3.10", "pytorch": "2.8.0", "pytorch_cuda": null, "device": "cpu", "gpu": null}
{"epoch": 1, "train_rmse": 1.365845594143727, "validation_rmse": 0.9632669687271118, "mean_raw_gradient_norm": 40.461704552173615, "fraction_gradients_clipped": 1.0}
{"epoch": 2, "train_rmse": 1.2343676216774144, "validation_rmse": 0.9623267650604248, "mean_raw_gradient_norm": 27.63319092988968, "fraction_gradients_clipped": 1.0}
{"epoch": 3, "train_rmse": 1.474362021514541, "validation_rmse": 0.9631121158599854, "mean_raw_gradient_norm": 45.10210424661636, "fraction_gradients_clipped": 1.0}
{"epoch": 4, "train_rmse": 1.2960307601093397, "validation_rmse": 0.9622767567634583, "mean_raw_gradient_norm": 36.55982834100723, "fraction_gradients_clipped": 1.0}
{
  "seed": 1701,
  "best_validation_rmse": 0.9632669687271118,
  "restored_fit_rmse": 0.8760219216346741,
  "restored_validation_rmse": 0.9632669687271118,
  "epochs_run": 4,
  "fit_observations": 2643,
  "validation_observations": 670,
  "rule": "fitzhugh_nagumo",
  "generations": 16,
  "hidden_channels": 16,
  "device": "cpu",
  "gpu": null,
  "training_seconds": 13.254591041011736,
  "peak_gpu_memory_bytes": 0,
  "runtime": {
    "operating_system": "macOS-26.2-arm64-arm-64bit",
    "machine": "arm64",
    "python": "3.10.19",
    "python_executable": "/opt/anaconda3/envs/kcc2/bin/python3.10",
    "pytorch": "2.8.0",
    "pytorch_cuda": null,
    "device": "cpu",
    "gpu": null
  },
  "readout": "differentiable_closed_form_ridge",
  "hyperparameters": {
    "ca_lr": 0.0003,
    "ridge": 0.1,
    "ca_l2": 0.0001,
    "gradient_clip": 1.0,
    "update_scale": 0.25,
    "init_scale": 0.5,
    "initial_noise": 0.01,
    "support_fraction": 0.6,
    "bond_temperature": 2.0,
    "dyn_a": 0.5,
    "dyn_b": 0.8,
    "dyn_c": 0.8,
    "dyn_d": 0.3,
    "lr_schedule": "cosine_0.1x"
  }
}
