{"operating_system": "Windows-10-10.0.26200-SP0", "machine": "AMD64", "python": "3.11.16", "python_executable": "C:\\Users\\Anthony\\anaconda3\\envs\\strange-matter-gpu\\python.exe", "pytorch": "2.11.0+cu128", "pytorch_cuda": "12.8", "device": "cuda", "gpu": "NVIDIA GeForce RTX 5070 Ti"}
{"epoch": 1, "train_rmse": 1.1616873826653615, "validation_rmse": 0.9026328921318054, "validation_ma_st_rae": 0.8993240678137593, "validation_CYP1A2_st_rae": 0.9603013721851349, "validation_CYP2C9_st_rae": 0.7783708508056167, "validation_CYP2D6_st_rae": 1.0689284865472297, "validation_CYP3A4_st_rae": 0.7896955617170561, "mean_raw_gradient_norm": 9.18146732946237, "fraction_gradients_clipped": 1.0}
{"epoch": 2, "train_rmse": 1.1113498679915432, "validation_rmse": 0.9035468697547913, "validation_ma_st_rae": 0.9007654651369458, "validation_CYP1A2_st_rae": 0.9629773843340789, "validation_CYP2C9_st_rae": 0.7823990317514634, "validation_CYP2D6_st_rae": 1.0669138566453584, "validation_CYP3A4_st_rae": 0.7907715878168822, "mean_raw_gradient_norm": 9.527973676721254, "fraction_gradients_clipped": 1.0}
{"epoch": 3, "train_rmse": 1.092175513969525, "validation_rmse": 0.9032534956932068, "validation_ma_st_rae": 0.9013780537565151, "validation_CYP1A2_st_rae": 0.9620888091114397, "validation_CYP2C9_st_rae": 0.7888720167496418, "validation_CYP2D6_st_rae": 1.061432115871124, "validation_CYP3A4_st_rae": 0.7931192732938553, "mean_raw_gradient_norm": 9.007692992687225, "fraction_gradients_clipped": 1.0}
{"epoch": 4, "train_rmse": 1.0649497284746998, "validation_rmse": 0.9023612141609192, "validation_ma_st_rae": 0.9005649996104795, "validation_CYP1A2_st_rae": 0.959921702702072, "validation_CYP2C9_st_rae": 0.7904713010058777, "validation_CYP2D6_st_rae": 1.0595620341413443, "validation_CYP3A4_st_rae": 0.7923049605926243, "mean_raw_gradient_norm": 8.82998639345169, "fraction_gradients_clipped": 1.0}
{
  "seed": 1701,
  "selection_metric": "validation_ma_st_rae",
  "best_validation_ma_st_rae": 0.8993240678137593,
  "best_validation_rmse": 0.9026328921318054,
  "restored_fit_rmse": 0.8357775807380676,
  "restored_validation_rmse": 0.9026299715042114,
  "restored_fit_ma_st_rae": 0.8428182588984303,
  "restored_validation_ma_st_rae": 0.9017621351150967,
  "restored_validation_point_ma_st_rae": 0.8993240859062192,
  "restored_validation_point_st_rae_by_cyp": {
    "CYP1A2": 0.9603050834260891,
    "CYP2C9": 0.7783776210717903,
    "CYP2D6": 1.0689223168959414,
    "CYP3A4": 0.7896913222310561
  },
  "restored_fit_st_rae_by_cyp": {
    "CYP1A2": 0.8618564705876611,
    "CYP2C9": 0.7942218760796268,
    "CYP2D6": 0.9875188910644737,
    "CYP3A4": 0.7276757978619598
  },
  "restored_validation_st_rae_by_cyp": {
    "CYP1A2": 0.9618587102847148,
    "CYP2C9": 0.7828771160059917,
    "CYP2D6": 1.0702683780403028,
    "CYP3A4": 0.7920443361293774
  },
  "validation_bootstrap_metrics": {
    "n_bootstrap_samples": 1000,
    "seed": 0,
    "macro": {
      "st_rae": {
        "mean": 0.9017621351150967,
        "ci_low": 0.8566526668959287,
        "ci_high": 0.9483756991928647
      },
      "mae": {
        "mean": 0.6694419567722801,
        "ci_low": 0.6318142569499685,
        "ci_high": 0.7067346752359394
      },
      "r2": {
        "mean": 0.1488768901640588,
        "ci_low": 0.09808056702680604,
        "ci_high": 0.19535047864675723
      },
      "spearman_rho": {
        "mean": 0.38816247847731955,
        "ci_low": 0.33412810727253256,
        "ci_high": 0.4375254602622518
      },
      "kendall_tau": {
        "mean": 0.2705673368246222,
        "ci_low": 0.23232242091839725,
        "ci_high": 0.30621205756231173
      }
    },
    "per_endpoint": {
      "CYP1A2": {
        "st_rae": {
          "mean": 0.9618587102847148,
          "ci_low": 0.8526465543088704,
          "ci_high": 1.0829778178421474
        },
        "mae": {
          "mean": 0.7025711560512076,
          "ci_low": 0.6249254614479688,
          "ci_high": 0.7787761772895345
        },
        "r2": {
          "mean": 0.13101379481698766,
          "ci_low": 0.016381620619376144,
          "ci_high": 0.2285722025201901
        },
        "spearman_rho": {
          "mean": 0.375188387902359,
          "ci_low": 0.25442042514710067,
          "ci_high": 0.48567354355595826
        },
        "kendall_tau": {
          "mean": 0.2585227827038088,
          "ci_low": 0.1740189507605416,
          "ci_high": 0.3356523035760196
        }
      },
      "CYP2C9": {
        "st_rae": {
          "mean": 0.7828771160059917,
          "ci_low": 0.6850825257640211,
          "ci_high": 0.8834501297902468
        },
        "mae": {
          "mean": 0.5655145686927594,
          "ci_low": 0.505300489590879,
          "ci_high": 0.6295941799094803
        },
        "r2": {
          "mean": 0.21263103748364398,
          "ci_low": 0.10155165141419535,
          "ci_high": 0.3118410185105005
        },
        "spearman_rho": {
          "mean": 0.47770828607118415,
          "ci_low": 0.36187267800290174,
          "ci_high": 0.5888245038634152
        },
        "kendall_tau": {
          "mean": 0.3398848415547868,
          "ci_low": 0.2533921525368101,
          "ci_high": 0.42478072698165564
        }
      },
      "CYP2D6": {
        "st_rae": {
          "mean": 1.0702683780403028,
          "ci_low": 0.9900815656585188,
          "ci_high": 1.1575517346040893
        },
        "mae": {
          "mean": 0.6701482488685074,
          "ci_low": 0.5862718459203153,
          "ci_high": 0.7576982436444469
        },
        "r2": {
          "mean": -0.036273955616488975,
          "ci_low": -0.1466469824387714,
          "ci_high": 0.061516580529208456
        },
        "spearman_rho": {
          "mean": 0.15046643723186642,
          "ci_low": 0.02386166650886508,
          "ci_high": 0.2760604561713822
        },
        "kendall_tau": {
          "mean": 0.10231567609581817,
          "ci_low": 0.013511029393547166,
          "ci_high": 0.18847062418224217
        }
      },
      "CYP3A4": {
        "st_rae": {
          "mean": 0.7920443361293774,
          "ci_low": 0.7219250320953595,
          "ci_high": 0.8646775603155401
        },
        "mae": {
          "mean": 0.7395338534766464,
          "ci_low": 0.6871045323486011,
          "ci_high": 0.7902380979809716
        },
        "r2": {
          "mean": 0.2881366839720926,
          "ci_low": 0.22347603525416812,
          "ci_high": 0.34577548195852953
        },
        "spearman_rho": {
          "mean": 0.5492868027038688,
          "ci_low": 0.4828292867260594,
          "ci_high": 0.6131123986600888
        },
        "kendall_tau": {
          "mean": 0.3815460469440751,
          "ci_low": 0.3296970836298936,
          "ci_high": 0.43155646281382065
        }
      }
    }
  },
  "epochs_run": 4,
  "fit_observations": 4082,
  "validation_observations": 1134,
  "rule": "gated_residual",
  "generations": 16,
  "hidden_channels": 16,
  "atom_feature_profile": "local_environment",
  "atom_feature_count": 29,
  "atom_feature_names": [
    "element_H",
    "element_C",
    "element_N",
    "element_O",
    "element_F",
    "element_P",
    "element_S",
    "element_Cl",
    "element_Br",
    "element_I",
    "element_other",
    "formal_charge",
    "aromatic",
    "hybrid_sp",
    "hybrid_sp2",
    "hybrid_sp3",
    "hybrid_other",
    "degree",
    "total_hydrogens",
    "in_ring",
    "hbond_donor",
    "hbond_acceptor",
    "chiral_cw",
    "chiral_ccw",
    "chiral_other",
    "mean_neighbour_electronegativity",
    "electronegativity_difference",
    "mean_neighbour_atomic_number",
    "neighbour_formal_charge"
  ],
  "device": "cuda",
  "gpu": "NVIDIA GeForce RTX 5070 Ti",
  "training_seconds": 16.625865999958478,
  "peak_gpu_memory_bytes": 71078912,
  "runtime": {
    "operating_system": "Windows-10-10.0.26200-SP0",
    "machine": "AMD64",
    "python": "3.11.16",
    "python_executable": "C:\\Users\\Anthony\\anaconda3\\envs\\strange-matter-gpu\\python.exe",
    "pytorch": "2.11.0+cu128",
    "pytorch_cuda": "12.8",
    "device": "cuda",
    "gpu": "NVIDIA GeForce RTX 5070 Ti"
  },
  "validation_protocol": {
    "kind": "scaffold_cross_validation",
    "fold": 4,
    "folds": 5
  },
  "readout": "differentiable_closed_form_ridge",
  "hyperparameters": {
    "ca_lr": 0.0003,
    "ridge": 1.0,
    "ca_l2": 0.0001,
    "gradient_clip": 1.0,
    "update_scale": 0.4,
    "init_scale": 1.0,
    "initial_noise": 0.0,
    "support_fraction": 0.85,
    "bond_temperature": 1.0,
    "dyn_a": 0.2,
    "dyn_b": 0.5,
    "dyn_c": 0.2,
    "dyn_d": 0.3,
    "lr_schedule": "cosine_0.1x"
  }
}
