{"device": "cuda", "gpu": "NVIDIA GeForce RTX 5070 Ti", "pytorch": "2.11.0+cu128", "pytorch_cuda": "12.8"}
{"epoch": 1, "train_rmse": 1.0370268549071044, "validation_rmse": 1.0093885660171509, "mean_raw_gradient_norm": 5.592380619049072, "fraction_gradients_clipped": 0.8}
{"epoch": 2, "train_rmse": 1.1120092338171772, "validation_rmse": 1.009097933769226, "mean_raw_gradient_norm": 4.7774544835090635, "fraction_gradients_clipped": 0.9}
{"epoch": 3, "train_rmse": 1.0606690330488375, "validation_rmse": 1.0083165168762207, "mean_raw_gradient_norm": 4.840751826763153, "fraction_gradients_clipped": 0.8}
{
  "seed": 1701,
  "best_validation_rmse": 1.0093885660171509,
  "restored_fit_rmse": 0.9405723214149475,
  "restored_validation_rmse": 1.0093879699707031,
  "epochs_run": 3,
  "fit_observations": 791,
  "validation_observations": 273,
  "rule": "inertial_reaction_diffusion",
  "generations": 16,
  "hidden_channels": 4,
  "device": "cuda",
  "gpu": "NVIDIA GeForce RTX 5070 Ti",
  "training_seconds": 2.7361735000740737,
  "peak_gpu_memory_bytes": 27407872,
  "readout": "differentiable_closed_form_ridge",
  "hyperparameters": {
    "ca_lr": 0.001,
    "ridge": 1.0,
    "ca_l2": 1e-06,
    "gradient_clip": 2.0
  }
}
