{"operating_system": "Windows-10-10.0.26200-SP0", "machine": "AMD64", "python": "3.11.16", "python_executable": "C:\\Users\\Anthony\\anaconda3\\envs\\strange-matter-gpu\\python.exe", "pytorch": "2.11.0+cu128", "pytorch_cuda": "12.8", "device": "cuda", "gpu": "NVIDIA GeForce RTX 5070 Ti"}
{"epoch": 1, "train_rmse": 0.9998685002856653, "validation_rmse": 0.8757399320602417, "validation_ma_st_rae": 0.9769652586665442, "validation_CYP1A2_st_rae": 0.9727080132278096, "validation_CYP2C9_st_rae": 0.9142605329806975, "validation_CYP2D6_st_rae": 1.1516343428593372, "validation_CYP3A4_st_rae": 0.8692581455983323, "mean_raw_gradient_norm": 3.9103989124298097, "fraction_gradients_clipped": 1.0}
{"epoch": 2, "train_rmse": 1.088037988955016, "validation_rmse": 0.8736459016799927, "validation_ma_st_rae": 0.9768797455040448, "validation_CYP1A2_st_rae": 0.9730779845088384, "validation_CYP2C9_st_rae": 0.9002309097837958, "validation_CYP2D6_st_rae": 1.1521515998897682, "validation_CYP3A4_st_rae": 0.8820584878337766, "mean_raw_gradient_norm": 5.143856620788574, "fraction_gradients_clipped": 1.0}
{"epoch": 3, "train_rmse": 1.2930138744305382, "validation_rmse": 0.873586893081665, "validation_ma_st_rae": 0.9782120725605599, "validation_CYP1A2_st_rae": 0.9753105774104842, "validation_CYP2C9_st_rae": 0.8944510672916843, "validation_CYP2D6_st_rae": 1.1585168638128116, "validation_CYP3A4_st_rae": 0.8845697817272593, "mean_raw_gradient_norm": 11.697148942947388, "fraction_gradients_clipped": 1.0}
{
  "seed": 1701,
  "selection_metric": "validation_ma_st_rae",
  "best_validation_ma_st_rae": 0.9769652586665442,
  "best_validation_rmse": 0.8757399320602417,
  "restored_fit_rmse": 0.9188119173049927,
  "restored_validation_rmse": 0.875723659992218,
  "restored_fit_ma_st_rae": 0.8676881541168743,
  "restored_validation_ma_st_rae": 0.9919498863609817,
  "restored_validation_point_ma_st_rae": 0.9769464105462322,
  "restored_validation_point_st_rae_by_cyp": {
    "CYP1A2": 0.972639417813514,
    "CYP2C9": 0.9143092848449018,
    "CYP2D6": 1.1515288844796456,
    "CYP3A4": 0.8693080550468679
  },
  "restored_fit_st_rae_by_cyp": {
    "CYP1A2": 0.8530232433489446,
    "CYP2C9": 0.816351533807276,
    "CYP2D6": 1.0011666150602474,
    "CYP3A4": 0.8002112242510292
  },
  "restored_validation_st_rae_by_cyp": {
    "CYP1A2": 0.9698231000351013,
    "CYP2C9": 0.9385129843849963,
    "CYP2D6": 1.1727959302844042,
    "CYP3A4": 0.8866675307394253
  },
  "validation_bootstrap_metrics": {
    "n_bootstrap_samples": 1000,
    "seed": 0,
    "macro": {
      "st_rae": {
        "mean": 0.9919498863609817,
        "ci_low": 0.8700014456563451,
        "ci_high": 1.123897291105731
      },
      "mae": {
        "mean": 0.6544370486571165,
        "ci_low": 0.5906471754004081,
        "ci_high": 0.7274589658086565
      },
      "r2": {
        "mean": 0.006289321047774678,
        "ci_low": -0.158861389068456,
        "ci_high": 0.1435523780349751
      },
      "spearman_rho": {
        "mean": 0.3716153117327763,
        "ci_low": 0.265269191075884,
        "ci_high": 0.47682814456570316
      },
      "kendall_tau": {
        "mean": 0.2616560206994782,
        "ci_low": 0.18535553111598782,
        "ci_high": 0.3389840315233533
      }
    },
    "per_endpoint": {
      "CYP1A2": {
        "st_rae": {
          "mean": 0.9698231000351013,
          "ci_low": 0.694717508048529,
          "ci_high": 1.2758219468967085
        },
        "mae": {
          "mean": 0.6629534206663976,
          "ci_low": 0.49253152442760156,
          "ci_high": 0.8500042212791129
        },
        "r2": {
          "mean": 0.05573214749292636,
          "ci_low": -0.42851834444004805,
          "ci_high": 0.3269617460758512
        },
        "spearman_rho": {
          "mean": 0.5091094365682745,
          "ci_low": 0.28706629821075946,
          "ci_high": 0.6947330356660043
        },
        "kendall_tau": {
          "mean": 0.3683665931539017,
          "ci_low": 0.21267800640265327,
          "ci_high": 0.5064055756546688
        }
      },
      "CYP2C9": {
        "st_rae": {
          "mean": 0.9385129843849963,
          "ci_low": 0.6773752500460853,
          "ci_high": 1.263574369931129
        },
        "mae": {
          "mean": 0.5614009555776913,
          "ci_low": 0.4448150343696276,
          "ci_high": 0.6772308242321015
        },
        "r2": {
          "mean": -0.009694539077226581,
          "ci_low": -0.3333931898365049,
          "ci_high": 0.2501970987198845
        },
        "spearman_rho": {
          "mean": 0.33849504857425045,
          "ci_low": 0.0728357814278955,
          "ci_high": 0.5942022552077793
        },
        "kendall_tau": {
          "mean": 0.23965894685608244,
          "ci_low": 0.04917831637576861,
          "ci_high": 0.42646980102928683
        }
      },
      "CYP2D6": {
        "st_rae": {
          "mean": 1.1727959302844042,
          "ci_low": 0.940037054035514,
          "ci_high": 1.471268834105577
        },
        "mae": {
          "mean": 0.6280397632818956,
          "ci_low": 0.4869336566558251,
          "ci_high": 0.7792420314825498
        },
        "r2": {
          "mean": -0.23265895274980516,
          "ci_low": -0.643552924133902,
          "ci_high": 0.011495629548388047
        },
        "spearman_rho": {
          "mean": 0.23787969410169618,
          "ci_low": 0.0030277161784851,
          "ci_high": 0.4563124362779329
        },
        "kendall_tau": {
          "mean": 0.16654027129982515,
          "ci_low": 0.012585341825513205,
          "ci_high": 0.3245670735222065
        }
      },
      "CYP3A4": {
        "st_rae": {
          "mean": 0.8866675307394253,
          "ci_low": 0.715250569964019,
          "ci_high": 1.1056200460949874
        },
        "mae": {
          "mean": 0.7653540551024814,
          "ci_low": 0.6651877109394517,
          "ci_high": 0.8676667298688445
        },
        "r2": {
          "mean": 0.2117786285252041,
          "ci_low": 0.04144087022298337,
          "ci_high": 0.35760051359618006
        },
        "spearman_rho": {
          "mean": 0.4009770676868841,
          "ci_low": 0.20008102388597626,
          "ci_high": 0.5799828907407858
        },
        "kendall_tau": {
          "mean": 0.27205827148810324,
          "ci_low": 0.12754700857069098,
          "ci_high": 0.4084305310149542
        }
      }
    }
  },
  "epochs_run": 3,
  "fit_observations": 806,
  "validation_observations": 272,
  "rule": "gated_residual",
  "generations": 16,
  "hidden_channels": 8,
  "atom_feature_profile": "baseline",
  "atom_feature_count": 25,
  "atom_feature_names": [
    "element_H",
    "element_C",
    "element_N",
    "element_O",
    "element_F",
    "element_P",
    "element_S",
    "element_Cl",
    "element_Br",
    "element_I",
    "element_other",
    "formal_charge",
    "aromatic",
    "hybrid_sp",
    "hybrid_sp2",
    "hybrid_sp3",
    "hybrid_other",
    "degree",
    "total_hydrogens",
    "in_ring",
    "hbond_donor",
    "hbond_acceptor",
    "chiral_cw",
    "chiral_ccw",
    "chiral_other"
  ],
  "device": "cuda",
  "gpu": "NVIDIA GeForce RTX 5070 Ti",
  "training_seconds": 3.4307356000645086,
  "peak_gpu_memory_bytes": 72794112,
  "runtime": {
    "operating_system": "Windows-10-10.0.26200-SP0",
    "machine": "AMD64",
    "python": "3.11.16",
    "python_executable": "C:\\Users\\Anthony\\anaconda3\\envs\\strange-matter-gpu\\python.exe",
    "pytorch": "2.11.0+cu128",
    "pytorch_cuda": "12.8",
    "device": "cuda",
    "gpu": "NVIDIA GeForce RTX 5070 Ti"
  },
  "validation_protocol": {
    "kind": "scaffold_cross_validation",
    "fold": 0,
    "folds": 5
  },
  "readout": "differentiable_closed_form_ridge",
  "hyperparameters": {
    "ca_lr": 0.003,
    "ridge": 0.01,
    "ca_l2": 1e-06,
    "gradient_clip": 0.5,
    "update_scale": 0.15,
    "init_scale": 0.5,
    "initial_noise": 0.0,
    "support_fraction": 0.85,
    "bond_temperature": 2.0,
    "dyn_a": 0.2,
    "dyn_b": 0.8,
    "dyn_c": 0.8,
    "dyn_d": 0.3,
    "lr_schedule": "cosine_0.1x"
  }
}
