{"operating_system": "Windows-10-10.0.26200-SP0", "machine": "AMD64", "python": "3.11.16", "python_executable": "C:\\Users\\Anthony\\anaconda3\\envs\\strange-matter-gpu\\python.exe", "pytorch": "2.11.0+cu128", "pytorch_cuda": "12.8", "device": "cuda", "gpu": "NVIDIA GeForce RTX 5070 Ti"}
{"epoch": 1, "train_rmse": 1.6643352629336854, "validation_rmse": 0.8608463406562805, "validation_ma_st_rae": 0.9880742987593087, "validation_CYP1A2_st_rae": 0.9774421134307597, "validation_CYP2C9_st_rae": 0.9330868936717034, "validation_CYP2D6_st_rae": 1.2213886452738754, "validation_CYP3A4_st_rae": 0.8203795426608965, "mean_raw_gradient_norm": 21.465109443664552, "fraction_gradients_clipped": 1.0}
{"epoch": 2, "train_rmse": 1.5701106530361262, "validation_rmse": 0.86021488904953, "validation_ma_st_rae": 0.9872348798339374, "validation_CYP1A2_st_rae": 0.9740557456774214, "validation_CYP2C9_st_rae": 0.9310398303596028, "validation_CYP2D6_st_rae": 1.2242780694990227, "validation_CYP3A4_st_rae": 0.8195658737997026, "mean_raw_gradient_norm": 19.533801460266112, "fraction_gradients_clipped": 1.0}
{"epoch": 3, "train_rmse": 1.7999839752182565, "validation_rmse": 0.8597862720489502, "validation_ma_st_rae": 0.9864123783807343, "validation_CYP1A2_st_rae": 0.971906729731977, "validation_CYP2C9_st_rae": 0.930474434619928, "validation_CYP2D6_st_rae": 1.2235796025601895, "validation_CYP3A4_st_rae": 0.8196887466108423, "mean_raw_gradient_norm": 27.34022331237793, "fraction_gradients_clipped": 1.0}
{
  "seed": 1701,
  "selection_metric": "validation_ma_st_rae",
  "best_validation_ma_st_rae": 0.9880742987593087,
  "best_validation_rmse": 0.8608463406562805,
  "restored_fit_rmse": 0.8912816047668457,
  "restored_validation_rmse": 0.8608506321907043,
  "restored_fit_ma_st_rae": 0.8259893102188435,
  "restored_validation_ma_st_rae": 1.0074189918658287,
  "restored_validation_point_ma_st_rae": 0.9880806802076871,
  "restored_validation_point_st_rae_by_cyp": {
    "CYP1A2": 0.9774913114056257,
    "CYP2C9": 0.9330916429730285,
    "CYP2D6": 1.2213666171732407,
    "CYP3A4": 0.8203731492788535
  },
  "restored_fit_st_rae_by_cyp": {
    "CYP1A2": 0.7897240995419338,
    "CYP2C9": 0.8034976932713194,
    "CYP2D6": 0.9541758240571754,
    "CYP3A4": 0.7565596240049451
  },
  "restored_validation_st_rae_by_cyp": {
    "CYP1A2": 0.9800913262557105,
    "CYP2C9": 0.9717447646728385,
    "CYP2D6": 1.2433194314441551,
    "CYP3A4": 0.8345204450906103
  },
  "validation_bootstrap_metrics": {
    "n_bootstrap_samples": 1000,
    "seed": 0,
    "macro": {
      "st_rae": {
        "mean": 1.0074189918658287,
        "ci_low": 0.873212551303906,
        "ci_high": 1.1598023554951757
      },
      "mae": {
        "mean": 0.6579636538027023,
        "ci_low": 0.5954960739074956,
        "ci_high": 0.7249712564688781
      },
      "r2": {
        "mean": 0.026443416511008656,
        "ci_low": -0.11432547514003334,
        "ci_high": 0.15257623814300525
      },
      "spearman_rho": {
        "mean": 0.4014610624510217,
        "ci_low": 0.3006013606605524,
        "ci_high": 0.5055086085953973
      },
      "kendall_tau": {
        "mean": 0.2876556482992213,
        "ci_low": 0.21360169008728602,
        "ci_high": 0.36672997061626394
      }
    },
    "per_endpoint": {
      "CYP1A2": {
        "st_rae": {
          "mean": 0.9800913262557105,
          "ci_low": 0.7489894179143272,
          "ci_high": 1.2664956967024203
        },
        "mae": {
          "mean": 0.6591372586078331,
          "ci_low": 0.5120701849460602,
          "ci_high": 0.820155757079359
        },
        "r2": {
          "mean": 0.16516720477669136,
          "ci_low": -0.05229576410363597,
          "ci_high": 0.32911129701834074
        },
        "spearman_rho": {
          "mean": 0.5278121725488122,
          "ci_low": 0.31820825936317987,
          "ci_high": 0.7069320293787623
        },
        "kendall_tau": {
          "mean": 0.37464657790189393,
          "ci_low": 0.21646475648623537,
          "ci_high": 0.5184837839269412
        }
      },
      "CYP2C9": {
        "st_rae": {
          "mean": 0.9717447646728385,
          "ci_low": 0.6525959737548584,
          "ci_high": 1.3885220349325185
        },
        "mae": {
          "mean": 0.5673508488019308,
          "ci_low": 0.46131116439898806,
          "ci_high": 0.6740590170025824
        },
        "r2": {
          "mean": 0.012901368826789085,
          "ci_low": -0.3690202119695993,
          "ci_high": 0.2964972783392139
        },
        "spearman_rho": {
          "mean": 0.43185050716476314,
          "ci_low": 0.17309538425485216,
          "ci_high": 0.6570863152383931
        },
        "kendall_tau": {
          "mean": 0.3189642216078445,
          "ci_low": 0.13729993862579992,
          "ci_high": 0.4846720730288929
        }
      },
      "CYP2D6": {
        "st_rae": {
          "mean": 1.2433194314441551,
          "ci_low": 1.0061750393585003,
          "ci_high": 1.5313209735603133
        },
        "mae": {
          "mean": 0.6625167313722463,
          "ci_low": 0.5287075443451221,
          "ci_high": 0.8102621903786292
        },
        "r2": {
          "mean": -0.31109651270462757,
          "ci_low": -0.675102584635288,
          "ci_high": -0.068893261935205
        },
        "spearman_rho": {
          "mean": 0.1331866338487385,
          "ci_low": -0.10114249502979276,
          "ci_high": 0.3780357001561274
        },
        "kendall_tau": {
          "mean": 0.09280930127405003,
          "ci_low": -0.06777268227741964,
          "ci_high": 0.2609718894642381
        }
      },
      "CYP3A4": {
        "st_rae": {
          "mean": 0.8345204450906103,
          "ci_low": 0.644926954120803,
          "ci_high": 1.0640173954509518
        },
        "mae": {
          "mean": 0.7428497764287992,
          "ci_low": 0.6391015996766645,
          "ci_high": 0.8499312100022337
        },
        "r2": {
          "mean": 0.23880160514518178,
          "ci_low": 0.06254823684453592,
          "ci_high": 0.38512049674338505
        },
        "spearman_rho": {
          "mean": 0.5129949362417728,
          "ci_low": 0.3483074703959931,
          "ci_high": 0.6663246589470982
        },
        "kendall_tau": {
          "mean": 0.36420249241309666,
          "ci_low": 0.23922006574255297,
          "ci_high": 0.49226190476190473
        }
      }
    }
  },
  "epochs_run": 3,
  "fit_observations": 806,
  "validation_observations": 272,
  "rule": "delayed_memory",
  "generations": 32,
  "hidden_channels": 16,
  "atom_feature_profile": "baseline",
  "atom_feature_count": 25,
  "atom_feature_names": [
    "element_H",
    "element_C",
    "element_N",
    "element_O",
    "element_F",
    "element_P",
    "element_S",
    "element_Cl",
    "element_Br",
    "element_I",
    "element_other",
    "formal_charge",
    "aromatic",
    "hybrid_sp",
    "hybrid_sp2",
    "hybrid_sp3",
    "hybrid_other",
    "degree",
    "total_hydrogens",
    "in_ring",
    "hbond_donor",
    "hbond_acceptor",
    "chiral_cw",
    "chiral_ccw",
    "chiral_other"
  ],
  "device": "cuda",
  "gpu": "NVIDIA GeForce RTX 5070 Ti",
  "training_seconds": 3.8322211999911815,
  "peak_gpu_memory_bytes": 94311936,
  "runtime": {
    "operating_system": "Windows-10-10.0.26200-SP0",
    "machine": "AMD64",
    "python": "3.11.16",
    "python_executable": "C:\\Users\\Anthony\\anaconda3\\envs\\strange-matter-gpu\\python.exe",
    "pytorch": "2.11.0+cu128",
    "pytorch_cuda": "12.8",
    "device": "cuda",
    "gpu": "NVIDIA GeForce RTX 5070 Ti"
  },
  "validation_protocol": {
    "kind": "scaffold_cross_validation",
    "fold": 0,
    "folds": 5
  },
  "readout": "differentiable_closed_form_ridge",
  "prediction_mode": "direct",
  "residual_alpha": null,
  "trajectory_pooling": "legacy",
  "ridge_mode": "shared",
  "loss_mode": "hybrid_interval",
  "interval_loss_beta": 1.0,
  "interval_temperature": 0.02,
  "hyperparameters": {
    "ca_lr": 0.0003,
    "ridge": 0.1,
    "ca_l2": 0.0001,
    "gradient_clip": 2.0,
    "update_scale": 0.15,
    "init_scale": 1.5,
    "initial_noise": 0.005,
    "support_fraction": 0.75,
    "bond_temperature": 0.5,
    "dyn_a": 0.8,
    "dyn_b": 0.2,
    "dyn_c": 0.8,
    "dyn_d": 0.3,
    "lr_schedule": "cosine_0.1x"
  }
}
