{"operating_system": "Windows-10-10.0.26200-SP0", "machine": "AMD64", "python": "3.11.16", "python_executable": "C:\\Users\\Anthony\\anaconda3\\envs\\strange-matter-gpu\\python.exe", "pytorch": "2.11.0+cu128", "pytorch_cuda": "12.8", "device": "cuda", "gpu": "NVIDIA GeForce RTX 5070 Ti"}
{"epoch": 1, "train_rmse": 1.0504489516164601, "validation_rmse": 0.8355526924133301, "validation_ma_st_rae": 0.9001535171552805, "validation_CYP1A2_st_rae": 0.8407602023702315, "validation_CYP2C9_st_rae": 0.8898991157599897, "validation_CYP2D6_st_rae": 1.0271400796915666, "validation_CYP3A4_st_rae": 0.8428146707993339, "mean_raw_gradient_norm": 6.3213150054216385, "fraction_gradients_clipped": 1.0}
{"epoch": 2, "train_rmse": 1.1787477072079118, "validation_rmse": 0.8361425399780273, "validation_ma_st_rae": 0.8849179040744335, "validation_CYP1A2_st_rae": 0.827436555852087, "validation_CYP2C9_st_rae": 0.8540035061964343, "validation_CYP2D6_st_rae": 1.0008196938249225, "validation_CYP3A4_st_rae": 0.8574118604242899, "mean_raw_gradient_norm": 5.950004860758781, "fraction_gradients_clipped": 1.0}
{"epoch": 3, "train_rmse": 1.5724079678512362, "validation_rmse": 0.8482945561408997, "validation_ma_st_rae": 0.9006832159211963, "validation_CYP1A2_st_rae": 0.8423609513604107, "validation_CYP2C9_st_rae": 0.8537739340101164, "validation_CYP2D6_st_rae": 1.024234226253716, "validation_CYP3A4_st_rae": 0.882363752060542, "mean_raw_gradient_norm": 12.690241023898125, "fraction_gradients_clipped": 1.0}
{"epoch": 4, "train_rmse": 1.0518530774339463, "validation_rmse": 0.8505837321281433, "validation_ma_st_rae": 0.9049403542359133, "validation_CYP1A2_st_rae": 0.8431823478784191, "validation_CYP2C9_st_rae": 0.8561537236948776, "validation_CYP2D6_st_rae": 1.0242511225503659, "validation_CYP3A4_st_rae": 0.8961742228199909, "mean_raw_gradient_norm": 10.409779042005539, "fraction_gradients_clipped": 1.0}
{"epoch": 5, "train_rmse": 4.8780941211375595, "validation_rmse": 0.8458658456802368, "validation_ma_st_rae": 0.8934199007885515, "validation_CYP1A2_st_rae": 0.8410273201866041, "validation_CYP2C9_st_rae": 0.8421793367164895, "validation_CYP2D6_st_rae": 1.0014925267140924, "validation_CYP3A4_st_rae": 0.8889804195370202, "mean_raw_gradient_norm": 41.48814432322979, "fraction_gradients_clipped": 1.0}
{
  "seed": 1701,
  "selection_metric": "validation_ma_st_rae",
  "best_validation_ma_st_rae": 0.8849179040744335,
  "best_validation_rmse": 0.8361425399780273,
  "restored_fit_rmse": 0.903775691986084,
  "restored_validation_rmse": 0.8361440896987915,
  "restored_fit_ma_st_rae": 0.8999562736723553,
  "restored_validation_ma_st_rae": 0.8882531115225272,
  "restored_validation_point_ma_st_rae": 0.8849210820957105,
  "restored_validation_point_st_rae_by_cyp": {
    "CYP1A2": 0.8274343169444164,
    "CYP2C9": 0.8540005375245554,
    "CYP2D6": 1.000837130971757,
    "CYP3A4": 0.8574123429421131
  },
  "restored_fit_st_rae_by_cyp": {
    "CYP1A2": 0.8885743228963918,
    "CYP2C9": 0.8993506941367609,
    "CYP2D6": 0.9691822066282985,
    "CYP3A4": 0.84271787102797
  },
  "restored_validation_st_rae_by_cyp": {
    "CYP1A2": 0.8295681809382194,
    "CYP2C9": 0.8581698224758686,
    "CYP2D6": 1.0049692948883722,
    "CYP3A4": 0.8603051477876485
  },
  "validation_bootstrap_metrics": {
    "n_bootstrap_samples": 1000,
    "seed": 0,
    "macro": {
      "st_rae": {
        "mean": 0.8882531115225272,
        "ci_low": 0.8279605559605782,
        "ci_high": 0.9518907610964508
      },
      "mae": {
        "mean": 0.6129874229714253,
        "ci_low": 0.5747392076718422,
        "ci_high": 0.656509104189565
      },
      "r2": {
        "mean": 0.15128105716924897,
        "ci_low": 0.09312825263750718,
        "ci_high": 0.20630337353832495
      },
      "spearman_rho": {
        "mean": 0.40511900858134925,
        "ci_low": 0.33544763561906843,
        "ci_high": 0.467476509752101
      },
      "kendall_tau": {
        "mean": 0.2852676392013513,
        "ci_low": 0.23444777301987602,
        "ci_high": 0.33159548654679033
      }
    },
    "per_endpoint": {
      "CYP1A2": {
        "st_rae": {
          "mean": 0.8295681809382194,
          "ci_low": 0.7148529447096286,
          "ci_high": 0.958408127879967
        },
        "mae": {
          "mean": 0.5959352572325249,
          "ci_low": 0.49678649304198547,
          "ci_high": 0.7060678006058008
        },
        "r2": {
          "mean": 0.22931099915100975,
          "ci_low": 0.11814353025770448,
          "ci_high": 0.3264409989595167
        },
        "spearman_rho": {
          "mean": 0.5530067122372098,
          "ci_low": 0.41586166526730567,
          "ci_high": 0.6664233274632294
        },
        "kendall_tau": {
          "mean": 0.39435371086710347,
          "ci_low": 0.2931346889470505,
          "ci_high": 0.4818544677117259
        }
      },
      "CYP2C9": {
        "st_rae": {
          "mean": 0.8581698224758686,
          "ci_low": 0.7094782918149853,
          "ci_high": 1.0259014787989027
        },
        "mae": {
          "mean": 0.5512696062979037,
          "ci_low": 0.47439411639297097,
          "ci_high": 0.632632564410676
        },
        "r2": {
          "mean": 0.16993368058073358,
          "ci_low": 0.01710189084781808,
          "ci_high": 0.2916130749789202
        },
        "spearman_rho": {
          "mean": 0.3746429124714073,
          "ci_low": 0.20453674335547475,
          "ci_high": 0.5201144727312813
        },
        "kendall_tau": {
          "mean": 0.26358317094497946,
          "ci_low": 0.1417195450828853,
          "ci_high": 0.3710482911502171
        }
      },
      "CYP2D6": {
        "st_rae": {
          "mean": 1.0049692948883722,
          "ci_low": 0.9089679041205229,
          "ci_high": 1.1164865619889963
        },
        "mae": {
          "mean": 0.5463449849782499,
          "ci_low": 0.46374488371723105,
          "ci_high": 0.6289024318913994
        },
        "r2": {
          "mean": -0.006568504873647068,
          "ci_low": -0.14224827823821856,
          "ci_high": 0.09022469175338955
        },
        "spearman_rho": {
          "mean": 0.21998549004988113,
          "ci_low": 0.061357377093241156,
          "ci_high": 0.36801886935784744
        },
        "kendall_tau": {
          "mean": 0.1498804100371841,
          "ci_low": 0.045117651147140975,
          "ci_high": 0.25337273033453295
        }
      },
      "CYP3A4": {
        "st_rae": {
          "mean": 0.8603051477876485,
          "ci_low": 0.767430352813587,
          "ci_high": 0.9529103270139909
        },
        "mae": {
          "mean": 0.7583998433770227,
          "ci_low": 0.6920954828912561,
          "ci_high": 0.8264994051953978
        },
        "r2": {
          "mean": 0.2124480538188997,
          "ci_low": 0.12004098117950258,
          "ci_high": 0.2946311789907982
        },
        "spearman_rho": {
          "mean": 0.47284091956689916,
          "ci_low": 0.36789222702951935,
          "ci_high": 0.5698470245068314
        },
        "kendall_tau": {
          "mean": 0.3332532649561381,
          "ci_low": 0.2572762111451422,
          "ci_high": 0.4045338426595724
        }
      }
    }
  },
  "epochs_run": 5,
  "fit_observations": 2652,
  "validation_observations": 680,
  "rule": "kuramoto_sakaguchi",
  "generations": 125,
  "hidden_channels": 8,
  "atom_feature_profile": "electronic_local",
  "atom_feature_count": 37,
  "atom_feature_names": [
    "element_H",
    "element_C",
    "element_N",
    "element_O",
    "element_F",
    "element_P",
    "element_S",
    "element_Cl",
    "element_Br",
    "element_I",
    "element_other",
    "formal_charge",
    "aromatic",
    "hybrid_sp",
    "hybrid_sp2",
    "hybrid_sp3",
    "hybrid_other",
    "degree",
    "total_hydrogens",
    "in_ring",
    "hbond_donor",
    "hbond_acceptor",
    "chiral_cw",
    "chiral_ccw",
    "chiral_other",
    "electronegativity",
    "polarizability",
    "heteroatom",
    "halogen",
    "conjugated_bond_fraction",
    "first_ionization_energy",
    "electron_affinity",
    "electronic_property_missing",
    "mean_neighbour_electronegativity",
    "electronegativity_difference",
    "mean_neighbour_atomic_number",
    "neighbour_formal_charge"
  ],
  "device": "cuda",
  "gpu": "NVIDIA GeForce RTX 5070 Ti",
  "training_seconds": 45.840903100091964,
  "peak_gpu_memory_bytes": 449527296,
  "runtime": {
    "operating_system": "Windows-10-10.0.26200-SP0",
    "machine": "AMD64",
    "python": "3.11.16",
    "python_executable": "C:\\Users\\Anthony\\anaconda3\\envs\\strange-matter-gpu\\python.exe",
    "pytorch": "2.11.0+cu128",
    "pytorch_cuda": "12.8",
    "device": "cuda",
    "gpu": "NVIDIA GeForce RTX 5070 Ti"
  },
  "validation_protocol": {
    "kind": "scaffold_cross_validation",
    "fold": 0,
    "folds": 5
  },
  "readout": "differentiable_closed_form_ridge",
  "prediction_mode": "direct",
  "residual_alpha": null,
  "trajectory_pooling": "legacy",
  "ridge_mode": "shared",
  "loss_mode": "hybrid_interval",
  "interval_loss_beta": 1.0,
  "interval_temperature": 0.05,
  "hyperparameters": {
    "ca_lr": 0.003,
    "ridge": 0.01,
    "ca_l2": 0.0001,
    "gradient_clip": 2.0,
    "update_scale": 0.08,
    "init_scale": 0.5,
    "initial_noise": 0.01,
    "support_fraction": 0.85,
    "bond_temperature": 0.5,
    "dyn_a": 0.5,
    "dyn_b": 0.8,
    "dyn_c": 0.8,
    "dyn_d": 0.15,
    "lr_schedule": "cosine_0.1x"
  }
}
