{"operating_system": "Windows-10-10.0.26200-SP0", "machine": "AMD64", "python": "3.11.16", "python_executable": "C:\\Users\\Anthony\\anaconda3\\envs\\strange-matter-gpu\\python.exe", "pytorch": "2.11.0+cu128", "pytorch_cuda": "12.8", "device": "cuda", "gpu": "NVIDIA GeForce RTX 5070 Ti"}
{"epoch": 1, "train_rmse": 1.4149520483568514, "validation_rmse": 0.9233573079109192, "mean_raw_gradient_norm": 28.21395382285118, "fraction_gradients_clipped": 1.0}
{"epoch": 2, "train_rmse": 1.355883727307119, "validation_rmse": 0.9186515808105469, "mean_raw_gradient_norm": 50.87281911075115, "fraction_gradients_clipped": 1.0}
{"epoch": 3, "train_rmse": 1.2922236612205056, "validation_rmse": 0.91633141040802, "mean_raw_gradient_norm": 23.612488955259323, "fraction_gradients_clipped": 1.0}
{"epoch": 4, "train_rmse": 1.2553307542025214, "validation_rmse": 0.9143186211585999, "mean_raw_gradient_norm": 23.719529777765274, "fraction_gradients_clipped": 1.0}
{"epoch": 5, "train_rmse": 1.3158123932996955, "validation_rmse": 0.9138322472572327, "mean_raw_gradient_norm": 17.35283637046814, "fraction_gradients_clipped": 1.0}
{"epoch": 6, "train_rmse": 1.2961938509192867, "validation_rmse": 0.9122010469436646, "mean_raw_gradient_norm": 19.61780270934105, "fraction_gradients_clipped": 1.0}
{"epoch": 7, "train_rmse": 1.3629128348912674, "validation_rmse": 0.910683274269104, "mean_raw_gradient_norm": 24.45914798974991, "fraction_gradients_clipped": 1.0}
{"epoch": 8, "train_rmse": 1.2669210531798538, "validation_rmse": 0.9097161889076233, "mean_raw_gradient_norm": 16.568694606423378, "fraction_gradients_clipped": 1.0}
{
  "seed": 1701,
  "best_validation_rmse": 0.910683274269104,
  "restored_fit_rmse": 0.844740629196167,
  "restored_validation_rmse": 0.9106969833374023,
  "epochs_run": 8,
  "fit_observations": 2643,
  "validation_observations": 670,
  "rule": "coupled_map",
  "generations": 16,
  "hidden_channels": 16,
  "atom_feature_profile": "electronic",
  "atom_feature_count": 30,
  "atom_feature_names": [
    "element_H",
    "element_C",
    "element_N",
    "element_O",
    "element_F",
    "element_P",
    "element_S",
    "element_Cl",
    "element_Br",
    "element_I",
    "element_other",
    "formal_charge",
    "aromatic",
    "hybrid_sp",
    "hybrid_sp2",
    "hybrid_sp3",
    "hybrid_other",
    "degree",
    "total_hydrogens",
    "in_ring",
    "hbond_donor",
    "hbond_acceptor",
    "chiral_cw",
    "chiral_ccw",
    "chiral_other",
    "electronegativity",
    "polarizability",
    "heteroatom",
    "halogen",
    "conjugated_bond_fraction"
  ],
  "device": "cuda",
  "gpu": "NVIDIA GeForce RTX 5070 Ti",
  "training_seconds": 26.288490999955684,
  "peak_gpu_memory_bytes": 71243776,
  "runtime": {
    "operating_system": "Windows-10-10.0.26200-SP0",
    "machine": "AMD64",
    "python": "3.11.16",
    "python_executable": "C:\\Users\\Anthony\\anaconda3\\envs\\strange-matter-gpu\\python.exe",
    "pytorch": "2.11.0+cu128",
    "pytorch_cuda": "12.8",
    "device": "cuda",
    "gpu": "NVIDIA GeForce RTX 5070 Ti"
  },
  "readout": "differentiable_closed_form_ridge",
  "hyperparameters": {
    "ca_lr": 0.001,
    "ridge": 0.1,
    "ca_l2": 1e-05,
    "gradient_clip": 1.0,
    "update_scale": 0.4,
    "init_scale": 0.5,
    "initial_noise": 0.0,
    "support_fraction": 0.85,
    "bond_temperature": 2.0,
    "dyn_a": 0.2,
    "dyn_b": 0.5,
    "dyn_c": 0.8,
    "dyn_d": 0.3,
    "lr_schedule": "cosine_0.1x"
  }
}
