{"device": "cuda", "gpu": "NVIDIA GeForce RTX 5070 Ti", "pytorch": "2.11.0+cu128", "pytorch_cuda": "12.8"}
{"epoch": 1, "train_rmse": 1.4989046001251725, "validation_rmse": 0.9238897562026978, "mean_raw_gradient_norm": 63.10875526551278, "fraction_gradients_clipped": 1.0}
{"epoch": 2, "train_rmse": 1.3017762546716432, "validation_rmse": 0.9155948758125305, "mean_raw_gradient_norm": 33.96944202915315, "fraction_gradients_clipped": 1.0}
{"epoch": 3, "train_rmse": 1.4546724506079347, "validation_rmse": 0.91505366563797, "mean_raw_gradient_norm": 37.634617159443515, "fraction_gradients_clipped": 1.0}
{"epoch": 4, "train_rmse": 1.409829107535722, "validation_rmse": 0.9007263779640198, "mean_raw_gradient_norm": 46.847444411247004, "fraction_gradients_clipped": 1.0}
{"epoch": 5, "train_rmse": 1.2366738766897314, "validation_rmse": 0.907522976398468, "mean_raw_gradient_norm": 22.096933087994977, "fraction_gradients_clipped": 1.0}
{"epoch": 6, "train_rmse": 1.4459179715908794, "validation_rmse": 0.9072941541671753, "mean_raw_gradient_norm": 46.19794642540716, "fraction_gradients_clipped": 1.0}
{"epoch": 7, "train_rmse": 1.2321831164161174, "validation_rmse": 0.9042179584503174, "mean_raw_gradient_norm": 20.281489526071855, "fraction_gradients_clipped": 1.0}
{"epoch": 8, "train_rmse": 1.394296273694264, "validation_rmse": 0.897811770439148, "mean_raw_gradient_norm": 35.037859485995384, "fraction_gradients_clipped": 1.0}
{
  "seed": 1701,
  "best_validation_rmse": 0.9007263779640198,
  "restored_fit_rmse": 0.8317350745201111,
  "restored_validation_rmse": 0.9007359147071838,
  "epochs_run": 8,
  "fit_observations": 5216,
  "validation_observations": 1309,
  "rule": "inertial_reaction_diffusion",
  "generations": 500,
  "hidden_channels": 16,
  "device": "cuda",
  "gpu": "NVIDIA GeForce RTX 5070 Ti",
  "training_seconds": 496.4565119999461,
  "peak_gpu_memory_bytes": 2644588544,
  "readout": "differentiable_closed_form_ridge",
  "hyperparameters": {
    "ca_lr": 0.003,
    "ridge": 0.01,
    "ca_l2": 1e-05,
    "gradient_clip": 1.0,
    "update_scale": 0.15,
    "init_scale": 1.0,
    "initial_noise": 0.005,
    "support_fraction": 0.75,
    "bond_temperature": 1.0,
    "dyn_a": 0.5,
    "dyn_b": 0.5,
    "dyn_c": 0.5,
    "dyn_d": 0.05,
    "lr_schedule": "cosine_0.1x"
  }
}
