{"device": "cuda", "gpu": "NVIDIA GeForce RTX 5070 Ti", "pytorch": "2.11.0+cu128", "pytorch_cuda": "12.8"}
{"epoch": 1, "train_rmse": 1.1506294254839862, "validation_rmse": 1.0643548965454102, "mean_raw_gradient_norm": 38.005711460113524, "fraction_gradients_clipped": 1.0}
{"epoch": 2, "train_rmse": 1.3122528782768217, "validation_rmse": 1.0587719678878784, "mean_raw_gradient_norm": 30.713221931457518, "fraction_gradients_clipped": 1.0}
{"epoch": 3, "train_rmse": 1.338903314121181, "validation_rmse": 1.0614407062530518, "mean_raw_gradient_norm": 32.93515453338623, "fraction_gradients_clipped": 1.0}
{
  "seed": 1701,
  "best_validation_rmse": 1.0587719678878784,
  "restored_fit_rmse": 0.9273794293403625,
  "restored_validation_rmse": 1.0587282180786133,
  "epochs_run": 3,
  "fit_observations": 791,
  "validation_observations": 273,
  "rule": "damped_symplectic",
  "generations": 250,
  "hidden_channels": 8,
  "device": "cuda",
  "gpu": "NVIDIA GeForce RTX 5070 Ti",
  "training_seconds": 22.303149500046857,
  "peak_gpu_memory_bytes": 308371456,
  "readout": "differentiable_closed_form_ridge",
  "hyperparameters": {
    "ca_lr": 0.0003,
    "ridge": 0.1,
    "ca_l2": 0.0001,
    "gradient_clip": 2.0,
    "update_scale": 0.4,
    "init_scale": 0.5,
    "initial_noise": 0.005,
    "support_fraction": 0.85,
    "bond_temperature": 0.5,
    "dyn_a": 0.2,
    "dyn_b": 0.2,
    "dyn_c": 0.2,
    "dyn_d": 0.3,
    "lr_schedule": "cosine_0.1x"
  }
}
