{"operating_system": "Windows-10-10.0.26200-SP0", "machine": "AMD64", "python": "3.11.16", "python_executable": "C:\\Users\\Anthony\\anaconda3\\envs\\strange-matter-gpu\\python.exe", "pytorch": "2.11.0+cu128", "pytorch_cuda": "12.8", "device": "cuda", "gpu": "NVIDIA GeForce RTX 5070 Ti"}
{"epoch": 1, "train_rmse": 2.6403029122127384, "validation_rmse": 0.8902304172515869, "validation_ma_st_rae": 1.0791901727727784, "validation_CYP1A2_st_rae": 1.0943846480696697, "validation_CYP2C9_st_rae": 1.0876997874113974, "validation_CYP2D6_st_rae": 1.261648532902672, "validation_CYP3A4_st_rae": 0.8730277227073743, "mean_raw_gradient_norm": 359.2294219970703, "fraction_gradients_clipped": 1.0}
{"epoch": 2, "train_rmse": 2.8747547952424424, "validation_rmse": 0.88932865858078, "validation_ma_st_rae": 1.0796572512569724, "validation_CYP1A2_st_rae": 1.0972006202668818, "validation_CYP2C9_st_rae": 1.086636324219406, "validation_CYP2D6_st_rae": 1.2611375033536578, "validation_CYP3A4_st_rae": 0.8736545571879439, "mean_raw_gradient_norm": 339.27779083251954, "fraction_gradients_clipped": 1.0}
{"epoch": 3, "train_rmse": 3.270555177821604, "validation_rmse": 0.889039158821106, "validation_ma_st_rae": 1.0798526978232368, "validation_CYP1A2_st_rae": 1.0941698133005684, "validation_CYP2C9_st_rae": 1.0923960245432804, "validation_CYP2D6_st_rae": 1.2597488113358175, "validation_CYP3A4_st_rae": 0.8730961421132801, "mean_raw_gradient_norm": 969.3074203491211, "fraction_gradients_clipped": 1.0}
{
  "seed": 1701,
  "selection_metric": "validation_ma_st_rae",
  "best_validation_ma_st_rae": 1.0791901727727784,
  "best_validation_rmse": 0.8902304172515869,
  "restored_fit_rmse": 0.891350507736206,
  "restored_validation_rmse": 0.8902793526649475,
  "restored_fit_ma_st_rae": 0.8671711572015529,
  "restored_validation_ma_st_rae": 1.101499376499996,
  "restored_validation_point_ma_st_rae": 1.0793387739253972,
  "restored_validation_point_st_rae_by_cyp": {
    "CYP1A2": 1.094240250929782,
    "CYP2C9": 1.088129198637831,
    "CYP2D6": 1.2618667677841908,
    "CYP3A4": 0.873118878349785
  },
  "restored_fit_st_rae_by_cyp": {
    "CYP1A2": 0.8870812762216665,
    "CYP2C9": 0.9308981532919143,
    "CYP2D6": 0.9267883637176166,
    "CYP3A4": 0.7239168355750142
  },
  "restored_validation_st_rae_by_cyp": {
    "CYP1A2": 1.103027950575545,
    "CYP2C9": 1.1359138880814117,
    "CYP2D6": 1.2804029377341066,
    "CYP3A4": 0.8866527296089206
  },
  "validation_bootstrap_metrics": {
    "n_bootstrap_samples": 1000,
    "seed": 0,
    "macro": {
      "st_rae": {
        "mean": 1.101499376499996,
        "ci_low": 0.9502274854608024,
        "ci_high": 1.2702903317877876
      },
      "mae": {
        "mean": 0.7012601185099185,
        "ci_low": 0.639454271586596,
        "ci_high": 0.7692745626663755
      },
      "r2": {
        "mean": -0.059974055656559055,
        "ci_low": -0.27121956465375846,
        "ci_high": 0.0860940834466192
      },
      "spearman_rho": {
        "mean": 0.318934605526654,
        "ci_low": 0.2051241461012502,
        "ci_high": 0.42220661535408677
      },
      "kendall_tau": {
        "mean": 0.21826282295450083,
        "ci_low": 0.1361975180087406,
        "ci_high": 0.2930844062562185
      }
    },
    "per_endpoint": {
      "CYP1A2": {
        "st_rae": {
          "mean": 1.103027950575545,
          "ci_low": 0.7997218959779266,
          "ci_high": 1.4511548926437863
        },
        "mae": {
          "mean": 0.7301967824951547,
          "ci_low": 0.5864553744675683,
          "ci_high": 0.8849759002200893
        },
        "r2": {
          "mean": 0.08899407423140235,
          "ci_low": -0.23791696412065327,
          "ci_high": 0.3030248301080414
        },
        "spearman_rho": {
          "mean": 0.37625509109583527,
          "ci_low": 0.14941141653320636,
          "ci_high": 0.5798680104962683
        },
        "kendall_tau": {
          "mean": 0.25030133400808224,
          "ci_low": 0.08513953680443875,
          "ci_high": 0.40767147604503173
        }
      },
      "CYP2C9": {
        "st_rae": {
          "mean": 1.1359138880814117,
          "ci_low": 0.7727389440526709,
          "ci_high": 1.605806117141788
        },
        "mae": {
          "mean": 0.6223694861531258,
          "ci_low": 0.5140334952871004,
          "ci_high": 0.7371095514297485
        },
        "r2": {
          "mean": -0.1459176004403443,
          "ci_low": -0.5614344096617934,
          "ci_high": 0.1795232508034062
        },
        "spearman_rho": {
          "mean": 0.36178012282618877,
          "ci_low": 0.13421517089670082,
          "ci_high": 0.5674730248916371
        },
        "kendall_tau": {
          "mean": 0.2565402922252342,
          "ci_low": 0.09380342391716226,
          "ci_high": 0.4084212922117369
        }
      },
      "CYP2D6": {
        "st_rae": {
          "mean": 1.2804029377341066,
          "ci_low": 1.0263323859400697,
          "ci_high": 1.5987266166229308
        },
        "mae": {
          "mean": 0.6930254191105182,
          "ci_low": 0.5599831169385177,
          "ci_high": 0.835218944824659
        },
        "r2": {
          "mean": -0.3980800496178853,
          "ci_low": -0.969064232541365,
          "ci_high": -0.0453100103676781
        },
        "spearman_rho": {
          "mean": 0.09418364855067164,
          "ci_low": -0.1449401815828429,
          "ci_high": 0.3282595837233337
        },
        "kendall_tau": {
          "mean": 0.06830615640571477,
          "ci_low": -0.09633487596144985,
          "ci_high": 0.2351742482743872
        }
      },
      "CYP3A4": {
        "st_rae": {
          "mean": 0.8866527296089206,
          "ci_low": 0.6992614273443016,
          "ci_high": 1.1066974762724997
        },
        "mae": {
          "mean": 0.759448786280876,
          "ci_low": 0.6542972804502,
          "ci_high": 0.8693818228882412
        },
        "r2": {
          "mean": 0.21510735320059102,
          "ci_low": 0.03395036270567768,
          "ci_high": 0.3620417844327238
        },
        "spearman_rho": {
          "mean": 0.4435195596339204,
          "ci_low": 0.27155168936905727,
          "ci_high": 0.6063321126547869
        },
        "kendall_tau": {
          "mean": 0.2979035091789722,
          "ci_low": 0.17398671694547088,
          "ci_high": 0.41984469011174946
        }
      }
    }
  },
  "epochs_run": 3,
  "fit_observations": 806,
  "validation_observations": 272,
  "rule": "gray_scott",
  "generations": 32,
  "hidden_channels": 16,
  "atom_feature_profile": "ring_geometry",
  "atom_feature_count": 32,
  "atom_feature_names": [
    "element_H",
    "element_C",
    "element_N",
    "element_O",
    "element_F",
    "element_P",
    "element_S",
    "element_Cl",
    "element_Br",
    "element_I",
    "element_other",
    "formal_charge",
    "aromatic",
    "hybrid_sp",
    "hybrid_sp2",
    "hybrid_sp3",
    "hybrid_other",
    "degree",
    "total_hydrogens",
    "in_ring",
    "hbond_donor",
    "hbond_acceptor",
    "chiral_cw",
    "chiral_ccw",
    "chiral_other",
    "ring_count",
    "ring_size_3",
    "ring_size_4",
    "ring_size_5",
    "ring_size_6",
    "ring_size_7",
    "ring_size_8_plus"
  ],
  "device": "cuda",
  "gpu": "NVIDIA GeForce RTX 5070 Ti",
  "training_seconds": 4.7155850999988616,
  "peak_gpu_memory_bytes": 108011520,
  "runtime": {
    "operating_system": "Windows-10-10.0.26200-SP0",
    "machine": "AMD64",
    "python": "3.11.16",
    "python_executable": "C:\\Users\\Anthony\\anaconda3\\envs\\strange-matter-gpu\\python.exe",
    "pytorch": "2.11.0+cu128",
    "pytorch_cuda": "12.8",
    "device": "cuda",
    "gpu": "NVIDIA GeForce RTX 5070 Ti"
  },
  "validation_protocol": {
    "kind": "scaffold_cross_validation",
    "fold": 0,
    "folds": 5
  },
  "readout": "differentiable_closed_form_ridge",
  "hyperparameters": {
    "ca_lr": 0.0003,
    "ridge": 0.01,
    "ca_l2": 1e-06,
    "gradient_clip": 0.5,
    "update_scale": 0.15,
    "init_scale": 1.5,
    "initial_noise": 0.005,
    "support_fraction": 0.75,
    "bond_temperature": 2.0,
    "dyn_a": 0.8,
    "dyn_b": 0.2,
    "dyn_c": 0.5,
    "dyn_d": 0.15,
    "lr_schedule": "cosine_0.1x"
  }
}
