{"operating_system": "Windows-10-10.0.26200-SP0", "machine": "AMD64", "python": "3.11.16", "python_executable": "C:\\Users\\Anthony\\anaconda3\\envs\\strange-matter-gpu\\python.exe", "pytorch": "2.11.0+cu128", "pytorch_cuda": "12.8", "device": "cuda", "gpu": "NVIDIA GeForce RTX 5070 Ti"}
{"epoch": 1, "train_rmse": 1.102340267552104, "validation_rmse": 0.8422175049781799, "validation_ma_st_rae": 0.84658249329701, "validation_CYP1A2_st_rae": 0.8343257358809456, "validation_CYP2C9_st_rae": 0.8428665471492507, "validation_CYP2D6_st_rae": 0.9741514782697249, "validation_CYP3A4_st_rae": 0.7349862118881183, "mean_raw_gradient_norm": 8.514842171669006, "fraction_gradients_clipped": 1.0}
{"epoch": 2, "train_rmse": 1.1743944132606483, "validation_rmse": 0.8427948951721191, "validation_ma_st_rae": 0.8487369186657792, "validation_CYP1A2_st_rae": 0.834368574986711, "validation_CYP2C9_st_rae": 0.8495757942076133, "validation_CYP2D6_st_rae": 0.9738547227398484, "validation_CYP3A4_st_rae": 0.7371485827289435, "mean_raw_gradient_norm": 9.262902302742004, "fraction_gradients_clipped": 1.0}
{"epoch": 3, "train_rmse": 1.1794089842030915, "validation_rmse": 0.8416835069656372, "validation_ma_st_rae": 0.8472821208691236, "validation_CYP1A2_st_rae": 0.8328175023458935, "validation_CYP2C9_st_rae": 0.8502472007510777, "validation_CYP2D6_st_rae": 0.9716189906549935, "validation_CYP3A4_st_rae": 0.7344447897245296, "mean_raw_gradient_norm": 10.645495972633363, "fraction_gradients_clipped": 1.0}
{"epoch": 4, "train_rmse": 1.091444634847545, "validation_rmse": 0.8413649201393127, "validation_ma_st_rae": 0.8461203517427515, "validation_CYP1A2_st_rae": 0.8315340437802772, "validation_CYP2C9_st_rae": 0.8461996588073054, "validation_CYP2D6_st_rae": 0.9726982853574273, "validation_CYP3A4_st_rae": 0.734049419025996, "mean_raw_gradient_norm": 8.583213806152344, "fraction_gradients_clipped": 1.0}
{
  "seed": 1701,
  "selection_metric": "validation_ma_st_rae",
  "best_validation_ma_st_rae": 0.84658249329701,
  "best_validation_rmse": 0.8422175049781799,
  "restored_fit_rmse": 0.8526248931884766,
  "restored_validation_rmse": 0.842219352722168,
  "restored_fit_ma_st_rae": 0.8545467856335583,
  "restored_validation_ma_st_rae": 0.8481884971406997,
  "restored_validation_point_ma_st_rae": 0.846583174759189,
  "restored_validation_point_st_rae_by_cyp": {
    "CYP1A2": 0.8343185064707206,
    "CYP2C9": 0.8428786473350275,
    "CYP2D6": 0.9741457183849287,
    "CYP3A4": 0.7349898268460792
  },
  "restored_fit_st_rae_by_cyp": {
    "CYP1A2": 0.8870814743321461,
    "CYP2C9": 0.7865650055941472,
    "CYP2D6": 1.0089903232087436,
    "CYP3A4": 0.7355503393991966
  },
  "restored_validation_st_rae_by_cyp": {
    "CYP1A2": 0.8356265174893371,
    "CYP2C9": 0.8443127214845144,
    "CYP2D6": 0.9766951634238301,
    "CYP3A4": 0.7361195861651172
  },
  "validation_bootstrap_metrics": {
    "n_bootstrap_samples": 1000,
    "seed": 0,
    "macro": {
      "st_rae": {
        "mean": 0.8481884971406997,
        "ci_low": 0.8016794921999161,
        "ci_high": 0.8946355778234014
      },
      "mae": {
        "mean": 0.6137777057422449,
        "ci_low": 0.5792626992707943,
        "ci_high": 0.6504826962904755
      },
      "r2": {
        "mean": 0.19626368405548225,
        "ci_low": 0.1489888489328197,
        "ci_high": 0.24110441016712225
      },
      "spearman_rho": {
        "mean": 0.4288734044658529,
        "ci_low": 0.3757313757244056,
        "ci_high": 0.4835532321176239
      },
      "kendall_tau": {
        "mean": 0.29923111040180805,
        "ci_low": 0.26024302349712825,
        "ci_high": 0.3392554892905309
      }
    },
    "per_endpoint": {
      "CYP1A2": {
        "st_rae": {
          "mean": 0.8356265174893371,
          "ci_low": 0.7410445864033123,
          "ci_high": 0.9429729974440872
        },
        "mae": {
          "mean": 0.6578227820933632,
          "ci_low": 0.5790140933105362,
          "ci_high": 0.73919701302512
        },
        "r2": {
          "mean": 0.2488065958684126,
          "ci_low": 0.16074133581463715,
          "ci_high": 0.3300762468126584
        },
        "spearman_rho": {
          "mean": 0.49143428183942844,
          "ci_low": 0.3859334632690724,
          "ci_high": 0.5847923482064216
        },
        "kendall_tau": {
          "mean": 0.33709838064331143,
          "ci_low": 0.26021184277074183,
          "ci_high": 0.407781540293173
        }
      },
      "CYP2C9": {
        "st_rae": {
          "mean": 0.8443127214845144,
          "ci_low": 0.7440576912185961,
          "ci_high": 0.9596511023904121
        },
        "mae": {
          "mean": 0.5002463083821947,
          "ci_low": 0.44190430511342416,
          "ci_high": 0.560084733691546
        },
        "r2": {
          "mean": 0.20393784782581262,
          "ci_low": 0.09935738363046612,
          "ci_high": 0.30160852221613466
        },
        "spearman_rho": {
          "mean": 0.397948143177195,
          "ci_low": 0.2684229467479367,
          "ci_high": 0.5246296857785051
        },
        "kendall_tau": {
          "mean": 0.27565266359225665,
          "ci_low": 0.18195857307427665,
          "ci_high": 0.3711199803741992
        }
      },
      "CYP2D6": {
        "st_rae": {
          "mean": 0.9766951634238301,
          "ci_low": 0.90894293037987,
          "ci_high": 1.051124516147549
        },
        "mae": {
          "mean": 0.610314539222738,
          "ci_low": 0.5288577340705947,
          "ci_high": 0.6931781503441031
        },
        "r2": {
          "mean": 0.016825282180806676,
          "ci_low": -0.05901778484576316,
          "ci_high": 0.08897545968412286
        },
        "spearman_rho": {
          "mean": 0.24879382784320186,
          "ci_low": 0.1318320350681651,
          "ci_high": 0.3646263404814742
        },
        "kendall_tau": {
          "mean": 0.17040678474424892,
          "ci_low": 0.08997740990324772,
          "ci_high": 0.25289582421514223
        }
      },
      "CYP3A4": {
        "st_rae": {
          "mean": 0.7361195861651172,
          "ci_low": 0.6629360243624379,
          "ci_high": 0.8111943964489526
        },
        "mae": {
          "mean": 0.6867271932706833,
          "ci_low": 0.6350435544570288,
          "ci_high": 0.7429521730740865
        },
        "r2": {
          "mean": 0.3154850103468971,
          "ci_low": 0.22355301076602987,
          "ci_high": 0.4010007724802662
        },
        "spearman_rho": {
          "mean": 0.5773173650035862,
          "ci_low": 0.4962848836013619,
          "ci_high": 0.6497639571122099
        },
        "kendall_tau": {
          "mean": 0.41376661262741515,
          "ci_low": 0.3528905010471301,
          "ci_high": 0.4730110768539913
        }
      }
    }
  },
  "epochs_run": 4,
  "fit_observations": 4177,
  "validation_observations": 1039,
  "rule": "gated_residual",
  "generations": 16,
  "hidden_channels": 16,
  "atom_feature_profile": "local_environment",
  "atom_feature_count": 29,
  "atom_feature_names": [
    "element_H",
    "element_C",
    "element_N",
    "element_O",
    "element_F",
    "element_P",
    "element_S",
    "element_Cl",
    "element_Br",
    "element_I",
    "element_other",
    "formal_charge",
    "aromatic",
    "hybrid_sp",
    "hybrid_sp2",
    "hybrid_sp3",
    "hybrid_other",
    "degree",
    "total_hydrogens",
    "in_ring",
    "hbond_donor",
    "hbond_acceptor",
    "chiral_cw",
    "chiral_ccw",
    "chiral_other",
    "mean_neighbour_electronegativity",
    "electronegativity_difference",
    "mean_neighbour_atomic_number",
    "neighbour_formal_charge"
  ],
  "device": "cuda",
  "gpu": "NVIDIA GeForce RTX 5070 Ti",
  "training_seconds": 16.99329829995986,
  "peak_gpu_memory_bytes": 73236480,
  "runtime": {
    "operating_system": "Windows-10-10.0.26200-SP0",
    "machine": "AMD64",
    "python": "3.11.16",
    "python_executable": "C:\\Users\\Anthony\\anaconda3\\envs\\strange-matter-gpu\\python.exe",
    "pytorch": "2.11.0+cu128",
    "pytorch_cuda": "12.8",
    "device": "cuda",
    "gpu": "NVIDIA GeForce RTX 5070 Ti"
  },
  "validation_protocol": {
    "kind": "scaffold_cross_validation",
    "fold": 2,
    "folds": 5
  },
  "readout": "differentiable_closed_form_ridge",
  "hyperparameters": {
    "ca_lr": 0.0003,
    "ridge": 1.0,
    "ca_l2": 0.0001,
    "gradient_clip": 1.0,
    "update_scale": 0.4,
    "init_scale": 1.0,
    "initial_noise": 0.0,
    "support_fraction": 0.85,
    "bond_temperature": 1.0,
    "dyn_a": 0.2,
    "dyn_b": 0.5,
    "dyn_c": 0.2,
    "dyn_d": 0.3,
    "lr_schedule": "cosine_0.1x"
  }
}
