{"operating_system": "macOS-26.2-arm64-arm-64bit", "machine": "arm64", "python": "3.10.19", "python_executable": "/opt/anaconda3/envs/kcc2/bin/python3.10", "pytorch": "2.8.0", "pytorch_cuda": null, "device": "cpu", "gpu": null}
{"epoch": 1, "train_rmse": 0.8955498180200353, "validation_rmse": 1.015549659729004, "mean_raw_gradient_norm": 2.078295040130615, "fraction_gradients_clipped": 1.0}
{"epoch": 2, "train_rmse": 0.8699668079928552, "validation_rmse": 1.0139912366867065, "mean_raw_gradient_norm": 1.8812392830848694, "fraction_gradients_clipped": 1.0}
{"epoch": 3, "train_rmse": 0.9885026775048819, "validation_rmse": 1.0134395360946655, "mean_raw_gradient_norm": 2.684586000442505, "fraction_gradients_clipped": 1.0}
{
  "seed": 1701,
  "best_validation_rmse": 1.015549659729004,
  "restored_fit_rmse": 0.9274043440818787,
  "restored_validation_rmse": 1.015549659729004,
  "epochs_run": 3,
  "fit_observations": 791,
  "validation_observations": 273,
  "rule": "gray_scott",
  "generations": 64,
  "hidden_channels": 4,
  "device": "cpu",
  "gpu": null,
  "training_seconds": 5.197025124914944,
  "peak_gpu_memory_bytes": 0,
  "runtime": {
    "operating_system": "macOS-26.2-arm64-arm-64bit",
    "machine": "arm64",
    "python": "3.10.19",
    "python_executable": "/opt/anaconda3/envs/kcc2/bin/python3.10",
    "pytorch": "2.8.0",
    "pytorch_cuda": null,
    "device": "cpu",
    "gpu": null
  },
  "readout": "differentiable_closed_form_ridge",
  "hyperparameters": {
    "ca_lr": 0.001,
    "ridge": 1.0,
    "ca_l2": 1e-05,
    "gradient_clip": 0.5,
    "update_scale": 0.25,
    "init_scale": 0.5,
    "initial_noise": 0.0,
    "support_fraction": 0.85,
    "bond_temperature": 0.5,
    "dyn_a": 0.5,
    "dyn_b": 0.8,
    "dyn_c": 0.5,
    "dyn_d": 0.3,
    "lr_schedule": "cosine_0.1x"
  }
}
