{"operating_system": "Windows-10-10.0.26200-SP0", "machine": "AMD64", "python": "3.11.16", "python_executable": "C:\\Users\\Anthony\\anaconda3\\envs\\strange-matter-gpu\\python.exe", "pytorch": "2.11.0+cu128", "pytorch_cuda": "12.8", "device": "cuda", "gpu": "NVIDIA GeForce RTX 5070 Ti"}
{"epoch": 1, "train_rmse": 1.0219069301539971, "validation_rmse": 0.8991918563842773, "validation_ma_st_rae": 0.9144089216023574, "validation_CYP1A2_st_rae": 0.8751919086565557, "validation_CYP2C9_st_rae": 0.9752524234521791, "validation_CYP2D6_st_rae": 1.0875074228551356, "validation_CYP3A4_st_rae": 0.7196839314455595, "mean_raw_gradient_norm": 3.790458722114563, "fraction_gradients_clipped": 1.0}
{"epoch": 2, "train_rmse": 0.9862912168664559, "validation_rmse": 0.8959101438522339, "validation_ma_st_rae": 0.9115069297951731, "validation_CYP1A2_st_rae": 0.8476722074080512, "validation_CYP2C9_st_rae": 0.996631200347385, "validation_CYP2D6_st_rae": 1.09012247740483, "validation_CYP3A4_st_rae": 0.7116018340204263, "mean_raw_gradient_norm": 3.567096219062805, "fraction_gradients_clipped": 1.0}
{"epoch": 3, "train_rmse": 1.00911152224791, "validation_rmse": 0.8962793350219727, "validation_ma_st_rae": 0.8958997013704737, "validation_CYP1A2_st_rae": 0.8672343583000875, "validation_CYP2C9_st_rae": 0.9152709181375006, "validation_CYP2D6_st_rae": 1.0741412146480969, "validation_CYP3A4_st_rae": 0.7269523143962097, "mean_raw_gradient_norm": 3.205896048545837, "fraction_gradients_clipped": 1.0}
{"epoch": 4, "train_rmse": 1.0212723807202144, "validation_rmse": 0.8992065191268921, "validation_ma_st_rae": 0.9027427556667569, "validation_CYP1A2_st_rae": 0.8734789996547205, "validation_CYP2C9_st_rae": 0.9268497021594105, "validation_CYP2D6_st_rae": 1.09957558932582, "validation_CYP3A4_st_rae": 0.7110667315270764, "mean_raw_gradient_norm": 4.108005442619324, "fraction_gradients_clipped": 1.0}
{"epoch": 5, "train_rmse": 0.9609748086944577, "validation_rmse": 0.9011898636817932, "validation_ma_st_rae": 0.8970429857045821, "validation_CYP1A2_st_rae": 0.8648386709427097, "validation_CYP2C9_st_rae": 0.9048563191825566, "validation_CYP2D6_st_rae": 1.120770066768564, "validation_CYP3A4_st_rae": 0.6977068859244978, "mean_raw_gradient_norm": 3.154397602081299, "fraction_gradients_clipped": 1.0}
{"epoch": 6, "train_rmse": 0.9444197313667264, "validation_rmse": 0.8954409956932068, "validation_ma_st_rae": 0.8892033237094624, "validation_CYP1A2_st_rae": 0.8496911985556647, "validation_CYP2C9_st_rae": 0.9082983418540406, "validation_CYP2D6_st_rae": 1.1043758926400633, "validation_CYP3A4_st_rae": 0.6944478617880812, "mean_raw_gradient_norm": 3.028823175430298, "fraction_gradients_clipped": 1.0}
{"epoch": 7, "train_rmse": 0.9464407659064286, "validation_rmse": 0.8953014612197876, "validation_ma_st_rae": 0.8826969883962701, "validation_CYP1A2_st_rae": 0.8433105702265512, "validation_CYP2C9_st_rae": 0.9067376140668527, "validation_CYP2D6_st_rae": 1.0879560519909346, "validation_CYP3A4_st_rae": 0.6927837173007417, "mean_raw_gradient_norm": 3.323804235458374, "fraction_gradients_clipped": 1.0}
{"epoch": 8, "train_rmse": 0.9290007295528016, "validation_rmse": 0.8945995569229126, "validation_ma_st_rae": 0.8850936171453048, "validation_CYP1A2_st_rae": 0.846204452167065, "validation_CYP2C9_st_rae": 0.9114369223221499, "validation_CYP2D6_st_rae": 1.088882374809671, "validation_CYP3A4_st_rae": 0.6938507192823337, "mean_raw_gradient_norm": 2.837892656326294, "fraction_gradients_clipped": 1.0}
{
  "seed": 2909,
  "selection_metric": "validation_ma_st_rae",
  "best_validation_ma_st_rae": 0.8826969883962701,
  "best_validation_rmse": 0.8953014612197876,
  "restored_fit_rmse": 0.8132623434066772,
  "restored_validation_rmse": 0.8952996134757996,
  "restored_fit_ma_st_rae": 0.8180914750302581,
  "restored_validation_ma_st_rae": 0.8878861798968692,
  "restored_validation_point_ma_st_rae": 0.8826863531614499,
  "restored_validation_point_st_rae_by_cyp": {
    "CYP1A2": 0.8433067049558686,
    "CYP2C9": 0.9067271873965191,
    "CYP2D6": 1.087933859254418,
    "CYP3A4": 0.6927776610389936
  },
  "restored_fit_st_rae_by_cyp": {
    "CYP1A2": 0.8601888456355612,
    "CYP2C9": 0.7417198432588906,
    "CYP2D6": 0.9941295430515374,
    "CYP3A4": 0.6763276681750433
  },
  "restored_validation_st_rae_by_cyp": {
    "CYP1A2": 0.8495239024053759,
    "CYP2C9": 0.9131697047055013,
    "CYP2D6": 1.0922721227521592,
    "CYP3A4": 0.6965789897244405
  },
  "validation_bootstrap_metrics": {
    "n_bootstrap_samples": 1000,
    "seed": 0,
    "macro": {
      "st_rae": {
        "mean": 0.8878861798968692,
        "ci_low": 0.8190936622272427,
        "ci_high": 0.970879196057847
      },
      "mae": {
        "mean": 0.6452182785717194,
        "ci_low": 0.6105805779478781,
        "ci_high": 0.6825419745359621
      },
      "r2": {
        "mean": 0.12703678317546477,
        "ci_low": -0.013634695886816447,
        "ci_high": 0.23189005135711316
      },
      "spearman_rho": {
        "mean": 0.48632282957510664,
        "ci_low": 0.4356293428496378,
        "ci_high": 0.5379510381097542
      },
      "kendall_tau": {
        "mean": 0.3407504178192463,
        "ci_low": 0.30385026458721387,
        "ci_high": 0.37907262821478216
      }
    },
    "per_endpoint": {
      "CYP1A2": {
        "st_rae": {
          "mean": 0.8495239024053759,
          "ci_low": 0.7394735909393536,
          "ci_high": 0.9826497971894337
        },
        "mae": {
          "mean": 0.710430763762792,
          "ci_low": 0.6382823832299974,
          "ci_high": 0.7851420524915058
        },
        "r2": {
          "mean": 0.23548241397848504,
          "ci_low": 0.13751176190891057,
          "ci_high": 0.32393954455828256
        },
        "spearman_rho": {
          "mean": 0.4836553324447191,
          "ci_low": 0.3761609057633909,
          "ci_high": 0.5831387027420354
        },
        "kendall_tau": {
          "mean": 0.33640416763583475,
          "ci_low": 0.2593521291230426,
          "ci_high": 0.4117319707729235
        }
      },
      "CYP2C9": {
        "st_rae": {
          "mean": 0.9131697047055013,
          "ci_low": 0.7213885804256257,
          "ci_high": 1.145837946616156
        },
        "mae": {
          "mean": 0.47924100340232645,
          "ci_low": 0.4203595028037117,
          "ci_high": 0.5454076028374767
        },
        "r2": {
          "mean": 0.09757753555508794,
          "ci_low": -0.3379998802403314,
          "ci_high": 0.35845651139840323
        },
        "spearman_rho": {
          "mean": 0.4974867202627901,
          "ci_low": 0.3703519276474526,
          "ci_high": 0.6095533022685131
        },
        "kendall_tau": {
          "mean": 0.35342795166008933,
          "ci_low": 0.2572761217730584,
          "ci_high": 0.44044812953673673
        }
      },
      "CYP2D6": {
        "st_rae": {
          "mean": 1.0922721227521592,
          "ci_low": 0.960573117655067,
          "ci_high": 1.2584728382732602
        },
        "mae": {
          "mean": 0.684587379579827,
          "ci_low": 0.5963268708627103,
          "ci_high": 0.7773164429907071
        },
        "r2": {
          "mean": -0.13047399764572465,
          "ci_low": -0.40008515540161077,
          "ci_high": 0.058938912967599004
        },
        "spearman_rho": {
          "mean": 0.31125623653565393,
          "ci_low": 0.18905626278645407,
          "ci_high": 0.42555227967128023
        },
        "kendall_tau": {
          "mean": 0.20823127527254282,
          "ci_low": 0.1229042541368888,
          "ci_high": 0.2836677333033691
        }
      },
      "CYP3A4": {
        "st_rae": {
          "mean": 0.6965789897244405,
          "ci_low": 0.6128494447035577,
          "ci_high": 0.7915198838915287
        },
        "mae": {
          "mean": 0.7066139675419324,
          "ci_low": 0.6452481191404819,
          "ci_high": 0.7735452166528944
        },
        "r2": {
          "mean": 0.3055611808140106,
          "ci_low": 0.06666704128987473,
          "ci_high": 0.44511864437822773
        },
        "spearman_rho": {
          "mean": 0.6528930290572634,
          "ci_low": 0.5907330503410325,
          "ci_high": 0.7116331002107324
        },
        "kendall_tau": {
          "mean": 0.4649382767085184,
          "ci_low": 0.41587460220845124,
          "ci_high": 0.511865800048739
        }
      }
    }
  },
  "epochs_run": 8,
  "fit_observations": 4213,
  "validation_observations": 1003,
  "rule": "gray_scott",
  "generations": 125,
  "hidden_channels": 16,
  "atom_feature_profile": "periodic_electronic",
  "atom_feature_count": 41,
  "atom_feature_names": [
    "element_H",
    "element_C",
    "element_N",
    "element_O",
    "element_F",
    "element_P",
    "element_S",
    "element_Cl",
    "element_Br",
    "element_I",
    "element_other",
    "formal_charge",
    "aromatic",
    "hybrid_sp",
    "hybrid_sp2",
    "hybrid_sp3",
    "hybrid_other",
    "degree",
    "total_hydrogens",
    "in_ring",
    "hbond_donor",
    "hbond_acceptor",
    "chiral_cw",
    "chiral_ccw",
    "chiral_other",
    "atomic_number",
    "atomic_mass",
    "covalent_radius",
    "vdw_radius",
    "outer_electrons",
    "period",
    "periodic_group",
    "atomic_volume",
    "electronegativity",
    "polarizability",
    "heteroatom",
    "halogen",
    "conjugated_bond_fraction",
    "first_ionization_energy",
    "electron_affinity",
    "electronic_property_missing"
  ],
  "device": "cuda",
  "gpu": "NVIDIA GeForce RTX 5070 Ti",
  "training_seconds": 129.48493819998112,
  "peak_gpu_memory_bytes": 689576448,
  "runtime": {
    "operating_system": "Windows-10-10.0.26200-SP0",
    "machine": "AMD64",
    "python": "3.11.16",
    "python_executable": "C:\\Users\\Anthony\\anaconda3\\envs\\strange-matter-gpu\\python.exe",
    "pytorch": "2.11.0+cu128",
    "pytorch_cuda": "12.8",
    "device": "cuda",
    "gpu": "NVIDIA GeForce RTX 5070 Ti"
  },
  "validation_protocol": {
    "kind": "scaffold_cross_validation",
    "fold": 3,
    "folds": 5
  },
  "readout": "differentiable_closed_form_ridge",
  "hyperparameters": {
    "ca_lr": 0.003,
    "ridge": 1.0,
    "ca_l2": 1e-06,
    "gradient_clip": 1.0,
    "update_scale": 0.4,
    "init_scale": 0.5,
    "initial_noise": 0.0,
    "support_fraction": 0.75,
    "bond_temperature": 2.0,
    "dyn_a": 0.5,
    "dyn_b": 0.5,
    "dyn_c": 0.2,
    "dyn_d": 0.3,
    "lr_schedule": "cosine_0.1x"
  }
}
