{"operating_system": "Windows-10-10.0.26200-SP0", "machine": "AMD64", "python": "3.11.16", "python_executable": "C:\\Users\\Anthony\\anaconda3\\envs\\strange-matter-gpu\\python.exe", "pytorch": "2.11.0+cu128", "pytorch_cuda": "12.8", "device": "cuda", "gpu": "NVIDIA GeForce RTX 5070 Ti"}
{"epoch": 1, "train_rmse": 0.9499204548959154, "validation_rmse": 0.8869718313217163, "validation_ma_st_rae": 1.0194798057871692, "validation_CYP1A2_st_rae": 1.0528992322127877, "validation_CYP2C9_st_rae": 1.0800741841335908, "validation_CYP2D6_st_rae": 0.9941023117685043, "validation_CYP3A4_st_rae": 0.950843495033794, "mean_raw_gradient_norm": 8.554099082946777, "fraction_gradients_clipped": 1.0}
{"epoch": 2, "train_rmse": 1.0708629456682501, "validation_rmse": 0.8937391042709351, "validation_ma_st_rae": 1.0117837342601115, "validation_CYP1A2_st_rae": 0.9897213267497005, "validation_CYP2C9_st_rae": 1.0913386611698899, "validation_CYP2D6_st_rae": 0.9943209941507215, "validation_CYP3A4_st_rae": 0.9717539549701343, "mean_raw_gradient_norm": 9.967462015151977, "fraction_gradients_clipped": 1.0}
{"epoch": 3, "train_rmse": 1.087821561035362, "validation_rmse": 0.8896802663803101, "validation_ma_st_rae": 1.0080886849498119, "validation_CYP1A2_st_rae": 0.9975021020647269, "validation_CYP2C9_st_rae": 1.0872410082578905, "validation_CYP2D6_st_rae": 0.9841923677451571, "validation_CYP3A4_st_rae": 0.963419261731473, "mean_raw_gradient_norm": 8.03293514251709, "fraction_gradients_clipped": 1.0}
{
  "seed": 1701,
  "selection_metric": "validation_ma_st_rae",
  "best_validation_ma_st_rae": 1.0080886849498119,
  "best_validation_rmse": 0.8896802663803101,
  "restored_fit_rmse": 0.9532527923583984,
  "restored_validation_rmse": 0.8896798491477966,
  "restored_fit_ma_st_rae": 0.922829731499228,
  "restored_validation_ma_st_rae": 1.0250073271062106,
  "restored_validation_point_ma_st_rae": 1.008087340388448,
  "restored_validation_point_st_rae_by_cyp": {
    "CYP1A2": 0.997498507939544,
    "CYP2C9": 1.0872386622174768,
    "CYP2D6": 0.9841924967800563,
    "CYP3A4": 0.9634196946167155
  },
  "restored_fit_st_rae_by_cyp": {
    "CYP1A2": 0.9689981787237512,
    "CYP2C9": 0.9182086100933448,
    "CYP2D6": 0.9650967136332694,
    "CYP3A4": 0.8390154235465461
  },
  "restored_validation_st_rae_by_cyp": {
    "CYP1A2": 0.9977819582188937,
    "CYP2C9": 1.123608597669508,
    "CYP2D6": 0.9995265246661892,
    "CYP3A4": 0.9791122278702521
  },
  "validation_bootstrap_metrics": {
    "n_bootstrap_samples": 1000,
    "seed": 0,
    "macro": {
      "st_rae": {
        "mean": 1.0250073271062106,
        "ci_low": 0.9147342887559189,
        "ci_high": 1.1364568402386552
      },
      "mae": {
        "mean": 0.6741109142028806,
        "ci_low": 0.6073915939329767,
        "ci_high": 0.7436282031845243
      },
      "r2": {
        "mean": -0.013945545175849627,
        "ci_low": -0.13152813986278586,
        "ci_high": 0.09348055003185306
      },
      "spearman_rho": {
        "mean": 0.2886989568402496,
        "ci_low": 0.1749915974569559,
        "ci_high": 0.40353693167042715
      },
      "kendall_tau": {
        "mean": 0.20403981708030366,
        "ci_low": 0.12333924849460615,
        "ci_high": 0.28782060471727827
      }
    },
    "per_endpoint": {
      "CYP1A2": {
        "st_rae": {
          "mean": 0.9977819582188937,
          "ci_low": 0.806001707044831,
          "ci_high": 1.2316297698486007
        },
        "mae": {
          "mean": 0.6963869461622394,
          "ci_low": 0.546110237035595,
          "ci_high": 0.8624217562011031
        },
        "r2": {
          "mean": 0.10079040518377459,
          "ci_low": -0.07368764310548803,
          "ci_high": 0.21723545657615198
        },
        "spearman_rho": {
          "mean": 0.43255119141178433,
          "ci_low": 0.20883539992899927,
          "ci_high": 0.6200498495058447
        },
        "kendall_tau": {
          "mean": 0.2982656836969638,
          "ci_low": 0.13876114827201785,
          "ci_high": 0.43919820682623584
        }
      },
      "CYP2C9": {
        "st_rae": {
          "mean": 1.123608597669508,
          "ci_low": 0.8374121274950402,
          "ci_high": 1.4532189090241852
        },
        "mae": {
          "mean": 0.6074459720730782,
          "ci_low": 0.48197702835003536,
          "ci_high": 0.7470072171092034
        },
        "r2": {
          "mean": -0.2490271994517157,
          "ci_low": -0.6287618740300502,
          "ci_high": 0.0719568549895247
        },
        "spearman_rho": {
          "mean": 0.1857835864535204,
          "ci_low": -0.08349923613689289,
          "ci_high": 0.4621290452326926
        },
        "kendall_tau": {
          "mean": 0.14416715831057947,
          "ci_low": -0.04957284676167817,
          "ci_high": 0.3448558050473173
        }
      },
      "CYP2D6": {
        "st_rae": {
          "mean": 0.9995265246661892,
          "ci_low": 0.8289224445055283,
          "ci_high": 1.2006148215621615
        },
        "mae": {
          "mean": 0.575920686685122,
          "ci_low": 0.4549385543969961,
          "ci_high": 0.7115422660570878
        },
        "r2": {
          "mean": 0.0010415184585419665,
          "ci_low": -0.22939624003417688,
          "ci_high": 0.17302847748995723
        },
        "spearman_rho": {
          "mean": 0.25066582075145954,
          "ci_low": 0.010199600095259324,
          "ci_high": 0.46829555516390864
        },
        "kendall_tau": {
          "mean": 0.1765884106900869,
          "ci_low": 0.009799347673999367,
          "ci_high": 0.33499946567995564
        }
      },
      "CYP3A4": {
        "st_rae": {
          "mean": 0.9791122278702521,
          "ci_low": 0.8194715716993699,
          "ci_high": 1.196306099906854
        },
        "mae": {
          "mean": 0.8166900518910829,
          "ci_low": 0.7024317953475686,
          "ci_high": 0.9355329456717469
        },
        "r2": {
          "mean": 0.09141309510600061,
          "ci_low": -0.07272056288855955,
          "ci_high": 0.23593829779360342
        },
        "spearman_rho": {
          "mean": 0.2857952287442342,
          "ci_low": 0.07118801920556816,
          "ci_high": 0.4792334610938415
        },
        "kendall_tau": {
          "mean": 0.19713801562358443,
          "ci_low": 0.04584085472343299,
          "ci_high": 0.33426188716432614
        }
      }
    }
  },
  "epochs_run": 3,
  "fit_observations": 806,
  "validation_observations": 272,
  "rule": "fitzhugh_nagumo",
  "generations": 16,
  "hidden_channels": 4,
  "atom_feature_profile": "local_environment",
  "atom_feature_count": 29,
  "atom_feature_names": [
    "element_H",
    "element_C",
    "element_N",
    "element_O",
    "element_F",
    "element_P",
    "element_S",
    "element_Cl",
    "element_Br",
    "element_I",
    "element_other",
    "formal_charge",
    "aromatic",
    "hybrid_sp",
    "hybrid_sp2",
    "hybrid_sp3",
    "hybrid_other",
    "degree",
    "total_hydrogens",
    "in_ring",
    "hbond_donor",
    "hbond_acceptor",
    "chiral_cw",
    "chiral_ccw",
    "chiral_other",
    "mean_neighbour_electronegativity",
    "electronegativity_difference",
    "mean_neighbour_atomic_number",
    "neighbour_formal_charge"
  ],
  "device": "cuda",
  "gpu": "NVIDIA GeForce RTX 5070 Ti",
  "training_seconds": 2.9569895998574793,
  "peak_gpu_memory_bytes": 39718400,
  "runtime": {
    "operating_system": "Windows-10-10.0.26200-SP0",
    "machine": "AMD64",
    "python": "3.11.16",
    "python_executable": "C:\\Users\\Anthony\\anaconda3\\envs\\strange-matter-gpu\\python.exe",
    "pytorch": "2.11.0+cu128",
    "pytorch_cuda": "12.8",
    "device": "cuda",
    "gpu": "NVIDIA GeForce RTX 5070 Ti"
  },
  "validation_protocol": {
    "kind": "scaffold_cross_validation",
    "fold": 0,
    "folds": 5
  },
  "readout": "differentiable_closed_form_ridge",
  "prediction_mode": "direct",
  "residual_alpha": null,
  "trajectory_pooling": "legacy",
  "ridge_mode": "shared",
  "loss_mode": "hybrid_interval",
  "interval_loss_beta": 1.0,
  "interval_temperature": 0.05,
  "hyperparameters": {
    "ca_lr": 0.003,
    "ridge": 0.1,
    "ca_l2": 1e-05,
    "gradient_clip": 0.5,
    "update_scale": 0.15,
    "init_scale": 1.0,
    "initial_noise": 0.005,
    "support_fraction": 0.85,
    "bond_temperature": 0.5,
    "dyn_a": 0.2,
    "dyn_b": 0.8,
    "dyn_c": 0.5,
    "dyn_d": 0.05,
    "lr_schedule": "cosine_0.1x"
  }
}
