{"operating_system": "Windows-10-10.0.26200-SP0", "machine": "AMD64", "python": "3.11.16", "python_executable": "C:\\Users\\Anthony\\anaconda3\\envs\\strange-matter-gpu\\python.exe", "pytorch": "2.11.0+cu128", "pytorch_cuda": "12.8", "device": "cuda", "gpu": "NVIDIA GeForce RTX 5070 Ti"}
{"epoch": 1, "train_rmse": 1.0309017135049547, "validation_rmse": 0.8220081925392151, "validation_ma_st_rae": 0.8843194507431851, "validation_CYP1A2_st_rae": 0.8948232248824949, "validation_CYP2C9_st_rae": 0.8521529227359369, "validation_CYP2D6_st_rae": 1.0105406076357324, "validation_CYP3A4_st_rae": 0.7797610477185762, "mean_raw_gradient_norm": 7.70717269897461, "fraction_gradients_clipped": 1.0}
{"epoch": 2, "train_rmse": 1.0780019565123868, "validation_rmse": 0.811847448348999, "validation_ma_st_rae": 0.8625423563294906, "validation_CYP1A2_st_rae": 0.8881225567588922, "validation_CYP2C9_st_rae": 0.8032063976149827, "validation_CYP2D6_st_rae": 0.9889459645120104, "validation_CYP3A4_st_rae": 0.769894506432077, "mean_raw_gradient_norm": 6.08949842453003, "fraction_gradients_clipped": 1.0}
{"epoch": 3, "train_rmse": 1.009187729934702, "validation_rmse": 0.7922499775886536, "validation_ma_st_rae": 0.8453719914713282, "validation_CYP1A2_st_rae": 0.9044112690382541, "validation_CYP2C9_st_rae": 0.7381290353684359, "validation_CYP2D6_st_rae": 0.9951329785610786, "validation_CYP3A4_st_rae": 0.743814682917544, "mean_raw_gradient_norm": 6.601320152282715, "fraction_gradients_clipped": 1.0}
{"epoch": 4, "train_rmse": 1.040367858397764, "validation_rmse": 0.7988925576210022, "validation_ma_st_rae": 0.8506800876945937, "validation_CYP1A2_st_rae": 0.9057390323420488, "validation_CYP2C9_st_rae": 0.7448341185248106, "validation_CYP2D6_st_rae": 0.9986415543468289, "validation_CYP3A4_st_rae": 0.7535056455646862, "mean_raw_gradient_norm": 7.1915884208679195, "fraction_gradients_clipped": 1.0}
{"epoch": 5, "train_rmse": 1.0049080009048985, "validation_rmse": 0.7968297004699707, "validation_ma_st_rae": 0.8486347740896591, "validation_CYP1A2_st_rae": 0.9299130433481212, "validation_CYP2C9_st_rae": 0.7231329597383778, "validation_CYP2D6_st_rae": 0.997700781626876, "validation_CYP3A4_st_rae": 0.7437923116452616, "mean_raw_gradient_norm": 7.6404953289031985, "fraction_gradients_clipped": 1.0}
{"epoch": 6, "train_rmse": 0.9622540992079643, "validation_rmse": 0.7932748794555664, "validation_ma_st_rae": 0.8414928494419245, "validation_CYP1A2_st_rae": 0.9203923843261104, "validation_CYP2C9_st_rae": 0.7110371724840433, "validation_CYP2D6_st_rae": 0.9994022347592161, "validation_CYP3A4_st_rae": 0.7351396061983284, "mean_raw_gradient_norm": 6.01630331993103, "fraction_gradients_clipped": 1.0}
{"epoch": 7, "train_rmse": 1.055848393300958, "validation_rmse": 0.7941800951957703, "validation_ma_st_rae": 0.84156745184998, "validation_CYP1A2_st_rae": 0.908762984004595, "validation_CYP2C9_st_rae": 0.722626087836216, "validation_CYP2D6_st_rae": 0.9978186180361087, "validation_CYP3A4_st_rae": 0.7370621175230005, "mean_raw_gradient_norm": 6.731862363815307, "fraction_gradients_clipped": 1.0}
{"epoch": 8, "train_rmse": 0.9882333663980398, "validation_rmse": 0.7927147746086121, "validation_ma_st_rae": 0.8390838002009775, "validation_CYP1A2_st_rae": 0.9074277769025444, "validation_CYP2C9_st_rae": 0.7176985792272972, "validation_CYP2D6_st_rae": 0.9970907225829346, "validation_CYP3A4_st_rae": 0.734118122091134, "mean_raw_gradient_norm": 6.3321365547180175, "fraction_gradients_clipped": 1.0}
{
  "seed": 2909,
  "selection_metric": "validation_ma_st_rae",
  "best_validation_ma_st_rae": 0.8414928494419245,
  "best_validation_rmse": 0.7932748794555664,
  "restored_fit_rmse": 0.8604783415794373,
  "restored_validation_rmse": 0.7932755947113037,
  "restored_fit_ma_st_rae": 0.8605957168348948,
  "restored_validation_ma_st_rae": 0.8451002387348637,
  "restored_validation_point_ma_st_rae": 0.841491784797114,
  "restored_validation_point_st_rae_by_cyp": {
    "CYP1A2": 0.9204260833733854,
    "CYP2C9": 0.7109856885473946,
    "CYP2D6": 0.999419454728488,
    "CYP3A4": 0.7351359125391876
  },
  "restored_fit_st_rae_by_cyp": {
    "CYP1A2": 0.8759632242420794,
    "CYP2C9": 0.8307404499578727,
    "CYP2D6": 1.0020002552169704,
    "CYP3A4": 0.7336789379226568
  },
  "restored_validation_st_rae_by_cyp": {
    "CYP1A2": 0.9242009860822223,
    "CYP2C9": 0.7151482801348841,
    "CYP2D6": 1.0033755181098547,
    "CYP3A4": 0.7376761706124938
  },
  "validation_bootstrap_metrics": {
    "n_bootstrap_samples": 1000,
    "seed": 0,
    "macro": {
      "st_rae": {
        "mean": 0.8451002387348637,
        "ci_low": 0.7920740950887812,
        "ci_high": 0.9013677312519881
      },
      "mae": {
        "mean": 0.5825428334959267,
        "ci_low": 0.5506422258778136,
        "ci_high": 0.6148248932678169
      },
      "r2": {
        "mean": 0.20669183198123717,
        "ci_low": 0.15080245169828013,
        "ci_high": 0.254838264682056
      },
      "spearman_rho": {
        "mean": 0.4555784917622663,
        "ci_low": 0.3990889194814179,
        "ci_high": 0.5048694642006855
      },
      "kendall_tau": {
        "mean": 0.3224689112861505,
        "ci_low": 0.2822337292255277,
        "ci_high": 0.35749830984446923
      }
    },
    "per_endpoint": {
      "CYP1A2": {
        "st_rae": {
          "mean": 0.9242009860822223,
          "ci_low": 0.8094019194016955,
          "ci_high": 1.0584210598714463
        },
        "mae": {
          "mean": 0.6261748093006847,
          "ci_low": 0.5428496460925352,
          "ci_high": 0.7115544987557171
        },
        "r2": {
          "mean": 0.12163772325593249,
          "ci_low": -0.005374877783502623,
          "ci_high": 0.23251362304520456
        },
        "spearman_rho": {
          "mean": 0.4459487784748194,
          "ci_low": 0.3231931364504163,
          "ci_high": 0.555296618757446
        },
        "kendall_tau": {
          "mean": 0.3123528218733701,
          "ci_low": 0.22499499796228573,
          "ci_high": 0.3929049821910924
        }
      },
      "CYP2C9": {
        "st_rae": {
          "mean": 0.7151482801348841,
          "ci_low": 0.598817557649669,
          "ci_high": 0.8524947750937608
        },
        "mae": {
          "mean": 0.47919241503746274,
          "ci_low": 0.429526004154012,
          "ci_high": 0.5331422874729754
        },
        "r2": {
          "mean": 0.33633907649014094,
          "ci_low": 0.20168952228754553,
          "ci_high": 0.4408648670973916
        },
        "spearman_rho": {
          "mean": 0.5246316504038017,
          "ci_low": 0.41383780586518876,
          "ci_high": 0.6281740881397321
        },
        "kendall_tau": {
          "mean": 0.37573618304834794,
          "ci_low": 0.2908264109544288,
          "ci_high": 0.45535236238609716
        }
      },
      "CYP2D6": {
        "st_rae": {
          "mean": 1.0033755181098547,
          "ci_low": 0.9257127520249524,
          "ci_high": 1.086887375703456
        },
        "mae": {
          "mean": 0.5583734597925447,
          "ci_low": 0.49414752056965466,
          "ci_high": 0.6297109680552767
        },
        "r2": {
          "mean": -0.001591727357186691,
          "ci_low": -0.09978752646893535,
          "ci_high": 0.08576898567470506
        },
        "spearman_rho": {
          "mean": 0.2429684130357492,
          "ci_low": 0.11433928417739002,
          "ci_high": 0.3564227714934458
        },
        "kendall_tau": {
          "mean": 0.16544956115966836,
          "ci_low": 0.07884469282538252,
          "ci_high": 0.2433739511766358
        }
      },
      "CYP3A4": {
        "st_rae": {
          "mean": 0.7376761706124938,
          "ci_low": 0.6573698368307321,
          "ci_high": 0.8215437222572259
        },
        "mae": {
          "mean": 0.6664306498530146,
          "ci_low": 0.6157533856047378,
          "ci_high": 0.7152400361803861
        },
        "r2": {
          "mean": 0.37038225553606186,
          "ci_low": 0.2757187996774756,
          "ci_high": 0.4499177981944055
        },
        "spearman_rho": {
          "mean": 0.6087651251346949,
          "ci_low": 0.5321831296728796,
          "ci_high": 0.675743352572686
        },
        "kendall_tau": {
          "mean": 0.43633707906321584,
          "ci_low": 0.37750147466111145,
          "ci_high": 0.491756385021794
        }
      }
    }
  },
  "epochs_run": 8,
  "fit_observations": 4179,
  "validation_observations": 1037,
  "rule": "inertial_reaction_diffusion",
  "generations": 125,
  "hidden_channels": 8,
  "atom_feature_profile": "electronic_local",
  "atom_feature_count": 37,
  "atom_feature_names": [
    "element_H",
    "element_C",
    "element_N",
    "element_O",
    "element_F",
    "element_P",
    "element_S",
    "element_Cl",
    "element_Br",
    "element_I",
    "element_other",
    "formal_charge",
    "aromatic",
    "hybrid_sp",
    "hybrid_sp2",
    "hybrid_sp3",
    "hybrid_other",
    "degree",
    "total_hydrogens",
    "in_ring",
    "hbond_donor",
    "hbond_acceptor",
    "chiral_cw",
    "chiral_ccw",
    "chiral_other",
    "electronegativity",
    "polarizability",
    "heteroatom",
    "halogen",
    "conjugated_bond_fraction",
    "first_ionization_energy",
    "electron_affinity",
    "electronic_property_missing",
    "mean_neighbour_electronegativity",
    "electronegativity_difference",
    "mean_neighbour_atomic_number",
    "neighbour_formal_charge"
  ],
  "device": "cuda",
  "gpu": "NVIDIA GeForce RTX 5070 Ti",
  "training_seconds": 104.56085349991918,
  "peak_gpu_memory_bytes": 346939904,
  "runtime": {
    "operating_system": "Windows-10-10.0.26200-SP0",
    "machine": "AMD64",
    "python": "3.11.16",
    "python_executable": "C:\\Users\\Anthony\\anaconda3\\envs\\strange-matter-gpu\\python.exe",
    "pytorch": "2.11.0+cu128",
    "pytorch_cuda": "12.8",
    "device": "cuda",
    "gpu": "NVIDIA GeForce RTX 5070 Ti"
  },
  "validation_protocol": {
    "kind": "scaffold_cross_validation",
    "fold": 0,
    "folds": 5
  },
  "readout": "differentiable_closed_form_ridge",
  "prediction_mode": "direct",
  "residual_alpha": null,
  "trajectory_pooling": "legacy",
  "ridge_mode": "shared",
  "loss_mode": "hybrid_interval",
  "interval_loss_beta": 1.0,
  "interval_temperature": 0.05,
  "hyperparameters": {
    "ca_lr": 0.003,
    "ridge": 0.01,
    "ca_l2": 0.0001,
    "gradient_clip": 2.0,
    "update_scale": 0.08,
    "init_scale": 0.5,
    "initial_noise": 0.01,
    "support_fraction": 0.85,
    "bond_temperature": 0.5,
    "dyn_a": 0.5,
    "dyn_b": 0.8,
    "dyn_c": 0.8,
    "dyn_d": 0.15,
    "lr_schedule": "cosine_0.1x"
  }
}
