{"operating_system": "Windows-10-10.0.26200-SP0", "machine": "AMD64", "python": "3.11.16", "python_executable": "C:\\Users\\Anthony\\anaconda3\\envs\\strange-matter-gpu\\python.exe", "pytorch": "2.11.0+cu128", "pytorch_cuda": "12.8", "device": "cuda", "gpu": "NVIDIA GeForce RTX 5070 Ti"}
{"epoch": 1, "train_rmse": 0.9743865335725563, "validation_rmse": 0.8871719837188721, "validation_ma_st_rae": 0.9640653679768036, "validation_CYP1A2_st_rae": 0.890494020134444, "validation_CYP2C9_st_rae": 0.983777138835787, "validation_CYP2D6_st_rae": 1.0565737791762149, "validation_CYP3A4_st_rae": 0.9254165337607687, "mean_raw_gradient_norm": 17.243104410171508, "fraction_gradients_clipped": 1.0}
{"epoch": 2, "train_rmse": 1.0379211032297788, "validation_rmse": 0.8824499845504761, "validation_ma_st_rae": 0.9572055513375264, "validation_CYP1A2_st_rae": 0.8710844396260274, "validation_CYP2C9_st_rae": 0.9930243646517898, "validation_CYP2D6_st_rae": 1.0461630831489206, "validation_CYP3A4_st_rae": 0.9185503179233679, "mean_raw_gradient_norm": 6.985392379760742, "fraction_gradients_clipped": 1.0}
{"epoch": 3, "train_rmse": 1.1130508719880103, "validation_rmse": 0.8822076320648193, "validation_ma_st_rae": 0.9571884979519003, "validation_CYP1A2_st_rae": 0.8692679658040863, "validation_CYP2C9_st_rae": 0.9988365439990804, "validation_CYP2D6_st_rae": 1.0427456585538193, "validation_CYP3A4_st_rae": 0.9179038234506149, "mean_raw_gradient_norm": 11.574961853027343, "fraction_gradients_clipped": 1.0}
{
  "seed": 1701,
  "selection_metric": "validation_ma_st_rae",
  "best_validation_ma_st_rae": 0.9572055513375264,
  "best_validation_rmse": 0.8824499845504761,
  "restored_fit_rmse": 0.9755065441131592,
  "restored_validation_rmse": 0.8824511170387268,
  "restored_fit_ma_st_rae": 0.9433909803767566,
  "restored_validation_ma_st_rae": 0.9709142090886133,
  "restored_validation_point_ma_st_rae": 0.9572074241571771,
  "restored_validation_point_st_rae_by_cyp": {
    "CYP1A2": 0.8710841145292773,
    "CYP2C9": 0.9930262672333448,
    "CYP2D6": 1.0461683920133413,
    "CYP3A4": 0.9185509228527453
  },
  "restored_fit_st_rae_by_cyp": {
    "CYP1A2": 0.9187469983160108,
    "CYP2C9": 0.9480744202352884,
    "CYP2D6": 0.9900643481664758,
    "CYP3A4": 0.9166781547892515
  },
  "restored_validation_st_rae_by_cyp": {
    "CYP1A2": 0.8669171675920225,
    "CYP2C9": 1.0226223526804772,
    "CYP2D6": 1.0603671831689108,
    "CYP3A4": 0.9337501329130429
  },
  "validation_bootstrap_metrics": {
    "n_bootstrap_samples": 1000,
    "seed": 0,
    "macro": {
      "st_rae": {
        "mean": 0.9709142090886133,
        "ci_low": 0.8824908740749553,
        "ci_high": 1.0718291046481898
      },
      "mae": {
        "mean": 0.6495883180919606,
        "ci_low": 0.5812611969114465,
        "ci_high": 0.7194441924462417
      },
      "r2": {
        "mean": 0.02723688401624597,
        "ci_low": -0.07781532214290146,
        "ci_high": 0.12202690463990404
      },
      "spearman_rho": {
        "mean": 0.26038645885520406,
        "ci_low": 0.14750811457370247,
        "ci_high": 0.37088268075854036
      },
      "kendall_tau": {
        "mean": 0.1872035671109501,
        "ci_low": 0.10285564828513794,
        "ci_high": 0.2679967357983056
      }
    },
    "per_endpoint": {
      "CYP1A2": {
        "st_rae": {
          "mean": 0.8669171675920225,
          "ci_low": 0.6947398759884801,
          "ci_high": 1.0476004477373186
        },
        "mae": {
          "mean": 0.6225334892155695,
          "ci_low": 0.4672758331064318,
          "ci_high": 0.7920686466772048
        },
        "r2": {
          "mean": 0.19436879220194586,
          "ci_low": 0.059852670783034974,
          "ci_high": 0.31617742486936123
        },
        "spearman_rho": {
          "mean": 0.6278730102276195,
          "ci_low": 0.44138609270635953,
          "ci_high": 0.7840036985035396
        },
        "kendall_tau": {
          "mean": 0.4643498878844301,
          "ci_low": 0.31473537604456825,
          "ci_high": 0.60510094799031
        }
      },
      "CYP2C9": {
        "st_rae": {
          "mean": 1.0226223526804772,
          "ci_low": 0.7757935573914719,
          "ci_high": 1.350590620998499
        },
        "mae": {
          "mean": 0.5722077514847119,
          "ci_low": 0.4657891900340716,
          "ci_high": 0.6956584773461023
        },
        "r2": {
          "mean": -0.02422539862764927,
          "ci_low": -0.3935171333184171,
          "ci_high": 0.27159066605573534
        },
        "spearman_rho": {
          "mean": 0.24883766785793313,
          "ci_low": -0.008523911497132393,
          "ci_high": 0.4841695476094476
        },
        "kendall_tau": {
          "mean": 0.171617163737004,
          "ci_low": -0.0012201514018852157,
          "ci_high": 0.345253164556962
        }
      },
      "CYP2D6": {
        "st_rae": {
          "mean": 1.0603671831689108,
          "ci_low": 0.9473307979209019,
          "ci_high": 1.1953184885570336
        },
        "mae": {
          "mean": 0.5953270240050096,
          "ci_low": 0.4659765514043661,
          "ci_high": 0.7462494125733009
        },
        "r2": {
          "mean": -0.11019787034564016,
          "ci_low": -0.23730147820172287,
          "ci_high": 0.011852437223191877
        },
        "spearman_rho": {
          "mean": -0.05334498991433114,
          "ci_low": -0.30652727217188624,
          "ci_high": 0.20790587640720562
        },
        "kendall_tau": {
          "mean": -0.03918889331009049,
          "ci_low": -0.21991838852182352,
          "ci_high": 0.14942255330203202
        }
      },
      "CYP3A4": {
        "st_rae": {
          "mean": 0.9337501329130429,
          "ci_low": 0.8120047665595437,
          "ci_high": 1.1039478271028524
        },
        "mae": {
          "mean": 0.8082850076625514,
          "ci_low": 0.674425545057585,
          "ci_high": 0.9376749634049659
        },
        "r2": {
          "mean": 0.04900201283632744,
          "ci_low": -0.08272609708364984,
          "ci_high": 0.17237956300179147
        },
        "spearman_rho": {
          "mean": 0.21818014724959472,
          "ci_low": -0.0064868708189953295,
          "ci_high": 0.413406739089921
        },
        "kendall_tau": {
          "mean": 0.15203611013245683,
          "ci_low": -0.008292308692007219,
          "ci_high": 0.2909189560960596
        }
      }
    }
  },
  "epochs_run": 3,
  "fit_observations": 806,
  "validation_observations": 272,
  "rule": "delayed_memory",
  "generations": 250,
  "hidden_channels": 4,
  "atom_feature_profile": "valence",
  "atom_feature_count": 30,
  "atom_feature_names": [
    "element_H",
    "element_C",
    "element_N",
    "element_O",
    "element_F",
    "element_P",
    "element_S",
    "element_Cl",
    "element_Br",
    "element_I",
    "element_other",
    "formal_charge",
    "aromatic",
    "hybrid_sp",
    "hybrid_sp2",
    "hybrid_sp3",
    "hybrid_other",
    "degree",
    "total_hydrogens",
    "in_ring",
    "hbond_donor",
    "hbond_acceptor",
    "chiral_cw",
    "chiral_ccw",
    "chiral_other",
    "total_valence",
    "implicit_valence",
    "heavy_atom_degree",
    "radical_electrons",
    "absolute_formal_charge"
  ],
  "device": "cuda",
  "gpu": "NVIDIA GeForce RTX 5070 Ti",
  "training_seconds": 13.685356399975717,
  "peak_gpu_memory_bytes": 298180096,
  "runtime": {
    "operating_system": "Windows-10-10.0.26200-SP0",
    "machine": "AMD64",
    "python": "3.11.16",
    "python_executable": "C:\\Users\\Anthony\\anaconda3\\envs\\strange-matter-gpu\\python.exe",
    "pytorch": "2.11.0+cu128",
    "pytorch_cuda": "12.8",
    "device": "cuda",
    "gpu": "NVIDIA GeForce RTX 5070 Ti"
  },
  "validation_protocol": {
    "kind": "scaffold_cross_validation",
    "fold": 0,
    "folds": 5
  },
  "readout": "differentiable_closed_form_ridge",
  "prediction_mode": "direct",
  "residual_alpha": null,
  "trajectory_pooling": "legacy",
  "ridge_mode": "shared",
  "loss_mode": "hybrid_interval",
  "interval_loss_beta": 0.5,
  "interval_temperature": 0.02,
  "hyperparameters": {
    "ca_lr": 0.001,
    "ridge": 0.1,
    "ca_l2": 0.0001,
    "gradient_clip": 0.5,
    "update_scale": 0.08,
    "init_scale": 1.0,
    "initial_noise": 0.005,
    "support_fraction": 0.85,
    "bond_temperature": 2.0,
    "dyn_a": 0.8,
    "dyn_b": 0.2,
    "dyn_c": 0.8,
    "dyn_d": 0.3,
    "lr_schedule": "cosine_0.1x"
  }
}
