{"operating_system": "Windows-10-10.0.26200-SP0", "machine": "AMD64", "python": "3.11.16", "python_executable": "C:\\Users\\Anthony\\anaconda3\\envs\\strange-matter-gpu\\python.exe", "pytorch": "2.11.0+cu128", "pytorch_cuda": "12.8", "device": "cuda", "gpu": "NVIDIA GeForce RTX 5070 Ti"}
{"epoch": 1, "train_rmse": 1.060889868642732, "validation_rmse": 0.7743009328842163, "validation_ma_st_rae": 0.8243748557312909, "validation_CYP1A2_st_rae": 0.8424111251188613, "validation_CYP2C9_st_rae": 0.7927280446667101, "validation_CYP2D6_st_rae": 0.9526713546350233, "validation_CYP3A4_st_rae": 0.7096888985045687, "mean_raw_gradient_norm": 12.003880653381348, "fraction_gradients_clipped": 1.0}
{"epoch": 2, "train_rmse": 1.0536184751485314, "validation_rmse": 0.772116482257843, "validation_ma_st_rae": 0.8277707012296166, "validation_CYP1A2_st_rae": 0.8407938882553212, "validation_CYP2C9_st_rae": 0.790054173674829, "validation_CYP2D6_st_rae": 0.987334025690199, "validation_CYP3A4_st_rae": 0.6929007172981172, "mean_raw_gradient_norm": 10.760615968704224, "fraction_gradients_clipped": 1.0}
{"epoch": 3, "train_rmse": 1.0425927054675577, "validation_rmse": 0.7802304029464722, "validation_ma_st_rae": 0.8407978806576227, "validation_CYP1A2_st_rae": 0.8574053816119407, "validation_CYP2C9_st_rae": 0.8325827233711078, "validation_CYP2D6_st_rae": 0.9594929352973696, "validation_CYP3A4_st_rae": 0.7137104823500731, "mean_raw_gradient_norm": 10.210597248077393, "fraction_gradients_clipped": 1.0}
{"epoch": 4, "train_rmse": 1.092300484812258, "validation_rmse": 0.7782101631164551, "validation_ma_st_rae": 0.8354590640052177, "validation_CYP1A2_st_rae": 0.874266865239035, "validation_CYP2C9_st_rae": 0.7844530847064164, "validation_CYP2D6_st_rae": 0.9698481357722535, "validation_CYP3A4_st_rae": 0.7132681703031662, "mean_raw_gradient_norm": 8.394680728912354, "fraction_gradients_clipped": 1.0}
{
  "seed": 1701,
  "selection_metric": "validation_ma_st_rae",
  "best_validation_ma_st_rae": 0.8243748557312909,
  "best_validation_rmse": 0.7743009328842163,
  "restored_fit_rmse": 0.8490351438522339,
  "restored_validation_rmse": 0.7743048667907715,
  "restored_fit_ma_st_rae": 0.8406036036751928,
  "restored_validation_ma_st_rae": 0.8267058166470174,
  "restored_validation_point_ma_st_rae": 0.8243744643952508,
  "restored_validation_point_st_rae_by_cyp": {
    "CYP1A2": 0.842414685472683,
    "CYP2C9": 0.7927298904319219,
    "CYP2D6": 0.9526642600939719,
    "CYP3A4": 0.7096890215824262
  },
  "restored_fit_st_rae_by_cyp": {
    "CYP1A2": 0.8833094481885633,
    "CYP2C9": 0.7717796274869274,
    "CYP2D6": 1.0033708430798662,
    "CYP3A4": 0.7039544959454145
  },
  "restored_validation_st_rae_by_cyp": {
    "CYP1A2": 0.8440709360293462,
    "CYP2C9": 0.7961250874435329,
    "CYP2D6": 0.9562776777590334,
    "CYP3A4": 0.7103495653561569
  },
  "validation_bootstrap_metrics": {
    "n_bootstrap_samples": 1000,
    "seed": 0,
    "macro": {
      "st_rae": {
        "mean": 0.8267058166470174,
        "ci_low": 0.7731114148298701,
        "ci_high": 0.8806187336790667
      },
      "mae": {
        "mean": 0.5726332364128843,
        "ci_low": 0.5423835547179464,
        "ci_high": 0.6059495631040988
      },
      "r2": {
        "mean": 0.23428934403594717,
        "ci_low": 0.18619481206660404,
        "ci_high": 0.28396336878007145
      },
      "spearman_rho": {
        "mean": 0.4896803833956152,
        "ci_low": 0.44224487857229217,
        "ci_high": 0.5395651536644431
      },
      "kendall_tau": {
        "mean": 0.34638177554406524,
        "ci_low": 0.3116400491584436,
        "ci_high": 0.3836771217504889
      }
    },
    "per_endpoint": {
      "CYP1A2": {
        "st_rae": {
          "mean": 0.8440709360293462,
          "ci_low": 0.7432759369422988,
          "ci_high": 0.9661959997550275
        },
        "mae": {
          "mean": 0.5873786229985254,
          "ci_low": 0.5159371346772255,
          "ci_high": 0.664579325229735
        },
        "r2": {
          "mean": 0.23590216008569434,
          "ci_low": 0.13372247416557112,
          "ci_high": 0.32286228483176505
        },
        "spearman_rho": {
          "mean": 0.5502304356646617,
          "ci_low": 0.4437008505187558,
          "ci_high": 0.641987810643108
        },
        "kendall_tau": {
          "mean": 0.3902014422523633,
          "ci_low": 0.31137092012512885,
          "ci_high": 0.4565842984892686
        }
      },
      "CYP2C9": {
        "st_rae": {
          "mean": 0.7961250874435329,
          "ci_low": 0.653001645889188,
          "ci_high": 0.9366752359049177
        },
        "mae": {
          "mean": 0.5134302469640284,
          "ci_low": 0.45814500121477014,
          "ci_high": 0.5708495052728785
        },
        "r2": {
          "mean": 0.21587801054875352,
          "ci_low": 0.07829971103770096,
          "ci_high": 0.34074154371011445
        },
        "spearman_rho": {
          "mean": 0.471777593930314,
          "ci_low": 0.35076419652853846,
          "ci_high": 0.5851446463484433
        },
        "kendall_tau": {
          "mean": 0.3325329329885293,
          "ci_low": 0.24446029131107114,
          "ci_high": 0.4164455993683869
        }
      },
      "CYP2D6": {
        "st_rae": {
          "mean": 0.9562776777590334,
          "ci_low": 0.8737576320203391,
          "ci_high": 1.0409789109517524
        },
        "mae": {
          "mean": 0.54253058776183,
          "ci_low": 0.48762035894597694,
          "ci_high": 0.6063383936117858
        },
        "r2": {
          "mean": 0.08694086095755452,
          "ci_low": -0.002841780072623584,
          "ci_high": 0.1672729623969449
        },
        "spearman_rho": {
          "mean": 0.31429044562794733,
          "ci_low": 0.19727079358746702,
          "ci_high": 0.43098263374366497
        },
        "kendall_tau": {
          "mean": 0.21588922980318961,
          "ci_low": 0.1354438413259648,
          "ci_high": 0.29733623079102944
        }
      },
      "CYP3A4": {
        "st_rae": {
          "mean": 0.7103495653561569,
          "ci_low": 0.6269870828056511,
          "ci_high": 0.7950195147688888
        },
        "mae": {
          "mean": 0.6471934879271538,
          "ci_low": 0.5941932440459073,
          "ci_high": 0.6983552882058935
        },
        "r2": {
          "mean": 0.3984363445517862,
          "ci_low": 0.3165338959336155,
          "ci_high": 0.476423555895958
        },
        "spearman_rho": {
          "mean": 0.6224230583595379,
          "ci_low": 0.5516524645328562,
          "ci_high": 0.6866312422035091
        },
        "kendall_tau": {
          "mean": 0.4469034971321787,
          "ci_low": 0.3920881914775662,
          "ci_high": 0.4986032997912437
        }
      }
    }
  },
  "epochs_run": 4,
  "fit_observations": 4179,
  "validation_observations": 1037,
  "rule": "inertial_reaction_diffusion",
  "generations": 250,
  "hidden_channels": 16,
  "atom_feature_profile": "periodic_valence",
  "atom_feature_count": 38,
  "atom_feature_names": [
    "element_H",
    "element_C",
    "element_N",
    "element_O",
    "element_F",
    "element_P",
    "element_S",
    "element_Cl",
    "element_Br",
    "element_I",
    "element_other",
    "formal_charge",
    "aromatic",
    "hybrid_sp",
    "hybrid_sp2",
    "hybrid_sp3",
    "hybrid_other",
    "degree",
    "total_hydrogens",
    "in_ring",
    "hbond_donor",
    "hbond_acceptor",
    "chiral_cw",
    "chiral_ccw",
    "chiral_other",
    "atomic_number",
    "atomic_mass",
    "covalent_radius",
    "vdw_radius",
    "outer_electrons",
    "period",
    "periodic_group",
    "atomic_volume",
    "total_valence",
    "implicit_valence",
    "heavy_atom_degree",
    "radical_electrons",
    "absolute_formal_charge"
  ],
  "device": "cuda",
  "gpu": "NVIDIA GeForce RTX 5070 Ti",
  "training_seconds": 97.02612720010802,
  "peak_gpu_memory_bytes": 1309531136,
  "runtime": {
    "operating_system": "Windows-10-10.0.26200-SP0",
    "machine": "AMD64",
    "python": "3.11.16",
    "python_executable": "C:\\Users\\Anthony\\anaconda3\\envs\\strange-matter-gpu\\python.exe",
    "pytorch": "2.11.0+cu128",
    "pytorch_cuda": "12.8",
    "device": "cuda",
    "gpu": "NVIDIA GeForce RTX 5070 Ti"
  },
  "validation_protocol": {
    "kind": "scaffold_cross_validation",
    "fold": 0,
    "folds": 5
  },
  "readout": "differentiable_closed_form_ridge",
  "prediction_mode": "direct",
  "residual_alpha": null,
  "trajectory_pooling": "legacy",
  "ridge_mode": "shared",
  "loss_mode": "hybrid_interval",
  "interval_loss_beta": 0.5,
  "interval_temperature": 0.05,
  "hyperparameters": {
    "ca_lr": 0.003,
    "ridge": 0.1,
    "ca_l2": 1e-06,
    "gradient_clip": 2.0,
    "update_scale": 0.15,
    "init_scale": 0.5,
    "initial_noise": 0.0,
    "support_fraction": 0.85,
    "bond_temperature": 2.0,
    "dyn_a": 0.2,
    "dyn_b": 0.5,
    "dyn_c": 0.5,
    "dyn_d": 0.3,
    "lr_schedule": "cosine_0.1x"
  }
}
