{"operating_system": "Windows-10-10.0.26200-SP0", "machine": "AMD64", "python": "3.11.16", "python_executable": "C:\\Users\\Anthony\\anaconda3\\envs\\strange-matter-gpu\\python.exe", "pytorch": "2.11.0+cu128", "pytorch_cuda": "12.8", "device": "cuda", "gpu": "NVIDIA GeForce RTX 5070 Ti"}
{"epoch": 1, "train_rmse": 1.0639890089729094, "validation_rmse": 0.9107327461242676, "validation_ma_st_rae": 0.9114391027037183, "validation_CYP1A2_st_rae": 0.9624044678648549, "validation_CYP2C9_st_rae": 0.7403038553999779, "validation_CYP2D6_st_rae": 1.1468576053337178, "validation_CYP3A4_st_rae": 0.7961904822163228, "mean_raw_gradient_norm": 10.04343784848849, "fraction_gradients_clipped": 1.0}
{"epoch": 2, "train_rmse": 1.035064460598802, "validation_rmse": 0.9130795001983643, "validation_ma_st_rae": 0.9133683690544867, "validation_CYP1A2_st_rae": 0.959641812736815, "validation_CYP2C9_st_rae": 0.7722485532083633, "validation_CYP2D6_st_rae": 1.1282829633420655, "validation_CYP3A4_st_rae": 0.7933001469307032, "mean_raw_gradient_norm": 7.2018222113450365, "fraction_gradients_clipped": 1.0}
{"epoch": 3, "train_rmse": 0.96681422364993, "validation_rmse": 0.9023081064224243, "validation_ma_st_rae": 0.9082107036365532, "validation_CYP1A2_st_rae": 0.9508509428480938, "validation_CYP2C9_st_rae": 0.7867373887517201, "validation_CYP2D6_st_rae": 1.1196275151051804, "validation_CYP3A4_st_rae": 0.7756269678412184, "mean_raw_gradient_norm": 3.510705605149269, "fraction_gradients_clipped": 1.0}
{"epoch": 4, "train_rmse": 0.9857736165035255, "validation_rmse": 0.9059441685676575, "validation_ma_st_rae": 0.9118181708012589, "validation_CYP1A2_st_rae": 0.9657447666798522, "validation_CYP2C9_st_rae": 0.7864344015035304, "validation_CYP2D6_st_rae": 1.111222386623133, "validation_CYP3A4_st_rae": 0.7838711283985199, "mean_raw_gradient_norm": 3.581883192062378, "fraction_gradients_clipped": 1.0}
{"epoch": 5, "train_rmse": 0.9197674759791283, "validation_rmse": 0.9019088745117188, "validation_ma_st_rae": 0.9096420646993384, "validation_CYP1A2_st_rae": 0.9681482326339312, "validation_CYP2C9_st_rae": 0.7755513351083081, "validation_CYP2D6_st_rae": 1.1178768949671973, "validation_CYP3A4_st_rae": 0.7769917960879174, "mean_raw_gradient_norm": 2.7024808873732886, "fraction_gradients_clipped": 1.0}
{"epoch": 6, "train_rmse": 0.9533538215313201, "validation_rmse": 0.8977210521697998, "validation_ma_st_rae": 0.89969049889885, "validation_CYP1A2_st_rae": 0.96245735878391, "validation_CYP2C9_st_rae": 0.7661286227318568, "validation_CYP2D6_st_rae": 1.1015884151054525, "validation_CYP3A4_st_rae": 0.768587598974181, "mean_raw_gradient_norm": 2.817328299085299, "fraction_gradients_clipped": 1.0}
{"epoch": 7, "train_rmse": 0.9490630332619865, "validation_rmse": 0.8965948224067688, "validation_ma_st_rae": 0.8971234780101167, "validation_CYP1A2_st_rae": 0.9629911761707872, "validation_CYP2C9_st_rae": 0.7626183787143762, "validation_CYP2D6_st_rae": 1.0990503694424234, "validation_CYP3A4_st_rae": 0.7638339877128799, "mean_raw_gradient_norm": 2.9698060105244317, "fraction_gradients_clipped": 1.0}
{"epoch": 8, "train_rmse": 0.9657713314825968, "validation_rmse": 0.8956672549247742, "validation_ma_st_rae": 0.8952018971682624, "validation_CYP1A2_st_rae": 0.9669757392749576, "validation_CYP2C9_st_rae": 0.7558316015159531, "validation_CYP2D6_st_rae": 1.0966994641982224, "validation_CYP3A4_st_rae": 0.7613007836839167, "mean_raw_gradient_norm": 3.561228315035502, "fraction_gradients_clipped": 1.0}
{
  "seed": 4211,
  "selection_metric": "validation_ma_st_rae",
  "best_validation_ma_st_rae": 0.8952018971682624,
  "best_validation_rmse": 0.8956672549247742,
  "restored_fit_rmse": 0.8295111656188965,
  "restored_validation_rmse": 0.8956637382507324,
  "restored_fit_ma_st_rae": 0.8361168184330964,
  "restored_validation_ma_st_rae": 0.9001240608175443,
  "restored_validation_point_ma_st_rae": 0.8951909711160428,
  "restored_validation_point_st_rae_by_cyp": {
    "CYP1A2": 0.9669169763015641,
    "CYP2C9": 0.7558600201354092,
    "CYP2D6": 1.0966902501044618,
    "CYP3A4": 0.7612966379227363
  },
  "restored_fit_st_rae_by_cyp": {
    "CYP1A2": 0.8301545115106141,
    "CYP2C9": 0.7825527673388846,
    "CYP2D6": 1.0199548574393753,
    "CYP3A4": 0.7118051374435115
  },
  "restored_validation_st_rae_by_cyp": {
    "CYP1A2": 0.9743018549262492,
    "CYP2C9": 0.7644459004626367,
    "CYP2D6": 1.0981237567153317,
    "CYP3A4": 0.763624731165959
  },
  "validation_bootstrap_metrics": {
    "n_bootstrap_samples": 1000,
    "seed": 0,
    "macro": {
      "st_rae": {
        "mean": 0.9001240608175443,
        "ci_low": 0.8477856213239614,
        "ci_high": 0.954516164070314
      },
      "mae": {
        "mean": 0.6648182999988521,
        "ci_low": 0.6300835810920732,
        "ci_high": 0.6994121628448771
      },
      "r2": {
        "mean": 0.15756450807613204,
        "ci_low": 0.09663718236288812,
        "ci_high": 0.21379700234144855
      },
      "spearman_rho": {
        "mean": 0.40878040209328353,
        "ci_low": 0.3560278897376849,
        "ci_high": 0.460405447827028
      },
      "kendall_tau": {
        "mean": 0.2847363938650627,
        "ci_low": 0.24744742043938625,
        "ci_high": 0.3217992777305542
      }
    },
    "per_endpoint": {
      "CYP1A2": {
        "st_rae": {
          "mean": 0.9743018549262492,
          "ci_low": 0.8674039090859795,
          "ci_high": 1.0905457120550546
        },
        "mae": {
          "mean": 0.7057258985967052,
          "ci_low": 0.6324804293622776,
          "ci_high": 0.7891236639022827
        },
        "r2": {
          "mean": 0.10481279071936359,
          "ci_low": -0.0005487878918378979,
          "ci_high": 0.2019318311619346
        },
        "spearman_rho": {
          "mean": 0.35573610267455913,
          "ci_low": 0.23326474122172172,
          "ci_high": 0.47363382829412953
        },
        "kendall_tau": {
          "mean": 0.24316464916627833,
          "ci_low": 0.15880696730684282,
          "ci_high": 0.3270478646102091
        }
      },
      "CYP2C9": {
        "st_rae": {
          "mean": 0.7644459004626367,
          "ci_low": 0.6476083381560317,
          "ci_high": 0.8965236950963061
        },
        "mae": {
          "mean": 0.5489336000994632,
          "ci_low": 0.48672493217807067,
          "ci_high": 0.6153389617800713
        },
        "r2": {
          "mean": 0.24883541510989374,
          "ci_low": 0.10322140613661832,
          "ci_high": 0.3657026424018212
        },
        "spearman_rho": {
          "mean": 0.509843367713635,
          "ci_low": 0.3970965411806562,
          "ci_high": 0.6229943306379774
        },
        "kendall_tau": {
          "mean": 0.3626903193040097,
          "ci_low": 0.2759813317522546,
          "ci_high": 0.44739037129602405
        }
      },
      "CYP2D6": {
        "st_rae": {
          "mean": 1.0981237567153317,
          "ci_low": 1.0008773945713803,
          "ci_high": 1.2148141801612427
        },
        "mae": {
          "mean": 0.6813982305905808,
          "ci_low": 0.5946474656275625,
          "ci_high": 0.7639019206852096
        },
        "r2": {
          "mean": -0.039349484958686586,
          "ci_low": -0.2072561311133839,
          "ci_high": 0.07897319431050077
        },
        "spearman_rho": {
          "mean": 0.20193563949703133,
          "ci_low": 0.07740141423985743,
          "ci_high": 0.32453691706249105
        },
        "kendall_tau": {
          "mean": 0.1358573329377832,
          "ci_low": 0.054555500113382456,
          "ci_high": 0.21890198818146825
        }
      },
      "CYP3A4": {
        "st_rae": {
          "mean": 0.763624731165959,
          "ci_low": 0.682213079113534,
          "ci_high": 0.8430270737778963
        },
        "mae": {
          "mean": 0.7232154707086595,
          "ci_low": 0.6689154653681963,
          "ci_high": 0.776773863854284
        },
        "r2": {
          "mean": 0.3159593114339573,
          "ci_low": 0.24922294379007,
          "ci_high": 0.37797211406652537
        },
        "spearman_rho": {
          "mean": 0.5676064984879087,
          "ci_low": 0.491861275593839,
          "ci_high": 0.6366761252986565
        },
        "kendall_tau": {
          "mean": 0.39723327405217945,
          "ci_low": 0.3405588181048147,
          "ci_high": 0.45070995855848683
        }
      }
    }
  },
  "epochs_run": 8,
  "fit_observations": 4082,
  "validation_observations": 1134,
  "rule": "gray_scott",
  "generations": 125,
  "hidden_channels": 16,
  "atom_feature_profile": "periodic_electronic",
  "atom_feature_count": 41,
  "atom_feature_names": [
    "element_H",
    "element_C",
    "element_N",
    "element_O",
    "element_F",
    "element_P",
    "element_S",
    "element_Cl",
    "element_Br",
    "element_I",
    "element_other",
    "formal_charge",
    "aromatic",
    "hybrid_sp",
    "hybrid_sp2",
    "hybrid_sp3",
    "hybrid_other",
    "degree",
    "total_hydrogens",
    "in_ring",
    "hbond_donor",
    "hbond_acceptor",
    "chiral_cw",
    "chiral_ccw",
    "chiral_other",
    "atomic_number",
    "atomic_mass",
    "covalent_radius",
    "vdw_radius",
    "outer_electrons",
    "period",
    "periodic_group",
    "atomic_volume",
    "electronegativity",
    "polarizability",
    "heteroatom",
    "halogen",
    "conjugated_bond_fraction",
    "first_ionization_energy",
    "electron_affinity",
    "electronic_property_missing"
  ],
  "device": "cuda",
  "gpu": "NVIDIA GeForce RTX 5070 Ti",
  "training_seconds": 126.67959449999034,
  "peak_gpu_memory_bytes": 692250624,
  "runtime": {
    "operating_system": "Windows-10-10.0.26200-SP0",
    "machine": "AMD64",
    "python": "3.11.16",
    "python_executable": "C:\\Users\\Anthony\\anaconda3\\envs\\strange-matter-gpu\\python.exe",
    "pytorch": "2.11.0+cu128",
    "pytorch_cuda": "12.8",
    "device": "cuda",
    "gpu": "NVIDIA GeForce RTX 5070 Ti"
  },
  "validation_protocol": {
    "kind": "scaffold_cross_validation",
    "fold": 4,
    "folds": 5
  },
  "readout": "differentiable_closed_form_ridge",
  "hyperparameters": {
    "ca_lr": 0.003,
    "ridge": 1.0,
    "ca_l2": 1e-06,
    "gradient_clip": 1.0,
    "update_scale": 0.4,
    "init_scale": 0.5,
    "initial_noise": 0.0,
    "support_fraction": 0.75,
    "bond_temperature": 2.0,
    "dyn_a": 0.5,
    "dyn_b": 0.5,
    "dyn_c": 0.2,
    "dyn_d": 0.3,
    "lr_schedule": "cosine_0.1x"
  }
}
