{"operating_system": "Windows-10-10.0.26200-SP0", "machine": "AMD64", "python": "3.11.16", "python_executable": "C:\\Users\\Anthony\\anaconda3\\envs\\strange-matter-gpu\\python.exe", "pytorch": "2.11.0+cu128", "pytorch_cuda": "12.8", "device": "cuda", "gpu": "NVIDIA GeForce RTX 5070 Ti"}
{"epoch": 1, "train_rmse": 1.058411008343351, "validation_rmse": 0.9098950028419495, "validation_ma_st_rae": 0.9033565788452385, "validation_CYP1A2_st_rae": 0.9542201916819412, "validation_CYP2C9_st_rae": 0.7510742788533727, "validation_CYP2D6_st_rae": 1.11198126662679, "validation_CYP3A4_st_rae": 0.7961505782188496, "mean_raw_gradient_norm": 6.546510010957718, "fraction_gradients_clipped": 1.0}
{"epoch": 2, "train_rmse": 1.0009364918501529, "validation_rmse": 0.9094253778457642, "validation_ma_st_rae": 0.9028340644921957, "validation_CYP1A2_st_rae": 0.9544789448721137, "validation_CYP2C9_st_rae": 0.7504868851222588, "validation_CYP2D6_st_rae": 1.1084771976574408, "validation_CYP3A4_st_rae": 0.7978932303169696, "mean_raw_gradient_norm": 4.085323199629784, "fraction_gradients_clipped": 1.0}
{"epoch": 3, "train_rmse": 0.9763146761360922, "validation_rmse": 0.9090535640716553, "validation_ma_st_rae": 0.9034184962181956, "validation_CYP1A2_st_rae": 0.9554226705321126, "validation_CYP2C9_st_rae": 0.7501816095818943, "validation_CYP2D6_st_rae": 1.1098293419797605, "validation_CYP3A4_st_rae": 0.7982403627790152, "mean_raw_gradient_norm": 4.71970937649409, "fraction_gradients_clipped": 1.0}
{"epoch": 4, "train_rmse": 1.0161732680063735, "validation_rmse": 0.9103131294250488, "validation_ma_st_rae": 0.9062340196015879, "validation_CYP1A2_st_rae": 0.9569154918962888, "validation_CYP2C9_st_rae": 0.753427047818815, "validation_CYP2D6_st_rae": 1.115013076261701, "validation_CYP3A4_st_rae": 0.799580462429547, "mean_raw_gradient_norm": 4.3070001800855, "fraction_gradients_clipped": 1.0}
{
  "seed": 4211,
  "selection_metric": "validation_ma_st_rae",
  "best_validation_ma_st_rae": 0.9033565788452385,
  "best_validation_rmse": 0.9098950028419495,
  "restored_fit_rmse": 0.8365589380264282,
  "restored_validation_rmse": 0.9098943471908569,
  "restored_fit_ma_st_rae": 0.8419378113983527,
  "restored_validation_ma_st_rae": 0.9085008429381873,
  "restored_validation_point_ma_st_rae": 0.903355058000085,
  "restored_validation_point_st_rae_by_cyp": {
    "CYP1A2": 0.9542183728753824,
    "CYP2C9": 0.75106757929494,
    "CYP2D6": 1.1119856594185076,
    "CYP3A4": 0.7961486204115098
  },
  "restored_fit_st_rae_by_cyp": {
    "CYP1A2": 0.863068751342934,
    "CYP2C9": 0.7736064956190876,
    "CYP2D6": 1.022994914580102,
    "CYP3A4": 0.7080810840512869
  },
  "restored_validation_st_rae_by_cyp": {
    "CYP1A2": 0.9621770564934832,
    "CYP2C9": 0.7591705394513929,
    "CYP2D6": 1.1138955609026129,
    "CYP3A4": 0.7987602149052607
  },
  "validation_bootstrap_metrics": {
    "n_bootstrap_samples": 1000,
    "seed": 0,
    "macro": {
      "st_rae": {
        "mean": 0.9085008429381873,
        "ci_low": 0.8590757817894449,
        "ci_high": 0.9617758590173494
      },
      "mae": {
        "mean": 0.6741003216794863,
        "ci_low": 0.637874572397321,
        "ci_high": 0.710822089160557
      },
      "r2": {
        "mean": 0.13842747798735383,
        "ci_low": 0.07842612495456278,
        "ci_high": 0.19733873281624423
      },
      "spearman_rho": {
        "mean": 0.3965510250458934,
        "ci_low": 0.3446216163503867,
        "ci_high": 0.4503243130623893
      },
      "kendall_tau": {
        "mean": 0.276730120123405,
        "ci_low": 0.2387617866175306,
        "ci_high": 0.31657035404324735
      }
    },
    "per_endpoint": {
      "CYP1A2": {
        "st_rae": {
          "mean": 0.9621770564934832,
          "ci_low": 0.8512342142942516,
          "ci_high": 1.0933312260439025
        },
        "mae": {
          "mean": 0.7038369478274364,
          "ci_low": 0.6315331187053602,
          "ci_high": 0.7818046217791887
        },
        "r2": {
          "mean": 0.11442528401651507,
          "ci_low": -0.04221142466250254,
          "ci_high": 0.22986859634572954
        },
        "spearman_rho": {
          "mean": 0.3914277925320805,
          "ci_low": 0.2679645448187147,
          "ci_high": 0.5035559617972838
        },
        "kendall_tau": {
          "mean": 0.2733106501484688,
          "ci_low": 0.18541057377525527,
          "ci_high": 0.35400684836560287
        }
      },
      "CYP2C9": {
        "st_rae": {
          "mean": 0.7591705394513929,
          "ci_low": 0.660806906630883,
          "ci_high": 0.8747047398542588
        },
        "mae": {
          "mean": 0.5532298091827778,
          "ci_low": 0.48904272830277157,
          "ci_high": 0.6200447369824377
        },
        "r2": {
          "mean": 0.24051958383700597,
          "ci_low": 0.12434660245167736,
          "ci_high": 0.3453505671781324
        },
        "spearman_rho": {
          "mean": 0.5166653390751225,
          "ci_low": 0.4071027396183239,
          "ci_high": 0.6230040101345189
        },
        "kendall_tau": {
          "mean": 0.36669272506346773,
          "ci_low": 0.28413170954040884,
          "ci_high": 0.4486662739010632
        }
      },
      "CYP2D6": {
        "st_rae": {
          "mean": 1.1138955609026129,
          "ci_low": 1.0190292594029315,
          "ci_high": 1.2269441014861402
        },
        "mae": {
          "mean": 0.6914751752001472,
          "ci_low": 0.604115447476818,
          "ci_high": 0.7739852330175903
        },
        "r2": {
          "mean": -0.06967996960790049,
          "ci_low": -0.21820256259688633,
          "ci_high": 0.04406516877784099
        },
        "spearman_rho": {
          "mean": 0.14322946176383414,
          "ci_low": 0.01952995081286542,
          "ci_high": 0.2651376237519318
        },
        "kendall_tau": {
          "mean": 0.09551744923462518,
          "ci_low": 0.01196718133893944,
          "ci_high": 0.17836364024724127
        }
      },
      "CYP3A4": {
        "st_rae": {
          "mean": 0.7987602149052607,
          "ci_low": 0.7137765341373633,
          "ci_high": 0.8797865001040677
        },
        "mae": {
          "mean": 0.7478593545075841,
          "ci_low": 0.6919746035648183,
          "ci_high": 0.8006928007678963
        },
        "r2": {
          "mean": 0.26844501370379464,
          "ci_low": 0.1969588924541513,
          "ci_high": 0.3330950833341005
        },
        "spearman_rho": {
          "mean": 0.5348815068125364,
          "ci_low": 0.4567925673364146,
          "ci_high": 0.6084820035810807
        },
        "kendall_tau": {
          "mean": 0.37139965604705816,
          "ci_low": 0.3159769084798178,
          "ci_high": 0.42674868424011553
        }
      }
    }
  },
  "epochs_run": 4,
  "fit_observations": 4082,
  "validation_observations": 1134,
  "rule": "kuramoto_sakaguchi",
  "generations": 32,
  "hidden_channels": 16,
  "atom_feature_profile": "electronic_local",
  "atom_feature_count": 37,
  "atom_feature_names": [
    "element_H",
    "element_C",
    "element_N",
    "element_O",
    "element_F",
    "element_P",
    "element_S",
    "element_Cl",
    "element_Br",
    "element_I",
    "element_other",
    "formal_charge",
    "aromatic",
    "hybrid_sp",
    "hybrid_sp2",
    "hybrid_sp3",
    "hybrid_other",
    "degree",
    "total_hydrogens",
    "in_ring",
    "hbond_donor",
    "hbond_acceptor",
    "chiral_cw",
    "chiral_ccw",
    "chiral_other",
    "electronegativity",
    "polarizability",
    "heteroatom",
    "halogen",
    "conjugated_bond_fraction",
    "first_ionization_energy",
    "electron_affinity",
    "electronic_property_missing",
    "mean_neighbour_electronegativity",
    "electronegativity_difference",
    "mean_neighbour_atomic_number",
    "neighbour_formal_charge"
  ],
  "device": "cuda",
  "gpu": "NVIDIA GeForce RTX 5070 Ti",
  "training_seconds": 22.31563530000858,
  "peak_gpu_memory_bytes": 243491328,
  "runtime": {
    "operating_system": "Windows-10-10.0.26200-SP0",
    "machine": "AMD64",
    "python": "3.11.16",
    "python_executable": "C:\\Users\\Anthony\\anaconda3\\envs\\strange-matter-gpu\\python.exe",
    "pytorch": "2.11.0+cu128",
    "pytorch_cuda": "12.8",
    "device": "cuda",
    "gpu": "NVIDIA GeForce RTX 5070 Ti"
  },
  "validation_protocol": {
    "kind": "scaffold_cross_validation",
    "fold": 4,
    "folds": 5
  },
  "readout": "differentiable_closed_form_ridge",
  "hyperparameters": {
    "ca_lr": 0.0003,
    "ridge": 1.0,
    "ca_l2": 1e-05,
    "gradient_clip": 0.5,
    "update_scale": 0.08,
    "init_scale": 0.5,
    "initial_noise": 0.0,
    "support_fraction": 0.75,
    "bond_temperature": 0.5,
    "dyn_a": 0.8,
    "dyn_b": 0.5,
    "dyn_c": 0.5,
    "dyn_d": 0.05,
    "lr_schedule": "cosine_0.1x"
  }
}
