{"operating_system": "macOS-26.2-arm64-arm-64bit", "machine": "arm64", "python": "3.10.19", "python_executable": "/opt/anaconda3/envs/kcc2/bin/python3.10", "pytorch": "2.8.0", "pytorch_cuda": null, "device": "cpu", "gpu": null}
{"epoch": 1, "train_rmse": 1.2595922446559014, "validation_rmse": 1.051475167274475, "mean_raw_gradient_norm": 15.382391595840454, "fraction_gradients_clipped": 1.0}
{"epoch": 2, "train_rmse": 1.3199878585579312, "validation_rmse": 1.0446323156356812, "mean_raw_gradient_norm": 16.29475164413452, "fraction_gradients_clipped": 1.0}
{"epoch": 3, "train_rmse": 1.264005098609894, "validation_rmse": 1.0392426252365112, "mean_raw_gradient_norm": 12.767889642715454, "fraction_gradients_clipped": 1.0}
{
  "seed": 1701,
  "best_validation_rmse": 1.0392426252365112,
  "restored_fit_rmse": 0.9466212391853333,
  "restored_validation_rmse": 1.0392426252365112,
  "epochs_run": 3,
  "fit_observations": 791,
  "validation_observations": 273,
  "rule": "kuramoto_sakaguchi",
  "generations": 125,
  "hidden_channels": 4,
  "device": "cpu",
  "gpu": null,
  "training_seconds": 11.737096416996792,
  "peak_gpu_memory_bytes": 0,
  "runtime": {
    "operating_system": "macOS-26.2-arm64-arm-64bit",
    "machine": "arm64",
    "python": "3.10.19",
    "python_executable": "/opt/anaconda3/envs/kcc2/bin/python3.10",
    "pytorch": "2.8.0",
    "pytorch_cuda": null,
    "device": "cpu",
    "gpu": null
  },
  "readout": "differentiable_closed_form_ridge",
  "hyperparameters": {
    "ca_lr": 0.003,
    "ridge": 0.1,
    "ca_l2": 1e-06,
    "gradient_clip": 1.0,
    "update_scale": 0.4,
    "init_scale": 1.5,
    "initial_noise": 0.01,
    "support_fraction": 0.6,
    "bond_temperature": 1.0,
    "dyn_a": 0.5,
    "dyn_b": 0.5,
    "dyn_c": 0.5,
    "dyn_d": 0.05,
    "lr_schedule": "cosine_0.1x"
  }
}
