{"operating_system": "macOS-26.2-arm64-arm-64bit", "machine": "arm64", "python": "3.10.19", "python_executable": "/opt/anaconda3/envs/kcc2/bin/python3.10", "pytorch": "2.8.0", "pytorch_cuda": null, "device": "cpu", "gpu": null}
{"epoch": 1, "train_rmse": 11.24632658921886, "validation_rmse": 0.9389683604240417, "mean_raw_gradient_norm": 2635.576016864469, "fraction_gradients_clipped": 1.0}
{"epoch": 2, "train_rmse": 12.422393548108959, "validation_rmse": 0.9298189282417297, "mean_raw_gradient_norm": 7924.192489689396, "fraction_gradients_clipped": 1.0}
{"epoch": 3, "train_rmse": 2.0475024568569147, "validation_rmse": 0.9201347827911377, "mean_raw_gradient_norm": 80.50462302469438, "fraction_gradients_clipped": 1.0}
{"epoch": 4, "train_rmse": 5.370970343050696, "validation_rmse": 0.9250629544258118, "mean_raw_gradient_norm": 1353.0281184873272, "fraction_gradients_clipped": 1.0}
{"epoch": 5, "train_rmse": 13.29697606320601, "validation_rmse": 0.9229791760444641, "mean_raw_gradient_norm": 6530.999606747781, "fraction_gradients_clipped": 1.0}
{"epoch": 6, "train_rmse": 6.149824792055012, "validation_rmse": 0.9194782972335815, "mean_raw_gradient_norm": 1635.2254182600207, "fraction_gradients_clipped": 1.0}
{"epoch": 7, "train_rmse": 3.2304085490852863, "validation_rmse": 0.9250304698944092, "mean_raw_gradient_norm": 323.0899166753215, "fraction_gradients_clipped": 1.0}
{
  "seed": 2909,
  "best_validation_rmse": 0.9201347827911377,
  "restored_fit_rmse": 0.871483564376831,
  "restored_validation_rmse": 0.9201347827911377,
  "epochs_run": 7,
  "fit_observations": 5216,
  "validation_observations": 1309,
  "rule": "kuramoto_sakaguchi",
  "generations": 64,
  "hidden_channels": 8,
  "device": "cpu",
  "gpu": null,
  "training_seconds": 141.70052979094908,
  "peak_gpu_memory_bytes": 0,
  "runtime": {
    "operating_system": "macOS-26.2-arm64-arm-64bit",
    "machine": "arm64",
    "python": "3.10.19",
    "python_executable": "/opt/anaconda3/envs/kcc2/bin/python3.10",
    "pytorch": "2.8.0",
    "pytorch_cuda": null,
    "device": "cpu",
    "gpu": null
  },
  "readout": "differentiable_closed_form_ridge",
  "hyperparameters": {
    "ca_lr": 0.003,
    "ridge": 0.01,
    "ca_l2": 0.0001,
    "gradient_clip": 1.0,
    "update_scale": 0.4,
    "init_scale": 1.5,
    "initial_noise": 0.0,
    "support_fraction": 0.75,
    "bond_temperature": 0.5,
    "dyn_a": 0.2,
    "dyn_b": 0.8,
    "dyn_c": 0.5,
    "dyn_d": 0.05,
    "lr_schedule": "cosine_0.1x"
  }
}
