{"device": "cuda", "gpu": "NVIDIA GeForce RTX 5070 Ti", "pytorch": "2.11.0+cu128", "pytorch_cuda": "12.8"}
{"epoch": 1, "train_rmse": 1.2692838835451652, "validation_rmse": 0.9118813872337341, "mean_raw_gradient_norm": 22.306070066267445, "fraction_gradients_clipped": 1.0}
{"epoch": 2, "train_rmse": 1.3508646847665449, "validation_rmse": 0.9145843386650085, "mean_raw_gradient_norm": 24.684493649390436, "fraction_gradients_clipped": 1.0}
{"epoch": 3, "train_rmse": 1.1824035619461444, "validation_rmse": 0.9041760563850403, "mean_raw_gradient_norm": 13.82297972709902, "fraction_gradients_clipped": 1.0}
{"epoch": 4, "train_rmse": 1.1790597007143901, "validation_rmse": 0.9004266858100891, "mean_raw_gradient_norm": 14.019963110646893, "fraction_gradients_clipped": 1.0}
{"epoch": 5, "train_rmse": 1.1441196151680384, "validation_rmse": 0.8903606534004211, "mean_raw_gradient_norm": 14.054239488417103, "fraction_gradients_clipped": 1.0}
{"epoch": 6, "train_rmse": 1.1738052515749966, "validation_rmse": 0.8893215656280518, "mean_raw_gradient_norm": 14.65795776920934, "fraction_gradients_clipped": 1.0}
{"epoch": 7, "train_rmse": 1.1856699524220622, "validation_rmse": 0.8861321806907654, "mean_raw_gradient_norm": 17.94461679458618, "fraction_gradients_clipped": 1.0}
{"epoch": 8, "train_rmse": 1.159104427811207, "validation_rmse": 0.8860623240470886, "mean_raw_gradient_norm": 12.236820297856484, "fraction_gradients_clipped": 1.0}
{"epoch": 9, "train_rmse": 1.158265844837756, "validation_rmse": 0.8831039071083069, "mean_raw_gradient_norm": 12.230812595736596, "fraction_gradients_clipped": 1.0}
{"epoch": 10, "train_rmse": 1.1534834298774599, "validation_rmse": 0.8862363696098328, "mean_raw_gradient_norm": 12.031632361873504, "fraction_gradients_clipped": 1.0}
{
  "seed": 2909,
  "best_validation_rmse": 0.8831039071083069,
  "restored_fit_rmse": 0.8182736039161682,
  "restored_validation_rmse": 0.8830826282501221,
  "epochs_run": 10,
  "fit_observations": 5216,
  "validation_observations": 1309,
  "rule": "damped_symplectic",
  "generations": 500,
  "hidden_channels": 16,
  "device": "cuda",
  "gpu": "NVIDIA GeForce RTX 5070 Ti",
  "training_seconds": 605.4924118999625,
  "peak_gpu_memory_bytes": 2412185600,
  "readout": "differentiable_closed_form_ridge",
  "hyperparameters": {
    "ca_lr": 0.003,
    "ridge": 0.01,
    "ca_l2": 1e-05,
    "gradient_clip": 1.0,
    "update_scale": 0.15,
    "init_scale": 1.0,
    "initial_noise": 0.005,
    "support_fraction": 0.75,
    "bond_temperature": 1.0,
    "dyn_a": 0.5,
    "dyn_b": 0.5,
    "dyn_c": 0.5,
    "dyn_d": 0.05,
    "lr_schedule": "cosine_0.1x"
  }
}
