{"operating_system": "Windows-10-10.0.26200-SP0", "machine": "AMD64", "python": "3.11.16", "python_executable": "C:\\Users\\Anthony\\anaconda3\\envs\\strange-matter-gpu\\python.exe", "pytorch": "2.11.0+cu128", "pytorch_cuda": "12.8", "device": "cuda", "gpu": "NVIDIA GeForce RTX 5070 Ti"}
{"epoch": 1, "train_rmse": 1.0860232158530956, "validation_rmse": 0.8799427151679993, "validation_ma_st_rae": 0.8960546443214736, "validation_CYP1A2_st_rae": 0.9284067371852909, "validation_CYP2C9_st_rae": 0.8333482753490281, "validation_CYP2D6_st_rae": 1.0672649608300602, "validation_CYP3A4_st_rae": 0.7551986039215157, "mean_raw_gradient_norm": 7.8051484680175784, "fraction_gradients_clipped": 1.0}
{"epoch": 2, "train_rmse": 1.0197343804475598, "validation_rmse": 0.8875219821929932, "validation_ma_st_rae": 0.8949743501253444, "validation_CYP1A2_st_rae": 0.9607219883011057, "validation_CYP2C9_st_rae": 0.8148177134960752, "validation_CYP2D6_st_rae": 1.0325350150032446, "validation_CYP3A4_st_rae": 0.7718226837009523, "mean_raw_gradient_norm": 4.334864239692688, "fraction_gradients_clipped": 0.92}
{"epoch": 3, "train_rmse": 1.0042940116740515, "validation_rmse": 0.8834728598594666, "validation_ma_st_rae": 0.8987651393923887, "validation_CYP1A2_st_rae": 0.9395799845854468, "validation_CYP2C9_st_rae": 0.8644952300379523, "validation_CYP2D6_st_rae": 1.0301242543419442, "validation_CYP3A4_st_rae": 0.7608610886042114, "mean_raw_gradient_norm": 3.285508146286011, "fraction_gradients_clipped": 0.88}
{"epoch": 4, "train_rmse": 0.9878990061432353, "validation_rmse": 0.8847176432609558, "validation_ma_st_rae": 0.8964261859560227, "validation_CYP1A2_st_rae": 0.9589496448706923, "validation_CYP2C9_st_rae": 0.8523171041433498, "validation_CYP2D6_st_rae": 1.0130022718829708, "validation_CYP3A4_st_rae": 0.7614357229270778, "mean_raw_gradient_norm": 3.266255555152893, "fraction_gradients_clipped": 0.8}
{
  "seed": 2909,
  "selection_metric": "validation_ma_st_rae",
  "best_validation_ma_st_rae": 0.8960546443214736,
  "best_validation_rmse": 0.8799427151679993,
  "restored_fit_rmse": 0.839826226234436,
  "restored_validation_rmse": 0.8799422979354858,
  "restored_fit_ma_st_rae": 0.8461355936041657,
  "restored_validation_ma_st_rae": 0.8983610250750945,
  "restored_validation_point_ma_st_rae": 0.8960547401758027,
  "restored_validation_point_st_rae_by_cyp": {
    "CYP1A2": 0.9284123497295479,
    "CYP2C9": 0.8333456696437068,
    "CYP2D6": 1.0672680173511608,
    "CYP3A4": 0.7551929239787952
  },
  "restored_fit_st_rae_by_cyp": {
    "CYP1A2": 0.8937013026094769,
    "CYP2C9": 0.7755285806957859,
    "CYP2D6": 0.9968612902547883,
    "CYP3A4": 0.7184512008566118
  },
  "restored_validation_st_rae_by_cyp": {
    "CYP1A2": 0.9344416338098835,
    "CYP2C9": 0.8327281283845087,
    "CYP2D6": 1.0690873156219403,
    "CYP3A4": 0.7571870224840456
  },
  "validation_bootstrap_metrics": {
    "n_bootstrap_samples": 1000,
    "seed": 0,
    "macro": {
      "st_rae": {
        "mean": 0.8983610250750945,
        "ci_low": 0.8499090987188354,
        "ci_high": 0.9532317504830022
      },
      "mae": {
        "mean": 0.655633379102371,
        "ci_low": 0.6202666083006275,
        "ci_high": 0.6923505328876367
      },
      "r2": {
        "mean": 0.13868403213813518,
        "ci_low": 0.08819224236561418,
        "ci_high": 0.18867643384193053
      },
      "spearman_rho": {
        "mean": 0.3921777870987123,
        "ci_low": 0.3344202699555696,
        "ci_high": 0.4463490267630821
      },
      "kendall_tau": {
        "mean": 0.2718652481860921,
        "ci_low": 0.23122658089754985,
        "ci_high": 0.30927586171224114
      }
    },
    "per_endpoint": {
      "CYP1A2": {
        "st_rae": {
          "mean": 0.9344416338098835,
          "ci_low": 0.831498083182312,
          "ci_high": 1.049739609864151
        },
        "mae": {
          "mean": 0.7185403183715288,
          "ci_low": 0.6380865058233572,
          "ci_high": 0.8042117512919181
        },
        "r2": {
          "mean": 0.10761694657400235,
          "ci_low": 0.003599595273764174,
          "ci_high": 0.21594156695127423
        },
        "spearman_rho": {
          "mean": 0.38391535826545853,
          "ci_low": 0.26998211481268075,
          "ci_high": 0.4934981157095442
        },
        "kendall_tau": {
          "mean": 0.25713056791883865,
          "ci_low": 0.1813949188636033,
          "ci_high": 0.3343815878408832
        }
      },
      "CYP2C9": {
        "st_rae": {
          "mean": 0.8327281283845087,
          "ci_low": 0.7235028405006593,
          "ci_high": 0.9490222989762195
        },
        "mae": {
          "mean": 0.5418145307502165,
          "ci_low": 0.4788402384307784,
          "ci_high": 0.6147606063010124
        },
        "r2": {
          "mean": 0.16197444446442988,
          "ci_low": 0.04324276731566911,
          "ci_high": 0.27302282172872583
        },
        "spearman_rho": {
          "mean": 0.47160058096688545,
          "ci_low": 0.3584513257315998,
          "ci_high": 0.5788366210087169
        },
        "kendall_tau": {
          "mean": 0.32693483268965634,
          "ci_low": 0.24628794709842847,
          "ci_high": 0.40390600893482176
        }
      },
      "CYP2D6": {
        "st_rae": {
          "mean": 1.0690873156219403,
          "ci_low": 0.9704754727476276,
          "ci_high": 1.1746830437165017
        },
        "mae": {
          "mean": 0.6097562375141227,
          "ci_low": 0.5375834539143935,
          "ci_high": 0.6800477937770926
        },
        "r2": {
          "mean": 0.02165517860094625,
          "ci_low": -0.07815501396597527,
          "ci_high": 0.11083697228487642
        },
        "spearman_rho": {
          "mean": 0.200893173493204,
          "ci_low": 0.07397170659246022,
          "ci_high": 0.32875151013760123
        },
        "kendall_tau": {
          "mean": 0.13903317162415113,
          "ci_low": 0.05185720292423743,
          "ci_high": 0.22714626538122626
        }
      },
      "CYP3A4": {
        "st_rae": {
          "mean": 0.7571870224840456,
          "ci_low": 0.6727095657767318,
          "ci_high": 0.8430003992242582
        },
        "mae": {
          "mean": 0.7524224297736161,
          "ci_low": 0.6975284712466507,
          "ci_high": 0.814058777004728
        },
        "r2": {
          "mean": 0.2634895589131622,
          "ci_low": 0.17423415156213218,
          "ci_high": 0.3463236023800505
        },
        "spearman_rho": {
          "mean": 0.5123020356693012,
          "ci_low": 0.42356269253170087,
          "ci_high": 0.5941541090026414
        },
        "kendall_tau": {
          "mean": 0.3643624205117223,
          "ci_low": 0.30018884687625086,
          "ci_high": 0.4256860780948821
        }
      }
    }
  },
  "epochs_run": 4,
  "fit_observations": 4213,
  "validation_observations": 1003,
  "rule": "delayed_memory",
  "generations": 64,
  "hidden_channels": 16,
  "atom_feature_profile": "periodic_valence",
  "atom_feature_count": 38,
  "atom_feature_names": [
    "element_H",
    "element_C",
    "element_N",
    "element_O",
    "element_F",
    "element_P",
    "element_S",
    "element_Cl",
    "element_Br",
    "element_I",
    "element_other",
    "formal_charge",
    "aromatic",
    "hybrid_sp",
    "hybrid_sp2",
    "hybrid_sp3",
    "hybrid_other",
    "degree",
    "total_hydrogens",
    "in_ring",
    "hbond_donor",
    "hbond_acceptor",
    "chiral_cw",
    "chiral_ccw",
    "chiral_other",
    "atomic_number",
    "atomic_mass",
    "covalent_radius",
    "vdw_radius",
    "outer_electrons",
    "period",
    "periodic_group",
    "atomic_volume",
    "total_valence",
    "implicit_valence",
    "heavy_atom_degree",
    "radical_electrons",
    "absolute_formal_charge"
  ],
  "device": "cuda",
  "gpu": "NVIDIA GeForce RTX 5070 Ti",
  "training_seconds": 28.71037739980966,
  "peak_gpu_memory_bytes": 303682560,
  "runtime": {
    "operating_system": "Windows-10-10.0.26200-SP0",
    "machine": "AMD64",
    "python": "3.11.16",
    "python_executable": "C:\\Users\\Anthony\\anaconda3\\envs\\strange-matter-gpu\\python.exe",
    "pytorch": "2.11.0+cu128",
    "pytorch_cuda": "12.8",
    "device": "cuda",
    "gpu": "NVIDIA GeForce RTX 5070 Ti"
  },
  "validation_protocol": {
    "kind": "scaffold_cross_validation",
    "fold": 1,
    "folds": 5
  },
  "readout": "differentiable_closed_form_ridge",
  "prediction_mode": "direct",
  "residual_alpha": null,
  "trajectory_pooling": "legacy",
  "ridge_mode": "shared",
  "loss_mode": "mse",
  "interval_loss_beta": 0.0,
  "interval_temperature": 0.1,
  "hyperparameters": {
    "ca_lr": 0.003,
    "ridge": 1.0,
    "ca_l2": 1e-06,
    "gradient_clip": 2.0,
    "update_scale": 0.08,
    "init_scale": 1.0,
    "initial_noise": 0.01,
    "support_fraction": 0.6,
    "bond_temperature": 0.5,
    "dyn_a": 0.2,
    "dyn_b": 0.2,
    "dyn_c": 0.8,
    "dyn_d": 0.05,
    "lr_schedule": "cosine_0.1x"
  }
}
