{"operating_system": "Windows-10-10.0.26200-SP0", "machine": "AMD64", "python": "3.11.16", "python_executable": "C:\\Users\\Anthony\\anaconda3\\envs\\strange-matter-gpu\\python.exe", "pytorch": "2.11.0+cu128", "pytorch_cuda": "12.8", "device": "cuda", "gpu": "NVIDIA GeForce RTX 5070 Ti"}
{"epoch": 1, "train_rmse": 1.036331426455993, "validation_rmse": 0.9260749816894531, "validation_ma_st_rae": 0.9479304194754274, "validation_CYP1A2_st_rae": 1.0178429604152979, "validation_CYP2C9_st_rae": 0.8484565164109595, "validation_CYP2D6_st_rae": 1.052918627947293, "validation_CYP3A4_st_rae": 0.8725035731281594, "mean_raw_gradient_norm": 7.504090949892998, "fraction_gradients_clipped": 1.0}
{"epoch": 2, "train_rmse": 0.9668368664055327, "validation_rmse": 0.9182878136634827, "validation_ma_st_rae": 0.9394978563782364, "validation_CYP1A2_st_rae": 0.9904627073148027, "validation_CYP2C9_st_rae": 0.8678594888436814, "validation_CYP2D6_st_rae": 1.0304913273660703, "validation_CYP3A4_st_rae": 0.8691779019883911, "mean_raw_gradient_norm": 3.89132022857666, "fraction_gradients_clipped": 0.875}
{"epoch": 3, "train_rmse": 0.9766359768332225, "validation_rmse": 0.9096134901046753, "validation_ma_st_rae": 0.9287708525378724, "validation_CYP1A2_st_rae": 0.9753038835891246, "validation_CYP2C9_st_rae": 0.8507944423919457, "validation_CYP2D6_st_rae": 1.0419051900179062, "validation_CYP3A4_st_rae": 0.8470798941525131, "mean_raw_gradient_norm": 4.5114599242806435, "fraction_gradients_clipped": 0.9375}
{"epoch": 4, "train_rmse": 0.9798363776489732, "validation_rmse": 0.9072195887565613, "validation_ma_st_rae": 0.9262676898685319, "validation_CYP1A2_st_rae": 0.97303273486707, "validation_CYP2C9_st_rae": 0.845951928975467, "validation_CYP2D6_st_rae": 1.0432290950237662, "validation_CYP3A4_st_rae": 0.8428570006078248, "mean_raw_gradient_norm": 3.8954657539725304, "fraction_gradients_clipped": 0.9375}
{"epoch": 5, "train_rmse": 0.9119727384900127, "validation_rmse": 0.9063420295715332, "validation_ma_st_rae": 0.9247137405906528, "validation_CYP1A2_st_rae": 0.9690951883622756, "validation_CYP2C9_st_rae": 0.8412600551561997, "validation_CYP2D6_st_rae": 1.0489904933156682, "validation_CYP3A4_st_rae": 0.839509225528468, "mean_raw_gradient_norm": 3.6844607293605804, "fraction_gradients_clipped": 1.0}
{
  "seed": 1701,
  "selection_metric": "validation_ma_st_rae",
  "best_validation_ma_st_rae": 0.9247137405906528,
  "best_validation_rmse": 0.9063420295715332,
  "restored_fit_rmse": 0.900507926940918,
  "restored_validation_rmse": 0.9063138961791992,
  "restored_fit_ma_st_rae": 0.8954527281983349,
  "restored_validation_ma_st_rae": 0.9277966829211535,
  "restored_validation_point_ma_st_rae": 0.9246470711271342,
  "restored_validation_point_st_rae_by_cyp": {
    "CYP1A2": 0.9689779206239155,
    "CYP2C9": 0.8412249793888128,
    "CYP2D6": 1.0489314454566598,
    "CYP3A4": 0.8394539390391482
  },
  "restored_fit_st_rae_by_cyp": {
    "CYP1A2": 0.8971841250040254,
    "CYP2C9": 0.8431631320745284,
    "CYP2D6": 1.0042584577585536,
    "CYP3A4": 0.8372051979562319
  },
  "restored_validation_st_rae_by_cyp": {
    "CYP1A2": 0.9724365409233166,
    "CYP2C9": 0.8445382115626644,
    "CYP2D6": 1.0524586175615118,
    "CYP3A4": 0.8417533616371204
  },
  "validation_bootstrap_metrics": {
    "n_bootstrap_samples": 1000,
    "seed": 0,
    "macro": {
      "st_rae": {
        "mean": 0.9277966829211535,
        "ci_low": 0.8679790392727899,
        "ci_high": 0.9950664180569343
      },
      "mae": {
        "mean": 0.6671428049923337,
        "ci_low": 0.6240587889106299,
        "ci_high": 0.7138346924038466
      },
      "r2": {
        "mean": 0.10708065503033835,
        "ci_low": 0.04484605610882773,
        "ci_high": 0.16720695984255954
      },
      "spearman_rho": {
        "mean": 0.3742640786980558,
        "ci_low": 0.2972379049415136,
        "ci_high": 0.4464168914288431
      },
      "kendall_tau": {
        "mean": 0.26009020137124006,
        "ci_low": 0.20714236898724614,
        "ci_high": 0.3115682650709666
      }
    },
    "per_endpoint": {
      "CYP1A2": {
        "st_rae": {
          "mean": 0.9724365409233166,
          "ci_low": 0.8757406978108037,
          "ci_high": 1.0793589725933184
        },
        "mae": {
          "mean": 0.7234093799730288,
          "ci_low": 0.6298527929469616,
          "ci_high": 0.8231202960014343
        },
        "r2": {
          "mean": 0.07150198154737404,
          "ci_low": -0.02255073577817175,
          "ci_high": 0.15740027930741932
        },
        "spearman_rho": {
          "mean": 0.3390246616273198,
          "ci_low": 0.18479006126616057,
          "ci_high": 0.48306144066387163
        },
        "kendall_tau": {
          "mean": 0.23171167277526927,
          "ci_low": 0.12389595100722034,
          "ci_high": 0.33349004861138265
        }
      },
      "CYP2C9": {
        "st_rae": {
          "mean": 0.8445382115626644,
          "ci_low": 0.7090752329933071,
          "ci_high": 0.9998122047419887
        },
        "mae": {
          "mean": 0.5347154684812968,
          "ci_low": 0.46417147803852576,
          "ci_high": 0.6158827387649594
        },
        "r2": {
          "mean": 0.13243230775051004,
          "ci_low": -0.04736689126112752,
          "ci_high": 0.2750357484447679
        },
        "spearman_rho": {
          "mean": 0.4515848681974261,
          "ci_low": 0.2916970081631034,
          "ci_high": 0.5902185118737159
        },
        "kendall_tau": {
          "mean": 0.3225844163677775,
          "ci_low": 0.21215787346630471,
          "ci_high": 0.427093925144941
        }
      },
      "CYP2D6": {
        "st_rae": {
          "mean": 1.0524586175615118,
          "ci_low": 0.945631012331943,
          "ci_high": 1.1862422821022305
        },
        "mae": {
          "mean": 0.6184080550183345,
          "ci_low": 0.5253709830941945,
          "ci_high": 0.7216561471023699
        },
        "r2": {
          "mean": 0.0452156205893041,
          "ci_low": -0.08286748943471674,
          "ci_high": 0.14182855387508067
        },
        "spearman_rho": {
          "mean": 0.24517983737846874,
          "ci_low": 0.07478448703281504,
          "ci_high": 0.3954256348024967
        },
        "kendall_tau": {
          "mean": 0.16398467657607196,
          "ci_low": 0.04573633228283521,
          "ci_high": 0.26978629123791337
        }
      },
      "CYP3A4": {
        "st_rae": {
          "mean": 0.8417533616371204,
          "ci_low": 0.7325977329416821,
          "ci_high": 0.9456835689194631
        },
        "mae": {
          "mean": 0.792038316496675,
          "ci_low": 0.7155103232356028,
          "ci_high": 0.871036672814753
        },
        "r2": {
          "mean": 0.17917271023416517,
          "ci_low": 0.06651419605379001,
          "ci_high": 0.29224426251350516
        },
        "spearman_rho": {
          "mean": 0.46126694758900816,
          "ci_low": 0.35816928430577333,
          "ci_high": 0.5691676616993337
        },
        "kendall_tau": {
          "mean": 0.32208003976584165,
          "ci_low": 0.24999653320232146,
          "ci_high": 0.397834780524776
        }
      }
    }
  },
  "epochs_run": 5,
  "fit_observations": 2659,
  "validation_observations": 646,
  "rule": "fitzhugh_nagumo",
  "generations": 32,
  "hidden_channels": 4,
  "atom_feature_profile": "periodic_valence",
  "atom_feature_count": 38,
  "atom_feature_names": [
    "element_H",
    "element_C",
    "element_N",
    "element_O",
    "element_F",
    "element_P",
    "element_S",
    "element_Cl",
    "element_Br",
    "element_I",
    "element_other",
    "formal_charge",
    "aromatic",
    "hybrid_sp",
    "hybrid_sp2",
    "hybrid_sp3",
    "hybrid_other",
    "degree",
    "total_hydrogens",
    "in_ring",
    "hbond_donor",
    "hbond_acceptor",
    "chiral_cw",
    "chiral_ccw",
    "chiral_other",
    "atomic_number",
    "atomic_mass",
    "covalent_radius",
    "vdw_radius",
    "outer_electrons",
    "period",
    "periodic_group",
    "atomic_volume",
    "total_valence",
    "implicit_valence",
    "heavy_atom_degree",
    "radical_electrons",
    "absolute_formal_charge"
  ],
  "device": "cuda",
  "gpu": "NVIDIA GeForce RTX 5070 Ti",
  "training_seconds": 17.85496150003746,
  "peak_gpu_memory_bytes": 59430400,
  "runtime": {
    "operating_system": "Windows-10-10.0.26200-SP0",
    "machine": "AMD64",
    "python": "3.11.16",
    "python_executable": "C:\\Users\\Anthony\\anaconda3\\envs\\strange-matter-gpu\\python.exe",
    "pytorch": "2.11.0+cu128",
    "pytorch_cuda": "12.8",
    "device": "cuda",
    "gpu": "NVIDIA GeForce RTX 5070 Ti"
  },
  "validation_protocol": {
    "kind": "scaffold_cross_validation",
    "fold": 1,
    "folds": 5
  },
  "readout": "differentiable_closed_form_ridge",
  "prediction_mode": "direct",
  "residual_alpha": null,
  "trajectory_pooling": "legacy",
  "ridge_mode": "shared",
  "loss_mode": "hybrid_interval",
  "interval_loss_beta": 0.5,
  "interval_temperature": 0.05,
  "hyperparameters": {
    "ca_lr": 0.003,
    "ridge": 0.1,
    "ca_l2": 0.0001,
    "gradient_clip": 2.0,
    "update_scale": 0.15,
    "init_scale": 1.5,
    "initial_noise": 0.01,
    "support_fraction": 0.85,
    "bond_temperature": 1.0,
    "dyn_a": 0.2,
    "dyn_b": 0.5,
    "dyn_c": 0.8,
    "dyn_d": 0.3,
    "lr_schedule": "cosine_0.1x"
  }
}
