{"operating_system": "Windows-10-10.0.26200-SP0", "machine": "AMD64", "python": "3.11.16", "python_executable": "C:\\Users\\Anthony\\anaconda3\\envs\\strange-matter-gpu\\python.exe", "pytorch": "2.11.0+cu128", "pytorch_cuda": "12.8", "device": "cuda", "gpu": "NVIDIA GeForce RTX 5070 Ti"}
{"epoch": 1, "train_rmse": 1.29197959856107, "validation_rmse": 0.8924310803413391, "validation_ma_st_rae": 0.9029539684687515, "validation_CYP1A2_st_rae": 0.9670115128122306, "validation_CYP2C9_st_rae": 0.819313867956378, "validation_CYP2D6_st_rae": 1.0505713729092068, "validation_CYP3A4_st_rae": 0.7749191201971904, "mean_raw_gradient_norm": 14.023947169383367, "fraction_gradients_clipped": 1.0}
{"epoch": 2, "train_rmse": 1.1371337063145168, "validation_rmse": 0.8912301063537598, "validation_ma_st_rae": 0.8951813201432018, "validation_CYP1A2_st_rae": 0.9804781777923626, "validation_CYP2C9_st_rae": 0.7909891593291083, "validation_CYP2D6_st_rae": 1.0221642134346145, "validation_CYP3A4_st_rae": 0.7870937300167219, "mean_raw_gradient_norm": 5.717778513828914, "fraction_gradients_clipped": 1.0}
{"epoch": 3, "train_rmse": 1.106399869016244, "validation_rmse": 0.8857662677764893, "validation_ma_st_rae": 0.8890135182223765, "validation_CYP1A2_st_rae": 0.9722866806144372, "validation_CYP2C9_st_rae": 0.7918103562793464, "validation_CYP2D6_st_rae": 1.008192188610985, "validation_CYP3A4_st_rae": 0.7837648473847377, "mean_raw_gradient_norm": 5.789363423983256, "fraction_gradients_clipped": 1.0}
{"epoch": 4, "train_rmse": 1.0742833962544052, "validation_rmse": 0.8846696615219116, "validation_ma_st_rae": 0.8923066821153416, "validation_CYP1A2_st_rae": 0.9851107306621611, "validation_CYP2C9_st_rae": 0.7934600852055022, "validation_CYP2D6_st_rae": 1.0194524074067117, "validation_CYP3A4_st_rae": 0.7712035051869912, "mean_raw_gradient_norm": 4.6571662823359175, "fraction_gradients_clipped": 1.0}
{"epoch": 5, "train_rmse": 1.0800207914778976, "validation_rmse": 0.882091760635376, "validation_ma_st_rae": 0.8856760009164018, "validation_CYP1A2_st_rae": 0.967364510782165, "validation_CYP2C9_st_rae": 0.7875297597770667, "validation_CYP2D6_st_rae": 1.0174360405590634, "validation_CYP3A4_st_rae": 0.7703736925473124, "mean_raw_gradient_norm": 4.425305237372716, "fraction_gradients_clipped": 1.0}
{"epoch": 6, "train_rmse": 1.0670404771929354, "validation_rmse": 0.8811244964599609, "validation_ma_st_rae": 0.8850981195616008, "validation_CYP1A2_st_rae": 0.9653308655334583, "validation_CYP2C9_st_rae": 0.7889914353855461, "validation_CYP2D6_st_rae": 1.0162464911421536, "validation_CYP3A4_st_rae": 0.769823686185245, "mean_raw_gradient_norm": 4.453951994578044, "fraction_gradients_clipped": 1.0}
{"epoch": 7, "train_rmse": 1.1320694862143366, "validation_rmse": 0.8808084726333618, "validation_ma_st_rae": 0.8862856496850714, "validation_CYP1A2_st_rae": 0.9748796479940136, "validation_CYP2C9_st_rae": 0.796094121204915, "validation_CYP2D6_st_rae": 1.0102261248352893, "validation_CYP3A4_st_rae": 0.7639427047060673, "mean_raw_gradient_norm": 5.59192568063736, "fraction_gradients_clipped": 1.0}
{"epoch": 8, "train_rmse": 1.0398581258149544, "validation_rmse": 0.8798735737800598, "validation_ma_st_rae": 0.8852572710051236, "validation_CYP1A2_st_rae": 0.9764571505682329, "validation_CYP2C9_st_rae": 0.7943733446076567, "validation_CYP2D6_st_rae": 1.0052599715406456, "validation_CYP3A4_st_rae": 0.7649386173039592, "mean_raw_gradient_norm": 3.8354612489541373, "fraction_gradients_clipped": 1.0}
{
  "seed": 4211,
  "selection_metric": "validation_ma_st_rae",
  "best_validation_ma_st_rae": 0.8856760009164018,
  "best_validation_rmse": 0.882091760635376,
  "restored_fit_rmse": 0.8112884163856506,
  "restored_validation_rmse": 0.8820987343788147,
  "restored_fit_ma_st_rae": 0.8258622067148106,
  "restored_validation_ma_st_rae": 0.8907786405490858,
  "restored_validation_point_ma_st_rae": 0.8856864201719247,
  "restored_validation_point_st_rae_by_cyp": {
    "CYP1A2": 0.9673752684060785,
    "CYP2C9": 0.7875505949913311,
    "CYP2D6": 1.0174182988854679,
    "CYP3A4": 0.7704015184048214
  },
  "restored_fit_st_rae_by_cyp": {
    "CYP1A2": 0.8413219343645459,
    "CYP2C9": 0.8089147578994746,
    "CYP2D6": 0.9667324677479894,
    "CYP3A4": 0.6864796668472325
  },
  "restored_validation_st_rae_by_cyp": {
    "CYP1A2": 0.9747862221790644,
    "CYP2C9": 0.7954252631396324,
    "CYP2D6": 1.02019110353024,
    "CYP3A4": 0.7727119733474059
  },
  "validation_bootstrap_metrics": {
    "n_bootstrap_samples": 1000,
    "seed": 0,
    "macro": {
      "st_rae": {
        "mean": 0.8907786405490858,
        "ci_low": 0.8410322665024533,
        "ci_high": 0.944979834714652
      },
      "mae": {
        "mean": 0.6542951974719567,
        "ci_low": 0.6187595654388347,
        "ci_high": 0.6889942118145351
      },
      "r2": {
        "mean": 0.17961103018524846,
        "ci_low": 0.12753539618060647,
        "ci_high": 0.2278991866372912
      },
      "spearman_rho": {
        "mean": 0.427208790102326,
        "ci_low": 0.3774929197781191,
        "ci_high": 0.47950608094323716
      },
      "kendall_tau": {
        "mean": 0.29652460880189724,
        "ci_low": 0.26176051916194687,
        "ci_high": 0.3340859267126417
      }
    },
    "per_endpoint": {
      "CYP1A2": {
        "st_rae": {
          "mean": 0.9747862221790644,
          "ci_low": 0.8676743177969143,
          "ci_high": 1.099523610897674
        },
        "mae": {
          "mean": 0.7051604974853749,
          "ci_low": 0.6290374481191441,
          "ci_high": 0.7869861138840111
        },
        "r2": {
          "mean": 0.08784378173092577,
          "ci_low": -0.021152567156511516,
          "ci_high": 0.18522854616302065
        },
        "spearman_rho": {
          "mean": 0.33678923149025614,
          "ci_low": 0.21517541987627223,
          "ci_high": 0.45265248628073534
        },
        "kendall_tau": {
          "mean": 0.22840705778472706,
          "ci_low": 0.14469503442636145,
          "ci_high": 0.3121787026322853
        }
      },
      "CYP2C9": {
        "st_rae": {
          "mean": 0.7954252631396324,
          "ci_low": 0.6772492887461717,
          "ci_high": 0.9299299999936712
        },
        "mae": {
          "mean": 0.5566859610112089,
          "ci_low": 0.49354985481814334,
          "ci_high": 0.6255510750569795
        },
        "r2": {
          "mean": 0.2346690469091874,
          "ci_low": 0.10933573062496675,
          "ci_high": 0.3434957206596751
        },
        "spearman_rho": {
          "mean": 0.4984461792582483,
          "ci_low": 0.38935146497202844,
          "ci_high": 0.6001516046705073
        },
        "kendall_tau": {
          "mean": 0.3507167182925598,
          "ci_low": 0.26570773221822286,
          "ci_high": 0.43019097749581586
        }
      },
      "CYP2D6": {
        "st_rae": {
          "mean": 1.02019110353024,
          "ci_low": 0.9387491195460329,
          "ci_high": 1.1071952726612064
        },
        "mae": {
          "mean": 0.651259615085115,
          "ci_low": 0.5711783964638929,
          "ci_high": 0.7279440387647023
        },
        "r2": {
          "mean": 0.05226425324947518,
          "ci_low": -0.044269755280753505,
          "ci_high": 0.13554920503511236
        },
        "spearman_rho": {
          "mean": 0.27588693891144067,
          "ci_low": 0.15809508002240727,
          "ci_high": 0.38959426584879125
        },
        "kendall_tau": {
          "mean": 0.18683878430102777,
          "ci_low": 0.10807291956005016,
          "ci_high": 0.2665515939393927
        }
      },
      "CYP3A4": {
        "st_rae": {
          "mean": 0.7727119733474059,
          "ci_low": 0.6822758953787191,
          "ci_high": 0.8697471848793784
        },
        "mae": {
          "mean": 0.7040747163061283,
          "ci_low": 0.6492189694849236,
          "ci_high": 0.7568023516951013
        },
        "r2": {
          "mean": 0.34366703885140554,
          "ci_low": 0.25487621481066625,
          "ci_high": 0.4225097585737824
        },
        "spearman_rho": {
          "mean": 0.5977128107493586,
          "ci_low": 0.5308645796852098,
          "ci_high": 0.6602981068570973
        },
        "kendall_tau": {
          "mean": 0.4201358748292744,
          "ci_low": 0.3671363708479058,
          "ci_high": 0.46977966900388535
        }
      }
    }
  },
  "epochs_run": 8,
  "fit_observations": 4082,
  "validation_observations": 1134,
  "rule": "inertial_reaction_diffusion",
  "generations": 64,
  "hidden_channels": 16,
  "atom_feature_profile": "local_environment",
  "atom_feature_count": 29,
  "atom_feature_names": [
    "element_H",
    "element_C",
    "element_N",
    "element_O",
    "element_F",
    "element_P",
    "element_S",
    "element_Cl",
    "element_Br",
    "element_I",
    "element_other",
    "formal_charge",
    "aromatic",
    "hybrid_sp",
    "hybrid_sp2",
    "hybrid_sp3",
    "hybrid_other",
    "degree",
    "total_hydrogens",
    "in_ring",
    "hbond_donor",
    "hbond_acceptor",
    "chiral_cw",
    "chiral_ccw",
    "chiral_other",
    "mean_neighbour_electronegativity",
    "electronegativity_difference",
    "mean_neighbour_atomic_number",
    "neighbour_formal_charge"
  ],
  "device": "cuda",
  "gpu": "NVIDIA GeForce RTX 5070 Ti",
  "training_seconds": 129.94590900000185,
  "peak_gpu_memory_bytes": 355898880,
  "runtime": {
    "operating_system": "Windows-10-10.0.26200-SP0",
    "machine": "AMD64",
    "python": "3.11.16",
    "python_executable": "C:\\Users\\Anthony\\anaconda3\\envs\\strange-matter-gpu\\python.exe",
    "pytorch": "2.11.0+cu128",
    "pytorch_cuda": "12.8",
    "device": "cuda",
    "gpu": "NVIDIA GeForce RTX 5070 Ti"
  },
  "validation_protocol": {
    "kind": "scaffold_cross_validation",
    "fold": 4,
    "folds": 5
  },
  "readout": "differentiable_closed_form_ridge",
  "hyperparameters": {
    "ca_lr": 0.003,
    "ridge": 0.1,
    "ca_l2": 1e-05,
    "gradient_clip": 1.0,
    "update_scale": 0.15,
    "init_scale": 0.5,
    "initial_noise": 0.01,
    "support_fraction": 0.6,
    "bond_temperature": 0.5,
    "dyn_a": 0.2,
    "dyn_b": 0.8,
    "dyn_c": 0.5,
    "dyn_d": 0.05,
    "lr_schedule": "cosine_0.1x"
  }
}
