{"operating_system": "Windows-10-10.0.26200-SP0", "machine": "AMD64", "python": "3.11.16", "python_executable": "C:\\Users\\Anthony\\anaconda3\\envs\\strange-matter-gpu\\python.exe", "pytorch": "2.11.0+cu128", "pytorch_cuda": "12.8", "device": "cuda", "gpu": "NVIDIA GeForce RTX 5070 Ti"}
{"epoch": 1, "train_rmse": 1.2032683528563153, "validation_rmse": 0.8838550448417664, "validation_ma_st_rae": 0.8837410269011582, "validation_CYP1A2_st_rae": 0.9422388122946622, "validation_CYP2C9_st_rae": 0.7974421766926382, "validation_CYP2D6_st_rae": 1.0008164037270566, "validation_CYP3A4_st_rae": 0.7944667148902756, "mean_raw_gradient_norm": 15.050439782440662, "fraction_gradients_clipped": 1.0}
{"epoch": 2, "train_rmse": 1.0808527126393945, "validation_rmse": 0.8827572464942932, "validation_ma_st_rae": 0.8826317815398471, "validation_CYP1A2_st_rae": 0.9426232866645687, "validation_CYP2C9_st_rae": 0.800780049467139, "validation_CYP2D6_st_rae": 0.9956153641427871, "validation_CYP3A4_st_rae": 0.7915084258848938, "mean_raw_gradient_norm": 11.571583911776543, "fraction_gradients_clipped": 1.0}
{"epoch": 3, "train_rmse": 1.105807916067028, "validation_rmse": 0.8795365691184998, "validation_ma_st_rae": 0.8785360580400627, "validation_CYP1A2_st_rae": 0.9392134241802967, "validation_CYP2C9_st_rae": 0.7959376729425627, "validation_CYP2D6_st_rae": 0.9953722944291412, "validation_CYP3A4_st_rae": 0.7836208406082504, "mean_raw_gradient_norm": 12.14638938009739, "fraction_gradients_clipped": 1.0}
{"epoch": 4, "train_rmse": 1.0482405850309597, "validation_rmse": 0.8794729113578796, "validation_ma_st_rae": 0.8779307188725047, "validation_CYP1A2_st_rae": 0.9346963641408387, "validation_CYP2C9_st_rae": 0.7954828817544032, "validation_CYP2D6_st_rae": 0.9974504649315832, "validation_CYP3A4_st_rae": 0.7840931646631939, "mean_raw_gradient_norm": 9.725391119718552, "fraction_gradients_clipped": 1.0}
{"epoch": 5, "train_rmse": 1.1550986809356607, "validation_rmse": 0.8795031905174255, "validation_ma_st_rae": 0.8781689661146208, "validation_CYP1A2_st_rae": 0.9355701342909054, "validation_CYP2C9_st_rae": 0.7952821268734651, "validation_CYP2D6_st_rae": 0.998685931207576, "validation_CYP3A4_st_rae": 0.7831376720865366, "mean_raw_gradient_norm": 12.18869036436081, "fraction_gradients_clipped": 1.0}
{
  "seed": 1701,
  "selection_metric": "validation_ma_st_rae",
  "best_validation_ma_st_rae": 0.8785360580400627,
  "best_validation_rmse": 0.8795365691184998,
  "restored_fit_rmse": 0.8527804613113403,
  "restored_validation_rmse": 0.8795356154441833,
  "restored_fit_ma_st_rae": 0.8376008059905499,
  "restored_validation_ma_st_rae": 0.882015681301099,
  "restored_validation_point_ma_st_rae": 0.8785355721464712,
  "restored_validation_point_st_rae_by_cyp": {
    "CYP1A2": 0.9392004484771501,
    "CYP2C9": 0.7959438332466813,
    "CYP2D6": 0.9953759983762462,
    "CYP3A4": 0.7836220084858068
  },
  "restored_fit_st_rae_by_cyp": {
    "CYP1A2": 0.8616114846075895,
    "CYP2C9": 0.774315815384597,
    "CYP2D6": 0.9783147940621566,
    "CYP3A4": 0.7361611299078565
  },
  "restored_validation_st_rae_by_cyp": {
    "CYP1A2": 0.9445462194723655,
    "CYP2C9": 0.801496130246313,
    "CYP2D6": 0.9963985129770099,
    "CYP3A4": 0.7856218625087077
  },
  "validation_bootstrap_metrics": {
    "n_bootstrap_samples": 1000,
    "seed": 0,
    "macro": {
      "st_rae": {
        "mean": 0.882015681301099,
        "ci_low": 0.8126703277699117,
        "ci_high": 0.9576461110809154
      },
      "mae": {
        "mean": 0.6431767883890223,
        "ci_low": 0.600631275718101,
        "ci_high": 0.6882468134279482
      },
      "r2": {
        "mean": 0.1621114409799481,
        "ci_low": 0.08677535235503257,
        "ci_high": 0.23649490731658648
      },
      "spearman_rho": {
        "mean": 0.41174511726256297,
        "ci_low": 0.3416841702065994,
        "ci_high": 0.48304607033308716
      },
      "kendall_tau": {
        "mean": 0.28843311193176874,
        "ci_low": 0.23886732640693245,
        "ci_high": 0.34023550232784344
      }
    },
    "per_endpoint": {
      "CYP1A2": {
        "st_rae": {
          "mean": 0.9445462194723655,
          "ci_low": 0.8139671113984948,
          "ci_high": 1.0938582765797775
        },
        "mae": {
          "mean": 0.6970667802469573,
          "ci_low": 0.5989869580216651,
          "ci_high": 0.7980928278752487
        },
        "r2": {
          "mean": 0.1351501971536577,
          "ci_low": 0.005359043902556417,
          "ci_high": 0.25545457015685424
        },
        "spearman_rho": {
          "mean": 0.43364490981731973,
          "ci_low": 0.28325384531467956,
          "ci_high": 0.5633868943690272
        },
        "kendall_tau": {
          "mean": 0.29613337549360985,
          "ci_low": 0.19008112690851084,
          "ci_high": 0.3909309038020082
        }
      },
      "CYP2C9": {
        "st_rae": {
          "mean": 0.801496130246313,
          "ci_low": 0.6139568645887534,
          "ci_high": 1.0163439513571146
        },
        "mae": {
          "mean": 0.5222928928200525,
          "ci_low": 0.44869740901102545,
          "ci_high": 0.5978864805388997
        },
        "r2": {
          "mean": 0.1970582729149027,
          "ci_low": -0.016444764841002234,
          "ci_high": 0.37514015728785255
        },
        "spearman_rho": {
          "mean": 0.508022234474361,
          "ci_low": 0.3636988652629407,
          "ci_high": 0.6364648366579873
        },
        "kendall_tau": {
          "mean": 0.354210090751224,
          "ci_low": 0.2461998753894011,
          "ci_high": 0.45348020351609947
        }
      },
      "CYP2D6": {
        "st_rae": {
          "mean": 0.9963985129770099,
          "ci_low": 0.8961918129728327,
          "ci_high": 1.112368071583303
        },
        "mae": {
          "mean": 0.6015175855768858,
          "ci_low": 0.5055662270880094,
          "ci_high": 0.7037664958160289
        },
        "r2": {
          "mean": 0.09509941781683919,
          "ci_low": -0.023892456763990016,
          "ci_high": 0.19765390818080392
        },
        "spearman_rho": {
          "mean": 0.20348033366281978,
          "ci_low": 0.025499608412125695,
          "ci_high": 0.36957748930072803
        },
        "kendall_tau": {
          "mean": 0.14418754173873014,
          "ci_low": 0.024852151854775423,
          "ci_high": 0.25967833458863915
        }
      },
      "CYP3A4": {
        "st_rae": {
          "mean": 0.7856218625087077,
          "ci_low": 0.6796098194733918,
          "ci_high": 0.8928237527645391
        },
        "mae": {
          "mean": 0.7518298949121933,
          "ci_low": 0.674903780778414,
          "ci_high": 0.8325865898142217
        },
        "r2": {
          "mean": 0.22113787603439283,
          "ci_low": 0.09404980040268528,
          "ci_high": 0.34291971007787736
        },
        "spearman_rho": {
          "mean": 0.5018329910957515,
          "ci_low": 0.3934815583235016,
          "ci_high": 0.6055591609172106
        },
        "kendall_tau": {
          "mean": 0.3592014397435107,
          "ci_low": 0.2832147593799112,
          "ci_high": 0.4363887551352524
        }
      }
    }
  },
  "epochs_run": 5,
  "fit_observations": 2659,
  "validation_observations": 646,
  "rule": "delayed_memory",
  "generations": 32,
  "hidden_channels": 16,
  "atom_feature_profile": "electronic_local",
  "atom_feature_count": 37,
  "atom_feature_names": [
    "element_H",
    "element_C",
    "element_N",
    "element_O",
    "element_F",
    "element_P",
    "element_S",
    "element_Cl",
    "element_Br",
    "element_I",
    "element_other",
    "formal_charge",
    "aromatic",
    "hybrid_sp",
    "hybrid_sp2",
    "hybrid_sp3",
    "hybrid_other",
    "degree",
    "total_hydrogens",
    "in_ring",
    "hbond_donor",
    "hbond_acceptor",
    "chiral_cw",
    "chiral_ccw",
    "chiral_other",
    "electronegativity",
    "polarizability",
    "heteroatom",
    "halogen",
    "conjugated_bond_fraction",
    "first_ionization_energy",
    "electron_affinity",
    "electronic_property_missing",
    "mean_neighbour_electronegativity",
    "electronegativity_difference",
    "mean_neighbour_atomic_number",
    "neighbour_formal_charge"
  ],
  "device": "cuda",
  "gpu": "NVIDIA GeForce RTX 5070 Ti",
  "training_seconds": 36.439547699992545,
  "peak_gpu_memory_bytes": 94619136,
  "runtime": {
    "operating_system": "Windows-10-10.0.26200-SP0",
    "machine": "AMD64",
    "python": "3.11.16",
    "python_executable": "C:\\Users\\Anthony\\anaconda3\\envs\\strange-matter-gpu\\python.exe",
    "pytorch": "2.11.0+cu128",
    "pytorch_cuda": "12.8",
    "device": "cuda",
    "gpu": "NVIDIA GeForce RTX 5070 Ti"
  },
  "validation_protocol": {
    "kind": "scaffold_cross_validation",
    "fold": 1,
    "folds": 5
  },
  "readout": "differentiable_closed_form_ridge",
  "hyperparameters": {
    "ca_lr": 0.0003,
    "ridge": 1.0,
    "ca_l2": 0.0001,
    "gradient_clip": 0.5,
    "update_scale": 0.08,
    "init_scale": 0.5,
    "initial_noise": 0.0,
    "support_fraction": 0.75,
    "bond_temperature": 0.5,
    "dyn_a": 0.5,
    "dyn_b": 0.8,
    "dyn_c": 0.8,
    "dyn_d": 0.05,
    "lr_schedule": "cosine_0.1x"
  }
}
