{"device": "cuda", "gpu": "NVIDIA GeForce RTX 5070 Ti", "pytorch": "2.11.0+cu128", "pytorch_cuda": "12.8"}
{"epoch": 1, "train_rmse": 1.3909209575099872, "validation_rmse": 0.9979248642921448, "mean_raw_gradient_norm": 20.791224098205568, "fraction_gradients_clipped": 1.0}
{"epoch": 2, "train_rmse": 1.3217828308149406, "validation_rmse": 1.0122348070144653, "mean_raw_gradient_norm": 28.16824893951416, "fraction_gradients_clipped": 1.0}
{"epoch": 3, "train_rmse": 1.2458767905727997, "validation_rmse": 1.016409993171692, "mean_raw_gradient_norm": 10.53543758392334, "fraction_gradients_clipped": 1.0}
{
  "seed": 1701,
  "best_validation_rmse": 0.9979248642921448,
  "restored_fit_rmse": 0.8480033278465271,
  "restored_validation_rmse": 0.9978840947151184,
  "epochs_run": 3,
  "fit_observations": 791,
  "validation_observations": 273,
  "rule": "gated_residual",
  "generations": 500,
  "hidden_channels": 16,
  "device": "cuda",
  "gpu": "NVIDIA GeForce RTX 5070 Ti",
  "training_seconds": 27.295328799984418,
  "peak_gpu_memory_bytes": 2802694144,
  "readout": "differentiable_closed_form_ridge",
  "hyperparameters": {
    "ca_lr": 0.003,
    "ridge": 0.01,
    "ca_l2": 1e-05,
    "gradient_clip": 1.0,
    "update_scale": 0.15,
    "init_scale": 1.0,
    "initial_noise": 0.005,
    "support_fraction": 0.75,
    "bond_temperature": 1.0,
    "dyn_a": 0.5,
    "dyn_b": 0.5,
    "dyn_c": 0.5,
    "dyn_d": 0.05,
    "lr_schedule": "cosine_0.1x"
  }
}
