{"operating_system": "Windows-10-10.0.26200-SP0", "machine": "AMD64", "python": "3.11.16", "python_executable": "C:\\Users\\Anthony\\anaconda3\\envs\\strange-matter-gpu\\python.exe", "pytorch": "2.11.0+cu128", "pytorch_cuda": "12.8", "device": "cuda", "gpu": "NVIDIA GeForce RTX 5070 Ti"}
{"epoch": 1, "train_rmse": 1.1344976754656624, "validation_rmse": 0.8844602108001709, "validation_ma_st_rae": 0.8652233167797652, "validation_CYP1A2_st_rae": 0.8519967831441968, "validation_CYP2C9_st_rae": 0.9077210457972993, "validation_CYP2D6_st_rae": 0.9798508931077817, "validation_CYP3A4_st_rae": 0.7213245450697828, "mean_raw_gradient_norm": 12.77464634180069, "fraction_gradients_clipped": 1.0}
{"epoch": 2, "train_rmse": 1.1593867856468867, "validation_rmse": 0.8544338941574097, "validation_ma_st_rae": 0.8553613114803152, "validation_CYP1A2_st_rae": 0.8017430082549467, "validation_CYP2C9_st_rae": 0.9367640631989719, "validation_CYP2D6_st_rae": 0.9731229818719923, "validation_CYP3A4_st_rae": 0.7098151925953502, "mean_raw_gradient_norm": 10.18836186081171, "fraction_gradients_clipped": 1.0}
{"epoch": 3, "train_rmse": 1.175472907977321, "validation_rmse": 0.8555983901023865, "validation_ma_st_rae": 0.8498370983829503, "validation_CYP1A2_st_rae": 0.8005859311459761, "validation_CYP2C9_st_rae": 0.8929211782596107, "validation_CYP2D6_st_rae": 0.9909566167947906, "validation_CYP3A4_st_rae": 0.7148846673314241, "mean_raw_gradient_norm": 13.203152135014534, "fraction_gradients_clipped": 1.0}
{"epoch": 4, "train_rmse": 1.0357915890364695, "validation_rmse": 0.8555968999862671, "validation_ma_st_rae": 0.8527252243448832, "validation_CYP1A2_st_rae": 0.8120366586355429, "validation_CYP2C9_st_rae": 0.8976458008084744, "validation_CYP2D6_st_rae": 0.9896176927192301, "validation_CYP3A4_st_rae": 0.7116007452162854, "mean_raw_gradient_norm": 5.635203659534454, "fraction_gradients_clipped": 1.0}
{"epoch": 5, "train_rmse": 1.0912965503525014, "validation_rmse": 0.855523943901062, "validation_ma_st_rae": 0.8485588370366999, "validation_CYP1A2_st_rae": 0.8090646982313123, "validation_CYP2C9_st_rae": 0.8665369735354981, "validation_CYP2D6_st_rae": 1.0060706262405097, "validation_CYP3A4_st_rae": 0.7125630501394793, "mean_raw_gradient_norm": 5.544676817953587, "fraction_gradients_clipped": 1.0}
{
  "seed": 1701,
  "selection_metric": "validation_ma_st_rae",
  "best_validation_ma_st_rae": 0.8498370983829503,
  "best_validation_rmse": 0.8555983901023865,
  "restored_fit_rmse": 0.8511369228363037,
  "restored_validation_rmse": 0.8555963635444641,
  "restored_fit_ma_st_rae": 0.8449862354075781,
  "restored_validation_ma_st_rae": 0.854585370984525,
  "restored_validation_point_ma_st_rae": 0.8498439193800789,
  "restored_validation_point_st_rae_by_cyp": {
    "CYP1A2": 0.8005855040962611,
    "CYP2C9": 0.8929428675398976,
    "CYP2D6": 0.9909796042330299,
    "CYP3A4": 0.7148677016511268
  },
  "restored_fit_st_rae_by_cyp": {
    "CYP1A2": 0.866492017958462,
    "CYP2C9": 0.8071872726244979,
    "CYP2D6": 0.9766158250632945,
    "CYP3A4": 0.729649825984058
  },
  "restored_validation_st_rae_by_cyp": {
    "CYP1A2": 0.8030786694768592,
    "CYP2C9": 0.9005415080506346,
    "CYP2D6": 0.9967837268692127,
    "CYP3A4": 0.7179375795413941
  },
  "validation_bootstrap_metrics": {
    "n_bootstrap_samples": 1000,
    "seed": 0,
    "macro": {
      "st_rae": {
        "mean": 0.854585370984525,
        "ci_low": 0.7969546781400215,
        "ci_high": 0.9151808548351386
      },
      "mae": {
        "mean": 0.6257336009145434,
        "ci_low": 0.5817491445818115,
        "ci_high": 0.6711266773908718
      },
      "r2": {
        "mean": 0.19418132572875413,
        "ci_low": 0.1320189830919237,
        "ci_high": 0.251799286812298
      },
      "spearman_rho": {
        "mean": 0.43502497992320854,
        "ci_low": 0.37083116082231965,
        "ci_high": 0.49802527738145186
      },
      "kendall_tau": {
        "mean": 0.3050540823677978,
        "ci_low": 0.2593269050235656,
        "ci_high": 0.352269460552662
      }
    },
    "per_endpoint": {
      "CYP1A2": {
        "st_rae": {
          "mean": 0.8030786694768592,
          "ci_low": 0.6933322310420018,
          "ci_high": 0.9464704770339731
        },
        "mae": {
          "mean": 0.6967630065913442,
          "ci_low": 0.5953055838995343,
          "ci_high": 0.7981345081819764
        },
        "r2": {
          "mean": 0.22747519885300221,
          "ci_low": 0.10381932634679612,
          "ci_high": 0.3272145699104974
        },
        "spearman_rho": {
          "mean": 0.5142638100209976,
          "ci_low": 0.3768070352690348,
          "ci_high": 0.6266444726849565
        },
        "kendall_tau": {
          "mean": 0.3608926819052752,
          "ci_low": 0.2611173870680769,
          "ci_high": 0.44605611521838745
        }
      },
      "CYP2C9": {
        "st_rae": {
          "mean": 0.9005415080506346,
          "ci_low": 0.752113547667048,
          "ci_high": 1.0654180374039663
        },
        "mae": {
          "mean": 0.4961258237049228,
          "ci_low": 0.4247845624802542,
          "ci_high": 0.567648720936697
        },
        "r2": {
          "mean": 0.1863028815815975,
          "ci_low": 0.03836017766637788,
          "ci_high": 0.3287428636193173
        },
        "spearman_rho": {
          "mean": 0.4484154808880635,
          "ci_low": 0.30106754958553555,
          "ci_high": 0.5880076146083254
        },
        "kendall_tau": {
          "mean": 0.30549498735738195,
          "ci_low": 0.194850304035389,
          "ci_high": 0.4136814894029791
        }
      },
      "CYP2D6": {
        "st_rae": {
          "mean": 0.9967837268692127,
          "ci_low": 0.9139657845885504,
          "ci_high": 1.0902789227267073
        },
        "mae": {
          "mean": 0.6446965332961252,
          "ci_low": 0.5341573177077246,
          "ci_high": 0.7569011973996534
        },
        "r2": {
          "mean": 0.013146786924892484,
          "ci_low": -0.08598917763489458,
          "ci_high": 0.10730401833788732
        },
        "spearman_rho": {
          "mean": 0.18231214182887193,
          "ci_low": 0.020375119947601786,
          "ci_high": 0.3403981686444778
        },
        "kendall_tau": {
          "mean": 0.12354487755673915,
          "ci_low": 0.015885821138008176,
          "ci_high": 0.2331679570824192
        }
      },
      "CYP3A4": {
        "st_rae": {
          "mean": 0.7179375795413941,
          "ci_low": 0.6134937616244397,
          "ci_high": 0.8319641048152199
        },
        "mae": {
          "mean": 0.6653490400657815,
          "ci_low": 0.6002834914599435,
          "ci_high": 0.7358079879718311
        },
        "r2": {
          "mean": 0.34980043555552437,
          "ci_low": 0.2201158597588588,
          "ci_high": 0.45595755769651347
        },
        "spearman_rho": {
          "mean": 0.595108486954901,
          "ci_low": 0.49731402980265804,
          "ci_high": 0.6882069222686173
        },
        "kendall_tau": {
          "mean": 0.4302837826517948,
          "ci_low": 0.3547674609347171,
          "ci_high": 0.5049314003642524
        }
      }
    }
  },
  "epochs_run": 5,
  "fit_observations": 2636,
  "validation_observations": 657,
  "rule": "delayed_memory",
  "generations": 500,
  "hidden_channels": 16,
  "atom_feature_profile": "periodic",
  "atom_feature_count": 33,
  "atom_feature_names": [
    "element_H",
    "element_C",
    "element_N",
    "element_O",
    "element_F",
    "element_P",
    "element_S",
    "element_Cl",
    "element_Br",
    "element_I",
    "element_other",
    "formal_charge",
    "aromatic",
    "hybrid_sp",
    "hybrid_sp2",
    "hybrid_sp3",
    "hybrid_other",
    "degree",
    "total_hydrogens",
    "in_ring",
    "hbond_donor",
    "hbond_acceptor",
    "chiral_cw",
    "chiral_ccw",
    "chiral_other",
    "atomic_number",
    "atomic_mass",
    "covalent_radius",
    "vdw_radius",
    "outer_electrons",
    "period",
    "periodic_group",
    "atomic_volume"
  ],
  "device": "cuda",
  "gpu": "NVIDIA GeForce RTX 5070 Ti",
  "training_seconds": 285.3874347000383,
  "peak_gpu_memory_bytes": 1140512256,
  "runtime": {
    "operating_system": "Windows-10-10.0.26200-SP0",
    "machine": "AMD64",
    "python": "3.11.16",
    "python_executable": "C:\\Users\\Anthony\\anaconda3\\envs\\strange-matter-gpu\\python.exe",
    "pytorch": "2.11.0+cu128",
    "pytorch_cuda": "12.8",
    "device": "cuda",
    "gpu": "NVIDIA GeForce RTX 5070 Ti"
  },
  "validation_protocol": {
    "kind": "scaffold_cross_validation",
    "fold": 2,
    "folds": 5
  },
  "readout": "differentiable_closed_form_ridge",
  "hyperparameters": {
    "ca_lr": 0.003,
    "ridge": 1.0,
    "ca_l2": 1e-05,
    "gradient_clip": 0.5,
    "update_scale": 0.15,
    "init_scale": 0.5,
    "initial_noise": 0.0,
    "support_fraction": 0.6,
    "bond_temperature": 2.0,
    "dyn_a": 0.8,
    "dyn_b": 0.5,
    "dyn_c": 0.8,
    "dyn_d": 0.3,
    "lr_schedule": "cosine_0.1x"
  }
}
