{"operating_system": "Windows-10-10.0.26200-SP0", "machine": "AMD64", "python": "3.11.16", "python_executable": "C:\\Users\\Anthony\\anaconda3\\envs\\strange-matter-gpu\\python.exe", "pytorch": "2.11.0+cu128", "pytorch_cuda": "12.8", "device": "cuda", "gpu": "NVIDIA GeForce RTX 5070 Ti"}
{"epoch": 1, "train_rmse": 1.1723162391760324, "validation_rmse": 0.8497559428215027, "validation_ma_st_rae": 0.9557837222892204, "validation_CYP1A2_st_rae": 0.9056283662225546, "validation_CYP2C9_st_rae": 0.9546379829390661, "validation_CYP2D6_st_rae": 1.1102483153010885, "validation_CYP3A4_st_rae": 0.852620224694172, "mean_raw_gradient_norm": 94.5342571258545, "fraction_gradients_clipped": 1.0}
{"epoch": 2, "train_rmse": 1.2445456080663495, "validation_rmse": 0.8498094081878662, "validation_ma_st_rae": 0.9618372688340269, "validation_CYP1A2_st_rae": 0.9173160302004878, "validation_CYP2C9_st_rae": 0.9755465333304981, "validation_CYP2D6_st_rae": 1.0988493500466476, "validation_CYP3A4_st_rae": 0.8556371617584739, "mean_raw_gradient_norm": 61.65344161987305, "fraction_gradients_clipped": 1.0}
{"epoch": 3, "train_rmse": 1.2356100268844883, "validation_rmse": 0.8490628004074097, "validation_ma_st_rae": 0.9609190058934144, "validation_CYP1A2_st_rae": 0.9125563724416752, "validation_CYP2C9_st_rae": 0.9739749049162623, "validation_CYP2D6_st_rae": 1.1036265077709775, "validation_CYP3A4_st_rae": 0.853518238444743, "mean_raw_gradient_norm": 54.566535568237306, "fraction_gradients_clipped": 1.0}
{
  "seed": 1701,
  "selection_metric": "validation_ma_st_rae",
  "best_validation_ma_st_rae": 0.9557837222892204,
  "best_validation_rmse": 0.8497559428215027,
  "restored_fit_rmse": 0.9087483882904053,
  "restored_validation_rmse": 0.8497462272644043,
  "restored_fit_ma_st_rae": 0.8379780968232781,
  "restored_validation_ma_st_rae": 0.9717918407282324,
  "restored_validation_point_ma_st_rae": 0.955792401286884,
  "restored_validation_point_st_rae_by_cyp": {
    "CYP1A2": 0.9056780879644072,
    "CYP2C9": 0.9546307159358337,
    "CYP2D6": 1.1102531080259126,
    "CYP3A4": 0.8526076932213827
  },
  "restored_fit_st_rae_by_cyp": {
    "CYP1A2": 0.856486919821074,
    "CYP2C9": 0.7341437807173895,
    "CYP2D6": 0.9796265458817849,
    "CYP3A4": 0.7816551408728638
  },
  "restored_validation_st_rae_by_cyp": {
    "CYP1A2": 0.907639488247178,
    "CYP2C9": 0.98534167070189,
    "CYP2D6": 1.1285157234141698,
    "CYP3A4": 0.8656704805496918
  },
  "validation_bootstrap_metrics": {
    "n_bootstrap_samples": 1000,
    "seed": 0,
    "macro": {
      "st_rae": {
        "mean": 0.9717918407282324,
        "ci_low": 0.8565140827980914,
        "ci_high": 1.0958263048251398
      },
      "mae": {
        "mean": 0.6387986228904344,
        "ci_low": 0.5736304064457174,
        "ci_high": 0.705458714620113
      },
      "r2": {
        "mean": 0.060738288061202524,
        "ci_low": -0.0550589751974514,
        "ci_high": 0.16608612822228788
      },
      "spearman_rho": {
        "mean": 0.38858425637473826,
        "ci_low": 0.2842862339150803,
        "ci_high": 0.4946648445099662
      },
      "kendall_tau": {
        "mean": 0.2741523690015667,
        "ci_low": 0.19748223804149356,
        "ci_high": 0.35061047162395886
      }
    },
    "per_endpoint": {
      "CYP1A2": {
        "st_rae": {
          "mean": 0.907639488247178,
          "ci_low": 0.677949965558211,
          "ci_high": 1.1682900783426804
        },
        "mae": {
          "mean": 0.6289165035466678,
          "ci_low": 0.4833889527399032,
          "ci_high": 0.798905299042092
        },
        "r2": {
          "mean": 0.21481300069587164,
          "ci_low": 0.0027046741075907126,
          "ci_high": 0.37176761988437806
        },
        "spearman_rho": {
          "mean": 0.5488147263318918,
          "ci_low": 0.34005913947448785,
          "ci_high": 0.7274909143847026
        },
        "kendall_tau": {
          "mean": 0.3952002406729651,
          "ci_low": 0.23569180840981643,
          "ci_high": 0.5379849758660417
        }
      },
      "CYP2C9": {
        "st_rae": {
          "mean": 0.98534167070189,
          "ci_low": 0.7100775189049473,
          "ci_high": 1.3153230877720616
        },
        "mae": {
          "mean": 0.5702754905581473,
          "ci_low": 0.459781809647878,
          "ci_high": 0.6860302755236626
        },
        "r2": {
          "mean": -0.02396759875826254,
          "ci_low": -0.29409271479330007,
          "ci_high": 0.21463147659512447
        },
        "spearman_rho": {
          "mean": 0.34894940181681067,
          "ci_low": 0.11374344329112696,
          "ci_high": 0.5885463454577992
        },
        "kendall_tau": {
          "mean": 0.250163037463605,
          "ci_low": 0.08514462282327893,
          "ci_high": 0.41970580436019744
        }
      },
      "CYP2D6": {
        "st_rae": {
          "mean": 1.1285157234141698,
          "ci_low": 0.9246554514025271,
          "ci_high": 1.3796810571319233
        },
        "mae": {
          "mean": 0.6131159454419063,
          "ci_low": 0.4835604930841006,
          "ci_high": 0.7599300555082468
        },
        "r2": {
          "mean": -0.16886985471141425,
          "ci_low": -0.4797113857159317,
          "ci_high": 0.06104936788345644
        },
        "spearman_rho": {
          "mean": 0.19429002707006254,
          "ci_low": -0.05653774196702919,
          "ci_high": 0.4382789956357484
        },
        "kendall_tau": {
          "mean": 0.13771036472467166,
          "ci_low": -0.03575469337565593,
          "ci_high": 0.30681679722835875
        }
      },
      "CYP3A4": {
        "st_rae": {
          "mean": 0.8656704805496918,
          "ci_low": 0.6922919887502686,
          "ci_high": 1.079002025096591
        },
        "mae": {
          "mean": 0.7428865520150163,
          "ci_low": 0.6337938966446145,
          "ci_high": 0.8596599454103514
        },
        "r2": {
          "mean": 0.22097760501861524,
          "ci_low": 0.0643566426005374,
          "ci_high": 0.3403596588443337
        },
        "spearman_rho": {
          "mean": 0.462282870280188,
          "ci_low": 0.2672087551699789,
          "ci_high": 0.6280127593787578
        },
        "kendall_tau": {
          "mean": 0.31353583314502487,
          "ci_low": 0.1738505020058231,
          "ci_high": 0.44266424888103784
        }
      }
    }
  },
  "epochs_run": 3,
  "fit_observations": 806,
  "validation_observations": 272,
  "rule": "coupled_map",
  "generations": 125,
  "hidden_channels": 16,
  "atom_feature_profile": "electronic",
  "atom_feature_count": 33,
  "atom_feature_names": [
    "element_H",
    "element_C",
    "element_N",
    "element_O",
    "element_F",
    "element_P",
    "element_S",
    "element_Cl",
    "element_Br",
    "element_I",
    "element_other",
    "formal_charge",
    "aromatic",
    "hybrid_sp",
    "hybrid_sp2",
    "hybrid_sp3",
    "hybrid_other",
    "degree",
    "total_hydrogens",
    "in_ring",
    "hbond_donor",
    "hbond_acceptor",
    "chiral_cw",
    "chiral_ccw",
    "chiral_other",
    "electronegativity",
    "polarizability",
    "heteroatom",
    "halogen",
    "conjugated_bond_fraction",
    "first_ionization_energy",
    "electron_affinity",
    "electronic_property_missing"
  ],
  "device": "cuda",
  "gpu": "NVIDIA GeForce RTX 5070 Ti",
  "training_seconds": 9.704783500055782,
  "peak_gpu_memory_bytes": 763039744,
  "runtime": {
    "operating_system": "Windows-10-10.0.26200-SP0",
    "machine": "AMD64",
    "python": "3.11.16",
    "python_executable": "C:\\Users\\Anthony\\anaconda3\\envs\\strange-matter-gpu\\python.exe",
    "pytorch": "2.11.0+cu128",
    "pytorch_cuda": "12.8",
    "device": "cuda",
    "gpu": "NVIDIA GeForce RTX 5070 Ti"
  },
  "validation_protocol": {
    "kind": "scaffold_cross_validation",
    "fold": 0,
    "folds": 5
  },
  "readout": "differentiable_closed_form_ridge",
  "hyperparameters": {
    "ca_lr": 0.0003,
    "ridge": 1.0,
    "ca_l2": 1e-05,
    "gradient_clip": 1.0,
    "update_scale": 0.08,
    "init_scale": 1.0,
    "initial_noise": 0.0,
    "support_fraction": 0.6,
    "bond_temperature": 2.0,
    "dyn_a": 0.5,
    "dyn_b": 0.2,
    "dyn_c": 0.5,
    "dyn_d": 0.05,
    "lr_schedule": "cosine_0.1x"
  }
}
