{"device": "cuda", "gpu": "NVIDIA GeForce RTX 5070 Ti", "pytorch": "2.11.0+cu128", "pytorch_cuda": "12.8"}
{"epoch": 1, "train_rmse": 1.0100228058537928, "validation_rmse": 1.0368568897247314, "mean_raw_gradient_norm": 55.03626689910889, "fraction_gradients_clipped": 1.0}
{"epoch": 2, "train_rmse": 1.1250396653706156, "validation_rmse": 1.0341126918792725, "mean_raw_gradient_norm": 56.95591411590576, "fraction_gradients_clipped": 1.0}
{"epoch": 3, "train_rmse": 1.1396685889822034, "validation_rmse": 1.0327930450439453, "mean_raw_gradient_norm": 25.47281131744385, "fraction_gradients_clipped": 1.0}
{
  "seed": 1701,
  "best_validation_rmse": 1.0327930450439453,
  "restored_fit_rmse": 0.9209182858467102,
  "restored_validation_rmse": 1.0326895713806152,
  "epochs_run": 3,
  "fit_observations": 791,
  "validation_observations": 273,
  "rule": "damped_symplectic",
  "generations": 64,
  "hidden_channels": 8,
  "device": "cuda",
  "gpu": "NVIDIA GeForce RTX 5070 Ti",
  "training_seconds": 5.137984600034542,
  "peak_gpu_memory_bytes": 163486208,
  "readout": "differentiable_closed_form_ridge",
  "hyperparameters": {
    "ca_lr": 0.0003,
    "ridge": 0.01,
    "ca_l2": 1e-06,
    "gradient_clip": 2.0,
    "update_scale": 0.4,
    "init_scale": 0.5,
    "initial_noise": 0.01,
    "support_fraction": 0.85,
    "bond_temperature": 2.0,
    "dyn_a": 0.5,
    "dyn_b": 0.2,
    "dyn_c": 0.5,
    "dyn_d": 0.3,
    "lr_schedule": "cosine_0.1x"
  }
}
