{"device": "cuda", "gpu": "NVIDIA GeForce RTX 5070 Ti", "pytorch": "2.11.0+cu128", "pytorch_cuda": "12.8"}
{"epoch": 1, "train_rmse": 3.2655228750722394, "validation_rmse": 1.0204757452011108, "mean_raw_gradient_norm": 819.9632170827765, "fraction_gradients_clipped": 1.0}
{"epoch": 2, "train_rmse": 3.1130016259723146, "validation_rmse": 1.0374547243118286, "mean_raw_gradient_norm": 901.2419076216848, "fraction_gradients_clipped": 1.0}
{"epoch": 3, "train_rmse": 3.1183884950220353, "validation_rmse": 1.0383647680282593, "mean_raw_gradient_norm": 750.2642244037829, "fraction_gradients_clipped": 1.0}
{
  "seed": 1701,
  "best_validation_rmse": 1.0204757452011108,
  "restored_fit_rmse": 0.8896996378898621,
  "restored_validation_rmse": 1.02047860622406,
  "epochs_run": 3,
  "fit_observations": 791,
  "validation_observations": 273,
  "rule": "gated_residual",
  "generations": 125,
  "hidden_channels": 8,
  "device": "cuda",
  "gpu": "NVIDIA GeForce RTX 5070 Ti",
  "training_seconds": 13.67128079989925,
  "peak_gpu_memory_bytes": 95135232,
  "readout": "differentiable_closed_form_ridge",
  "hyperparameters": {
    "ca_lr": 0.001,
    "ridge": 0.001,
    "ca_l2": 0.0001,
    "gradient_clip": 1.0
  }
}
