{"device": "cuda", "gpu": "NVIDIA GeForce RTX 5070 Ti", "pytorch": "2.11.0+cu128", "pytorch_cuda": "12.8"}
{"epoch": 1, "train_rmse": 1.2071379592890608, "validation_rmse": 1.055996298789978, "mean_raw_gradient_norm": 29.886633491516115, "fraction_gradients_clipped": 1.0}
{"epoch": 2, "train_rmse": 1.5852969758188988, "validation_rmse": 1.0611305236816406, "mean_raw_gradient_norm": 44.74609498977661, "fraction_gradients_clipped": 1.0}
{"epoch": 3, "train_rmse": 1.4254091417076702, "validation_rmse": 1.0612647533416748, "mean_raw_gradient_norm": 43.554301261901855, "fraction_gradients_clipped": 1.0}
{
  "seed": 1701,
  "best_validation_rmse": 1.055996298789978,
  "restored_fit_rmse": 0.8578821420669556,
  "restored_validation_rmse": 1.0559719800949097,
  "epochs_run": 3,
  "fit_observations": 791,
  "validation_observations": 273,
  "rule": "damped_symplectic",
  "generations": 16,
  "hidden_channels": 16,
  "device": "cuda",
  "gpu": "NVIDIA GeForce RTX 5070 Ti",
  "training_seconds": 3.086184800020419,
  "peak_gpu_memory_bytes": 57355264,
  "readout": "differentiable_closed_form_ridge",
  "hyperparameters": {
    "ca_lr": 0.001,
    "ridge": 0.1,
    "ca_l2": 1e-05,
    "gradient_clip": 1.0,
    "update_scale": 0.4,
    "init_scale": 0.5,
    "initial_noise": 0.0,
    "support_fraction": 0.85,
    "bond_temperature": 2.0,
    "dyn_a": 0.2,
    "dyn_b": 0.5,
    "dyn_c": 0.8,
    "dyn_d": 0.3,
    "lr_schedule": "cosine_0.1x"
  }
}
