{"operating_system": "macOS-26.2-arm64-arm-64bit", "machine": "arm64", "python": "3.10.19", "python_executable": "/opt/anaconda3/envs/kcc2/bin/python3.10", "pytorch": "2.8.0", "pytorch_cuda": null, "device": "cpu", "gpu": null}
{"epoch": 1, "train_rmse": 1.474562995069594, "validation_rmse": 0.9923588633537292, "mean_raw_gradient_norm": 18.76421594619751, "fraction_gradients_clipped": 1.0}
{"epoch": 2, "train_rmse": 1.4528016387832436, "validation_rmse": 0.9963479042053223, "mean_raw_gradient_norm": 44.40817070007324, "fraction_gradients_clipped": 1.0}
{"epoch": 3, "train_rmse": 1.3314293165571045, "validation_rmse": 0.9940510392189026, "mean_raw_gradient_norm": 12.797943067550658, "fraction_gradients_clipped": 1.0}
{
  "seed": 1701,
  "best_validation_rmse": 0.9923588633537292,
  "restored_fit_rmse": 0.9508100748062134,
  "restored_validation_rmse": 0.9923588633537292,
  "epochs_run": 3,
  "fit_observations": 791,
  "validation_observations": 273,
  "rule": "conservative_graph_flux",
  "generations": 64,
  "hidden_channels": 8,
  "device": "cpu",
  "gpu": null,
  "training_seconds": 5.886996375047602,
  "peak_gpu_memory_bytes": 0,
  "runtime": {
    "operating_system": "macOS-26.2-arm64-arm-64bit",
    "machine": "arm64",
    "python": "3.10.19",
    "python_executable": "/opt/anaconda3/envs/kcc2/bin/python3.10",
    "pytorch": "2.8.0",
    "pytorch_cuda": null,
    "device": "cpu",
    "gpu": null
  },
  "readout": "differentiable_closed_form_ridge",
  "hyperparameters": {
    "ca_lr": 0.0003,
    "ridge": 0.1,
    "ca_l2": 0.0001,
    "gradient_clip": 0.5,
    "update_scale": 0.08,
    "init_scale": 1.5,
    "initial_noise": 0.005,
    "support_fraction": 0.6,
    "bond_temperature": 0.5,
    "dyn_a": 0.2,
    "dyn_b": 0.8,
    "dyn_c": 0.8,
    "dyn_d": 0.05,
    "lr_schedule": "cosine_0.1x"
  }
}
