{"operating_system": "Windows-10-10.0.26200-SP0", "machine": "AMD64", "python": "3.11.16", "python_executable": "C:\\Users\\Anthony\\anaconda3\\envs\\strange-matter-gpu\\python.exe", "pytorch": "2.11.0+cu128", "pytorch_cuda": "12.8", "device": "cuda", "gpu": "NVIDIA GeForce RTX 5070 Ti"}
{"epoch": 1, "train_rmse": 1.071708603000837, "validation_rmse": 0.8810436725616455, "validation_ma_st_rae": 0.8948818446373592, "validation_CYP1A2_st_rae": 0.9657693494808102, "validation_CYP2C9_st_rae": 0.7861463926507812, "validation_CYP2D6_st_rae": 1.056258098940423, "validation_CYP3A4_st_rae": 0.7713535374774223, "mean_raw_gradient_norm": 6.589037910103798, "fraction_gradients_clipped": 1.0}
{"epoch": 2, "train_rmse": 0.9648086218427155, "validation_rmse": 0.8794354200363159, "validation_ma_st_rae": 0.8925474718095239, "validation_CYP1A2_st_rae": 0.9674878304282816, "validation_CYP2C9_st_rae": 0.7799002974181783, "validation_CYP2D6_st_rae": 1.0556770717345423, "validation_CYP3A4_st_rae": 0.767124687657093, "mean_raw_gradient_norm": 4.903898179531097, "fraction_gradients_clipped": 1.0}
{"epoch": 3, "train_rmse": 0.9882164737708325, "validation_rmse": 0.8792768120765686, "validation_ma_st_rae": 0.8923617509245477, "validation_CYP1A2_st_rae": 0.9698622840244977, "validation_CYP2C9_st_rae": 0.7781662325964729, "validation_CYP2D6_st_rae": 1.0554466046804813, "validation_CYP3A4_st_rae": 0.7659718823967389, "mean_raw_gradient_norm": 4.938986957073212, "fraction_gradients_clipped": 1.0}
{"epoch": 4, "train_rmse": 1.0521047082395514, "validation_rmse": 0.8787859082221985, "validation_ma_st_rae": 0.891633922078789, "validation_CYP1A2_st_rae": 0.9715839573996361, "validation_CYP2C9_st_rae": 0.7764660254011198, "validation_CYP2D6_st_rae": 1.0538146007695837, "validation_CYP3A4_st_rae": 0.7646711047448164, "mean_raw_gradient_norm": 5.892158031463623, "fraction_gradients_clipped": 1.0}
{"epoch": 5, "train_rmse": 0.9758916274928804, "validation_rmse": 0.8787872195243835, "validation_ma_st_rae": 0.8913779532770683, "validation_CYP1A2_st_rae": 0.9731818787613856, "validation_CYP2C9_st_rae": 0.7751150572360759, "validation_CYP2D6_st_rae": 1.0524716673023207, "validation_CYP3A4_st_rae": 0.7647432098084908, "mean_raw_gradient_norm": 5.565015256404877, "fraction_gradients_clipped": 1.0}
{
  "seed": 1701,
  "selection_metric": "validation_ma_st_rae",
  "best_validation_ma_st_rae": 0.891633922078789,
  "best_validation_rmse": 0.8787859082221985,
  "restored_fit_rmse": 0.8453661203384399,
  "restored_validation_rmse": 0.8787829279899597,
  "restored_fit_ma_st_rae": 0.8390058773597004,
  "restored_validation_ma_st_rae": 0.8954030723692363,
  "restored_validation_point_ma_st_rae": 0.8916333154926208,
  "restored_validation_point_st_rae_by_cyp": {
    "CYP1A2": 0.9715821119027167,
    "CYP2C9": 0.7764702139180354,
    "CYP2D6": 1.0538135682339138,
    "CYP3A4": 0.764667367915817
  },
  "restored_fit_st_rae_by_cyp": {
    "CYP1A2": 0.871929979919573,
    "CYP2C9": 0.7474669525963783,
    "CYP2D6": 1.0352108218969247,
    "CYP3A4": 0.7014157550259258
  },
  "restored_validation_st_rae_by_cyp": {
    "CYP1A2": 0.978066705958434,
    "CYP2C9": 0.7808267480228172,
    "CYP2D6": 1.0561022594643683,
    "CYP3A4": 0.766616576031326
  },
  "validation_bootstrap_metrics": {
    "n_bootstrap_samples": 1000,
    "seed": 0,
    "macro": {
      "st_rae": {
        "mean": 0.8954030723692363,
        "ci_low": 0.820353559974459,
        "ci_high": 0.9720387618520915
      },
      "mae": {
        "mean": 0.6470968430509392,
        "ci_low": 0.6048902534559218,
        "ci_high": 0.6933924604061764
      },
      "r2": {
        "mean": 0.1557291488080336,
        "ci_low": 0.08383200234984894,
        "ci_high": 0.22762529831068604
      },
      "spearman_rho": {
        "mean": 0.4073421428864773,
        "ci_low": 0.3396453060052265,
        "ci_high": 0.47428438631692565
      },
      "kendall_tau": {
        "mean": 0.2868481044600462,
        "ci_low": 0.2373993044203467,
        "ci_high": 0.3360059388987591
      }
    },
    "per_endpoint": {
      "CYP1A2": {
        "st_rae": {
          "mean": 0.978066705958434,
          "ci_low": 0.8353457915318419,
          "ci_high": 1.1378133869144158
        },
        "mae": {
          "mean": 0.7181077037727746,
          "ci_low": 0.6283025293889707,
          "ci_high": 0.8176003218132214
        },
        "r2": {
          "mean": 0.122947854097361,
          "ci_low": -0.0189205365587918,
          "ci_high": 0.25112479993240755
        },
        "spearman_rho": {
          "mean": 0.4086045887615702,
          "ci_low": 0.2546209637279649,
          "ci_high": 0.541316109010101
        },
        "kendall_tau": {
          "mean": 0.28236105687907104,
          "ci_low": 0.17548467529927467,
          "ci_high": 0.378612115724975
        }
      },
      "CYP2C9": {
        "st_rae": {
          "mean": 0.7808267480228172,
          "ci_low": 0.6071904650641766,
          "ci_high": 0.9957159076908919
        },
        "mae": {
          "mean": 0.5056235192331648,
          "ci_low": 0.43310890070354663,
          "ci_high": 0.5855870065343288
        },
        "r2": {
          "mean": 0.2302312878318557,
          "ci_low": 0.029168664311113934,
          "ci_high": 0.38711723482401333
        },
        "spearman_rho": {
          "mean": 0.5545381208231284,
          "ci_low": 0.40521822803531293,
          "ci_high": 0.676601714470327
        },
        "kendall_tau": {
          "mean": 0.39167127623322984,
          "ci_low": 0.2794176101569068,
          "ci_high": 0.4916627463922903
        }
      },
      "CYP2D6": {
        "st_rae": {
          "mean": 1.0561022594643683,
          "ci_low": 0.9180614814656697,
          "ci_high": 1.204519095870676
        },
        "mae": {
          "mean": 0.6177574806509227,
          "ci_low": 0.5196412086486817,
          "ci_high": 0.7283842578856614
        },
        "r2": {
          "mean": 0.023901243304404025,
          "ci_low": -0.13039060221658785,
          "ci_high": 0.16611043849562634
        },
        "spearman_rho": {
          "mean": 0.14394188194223806,
          "ci_low": -0.021037136892911614,
          "ci_high": 0.31241577490353417
        },
        "kendall_tau": {
          "mean": 0.10195306094147596,
          "ci_low": -0.011706546049049993,
          "ci_high": 0.22007769824544995
        }
      },
      "CYP3A4": {
        "st_rae": {
          "mean": 0.766616576031326,
          "ci_low": 0.669321884404016,
          "ci_high": 0.8675342457307006
        },
        "mae": {
          "mean": 0.7468986685468942,
          "ci_low": 0.6748928642990183,
          "ci_high": 0.8249587334290579
        },
        "r2": {
          "mean": 0.2458362099985136,
          "ci_low": 0.12778796956169472,
          "ci_high": 0.3564958345300227
        },
        "spearman_rho": {
          "mean": 0.5222839800189727,
          "ci_low": 0.4161989174191297,
          "ci_high": 0.626161947861689
        },
        "kendall_tau": {
          "mean": 0.37140702378640805,
          "ci_low": 0.2954127746566877,
          "ci_high": 0.44677080806012304
        }
      }
    }
  },
  "epochs_run": 5,
  "fit_observations": 2659,
  "validation_observations": 646,
  "rule": "kuramoto_sakaguchi",
  "generations": 32,
  "hidden_channels": 16,
  "atom_feature_profile": "electronic_local",
  "atom_feature_count": 37,
  "atom_feature_names": [
    "element_H",
    "element_C",
    "element_N",
    "element_O",
    "element_F",
    "element_P",
    "element_S",
    "element_Cl",
    "element_Br",
    "element_I",
    "element_other",
    "formal_charge",
    "aromatic",
    "hybrid_sp",
    "hybrid_sp2",
    "hybrid_sp3",
    "hybrid_other",
    "degree",
    "total_hydrogens",
    "in_ring",
    "hbond_donor",
    "hbond_acceptor",
    "chiral_cw",
    "chiral_ccw",
    "chiral_other",
    "electronegativity",
    "polarizability",
    "heteroatom",
    "halogen",
    "conjugated_bond_fraction",
    "first_ionization_energy",
    "electron_affinity",
    "electronic_property_missing",
    "mean_neighbour_electronegativity",
    "electronegativity_difference",
    "mean_neighbour_atomic_number",
    "neighbour_formal_charge"
  ],
  "device": "cuda",
  "gpu": "NVIDIA GeForce RTX 5070 Ti",
  "training_seconds": 20.257959299953654,
  "peak_gpu_memory_bytes": 243004416,
  "runtime": {
    "operating_system": "Windows-10-10.0.26200-SP0",
    "machine": "AMD64",
    "python": "3.11.16",
    "python_executable": "C:\\Users\\Anthony\\anaconda3\\envs\\strange-matter-gpu\\python.exe",
    "pytorch": "2.11.0+cu128",
    "pytorch_cuda": "12.8",
    "device": "cuda",
    "gpu": "NVIDIA GeForce RTX 5070 Ti"
  },
  "validation_protocol": {
    "kind": "scaffold_cross_validation",
    "fold": 1,
    "folds": 5
  },
  "readout": "differentiable_closed_form_ridge",
  "hyperparameters": {
    "ca_lr": 0.0003,
    "ridge": 1.0,
    "ca_l2": 1e-05,
    "gradient_clip": 0.5,
    "update_scale": 0.08,
    "init_scale": 0.5,
    "initial_noise": 0.0,
    "support_fraction": 0.75,
    "bond_temperature": 0.5,
    "dyn_a": 0.8,
    "dyn_b": 0.5,
    "dyn_c": 0.5,
    "dyn_d": 0.05,
    "lr_schedule": "cosine_0.1x"
  }
}
