{"device": "cuda", "gpu": "NVIDIA GeForce RTX 5070 Ti", "pytorch": "2.11.0+cu128", "pytorch_cuda": "12.8"}
{"epoch": 1, "train_rmse": 1.303602617906183, "validation_rmse": 1.0294498205184937, "mean_raw_gradient_norm": 69.70375919342041, "fraction_gradients_clipped": 1.0}
{"epoch": 2, "train_rmse": 1.2528296790939804, "validation_rmse": 1.0341238975524902, "mean_raw_gradient_norm": 43.12738952636719, "fraction_gradients_clipped": 1.0}
{"epoch": 3, "train_rmse": 1.321057320339758, "validation_rmse": 1.039634346961975, "mean_raw_gradient_norm": 27.81745023727417, "fraction_gradients_clipped": 1.0}
{
  "seed": 1701,
  "best_validation_rmse": 1.0294498205184937,
  "restored_fit_rmse": 0.8932916522026062,
  "restored_validation_rmse": 1.0294547080993652,
  "epochs_run": 3,
  "fit_observations": 791,
  "validation_observations": 273,
  "rule": "inertial_reaction_diffusion",
  "generations": 500,
  "hidden_channels": 8,
  "device": "cuda",
  "gpu": "NVIDIA GeForce RTX 5070 Ti",
  "training_seconds": 38.54304800007958,
  "peak_gpu_memory_bytes": 492288000,
  "readout": "differentiable_closed_form_ridge",
  "hyperparameters": {
    "ca_lr": 0.003,
    "ridge": 0.1,
    "ca_l2": 1e-05,
    "gradient_clip": 0.5
  }
}
