{"operating_system": "Windows-10-10.0.26200-SP0", "machine": "AMD64", "python": "3.11.16", "python_executable": "C:\\Users\\Anthony\\anaconda3\\envs\\strange-matter-gpu\\python.exe", "pytorch": "2.11.0+cu128", "pytorch_cuda": "12.8", "device": "cuda", "gpu": "NVIDIA GeForce RTX 5070 Ti"}
{"epoch": 1, "train_rmse": 1.2650092162227926, "validation_rmse": 0.8827198147773743, "validation_ma_st_rae": 0.9852247379292338, "validation_CYP1A2_st_rae": 1.011589893469581, "validation_CYP2C9_st_rae": 0.9777523613373451, "validation_CYP2D6_st_rae": 1.1085359409541693, "validation_CYP3A4_st_rae": 0.8430207559558396, "mean_raw_gradient_norm": 17.84436378479004, "fraction_gradients_clipped": 1.0}
{"epoch": 2, "train_rmse": 1.3224444421866455, "validation_rmse": 0.8829907178878784, "validation_ma_st_rae": 0.9854827019688258, "validation_CYP1A2_st_rae": 1.011041328825452, "validation_CYP2C9_st_rae": 0.9783075865958613, "validation_CYP2D6_st_rae": 1.110570397341413, "validation_CYP3A4_st_rae": 0.8420114951125769, "mean_raw_gradient_norm": 121.31576313972474, "fraction_gradients_clipped": 1.0}
{"epoch": 3, "train_rmse": 1.5564433795488, "validation_rmse": 0.883008599281311, "validation_ma_st_rae": 0.9852951285618718, "validation_CYP1A2_st_rae": 1.011810507736464, "validation_CYP2C9_st_rae": 0.9764694777745975, "validation_CYP2D6_st_rae": 1.111083403233183, "validation_CYP3A4_st_rae": 0.8418171255032426, "mean_raw_gradient_norm": 80.61660284996033, "fraction_gradients_clipped": 1.0}
{
  "seed": 1701,
  "selection_metric": "validation_ma_st_rae",
  "best_validation_ma_st_rae": 0.9852247379292338,
  "best_validation_rmse": 0.8827198147773743,
  "restored_fit_rmse": 0.9673047065734863,
  "restored_validation_rmse": 0.8827028870582581,
  "restored_fit_ma_st_rae": 0.9205260587582123,
  "restored_validation_ma_st_rae": 0.9974066599187416,
  "restored_validation_point_ma_st_rae": 0.9852546898181266,
  "restored_validation_point_st_rae_by_cyp": {
    "CYP1A2": 1.011574144338126,
    "CYP2C9": 0.9779521753159854,
    "CYP2D6": 1.1084671284858265,
    "CYP3A4": 0.8430253111325681
  },
  "restored_fit_st_rae_by_cyp": {
    "CYP1A2": 0.8937852748930263,
    "CYP2C9": 0.9252658608984312,
    "CYP2D6": 0.9862164903463465,
    "CYP3A4": 0.8768366088950447
  },
  "restored_validation_st_rae_by_cyp": {
    "CYP1A2": 1.0093375320295663,
    "CYP2C9": 1.0039764531982391,
    "CYP2D6": 1.1225953920109117,
    "CYP3A4": 0.8537172624362483
  },
  "validation_bootstrap_metrics": {
    "n_bootstrap_samples": 1000,
    "seed": 0,
    "macro": {
      "st_rae": {
        "mean": 0.9974066599187416,
        "ci_low": 0.9004134569879038,
        "ci_high": 1.091690232652984
      },
      "mae": {
        "mean": 0.6646185135147725,
        "ci_low": 0.5996898285651802,
        "ci_high": 0.736481360619132
      },
      "r2": {
        "mean": -0.0026229390495634687,
        "ci_low": -0.09784704658606147,
        "ci_high": 0.07975355627969843
      },
      "spearman_rho": {
        "mean": 0.28363944259217816,
        "ci_low": 0.17248066056602,
        "ci_high": 0.3940474188489228
      },
      "kendall_tau": {
        "mean": 0.19523240515518625,
        "ci_low": 0.11669788387105609,
        "ci_high": 0.27372445349231417
      }
    },
    "per_endpoint": {
      "CYP1A2": {
        "st_rae": {
          "mean": 1.0093375320295663,
          "ci_low": 0.8047129586764311,
          "ci_high": 1.210383695850732
        },
        "mae": {
          "mean": 0.6867866493443974,
          "ci_low": 0.523878026399456,
          "ci_high": 0.8636050851618656
        },
        "r2": {
          "mean": 0.06680176742341615,
          "ci_low": -0.10443489990401345,
          "ci_high": 0.18315790044909272
        },
        "spearman_rho": {
          "mean": 0.3659497308607123,
          "ci_low": 0.1410380314972815,
          "ci_high": 0.5621186433863856
        },
        "kendall_tau": {
          "mean": 0.25037943739963303,
          "ci_low": 0.09555290418054015,
          "ci_high": 0.3943724611680718
        }
      },
      "CYP2C9": {
        "st_rae": {
          "mean": 1.0039764531982391,
          "ci_low": 0.7775528013604849,
          "ci_high": 1.283587474177073
        },
        "mae": {
          "mean": 0.5835572364211082,
          "ci_low": 0.4686678602298101,
          "ci_high": 0.70473239839077
        },
        "r2": {
          "mean": -0.05761467369201369,
          "ci_low": -0.3184932449934199,
          "ci_high": 0.16540889612567725
        },
        "spearman_rho": {
          "mean": 0.3250104653304103,
          "ci_low": 0.052214587513724015,
          "ci_high": 0.5676679903625061
        },
        "kendall_tau": {
          "mean": 0.23567015301113162,
          "ci_low": 0.04491583627155247,
          "ci_high": 0.41251901838913874
        }
      },
      "CYP2D6": {
        "st_rae": {
          "mean": 1.1225953920109117,
          "ci_low": 0.9399956054055523,
          "ci_high": 1.3219554927419273
        },
        "mae": {
          "mean": 0.6150208388842069,
          "ci_low": 0.4748953736745394,
          "ci_high": 0.7523976462620955
        },
        "r2": {
          "mean": -0.20575133878417873,
          "ci_low": -0.434936942784098,
          "ci_high": -0.04000967460951188
        },
        "spearman_rho": {
          "mean": -0.011103586142989997,
          "ci_low": -0.27440984648883426,
          "ci_high": 0.23425092151194468
        },
        "kendall_tau": {
          "mean": -0.013148164002229677,
          "ci_low": -0.19416666666666665,
          "ci_high": 0.162682781427427
        }
      },
      "CYP3A4": {
        "st_rae": {
          "mean": 0.8537172624362483,
          "ci_low": 0.7216796150975584,
          "ci_high": 1.0161411968856182
        },
        "mae": {
          "mean": 0.7731093294093776,
          "ci_low": 0.6615127005549365,
          "ci_high": 0.8838119155445764
        },
        "r2": {
          "mean": 0.18607248885452235,
          "ci_low": 0.09327704711973996,
          "ci_high": 0.2690498183946083
        },
        "spearman_rho": {
          "mean": 0.45470116032057983,
          "ci_low": 0.2862325820172204,
          "ci_high": 0.5965818079970433
        },
        "kendall_tau": {
          "mean": 0.30802819421221017,
          "ci_low": 0.18945158979048274,
          "ci_high": 0.4129629629629629
        }
      }
    }
  },
  "epochs_run": 3,
  "fit_observations": 806,
  "validation_observations": 272,
  "rule": "coupled_map",
  "generations": 16,
  "hidden_channels": 4,
  "atom_feature_profile": "electronic_local",
  "atom_feature_count": 37,
  "atom_feature_names": [
    "element_H",
    "element_C",
    "element_N",
    "element_O",
    "element_F",
    "element_P",
    "element_S",
    "element_Cl",
    "element_Br",
    "element_I",
    "element_other",
    "formal_charge",
    "aromatic",
    "hybrid_sp",
    "hybrid_sp2",
    "hybrid_sp3",
    "hybrid_other",
    "degree",
    "total_hydrogens",
    "in_ring",
    "hbond_donor",
    "hbond_acceptor",
    "chiral_cw",
    "chiral_ccw",
    "chiral_other",
    "electronegativity",
    "polarizability",
    "heteroatom",
    "halogen",
    "conjugated_bond_fraction",
    "first_ionization_energy",
    "electron_affinity",
    "electronic_property_missing",
    "mean_neighbour_electronegativity",
    "electronegativity_difference",
    "mean_neighbour_atomic_number",
    "neighbour_formal_charge"
  ],
  "device": "cuda",
  "gpu": "NVIDIA GeForce RTX 5070 Ti",
  "training_seconds": 3.267350200098008,
  "peak_gpu_memory_bytes": 32756224,
  "runtime": {
    "operating_system": "Windows-10-10.0.26200-SP0",
    "machine": "AMD64",
    "python": "3.11.16",
    "python_executable": "C:\\Users\\Anthony\\anaconda3\\envs\\strange-matter-gpu\\python.exe",
    "pytorch": "2.11.0+cu128",
    "pytorch_cuda": "12.8",
    "device": "cuda",
    "gpu": "NVIDIA GeForce RTX 5070 Ti"
  },
  "validation_protocol": {
    "kind": "scaffold_cross_validation",
    "fold": 0,
    "folds": 5
  },
  "readout": "differentiable_closed_form_ridge",
  "hyperparameters": {
    "ca_lr": 0.0003,
    "ridge": 0.01,
    "ca_l2": 1e-05,
    "gradient_clip": 0.5,
    "update_scale": 0.08,
    "init_scale": 1.5,
    "initial_noise": 0.005,
    "support_fraction": 0.75,
    "bond_temperature": 0.5,
    "dyn_a": 0.2,
    "dyn_b": 0.8,
    "dyn_c": 0.8,
    "dyn_d": 0.05,
    "lr_schedule": "cosine_0.1x"
  }
}
