{"device": "cuda", "gpu": "NVIDIA GeForce RTX 5070 Ti", "pytorch": "2.11.0+cu128", "pytorch_cuda": "12.8"}
{"epoch": 1, "train_rmse": 1.1284169653035254, "validation_rmse": 0.9014474749565125, "mean_raw_gradient_norm": 9.377876839330119, "fraction_gradients_clipped": 1.0}
{"epoch": 2, "train_rmse": 1.14961169215979, "validation_rmse": 0.901945948600769, "mean_raw_gradient_norm": 10.0943346177378, "fraction_gradients_clipped": 1.0}
{"epoch": 3, "train_rmse": 1.0795068932110723, "validation_rmse": 0.9002519845962524, "mean_raw_gradient_norm": 7.37834595864819, "fraction_gradients_clipped": 1.0}
{"epoch": 4, "train_rmse": 1.1566446786083044, "validation_rmse": 0.8981170058250427, "mean_raw_gradient_norm": 8.187861142619964, "fraction_gradients_clipped": 1.0}
{"epoch": 5, "train_rmse": 1.1025493502668124, "validation_rmse": 0.8979097008705139, "mean_raw_gradient_norm": 6.7811655459865445, "fraction_gradients_clipped": 1.0}
{"epoch": 6, "train_rmse": 1.0865879041061892, "validation_rmse": 0.8980180621147156, "mean_raw_gradient_norm": 8.617584786107463, "fraction_gradients_clipped": 1.0}
{"epoch": 7, "train_rmse": 1.0721238580785357, "validation_rmse": 0.9019427299499512, "mean_raw_gradient_norm": 6.767155205049822, "fraction_gradients_clipped": 1.0}
{"epoch": 8, "train_rmse": 1.0830209089555303, "validation_rmse": 0.9028642773628235, "mean_raw_gradient_norm": 7.710186093084274, "fraction_gradients_clipped": 1.0}
{
  "seed": 1701,
  "best_validation_rmse": 0.8981170058250427,
  "restored_fit_rmse": 0.8416001796722412,
  "restored_validation_rmse": 0.8981173038482666,
  "epochs_run": 8,
  "fit_observations": 5216,
  "validation_observations": 1309,
  "rule": "gated_residual",
  "generations": 32,
  "hidden_channels": 16,
  "device": "cuda",
  "gpu": "NVIDIA GeForce RTX 5070 Ti",
  "training_seconds": 54.60369640006684,
  "peak_gpu_memory_bytes": 88330752,
  "readout": "differentiable_closed_form_ridge",
  "hyperparameters": {
    "ca_lr": 0.0003,
    "ridge": 1.0,
    "ca_l2": 1e-06,
    "gradient_clip": 1.0
  }
}
