{"operating_system": "Windows-10-10.0.26200-SP0", "machine": "AMD64", "python": "3.11.16", "python_executable": "C:\\Users\\Anthony\\anaconda3\\envs\\strange-matter-gpu\\python.exe", "pytorch": "2.11.0+cu128", "pytorch_cuda": "12.8", "device": "cuda", "gpu": "NVIDIA GeForce RTX 5070 Ti"}
{"epoch": 1, "train_rmse": 0.9705002963013555, "validation_rmse": 0.8990928530693054, "validation_ma_st_rae": 0.9187017615452975, "validation_CYP1A2_st_rae": 0.9967336705290305, "validation_CYP2C9_st_rae": 0.8164429872305056, "validation_CYP2D6_st_rae": 1.0683103941859435, "validation_CYP3A4_st_rae": 0.7933199942357103, "mean_raw_gradient_norm": 2.7522823810577393, "fraction_gradients_clipped": 0.75}
{"epoch": 2, "train_rmse": 2.0256662035693473, "validation_rmse": 0.8906886577606201, "validation_ma_st_rae": 0.9062917714756721, "validation_CYP1A2_st_rae": 0.9314702651816991, "validation_CYP2C9_st_rae": 0.8312141851380095, "validation_CYP2D6_st_rae": 1.0537556906797625, "validation_CYP3A4_st_rae": 0.8087269449032175, "mean_raw_gradient_norm": 1620.8030508980155, "fraction_gradients_clipped": 0.625}
{"epoch": 3, "train_rmse": 0.9566972222989211, "validation_rmse": 0.8872979283332825, "validation_ma_st_rae": 0.9052671873500536, "validation_CYP1A2_st_rae": 0.9459778514331402, "validation_CYP2C9_st_rae": 0.825496154199198, "validation_CYP2D6_st_rae": 1.0572866349781191, "validation_CYP3A4_st_rae": 0.7923081087897575, "mean_raw_gradient_norm": 2.246260479092598, "fraction_gradients_clipped": 0.6875}
{"epoch": 4, "train_rmse": 6.537250678207716, "validation_rmse": 0.8837481141090393, "validation_ma_st_rae": 0.898363705645137, "validation_CYP1A2_st_rae": 0.9379889870294057, "validation_CYP2C9_st_rae": 0.8225017283014392, "validation_CYP2D6_st_rae": 1.0467765407947796, "validation_CYP3A4_st_rae": 0.7861875664549236, "mean_raw_gradient_norm": 1269.2757003232837, "fraction_gradients_clipped": 0.8125}
{"epoch": 5, "train_rmse": 4.957799845885219, "validation_rmse": 0.8829985857009888, "validation_ma_st_rae": 0.8989188884422846, "validation_CYP1A2_st_rae": 0.9361343321074077, "validation_CYP2C9_st_rae": 0.8307910405957802, "validation_CYP2D6_st_rae": 1.0460549650638244, "validation_CYP3A4_st_rae": 0.7826952160021262, "mean_raw_gradient_norm": 1220.6082461029291, "fraction_gradients_clipped": 0.5}
{
  "seed": 1701,
  "selection_metric": "validation_ma_st_rae",
  "best_validation_ma_st_rae": 0.898363705645137,
  "best_validation_rmse": 0.8837481141090393,
  "restored_fit_rmse": 0.8775947093963623,
  "restored_validation_rmse": 0.8837467432022095,
  "restored_fit_ma_st_rae": 0.8664972413477021,
  "restored_validation_ma_st_rae": 0.9019843896983439,
  "restored_validation_point_ma_st_rae": 0.8983590942272188,
  "restored_validation_point_st_rae_by_cyp": {
    "CYP1A2": 0.9379867946076778,
    "CYP2C9": 0.8224805775157279,
    "CYP2D6": 1.0467839750516024,
    "CYP3A4": 0.7861850297338677
  },
  "restored_fit_st_rae_by_cyp": {
    "CYP1A2": 0.8444681865232726,
    "CYP2C9": 0.797348407681363,
    "CYP2D6": 1.0307420947372659,
    "CYP3A4": 0.7934302764489064
  },
  "restored_validation_st_rae_by_cyp": {
    "CYP1A2": 0.9440930430155047,
    "CYP2C9": 0.8267908913012252,
    "CYP2D6": 1.0492668857177765,
    "CYP3A4": 0.78778673875887
  },
  "validation_bootstrap_metrics": {
    "n_bootstrap_samples": 1000,
    "seed": 0,
    "macro": {
      "st_rae": {
        "mean": 0.9019843896983439,
        "ci_low": 0.8323502188665608,
        "ci_high": 0.9791727745224148
      },
      "mae": {
        "mean": 0.6525593039693883,
        "ci_low": 0.6084130831714504,
        "ci_high": 0.6986737927467784
      },
      "r2": {
        "mean": 0.1407203335353603,
        "ci_low": 0.06936679514579923,
        "ci_high": 0.21427171162577077
      },
      "spearman_rho": {
        "mean": 0.3868670030856435,
        "ci_low": 0.32010183610263326,
        "ci_high": 0.4596947180467167
      },
      "kendall_tau": {
        "mean": 0.26959505668830924,
        "ci_low": 0.22097894249877334,
        "ci_high": 0.3233455418088479
      }
    },
    "per_endpoint": {
      "CYP1A2": {
        "st_rae": {
          "mean": 0.9440930430155047,
          "ci_low": 0.8119207519182593,
          "ci_high": 1.0908481596170019
        },
        "mae": {
          "mean": 0.7011319242011022,
          "ci_low": 0.6093094326718881,
          "ci_high": 0.800720168073682
        },
        "r2": {
          "mean": 0.1379178477080207,
          "ci_low": 0.00389227287763462,
          "ci_high": 0.2557440743283906
        },
        "spearman_rho": {
          "mean": 0.4176431721189695,
          "ci_low": 0.26779434206948804,
          "ci_high": 0.5521946444170698
        },
        "kendall_tau": {
          "mean": 0.2855768220634669,
          "ci_low": 0.18106006549012488,
          "ci_high": 0.3839856482577942
        }
      },
      "CYP2C9": {
        "st_rae": {
          "mean": 0.8267908913012252,
          "ci_low": 0.6446362755572647,
          "ci_high": 1.03263820943437
        },
        "mae": {
          "mean": 0.5312887434449814,
          "ci_low": 0.45792725004312645,
          "ci_high": 0.6014576798631944
        },
        "r2": {
          "mean": 0.19825866955676805,
          "ci_low": 0.025881022421541756,
          "ci_high": 0.36104229116635816
        },
        "spearman_rho": {
          "mean": 0.48438611630263606,
          "ci_low": 0.3398418440090214,
          "ci_high": 0.620093216496326
        },
        "kendall_tau": {
          "mean": 0.33958399145151597,
          "ci_low": 0.2291535009356135,
          "ci_high": 0.4475171866416706
        }
      },
      "CYP2D6": {
        "st_rae": {
          "mean": 1.0492668857177765,
          "ci_low": 0.9251063970612152,
          "ci_high": 1.1899646143753138
        },
        "mae": {
          "mean": 0.6170139923078299,
          "ci_low": 0.5164440379090552,
          "ci_high": 0.7236407527088249
        },
        "r2": {
          "mean": -0.012573626414170107,
          "ci_low": -0.1521651660374194,
          "ci_high": 0.12213658868629848
        },
        "spearman_rho": {
          "mean": 0.14238037756789151,
          "ci_low": -0.04138799616620952,
          "ci_high": 0.31432012381777136
        },
        "kendall_tau": {
          "mean": 0.09590809736126965,
          "ci_low": -0.028547802984077934,
          "ci_high": 0.2149418521140578
        }
      },
      "CYP3A4": {
        "st_rae": {
          "mean": 0.78778673875887,
          "ci_low": 0.6897774017073431,
          "ci_high": 0.8924132134659568
        },
        "mae": {
          "mean": 0.76080255592364,
          "ci_low": 0.6881076182072587,
          "ci_high": 0.8327575572051448
        },
        "r2": {
          "mean": 0.23927844329082243,
          "ci_low": 0.13967796965122148,
          "ci_high": 0.3333082259568365
        },
        "spearman_rho": {
          "mean": 0.5030583463530768,
          "ci_low": 0.39969671127751405,
          "ci_high": 0.6017887247233111
        },
        "kendall_tau": {
          "mean": 0.3573113158769844,
          "ci_low": 0.2815658205389523,
          "ci_high": 0.43260892206214197
        }
      }
    }
  },
  "epochs_run": 5,
  "fit_observations": 2659,
  "validation_observations": 646,
  "rule": "kuramoto_sakaguchi",
  "generations": 125,
  "hidden_channels": 4,
  "atom_feature_profile": "electronic",
  "atom_feature_count": 33,
  "atom_feature_names": [
    "element_H",
    "element_C",
    "element_N",
    "element_O",
    "element_F",
    "element_P",
    "element_S",
    "element_Cl",
    "element_Br",
    "element_I",
    "element_other",
    "formal_charge",
    "aromatic",
    "hybrid_sp",
    "hybrid_sp2",
    "hybrid_sp3",
    "hybrid_other",
    "degree",
    "total_hydrogens",
    "in_ring",
    "hbond_donor",
    "hbond_acceptor",
    "chiral_cw",
    "chiral_ccw",
    "chiral_other",
    "electronegativity",
    "polarizability",
    "heteroatom",
    "halogen",
    "conjugated_bond_fraction",
    "first_ionization_energy",
    "electron_affinity",
    "electronic_property_missing"
  ],
  "device": "cuda",
  "gpu": "NVIDIA GeForce RTX 5070 Ti",
  "training_seconds": 45.56936140009202,
  "peak_gpu_memory_bytes": 238183424,
  "runtime": {
    "operating_system": "Windows-10-10.0.26200-SP0",
    "machine": "AMD64",
    "python": "3.11.16",
    "python_executable": "C:\\Users\\Anthony\\anaconda3\\envs\\strange-matter-gpu\\python.exe",
    "pytorch": "2.11.0+cu128",
    "pytorch_cuda": "12.8",
    "device": "cuda",
    "gpu": "NVIDIA GeForce RTX 5070 Ti"
  },
  "validation_protocol": {
    "kind": "scaffold_cross_validation",
    "fold": 1,
    "folds": 5
  },
  "readout": "differentiable_closed_form_ridge",
  "prediction_mode": "direct",
  "residual_alpha": null,
  "trajectory_pooling": "legacy",
  "ridge_mode": "shared",
  "loss_mode": "mse",
  "interval_loss_beta": 0.0,
  "interval_temperature": 0.05,
  "hyperparameters": {
    "ca_lr": 0.003,
    "ridge": 0.1,
    "ca_l2": 1e-05,
    "gradient_clip": 2.0,
    "update_scale": 0.08,
    "init_scale": 1.0,
    "initial_noise": 0.005,
    "support_fraction": 0.6,
    "bond_temperature": 2.0,
    "dyn_a": 0.5,
    "dyn_b": 0.8,
    "dyn_c": 0.5,
    "dyn_d": 0.15,
    "lr_schedule": "cosine_0.1x"
  }
}
