{"operating_system": "Windows-10-10.0.26200-SP0", "machine": "AMD64", "python": "3.11.16", "python_executable": "C:\\Users\\Anthony\\anaconda3\\envs\\strange-matter-gpu\\python.exe", "pytorch": "2.11.0+cu128", "pytorch_cuda": "12.8", "device": "cuda", "gpu": "NVIDIA GeForce RTX 5070 Ti"}
{"epoch": 1, "train_rmse": 1.0254535464325594, "validation_rmse": 0.8864561915397644, "validation_ma_st_rae": 0.9059464490112253, "validation_CYP1A2_st_rae": 0.9705568869697738, "validation_CYP2C9_st_rae": 0.8449262660619348, "validation_CYP2D6_st_rae": 1.0312185230758406, "validation_CYP3A4_st_rae": 0.7770841199373523, "mean_raw_gradient_norm": 9.461467208862304, "fraction_gradients_clipped": 1.0}
{"epoch": 2, "train_rmse": 1.0709662262593755, "validation_rmse": 0.871638298034668, "validation_ma_st_rae": 0.8843558703297789, "validation_CYP1A2_st_rae": 0.9759633614689546, "validation_CYP2C9_st_rae": 0.7833509187394067, "validation_CYP2D6_st_rae": 1.029474635743788, "validation_CYP3A4_st_rae": 0.7486345653669666, "mean_raw_gradient_norm": 8.602361583709717, "fraction_gradients_clipped": 1.0}
{"epoch": 3, "train_rmse": 1.062637870679263, "validation_rmse": 0.8749402165412903, "validation_ma_st_rae": 0.8945678325214789, "validation_CYP1A2_st_rae": 0.9572295751497435, "validation_CYP2C9_st_rae": 0.8080453651612916, "validation_CYP2D6_st_rae": 1.0475250404185505, "validation_CYP3A4_st_rae": 0.76547134935633, "mean_raw_gradient_norm": 8.732091159820557, "fraction_gradients_clipped": 1.0}
{"epoch": 4, "train_rmse": 1.0170594876360843, "validation_rmse": 0.8707178831100464, "validation_ma_st_rae": 0.8778804901174369, "validation_CYP1A2_st_rae": 0.9425751233748797, "validation_CYP2C9_st_rae": 0.8067247182858645, "validation_CYP2D6_st_rae": 1.0027513670028039, "validation_CYP3A4_st_rae": 0.7594707518061996, "mean_raw_gradient_norm": 8.228644828796387, "fraction_gradients_clipped": 1.0}
{"epoch": 5, "train_rmse": 1.0054343587772057, "validation_rmse": 0.8680768013000488, "validation_ma_st_rae": 0.8785149881725198, "validation_CYP1A2_st_rae": 0.9332981345424967, "validation_CYP2C9_st_rae": 0.8053719527321898, "validation_CYP2D6_st_rae": 1.0229995738391637, "validation_CYP3A4_st_rae": 0.7523902915762288, "mean_raw_gradient_norm": 7.6454464626312255, "fraction_gradients_clipped": 1.0}
{"epoch": 6, "train_rmse": 1.0100892875469762, "validation_rmse": 0.8615466952323914, "validation_ma_st_rae": 0.8624655042648822, "validation_CYP1A2_st_rae": 0.9167355551150577, "validation_CYP2C9_st_rae": 0.7629948429231328, "validation_CYP2D6_st_rae": 1.0175492927992058, "validation_CYP3A4_st_rae": 0.7525823262221327, "mean_raw_gradient_norm": 10.073048477172852, "fraction_gradients_clipped": 1.0}
{"epoch": 7, "train_rmse": 1.0144046776664473, "validation_rmse": 0.8611748814582825, "validation_ma_st_rae": 0.8636943044828937, "validation_CYP1A2_st_rae": 0.9121534135957939, "validation_CYP2C9_st_rae": 0.7735506782008755, "validation_CYP2D6_st_rae": 1.0182224627532934, "validation_CYP3A4_st_rae": 0.7508506633816119, "mean_raw_gradient_norm": 8.590948419570923, "fraction_gradients_clipped": 1.0}
{"epoch": 8, "train_rmse": 0.9790600254934427, "validation_rmse": 0.8607800602912903, "validation_ma_st_rae": 0.8625611761920335, "validation_CYP1A2_st_rae": 0.9143451033407088, "validation_CYP2C9_st_rae": 0.7790277596991035, "validation_CYP2D6_st_rae": 1.0107394115763761, "validation_CYP3A4_st_rae": 0.7461324301519452, "mean_raw_gradient_norm": 8.125438108444214, "fraction_gradients_clipped": 1.0}
{
  "seed": 1701,
  "selection_metric": "validation_ma_st_rae",
  "best_validation_ma_st_rae": 0.8624655042648822,
  "best_validation_rmse": 0.8615466952323914,
  "restored_fit_rmse": 0.8132843375205994,
  "restored_validation_rmse": 0.8615472316741943,
  "restored_fit_ma_st_rae": 0.8149588068450501,
  "restored_validation_ma_st_rae": 0.8651045449352398,
  "restored_validation_point_ma_st_rae": 0.8624679331701138,
  "restored_validation_point_st_rae_by_cyp": {
    "CYP1A2": 0.9167388913242522,
    "CYP2C9": 0.7629954142481514,
    "CYP2D6": 1.0175610261583292,
    "CYP3A4": 0.7525764009497222
  },
  "restored_fit_st_rae_by_cyp": {
    "CYP1A2": 0.8580959946144978,
    "CYP2C9": 0.75631206762019,
    "CYP2D6": 0.9662346083693448,
    "CYP3A4": 0.6791925567761674
  },
  "restored_validation_st_rae_by_cyp": {
    "CYP1A2": 0.9220166832193295,
    "CYP2C9": 0.7648238526151504,
    "CYP2D6": 1.0204034692846193,
    "CYP3A4": 0.7531741746218602
  },
  "validation_bootstrap_metrics": {
    "n_bootstrap_samples": 1000,
    "seed": 0,
    "macro": {
      "st_rae": {
        "mean": 0.8651045449352398,
        "ci_low": 0.8159757718676285,
        "ci_high": 0.9170417776470408
      },
      "mae": {
        "mean": 0.6350265518777877,
        "ci_low": 0.6016841282746116,
        "ci_high": 0.6708582879153183
      },
      "r2": {
        "mean": 0.17422970222510709,
        "ci_low": 0.12148657421496513,
        "ci_high": 0.22423164493780487
      },
      "spearman_rho": {
        "mean": 0.42952856794475586,
        "ci_low": 0.3766330472794544,
        "ci_high": 0.4793480171784127
      },
      "kendall_tau": {
        "mean": 0.3006304199667648,
        "ci_low": 0.2610133696425745,
        "ci_high": 0.33742954964706834
      }
    },
    "per_endpoint": {
      "CYP1A2": {
        "st_rae": {
          "mean": 0.9220166832193295,
          "ci_low": 0.8197206341393511,
          "ci_high": 1.033171200129116
        },
        "mae": {
          "mean": 0.7103456799557043,
          "ci_low": 0.632047516357067,
          "ci_high": 0.7989443992182266
        },
        "r2": {
          "mean": 0.12631486332386901,
          "ci_low": 0.01641742989223792,
          "ci_high": 0.2219748870303122
        },
        "spearman_rho": {
          "mean": 0.39289922216817197,
          "ci_low": 0.27362192422548176,
          "ci_high": 0.493839251624379
        },
        "kendall_tau": {
          "mean": 0.26965477074084326,
          "ci_low": 0.18845940176522105,
          "ci_high": 0.34251260307233033
        }
      },
      "CYP2C9": {
        "st_rae": {
          "mean": 0.7648238526151504,
          "ci_low": 0.6416291492558949,
          "ci_high": 0.8848724648063959
        },
        "mae": {
          "mean": 0.5073370557049204,
          "ci_low": 0.4416416085916122,
          "ci_high": 0.5771348628295859
        },
        "r2": {
          "mean": 0.21351923519745025,
          "ci_low": 0.08409951189016354,
          "ci_high": 0.3356316053913997
        },
        "spearman_rho": {
          "mean": 0.511287930832071,
          "ci_low": 0.39239839654305286,
          "ci_high": 0.6218219526516539
        },
        "kendall_tau": {
          "mean": 0.3662006548255124,
          "ci_low": 0.277690097651864,
          "ci_high": 0.44878151197953187
        }
      },
      "CYP2D6": {
        "st_rae": {
          "mean": 1.0204034692846193,
          "ci_low": 0.9296184868997268,
          "ci_high": 1.1283194655275182
        },
        "mae": {
          "mean": 0.5865517434959827,
          "ci_low": 0.506271948762562,
          "ci_high": 0.6623487330260485
        },
        "r2": {
          "mean": 0.053788830081537224,
          "ci_low": -0.04528299558847687,
          "ci_high": 0.14056834009461563
        },
        "spearman_rho": {
          "mean": 0.2659627935658576,
          "ci_low": 0.1366647182259781,
          "ci_high": 0.37787964155620224
        },
        "kendall_tau": {
          "mean": 0.17996442347180686,
          "ci_low": 0.09224932891521011,
          "ci_high": 0.25936574221401304
        }
      },
      "CYP3A4": {
        "st_rae": {
          "mean": 0.7531741746218602,
          "ci_low": 0.6683706808257179,
          "ci_high": 0.841029209222696
        },
        "mae": {
          "mean": 0.7358717283545438,
          "ci_low": 0.6850680052986435,
          "ci_high": 0.7921307769673682
        },
        "r2": {
          "mean": 0.3032958802975719,
          "ci_low": 0.20863054530819258,
          "ci_high": 0.39228194007365325
        },
        "spearman_rho": {
          "mean": 0.5479643252129229,
          "ci_low": 0.46801102991217713,
          "ci_high": 0.62165027942333
        },
        "kendall_tau": {
          "mean": 0.38670183082889675,
          "ci_low": 0.3266734514381081,
          "ci_high": 0.443051865088122
        }
      }
    }
  },
  "epochs_run": 8,
  "fit_observations": 4213,
  "validation_observations": 1003,
  "rule": "inertial_reaction_diffusion",
  "generations": 250,
  "hidden_channels": 16,
  "atom_feature_profile": "periodic_valence",
  "atom_feature_count": 38,
  "atom_feature_names": [
    "element_H",
    "element_C",
    "element_N",
    "element_O",
    "element_F",
    "element_P",
    "element_S",
    "element_Cl",
    "element_Br",
    "element_I",
    "element_other",
    "formal_charge",
    "aromatic",
    "hybrid_sp",
    "hybrid_sp2",
    "hybrid_sp3",
    "hybrid_other",
    "degree",
    "total_hydrogens",
    "in_ring",
    "hbond_donor",
    "hbond_acceptor",
    "chiral_cw",
    "chiral_ccw",
    "chiral_other",
    "atomic_number",
    "atomic_mass",
    "covalent_radius",
    "vdw_radius",
    "outer_electrons",
    "period",
    "periodic_group",
    "atomic_volume",
    "total_valence",
    "implicit_valence",
    "heavy_atom_degree",
    "radical_electrons",
    "absolute_formal_charge"
  ],
  "device": "cuda",
  "gpu": "NVIDIA GeForce RTX 5070 Ti",
  "training_seconds": 192.0799529000651,
  "peak_gpu_memory_bytes": 1286008832,
  "runtime": {
    "operating_system": "Windows-10-10.0.26200-SP0",
    "machine": "AMD64",
    "python": "3.11.16",
    "python_executable": "C:\\Users\\Anthony\\anaconda3\\envs\\strange-matter-gpu\\python.exe",
    "pytorch": "2.11.0+cu128",
    "pytorch_cuda": "12.8",
    "device": "cuda",
    "gpu": "NVIDIA GeForce RTX 5070 Ti"
  },
  "validation_protocol": {
    "kind": "scaffold_cross_validation",
    "fold": 1,
    "folds": 5
  },
  "readout": "differentiable_closed_form_ridge",
  "prediction_mode": "direct",
  "residual_alpha": null,
  "trajectory_pooling": "legacy",
  "ridge_mode": "shared",
  "loss_mode": "hybrid_interval",
  "interval_loss_beta": 0.5,
  "interval_temperature": 0.05,
  "hyperparameters": {
    "ca_lr": 0.003,
    "ridge": 0.1,
    "ca_l2": 1e-06,
    "gradient_clip": 2.0,
    "update_scale": 0.15,
    "init_scale": 0.5,
    "initial_noise": 0.0,
    "support_fraction": 0.85,
    "bond_temperature": 2.0,
    "dyn_a": 0.2,
    "dyn_b": 0.5,
    "dyn_c": 0.5,
    "dyn_d": 0.3,
    "lr_schedule": "cosine_0.1x"
  }
}
