{"operating_system": "Windows-10-10.0.26200-SP0", "machine": "AMD64", "python": "3.11.16", "python_executable": "C:\\Users\\Anthony\\anaconda3\\envs\\strange-matter-gpu\\python.exe", "pytorch": "2.11.0+cu128", "pytorch_cuda": "12.8", "device": "cuda", "gpu": "NVIDIA GeForce RTX 5070 Ti"}
{"epoch": 1, "train_rmse": 0.9904509431317922, "validation_rmse": 0.8933636546134949, "mean_raw_gradient_norm": 7.262010312849475, "fraction_gradients_clipped": 1.0}
{"epoch": 2, "train_rmse": 0.9992347012057787, "validation_rmse": 0.8900300860404968, "mean_raw_gradient_norm": 7.389062681505757, "fraction_gradients_clipped": 1.0}
{"epoch": 3, "train_rmse": 0.9762143728185805, "validation_rmse": 0.8845629096031189, "mean_raw_gradient_norm": 6.023612691510108, "fraction_gradients_clipped": 1.0}
{"epoch": 4, "train_rmse": 1.0742462818365173, "validation_rmse": 0.8879634737968445, "mean_raw_gradient_norm": 7.410156234618156, "fraction_gradients_clipped": 1.0}
{"epoch": 5, "train_rmse": 0.9940054252876759, "validation_rmse": 0.8880600333213806, "mean_raw_gradient_norm": 5.828965956164945, "fraction_gradients_clipped": 1.0}
{"epoch": 6, "train_rmse": 0.9624451895306327, "validation_rmse": 0.8873332142829895, "mean_raw_gradient_norm": 5.429884895201652, "fraction_gradients_clipped": 1.0}
{"epoch": 7, "train_rmse": 0.941595214129179, "validation_rmse": 0.8882693648338318, "mean_raw_gradient_norm": 6.286484564504316, "fraction_gradients_clipped": 1.0}
{"epoch": 8, "train_rmse": 1.0192791602482048, "validation_rmse": 0.8860711455345154, "mean_raw_gradient_norm": 7.117310154822565, "fraction_gradients_clipped": 1.0}
{
  "seed": 1701,
  "best_validation_rmse": 0.8845629096031189,
  "restored_fit_rmse": 0.8320856690406799,
  "restored_validation_rmse": 0.8845576643943787,
  "epochs_run": 8,
  "fit_observations": 5216,
  "validation_observations": 1309,
  "rule": "gray_scott",
  "generations": 250,
  "hidden_channels": 16,
  "atom_feature_profile": "periodic_valence",
  "atom_feature_count": 35,
  "atom_feature_names": [
    "element_H",
    "element_C",
    "element_N",
    "element_O",
    "element_F",
    "element_P",
    "element_S",
    "element_Cl",
    "element_Br",
    "element_I",
    "element_other",
    "formal_charge",
    "aromatic",
    "hybrid_sp",
    "hybrid_sp2",
    "hybrid_sp3",
    "hybrid_other",
    "degree",
    "total_hydrogens",
    "in_ring",
    "hbond_donor",
    "hbond_acceptor",
    "chiral_cw",
    "chiral_ccw",
    "chiral_other",
    "atomic_number",
    "atomic_mass",
    "covalent_radius",
    "vdw_radius",
    "outer_electrons",
    "total_valence",
    "implicit_valence",
    "heavy_atom_degree",
    "radical_electrons",
    "absolute_formal_charge"
  ],
  "device": "cuda",
  "gpu": "NVIDIA GeForce RTX 5070 Ti",
  "training_seconds": 346.44801269995514,
  "peak_gpu_memory_bytes": 1373339648,
  "runtime": {
    "operating_system": "Windows-10-10.0.26200-SP0",
    "machine": "AMD64",
    "python": "3.11.16",
    "python_executable": "C:\\Users\\Anthony\\anaconda3\\envs\\strange-matter-gpu\\python.exe",
    "pytorch": "2.11.0+cu128",
    "pytorch_cuda": "12.8",
    "device": "cuda",
    "gpu": "NVIDIA GeForce RTX 5070 Ti"
  },
  "readout": "differentiable_closed_form_ridge",
  "hyperparameters": {
    "ca_lr": 0.001,
    "ridge": 0.3,
    "ca_l2": 0.0001,
    "gradient_clip": 1.0,
    "update_scale": 0.25,
    "init_scale": 0.5,
    "initial_noise": 0.005,
    "support_fraction": 0.85,
    "bond_temperature": 1.0,
    "dyn_a": 0.8,
    "dyn_b": 0.2,
    "dyn_c": 0.8,
    "dyn_d": 0.3,
    "lr_schedule": "cosine_0.1x"
  }
}
