{"operating_system": "Windows-10-10.0.26200-SP0", "machine": "AMD64", "python": "3.11.16", "python_executable": "C:\\Users\\Anthony\\anaconda3\\envs\\strange-matter-gpu\\python.exe", "pytorch": "2.11.0+cu128", "pytorch_cuda": "12.8", "device": "cuda", "gpu": "NVIDIA GeForce RTX 5070 Ti"}
{"epoch": 1, "train_rmse": 1.246445172842007, "validation_rmse": 0.8740103244781494, "validation_ma_st_rae": 0.9690368288404743, "validation_CYP1A2_st_rae": 1.0632131100569742, "validation_CYP2C9_st_rae": 0.8061799746585971, "validation_CYP2D6_st_rae": 1.0666975696427985, "validation_CYP3A4_st_rae": 0.9400566610035272, "mean_raw_gradient_norm": 13.974316906929015, "fraction_gradients_clipped": 1.0}
{"epoch": 2, "train_rmse": 1.3120683303896965, "validation_rmse": 0.8757054805755615, "validation_ma_st_rae": 0.969091463527381, "validation_CYP1A2_st_rae": 1.0816561264334064, "validation_CYP2C9_st_rae": 0.7913325586235191, "validation_CYP2D6_st_rae": 1.0615854097089605, "validation_CYP3A4_st_rae": 0.9417917593436375, "mean_raw_gradient_norm": 11.782020807266235, "fraction_gradients_clipped": 1.0}
{"epoch": 3, "train_rmse": 1.4658921702208723, "validation_rmse": 0.8756634593009949, "validation_ma_st_rae": 0.9696099776827842, "validation_CYP1A2_st_rae": 1.0850277319212964, "validation_CYP2C9_st_rae": 0.7886345835376435, "validation_CYP2D6_st_rae": 1.0622642162293159, "validation_CYP3A4_st_rae": 0.9425133790428817, "mean_raw_gradient_norm": 18.738517189025877, "fraction_gradients_clipped": 1.0}
{
  "seed": 1701,
  "selection_metric": "validation_ma_st_rae",
  "best_validation_ma_st_rae": 0.9690368288404743,
  "best_validation_rmse": 0.8740103244781494,
  "restored_fit_rmse": 0.9423139691352844,
  "restored_validation_rmse": 0.8740147948265076,
  "restored_fit_ma_st_rae": 0.8742261856202,
  "restored_validation_ma_st_rae": 0.9844550991647126,
  "restored_validation_point_ma_st_rae": 0.9690454139590275,
  "restored_validation_point_st_rae_by_cyp": {
    "CYP1A2": 1.0632212103843337,
    "CYP2C9": 0.806185896980129,
    "CYP2D6": 1.0667094961541883,
    "CYP3A4": 0.9400650523174588
  },
  "restored_fit_st_rae_by_cyp": {
    "CYP1A2": 0.889478667726608,
    "CYP2C9": 0.7668365837241001,
    "CYP2D6": 0.9875815808992242,
    "CYP3A4": 0.853007910130868
  },
  "restored_validation_st_rae_by_cyp": {
    "CYP1A2": 1.0652399214521888,
    "CYP2C9": 0.8285671944093124,
    "CYP2D6": 1.0900453021704917,
    "CYP3A4": 0.9539679786268576
  },
  "validation_bootstrap_metrics": {
    "n_bootstrap_samples": 1000,
    "seed": 0,
    "macro": {
      "st_rae": {
        "mean": 0.9844550991647126,
        "ci_low": 0.8754275058915992,
        "ci_high": 1.1019316683782683
      },
      "mae": {
        "mean": 0.6634307732306172,
        "ci_low": 0.5997360413794302,
        "ci_high": 0.728771331241719
      },
      "r2": {
        "mean": 0.047850555508466903,
        "ci_low": -0.07196314492375823,
        "ci_high": 0.15201382786958345
      },
      "spearman_rho": {
        "mean": 0.37337479878089264,
        "ci_low": 0.26965577834233073,
        "ci_high": 0.47170091841372397
      },
      "kendall_tau": {
        "mean": 0.2599140944097122,
        "ci_low": 0.18672949234419492,
        "ci_high": 0.3352610871226418
      }
    },
    "per_endpoint": {
      "CYP1A2": {
        "st_rae": {
          "mean": 1.0652399214521888,
          "ci_low": 0.8111789078628673,
          "ci_high": 1.3705596373112012
        },
        "mae": {
          "mean": 0.7102208960838006,
          "ci_low": 0.5523535959056166,
          "ci_high": 0.8739943087100981
        },
        "r2": {
          "mean": 0.07821621612369775,
          "ci_low": -0.19182623321358597,
          "ci_high": 0.24785846534019876
        },
        "spearman_rho": {
          "mean": 0.4587040525782465,
          "ci_low": 0.250216612396476,
          "ci_high": 0.6383753346891278
        },
        "kendall_tau": {
          "mean": 0.3136229260036375,
          "ci_low": 0.16216500645637336,
          "ci_high": 0.4390687916050922
        }
      },
      "CYP2C9": {
        "st_rae": {
          "mean": 0.8285671944093124,
          "ci_low": 0.6265632906888386,
          "ci_high": 1.0921352976724774
        },
        "mae": {
          "mean": 0.5256140233159065,
          "ci_low": 0.4235795483986537,
          "ci_high": 0.6319104774792988
        },
        "r2": {
          "mean": 0.1251906089634246,
          "ci_low": -0.15822021031272543,
          "ci_high": 0.326703028132166
        },
        "spearman_rho": {
          "mean": 0.43269777710232893,
          "ci_low": 0.18027794373406905,
          "ci_high": 0.6459067380241486
        },
        "kendall_tau": {
          "mean": 0.3134704561660764,
          "ci_low": 0.12621455758456998,
          "ci_high": 0.48683350562584893
        }
      },
      "CYP2D6": {
        "st_rae": {
          "mean": 1.0900453021704917,
          "ci_low": 0.8811451791552408,
          "ci_high": 1.339161687345905
        },
        "mae": {
          "mean": 0.6059910798219534,
          "ci_low": 0.47748282900223366,
          "ci_high": 0.7479221705289987
        },
        "r2": {
          "mean": -0.1188383558386045,
          "ci_low": -0.4193793650584255,
          "ci_high": 0.09429188992407055
        },
        "spearman_rho": {
          "mean": 0.2620769891726879,
          "ci_low": 0.02608807895524362,
          "ci_high": 0.48598189592347213
        },
        "kendall_tau": {
          "mean": 0.1814516009524209,
          "ci_low": 0.018587141468157514,
          "ci_high": 0.3450614300631134
        }
      },
      "CYP3A4": {
        "st_rae": {
          "mean": 0.9539679786268576,
          "ci_low": 0.8049274445841108,
          "ci_high": 1.1515487158409565
        },
        "mae": {
          "mean": 0.8118970937008082,
          "ci_low": 0.704318713587384,
          "ci_high": 0.9278832303230152
        },
        "r2": {
          "mean": 0.10683375278534976,
          "ci_low": -0.06099508874751462,
          "ci_high": 0.24255285151072076
        },
        "spearman_rho": {
          "mean": 0.3400203762703072,
          "ci_low": 0.14979096110300855,
          "ci_high": 0.5140043133532362
        },
        "kendall_tau": {
          "mean": 0.23111139451671409,
          "ci_low": 0.10021889328511621,
          "ci_high": 0.364077380090063
        }
      }
    }
  },
  "epochs_run": 3,
  "fit_observations": 806,
  "validation_observations": 272,
  "rule": "gated_residual",
  "generations": 64,
  "hidden_channels": 8,
  "atom_feature_profile": "baseline",
  "atom_feature_count": 25,
  "atom_feature_names": [
    "element_H",
    "element_C",
    "element_N",
    "element_O",
    "element_F",
    "element_P",
    "element_S",
    "element_Cl",
    "element_Br",
    "element_I",
    "element_other",
    "formal_charge",
    "aromatic",
    "hybrid_sp",
    "hybrid_sp2",
    "hybrid_sp3",
    "hybrid_other",
    "degree",
    "total_hydrogens",
    "in_ring",
    "hbond_donor",
    "hbond_acceptor",
    "chiral_cw",
    "chiral_ccw",
    "chiral_other"
  ],
  "device": "cuda",
  "gpu": "NVIDIA GeForce RTX 5070 Ti",
  "training_seconds": 6.8225631000241265,
  "peak_gpu_memory_bytes": 125778432,
  "runtime": {
    "operating_system": "Windows-10-10.0.26200-SP0",
    "machine": "AMD64",
    "python": "3.11.16",
    "python_executable": "C:\\Users\\Anthony\\anaconda3\\envs\\strange-matter-gpu\\python.exe",
    "pytorch": "2.11.0+cu128",
    "pytorch_cuda": "12.8",
    "device": "cuda",
    "gpu": "NVIDIA GeForce RTX 5070 Ti"
  },
  "validation_protocol": {
    "kind": "scaffold_cross_validation",
    "fold": 0,
    "folds": 5
  },
  "readout": "differentiable_closed_form_ridge",
  "hyperparameters": {
    "ca_lr": 0.001,
    "ridge": 0.1,
    "ca_l2": 1e-05,
    "gradient_clip": 1.0,
    "update_scale": 0.25,
    "init_scale": 1.0,
    "initial_noise": 0.0,
    "support_fraction": 0.75,
    "bond_temperature": 1.0,
    "dyn_a": 0.5,
    "dyn_b": 0.5,
    "dyn_c": 0.5,
    "dyn_d": 0.2,
    "lr_schedule": "cosine_0.1x"
  }
}
