{"operating_system": "Windows-10-10.0.26200-SP0", "machine": "AMD64", "python": "3.11.16", "python_executable": "C:\\Users\\Anthony\\anaconda3\\envs\\strange-matter-gpu\\python.exe", "pytorch": "2.11.0+cu128", "pytorch_cuda": "12.8", "device": "cuda", "gpu": "NVIDIA GeForce RTX 5070 Ti"}
{"epoch": 1, "train_rmse": 1.0559142320153538, "validation_rmse": 0.8963170647621155, "validation_ma_st_rae": 0.9023765017865697, "validation_CYP1A2_st_rae": 0.9654345786535665, "validation_CYP2C9_st_rae": 0.8149169163496708, "validation_CYP2D6_st_rae": 1.0206488415477566, "validation_CYP3A4_st_rae": 0.8085056705952851, "mean_raw_gradient_norm": 6.931838616728783, "fraction_gradients_clipped": 1.0}
{"epoch": 2, "train_rmse": 0.9980094360709391, "validation_rmse": 0.8951310515403748, "validation_ma_st_rae": 0.9003777168297035, "validation_CYP1A2_st_rae": 0.9818723210596306, "validation_CYP2C9_st_rae": 0.8071683124562621, "validation_CYP2D6_st_rae": 1.0075760467044608, "validation_CYP3A4_st_rae": 0.8048941870984606, "mean_raw_gradient_norm": 5.980324074625969, "fraction_gradients_clipped": 1.0}
{"epoch": 3, "train_rmse": 1.012717741648523, "validation_rmse": 0.89523845911026, "validation_ma_st_rae": 0.8994159462456538, "validation_CYP1A2_st_rae": 0.9849027382022003, "validation_CYP2C9_st_rae": 0.80169865070583, "validation_CYP2D6_st_rae": 1.0066185355112733, "validation_CYP3A4_st_rae": 0.8044438605633119, "mean_raw_gradient_norm": 5.237579554319382, "fraction_gradients_clipped": 1.0}
{"epoch": 4, "train_rmse": 1.0422653297652895, "validation_rmse": 0.8947349786758423, "validation_ma_st_rae": 0.8987287534072398, "validation_CYP1A2_st_rae": 0.9837740491124106, "validation_CYP2C9_st_rae": 0.8008595059332299, "validation_CYP2D6_st_rae": 1.0059924410312355, "validation_CYP3A4_st_rae": 0.8042890175520833, "mean_raw_gradient_norm": 5.743651241064072, "fraction_gradients_clipped": 1.0}
{"epoch": 5, "train_rmse": 0.985150217732433, "validation_rmse": 0.8948413729667664, "validation_ma_st_rae": 0.8987150527626004, "validation_CYP1A2_st_rae": 0.9838798540259127, "validation_CYP2C9_st_rae": 0.7999122458890866, "validation_CYP2D6_st_rae": 1.0064124501791119, "validation_CYP3A4_st_rae": 0.8046556609562903, "mean_raw_gradient_norm": 6.217146322131157, "fraction_gradients_clipped": 1.0}
{
  "seed": 1701,
  "selection_metric": "validation_ma_st_rae",
  "best_validation_ma_st_rae": 0.8987287534072398,
  "best_validation_rmse": 0.8947349786758423,
  "restored_fit_rmse": 0.8624880313873291,
  "restored_validation_rmse": 0.8947352170944214,
  "restored_fit_ma_st_rae": 0.8491837594160061,
  "restored_validation_ma_st_rae": 0.9018560099079707,
  "restored_validation_point_ma_st_rae": 0.8987265039415959,
  "restored_validation_point_st_rae_by_cyp": {
    "CYP1A2": 0.983768269416632,
    "CYP2C9": 0.8008522433878177,
    "CYP2D6": 1.0059951563803589,
    "CYP3A4": 0.8042903465815752
  },
  "restored_fit_st_rae_by_cyp": {
    "CYP1A2": 0.8518913276850498,
    "CYP2C9": 0.7964763562218623,
    "CYP2D6": 0.9931296676360303,
    "CYP3A4": 0.7552376861210817
  },
  "restored_validation_st_rae_by_cyp": {
    "CYP1A2": 0.989444231895289,
    "CYP2C9": 0.8053278937851842,
    "CYP2D6": 1.0067951441157625,
    "CYP3A4": 0.8058567698356472
  },
  "validation_bootstrap_metrics": {
    "n_bootstrap_samples": 1000,
    "seed": 0,
    "macro": {
      "st_rae": {
        "mean": 0.9018560099079707,
        "ci_low": 0.8328802311846136,
        "ci_high": 0.9779050082930569
      },
      "mae": {
        "mean": 0.6552543169405999,
        "ci_low": 0.6121572962935556,
        "ci_high": 0.6997099835972946
      },
      "r2": {
        "mean": 0.13444691915928206,
        "ci_low": 0.05602248596171519,
        "ci_high": 0.2088563072494049
      },
      "spearman_rho": {
        "mean": 0.4062122438088262,
        "ci_low": 0.33146815187130035,
        "ci_high": 0.47966175188440474
      },
      "kendall_tau": {
        "mean": 0.28480187499338194,
        "ci_low": 0.2323539223206013,
        "ci_high": 0.33809979523556
      }
    },
    "per_endpoint": {
      "CYP1A2": {
        "st_rae": {
          "mean": 0.989444231895289,
          "ci_low": 0.8464223147842995,
          "ci_high": 1.1500692134571449
        },
        "mae": {
          "mean": 0.7184173129039959,
          "ci_low": 0.619848012489124,
          "ci_high": 0.8190220170212488
        },
        "r2": {
          "mean": 0.10935742406932734,
          "ci_low": -0.04232530076764216,
          "ci_high": 0.2527510715280197
        },
        "spearman_rho": {
          "mean": 0.42148211625501836,
          "ci_low": 0.2829125920428032,
          "ci_high": 0.5525595236406349
        },
        "kendall_tau": {
          "mean": 0.28448385390487463,
          "ci_low": 0.18422598333060622,
          "ci_high": 0.38323295649361633
        }
      },
      "CYP2C9": {
        "st_rae": {
          "mean": 0.8053278937851842,
          "ci_low": 0.6362737765316513,
          "ci_high": 1.000701137147477
        },
        "mae": {
          "mean": 0.5305576287007514,
          "ci_low": 0.45959783046300173,
          "ci_high": 0.6125993184915935
        },
        "r2": {
          "mean": 0.17809354084155987,
          "ci_low": -0.04688943525255583,
          "ci_high": 0.3657795830068272
        },
        "spearman_rho": {
          "mean": 0.49006083565176495,
          "ci_low": 0.3290329025306893,
          "ci_high": 0.6258163423814472
        },
        "kendall_tau": {
          "mean": 0.35556356361116087,
          "ci_low": 0.23888241594245496,
          "ci_high": 0.4661210231613236
        }
      },
      "CYP2D6": {
        "st_rae": {
          "mean": 1.0067951441157625,
          "ci_low": 0.9137271948783394,
          "ci_high": 1.1218392338270775
        },
        "mae": {
          "mean": 0.6032536803979944,
          "ci_low": 0.5053536061387862,
          "ci_high": 0.7070526649482058
        },
        "r2": {
          "mean": 0.05787327602286715,
          "ci_low": -0.06025722204367635,
          "ci_high": 0.15560159433497714
        },
        "spearman_rho": {
          "mean": 0.21460506131643955,
          "ci_low": 0.037687923693485385,
          "ci_high": 0.3757218569052728
        },
        "kendall_tau": {
          "mean": 0.14604799074912625,
          "ci_low": 0.0277183776288996,
          "ci_high": 0.2605617550561812
        }
      },
      "CYP3A4": {
        "st_rae": {
          "mean": 0.8058567698356472,
          "ci_low": 0.6962475850031674,
          "ci_high": 0.9179304279730641
        },
        "mae": {
          "mean": 0.7687886457596577,
          "ci_low": 0.6889917737591811,
          "ci_high": 0.8505541801576297
        },
        "r2": {
          "mean": 0.192463435703374,
          "ci_low": 0.053993325964225146,
          "ci_high": 0.3171235283897918
        },
        "spearman_rho": {
          "mean": 0.49870096201208175,
          "ci_low": 0.38957109775701354,
          "ci_high": 0.6008395517337931
        },
        "kendall_tau": {
          "mean": 0.35311209170836594,
          "ci_low": 0.2767089653967311,
          "ci_high": 0.429893231480323
        }
      }
    }
  },
  "epochs_run": 5,
  "fit_observations": 2659,
  "validation_observations": 646,
  "rule": "inertial_reaction_diffusion",
  "generations": 250,
  "hidden_channels": 16,
  "atom_feature_profile": "local_environment",
  "atom_feature_count": 29,
  "atom_feature_names": [
    "element_H",
    "element_C",
    "element_N",
    "element_O",
    "element_F",
    "element_P",
    "element_S",
    "element_Cl",
    "element_Br",
    "element_I",
    "element_other",
    "formal_charge",
    "aromatic",
    "hybrid_sp",
    "hybrid_sp2",
    "hybrid_sp3",
    "hybrid_other",
    "degree",
    "total_hydrogens",
    "in_ring",
    "hbond_donor",
    "hbond_acceptor",
    "chiral_cw",
    "chiral_ccw",
    "chiral_other",
    "mean_neighbour_electronegativity",
    "electronegativity_difference",
    "mean_neighbour_atomic_number",
    "neighbour_formal_charge"
  ],
  "device": "cuda",
  "gpu": "NVIDIA GeForce RTX 5070 Ti",
  "training_seconds": 76.76298270002007,
  "peak_gpu_memory_bytes": 1317780480,
  "runtime": {
    "operating_system": "Windows-10-10.0.26200-SP0",
    "machine": "AMD64",
    "python": "3.11.16",
    "python_executable": "C:\\Users\\Anthony\\anaconda3\\envs\\strange-matter-gpu\\python.exe",
    "pytorch": "2.11.0+cu128",
    "pytorch_cuda": "12.8",
    "device": "cuda",
    "gpu": "NVIDIA GeForce RTX 5070 Ti"
  },
  "validation_protocol": {
    "kind": "scaffold_cross_validation",
    "fold": 1,
    "folds": 5
  },
  "readout": "differentiable_closed_form_ridge",
  "prediction_mode": "direct",
  "residual_alpha": null,
  "trajectory_pooling": "legacy",
  "ridge_mode": "shared",
  "loss_mode": "hybrid_interval",
  "interval_loss_beta": 0.75,
  "interval_temperature": 0.05,
  "hyperparameters": {
    "ca_lr": 0.0003,
    "ridge": 1.0,
    "ca_l2": 0.0001,
    "gradient_clip": 2.0,
    "update_scale": 0.15,
    "init_scale": 0.5,
    "initial_noise": 0.0,
    "support_fraction": 0.75,
    "bond_temperature": 0.5,
    "dyn_a": 0.2,
    "dyn_b": 0.5,
    "dyn_c": 0.8,
    "dyn_d": 0.3,
    "lr_schedule": "cosine_0.1x"
  }
}
