{"operating_system": "Windows-10-10.0.26200-SP0", "machine": "AMD64", "python": "3.11.16", "python_executable": "C:\\Users\\Anthony\\anaconda3\\envs\\strange-matter-gpu\\python.exe", "pytorch": "2.11.0+cu128", "pytorch_cuda": "12.8", "device": "cuda", "gpu": "NVIDIA GeForce RTX 5070 Ti"}
{"epoch": 1, "train_rmse": 1.19709639174256, "validation_rmse": 0.8535023331642151, "validation_ma_st_rae": 0.9232269687775879, "validation_CYP1A2_st_rae": 0.9634045700312022, "validation_CYP2C9_st_rae": 0.8180047128650433, "validation_CYP2D6_st_rae": 1.0615690615681395, "validation_CYP3A4_st_rae": 0.8499295306459668, "mean_raw_gradient_norm": 35.75082968175411, "fraction_gradients_clipped": 1.0}
{"epoch": 2, "train_rmse": 1.2060187437800214, "validation_rmse": 0.8401704430580139, "validation_ma_st_rae": 0.8992153853667391, "validation_CYP1A2_st_rae": 0.930849656256561, "validation_CYP2C9_st_rae": 0.7770790589898745, "validation_CYP2D6_st_rae": 1.0597221393154004, "validation_CYP3A4_st_rae": 0.8292106869051199, "mean_raw_gradient_norm": 25.10565496981144, "fraction_gradients_clipped": 1.0}
{"epoch": 3, "train_rmse": 1.2666795266586715, "validation_rmse": 0.8435410857200623, "validation_ma_st_rae": 0.907283740406589, "validation_CYP1A2_st_rae": 0.9366400299491797, "validation_CYP2C9_st_rae": 0.7799805618320239, "validation_CYP2D6_st_rae": 1.0888449291576994, "validation_CYP3A4_st_rae": 0.823669440687453, "mean_raw_gradient_norm": 45.61346913874149, "fraction_gradients_clipped": 1.0}
{"epoch": 4, "train_rmse": 1.4347483102428897, "validation_rmse": 0.8504592776298523, "validation_ma_st_rae": 0.9236076794692355, "validation_CYP1A2_st_rae": 0.9617030624010581, "validation_CYP2C9_st_rae": 0.8029258903162201, "validation_CYP2D6_st_rae": 1.1038047721323907, "validation_CYP3A4_st_rae": 0.8259969930272733, "mean_raw_gradient_norm": 54.55054269731045, "fraction_gradients_clipped": 1.0}
{"epoch": 5, "train_rmse": 1.2607923610257001, "validation_rmse": 0.8479061126708984, "validation_ma_st_rae": 0.9178367392508561, "validation_CYP1A2_st_rae": 0.9590762461257678, "validation_CYP2C9_st_rae": 0.7899480783321257, "validation_CYP2D6_st_rae": 1.1016288115531452, "validation_CYP3A4_st_rae": 0.8206938209923861, "mean_raw_gradient_norm": 27.835116058588028, "fraction_gradients_clipped": 1.0}
{
  "seed": 1701,
  "selection_metric": "validation_ma_st_rae",
  "best_validation_ma_st_rae": 0.8992153853667391,
  "best_validation_rmse": 0.8401704430580139,
  "restored_fit_rmse": 0.8821673393249512,
  "restored_validation_rmse": 0.8401778340339661,
  "restored_fit_ma_st_rae": 0.882804293709459,
  "restored_validation_ma_st_rae": 0.9039854992177851,
  "restored_validation_point_ma_st_rae": 0.8992178065147931,
  "restored_validation_point_st_rae_by_cyp": {
    "CYP1A2": 0.9308356857752516,
    "CYP2C9": 0.7770518300816474,
    "CYP2D6": 1.0597640296454434,
    "CYP3A4": 0.82921968055683
  },
  "restored_fit_st_rae_by_cyp": {
    "CYP1A2": 0.9221858149887027,
    "CYP2C9": 0.8394085889224647,
    "CYP2D6": 1.0062943647269085,
    "CYP3A4": 0.7633284061997606
  },
  "restored_validation_st_rae_by_cyp": {
    "CYP1A2": 0.9351300243867674,
    "CYP2C9": 0.7843659075290339,
    "CYP2D6": 1.0648998559582852,
    "CYP3A4": 0.831546208997054
  },
  "validation_bootstrap_metrics": {
    "n_bootstrap_samples": 1000,
    "seed": 0,
    "macro": {
      "st_rae": {
        "mean": 0.9039854992177851,
        "ci_low": 0.8375294818234124,
        "ci_high": 0.9747592421171246
      },
      "mae": {
        "mean": 0.6175840510724927,
        "ci_low": 0.5775459661854015,
        "ci_high": 0.6619718359230214
      },
      "r2": {
        "mean": 0.13633401722649777,
        "ci_low": 0.0696188248126661,
        "ci_high": 0.20064780030990817
      },
      "spearman_rho": {
        "mean": 0.3814886703050244,
        "ci_low": 0.3105247639855058,
        "ci_high": 0.45500245163134084
      },
      "kendall_tau": {
        "mean": 0.2684354907048094,
        "ci_low": 0.21708358126144964,
        "ci_high": 0.32369277730567203
      }
    },
    "per_endpoint": {
      "CYP1A2": {
        "st_rae": {
          "mean": 0.9351300243867674,
          "ci_low": 0.7801218985706693,
          "ci_high": 1.0949215928011398
        },
        "mae": {
          "mean": 0.6420639232136833,
          "ci_low": 0.5320933723953408,
          "ci_high": 0.7569728888466325
        },
        "r2": {
          "mean": 0.08070397134222969,
          "ci_low": -0.07030065431267113,
          "ci_high": 0.21189123601080453
        },
        "spearman_rho": {
          "mean": 0.383750479890106,
          "ci_low": 0.23169486428398045,
          "ci_high": 0.5310178068391063
        },
        "kendall_tau": {
          "mean": 0.27209114690729574,
          "ci_low": 0.16198799637664657,
          "ci_high": 0.38183811797996836
        }
      },
      "CYP2C9": {
        "st_rae": {
          "mean": 0.7843659075290339,
          "ci_low": 0.6180063468794329,
          "ci_high": 0.9963568933451905
        },
        "mae": {
          "mean": 0.5317274373587031,
          "ci_low": 0.4620548047288491,
          "ci_high": 0.6022913229291456
        },
        "r2": {
          "mean": 0.28885419431364806,
          "ci_low": 0.12484418525382497,
          "ci_high": 0.4173613354645096
        },
        "spearman_rho": {
          "mean": 0.47160743200079236,
          "ci_low": 0.30461403865058334,
          "ci_high": 0.6159263911212934
        },
        "kendall_tau": {
          "mean": 0.33848481931185054,
          "ci_low": 0.21010591997696565,
          "ci_high": 0.44859852269125366
        }
      },
      "CYP2D6": {
        "st_rae": {
          "mean": 1.0648998559582852,
          "ci_low": 0.9599697392106614,
          "ci_high": 1.1756179367959436
        },
        "mae": {
          "mean": 0.5677183940095722,
          "ci_low": 0.48423823736748606,
          "ci_high": 0.6508154339760355
        },
        "r2": {
          "mean": -0.07974965752806687,
          "ci_low": -0.24222705696993058,
          "ci_high": 0.04625108245630766
        },
        "spearman_rho": {
          "mean": 0.14879594650131117,
          "ci_low": -0.010152116858639539,
          "ci_high": 0.30029258506628514
        },
        "kendall_tau": {
          "mean": 0.09924133880317963,
          "ci_low": -0.01033086813137999,
          "ci_high": 0.20404633793739219
        }
      },
      "CYP3A4": {
        "st_rae": {
          "mean": 0.831546208997054,
          "ci_low": 0.7369969468503837,
          "ci_high": 0.9305017389463818
        },
        "mae": {
          "mean": 0.7288264497080126,
          "ci_low": 0.6623237699886,
          "ci_high": 0.7979439931221244
        },
        "r2": {
          "mean": 0.2555275607781802,
          "ci_low": 0.15600464327644412,
          "ci_high": 0.34627711245410797
        },
        "spearman_rho": {
          "mean": 0.5218008228278881,
          "ci_low": 0.4319801725567797,
          "ci_high": 0.6088020359816696
        },
        "kendall_tau": {
          "mean": 0.36392465779691147,
          "ci_low": 0.2954176130965551,
          "ci_high": 0.4313583597499971
        }
      }
    }
  },
  "epochs_run": 5,
  "fit_observations": 2652,
  "validation_observations": 680,
  "rule": "gray_scott",
  "generations": 32,
  "hidden_channels": 8,
  "atom_feature_profile": "valence_electronic",
  "atom_feature_count": 38,
  "atom_feature_names": [
    "element_H",
    "element_C",
    "element_N",
    "element_O",
    "element_F",
    "element_P",
    "element_S",
    "element_Cl",
    "element_Br",
    "element_I",
    "element_other",
    "formal_charge",
    "aromatic",
    "hybrid_sp",
    "hybrid_sp2",
    "hybrid_sp3",
    "hybrid_other",
    "degree",
    "total_hydrogens",
    "in_ring",
    "hbond_donor",
    "hbond_acceptor",
    "chiral_cw",
    "chiral_ccw",
    "chiral_other",
    "total_valence",
    "implicit_valence",
    "heavy_atom_degree",
    "radical_electrons",
    "absolute_formal_charge",
    "electronegativity",
    "polarizability",
    "heteroatom",
    "halogen",
    "conjugated_bond_fraction",
    "first_ionization_energy",
    "electron_affinity",
    "electronic_property_missing"
  ],
  "device": "cuda",
  "gpu": "NVIDIA GeForce RTX 5070 Ti",
  "training_seconds": 23.999441600055434,
  "peak_gpu_memory_bytes": 66077696,
  "runtime": {
    "operating_system": "Windows-10-10.0.26200-SP0",
    "machine": "AMD64",
    "python": "3.11.16",
    "python_executable": "C:\\Users\\Anthony\\anaconda3\\envs\\strange-matter-gpu\\python.exe",
    "pytorch": "2.11.0+cu128",
    "pytorch_cuda": "12.8",
    "device": "cuda",
    "gpu": "NVIDIA GeForce RTX 5070 Ti"
  },
  "validation_protocol": {
    "kind": "scaffold_cross_validation",
    "fold": 0,
    "folds": 5
  },
  "readout": "differentiable_closed_form_ridge",
  "hyperparameters": {
    "ca_lr": 0.001,
    "ridge": 0.1,
    "ca_l2": 1e-05,
    "gradient_clip": 2.0,
    "update_scale": 0.15,
    "init_scale": 1.5,
    "initial_noise": 0.005,
    "support_fraction": 0.85,
    "bond_temperature": 0.5,
    "dyn_a": 0.2,
    "dyn_b": 0.2,
    "dyn_c": 0.2,
    "dyn_d": 0.15,
    "lr_schedule": "cosine_0.1x"
  }
}
