{"operating_system": "Windows-10-10.0.26200-SP0", "machine": "AMD64", "python": "3.11.16", "python_executable": "C:\\Users\\Anthony\\anaconda3\\envs\\strange-matter-gpu\\python.exe", "pytorch": "2.11.0+cu128", "pytorch_cuda": "12.8", "device": "cuda", "gpu": "NVIDIA GeForce RTX 5070 Ti"}
{"epoch": 1, "train_rmse": 1.0579522861952715, "validation_rmse": 0.9035813808441162, "validation_ma_st_rae": 0.9727202707056402, "validation_CYP1A2_st_rae": 0.9625481044081009, "validation_CYP2C9_st_rae": 0.9608909643039215, "validation_CYP2D6_st_rae": 0.9995342162868244, "validation_CYP3A4_st_rae": 0.9679077978237138, "mean_raw_gradient_norm": 11.26292668581009, "fraction_gradients_clipped": 1.0}
{"epoch": 2, "train_rmse": 1.1914744198320146, "validation_rmse": 0.906995952129364, "validation_ma_st_rae": 0.9795079458437248, "validation_CYP1A2_st_rae": 0.967174848696083, "validation_CYP2C9_st_rae": 0.9709849462346305, "validation_CYP2D6_st_rae": 1.0073342676729287, "validation_CYP3A4_st_rae": 0.9725377207712568, "mean_raw_gradient_norm": 12.153735876083374, "fraction_gradients_clipped": 1.0}
{"epoch": 3, "train_rmse": 1.1375490641762371, "validation_rmse": 0.9055938124656677, "validation_ma_st_rae": 0.9784292942285298, "validation_CYP1A2_st_rae": 0.9568248213034991, "validation_CYP2C9_st_rae": 0.9767129469556515, "validation_CYP2D6_st_rae": 1.0041688549261492, "validation_CYP3A4_st_rae": 0.9760105537288193, "mean_raw_gradient_norm": 7.677929019927978, "fraction_gradients_clipped": 1.0}
{
  "seed": 1701,
  "selection_metric": "validation_ma_st_rae",
  "best_validation_ma_st_rae": 0.9727202707056402,
  "best_validation_rmse": 0.9035813808441162,
  "restored_fit_rmse": 0.9878432154655457,
  "restored_validation_rmse": 0.9035526514053345,
  "restored_fit_ma_st_rae": 0.947645243841666,
  "restored_validation_ma_st_rae": 0.9821099155572843,
  "restored_validation_point_ma_st_rae": 0.9726175176660434,
  "restored_validation_point_st_rae_by_cyp": {
    "CYP1A2": 0.9624683112168534,
    "CYP2C9": 0.9606320701612073,
    "CYP2D6": 0.9995849085686198,
    "CYP3A4": 0.9677847807174932
  },
  "restored_fit_st_rae_by_cyp": {
    "CYP1A2": 0.9176588258655672,
    "CYP2C9": 0.9738865412418967,
    "CYP2D6": 0.9753566906497299,
    "CYP3A4": 0.9236789176094701
  },
  "restored_validation_st_rae_by_cyp": {
    "CYP1A2": 0.9579204652923159,
    "CYP2C9": 0.9799049148582745,
    "CYP2D6": 1.0086020709048882,
    "CYP3A4": 0.9820122111736589
  },
  "validation_bootstrap_metrics": {
    "n_bootstrap_samples": 1000,
    "seed": 0,
    "macro": {
      "st_rae": {
        "mean": 0.9821099155572843,
        "ci_low": 0.9099993583197925,
        "ci_high": 1.0596865611045758
      },
      "mae": {
        "mean": 0.6685716697475517,
        "ci_low": 0.6036923204962505,
        "ci_high": 0.7363578808304421
      },
      "r2": {
        "mean": -0.011411107807269004,
        "ci_low": -0.08396559055937172,
        "ci_high": 0.059905657117001604
      },
      "spearman_rho": {
        "mean": 0.1915299460398178,
        "ci_low": 0.0652419569451166,
        "ci_high": 0.3154031186820378
      },
      "kendall_tau": {
        "mean": 0.13374936706229448,
        "ci_low": 0.04677106903159192,
        "ci_high": 0.22340988575629858
      }
    },
    "per_endpoint": {
      "CYP1A2": {
        "st_rae": {
          "mean": 0.9579204652923159,
          "ci_low": 0.8138645129864427,
          "ci_high": 1.1152879667107483
        },
        "mae": {
          "mean": 0.6864777741354021,
          "ci_low": 0.5305046813409836,
          "ci_high": 0.8592481649312816
        },
        "r2": {
          "mean": 0.07764245090446331,
          "ci_low": -0.023356081243102237,
          "ci_high": 0.15473136023748157
        },
        "spearman_rho": {
          "mean": 0.37962792319491634,
          "ci_low": 0.15960660201693577,
          "ci_high": 0.5770928927234762
        },
        "kendall_tau": {
          "mean": 0.2669336926890704,
          "ci_low": 0.11030355469031654,
          "ci_high": 0.41282892815308314
        }
      },
      "CYP2C9": {
        "st_rae": {
          "mean": 0.9799049148582745,
          "ci_low": 0.7784431876366177,
          "ci_high": 1.2047532392969995
        },
        "mae": {
          "mean": 0.5649828980882963,
          "ci_low": 0.4388165565331777,
          "ci_high": 0.6960025942325592
        },
        "r2": {
          "mean": -0.0790794464683739,
          "ci_low": -0.3091543045583245,
          "ci_high": 0.1423070214116183
        },
        "spearman_rho": {
          "mean": 0.16407058534755678,
          "ci_low": -0.10709838063794004,
          "ci_high": 0.42177703448139126
        },
        "kendall_tau": {
          "mean": 0.11692303068018493,
          "ci_low": -0.06860871232976368,
          "ci_high": 0.3045605163917542
        }
      },
      "CYP2D6": {
        "st_rae": {
          "mean": 1.0086020709048882,
          "ci_low": 0.9220875326587886,
          "ci_high": 1.107856275080239
        },
        "mae": {
          "mean": 0.5762507740167471,
          "ci_low": 0.45165068818972665,
          "ci_high": 0.7261871007772591
        },
        "r2": {
          "mean": -0.06487648532418476,
          "ci_low": -0.18783865878991335,
          "ci_high": 0.05123543129740905
        },
        "spearman_rho": {
          "mean": 0.09680264291951186,
          "ci_low": -0.14592536107709322,
          "ci_high": 0.3614938448163805
        },
        "kendall_tau": {
          "mean": 0.06272265410819433,
          "ci_low": -0.10989613478123836,
          "ci_high": 0.2465776794525318
        }
      },
      "CYP3A4": {
        "st_rae": {
          "mean": 0.9820122111736589,
          "ci_low": 0.8642368583967248,
          "ci_high": 1.1351394733661124
        },
        "mae": {
          "mean": 0.8465752327497617,
          "ci_low": 0.7238106068483618,
          "ci_high": 0.9737460643053055
        },
        "r2": {
          "mean": 0.02066904965901933,
          "ci_low": -0.07795681615533087,
          "ci_high": 0.12243133755738528
        },
        "spearman_rho": {
          "mean": 0.12561863269728615,
          "ci_low": -0.08005995673016511,
          "ci_high": 0.34317222175542766
        },
        "kendall_tau": {
          "mean": 0.08841809077172828,
          "ci_low": -0.05115763517748468,
          "ci_high": 0.23896145913327654
        }
      }
    }
  },
  "epochs_run": 3,
  "fit_observations": 806,
  "validation_observations": 272,
  "rule": "damped_symplectic",
  "generations": 500,
  "hidden_channels": 4,
  "atom_feature_profile": "local_environment",
  "atom_feature_count": 29,
  "atom_feature_names": [
    "element_H",
    "element_C",
    "element_N",
    "element_O",
    "element_F",
    "element_P",
    "element_S",
    "element_Cl",
    "element_Br",
    "element_I",
    "element_other",
    "formal_charge",
    "aromatic",
    "hybrid_sp",
    "hybrid_sp2",
    "hybrid_sp3",
    "hybrid_other",
    "degree",
    "total_hydrogens",
    "in_ring",
    "hbond_donor",
    "hbond_acceptor",
    "chiral_cw",
    "chiral_ccw",
    "chiral_other",
    "mean_neighbour_electronegativity",
    "electronegativity_difference",
    "mean_neighbour_atomic_number",
    "neighbour_formal_charge"
  ],
  "device": "cuda",
  "gpu": "NVIDIA GeForce RTX 5070 Ti",
  "training_seconds": 28.33601319999434,
  "peak_gpu_memory_bytes": 609759744,
  "runtime": {
    "operating_system": "Windows-10-10.0.26200-SP0",
    "machine": "AMD64",
    "python": "3.11.16",
    "python_executable": "C:\\Users\\Anthony\\anaconda3\\envs\\strange-matter-gpu\\python.exe",
    "pytorch": "2.11.0+cu128",
    "pytorch_cuda": "12.8",
    "device": "cuda",
    "gpu": "NVIDIA GeForce RTX 5070 Ti"
  },
  "validation_protocol": {
    "kind": "scaffold_cross_validation",
    "fold": 0,
    "folds": 5
  },
  "readout": "differentiable_closed_form_ridge",
  "hyperparameters": {
    "ca_lr": 0.0003,
    "ridge": 0.01,
    "ca_l2": 1e-06,
    "gradient_clip": 0.5,
    "update_scale": 0.4,
    "init_scale": 1.0,
    "initial_noise": 0.01,
    "support_fraction": 0.6,
    "bond_temperature": 1.0,
    "dyn_a": 0.5,
    "dyn_b": 0.2,
    "dyn_c": 0.8,
    "dyn_d": 0.3,
    "lr_schedule": "cosine_0.1x"
  }
}
