{"device": "cuda", "gpu": "NVIDIA GeForce RTX 5070 Ti", "pytorch": "2.11.0+cu128", "pytorch_cuda": "12.8"}
{"epoch": 1, "train_rmse": 3.1479972879727542, "validation_rmse": 1.0103360414505005, "mean_raw_gradient_norm": 486.26936159133913, "fraction_gradients_clipped": 1.0}
{"epoch": 2, "train_rmse": 2.115414159008276, "validation_rmse": 1.0101544857025146, "mean_raw_gradient_norm": 296.08374071121216, "fraction_gradients_clipped": 1.0}
{"epoch": 3, "train_rmse": 2.6081531402955913, "validation_rmse": 1.0094057321548462, "mean_raw_gradient_norm": 436.9155051231384, "fraction_gradients_clipped": 1.0}
{
  "seed": 1701,
  "best_validation_rmse": 1.0103360414505005,
  "restored_fit_rmse": 0.8751528859138489,
  "restored_validation_rmse": 1.0103402137756348,
  "epochs_run": 3,
  "fit_observations": 791,
  "validation_observations": 273,
  "rule": "inertial_reaction_diffusion",
  "generations": 500,
  "hidden_channels": 16,
  "device": "cuda",
  "gpu": "NVIDIA GeForce RTX 5070 Ti",
  "training_seconds": 31.092548200045712,
  "peak_gpu_memory_bytes": 2427317248,
  "readout": "differentiable_closed_form_ridge",
  "hyperparameters": {
    "ca_lr": 0.0003,
    "ridge": 1.0,
    "ca_l2": 1e-06,
    "gradient_clip": 2.0,
    "update_scale": 0.25,
    "init_scale": 0.5,
    "initial_noise": 0.01,
    "support_fraction": 0.6,
    "bond_temperature": 2.0,
    "dyn_a": 0.8,
    "dyn_b": 0.2,
    "dyn_c": 0.8,
    "dyn_d": 0.05,
    "lr_schedule": "cosine_0.1x"
  }
}
