{"operating_system": "Windows-10-10.0.26200-SP0", "machine": "AMD64", "python": "3.11.16", "python_executable": "C:\\Users\\Anthony\\anaconda3\\envs\\strange-matter-gpu\\python.exe", "pytorch": "2.11.0+cu128", "pytorch_cuda": "12.8", "device": "cuda", "gpu": "NVIDIA GeForce RTX 5070 Ti"}
{"epoch": 1, "train_rmse": 1.074418351507774, "validation_rmse": 0.7920575737953186, "validation_ma_st_rae": 0.8591533396319521, "validation_CYP1A2_st_rae": 0.8625358770392635, "validation_CYP2C9_st_rae": 0.8314454399446494, "validation_CYP2D6_st_rae": 1.0131202717516616, "validation_CYP3A4_st_rae": 0.7295117697922334, "mean_raw_gradient_norm": 6.752032369375229, "fraction_gradients_clipped": 1.0}
{"epoch": 2, "train_rmse": 1.0280621203494915, "validation_rmse": 0.7917643189430237, "validation_ma_st_rae": 0.8548922855158086, "validation_CYP1A2_st_rae": 0.837147626600922, "validation_CYP2C9_st_rae": 0.777060497109003, "validation_CYP2D6_st_rae": 1.073665038720429, "validation_CYP3A4_st_rae": 0.7316959796328805, "mean_raw_gradient_norm": 5.196218207478523, "fraction_gradients_clipped": 1.0}
{"epoch": 3, "train_rmse": 1.0232682596944702, "validation_rmse": 0.7918407320976257, "validation_ma_st_rae": 0.8578587635076295, "validation_CYP1A2_st_rae": 0.846227072739591, "validation_CYP2C9_st_rae": 0.801340133386569, "validation_CYP2D6_st_rae": 1.0456432011146806, "validation_CYP3A4_st_rae": 0.738224646789677, "mean_raw_gradient_norm": 3.7855022102594376, "fraction_gradients_clipped": 1.0}
{"epoch": 4, "train_rmse": 1.0238794379598053, "validation_rmse": 0.7901309728622437, "validation_ma_st_rae": 0.8566543588411412, "validation_CYP1A2_st_rae": 0.8474950784652941, "validation_CYP2C9_st_rae": 0.7706631234294132, "validation_CYP2D6_st_rae": 1.079159797004237, "validation_CYP3A4_st_rae": 0.7292994364656201, "mean_raw_gradient_norm": 4.113930471241474, "fraction_gradients_clipped": 0.9375}
{"epoch": 5, "train_rmse": 1.020336816579128, "validation_rmse": 0.7870630025863647, "validation_ma_st_rae": 0.8510714030672697, "validation_CYP1A2_st_rae": 0.8499641322735128, "validation_CYP2C9_st_rae": 0.7608897520270395, "validation_CYP2D6_st_rae": 1.0668722786661546, "validation_CYP3A4_st_rae": 0.7265594493023724, "mean_raw_gradient_norm": 4.121192127466202, "fraction_gradients_clipped": 0.9375}
{
  "seed": 1701,
  "selection_metric": "validation_ma_st_rae",
  "best_validation_ma_st_rae": 0.8510714030672697,
  "best_validation_rmse": 0.7870630025863647,
  "restored_fit_rmse": 0.8361446857452393,
  "restored_validation_rmse": 0.7870621085166931,
  "restored_fit_ma_st_rae": 0.8204209584770559,
  "restored_validation_ma_st_rae": 0.8557394124890018,
  "restored_validation_point_ma_st_rae": 0.8510765859133972,
  "restored_validation_point_st_rae_by_cyp": {
    "CYP1A2": 0.8499671351327872,
    "CYP2C9": 0.7609000941306021,
    "CYP2D6": 1.06688406180625,
    "CYP3A4": 0.7265550525839495
  },
  "restored_fit_st_rae_by_cyp": {
    "CYP1A2": 0.8519926131017099,
    "CYP2C9": 0.7661625637083899,
    "CYP2D6": 0.9712504983432162,
    "CYP3A4": 0.6922781587549075
  },
  "restored_validation_st_rae_by_cyp": {
    "CYP1A2": 0.8512620657611522,
    "CYP2C9": 0.7689597776213002,
    "CYP2D6": 1.0729073594274996,
    "CYP3A4": 0.7298284471460551
  },
  "validation_bootstrap_metrics": {
    "n_bootstrap_samples": 1000,
    "seed": 0,
    "macro": {
      "st_rae": {
        "mean": 0.8557394124890018,
        "ci_low": 0.7902193994404763,
        "ci_high": 0.928069898968664
      },
      "mae": {
        "mean": 0.5857843018402707,
        "ci_low": 0.5468098816956312,
        "ci_high": 0.6276593417367431
      },
      "r2": {
        "mean": 0.2103354203620425,
        "ci_low": 0.14611779441263573,
        "ci_high": 0.2689169436203492
      },
      "spearman_rho": {
        "mean": 0.4687945225464722,
        "ci_low": 0.40622411575270095,
        "ci_high": 0.5355918281794044
      },
      "kendall_tau": {
        "mean": 0.33498246736632603,
        "ci_low": 0.2903850309285672,
        "ci_high": 0.38327878525351894
      }
    },
    "per_endpoint": {
      "CYP1A2": {
        "st_rae": {
          "mean": 0.8512620657611522,
          "ci_low": 0.7248454942096747,
          "ci_high": 0.9997468863662505
        },
        "mae": {
          "mean": 0.6046616798496582,
          "ci_low": 0.5012293530811727,
          "ci_high": 0.715311798495306
        },
        "r2": {
          "mean": 0.2114363489202384,
          "ci_low": 0.08770444402518084,
          "ci_high": 0.3198416807450348
        },
        "spearman_rho": {
          "mean": 0.5408903445305141,
          "ci_low": 0.3991548057321929,
          "ci_high": 0.662043715616112
        },
        "kendall_tau": {
          "mean": 0.3913794247756141,
          "ci_low": 0.28902589491411995,
          "ci_high": 0.4858087857463037
        }
      },
      "CYP2C9": {
        "st_rae": {
          "mean": 0.7689597776213002,
          "ci_low": 0.6093403504188905,
          "ci_high": 0.9647994242511102
        },
        "mae": {
          "mean": 0.5166668993678406,
          "ci_low": 0.44799649715423584,
          "ci_high": 0.5916471084539038
        },
        "r2": {
          "mean": 0.27713329815646737,
          "ci_low": 0.12389581708176464,
          "ci_high": 0.39426988677420605
        },
        "spearman_rho": {
          "mean": 0.4905118232505254,
          "ci_low": 0.3355251665513502,
          "ci_high": 0.6211885237398855
        },
        "kendall_tau": {
          "mean": 0.3452443837310442,
          "ci_low": 0.22758154662318364,
          "ci_high": 0.44698631142174317
        }
      },
      "CYP2D6": {
        "st_rae": {
          "mean": 1.0729073594274996,
          "ci_low": 0.962590279464638,
          "ci_high": 1.2043281899867748
        },
        "mae": {
          "mean": 0.5738248660039601,
          "ci_low": 0.4930575004163778,
          "ci_high": 0.6535007237638317
        },
        "r2": {
          "mean": -0.05353435025607604,
          "ci_low": -0.20159793397052972,
          "ci_high": 0.0681574159921139
        },
        "spearman_rho": {
          "mean": 0.21460684185700257,
          "ci_low": 0.06761814838763297,
          "ci_high": 0.3518714033201068
        },
        "kendall_tau": {
          "mean": 0.1484524145760444,
          "ci_low": 0.04957858424818777,
          "ci_high": 0.2424900854391289
        }
      },
      "CYP3A4": {
        "st_rae": {
          "mean": 0.7298284471460551,
          "ci_low": 0.6215587743398536,
          "ci_high": 0.8420934341738298
        },
        "mae": {
          "mean": 0.6479837621396238,
          "ci_low": 0.5884368001675803,
          "ci_high": 0.7084346710527238
        },
        "r2": {
          "mean": 0.4063063846275404,
          "ci_low": 0.3076087479938433,
          "ci_high": 0.4931224572623661
        },
        "spearman_rho": {
          "mean": 0.6291690805478465,
          "ci_low": 0.5470620498686305,
          "ci_high": 0.7075499331213976
        },
        "kendall_tau": {
          "mean": 0.4548536463826016,
          "ci_low": 0.3901106538680729,
          "ci_high": 0.5218929806177759
        }
      }
    }
  },
  "epochs_run": 5,
  "fit_observations": 2652,
  "validation_observations": 680,
  "rule": "delayed_memory",
  "generations": 64,
  "hidden_channels": 16,
  "atom_feature_profile": "periodic_valence",
  "atom_feature_count": 38,
  "atom_feature_names": [
    "element_H",
    "element_C",
    "element_N",
    "element_O",
    "element_F",
    "element_P",
    "element_S",
    "element_Cl",
    "element_Br",
    "element_I",
    "element_other",
    "formal_charge",
    "aromatic",
    "hybrid_sp",
    "hybrid_sp2",
    "hybrid_sp3",
    "hybrid_other",
    "degree",
    "total_hydrogens",
    "in_ring",
    "hbond_donor",
    "hbond_acceptor",
    "chiral_cw",
    "chiral_ccw",
    "chiral_other",
    "atomic_number",
    "atomic_mass",
    "covalent_radius",
    "vdw_radius",
    "outer_electrons",
    "period",
    "periodic_group",
    "atomic_volume",
    "total_valence",
    "implicit_valence",
    "heavy_atom_degree",
    "radical_electrons",
    "absolute_formal_charge"
  ],
  "device": "cuda",
  "gpu": "NVIDIA GeForce RTX 5070 Ti",
  "training_seconds": 22.850463700015098,
  "peak_gpu_memory_bytes": 311516672,
  "runtime": {
    "operating_system": "Windows-10-10.0.26200-SP0",
    "machine": "AMD64",
    "python": "3.11.16",
    "python_executable": "C:\\Users\\Anthony\\anaconda3\\envs\\strange-matter-gpu\\python.exe",
    "pytorch": "2.11.0+cu128",
    "pytorch_cuda": "12.8",
    "device": "cuda",
    "gpu": "NVIDIA GeForce RTX 5070 Ti"
  },
  "validation_protocol": {
    "kind": "scaffold_cross_validation",
    "fold": 0,
    "folds": 5
  },
  "readout": "differentiable_closed_form_ridge",
  "prediction_mode": "direct",
  "residual_alpha": null,
  "trajectory_pooling": "legacy",
  "ridge_mode": "shared",
  "loss_mode": "mse",
  "interval_loss_beta": 0.0,
  "interval_temperature": 0.1,
  "hyperparameters": {
    "ca_lr": 0.003,
    "ridge": 1.0,
    "ca_l2": 1e-06,
    "gradient_clip": 2.0,
    "update_scale": 0.08,
    "init_scale": 1.0,
    "initial_noise": 0.01,
    "support_fraction": 0.6,
    "bond_temperature": 0.5,
    "dyn_a": 0.2,
    "dyn_b": 0.2,
    "dyn_c": 0.8,
    "dyn_d": 0.05,
    "lr_schedule": "cosine_0.1x"
  }
}
