{"operating_system": "Windows-10-10.0.26200-SP0", "machine": "AMD64", "python": "3.11.16", "python_executable": "C:\\Users\\Anthony\\anaconda3\\envs\\strange-matter-gpu\\python.exe", "pytorch": "2.11.0+cu128", "pytorch_cuda": "12.8", "device": "cuda", "gpu": "NVIDIA GeForce RTX 5070 Ti"}
{"epoch": 1, "train_rmse": 1.3803493376318718, "validation_rmse": 0.8099623918533325, "validation_ma_st_rae": 0.8558568105030685, "validation_CYP1A2_st_rae": 0.855068820688688, "validation_CYP2C9_st_rae": 0.789438415164064, "validation_CYP2D6_st_rae": 0.9968341578637651, "validation_CYP3A4_st_rae": 0.782085848295757, "mean_raw_gradient_norm": 20.850169092416763, "fraction_gradients_clipped": 1.0}
{"epoch": 2, "train_rmse": 1.401408407381318, "validation_rmse": 0.808374285697937, "validation_ma_st_rae": 0.8536313165750847, "validation_CYP1A2_st_rae": 0.8545944767924476, "validation_CYP2C9_st_rae": 0.7895589014557967, "validation_CYP2D6_st_rae": 0.9910644746525726, "validation_CYP3A4_st_rae": 0.7793074133995218, "mean_raw_gradient_norm": 21.447732105851173, "fraction_gradients_clipped": 1.0}
{"epoch": 3, "train_rmse": 1.387209568940313, "validation_rmse": 0.8074620962142944, "validation_ma_st_rae": 0.8537563110650281, "validation_CYP1A2_st_rae": 0.8508258089823275, "validation_CYP2C9_st_rae": 0.7947613130874784, "validation_CYP2D6_st_rae": 0.9917471135094469, "validation_CYP3A4_st_rae": 0.7776910086808597, "mean_raw_gradient_norm": 21.94487039744854, "fraction_gradients_clipped": 1.0}
{"epoch": 4, "train_rmse": 1.4119411062434173, "validation_rmse": 0.8074805736541748, "validation_ma_st_rae": 0.8540843688697152, "validation_CYP1A2_st_rae": 0.8518984835130521, "validation_CYP2C9_st_rae": 0.7935721017312227, "validation_CYP2D6_st_rae": 0.9934644091927056, "validation_CYP3A4_st_rae": 0.77740248104188, "mean_raw_gradient_norm": 19.139245107769966, "fraction_gradients_clipped": 1.0}
{
  "seed": 1701,
  "selection_metric": "validation_ma_st_rae",
  "best_validation_ma_st_rae": 0.8558568105030685,
  "best_validation_rmse": 0.8099623918533325,
  "restored_fit_rmse": 0.887778103351593,
  "restored_validation_rmse": 0.8099625110626221,
  "restored_fit_ma_st_rae": 0.8778431131506413,
  "restored_validation_ma_st_rae": 0.8597885373549001,
  "restored_validation_point_ma_st_rae": 0.8558585002281061,
  "restored_validation_point_st_rae_by_cyp": {
    "CYP1A2": 0.855072353019371,
    "CYP2C9": 0.7894391814560404,
    "CYP2D6": 0.9968350724825022,
    "CYP3A4": 0.7820873939545104
  },
  "restored_fit_st_rae_by_cyp": {
    "CYP1A2": 0.897149962101951,
    "CYP2C9": 0.8708162570955928,
    "CYP2D6": 0.9668683417952779,
    "CYP3A4": 0.7765378916097438
  },
  "restored_validation_st_rae_by_cyp": {
    "CYP1A2": 0.8582525989983124,
    "CYP2C9": 0.7956197059320771,
    "CYP2D6": 1.001196187894832,
    "CYP3A4": 0.7840856565943791
  },
  "validation_bootstrap_metrics": {
    "n_bootstrap_samples": 1000,
    "seed": 0,
    "macro": {
      "st_rae": {
        "mean": 0.8597885373549001,
        "ci_low": 0.7968143357934567,
        "ci_high": 0.9206482335026416
      },
      "mae": {
        "mean": 0.5957600262092185,
        "ci_low": 0.5541250148218522,
        "ci_high": 0.6374615331038603
      },
      "r2": {
        "mean": 0.19131181910230544,
        "ci_low": 0.13484625567876354,
        "ci_high": 0.2461177520659095
      },
      "spearman_rho": {
        "mean": 0.44898144399941714,
        "ci_low": 0.38756916818275067,
        "ci_high": 0.5132216955380281
      },
      "kendall_tau": {
        "mean": 0.3167374764811739,
        "ci_low": 0.27071809081614223,
        "ci_high": 0.3650525444868013
      }
    },
    "per_endpoint": {
      "CYP1A2": {
        "st_rae": {
          "mean": 0.8582525989983124,
          "ci_low": 0.7394534467444654,
          "ci_high": 0.9939834180636695
        },
        "mae": {
          "mean": 0.6046991825128945,
          "ci_low": 0.49705878498268796,
          "ci_high": 0.7201959911156708
        },
        "r2": {
          "mean": 0.18224476125232747,
          "ci_low": 0.08042084999509098,
          "ci_high": 0.2724959251273553
        },
        "spearman_rho": {
          "mean": 0.5212388290026954,
          "ci_low": 0.3977365946706263,
          "ci_high": 0.6364202172762042
        },
        "kendall_tau": {
          "mean": 0.3652710189097634,
          "ci_low": 0.27566770489281756,
          "ci_high": 0.45372606422710793
        }
      },
      "CYP2C9": {
        "st_rae": {
          "mean": 0.7956197059320771,
          "ci_low": 0.6325821392441692,
          "ci_high": 0.9875113143819851
        },
        "mae": {
          "mean": 0.5315831147876099,
          "ci_low": 0.46687895599072865,
          "ci_high": 0.606918993918565
        },
        "r2": {
          "mean": 0.27129422890532495,
          "ci_low": 0.09950006642713209,
          "ci_high": 0.42177814279985887
        },
        "spearman_rho": {
          "mean": 0.4764792144866866,
          "ci_low": 0.3173323357530956,
          "ci_high": 0.6157990531687457
        },
        "kendall_tau": {
          "mean": 0.3407168615583722,
          "ci_low": 0.2225946517863532,
          "ci_high": 0.4510141591989523
        }
      },
      "CYP2D6": {
        "st_rae": {
          "mean": 1.001196187894832,
          "ci_low": 0.9011861540961722,
          "ci_high": 1.1127340593482766
        },
        "mae": {
          "mean": 0.5438672049255491,
          "ci_low": 0.4627624555953644,
          "ci_high": 0.6259891888255593
        },
        "r2": {
          "mean": 0.0006408884653910024,
          "ci_low": -0.1272694417241476,
          "ci_high": 0.10445992405036349
        },
        "spearman_rho": {
          "mean": 0.24598376844409148,
          "ci_low": 0.08823753928392816,
          "ci_high": 0.38423052857072554
        },
        "kendall_tau": {
          "mean": 0.16538539218564308,
          "ci_low": 0.054996965900600436,
          "ci_high": 0.26887834009597933
        }
      },
      "CYP3A4": {
        "st_rae": {
          "mean": 0.7840856565943791,
          "ci_low": 0.6941000036075335,
          "ci_high": 0.8735651363238611
        },
        "mae": {
          "mean": 0.7028906026108206,
          "ci_low": 0.6425550417712897,
          "ci_high": 0.7712440700324114
        },
        "r2": {
          "mean": 0.31106739778617837,
          "ci_low": 0.22813312260486632,
          "ci_high": 0.3829545700805669
        },
        "spearman_rho": {
          "mean": 0.5522239640641952,
          "ci_low": 0.454465796018226,
          "ci_high": 0.6410040650539547
        },
        "kendall_tau": {
          "mean": 0.3955766332709168,
          "ci_low": 0.3214813318773828,
          "ci_high": 0.46777079028035845
        }
      }
    }
  },
  "epochs_run": 4,
  "fit_observations": 2652,
  "validation_observations": 680,
  "rule": "inertial_reaction_diffusion",
  "generations": 250,
  "hidden_channels": 8,
  "atom_feature_profile": "local_environment",
  "atom_feature_count": 29,
  "atom_feature_names": [
    "element_H",
    "element_C",
    "element_N",
    "element_O",
    "element_F",
    "element_P",
    "element_S",
    "element_Cl",
    "element_Br",
    "element_I",
    "element_other",
    "formal_charge",
    "aromatic",
    "hybrid_sp",
    "hybrid_sp2",
    "hybrid_sp3",
    "hybrid_other",
    "degree",
    "total_hydrogens",
    "in_ring",
    "hbond_donor",
    "hbond_acceptor",
    "chiral_cw",
    "chiral_ccw",
    "chiral_other",
    "mean_neighbour_electronegativity",
    "electronegativity_difference",
    "mean_neighbour_atomic_number",
    "neighbour_formal_charge"
  ],
  "device": "cuda",
  "gpu": "NVIDIA GeForce RTX 5070 Ti",
  "training_seconds": 88.06625170004554,
  "peak_gpu_memory_bytes": 365134848,
  "runtime": {
    "operating_system": "Windows-10-10.0.26200-SP0",
    "machine": "AMD64",
    "python": "3.11.16",
    "python_executable": "C:\\Users\\Anthony\\anaconda3\\envs\\strange-matter-gpu\\python.exe",
    "pytorch": "2.11.0+cu128",
    "pytorch_cuda": "12.8",
    "device": "cuda",
    "gpu": "NVIDIA GeForce RTX 5070 Ti"
  },
  "validation_protocol": {
    "kind": "scaffold_cross_validation",
    "fold": 0,
    "folds": 5
  },
  "readout": "differentiable_closed_form_ridge",
  "prediction_mode": "direct",
  "residual_alpha": null,
  "trajectory_pooling": "legacy",
  "ridge_mode": "shared",
  "loss_mode": "hybrid_interval",
  "interval_loss_beta": 0.5,
  "interval_temperature": 0.02,
  "hyperparameters": {
    "ca_lr": 0.0003,
    "ridge": 0.1,
    "ca_l2": 1e-05,
    "gradient_clip": 0.5,
    "update_scale": 0.08,
    "init_scale": 1.0,
    "initial_noise": 0.01,
    "support_fraction": 0.6,
    "bond_temperature": 2.0,
    "dyn_a": 0.2,
    "dyn_b": 0.2,
    "dyn_c": 0.2,
    "dyn_d": 0.3,
    "lr_schedule": "cosine_0.1x"
  }
}
