{"operating_system": "Windows-10-10.0.26200-SP0", "machine": "AMD64", "python": "3.11.16", "python_executable": "C:\\Users\\Anthony\\anaconda3\\envs\\strange-matter-gpu\\python.exe", "pytorch": "2.11.0+cu128", "pytorch_cuda": "12.8", "device": "cuda", "gpu": "NVIDIA GeForce RTX 5070 Ti"}
{"epoch": 1, "train_rmse": 0.9252105031246444, "validation_rmse": 0.8841493725776672, "validation_ma_st_rae": 0.9652036179598088, "validation_CYP1A2_st_rae": 1.0957229081715136, "validation_CYP2C9_st_rae": 0.8772986361290928, "validation_CYP2D6_st_rae": 0.9909380497806148, "validation_CYP3A4_st_rae": 0.8968548777580138, "mean_raw_gradient_norm": 4.745197677612305, "fraction_gradients_clipped": 1.0}
{"epoch": 2, "train_rmse": 1.0467949881707599, "validation_rmse": 0.8834272027015686, "validation_ma_st_rae": 0.9645506744955816, "validation_CYP1A2_st_rae": 1.0946002046055718, "validation_CYP2C9_st_rae": 0.8759443140564658, "validation_CYP2D6_st_rae": 0.9903262953239071, "validation_CYP3A4_st_rae": 0.8973318839963819, "mean_raw_gradient_norm": 4.663640451431275, "fraction_gradients_clipped": 1.0}
{"epoch": 3, "train_rmse": 1.031280928928229, "validation_rmse": 0.8831390142440796, "validation_ma_st_rae": 0.9643441709985162, "validation_CYP1A2_st_rae": 1.0924286458064756, "validation_CYP2C9_st_rae": 0.8774350131529769, "validation_CYP2D6_st_rae": 0.9895741693305186, "validation_CYP3A4_st_rae": 0.8979388557040938, "mean_raw_gradient_norm": 5.016037273406982, "fraction_gradients_clipped": 1.0}
{
  "seed": 1701,
  "selection_metric": "validation_ma_st_rae",
  "best_validation_ma_st_rae": 0.9652036179598088,
  "best_validation_rmse": 0.8841493725776672,
  "restored_fit_rmse": 0.9702931046485901,
  "restored_validation_rmse": 0.8841519355773926,
  "restored_fit_ma_st_rae": 0.9314326101889273,
  "restored_validation_ma_st_rae": 0.9773891281912499,
  "restored_validation_point_ma_st_rae": 0.965200339750115,
  "restored_validation_point_st_rae_by_cyp": {
    "CYP1A2": 1.095736508052231,
    "CYP2C9": 0.8772714563925939,
    "CYP2D6": 0.9909409254155094,
    "CYP3A4": 0.896852469140126
  },
  "restored_fit_st_rae_by_cyp": {
    "CYP1A2": 0.9391311991627206,
    "CYP2C9": 0.8931628986735134,
    "CYP2D6": 1.0080982805900585,
    "CYP3A4": 0.8853380623294167
  },
  "restored_validation_st_rae_by_cyp": {
    "CYP1A2": 1.0978249333571828,
    "CYP2C9": 0.8990038359976447,
    "CYP2D6": 1.002908288583083,
    "CYP3A4": 0.909819454827089
  },
  "validation_bootstrap_metrics": {
    "n_bootstrap_samples": 1000,
    "seed": 0,
    "macro": {
      "st_rae": {
        "mean": 0.9773891281912499,
        "ci_low": 0.8906527790171811,
        "ci_high": 1.0760215963922557
      },
      "mae": {
        "mean": 0.6617220332882898,
        "ci_low": 0.5996581678219697,
        "ci_high": 0.7307998057321191
      },
      "r2": {
        "mean": 0.02492531193541738,
        "ci_low": -0.06519936484892505,
        "ci_high": 0.1030493896047909
      },
      "spearman_rho": {
        "mean": 0.2733486139917347,
        "ci_low": 0.15814659733987346,
        "ci_high": 0.38111559082454666
      },
      "kendall_tau": {
        "mean": 0.18590794410934078,
        "ci_low": 0.10236500580738034,
        "ci_high": 0.26106548483126374
      }
    },
    "per_endpoint": {
      "CYP1A2": {
        "st_rae": {
          "mean": 1.0978249333571828,
          "ci_low": 0.8527326831991972,
          "ci_high": 1.3649392880566469
        },
        "mae": {
          "mean": 0.7451550372545837,
          "ci_low": 0.5813533300259075,
          "ci_high": 0.9314683223356965
        },
        "r2": {
          "mean": -0.022141980009480186,
          "ci_low": -0.26060782734203597,
          "ci_high": 0.15444860238390892
        },
        "spearman_rho": {
          "mean": 0.23437776210101585,
          "ci_low": -0.009561247800179022,
          "ci_high": 0.45477710085301487
        },
        "kendall_tau": {
          "mean": 0.15276663130942045,
          "ci_low": -0.012770937326677759,
          "ci_high": 0.3072754500310366
        }
      },
      "CYP2C9": {
        "st_rae": {
          "mean": 0.8990038359976447,
          "ci_low": 0.7149022360646086,
          "ci_high": 1.093023379981158
        },
        "mae": {
          "mean": 0.5378947937528292,
          "ci_low": 0.4257444364825884,
          "ci_high": 0.6567450756827989
        },
        "r2": {
          "mean": 0.043283326474435016,
          "ci_low": -0.17623114491746542,
          "ci_high": 0.22806051434157024
        },
        "spearman_rho": {
          "mean": 0.32225042530162107,
          "ci_low": 0.06052007064059757,
          "ci_high": 0.5484139346275994
        },
        "kendall_tau": {
          "mean": 0.23625053570262466,
          "ci_low": 0.04573617340929985,
          "ci_high": 0.40326865353615826
        }
      },
      "CYP2D6": {
        "st_rae": {
          "mean": 1.002908288583083,
          "ci_low": 0.8605893839857551,
          "ci_high": 1.1618922130951344
        },
        "mae": {
          "mean": 0.5689861554952768,
          "ci_low": 0.44165923191950873,
          "ci_high": 0.717797450377391
        },
        "r2": {
          "mean": -0.056643867487590496,
          "ci_low": -0.22962613265691373,
          "ci_high": 0.08389520473882499
        },
        "spearman_rho": {
          "mean": 0.17113422087950664,
          "ci_low": -0.08563058994131648,
          "ci_high": 0.3914799760454831
        },
        "kendall_tau": {
          "mean": 0.10799767232228,
          "ci_low": -0.06792531768672662,
          "ci_high": 0.2732128084438739
        }
      },
      "CYP3A4": {
        "st_rae": {
          "mean": 0.909819454827089,
          "ci_low": 0.7739099576425376,
          "ci_high": 1.080040228719383
        },
        "mae": {
          "mean": 0.7948521466504697,
          "ci_low": 0.6838548523742098,
          "ci_high": 0.9064002392596976
        },
        "r2": {
          "mean": 0.13520376876430518,
          "ci_low": 0.025009443078331663,
          "ci_high": 0.2355088150479474
        },
        "spearman_rho": {
          "mean": 0.36563204768479557,
          "ci_low": 0.18445744435630823,
          "ci_high": 0.5302024851705448
        },
        "kendall_tau": {
          "mean": 0.246616937103038,
          "ci_low": 0.11651182675305764,
          "ci_high": 0.3663148958588027
        }
      }
    }
  },
  "epochs_run": 3,
  "fit_observations": 806,
  "validation_observations": 272,
  "rule": "delayed_memory",
  "generations": 500,
  "hidden_channels": 4,
  "atom_feature_profile": "periodic_valence",
  "atom_feature_count": 38,
  "atom_feature_names": [
    "element_H",
    "element_C",
    "element_N",
    "element_O",
    "element_F",
    "element_P",
    "element_S",
    "element_Cl",
    "element_Br",
    "element_I",
    "element_other",
    "formal_charge",
    "aromatic",
    "hybrid_sp",
    "hybrid_sp2",
    "hybrid_sp3",
    "hybrid_other",
    "degree",
    "total_hydrogens",
    "in_ring",
    "hbond_donor",
    "hbond_acceptor",
    "chiral_cw",
    "chiral_ccw",
    "chiral_other",
    "atomic_number",
    "atomic_mass",
    "covalent_radius",
    "vdw_radius",
    "outer_electrons",
    "period",
    "periodic_group",
    "atomic_volume",
    "total_valence",
    "implicit_valence",
    "heavy_atom_degree",
    "radical_electrons",
    "absolute_formal_charge"
  ],
  "device": "cuda",
  "gpu": "NVIDIA GeForce RTX 5070 Ti",
  "training_seconds": 25.96097690006718,
  "peak_gpu_memory_bytes": 574888960,
  "runtime": {
    "operating_system": "Windows-10-10.0.26200-SP0",
    "machine": "AMD64",
    "python": "3.11.16",
    "python_executable": "C:\\Users\\Anthony\\anaconda3\\envs\\strange-matter-gpu\\python.exe",
    "pytorch": "2.11.0+cu128",
    "pytorch_cuda": "12.8",
    "device": "cuda",
    "gpu": "NVIDIA GeForce RTX 5070 Ti"
  },
  "validation_protocol": {
    "kind": "scaffold_cross_validation",
    "fold": 0,
    "folds": 5
  },
  "readout": "differentiable_closed_form_ridge",
  "prediction_mode": "direct",
  "residual_alpha": null,
  "trajectory_pooling": "legacy",
  "ridge_mode": "shared",
  "loss_mode": "hybrid_interval",
  "interval_loss_beta": 0.75,
  "interval_temperature": 0.02,
  "hyperparameters": {
    "ca_lr": 0.0003,
    "ridge": 0.1,
    "ca_l2": 0.0001,
    "gradient_clip": 1.0,
    "update_scale": 0.25,
    "init_scale": 0.5,
    "initial_noise": 0.0,
    "support_fraction": 0.85,
    "bond_temperature": 1.0,
    "dyn_a": 0.8,
    "dyn_b": 0.8,
    "dyn_c": 0.5,
    "dyn_d": 0.3,
    "lr_schedule": "cosine_0.1x"
  }
}
