{"device": "cuda", "gpu": "NVIDIA GeForce RTX 5070 Ti", "pytorch": "2.11.0+cu128", "pytorch_cuda": "12.8"}
{"epoch": 1, "train_rmse": 1.033209956313838, "validation_rmse": 1.0036003589630127, "mean_raw_gradient_norm": 5.169060826301575, "fraction_gradients_clipped": 0.8}
{"epoch": 2, "train_rmse": 1.0557343798851972, "validation_rmse": 1.006238341331482, "mean_raw_gradient_norm": 7.172220134735108, "fraction_gradients_clipped": 1.0}
{"epoch": 3, "train_rmse": 1.0411307259388316, "validation_rmse": 1.0088286399841309, "mean_raw_gradient_norm": 3.466982054710388, "fraction_gradients_clipped": 0.8}
{
  "seed": 1701,
  "best_validation_rmse": 1.0036003589630127,
  "restored_fit_rmse": 0.9146575331687927,
  "restored_validation_rmse": 1.0036145448684692,
  "epochs_run": 3,
  "fit_observations": 791,
  "validation_observations": 273,
  "rule": "coupled_map",
  "generations": 250,
  "hidden_channels": 8,
  "device": "cuda",
  "gpu": "NVIDIA GeForce RTX 5070 Ti",
  "training_seconds": 16.786970300017856,
  "peak_gpu_memory_bytes": 732897280,
  "readout": "differentiable_closed_form_ridge",
  "hyperparameters": {
    "ca_lr": 0.0003,
    "ridge": 0.1,
    "ca_l2": 1e-06,
    "gradient_clip": 2.0,
    "update_scale": 0.08,
    "init_scale": 1.0,
    "initial_noise": 0.0,
    "support_fraction": 0.75,
    "bond_temperature": 2.0,
    "dyn_a": 0.8,
    "dyn_b": 0.8,
    "dyn_c": 0.8,
    "dyn_d": 0.3,
    "lr_schedule": "cosine_0.1x"
  }
}
