{"operating_system": "macOS-26.2-arm64-arm-64bit", "machine": "arm64", "python": "3.10.19", "python_executable": "/opt/anaconda3/envs/kcc2/bin/python3.10", "pytorch": "2.8.0", "pytorch_cuda": null, "device": "cpu", "gpu": null}
{"epoch": 1, "train_rmse": 0.9996960076236074, "validation_rmse": 0.9879688620567322, "mean_raw_gradient_norm": 2.699579119682312, "fraction_gradients_clipped": 0.6}
{"epoch": 2, "train_rmse": 0.9888149054018024, "validation_rmse": 0.9871487617492676, "mean_raw_gradient_norm": 2.65007688999176, "fraction_gradients_clipped": 0.8}
{"epoch": 3, "train_rmse": 1.0177560086853847, "validation_rmse": 0.9868687391281128, "mean_raw_gradient_norm": 3.279228091239929, "fraction_gradients_clipped": 0.8}
{
  "seed": 1701,
  "best_validation_rmse": 0.9879688620567322,
  "restored_fit_rmse": 0.9163976311683655,
  "restored_validation_rmse": 0.9879688620567322,
  "epochs_run": 3,
  "fit_observations": 791,
  "validation_observations": 273,
  "rule": "gray_scott",
  "generations": 125,
  "hidden_channels": 4,
  "device": "cpu",
  "gpu": null,
  "training_seconds": 9.249366665957496,
  "peak_gpu_memory_bytes": 0,
  "runtime": {
    "operating_system": "macOS-26.2-arm64-arm-64bit",
    "machine": "arm64",
    "python": "3.10.19",
    "python_executable": "/opt/anaconda3/envs/kcc2/bin/python3.10",
    "pytorch": "2.8.0",
    "pytorch_cuda": null,
    "device": "cpu",
    "gpu": null
  },
  "readout": "differentiable_closed_form_ridge",
  "hyperparameters": {
    "ca_lr": 0.0003,
    "ridge": 0.1,
    "ca_l2": 0.0001,
    "gradient_clip": 2.0,
    "update_scale": 0.25,
    "init_scale": 1.0,
    "initial_noise": 0.01,
    "support_fraction": 0.75,
    "bond_temperature": 0.5,
    "dyn_a": 0.5,
    "dyn_b": 0.2,
    "dyn_c": 0.2,
    "dyn_d": 0.05,
    "lr_schedule": "cosine_0.1x"
  }
}
