{"operating_system": "Windows-10-10.0.26200-SP0", "machine": "AMD64", "python": "3.11.16", "python_executable": "C:\\Users\\Anthony\\anaconda3\\envs\\strange-matter-gpu\\python.exe", "pytorch": "2.11.0+cu128", "pytorch_cuda": "12.8", "device": "cuda", "gpu": "NVIDIA GeForce RTX 5070 Ti"}
{"epoch": 1, "train_rmse": 1.1105014016899042, "validation_rmse": 0.8379150629043579, "validation_ma_st_rae": 0.8974663052090487, "validation_CYP1A2_st_rae": 0.8683271262381116, "validation_CYP2C9_st_rae": 0.8161108381168797, "validation_CYP2D6_st_rae": 1.0169582973701579, "validation_CYP3A4_st_rae": 0.8884689591110458, "mean_raw_gradient_norm": 27.61859836578369, "fraction_gradients_clipped": 1.0}
{"epoch": 2, "train_rmse": 1.2410499452989305, "validation_rmse": 0.8685542941093445, "validation_ma_st_rae": 0.9797978174292945, "validation_CYP1A2_st_rae": 0.9946032134449132, "validation_CYP2C9_st_rae": 0.8095751030624468, "validation_CYP2D6_st_rae": 1.27714800593802, "validation_CYP3A4_st_rae": 0.8378649472717978, "mean_raw_gradient_norm": 36.58501224517822, "fraction_gradients_clipped": 1.0}
{"epoch": 3, "train_rmse": 1.3645696663596762, "validation_rmse": 0.8694791197776794, "validation_ma_st_rae": 0.996917170917609, "validation_CYP1A2_st_rae": 0.9543575254283763, "validation_CYP2C9_st_rae": 0.895827711023777, "validation_CYP2D6_st_rae": 1.2921029824869743, "validation_CYP3A4_st_rae": 0.8453804647313088, "mean_raw_gradient_norm": 43.277972030639646, "fraction_gradients_clipped": 1.0}
{
  "seed": 1701,
  "selection_metric": "validation_ma_st_rae",
  "best_validation_ma_st_rae": 0.8974663052090487,
  "best_validation_rmse": 0.8379150629043579,
  "restored_fit_rmse": 0.8817685842514038,
  "restored_validation_rmse": 0.8379058837890625,
  "restored_fit_ma_st_rae": 0.8196301612260918,
  "restored_validation_ma_st_rae": 0.9128965327427263,
  "restored_validation_point_ma_st_rae": 0.8974462571535624,
  "restored_validation_point_st_rae_by_cyp": {
    "CYP1A2": 0.86830432431327,
    "CYP2C9": 0.816077979245965,
    "CYP2D6": 1.0169317069641615,
    "CYP3A4": 0.8884710180908532
  },
  "restored_fit_st_rae_by_cyp": {
    "CYP1A2": 0.8352806995953572,
    "CYP2C9": 0.7311400891095056,
    "CYP2D6": 0.9735432196611393,
    "CYP3A4": 0.7385566365383657
  },
  "restored_validation_st_rae_by_cyp": {
    "CYP1A2": 0.8696913590436158,
    "CYP2C9": 0.8460165044749426,
    "CYP2D6": 1.03176251240484,
    "CYP3A4": 0.9041157550475066
  },
  "validation_bootstrap_metrics": {
    "n_bootstrap_samples": 1000,
    "seed": 0,
    "macro": {
      "st_rae": {
        "mean": 0.9128965327427263,
        "ci_low": 0.789632594319945,
        "ci_high": 1.0424029774266563
      },
      "mae": {
        "mean": 0.6212109956754218,
        "ci_low": 0.5570649972605137,
        "ci_high": 0.6910697077679092
      },
      "r2": {
        "mean": 0.10125604848737149,
        "ci_low": -0.02888836947611137,
        "ci_high": 0.21750107875111882
      },
      "spearman_rho": {
        "mean": 0.44505445435858165,
        "ci_low": 0.3364472923264358,
        "ci_high": 0.5517343391114549
      },
      "kendall_tau": {
        "mean": 0.32322687505429265,
        "ci_low": 0.2454546610472094,
        "ci_high": 0.4049380977981074
      }
    },
    "per_endpoint": {
      "CYP1A2": {
        "st_rae": {
          "mean": 0.8696913590436158,
          "ci_low": 0.6510791106748872,
          "ci_high": 1.1010895127603142
        },
        "mae": {
          "mean": 0.6137683085183628,
          "ci_low": 0.45262699664616196,
          "ci_high": 0.7848396437089951
        },
        "r2": {
          "mean": 0.20589387139663742,
          "ci_low": -0.022423160301786274,
          "ci_high": 0.35541469799202935
        },
        "spearman_rho": {
          "mean": 0.5626526409037268,
          "ci_low": 0.3805810835549303,
          "ci_high": 0.7102325962585122
        },
        "kendall_tau": {
          "mean": 0.4014405836029823,
          "ci_low": 0.25732319705561446,
          "ci_high": 0.5275183588872657
        }
      },
      "CYP2C9": {
        "st_rae": {
          "mean": 0.8460165044749426,
          "ci_low": 0.5685991887176571,
          "ci_high": 1.203456267235889
        },
        "mae": {
          "mean": 0.5290855543533961,
          "ci_low": 0.416498403052489,
          "ci_high": 0.648535421192646
        },
        "r2": {
          "mean": 0.046944607028074105,
          "ci_low": -0.28448568934058005,
          "ci_high": 0.30659493088316636
        },
        "spearman_rho": {
          "mean": 0.43187916569404156,
          "ci_low": 0.1701543375344327,
          "ci_high": 0.6646995527644535
        },
        "kendall_tau": {
          "mean": 0.33537523750843545,
          "ci_low": 0.14126436781609197,
          "ci_high": 0.5124758007021898
        }
      },
      "CYP2D6": {
        "st_rae": {
          "mean": 1.03176251240484,
          "ci_low": 0.8303339325698371,
          "ci_high": 1.2766748714699963
        },
        "mae": {
          "mean": 0.577373625601255,
          "ci_low": 0.4474651701633747,
          "ci_high": 0.7220163895533634
        },
        "r2": {
          "mean": -0.060433835074716204,
          "ci_low": -0.37687940079987087,
          "ci_high": 0.16792463694004697
        },
        "spearman_rho": {
          "mean": 0.26733717145823843,
          "ci_low": 0.020404369029921977,
          "ci_high": 0.49821295473035304
        },
        "kendall_tau": {
          "mean": 0.1973162533605959,
          "ci_low": 0.022905932988900566,
          "ci_high": 0.36136809260670727
        }
      },
      "CYP3A4": {
        "st_rae": {
          "mean": 0.9041157550475066,
          "ci_low": 0.7199014421505907,
          "ci_high": 1.1417583753134328
        },
        "mae": {
          "mean": 0.7646164942286734,
          "ci_low": 0.6645798308211703,
          "ci_high": 0.8732983775610148
        },
        "r2": {
          "mean": 0.21261955059949064,
          "ci_low": 0.026299750299423018,
          "ci_high": 0.35637401724414763
        },
        "spearman_rho": {
          "mean": 0.5183488393783201,
          "ci_low": 0.3557535551625114,
          "ci_high": 0.6576266784457792
        },
        "kendall_tau": {
          "mean": 0.35877542574515664,
          "ci_low": 0.23412950517833941,
          "ci_high": 0.4700193423597679
        }
      }
    }
  },
  "epochs_run": 3,
  "fit_observations": 806,
  "validation_observations": 272,
  "rule": "fitzhugh_nagumo",
  "generations": 64,
  "hidden_channels": 16,
  "atom_feature_profile": "periodic_valence",
  "atom_feature_count": 38,
  "atom_feature_names": [
    "element_H",
    "element_C",
    "element_N",
    "element_O",
    "element_F",
    "element_P",
    "element_S",
    "element_Cl",
    "element_Br",
    "element_I",
    "element_other",
    "formal_charge",
    "aromatic",
    "hybrid_sp",
    "hybrid_sp2",
    "hybrid_sp3",
    "hybrid_other",
    "degree",
    "total_hydrogens",
    "in_ring",
    "hbond_donor",
    "hbond_acceptor",
    "chiral_cw",
    "chiral_ccw",
    "chiral_other",
    "atomic_number",
    "atomic_mass",
    "covalent_radius",
    "vdw_radius",
    "outer_electrons",
    "period",
    "periodic_group",
    "atomic_volume",
    "total_valence",
    "implicit_valence",
    "heavy_atom_degree",
    "radical_electrons",
    "absolute_formal_charge"
  ],
  "device": "cuda",
  "gpu": "NVIDIA GeForce RTX 5070 Ti",
  "training_seconds": 5.623414499917999,
  "peak_gpu_memory_bytes": 308579840,
  "runtime": {
    "operating_system": "Windows-10-10.0.26200-SP0",
    "machine": "AMD64",
    "python": "3.11.16",
    "python_executable": "C:\\Users\\Anthony\\anaconda3\\envs\\strange-matter-gpu\\python.exe",
    "pytorch": "2.11.0+cu128",
    "pytorch_cuda": "12.8",
    "device": "cuda",
    "gpu": "NVIDIA GeForce RTX 5070 Ti"
  },
  "validation_protocol": {
    "kind": "scaffold_cross_validation",
    "fold": 0,
    "folds": 5
  },
  "readout": "differentiable_closed_form_ridge",
  "prediction_mode": "direct",
  "residual_alpha": null,
  "trajectory_pooling": "legacy",
  "ridge_mode": "shared",
  "loss_mode": "mse",
  "interval_loss_beta": 0.0,
  "interval_temperature": 0.1,
  "hyperparameters": {
    "ca_lr": 0.003,
    "ridge": 1.0,
    "ca_l2": 1e-06,
    "gradient_clip": 2.0,
    "update_scale": 0.08,
    "init_scale": 1.0,
    "initial_noise": 0.01,
    "support_fraction": 0.6,
    "bond_temperature": 0.5,
    "dyn_a": 0.2,
    "dyn_b": 0.2,
    "dyn_c": 0.8,
    "dyn_d": 0.05,
    "lr_schedule": "cosine_0.1x"
  }
}
