{"operating_system": "macOS-26.2-arm64-arm-64bit", "machine": "arm64", "python": "3.10.19", "python_executable": "/opt/anaconda3/envs/kcc2/bin/python3.10", "pytorch": "2.8.0", "pytorch_cuda": null, "device": "cpu", "gpu": null}
{"epoch": 1, "train_rmse": 1.2975999212508496, "validation_rmse": 1.0489145517349243, "mean_raw_gradient_norm": 73.45253190994262, "fraction_gradients_clipped": 1.0}
{"epoch": 2, "train_rmse": 1.2430631251787023, "validation_rmse": 1.0496575832366943, "mean_raw_gradient_norm": 20.081335401535036, "fraction_gradients_clipped": 1.0}
{"epoch": 3, "train_rmse": 1.2443791066742937, "validation_rmse": 1.0493714809417725, "mean_raw_gradient_norm": 20.33189468383789, "fraction_gradients_clipped": 1.0}
{
  "seed": 1701,
  "best_validation_rmse": 1.0489145517349243,
  "restored_fit_rmse": 0.916151762008667,
  "restored_validation_rmse": 1.0489145517349243,
  "epochs_run": 3,
  "fit_observations": 791,
  "validation_observations": 273,
  "rule": "gray_scott",
  "generations": 32,
  "hidden_channels": 8,
  "device": "cpu",
  "gpu": null,
  "training_seconds": 3.9167347089387476,
  "peak_gpu_memory_bytes": 0,
  "runtime": {
    "operating_system": "macOS-26.2-arm64-arm-64bit",
    "machine": "arm64",
    "python": "3.10.19",
    "python_executable": "/opt/anaconda3/envs/kcc2/bin/python3.10",
    "pytorch": "2.8.0",
    "pytorch_cuda": null,
    "device": "cpu",
    "gpu": null
  },
  "readout": "differentiable_closed_form_ridge",
  "hyperparameters": {
    "ca_lr": 0.0003,
    "ridge": 0.01,
    "ca_l2": 1e-05,
    "gradient_clip": 1.0,
    "update_scale": 0.08,
    "init_scale": 1.0,
    "initial_noise": 0.0,
    "support_fraction": 0.85,
    "bond_temperature": 2.0,
    "dyn_a": 0.2,
    "dyn_b": 0.5,
    "dyn_c": 0.2,
    "dyn_d": 0.3,
    "lr_schedule": "cosine_0.1x"
  }
}
