{"operating_system": "Windows-10-10.0.26200-SP0", "machine": "AMD64", "python": "3.11.16", "python_executable": "C:\\Users\\Anthony\\anaconda3\\envs\\strange-matter-gpu\\python.exe", "pytorch": "2.11.0+cu128", "pytorch_cuda": "12.8", "device": "cuda", "gpu": "NVIDIA GeForce RTX 5070 Ti"}
{"epoch": 1, "train_rmse": 1.2780110458143163, "validation_rmse": 0.8484575152397156, "validation_ma_st_rae": 0.9498190246192091, "validation_CYP1A2_st_rae": 1.0762264664188548, "validation_CYP2C9_st_rae": 0.851858936930923, "validation_CYP2D6_st_rae": 0.9959136117233213, "validation_CYP3A4_st_rae": 0.8752770834037372, "mean_raw_gradient_norm": 8.951051187515258, "fraction_gradients_clipped": 1.0}
{"epoch": 2, "train_rmse": 1.0852776707088896, "validation_rmse": 0.8515632748603821, "validation_ma_st_rae": 0.9501159507172801, "validation_CYP1A2_st_rae": 1.072820250689961, "validation_CYP2C9_st_rae": 0.8541922578952499, "validation_CYP2D6_st_rae": 0.9922392878756058, "validation_CYP3A4_st_rae": 0.8812120064083038, "mean_raw_gradient_norm": 7.281564235687256, "fraction_gradients_clipped": 1.0}
{"epoch": 3, "train_rmse": 1.4601521796776467, "validation_rmse": 0.8500126004219055, "validation_ma_st_rae": 0.9508880976533539, "validation_CYP1A2_st_rae": 1.0637059447835022, "validation_CYP2C9_st_rae": 0.8557394131931745, "validation_CYP2D6_st_rae": 1.003577707559314, "validation_CYP3A4_st_rae": 0.880529325077425, "mean_raw_gradient_norm": 11.844887852668762, "fraction_gradients_clipped": 1.0}
{
  "seed": 1701,
  "selection_metric": "validation_ma_st_rae",
  "best_validation_ma_st_rae": 0.9498190246192091,
  "best_validation_rmse": 0.8484575152397156,
  "restored_fit_rmse": 0.899531364440918,
  "restored_validation_rmse": 0.8484592437744141,
  "restored_fit_ma_st_rae": 0.8506773442226523,
  "restored_validation_ma_st_rae": 0.965474791380419,
  "restored_validation_point_ma_st_rae": 0.9498236496743031,
  "restored_validation_point_st_rae_by_cyp": {
    "CYP1A2": 1.0762442203136027,
    "CYP2C9": 0.8518615404635771,
    "CYP2D6": 0.9959063212515212,
    "CYP3A4": 0.8752825166685116
  },
  "restored_fit_st_rae_by_cyp": {
    "CYP1A2": 0.8020478561464415,
    "CYP2C9": 0.8522106351345483,
    "CYP2D6": 0.9853963921537702,
    "CYP3A4": 0.7630544934558489
  },
  "restored_validation_st_rae_by_cyp": {
    "CYP1A2": 1.0796370717724986,
    "CYP2C9": 0.881262386745498,
    "CYP2D6": 1.0116335130412075,
    "CYP3A4": 0.889366193962472
  },
  "validation_bootstrap_metrics": {
    "n_bootstrap_samples": 1000,
    "seed": 0,
    "macro": {
      "st_rae": {
        "mean": 0.965474791380419,
        "ci_low": 0.8488384792499818,
        "ci_high": 1.083302856606533
      },
      "mae": {
        "mean": 0.6444501666812305,
        "ci_low": 0.5838914102541226,
        "ci_high": 0.7128155136407217
      },
      "r2": {
        "mean": 0.09106768019353435,
        "ci_low": -0.020546453231578294,
        "ci_high": 0.18649240352743957
      },
      "spearman_rho": {
        "mean": 0.43665565862297684,
        "ci_low": 0.33328991620789344,
        "ci_high": 0.5361630779937803
      },
      "kendall_tau": {
        "mean": 0.30530320718938686,
        "ci_low": 0.23025883934574706,
        "ci_high": 0.37679536094400273
      }
    },
    "per_endpoint": {
      "CYP1A2": {
        "st_rae": {
          "mean": 1.0796370717724986,
          "ci_low": 0.8086772968885949,
          "ci_high": 1.3905667896546654
        },
        "mae": {
          "mean": 0.6929010037046964,
          "ci_low": 0.527721307219052,
          "ci_high": 0.8742492140316572
        },
        "r2": {
          "mean": 0.046639707865637085,
          "ci_low": -0.22489089316961658,
          "ci_high": 0.20236681908903245
        },
        "spearman_rho": {
          "mean": 0.4686291864459513,
          "ci_low": 0.27614175893655374,
          "ci_high": 0.6381215373433649
        },
        "kendall_tau": {
          "mean": 0.3177902859088999,
          "ci_low": 0.16835272149027394,
          "ci_high": 0.44725449730567135
        }
      },
      "CYP2C9": {
        "st_rae": {
          "mean": 0.881262386745498,
          "ci_low": 0.6149255768304001,
          "ci_high": 1.2195894956552062
        },
        "mae": {
          "mean": 0.5426963886141778,
          "ci_low": 0.438910520474116,
          "ci_high": 0.6469319904843965
        },
        "r2": {
          "mean": 0.0828501021442418,
          "ci_low": -0.22635060207087465,
          "ci_high": 0.32342399285357193
        },
        "spearman_rho": {
          "mean": 0.4867110737208836,
          "ci_low": 0.24675413281819308,
          "ci_high": 0.6946943497164093
        },
        "kendall_tau": {
          "mean": 0.3560851728914146,
          "ci_low": 0.18810125177077133,
          "ci_high": 0.5129243511411762
        }
      },
      "CYP2D6": {
        "st_rae": {
          "mean": 1.0116335130412075,
          "ci_low": 0.8478506300184687,
          "ci_high": 1.205417875838633
        },
        "mae": {
          "mean": 0.5776321307622471,
          "ci_low": 0.4618234215332912,
          "ci_high": 0.7056143079354213
        },
        "r2": {
          "mean": 0.011030304790088196,
          "ci_low": -0.22309613402819115,
          "ci_high": 0.17000015138180982
        },
        "spearman_rho": {
          "mean": 0.3089943420405314,
          "ci_low": 0.07443569087600381,
          "ci_high": 0.5180481269877589
        },
        "kendall_tau": {
          "mean": 0.21732550926893754,
          "ci_low": 0.05348694971143951,
          "ci_high": 0.3709379293118521
        }
      },
      "CYP3A4": {
        "st_rae": {
          "mean": 0.889366193962472,
          "ci_low": 0.7122702068828028,
          "ci_high": 1.136446241577254
        },
        "mae": {
          "mean": 0.7645711436438006,
          "ci_low": 0.6680742376765539,
          "ci_high": 0.8722489929476449
        },
        "r2": {
          "mean": 0.22375060597417035,
          "ci_low": 0.06472952413474867,
          "ci_high": 0.34971763684286356
        },
        "spearman_rho": {
          "mean": 0.4822880322845411,
          "ci_low": 0.3081779558561014,
          "ci_high": 0.6314932355981631
        },
        "kendall_tau": {
          "mean": 0.33001186068829536,
          "ci_low": 0.20198411270983213,
          "ci_high": 0.4440850774634535
        }
      }
    }
  },
  "epochs_run": 3,
  "fit_observations": 806,
  "validation_observations": 272,
  "rule": "gated_residual",
  "generations": 16,
  "hidden_channels": 16,
  "atom_feature_profile": "local_environment",
  "atom_feature_count": 29,
  "atom_feature_names": [
    "element_H",
    "element_C",
    "element_N",
    "element_O",
    "element_F",
    "element_P",
    "element_S",
    "element_Cl",
    "element_Br",
    "element_I",
    "element_other",
    "formal_charge",
    "aromatic",
    "hybrid_sp",
    "hybrid_sp2",
    "hybrid_sp3",
    "hybrid_other",
    "degree",
    "total_hydrogens",
    "in_ring",
    "hbond_donor",
    "hbond_acceptor",
    "chiral_cw",
    "chiral_ccw",
    "chiral_other",
    "mean_neighbour_electronegativity",
    "electronegativity_difference",
    "mean_neighbour_atomic_number",
    "neighbour_formal_charge"
  ],
  "device": "cuda",
  "gpu": "NVIDIA GeForce RTX 5070 Ti",
  "training_seconds": 3.0036844999995083,
  "peak_gpu_memory_bytes": 70130176,
  "runtime": {
    "operating_system": "Windows-10-10.0.26200-SP0",
    "machine": "AMD64",
    "python": "3.11.16",
    "python_executable": "C:\\Users\\Anthony\\anaconda3\\envs\\strange-matter-gpu\\python.exe",
    "pytorch": "2.11.0+cu128",
    "pytorch_cuda": "12.8",
    "device": "cuda",
    "gpu": "NVIDIA GeForce RTX 5070 Ti"
  },
  "validation_protocol": {
    "kind": "scaffold_cross_validation",
    "fold": 0,
    "folds": 5
  },
  "readout": "differentiable_closed_form_ridge",
  "hyperparameters": {
    "ca_lr": 0.003,
    "ridge": 1.0,
    "ca_l2": 0.0001,
    "gradient_clip": 2.0,
    "update_scale": 0.25,
    "init_scale": 1.0,
    "initial_noise": 0.01,
    "support_fraction": 0.85,
    "bond_temperature": 0.5,
    "dyn_a": 0.2,
    "dyn_b": 0.8,
    "dyn_c": 0.2,
    "dyn_d": 0.05,
    "lr_schedule": "cosine_0.1x"
  }
}
