{"device": "cuda", "gpu": "NVIDIA GeForce RTX 5070 Ti", "pytorch": "2.11.0+cu128", "pytorch_cuda": "12.8"}
{"epoch": 1, "train_rmse": 1.0608759027874062, "validation_rmse": 0.9310162663459778, "mean_raw_gradient_norm": 6.152849778532982, "fraction_gradients_clipped": 1.0}
{"epoch": 2, "train_rmse": 1.1451279197816555, "validation_rmse": 0.9301636815071106, "mean_raw_gradient_norm": 9.554648593068123, "fraction_gradients_clipped": 1.0}
{"epoch": 3, "train_rmse": 1.1145895559466201, "validation_rmse": 0.9275640249252319, "mean_raw_gradient_norm": 6.995310977101326, "fraction_gradients_clipped": 1.0}
{"epoch": 4, "train_rmse": 1.0738365694567624, "validation_rmse": 0.9216539859771729, "mean_raw_gradient_norm": 7.575228855013847, "fraction_gradients_clipped": 1.0}
{"epoch": 5, "train_rmse": 1.0664430824394928, "validation_rmse": 0.9175583124160767, "mean_raw_gradient_norm": 5.936648592352867, "fraction_gradients_clipped": 1.0}
{
  "seed": 1701,
  "best_validation_rmse": 0.9175583124160767,
  "restored_fit_rmse": 0.8627956509590149,
  "restored_validation_rmse": 0.9175514578819275,
  "epochs_run": 5,
  "fit_observations": 2643,
  "validation_observations": 670,
  "rule": "inertial_reaction_diffusion",
  "generations": 16,
  "hidden_channels": 8,
  "device": "cuda",
  "gpu": "NVIDIA GeForce RTX 5070 Ti",
  "training_seconds": 11.08958030003123,
  "peak_gpu_memory_bytes": 52088832,
  "readout": "differentiable_closed_form_ridge",
  "hyperparameters": {
    "ca_lr": 0.001,
    "ridge": 0.01,
    "ca_l2": 1e-05,
    "gradient_clip": 1.0
  }
}
