{"device": "cuda", "gpu": "NVIDIA GeForce RTX 5070 Ti", "pytorch": "2.11.0+cu128", "pytorch_cuda": "12.8"}
{"epoch": 1, "train_rmse": 1.8885333459805318, "validation_rmse": 1.061410903930664, "mean_raw_gradient_norm": 75.90898532867432, "fraction_gradients_clipped": 1.0}
{"epoch": 2, "train_rmse": 2.0642552189806613, "validation_rmse": 1.0400803089141846, "mean_raw_gradient_norm": 72.00251188278199, "fraction_gradients_clipped": 1.0}
{"epoch": 3, "train_rmse": 2.250810373348418, "validation_rmse": 1.0172926187515259, "mean_raw_gradient_norm": 100.01045265197754, "fraction_gradients_clipped": 1.0}
{
  "seed": 1701,
  "best_validation_rmse": 1.0172926187515259,
  "restored_fit_rmse": 0.8114076256752014,
  "restored_validation_rmse": 1.0172759294509888,
  "epochs_run": 3,
  "fit_observations": 791,
  "validation_observations": 273,
  "rule": "inertial_reaction_diffusion",
  "generations": 32,
  "hidden_channels": 16,
  "device": "cuda",
  "gpu": "NVIDIA GeForce RTX 5070 Ti",
  "training_seconds": 3.9369295000797138,
  "peak_gpu_memory_bytes": 80398336,
  "readout": "differentiable_closed_form_ridge",
  "hyperparameters": {
    "ca_lr": 0.003,
    "ridge": 0.01,
    "ca_l2": 1e-06,
    "gradient_clip": 2.0
  }
}
