{"operating_system": "Windows-10-10.0.26200-SP0", "machine": "AMD64", "python": "3.11.16", "python_executable": "C:\\Users\\Anthony\\anaconda3\\envs\\strange-matter-gpu\\python.exe", "pytorch": "2.11.0+cu128", "pytorch_cuda": "12.8", "device": "cuda", "gpu": "NVIDIA GeForce RTX 5070 Ti"}
{"epoch": 1, "train_rmse": 1.556520770431899, "validation_rmse": 0.837308943271637, "validation_ma_st_rae": 0.9685813178780445, "validation_CYP1A2_st_rae": 0.9381653065347307, "validation_CYP2C9_st_rae": 0.9600547811804132, "validation_CYP2D6_st_rae": 1.1863301134605169, "validation_CYP3A4_st_rae": 0.7897750703365172, "mean_raw_gradient_norm": 23.767730712890625, "fraction_gradients_clipped": 1.0}
{"epoch": 2, "train_rmse": 1.6527128958181583, "validation_rmse": 0.8385839462280273, "validation_ma_st_rae": 0.9721774640789299, "validation_CYP1A2_st_rae": 0.9419678532347016, "validation_CYP2C9_st_rae": 0.9707132147125819, "validation_CYP2D6_st_rae": 1.186342255212146, "validation_CYP3A4_st_rae": 0.78968653315629, "mean_raw_gradient_norm": 26.22764148712158, "fraction_gradients_clipped": 1.0}
{"epoch": 3, "train_rmse": 1.5606341144323335, "validation_rmse": 0.8395534157752991, "validation_ma_st_rae": 0.9751952265190615, "validation_CYP1A2_st_rae": 0.9462523410493916, "validation_CYP2C9_st_rae": 0.9769961684324123, "validation_CYP2D6_st_rae": 1.187722052708987, "validation_CYP3A4_st_rae": 0.7898103438854552, "mean_raw_gradient_norm": 27.75210247039795, "fraction_gradients_clipped": 1.0}
{
  "seed": 1701,
  "selection_metric": "validation_ma_st_rae",
  "best_validation_ma_st_rae": 0.9685813178780445,
  "best_validation_rmse": 0.837308943271637,
  "restored_fit_rmse": 0.8674099445343018,
  "restored_validation_rmse": 0.837303638458252,
  "restored_fit_ma_st_rae": 0.7777257976491062,
  "restored_validation_ma_st_rae": 0.989917030486549,
  "restored_validation_point_ma_st_rae": 0.968575893477011,
  "restored_validation_point_st_rae_by_cyp": {
    "CYP1A2": 0.9381071503383032,
    "CYP2C9": 0.9598802872720904,
    "CYP2D6": 1.186446042100594,
    "CYP3A4": 0.7898700941970563
  },
  "restored_fit_st_rae_by_cyp": {
    "CYP1A2": 0.770944886384146,
    "CYP2C9": 0.6876958523356747,
    "CYP2D6": 0.92268174383069,
    "CYP3A4": 0.7295807080459142
  },
  "restored_validation_st_rae_by_cyp": {
    "CYP1A2": 0.9432086761573713,
    "CYP2C9": 0.9999807616218351,
    "CYP2D6": 1.2098144652324365,
    "CYP3A4": 0.8066642189345532
  },
  "validation_bootstrap_metrics": {
    "n_bootstrap_samples": 1000,
    "seed": 0,
    "macro": {
      "st_rae": {
        "mean": 0.989917030486549,
        "ci_low": 0.8520481020739855,
        "ci_high": 1.1403097661507717
      },
      "mae": {
        "mean": 0.6466441066082955,
        "ci_low": 0.5820311483713159,
        "ci_high": 0.711018841314803
      },
      "r2": {
        "mean": 0.054454568217501644,
        "ci_low": -0.11539275412251106,
        "ci_high": 0.1901351106796333
      },
      "spearman_rho": {
        "mean": 0.4414286804372475,
        "ci_low": 0.34095335599756826,
        "ci_high": 0.5411819692694281
      },
      "kendall_tau": {
        "mean": 0.3125856164012248,
        "ci_low": 0.23915034753038203,
        "ci_high": 0.38588829458599594
      }
    },
    "per_endpoint": {
      "CYP1A2": {
        "st_rae": {
          "mean": 0.9432086761573713,
          "ci_low": 0.70928304991199,
          "ci_high": 1.2183109500329656
        },
        "mae": {
          "mean": 0.6576273906426352,
          "ci_low": 0.5271397657081729,
          "ci_high": 0.7996223856191166
        },
        "r2": {
          "mean": 0.2612133321630339,
          "ci_low": 0.06640780880084657,
          "ci_high": 0.39542463266618966
        },
        "spearman_rho": {
          "mean": 0.5078288844813053,
          "ci_low": 0.3043398294706947,
          "ci_high": 0.6863980199774293
        },
        "kendall_tau": {
          "mean": 0.3517195921358896,
          "ci_low": 0.2037369984796438,
          "ci_high": 0.49197442962001897
        }
      },
      "CYP2C9": {
        "st_rae": {
          "mean": 0.9999807616218351,
          "ci_low": 0.6820727592894832,
          "ci_high": 1.4046599213950732
        },
        "mae": {
          "mean": 0.5679000219225883,
          "ci_low": 0.4536452375849088,
          "ci_high": 0.6858298094073931
        },
        "r2": {
          "mean": -0.034304529517598124,
          "ci_low": -0.37951048805812443,
          "ci_high": 0.24587938637298593
        },
        "spearman_rho": {
          "mean": 0.44509405979002326,
          "ci_low": 0.21026207148904255,
          "ci_high": 0.6514196175701266
        },
        "kendall_tau": {
          "mean": 0.3189960018878257,
          "ci_low": 0.14861144797477566,
          "ci_high": 0.4753218524971462
        }
      },
      "CYP2D6": {
        "st_rae": {
          "mean": 1.2098144652324365,
          "ci_low": 0.9528541054872075,
          "ci_high": 1.5159842732667492
        },
        "mae": {
          "mean": 0.6453344515433678,
          "ci_low": 0.5094336310716775,
          "ci_high": 0.8003156641813425
        },
        "r2": {
          "mean": -0.30328743683770615,
          "ci_low": -0.7987017058495784,
          "ci_high": 0.02991793896882944
        },
        "spearman_rho": {
          "mean": 0.28224947125676075,
          "ci_low": 0.05495341108901008,
          "ci_high": 0.5097779953663077
        },
        "kendall_tau": {
          "mean": 0.19914694056782203,
          "ci_low": 0.04065057964910739,
          "ci_high": 0.362759015357283
        }
      },
      "CYP3A4": {
        "st_rae": {
          "mean": 0.8066642189345532,
          "ci_low": 0.6139335303145727,
          "ci_high": 1.0418206950486837
        },
        "mae": {
          "mean": 0.7157145623245905,
          "ci_low": 0.615345094231672,
          "ci_high": 0.8227408838826556
        },
        "r2": {
          "mean": 0.29419690706227697,
          "ci_low": 0.0789737922126951,
          "ci_high": 0.4606460706894378
        },
        "spearman_rho": {
          "mean": 0.5305423062209006,
          "ci_low": 0.35251340483932037,
          "ci_high": 0.6770399974419644
        },
        "kendall_tau": {
          "mean": 0.38047993101336186,
          "ci_low": 0.2515568836926044,
          "ci_high": 0.49709903204532613
        }
      }
    }
  },
  "epochs_run": 3,
  "fit_observations": 806,
  "validation_observations": 272,
  "rule": "gated_residual",
  "generations": 64,
  "hidden_channels": 16,
  "atom_feature_profile": "periodic_electronic",
  "atom_feature_count": 41,
  "atom_feature_names": [
    "element_H",
    "element_C",
    "element_N",
    "element_O",
    "element_F",
    "element_P",
    "element_S",
    "element_Cl",
    "element_Br",
    "element_I",
    "element_other",
    "formal_charge",
    "aromatic",
    "hybrid_sp",
    "hybrid_sp2",
    "hybrid_sp3",
    "hybrid_other",
    "degree",
    "total_hydrogens",
    "in_ring",
    "hbond_donor",
    "hbond_acceptor",
    "chiral_cw",
    "chiral_ccw",
    "chiral_other",
    "atomic_number",
    "atomic_mass",
    "covalent_radius",
    "vdw_radius",
    "outer_electrons",
    "period",
    "periodic_group",
    "atomic_volume",
    "electronegativity",
    "polarizability",
    "heteroatom",
    "halogen",
    "conjugated_bond_fraction",
    "first_ionization_energy",
    "electron_affinity",
    "electronic_property_missing"
  ],
  "device": "cuda",
  "gpu": "NVIDIA GeForce RTX 5070 Ti",
  "training_seconds": 4.624084000010043,
  "peak_gpu_memory_bytes": 412730368,
  "runtime": {
    "operating_system": "Windows-10-10.0.26200-SP0",
    "machine": "AMD64",
    "python": "3.11.16",
    "python_executable": "C:\\Users\\Anthony\\anaconda3\\envs\\strange-matter-gpu\\python.exe",
    "pytorch": "2.11.0+cu128",
    "pytorch_cuda": "12.8",
    "device": "cuda",
    "gpu": "NVIDIA GeForce RTX 5070 Ti"
  },
  "validation_protocol": {
    "kind": "scaffold_cross_validation",
    "fold": 0,
    "folds": 5
  },
  "readout": "differentiable_closed_form_ridge",
  "prediction_mode": "direct",
  "residual_alpha": null,
  "trajectory_pooling": "legacy",
  "ridge_mode": "shared",
  "loss_mode": "hybrid_interval",
  "interval_loss_beta": 0.5,
  "interval_temperature": 0.1,
  "hyperparameters": {
    "ca_lr": 0.0003,
    "ridge": 0.01,
    "ca_l2": 0.0001,
    "gradient_clip": 1.0,
    "update_scale": 0.25,
    "init_scale": 0.5,
    "initial_noise": 0.0,
    "support_fraction": 0.6,
    "bond_temperature": 0.5,
    "dyn_a": 0.5,
    "dyn_b": 0.2,
    "dyn_c": 0.2,
    "dyn_d": 0.05,
    "lr_schedule": "cosine_0.1x"
  }
}
