{"device": "cuda", "gpu": "NVIDIA GeForce RTX 5070 Ti", "pytorch": "2.11.0+cu128", "pytorch_cuda": "12.8"}
{"epoch": 1, "train_rmse": 2.1592715974278405, "validation_rmse": 1.0174386501312256, "mean_raw_gradient_norm": 210.397638471503, "fraction_gradients_clipped": 1.0}
{"epoch": 2, "train_rmse": 1.8716089572258425, "validation_rmse": 1.0151476860046387, "mean_raw_gradient_norm": 187.74932690670616, "fraction_gradients_clipped": 1.0}
{"epoch": 3, "train_rmse": 1.9099134138562346, "validation_rmse": 1.0146998167037964, "mean_raw_gradient_norm": 115.40161170457539, "fraction_gradients_clipped": 1.0}
{
  "seed": 1701,
  "best_validation_rmse": 1.0174386501312256,
  "restored_fit_rmse": 0.9294541478157043,
  "restored_validation_rmse": 1.0174496173858643,
  "epochs_run": 3,
  "fit_observations": 791,
  "validation_observations": 273,
  "rule": "gated_residual",
  "generations": 16,
  "hidden_channels": 4,
  "device": "cuda",
  "gpu": "NVIDIA GeForce RTX 5070 Ti",
  "training_seconds": 3.382898599957116,
  "peak_gpu_memory_bytes": 25057280,
  "readout": "differentiable_closed_form_ridge",
  "hyperparameters": {
    "ca_lr": 0.0003,
    "ridge": 0.0001,
    "ca_l2": 1e-05,
    "gradient_clip": 2.0
  }
}
