{"operating_system": "macOS-26.2-arm64-arm-64bit", "machine": "arm64", "python": "3.10.19", "python_executable": "/opt/anaconda3/envs/kcc2/bin/python3.10", "pytorch": "2.8.0", "pytorch_cuda": null, "device": "cpu", "gpu": null}
{"epoch": 1, "train_rmse": 2.155130637280473, "validation_rmse": 1.031225562095642, "mean_raw_gradient_norm": 319.2051944732666, "fraction_gradients_clipped": 1.0}
{"epoch": 2, "train_rmse": 2.489621189996745, "validation_rmse": 1.019988775253296, "mean_raw_gradient_norm": 392.75817947387696, "fraction_gradients_clipped": 1.0}
{"epoch": 3, "train_rmse": 2.208433835374924, "validation_rmse": 1.043982744216919, "mean_raw_gradient_norm": 298.2131425857544, "fraction_gradients_clipped": 1.0}
{
  "seed": 1701,
  "best_validation_rmse": 1.019988775253296,
  "restored_fit_rmse": 0.8665536046028137,
  "restored_validation_rmse": 1.019988775253296,
  "epochs_run": 3,
  "fit_observations": 791,
  "validation_observations": 273,
  "rule": "kuramoto_sakaguchi",
  "generations": 125,
  "hidden_channels": 16,
  "device": "cpu",
  "gpu": null,
  "training_seconds": 30.25011279201135,
  "peak_gpu_memory_bytes": 0,
  "runtime": {
    "operating_system": "macOS-26.2-arm64-arm-64bit",
    "machine": "arm64",
    "python": "3.10.19",
    "python_executable": "/opt/anaconda3/envs/kcc2/bin/python3.10",
    "pytorch": "2.8.0",
    "pytorch_cuda": null,
    "device": "cpu",
    "gpu": null
  },
  "readout": "differentiable_closed_form_ridge",
  "hyperparameters": {
    "ca_lr": 0.0003,
    "ridge": 0.1,
    "ca_l2": 0.0001,
    "gradient_clip": 0.5,
    "update_scale": 0.4,
    "init_scale": 1.5,
    "initial_noise": 0.0,
    "support_fraction": 0.85,
    "bond_temperature": 1.0,
    "dyn_a": 0.5,
    "dyn_b": 0.2,
    "dyn_c": 0.8,
    "dyn_d": 0.15,
    "lr_schedule": "cosine_0.1x"
  }
}
