{"operating_system": "Windows-10-10.0.26200-SP0", "machine": "AMD64", "python": "3.11.16", "python_executable": "C:\\Users\\Anthony\\anaconda3\\envs\\strange-matter-gpu\\python.exe", "pytorch": "2.11.0+cu128", "pytorch_cuda": "12.8", "device": "cuda", "gpu": "NVIDIA GeForce RTX 5070 Ti"}
{"epoch": 1, "train_rmse": 1.0837484914879083, "validation_rmse": 0.8993152379989624, "validation_ma_st_rae": 0.9107336789918121, "validation_CYP1A2_st_rae": 1.0030756334311595, "validation_CYP2C9_st_rae": 0.7815046813184117, "validation_CYP2D6_st_rae": 1.0903708163946466, "validation_CYP3A4_st_rae": 0.7679835848230308, "mean_raw_gradient_norm": 9.09328293800354, "fraction_gradients_clipped": 1.0}
{"epoch": 2, "train_rmse": 1.1552410376792122, "validation_rmse": 0.8962509036064148, "validation_ma_st_rae": 0.90569202212169, "validation_CYP1A2_st_rae": 1.0164639340740622, "validation_CYP2C9_st_rae": 0.7948271633424887, "validation_CYP2D6_st_rae": 1.0532088062418536, "validation_CYP3A4_st_rae": 0.7582681848283557, "mean_raw_gradient_norm": 11.000276605288187, "fraction_gradients_clipped": 1.0}
{"epoch": 3, "train_rmse": 0.9818379220477434, "validation_rmse": 0.8918748497962952, "validation_ma_st_rae": 0.9122840401720524, "validation_CYP1A2_st_rae": 1.0412184808359084, "validation_CYP2C9_st_rae": 0.8158800705540338, "validation_CYP2D6_st_rae": 1.0519083553822803, "validation_CYP3A4_st_rae": 0.7401292539159875, "mean_raw_gradient_norm": 8.664849241574606, "fraction_gradients_clipped": 1.0}
{"epoch": 4, "train_rmse": 1.0104986827298306, "validation_rmse": 0.882529616355896, "validation_ma_st_rae": 0.8920158906814478, "validation_CYP1A2_st_rae": 0.992745405452244, "validation_CYP2C9_st_rae": 0.7778619416997926, "validation_CYP2D6_st_rae": 1.048290679305923, "validation_CYP3A4_st_rae": 0.7491655362678321, "mean_raw_gradient_norm": 14.755147089560827, "fraction_gradients_clipped": 1.0}
{"epoch": 5, "train_rmse": 1.0483322340251426, "validation_rmse": 0.8797343969345093, "validation_ma_st_rae": 0.8865095410993271, "validation_CYP1A2_st_rae": 0.9922541125332173, "validation_CYP2C9_st_rae": 0.7424205615071605, "validation_CYP2D6_st_rae": 1.0679393332707452, "validation_CYP3A4_st_rae": 0.7434241570861855, "mean_raw_gradient_norm": 10.706074198087057, "fraction_gradients_clipped": 1.0}
{"epoch": 6, "train_rmse": 0.9524830730013385, "validation_rmse": 0.8784200549125671, "validation_ma_st_rae": 0.8845973526297112, "validation_CYP1A2_st_rae": 1.0000787092358603, "validation_CYP2C9_st_rae": 0.7352548400018618, "validation_CYP2D6_st_rae": 1.0570153235326616, "validation_CYP3A4_st_rae": 0.746040537748461, "mean_raw_gradient_norm": 7.269341349601746, "fraction_gradients_clipped": 1.0}
{"epoch": 7, "train_rmse": 0.9896302374265794, "validation_rmse": 0.8762453198432922, "validation_ma_st_rae": 0.8738047954174919, "validation_CYP1A2_st_rae": 0.9944754078848994, "validation_CYP2C9_st_rae": 0.7185225016319298, "validation_CYP2D6_st_rae": 1.0346759324608301, "validation_CYP3A4_st_rae": 0.7475453396923089, "mean_raw_gradient_norm": 6.533018618822098, "fraction_gradients_clipped": 1.0}
{"epoch": 8, "train_rmse": 0.9928560090690156, "validation_rmse": 0.8756893873214722, "validation_ma_st_rae": 0.8739196296438215, "validation_CYP1A2_st_rae": 1.0014799682815798, "validation_CYP2C9_st_rae": 0.7154311269305937, "validation_CYP2D6_st_rae": 1.0327589437401665, "validation_CYP3A4_st_rae": 0.7460084796229459, "mean_raw_gradient_norm": 6.540895491838455, "fraction_gradients_clipped": 1.0}
{
  "seed": 1701,
  "selection_metric": "validation_ma_st_rae",
  "best_validation_ma_st_rae": 0.8738047954174919,
  "best_validation_rmse": 0.8762453198432922,
  "restored_fit_rmse": 0.814011812210083,
  "restored_validation_rmse": 0.8762480616569519,
  "restored_fit_ma_st_rae": 0.8191632970293231,
  "restored_validation_ma_st_rae": 0.8765962792355784,
  "restored_validation_point_ma_st_rae": 0.8738028361047555,
  "restored_validation_point_st_rae_by_cyp": {
    "CYP1A2": 0.9944390158341909,
    "CYP2C9": 0.7185369436879709,
    "CYP2D6": 1.0346788086400853,
    "CYP3A4": 0.7475565762567745
  },
  "restored_fit_st_rae_by_cyp": {
    "CYP1A2": 0.8574641653248001,
    "CYP2C9": 0.7617087923319532,
    "CYP2D6": 0.9813965816455623,
    "CYP3A4": 0.6760836488149766
  },
  "restored_validation_st_rae_by_cyp": {
    "CYP1A2": 0.9962198438243731,
    "CYP2C9": 0.7237165002857705,
    "CYP2D6": 1.0367379465966673,
    "CYP3A4": 0.7497108262355023
  },
  "validation_bootstrap_metrics": {
    "n_bootstrap_samples": 1000,
    "seed": 0,
    "macro": {
      "st_rae": {
        "mean": 0.8765962792355784,
        "ci_low": 0.8309144974836934,
        "ci_high": 0.9269697163293427
      },
      "mae": {
        "mean": 0.6530410296528387,
        "ci_low": 0.6177798995775532,
        "ci_high": 0.6882273290537851
      },
      "r2": {
        "mean": 0.1969451708862012,
        "ci_low": 0.15003661448950315,
        "ci_high": 0.24073209360243059
      },
      "spearman_rho": {
        "mean": 0.42015463639425277,
        "ci_low": 0.36860194015126574,
        "ci_high": 0.4701253835299686
      },
      "kendall_tau": {
        "mean": 0.29129665116163933,
        "ci_low": 0.2548062319464058,
        "ci_high": 0.32638938211537327
      }
    },
    "per_endpoint": {
      "CYP1A2": {
        "st_rae": {
          "mean": 0.9962198438243731,
          "ci_low": 0.8809994074191507,
          "ci_high": 1.1261805259409494
        },
        "mae": {
          "mean": 0.7202107566658331,
          "ci_low": 0.6387053316709946,
          "ci_high": 0.7988892715317862
        },
        "r2": {
          "mean": 0.08760085777233691,
          "ci_low": -0.03399276032005972,
          "ci_high": 0.19161563222686573
        },
        "spearman_rho": {
          "mean": 0.3263394119747222,
          "ci_low": 0.19626653810597602,
          "ci_high": 0.4408044872970201
        },
        "kendall_tau": {
          "mean": 0.22096319239279236,
          "ci_low": 0.13236763967526466,
          "ci_high": 0.3030057557889568
        }
      },
      "CYP2C9": {
        "st_rae": {
          "mean": 0.7237165002857705,
          "ci_low": 0.6221401422822787,
          "ci_high": 0.8358955611137748
        },
        "mae": {
          "mean": 0.5345265139278612,
          "ci_low": 0.4790508857683131,
          "ci_high": 0.5908772361644528
        },
        "r2": {
          "mean": 0.33291303983754816,
          "ci_low": 0.24078527953402024,
          "ci_high": 0.4235898998773287
        },
        "spearman_rho": {
          "mean": 0.5660325631732981,
          "ci_low": 0.47344861664657245,
          "ci_high": 0.6500105419981593
        },
        "kendall_tau": {
          "mean": 0.399402068477998,
          "ci_low": 0.33036583332677666,
          "ci_high": 0.46610825057289285
        }
      },
      "CYP2D6": {
        "st_rae": {
          "mean": 1.0367379465966673,
          "ci_low": 0.9572411602335619,
          "ci_high": 1.1211395761185066
        },
        "mae": {
          "mean": 0.6539396666637524,
          "ci_low": 0.5702727738159971,
          "ci_high": 0.7388436612723761
        },
        "r2": {
          "mean": 0.012437273038135155,
          "ci_low": -0.07780255044830683,
          "ci_high": 0.08950927430819704
        },
        "spearman_rho": {
          "mean": 0.19165133706768772,
          "ci_low": 0.0629256573999229,
          "ci_high": 0.313391645429495
        },
        "kendall_tau": {
          "mean": 0.1269449250719911,
          "ci_low": 0.04124769971267854,
          "ci_high": 0.2118399488221288
        }
      },
      "CYP3A4": {
        "st_rae": {
          "mean": 0.7497108262355023,
          "ci_low": 0.679892216810053,
          "ci_high": 0.8264436006298432
        },
        "mae": {
          "mean": 0.703487181353908,
          "ci_low": 0.6524010250071214,
          "ci_high": 0.7538723054725976
        },
        "r2": {
          "mean": 0.35482951289678455,
          "ci_low": 0.2904043157080278,
          "ci_high": 0.41592601461389095
        },
        "spearman_rho": {
          "mean": 0.5965952333613032,
          "ci_low": 0.5348277854187782,
          "ci_high": 0.6548647102480583
        },
        "kendall_tau": {
          "mean": 0.4178764187037759,
          "ci_low": 0.3696465039387776,
          "ci_high": 0.4647090037263238
        }
      }
    }
  },
  "epochs_run": 8,
  "fit_observations": 4082,
  "validation_observations": 1134,
  "rule": "inertial_reaction_diffusion",
  "generations": 250,
  "hidden_channels": 16,
  "atom_feature_profile": "periodic_valence",
  "atom_feature_count": 38,
  "atom_feature_names": [
    "element_H",
    "element_C",
    "element_N",
    "element_O",
    "element_F",
    "element_P",
    "element_S",
    "element_Cl",
    "element_Br",
    "element_I",
    "element_other",
    "formal_charge",
    "aromatic",
    "hybrid_sp",
    "hybrid_sp2",
    "hybrid_sp3",
    "hybrid_other",
    "degree",
    "total_hydrogens",
    "in_ring",
    "hbond_donor",
    "hbond_acceptor",
    "chiral_cw",
    "chiral_ccw",
    "chiral_other",
    "atomic_number",
    "atomic_mass",
    "covalent_radius",
    "vdw_radius",
    "outer_electrons",
    "period",
    "periodic_group",
    "atomic_volume",
    "total_valence",
    "implicit_valence",
    "heavy_atom_degree",
    "radical_electrons",
    "absolute_formal_charge"
  ],
  "device": "cuda",
  "gpu": "NVIDIA GeForce RTX 5070 Ti",
  "training_seconds": 190.34820430004038,
  "peak_gpu_memory_bytes": 1321597952,
  "runtime": {
    "operating_system": "Windows-10-10.0.26200-SP0",
    "machine": "AMD64",
    "python": "3.11.16",
    "python_executable": "C:\\Users\\Anthony\\anaconda3\\envs\\strange-matter-gpu\\python.exe",
    "pytorch": "2.11.0+cu128",
    "pytorch_cuda": "12.8",
    "device": "cuda",
    "gpu": "NVIDIA GeForce RTX 5070 Ti"
  },
  "validation_protocol": {
    "kind": "scaffold_cross_validation",
    "fold": 4,
    "folds": 5
  },
  "readout": "differentiable_closed_form_ridge",
  "prediction_mode": "direct",
  "residual_alpha": null,
  "trajectory_pooling": "legacy",
  "ridge_mode": "shared",
  "loss_mode": "hybrid_interval",
  "interval_loss_beta": 0.5,
  "interval_temperature": 0.05,
  "hyperparameters": {
    "ca_lr": 0.003,
    "ridge": 0.1,
    "ca_l2": 1e-06,
    "gradient_clip": 2.0,
    "update_scale": 0.15,
    "init_scale": 0.5,
    "initial_noise": 0.0,
    "support_fraction": 0.85,
    "bond_temperature": 2.0,
    "dyn_a": 0.2,
    "dyn_b": 0.5,
    "dyn_c": 0.5,
    "dyn_d": 0.3,
    "lr_schedule": "cosine_0.1x"
  }
}
