{"operating_system": "Windows-10-10.0.26200-SP0", "machine": "AMD64", "python": "3.11.16", "python_executable": "C:\\Users\\Anthony\\anaconda3\\envs\\strange-matter-gpu\\python.exe", "pytorch": "2.11.0+cu128", "pytorch_cuda": "12.8", "device": "cuda", "gpu": "NVIDIA GeForce RTX 5070 Ti"}
{"epoch": 1, "train_rmse": 1.1181274382962116, "validation_rmse": 0.8920607566833496, "validation_ma_st_rae": 0.9305674076500898, "validation_CYP1A2_st_rae": 0.9149052009046506, "validation_CYP2C9_st_rae": 0.9363844622296129, "validation_CYP2D6_st_rae": 1.0684842104713779, "validation_CYP3A4_st_rae": 0.8024957569947178, "mean_raw_gradient_norm": 4.263935849070549, "fraction_gradients_clipped": 0.9375}
{"epoch": 2, "train_rmse": 1.0607401957986737, "validation_rmse": 0.8888867497444153, "validation_ma_st_rae": 0.9277742283719447, "validation_CYP1A2_st_rae": 0.9077015362217077, "validation_CYP2C9_st_rae": 0.9387707767401634, "validation_CYP2D6_st_rae": 1.0689599856484704, "validation_CYP3A4_st_rae": 0.7956646148774374, "mean_raw_gradient_norm": 4.513799414038658, "fraction_gradients_clipped": 0.9375}
{"epoch": 3, "train_rmse": 1.057805790204231, "validation_rmse": 0.8886917233467102, "validation_ma_st_rae": 0.926187537559293, "validation_CYP1A2_st_rae": 0.9003764094827319, "validation_CYP2C9_st_rae": 0.9425459089865866, "validation_CYP2D6_st_rae": 1.0651058170243235, "validation_CYP3A4_st_rae": 0.7967220147435299, "mean_raw_gradient_norm": 3.531608499586582, "fraction_gradients_clipped": 0.8125}
{"epoch": 4, "train_rmse": 1.0543066614666812, "validation_rmse": 0.8868162631988525, "validation_ma_st_rae": 0.923402366689748, "validation_CYP1A2_st_rae": 0.8989798381973629, "validation_CYP2C9_st_rae": 0.9343777008919811, "validation_CYP2D6_st_rae": 1.0674162323382108, "validation_CYP3A4_st_rae": 0.7928356953314373, "mean_raw_gradient_norm": 3.35183497145772, "fraction_gradients_clipped": 0.71875}
{"epoch": 5, "train_rmse": 1.0916014363499362, "validation_rmse": 0.8858382105827332, "validation_ma_st_rae": 0.9218228645137014, "validation_CYP1A2_st_rae": 0.8995410701191421, "validation_CYP2C9_st_rae": 0.9287245249118596, "validation_CYP2D6_st_rae": 1.069406306438101, "validation_CYP3A4_st_rae": 0.7896195565857027, "mean_raw_gradient_norm": 3.534822314977646, "fraction_gradients_clipped": 0.8125}
{
  "seed": 1701,
  "selection_metric": "validation_ma_st_rae",
  "best_validation_ma_st_rae": 0.9218228645137014,
  "best_validation_rmse": 0.8858382105827332,
  "restored_fit_rmse": 0.8769276738166809,
  "restored_validation_rmse": 0.885840117931366,
  "restored_fit_ma_st_rae": 0.8678843839726247,
  "restored_validation_ma_st_rae": 0.9251954674916454,
  "restored_validation_point_ma_st_rae": 0.9218271254882704,
  "restored_validation_point_st_rae_by_cyp": {
    "CYP1A2": 0.8995461810011146,
    "CYP2C9": 0.9287402196031678,
    "CYP2D6": 1.0693990259631863,
    "CYP3A4": 0.7896230753856128
  },
  "restored_fit_st_rae_by_cyp": {
    "CYP1A2": 0.8798035378947339,
    "CYP2C9": 0.8344624031585611,
    "CYP2D6": 0.9772105466559236,
    "CYP3A4": 0.7800610481812805
  },
  "restored_validation_st_rae_by_cyp": {
    "CYP1A2": 0.9033243715713891,
    "CYP2C9": 0.9325760192040257,
    "CYP2D6": 1.0728674703426364,
    "CYP3A4": 0.7920140088485305
  },
  "validation_bootstrap_metrics": {
    "n_bootstrap_samples": 1000,
    "seed": 0,
    "macro": {
      "st_rae": {
        "mean": 0.9251954674916454,
        "ci_low": 0.8511423924752506,
        "ci_high": 1.005821296455478
      },
      "mae": {
        "mean": 0.6546109413772941,
        "ci_low": 0.6109419641815695,
        "ci_high": 0.699632075555129
      },
      "r2": {
        "mean": 0.13164771881469836,
        "ci_low": 0.049825641874528405,
        "ci_high": 0.20487796562911895
      },
      "spearman_rho": {
        "mean": 0.40433727558528515,
        "ci_low": 0.33109901537248076,
        "ci_high": 0.4806923935582395
      },
      "kendall_tau": {
        "mean": 0.28325039619438547,
        "ci_low": 0.23278653242512595,
        "ci_high": 0.33567191631266546
      }
    },
    "per_endpoint": {
      "CYP1A2": {
        "st_rae": {
          "mean": 0.9033243715713891,
          "ci_low": 0.7658256180312889,
          "ci_high": 1.0525608388768823
        },
        "mae": {
          "mean": 0.6717928985853264,
          "ci_low": 0.5767782759927484,
          "ci_high": 0.7764197537933824
        },
        "r2": {
          "mean": 0.16643150802469175,
          "ci_low": 0.03526707003894855,
          "ci_high": 0.29395988937613865
        },
        "spearman_rho": {
          "mean": 0.4853938356647091,
          "ci_low": 0.35747408356729704,
          "ci_high": 0.6067797508131699
        },
        "kendall_tau": {
          "mean": 0.33186488744144493,
          "ci_low": 0.2374065620627241,
          "ci_high": 0.4251661244059323
        }
      },
      "CYP2C9": {
        "st_rae": {
          "mean": 0.9325760192040257,
          "ci_low": 0.7297609000691044,
          "ci_high": 1.1580237577459183
        },
        "mae": {
          "mean": 0.5526359520322494,
          "ci_low": 0.47637468722030407,
          "ci_high": 0.6359778859233127
        },
        "r2": {
          "mean": 0.08098723762757884,
          "ci_low": -0.17063190250254218,
          "ci_high": 0.28096831707321057
        },
        "spearman_rho": {
          "mean": 0.46625965617344006,
          "ci_low": 0.31308392872134866,
          "ci_high": 0.6019915715083771
        },
        "kendall_tau": {
          "mean": 0.32516773106366964,
          "ci_low": 0.2153786982248521,
          "ci_high": 0.42899759739682636
        }
      },
      "CYP2D6": {
        "st_rae": {
          "mean": 1.0728674703426364,
          "ci_low": 0.9704626422393207,
          "ci_high": 1.1981561232202778
        },
        "mae": {
          "mean": 0.6249576082838713,
          "ci_low": 0.5289174220422759,
          "ci_high": 0.7265760549228557
        },
        "r2": {
          "mean": 0.053067959728678615,
          "ci_low": -0.048985477669144975,
          "ci_high": 0.1386713716827627
        },
        "spearman_rho": {
          "mean": 0.17436288569190328,
          "ci_low": 0.0014579633718718578,
          "ci_high": 0.339779730107383
        },
        "kendall_tau": {
          "mean": 0.12538304326771144,
          "ci_low": 0.012759179978715934,
          "ci_high": 0.23500557065848918
        }
      },
      "CYP3A4": {
        "st_rae": {
          "mean": 0.7920140088485305,
          "ci_low": 0.7031143768855563,
          "ci_high": 0.8892862107104758
        },
        "mae": {
          "mean": 0.7690573066077292,
          "ci_low": 0.69540227394381,
          "ci_high": 0.8487816896923349
        },
        "r2": {
          "mean": 0.22610416987784418,
          "ci_low": 0.13491270437702477,
          "ci_high": 0.313871008785447
        },
        "spearman_rho": {
          "mean": 0.4913327248110884,
          "ci_low": 0.38558639586200527,
          "ci_high": 0.5953924514422857
        },
        "kendall_tau": {
          "mean": 0.3505859230047158,
          "ci_low": 0.2725195574102894,
          "ci_high": 0.4309615007609092
        }
      }
    }
  },
  "epochs_run": 5,
  "fit_observations": 2659,
  "validation_observations": 646,
  "rule": "gated_residual",
  "generations": 64,
  "hidden_channels": 8,
  "atom_feature_profile": "electronic_local",
  "atom_feature_count": 37,
  "atom_feature_names": [
    "element_H",
    "element_C",
    "element_N",
    "element_O",
    "element_F",
    "element_P",
    "element_S",
    "element_Cl",
    "element_Br",
    "element_I",
    "element_other",
    "formal_charge",
    "aromatic",
    "hybrid_sp",
    "hybrid_sp2",
    "hybrid_sp3",
    "hybrid_other",
    "degree",
    "total_hydrogens",
    "in_ring",
    "hbond_donor",
    "hbond_acceptor",
    "chiral_cw",
    "chiral_ccw",
    "chiral_other",
    "electronegativity",
    "polarizability",
    "heteroatom",
    "halogen",
    "conjugated_bond_fraction",
    "first_ionization_energy",
    "electron_affinity",
    "electronic_property_missing",
    "mean_neighbour_electronegativity",
    "electronegativity_difference",
    "mean_neighbour_atomic_number",
    "neighbour_formal_charge"
  ],
  "device": "cuda",
  "gpu": "NVIDIA GeForce RTX 5070 Ti",
  "training_seconds": 32.67939489998389,
  "peak_gpu_memory_bytes": 133906432,
  "runtime": {
    "operating_system": "Windows-10-10.0.26200-SP0",
    "machine": "AMD64",
    "python": "3.11.16",
    "python_executable": "C:\\Users\\Anthony\\anaconda3\\envs\\strange-matter-gpu\\python.exe",
    "pytorch": "2.11.0+cu128",
    "pytorch_cuda": "12.8",
    "device": "cuda",
    "gpu": "NVIDIA GeForce RTX 5070 Ti"
  },
  "validation_protocol": {
    "kind": "scaffold_cross_validation",
    "fold": 1,
    "folds": 5
  },
  "readout": "differentiable_closed_form_ridge",
  "hyperparameters": {
    "ca_lr": 0.001,
    "ridge": 1.0,
    "ca_l2": 1e-06,
    "gradient_clip": 2.0,
    "update_scale": 0.15,
    "init_scale": 0.5,
    "initial_noise": 0.005,
    "support_fraction": 0.6,
    "bond_temperature": 0.5,
    "dyn_a": 0.8,
    "dyn_b": 0.2,
    "dyn_c": 0.2,
    "dyn_d": 0.05,
    "lr_schedule": "cosine_0.1x"
  }
}
