{"operating_system": "macOS-26.2-arm64-arm-64bit", "machine": "arm64", "python": "3.10.19", "python_executable": "/opt/anaconda3/envs/kcc2/bin/python3.10", "pytorch": "2.8.0", "pytorch_cuda": null, "device": "cpu", "gpu": null}
{"epoch": 1, "train_rmse": 1.6348160013225266, "validation_rmse": 0.9768465161323547, "mean_raw_gradient_norm": 212.42676866054535, "fraction_gradients_clipped": 1.0}
{"epoch": 2, "train_rmse": 1.5613389815050156, "validation_rmse": 0.9756143689155579, "mean_raw_gradient_norm": 154.6648589372635, "fraction_gradients_clipped": 1.0}
{"epoch": 3, "train_rmse": 1.4713386583633887, "validation_rmse": 0.9639168977737427, "mean_raw_gradient_norm": 155.26706278324127, "fraction_gradients_clipped": 1.0}
{"epoch": 4, "train_rmse": 1.483584741977964, "validation_rmse": 0.975871741771698, "mean_raw_gradient_norm": 186.34805870056152, "fraction_gradients_clipped": 1.0}
{"epoch": 5, "train_rmse": 1.365403316744033, "validation_rmse": 0.9769505858421326, "mean_raw_gradient_norm": 131.0804939866066, "fraction_gradients_clipped": 1.0}
{
  "seed": 1701,
  "best_validation_rmse": 0.9639168977737427,
  "restored_fit_rmse": 0.9243800044059753,
  "restored_validation_rmse": 0.9639168977737427,
  "epochs_run": 5,
  "fit_observations": 2643,
  "validation_observations": 670,
  "rule": "conservative_graph_flux",
  "generations": 125,
  "hidden_channels": 16,
  "device": "cpu",
  "gpu": null,
  "training_seconds": 101.04302458302118,
  "peak_gpu_memory_bytes": 0,
  "runtime": {
    "operating_system": "macOS-26.2-arm64-arm-64bit",
    "machine": "arm64",
    "python": "3.10.19",
    "python_executable": "/opt/anaconda3/envs/kcc2/bin/python3.10",
    "pytorch": "2.8.0",
    "pytorch_cuda": null,
    "device": "cpu",
    "gpu": null
  },
  "readout": "differentiable_closed_form_ridge",
  "hyperparameters": {
    "ca_lr": 0.0003,
    "ridge": 0.1,
    "ca_l2": 0.0001,
    "gradient_clip": 0.5,
    "update_scale": 0.4,
    "init_scale": 1.5,
    "initial_noise": 0.0,
    "support_fraction": 0.85,
    "bond_temperature": 1.0,
    "dyn_a": 0.5,
    "dyn_b": 0.2,
    "dyn_c": 0.8,
    "dyn_d": 0.15,
    "lr_schedule": "cosine_0.1x"
  }
}
