{"operating_system": "macOS-26.2-arm64-arm-64bit", "machine": "arm64", "python": "3.10.19", "python_executable": "/opt/anaconda3/envs/kcc2/bin/python3.10", "pytorch": "2.8.0", "pytorch_cuda": null, "device": "cpu", "gpu": null}
{"epoch": 1, "train_rmse": 1.2631793438261392, "validation_rmse": 1.0607750415802002, "mean_raw_gradient_norm": 31.195660400390626, "fraction_gradients_clipped": 1.0}
{"epoch": 2, "train_rmse": 1.327316417945545, "validation_rmse": 1.0566359758377075, "mean_raw_gradient_norm": 33.951435279846194, "fraction_gradients_clipped": 1.0}
{"epoch": 3, "train_rmse": 1.4297541492404293, "validation_rmse": 1.0547387599945068, "mean_raw_gradient_norm": 47.240706014633176, "fraction_gradients_clipped": 1.0}
{
  "seed": 1701,
  "best_validation_rmse": 1.0566359758377075,
  "restored_fit_rmse": 0.846530556678772,
  "restored_validation_rmse": 1.0566359758377075,
  "epochs_run": 3,
  "fit_observations": 791,
  "validation_observations": 273,
  "rule": "gray_scott",
  "generations": 64,
  "hidden_channels": 16,
  "device": "cpu",
  "gpu": null,
  "training_seconds": 12.66522425005678,
  "peak_gpu_memory_bytes": 0,
  "runtime": {
    "operating_system": "macOS-26.2-arm64-arm-64bit",
    "machine": "arm64",
    "python": "3.10.19",
    "python_executable": "/opt/anaconda3/envs/kcc2/bin/python3.10",
    "pytorch": "2.8.0",
    "pytorch_cuda": null,
    "device": "cpu",
    "gpu": null
  },
  "readout": "differentiable_closed_form_ridge",
  "hyperparameters": {
    "ca_lr": 0.0003,
    "ridge": 0.1,
    "ca_l2": 1e-06,
    "gradient_clip": 1.0,
    "update_scale": 0.08,
    "init_scale": 1.0,
    "initial_noise": 0.0,
    "support_fraction": 0.85,
    "bond_temperature": 1.0,
    "dyn_a": 0.8,
    "dyn_b": 0.8,
    "dyn_c": 0.2,
    "dyn_d": 0.15,
    "lr_schedule": "cosine_0.1x"
  }
}
