{"device": "cuda", "gpu": "NVIDIA GeForce RTX 5070 Ti", "pytorch": "2.11.0+cu128", "pytorch_cuda": "12.8"}
{"epoch": 1, "train_rmse": 1.1729233304972588, "validation_rmse": 1.0182642936706543, "mean_raw_gradient_norm": 20.71367645263672, "fraction_gradients_clipped": 1.0}
{"epoch": 2, "train_rmse": 1.2559208023247264, "validation_rmse": 1.0178414583206177, "mean_raw_gradient_norm": 19.349378633499146, "fraction_gradients_clipped": 1.0}
{"epoch": 3, "train_rmse": 1.428357888839895, "validation_rmse": 1.0174223184585571, "mean_raw_gradient_norm": 30.406693077087404, "fraction_gradients_clipped": 1.0}
{
  "seed": 1701,
  "best_validation_rmse": 1.0182642936706543,
  "restored_fit_rmse": 0.8880994915962219,
  "restored_validation_rmse": 1.0182386636734009,
  "epochs_run": 3,
  "fit_observations": 791,
  "validation_observations": 273,
  "rule": "gated_residual",
  "generations": 32,
  "hidden_channels": 8,
  "device": "cuda",
  "gpu": "NVIDIA GeForce RTX 5070 Ti",
  "training_seconds": 4.048387999995612,
  "peak_gpu_memory_bytes": 70603776,
  "readout": "differentiable_closed_form_ridge",
  "hyperparameters": {
    "ca_lr": 0.0003,
    "ridge": 0.01,
    "ca_l2": 1e-05,
    "gradient_clip": 1.0,
    "update_scale": 0.08,
    "init_scale": 1.0,
    "initial_noise": 0.0,
    "support_fraction": 0.85,
    "bond_temperature": 2.0,
    "dyn_a": 0.2,
    "dyn_b": 0.5,
    "dyn_c": 0.2,
    "dyn_d": 0.3,
    "lr_schedule": "cosine_0.1x"
  }
}
