{"operating_system": "Windows-10-10.0.26200-SP0", "machine": "AMD64", "python": "3.11.16", "python_executable": "C:\\Users\\Anthony\\anaconda3\\envs\\strange-matter-gpu\\python.exe", "pytorch": "2.11.0+cu128", "pytorch_cuda": "12.8", "device": "cuda", "gpu": "NVIDIA GeForce RTX 5070 Ti"}
{"epoch": 1, "train_rmse": 2.002310223248492, "validation_rmse": 0.8954535722732544, "validation_ma_st_rae": 1.0428249696722904, "validation_CYP1A2_st_rae": 1.167355878586509, "validation_CYP2C9_st_rae": 0.9541478283967929, "validation_CYP2D6_st_rae": 1.1442593486719164, "validation_CYP3A4_st_rae": 0.9055368230339437, "mean_raw_gradient_norm": 162.28591766357422, "fraction_gradients_clipped": 1.0}
{"epoch": 2, "train_rmse": 1.8941801721104403, "validation_rmse": 0.8881484866142273, "validation_ma_st_rae": 1.0044313156712055, "validation_CYP1A2_st_rae": 1.0614116132908928, "validation_CYP2C9_st_rae": 0.960387405080903, "validation_CYP2D6_st_rae": 1.119704688820159, "validation_CYP3A4_st_rae": 0.876221555492867, "mean_raw_gradient_norm": 129.6613006591797, "fraction_gradients_clipped": 1.0}
{"epoch": 3, "train_rmse": 1.7682075016368912, "validation_rmse": 0.9007390141487122, "validation_ma_st_rae": 1.0141146247877377, "validation_CYP1A2_st_rae": 1.0447970572142524, "validation_CYP2C9_st_rae": 0.9814131990887386, "validation_CYP2D6_st_rae": 1.122154371351263, "validation_CYP3A4_st_rae": 0.9080938714966972, "mean_raw_gradient_norm": 143.76391563415527, "fraction_gradients_clipped": 1.0}
{
  "seed": 1701,
  "selection_metric": "validation_ma_st_rae",
  "best_validation_ma_st_rae": 1.0044313156712055,
  "best_validation_rmse": 0.8881484866142273,
  "restored_fit_rmse": 0.9249270558357239,
  "restored_validation_rmse": 0.8882163166999817,
  "restored_fit_ma_st_rae": 0.8834511605624433,
  "restored_validation_ma_st_rae": 1.0201912157220558,
  "restored_validation_point_ma_st_rae": 1.004577261682345,
  "restored_validation_point_st_rae_by_cyp": {
    "CYP1A2": 1.0616079717280236,
    "CYP2C9": 0.960556520262424,
    "CYP2D6": 1.1198110873112583,
    "CYP3A4": 0.8763334674276744
  },
  "restored_fit_st_rae_by_cyp": {
    "CYP1A2": 0.9052766321835762,
    "CYP2C9": 0.8240059625585027,
    "CYP2D6": 1.013501365259124,
    "CYP3A4": 0.7910206822485703
  },
  "restored_validation_st_rae_by_cyp": {
    "CYP1A2": 1.0616097558243742,
    "CYP2C9": 0.9903914895257933,
    "CYP2D6": 1.1383342920535537,
    "CYP3A4": 0.8904293254845017
  },
  "validation_bootstrap_metrics": {
    "n_bootstrap_samples": 1000,
    "seed": 0,
    "macro": {
      "st_rae": {
        "mean": 1.0201912157220558,
        "ci_low": 0.900060370118537,
        "ci_high": 1.1455743746184612
      },
      "mae": {
        "mean": 0.6715840456167192,
        "ci_low": 0.6069614048099458,
        "ci_high": 0.7396951252667244
      },
      "r2": {
        "mean": -0.014864543819597304,
        "ci_low": -0.13657771260116108,
        "ci_high": 0.09304569094488112
      },
      "spearman_rho": {
        "mean": 0.3146552539159123,
        "ci_low": 0.20316497944411938,
        "ci_high": 0.4288094567257419
      },
      "kendall_tau": {
        "mean": 0.2207550787085611,
        "ci_low": 0.1394473840028535,
        "ci_high": 0.30453674915312007
      }
    },
    "per_endpoint": {
      "CYP1A2": {
        "st_rae": {
          "mean": 1.0616097558243742,
          "ci_low": 0.8441207387499696,
          "ci_high": 1.3226302933338423
        },
        "mae": {
          "mean": 0.722338464865919,
          "ci_low": 0.552287086600163,
          "ci_high": 0.9040688865497464
        },
        "r2": {
          "mean": -0.012871877619999248,
          "ci_low": -0.26017605046140324,
          "ci_high": 0.1462567994330624
        },
        "spearman_rho": {
          "mean": 0.2965454798025901,
          "ci_low": 0.05215632634616081,
          "ci_high": 0.5225305981196081
        },
        "kendall_tau": {
          "mean": 0.2121878040163251,
          "ci_low": 0.04224137931034483,
          "ci_high": 0.37259320196818685
        }
      },
      "CYP2C9": {
        "st_rae": {
          "mean": 0.9903914895257933,
          "ci_low": 0.7058547773312562,
          "ci_high": 1.3395094097952107
        },
        "mae": {
          "mean": 0.5776900825103123,
          "ci_low": 0.4732271486520767,
          "ci_high": 0.6869152570764224
        },
        "r2": {
          "mean": -0.0016720088143851739,
          "ci_low": -0.3275035169873668,
          "ci_high": 0.24149999838391223
        },
        "spearman_rho": {
          "mean": 0.3763320383164402,
          "ci_low": 0.12463949232970567,
          "ci_high": 0.6014647356996841
        },
        "kendall_tau": {
          "mean": 0.2619186890388043,
          "ci_low": 0.0824650908766273,
          "ci_high": 0.433984472450428
        }
      },
      "CYP2D6": {
        "st_rae": {
          "mean": 1.1383342920535537,
          "ci_low": 0.9120033447293214,
          "ci_high": 1.396273726740785
        },
        "mae": {
          "mean": 0.6182706573559688,
          "ci_low": 0.4788013869982499,
          "ci_high": 0.7707067029292766
        },
        "r2": {
          "mean": -0.24962336360118728,
          "ci_low": -0.5460385918149802,
          "ci_high": 0.014046076346644001
        },
        "spearman_rho": {
          "mean": 0.1504932555164767,
          "ci_low": -0.09082911360777558,
          "ci_high": 0.38536845515952867
        },
        "kendall_tau": {
          "mean": 0.11012330182512162,
          "ci_low": -0.06192252514515768,
          "ci_high": 0.28152682304077953
        }
      },
      "CYP3A4": {
        "st_rae": {
          "mean": 0.8904293254845017,
          "ci_low": 0.7390712411579486,
          "ci_high": 1.09873751046146
        },
        "mae": {
          "mean": 0.7680369777346766,
          "ci_low": 0.6638989361912705,
          "ci_high": 0.8868490770805714
        },
        "r2": {
          "mean": 0.2047090747571825,
          "ci_low": 0.06803594543461498,
          "ci_high": 0.31771980700274033
        },
        "spearman_rho": {
          "mean": 0.43525024202814244,
          "ci_low": 0.24459402174137787,
          "ci_high": 0.6028610958463064
        },
        "kendall_tau": {
          "mean": 0.29879051995399336,
          "ci_low": 0.15945239719290247,
          "ci_high": 0.42087905739067705
        }
      }
    }
  },
  "epochs_run": 3,
  "fit_observations": 806,
  "validation_observations": 272,
  "rule": "fitzhugh_nagumo",
  "generations": 16,
  "hidden_channels": 8,
  "atom_feature_profile": "valence_electronic",
  "atom_feature_count": 38,
  "atom_feature_names": [
    "element_H",
    "element_C",
    "element_N",
    "element_O",
    "element_F",
    "element_P",
    "element_S",
    "element_Cl",
    "element_Br",
    "element_I",
    "element_other",
    "formal_charge",
    "aromatic",
    "hybrid_sp",
    "hybrid_sp2",
    "hybrid_sp3",
    "hybrid_other",
    "degree",
    "total_hydrogens",
    "in_ring",
    "hbond_donor",
    "hbond_acceptor",
    "chiral_cw",
    "chiral_ccw",
    "chiral_other",
    "total_valence",
    "implicit_valence",
    "heavy_atom_degree",
    "radical_electrons",
    "absolute_formal_charge",
    "electronegativity",
    "polarizability",
    "heteroatom",
    "halogen",
    "conjugated_bond_fraction",
    "first_ionization_energy",
    "electron_affinity",
    "electronic_property_missing"
  ],
  "device": "cuda",
  "gpu": "NVIDIA GeForce RTX 5070 Ti",
  "training_seconds": 3.092224100138992,
  "peak_gpu_memory_bytes": 39187968,
  "runtime": {
    "operating_system": "Windows-10-10.0.26200-SP0",
    "machine": "AMD64",
    "python": "3.11.16",
    "python_executable": "C:\\Users\\Anthony\\anaconda3\\envs\\strange-matter-gpu\\python.exe",
    "pytorch": "2.11.0+cu128",
    "pytorch_cuda": "12.8",
    "device": "cuda",
    "gpu": "NVIDIA GeForce RTX 5070 Ti"
  },
  "validation_protocol": {
    "kind": "scaffold_cross_validation",
    "fold": 0,
    "folds": 5
  },
  "readout": "differentiable_closed_form_ridge",
  "prediction_mode": "direct",
  "residual_alpha": null,
  "trajectory_pooling": "legacy",
  "ridge_mode": "shared",
  "loss_mode": "mse",
  "interval_loss_beta": 0.0,
  "interval_temperature": 0.1,
  "hyperparameters": {
    "ca_lr": 0.003,
    "ridge": 0.01,
    "ca_l2": 1e-06,
    "gradient_clip": 1.0,
    "update_scale": 0.25,
    "init_scale": 1.5,
    "initial_noise": 0.01,
    "support_fraction": 0.6,
    "bond_temperature": 1.0,
    "dyn_a": 0.2,
    "dyn_b": 0.2,
    "dyn_c": 0.5,
    "dyn_d": 0.3,
    "lr_schedule": "cosine_0.1x"
  }
}
