{"device": "cuda", "gpu": "NVIDIA GeForce RTX 5070 Ti", "pytorch": "2.11.0+cu128", "pytorch_cuda": "12.8"}
{"epoch": 1, "train_rmse": 2.261769118340961, "validation_rmse": 0.9708616733551025, "mean_raw_gradient_norm": 125.84703987523129, "fraction_gradients_clipped": 1.0}
{"epoch": 2, "train_rmse": 2.1378316008583416, "validation_rmse": 0.966913640499115, "mean_raw_gradient_norm": 88.85712412783974, "fraction_gradients_clipped": 1.0}
{"epoch": 3, "train_rmse": 2.363800967630064, "validation_rmse": 0.9735367894172668, "mean_raw_gradient_norm": 156.4534233494809, "fraction_gradients_clipped": 1.0}
{
  "seed": 1701,
  "best_validation_rmse": 0.966913640499115,
  "restored_fit_rmse": 0.8587291240692139,
  "restored_validation_rmse": 0.9667401909828186,
  "epochs_run": 3,
  "fit_observations": 791,
  "validation_observations": 273,
  "rule": "gated_residual",
  "generations": 500,
  "hidden_channels": 16,
  "device": "cuda",
  "gpu": "NVIDIA GeForce RTX 5070 Ti",
  "training_seconds": 51.30407199996989,
  "peak_gpu_memory_bytes": 551401472,
  "readout": "differentiable_closed_form_ridge",
  "hyperparameters": {
    "ca_lr": 0.003,
    "ridge": 0.01,
    "ca_l2": 1e-05,
    "gradient_clip": 1.0
  }
}
