{"operating_system": "Windows-10-10.0.26200-SP0", "machine": "AMD64", "python": "3.11.16", "python_executable": "C:\\Users\\Anthony\\anaconda3\\envs\\strange-matter-gpu\\python.exe", "pytorch": "2.11.0+cu128", "pytorch_cuda": "12.8", "device": "cuda", "gpu": "NVIDIA GeForce RTX 5070 Ti"}
{"epoch": 1, "train_rmse": 1.2841804090788465, "validation_rmse": 0.872336745262146, "validation_ma_st_rae": 0.9415063361480881, "validation_CYP1A2_st_rae": 1.0596528336055124, "validation_CYP2C9_st_rae": 0.8277787604693172, "validation_CYP2D6_st_rae": 1.0043346712813606, "validation_CYP3A4_st_rae": 0.8742590792361625, "mean_raw_gradient_norm": 28.754583644866944, "fraction_gradients_clipped": 1.0}
{"epoch": 2, "train_rmse": 1.2495547960351137, "validation_rmse": 0.8719900250434875, "validation_ma_st_rae": 0.9404468071356351, "validation_CYP1A2_st_rae": 1.064582525349584, "validation_CYP2C9_st_rae": 0.8233169576472323, "validation_CYP2D6_st_rae": 1.0021567833869711, "validation_CYP3A4_st_rae": 0.8717309621587532, "mean_raw_gradient_norm": 30.24195442199707, "fraction_gradients_clipped": 1.0}
{"epoch": 3, "train_rmse": 1.3534963105835944, "validation_rmse": 0.871327817440033, "validation_ma_st_rae": 0.9398776021761732, "validation_CYP1A2_st_rae": 1.0647153996157697, "validation_CYP2C9_st_rae": 0.822494324139871, "validation_CYP2D6_st_rae": 1.0011783117469766, "validation_CYP3A4_st_rae": 0.8711223732020756, "mean_raw_gradient_norm": 48.94875407218933, "fraction_gradients_clipped": 1.0}
{
  "seed": 1701,
  "selection_metric": "validation_ma_st_rae",
  "best_validation_ma_st_rae": 0.9415063361480881,
  "best_validation_rmse": 0.872336745262146,
  "restored_fit_rmse": 0.9739668965339661,
  "restored_validation_rmse": 0.8723350763320923,
  "restored_fit_ma_st_rae": 0.9187115836853554,
  "restored_validation_ma_st_rae": 0.9538131657999002,
  "restored_validation_point_ma_st_rae": 0.9415045307282786,
  "restored_validation_point_st_rae_by_cyp": {
    "CYP1A2": 1.0595998608961579,
    "CYP2C9": 0.8277894034819252,
    "CYP2D6": 1.0043569758853506,
    "CYP3A4": 0.8742718826496809
  },
  "restored_fit_st_rae_by_cyp": {
    "CYP1A2": 0.9308837568072984,
    "CYP2C9": 0.8691470097111157,
    "CYP2D6": 0.9959715602829382,
    "CYP3A4": 0.8788440079400693
  },
  "restored_validation_st_rae_by_cyp": {
    "CYP1A2": 1.0614934862579073,
    "CYP2C9": 0.8500554627889638,
    "CYP2D6": 1.0180810552107902,
    "CYP3A4": 0.8856226589419389
  },
  "validation_bootstrap_metrics": {
    "n_bootstrap_samples": 1000,
    "seed": 0,
    "macro": {
      "st_rae": {
        "mean": 0.9538131657999002,
        "ci_low": 0.8674443969033607,
        "ci_high": 1.0415058080874324
      },
      "mae": {
        "mean": 0.6595046361638703,
        "ci_low": 0.5978190265686087,
        "ci_high": 0.7258775226461033
      },
      "r2": {
        "mean": 0.049324325105202786,
        "ci_low": -0.036419555657824065,
        "ci_high": 0.12689185385600177
      },
      "spearman_rho": {
        "mean": 0.29557537882774926,
        "ci_low": 0.1775372409979583,
        "ci_high": 0.41183543456921945
      },
      "kendall_tau": {
        "mean": 0.21062121070111892,
        "ci_low": 0.12699343282258477,
        "ci_high": 0.2931104896345118
      }
    },
    "per_endpoint": {
      "CYP1A2": {
        "st_rae": {
          "mean": 1.0614934862579073,
          "ci_low": 0.842725038677604,
          "ci_high": 1.312571726665627
        },
        "mae": {
          "mean": 0.7236914699273032,
          "ci_low": 0.560540195566709,
          "ci_high": 0.9011762358126092
        },
        "r2": {
          "mean": 0.008190894968892935,
          "ci_low": -0.20110884303713203,
          "ci_high": 0.14502605958131043
        },
        "spearman_rho": {
          "mean": 0.23165638323527676,
          "ci_low": -0.02727303173967078,
          "ci_high": 0.4755541207269352
        },
        "kendall_tau": {
          "mean": 0.15631975340054916,
          "ci_low": -0.028591129467473456,
          "ci_high": 0.33186754867747464
        }
      },
      "CYP2C9": {
        "st_rae": {
          "mean": 0.8500554627889638,
          "ci_low": 0.6815044635044006,
          "ci_high": 1.0561852265253766
        },
        "mae": {
          "mean": 0.5490440276026726,
          "ci_low": 0.4486052818099658,
          "ci_high": 0.6570708235104878
        },
        "r2": {
          "mean": 0.09079486248844214,
          "ci_low": -0.09974732984979372,
          "ci_high": 0.2702653690075973
        },
        "spearman_rho": {
          "mean": 0.42543956425226503,
          "ci_low": 0.16641795203061285,
          "ci_high": 0.663541687732672
        },
        "kendall_tau": {
          "mean": 0.32347469744424084,
          "ci_low": 0.12449256173139046,
          "ci_high": 0.5034705061169945
        }
      },
      "CYP2D6": {
        "st_rae": {
          "mean": 1.0180810552107902,
          "ci_low": 0.8854701377326136,
          "ci_high": 1.1675069890875702
        },
        "mae": {
          "mean": 0.578058999633789,
          "ci_low": 0.4522702628832597,
          "ci_high": 0.7163342643701113
        },
        "r2": {
          "mean": -0.06830540198672257,
          "ci_low": -0.2299718100278277,
          "ci_high": 0.07705012420155362
        },
        "spearman_rho": {
          "mean": 0.09013245631251465,
          "ci_low": -0.1709266880626972,
          "ci_high": 0.3418525899768041
        },
        "kendall_tau": {
          "mean": 0.05315766368805472,
          "ci_low": -0.12984686668302242,
          "ci_high": 0.2363950922770154
        }
      },
      "CYP3A4": {
        "st_rae": {
          "mean": 0.8856226589419389,
          "ci_low": 0.7458215582352118,
          "ci_high": 1.0641827295166144
        },
        "mae": {
          "mean": 0.7872240474917167,
          "ci_low": 0.6772792573585067,
          "ci_high": 0.8980585425399071
        },
        "r2": {
          "mean": 0.16661694495019866,
          "ci_low": 0.029230977538297127,
          "ci_high": 0.2834113391106491
        },
        "spearman_rho": {
          "mean": 0.4350731115109405,
          "ci_low": 0.23113093012877706,
          "ci_high": 0.612673514939313
        },
        "kendall_tau": {
          "mean": 0.309532728271631,
          "ci_low": 0.16424025987774468,
          "ci_high": 0.4475519621224649
        }
      }
    }
  },
  "epochs_run": 3,
  "fit_observations": 806,
  "validation_observations": 272,
  "rule": "delayed_memory",
  "generations": 16,
  "hidden_channels": 4,
  "atom_feature_profile": "electronic_local",
  "atom_feature_count": 37,
  "atom_feature_names": [
    "element_H",
    "element_C",
    "element_N",
    "element_O",
    "element_F",
    "element_P",
    "element_S",
    "element_Cl",
    "element_Br",
    "element_I",
    "element_other",
    "formal_charge",
    "aromatic",
    "hybrid_sp",
    "hybrid_sp2",
    "hybrid_sp3",
    "hybrid_other",
    "degree",
    "total_hydrogens",
    "in_ring",
    "hbond_donor",
    "hbond_acceptor",
    "chiral_cw",
    "chiral_ccw",
    "chiral_other",
    "electronegativity",
    "polarizability",
    "heteroatom",
    "halogen",
    "conjugated_bond_fraction",
    "first_ionization_energy",
    "electron_affinity",
    "electronic_property_missing",
    "mean_neighbour_electronegativity",
    "electronegativity_difference",
    "mean_neighbour_atomic_number",
    "neighbour_formal_charge"
  ],
  "device": "cuda",
  "gpu": "NVIDIA GeForce RTX 5070 Ti",
  "training_seconds": 3.783521799952723,
  "peak_gpu_memory_bytes": 29376512,
  "runtime": {
    "operating_system": "Windows-10-10.0.26200-SP0",
    "machine": "AMD64",
    "python": "3.11.16",
    "python_executable": "C:\\Users\\Anthony\\anaconda3\\envs\\strange-matter-gpu\\python.exe",
    "pytorch": "2.11.0+cu128",
    "pytorch_cuda": "12.8",
    "device": "cuda",
    "gpu": "NVIDIA GeForce RTX 5070 Ti"
  },
  "validation_protocol": {
    "kind": "scaffold_cross_validation",
    "fold": 0,
    "folds": 5
  },
  "readout": "differentiable_closed_form_ridge",
  "hyperparameters": {
    "ca_lr": 0.0003,
    "ridge": 0.01,
    "ca_l2": 1e-05,
    "gradient_clip": 0.5,
    "update_scale": 0.08,
    "init_scale": 1.5,
    "initial_noise": 0.005,
    "support_fraction": 0.75,
    "bond_temperature": 0.5,
    "dyn_a": 0.2,
    "dyn_b": 0.8,
    "dyn_c": 0.8,
    "dyn_d": 0.05,
    "lr_schedule": "cosine_0.1x"
  }
}
