{"operating_system": "Windows-10-10.0.26200-SP0", "machine": "AMD64", "python": "3.11.16", "python_executable": "C:\\Users\\Anthony\\anaconda3\\envs\\strange-matter-gpu\\python.exe", "pytorch": "2.11.0+cu128", "pytorch_cuda": "12.8", "device": "cuda", "gpu": "NVIDIA GeForce RTX 5070 Ti"}
{"epoch": 1, "train_rmse": 1.1765855762370958, "validation_rmse": 0.8755390644073486, "validation_ma_st_rae": 0.8699933042091696, "validation_CYP1A2_st_rae": 0.9385237429231646, "validation_CYP2C9_st_rae": 0.7116895471054271, "validation_CYP2D6_st_rae": 1.0599755412969454, "validation_CYP3A4_st_rae": 0.7697843855111419, "mean_raw_gradient_norm": 11.476235061883926, "fraction_gradients_clipped": 1.0}
{"epoch": 2, "train_rmse": 1.1380262929280354, "validation_rmse": 0.8765228986740112, "validation_ma_st_rae": 0.8741074807342466, "validation_CYP1A2_st_rae": 0.9433403213546936, "validation_CYP2C9_st_rae": 0.7167548037751497, "validation_CYP2D6_st_rae": 1.0654999901375704, "validation_CYP3A4_st_rae": 0.7708348076695729, "mean_raw_gradient_norm": 11.241755858063698, "fraction_gradients_clipped": 1.0}
{"epoch": 3, "train_rmse": 1.1509740547134621, "validation_rmse": 0.8768100738525391, "validation_ma_st_rae": 0.8768826029975291, "validation_CYP1A2_st_rae": 0.9449610279364902, "validation_CYP2C9_st_rae": 0.7251992630701557, "validation_CYP2D6_st_rae": 1.0691944123270505, "validation_CYP3A4_st_rae": 0.7681757086564196, "mean_raw_gradient_norm": 9.500453241169453, "fraction_gradients_clipped": 1.0}
{"epoch": 4, "train_rmse": 1.1191951422913693, "validation_rmse": 0.8771529197692871, "validation_ma_st_rae": 0.8779212629010336, "validation_CYP1A2_st_rae": 0.9447789747119224, "validation_CYP2C9_st_rae": 0.7304327582761329, "validation_CYP2D6_st_rae": 1.0684348659070133, "validation_CYP3A4_st_rae": 0.7680384527090656, "mean_raw_gradient_norm": 7.546953320503235, "fraction_gradients_clipped": 1.0}
{
  "seed": 1701,
  "selection_metric": "validation_ma_st_rae",
  "best_validation_ma_st_rae": 0.8699933042091696,
  "best_validation_rmse": 0.8755390644073486,
  "restored_fit_rmse": 0.8542908430099487,
  "restored_validation_rmse": 0.8755412697792053,
  "restored_fit_ma_st_rae": 0.8402337050180954,
  "restored_validation_ma_st_rae": 0.8728870355781057,
  "restored_validation_point_ma_st_rae": 0.8699979581534444,
  "restored_validation_point_st_rae_by_cyp": {
    "CYP1A2": 0.9385226949956503,
    "CYP2C9": 0.7117016227711546,
    "CYP2D6": 1.059978410427977,
    "CYP3A4": 0.7697891044189955
  },
  "restored_fit_st_rae_by_cyp": {
    "CYP1A2": 0.855959241505107,
    "CYP2C9": 0.7656510451528663,
    "CYP2D6": 1.0026229853556372,
    "CYP3A4": 0.7367015480587711
  },
  "restored_validation_st_rae_by_cyp": {
    "CYP1A2": 0.9437939150618109,
    "CYP2C9": 0.7149392921931796,
    "CYP2D6": 1.0614813509756253,
    "CYP3A4": 0.7713335840818064
  },
  "validation_bootstrap_metrics": {
    "n_bootstrap_samples": 1000,
    "seed": 0,
    "macro": {
      "st_rae": {
        "mean": 0.8728870355781057,
        "ci_low": 0.8001127521306678,
        "ci_high": 0.9465572492121417
      },
      "mae": {
        "mean": 0.641087274160995,
        "ci_low": 0.5985917323564935,
        "ci_high": 0.6859232952344281
      },
      "r2": {
        "mean": 0.16773127651625896,
        "ci_low": 0.09290466116107608,
        "ci_high": 0.24404267560244144
      },
      "spearman_rho": {
        "mean": 0.41909626867506095,
        "ci_low": 0.3500610297376575,
        "ci_high": 0.4868583017969114
      },
      "kendall_tau": {
        "mean": 0.29472943361365955,
        "ci_low": 0.24624823762937045,
        "ci_high": 0.34356702468889144
      }
    },
    "per_endpoint": {
      "CYP1A2": {
        "st_rae": {
          "mean": 0.9437939150618109,
          "ci_low": 0.8056486974350361,
          "ci_high": 1.1090591925585869
        },
        "mae": {
          "mean": 0.7036048857765477,
          "ci_low": 0.6140607968734129,
          "ci_high": 0.8011343096729613
        },
        "r2": {
          "mean": 0.1412170487326087,
          "ci_low": -0.018262943714207912,
          "ci_high": 0.28230692783608574
        },
        "spearman_rho": {
          "mean": 0.45012043523056317,
          "ci_low": 0.31784091391947006,
          "ci_high": 0.5795413982094316
        },
        "kendall_tau": {
          "mean": 0.3048966106960277,
          "ci_low": 0.2105700935235799,
          "ci_high": 0.4021230103755769
        }
      },
      "CYP2C9": {
        "st_rae": {
          "mean": 0.7149392921931796,
          "ci_low": 0.5595726721252848,
          "ci_high": 0.8931314677240193
        },
        "mae": {
          "mean": 0.49028454069144856,
          "ci_low": 0.4211923816731868,
          "ci_high": 0.5669235054773228
        },
        "r2": {
          "mean": 0.268959847876215,
          "ci_low": 0.06829880521922826,
          "ci_high": 0.437762937148118
        },
        "spearman_rho": {
          "mean": 0.5450464111257217,
          "ci_low": 0.392473913034688,
          "ci_high": 0.6742131850947372
        },
        "kendall_tau": {
          "mean": 0.3929804480343544,
          "ci_low": 0.28154701602637444,
          "ci_high": 0.4976030721032014
        }
      },
      "CYP2D6": {
        "st_rae": {
          "mean": 1.0614813509756253,
          "ci_low": 0.9324519176418342,
          "ci_high": 1.2174050633162472
        },
        "mae": {
          "mean": 0.6217659692920908,
          "ci_low": 0.5195373483817943,
          "ci_high": 0.7310750575831336
        },
        "r2": {
          "mean": 0.01587004533462375,
          "ci_low": -0.14505491742640372,
          "ci_high": 0.15463527954012274
        },
        "spearman_rho": {
          "mean": 0.15427893725879774,
          "ci_low": -0.02389604590377009,
          "ci_high": 0.3281166400466785
        },
        "kendall_tau": {
          "mean": 0.10608095114722514,
          "ci_low": -0.01677672905466239,
          "ci_high": 0.22670798702534628
        }
      },
      "CYP3A4": {
        "st_rae": {
          "mean": 0.7713335840818064,
          "ci_low": 0.6635663269526152,
          "ci_high": 0.8778912496391282
        },
        "mae": {
          "mean": 0.748693700883893,
          "ci_low": 0.6759284675615952,
          "ci_high": 0.8272040097545291
        },
        "r2": {
          "mean": 0.24487816412158844,
          "ci_low": 0.12401800615539257,
          "ci_high": 0.3600973913908097
        },
        "spearman_rho": {
          "mean": 0.5269392910851614,
          "ci_low": 0.42065845488858,
          "ci_high": 0.6260088079402587
        },
        "kendall_tau": {
          "mean": 0.37495972457703125,
          "ci_low": 0.2987400426779586,
          "ci_high": 0.45139594456109816
        }
      }
    }
  },
  "epochs_run": 4,
  "fit_observations": 2659,
  "validation_observations": 646,
  "rule": "gated_residual",
  "generations": 16,
  "hidden_channels": 16,
  "atom_feature_profile": "local_environment",
  "atom_feature_count": 29,
  "atom_feature_names": [
    "element_H",
    "element_C",
    "element_N",
    "element_O",
    "element_F",
    "element_P",
    "element_S",
    "element_Cl",
    "element_Br",
    "element_I",
    "element_other",
    "formal_charge",
    "aromatic",
    "hybrid_sp",
    "hybrid_sp2",
    "hybrid_sp3",
    "hybrid_other",
    "degree",
    "total_hydrogens",
    "in_ring",
    "hbond_donor",
    "hbond_acceptor",
    "chiral_cw",
    "chiral_ccw",
    "chiral_other",
    "mean_neighbour_electronegativity",
    "electronegativity_difference",
    "mean_neighbour_atomic_number",
    "neighbour_formal_charge"
  ],
  "device": "cuda",
  "gpu": "NVIDIA GeForce RTX 5070 Ti",
  "training_seconds": 11.327541899983771,
  "peak_gpu_memory_bytes": 70184960,
  "runtime": {
    "operating_system": "Windows-10-10.0.26200-SP0",
    "machine": "AMD64",
    "python": "3.11.16",
    "python_executable": "C:\\Users\\Anthony\\anaconda3\\envs\\strange-matter-gpu\\python.exe",
    "pytorch": "2.11.0+cu128",
    "pytorch_cuda": "12.8",
    "device": "cuda",
    "gpu": "NVIDIA GeForce RTX 5070 Ti"
  },
  "validation_protocol": {
    "kind": "scaffold_cross_validation",
    "fold": 1,
    "folds": 5
  },
  "readout": "differentiable_closed_form_ridge",
  "hyperparameters": {
    "ca_lr": 0.0003,
    "ridge": 1.0,
    "ca_l2": 0.0001,
    "gradient_clip": 1.0,
    "update_scale": 0.4,
    "init_scale": 1.0,
    "initial_noise": 0.0,
    "support_fraction": 0.85,
    "bond_temperature": 1.0,
    "dyn_a": 0.2,
    "dyn_b": 0.5,
    "dyn_c": 0.2,
    "dyn_d": 0.3,
    "lr_schedule": "cosine_0.1x"
  }
}
