{"device": "cuda", "gpu": "NVIDIA GeForce RTX 5070 Ti", "pytorch": "2.11.0+cu128", "pytorch_cuda": "12.8"}
{"epoch": 1, "train_rmse": 1.2031769267217618, "validation_rmse": 1.0165975093841553, "mean_raw_gradient_norm": 32.396791553497316, "fraction_gradients_clipped": 1.0}
{"epoch": 2, "train_rmse": 1.2241882239190895, "validation_rmse": 1.0151944160461426, "mean_raw_gradient_norm": 11.74150104522705, "fraction_gradients_clipped": 1.0}
{"epoch": 3, "train_rmse": 1.2213534816716631, "validation_rmse": 1.014609932899475, "mean_raw_gradient_norm": 14.39360852241516, "fraction_gradients_clipped": 1.0}
{
  "seed": 1701,
  "best_validation_rmse": 1.0165975093841553,
  "restored_fit_rmse": 0.9121030569076538,
  "restored_validation_rmse": 1.0166016817092896,
  "epochs_run": 3,
  "fit_observations": 791,
  "validation_observations": 273,
  "rule": "gated_residual",
  "generations": 250,
  "hidden_channels": 8,
  "device": "cuda",
  "gpu": "NVIDIA GeForce RTX 5070 Ti",
  "training_seconds": 21.415780800045468,
  "peak_gpu_memory_bytes": 414454272,
  "readout": "differentiable_closed_form_ridge",
  "hyperparameters": {
    "ca_lr": 0.0003,
    "ridge": 0.1,
    "ca_l2": 0.0001,
    "gradient_clip": 2.0,
    "update_scale": 0.4,
    "init_scale": 0.5,
    "initial_noise": 0.005,
    "support_fraction": 0.85,
    "bond_temperature": 0.5,
    "dyn_a": 0.2,
    "dyn_b": 0.2,
    "dyn_c": 0.2,
    "dyn_d": 0.3,
    "lr_schedule": "cosine_0.1x"
  }
}
