{"operating_system": "Windows-10-10.0.26200-SP0", "machine": "AMD64", "python": "3.11.16", "python_executable": "C:\\Users\\Anthony\\anaconda3\\envs\\strange-matter-gpu\\python.exe", "pytorch": "2.11.0+cu128", "pytorch_cuda": "12.8", "device": "cuda", "gpu": "NVIDIA GeForce RTX 5070 Ti"}
{"epoch": 1, "train_rmse": 1.1187570272707754, "validation_rmse": 0.9284226894378662, "validation_ma_st_rae": 0.9974137618986774, "validation_CYP1A2_st_rae": 1.1046292769133703, "validation_CYP2C9_st_rae": 0.8896392228766236, "validation_CYP2D6_st_rae": 1.235316623521372, "validation_CYP3A4_st_rae": 0.7600699242833436, "mean_raw_gradient_norm": 33.14712615311146, "fraction_gradients_clipped": 1.0}
{"epoch": 2, "train_rmse": 1.1180869806621934, "validation_rmse": 0.9197871685028076, "validation_ma_st_rae": 0.9872865325435289, "validation_CYP1A2_st_rae": 1.0998698642000244, "validation_CYP2C9_st_rae": 0.8695625944445354, "validation_CYP2D6_st_rae": 1.2261069062605499, "validation_CYP3A4_st_rae": 0.7536067652690062, "mean_raw_gradient_norm": 21.018718540668488, "fraction_gradients_clipped": 1.0}
{"epoch": 3, "train_rmse": 1.0577285729542056, "validation_rmse": 0.924669623374939, "validation_ma_st_rae": 0.9935863019811445, "validation_CYP1A2_st_rae": 1.1059595975523269, "validation_CYP2C9_st_rae": 0.8603773768843131, "validation_CYP2D6_st_rae": 1.2493353685178636, "validation_CYP3A4_st_rae": 0.7586728649700746, "mean_raw_gradient_norm": 40.49815475940704, "fraction_gradients_clipped": 1.0}
{"epoch": 4, "train_rmse": 1.039382887101722, "validation_rmse": 0.9170483350753784, "validation_ma_st_rae": 0.9762517456200972, "validation_CYP1A2_st_rae": 1.0867089752287191, "validation_CYP2C9_st_rae": 0.8456428760786296, "validation_CYP2D6_st_rae": 1.216837424038563, "validation_CYP3A4_st_rae": 0.7558177071344768, "mean_raw_gradient_norm": 19.334841772913933, "fraction_gradients_clipped": 1.0}
{"epoch": 5, "train_rmse": 1.157838620867694, "validation_rmse": 0.920295000076294, "validation_ma_st_rae": 0.9873385081004769, "validation_CYP1A2_st_rae": 1.0741973674154166, "validation_CYP2C9_st_rae": 0.8740254686564481, "validation_CYP2D6_st_rae": 1.2448538759986427, "validation_CYP3A4_st_rae": 0.7562773203313998, "mean_raw_gradient_norm": 39.16152374446392, "fraction_gradients_clipped": 1.0}
{
  "seed": 1701,
  "selection_metric": "validation_ma_st_rae",
  "best_validation_ma_st_rae": 0.9762517456200972,
  "best_validation_rmse": 0.9170483350753784,
  "restored_fit_rmse": 0.92610102891922,
  "restored_validation_rmse": 0.9166302680969238,
  "restored_fit_ma_st_rae": 0.9712996274555611,
  "restored_validation_ma_st_rae": 0.9800892204036263,
  "restored_validation_point_ma_st_rae": 0.9756949161341532,
  "restored_validation_point_st_rae_by_cyp": {
    "CYP1A2": 1.0852795412979324,
    "CYP2C9": 0.8446342054718678,
    "CYP2D6": 1.2178579339108682,
    "CYP3A4": 0.7550079838559441
  },
  "restored_fit_st_rae_by_cyp": {
    "CYP1A2": 1.0655095709676694,
    "CYP2C9": 0.8346844667045397,
    "CYP2D6": 1.2382643150925396,
    "CYP3A4": 0.7467401570574955
  },
  "restored_validation_st_rae_by_cyp": {
    "CYP1A2": 1.0897794088154287,
    "CYP2C9": 0.8500660961889853,
    "CYP2D6": 1.2236514900895081,
    "CYP3A4": 0.7568598865205831
  },
  "validation_bootstrap_metrics": {
    "n_bootstrap_samples": 1000,
    "seed": 0,
    "macro": {
      "st_rae": {
        "mean": 0.9800892204036263,
        "ci_low": 0.8995478353073744,
        "ci_high": 1.0627511896642954
      },
      "mae": {
        "mean": 0.6863041505374172,
        "ci_low": 0.6446552931297164,
        "ci_high": 0.7281773036798015
      },
      "r2": {
        "mean": 0.0836618922862314,
        "ci_low": -0.0015885958203768944,
        "ci_high": 0.16237608973185313
      },
      "spearman_rho": {
        "mean": 0.4080072371083695,
        "ci_low": 0.3401505513184188,
        "ci_high": 0.4752381794967846
      },
      "kendall_tau": {
        "mean": 0.2841301281585825,
        "ci_low": 0.23554906933968295,
        "ci_high": 0.3328625872217773
      }
    },
    "per_endpoint": {
      "CYP1A2": {
        "st_rae": {
          "mean": 1.0897794088154287,
          "ci_low": 0.9159545816213993,
          "ci_high": 1.2914943865387238
        },
        "mae": {
          "mean": 0.7607080774342057,
          "ci_low": 0.6669220647237596,
          "ci_high": 0.8592592196742983
        },
        "r2": {
          "mean": 0.05483592678508793,
          "ci_low": -0.1382672764610038,
          "ci_high": 0.21592880252453125
        },
        "spearman_rho": {
          "mean": 0.4622767873716459,
          "ci_low": 0.33606473535116343,
          "ci_high": 0.5817218870898527
        },
        "kendall_tau": {
          "mean": 0.3116067203999231,
          "ci_low": 0.22382384853599052,
          "ci_high": 0.4007863911486295
        }
      },
      "CYP2C9": {
        "st_rae": {
          "mean": 0.8500660961889853,
          "ci_low": 0.6787415154639862,
          "ci_high": 1.0566383792017982
        },
        "mae": {
          "mean": 0.5269694173882026,
          "ci_low": 0.4583161610683412,
          "ci_high": 0.5966033044207187
        },
        "r2": {
          "mean": 0.226625911971088,
          "ci_low": 0.05045257409851131,
          "ci_high": 0.37004292324249033
        },
        "spearman_rho": {
          "mean": 0.5256341282829015,
          "ci_low": 0.39062482524733083,
          "ci_high": 0.6431869675685793
        },
        "kendall_tau": {
          "mean": 0.372226050823188,
          "ci_low": 0.2696907691459707,
          "ci_high": 0.46625699743169474
        }
      },
      "CYP2D6": {
        "st_rae": {
          "mean": 1.2236514900895081,
          "ci_low": 1.0626721791463367,
          "ci_high": 1.422498696784101
        },
        "mae": {
          "mean": 0.6885002710088327,
          "ci_low": 0.5841013944062003,
          "ci_high": 0.7978932151829239
        },
        "r2": {
          "mean": -0.12492035181896659,
          "ci_low": -0.3408335900315329,
          "ci_high": 0.05510451542551308
        },
        "spearman_rho": {
          "mean": 0.13920873964528374,
          "ci_low": -0.03959462596888633,
          "ci_high": 0.30583226430257365
        },
        "kendall_tau": {
          "mean": 0.09811141234896005,
          "ci_low": -0.029134733448129477,
          "ci_high": 0.21195589819965827
        }
      },
      "CYP3A4": {
        "st_rae": {
          "mean": 0.7568598865205831,
          "ci_low": 0.6685444648786593,
          "ci_high": 0.8387010710053006
        },
        "mae": {
          "mean": 0.7690388363184277,
          "ci_low": 0.6893955820452623,
          "ci_high": 0.84777188480395
        },
        "r2": {
          "mean": 0.17810608220771626,
          "ci_low": 0.08447811941031068,
          "ci_high": 0.26868865622327176
        },
        "spearman_rho": {
          "mean": 0.5049092931336467,
          "ci_low": 0.4050590660092256,
          "ci_high": 0.6042814384510071
        },
        "kendall_tau": {
          "mean": 0.3545763290622589,
          "ci_low": 0.2817624712411225,
          "ci_high": 0.42937309738167595
        }
      }
    }
  },
  "epochs_run": 5,
  "fit_observations": 2659,
  "validation_observations": 646,
  "rule": "conservative_graph_flux",
  "generations": 500,
  "hidden_channels": 8,
  "atom_feature_profile": "valence_electronic",
  "atom_feature_count": 38,
  "atom_feature_names": [
    "element_H",
    "element_C",
    "element_N",
    "element_O",
    "element_F",
    "element_P",
    "element_S",
    "element_Cl",
    "element_Br",
    "element_I",
    "element_other",
    "formal_charge",
    "aromatic",
    "hybrid_sp",
    "hybrid_sp2",
    "hybrid_sp3",
    "hybrid_other",
    "degree",
    "total_hydrogens",
    "in_ring",
    "hbond_donor",
    "hbond_acceptor",
    "chiral_cw",
    "chiral_ccw",
    "chiral_other",
    "total_valence",
    "implicit_valence",
    "heavy_atom_degree",
    "radical_electrons",
    "absolute_formal_charge",
    "electronegativity",
    "polarizability",
    "heteroatom",
    "halogen",
    "conjugated_bond_fraction",
    "first_ionization_energy",
    "electron_affinity",
    "electronic_property_missing"
  ],
  "device": "cuda",
  "gpu": "NVIDIA GeForce RTX 5070 Ti",
  "training_seconds": 180.30832930002362,
  "peak_gpu_memory_bytes": 436911104,
  "runtime": {
    "operating_system": "Windows-10-10.0.26200-SP0",
    "machine": "AMD64",
    "python": "3.11.16",
    "python_executable": "C:\\Users\\Anthony\\anaconda3\\envs\\strange-matter-gpu\\python.exe",
    "pytorch": "2.11.0+cu128",
    "pytorch_cuda": "12.8",
    "device": "cuda",
    "gpu": "NVIDIA GeForce RTX 5070 Ti"
  },
  "validation_protocol": {
    "kind": "scaffold_cross_validation",
    "fold": 1,
    "folds": 5
  },
  "readout": "differentiable_closed_form_ridge",
  "hyperparameters": {
    "ca_lr": 0.001,
    "ridge": 0.1,
    "ca_l2": 1e-05,
    "gradient_clip": 2.0,
    "update_scale": 0.4,
    "init_scale": 0.5,
    "initial_noise": 0.0,
    "support_fraction": 0.85,
    "bond_temperature": 2.0,
    "dyn_a": 0.2,
    "dyn_b": 0.5,
    "dyn_c": 0.8,
    "dyn_d": 0.3,
    "lr_schedule": "cosine_0.1x"
  }
}
