{"operating_system": "Windows-10-10.0.26200-SP0", "machine": "AMD64", "python": "3.11.16", "python_executable": "C:\\Users\\Anthony\\anaconda3\\envs\\strange-matter-gpu\\python.exe", "pytorch": "2.11.0+cu128", "pytorch_cuda": "12.8", "device": "cuda", "gpu": "NVIDIA GeForce RTX 5070 Ti"}
{"epoch": 1, "train_rmse": 1.0216042142048083, "validation_rmse": 0.8886502385139465, "validation_ma_st_rae": 0.8736898988808421, "validation_CYP1A2_st_rae": 0.8188810759295431, "validation_CYP2C9_st_rae": 0.8949094107487864, "validation_CYP2D6_st_rae": 0.9660276581360535, "validation_CYP3A4_st_rae": 0.8149414507089855, "mean_raw_gradient_norm": 6.62796214222908, "fraction_gradients_clipped": 1.0}
{"epoch": 2, "train_rmse": 1.086848366581916, "validation_rmse": 0.8861764669418335, "validation_ma_st_rae": 0.8778800087556364, "validation_CYP1A2_st_rae": 0.8095494401008276, "validation_CYP2C9_st_rae": 0.940623486955805, "validation_CYP2D6_st_rae": 0.9791239482449451, "validation_CYP3A4_st_rae": 0.782223159720968, "mean_raw_gradient_norm": 6.824086204171181, "fraction_gradients_clipped": 1.0}
{"epoch": 3, "train_rmse": 0.9794676735066088, "validation_rmse": 0.8878880739212036, "validation_ma_st_rae": 0.8820966690256901, "validation_CYP1A2_st_rae": 0.8375429287180217, "validation_CYP2C9_st_rae": 0.9170874251070182, "validation_CYP2D6_st_rae": 1.0071790741352062, "validation_CYP3A4_st_rae": 0.766577248142514, "mean_raw_gradient_norm": 5.748554110527039, "fraction_gradients_clipped": 1.0}
{"epoch": 4, "train_rmse": 0.9803321489432871, "validation_rmse": 0.8884361386299133, "validation_ma_st_rae": 0.880991960630585, "validation_CYP1A2_st_rae": 0.8398854307362463, "validation_CYP2C9_st_rae": 0.9250502682921998, "validation_CYP2D6_st_rae": 0.9953031949905283, "validation_CYP3A4_st_rae": 0.7637289485033657, "mean_raw_gradient_norm": 6.102897152304649, "fraction_gradients_clipped": 1.0}
{
  "seed": 1701,
  "selection_metric": "validation_ma_st_rae",
  "best_validation_ma_st_rae": 0.8736898988808421,
  "best_validation_rmse": 0.8886502385139465,
  "restored_fit_rmse": 0.8693562150001526,
  "restored_validation_rmse": 0.8886475563049316,
  "restored_fit_ma_st_rae": 0.8625452759369794,
  "restored_validation_ma_st_rae": 0.8782385745081521,
  "restored_validation_point_ma_st_rae": 0.8736894574370949,
  "restored_validation_point_st_rae_by_cyp": {
    "CYP1A2": 0.8188831337932704,
    "CYP2C9": 0.8949058418011406,
    "CYP2D6": 0.9660327723311531,
    "CYP3A4": 0.8149360818228155
  },
  "restored_fit_st_rae_by_cyp": {
    "CYP1A2": 0.886727677589377,
    "CYP2C9": 0.8155910571695192,
    "CYP2D6": 0.9888630147436729,
    "CYP3A4": 0.7589993542453483
  },
  "restored_validation_st_rae_by_cyp": {
    "CYP1A2": 0.8191032349905879,
    "CYP2C9": 0.9041367535438056,
    "CYP2D6": 0.970332032211292,
    "CYP3A4": 0.8193822772869229
  },
  "validation_bootstrap_metrics": {
    "n_bootstrap_samples": 1000,
    "seed": 0,
    "macro": {
      "st_rae": {
        "mean": 0.8782385745081521,
        "ci_low": 0.8202026193667594,
        "ci_high": 0.9411651982061823
      },
      "mae": {
        "mean": 0.6480313987658748,
        "ci_low": 0.6054046131125835,
        "ci_high": 0.6954209708358009
      },
      "r2": {
        "mean": 0.15522070953895722,
        "ci_low": 0.09238687668466915,
        "ci_high": 0.2152047198688377
      },
      "spearman_rho": {
        "mean": 0.42340872209124936,
        "ci_low": 0.36071306467667597,
        "ci_high": 0.48635728432625674
      },
      "kendall_tau": {
        "mean": 0.2928647052041582,
        "ci_low": 0.24884463103555732,
        "ci_high": 0.33964722322145213
      }
    },
    "per_endpoint": {
      "CYP1A2": {
        "st_rae": {
          "mean": 0.8191032349905879,
          "ci_low": 0.7124260427145761,
          "ci_high": 0.950565544594731
        },
        "mae": {
          "mean": 0.710179309507714,
          "ci_low": 0.6047031751727756,
          "ci_high": 0.8174546385490441
        },
        "r2": {
          "mean": 0.18366558809186398,
          "ci_low": 0.05390849266941707,
          "ci_high": 0.2846833652830937
        },
        "spearman_rho": {
          "mean": 0.48472633278394084,
          "ci_low": 0.354270432524497,
          "ci_high": 0.5990876047916864
        },
        "kendall_tau": {
          "mean": 0.33248435408480453,
          "ci_low": 0.2411342034415781,
          "ci_high": 0.4180556025852861
        }
      },
      "CYP2C9": {
        "st_rae": {
          "mean": 0.9041367535438056,
          "ci_low": 0.7467702007633479,
          "ci_high": 1.0652757899985776
        },
        "mae": {
          "mean": 0.5140938351232497,
          "ci_low": 0.4466496713825914,
          "ci_high": 0.5814173684745538
        },
        "r2": {
          "mean": 0.1659980088273947,
          "ci_low": -0.000761491987072754,
          "ci_high": 0.31542077639159566
        },
        "spearman_rho": {
          "mean": 0.4374892306821419,
          "ci_low": 0.3086295101801555,
          "ci_high": 0.5691550696514576
        },
        "kendall_tau": {
          "mean": 0.3013489925346905,
          "ci_low": 0.20676636991779754,
          "ci_high": 0.4007630154394433
        }
      },
      "CYP2D6": {
        "st_rae": {
          "mean": 0.970332032211292,
          "ci_low": 0.8787408378343151,
          "ci_high": 1.0629546967989345
        },
        "mae": {
          "mean": 0.6299206327090027,
          "ci_low": 0.523297509107184,
          "ci_high": 0.7392892094791358
        },
        "r2": {
          "mean": 0.04437631509878525,
          "ci_low": -0.05115799251719148,
          "ci_high": 0.12198964949336516
        },
        "spearman_rho": {
          "mean": 0.26491057487040687,
          "ci_low": 0.09691081444101779,
          "ci_high": 0.41602457329172815
        },
        "kendall_tau": {
          "mean": 0.18253599541572935,
          "ci_low": 0.06618287168679038,
          "ci_high": 0.29052562564022044
        }
      },
      "CYP3A4": {
        "st_rae": {
          "mean": 0.8193822772869229,
          "ci_low": 0.7086930817046593,
          "ci_high": 0.9339450736929612
        },
        "mae": {
          "mean": 0.7379318177235329,
          "ci_low": 0.6655720307286513,
          "ci_high": 0.811061560804561
        },
        "r2": {
          "mean": 0.22684292613778506,
          "ci_low": 0.0695617310721694,
          "ci_high": 0.35774250798912843
        },
        "spearman_rho": {
          "mean": 0.5065087500285076,
          "ci_low": 0.4020016146964966,
          "ci_high": 0.6152920414458019
        },
        "kendall_tau": {
          "mean": 0.3550894787814084,
          "ci_low": 0.27819262947172096,
          "ci_high": 0.4387280719720567
        }
      }
    }
  },
  "epochs_run": 4,
  "fit_observations": 2636,
  "validation_observations": 657,
  "rule": "inertial_reaction_diffusion",
  "generations": 64,
  "hidden_channels": 8,
  "atom_feature_profile": "electronic",
  "atom_feature_count": 33,
  "atom_feature_names": [
    "element_H",
    "element_C",
    "element_N",
    "element_O",
    "element_F",
    "element_P",
    "element_S",
    "element_Cl",
    "element_Br",
    "element_I",
    "element_other",
    "formal_charge",
    "aromatic",
    "hybrid_sp",
    "hybrid_sp2",
    "hybrid_sp3",
    "hybrid_other",
    "degree",
    "total_hydrogens",
    "in_ring",
    "hbond_donor",
    "hbond_acceptor",
    "chiral_cw",
    "chiral_ccw",
    "chiral_other",
    "electronegativity",
    "polarizability",
    "heteroatom",
    "halogen",
    "conjugated_bond_fraction",
    "first_ionization_energy",
    "electron_affinity",
    "electronic_property_missing"
  ],
  "device": "cuda",
  "gpu": "NVIDIA GeForce RTX 5070 Ti",
  "training_seconds": 20.078041799832135,
  "peak_gpu_memory_bytes": 182096896,
  "runtime": {
    "operating_system": "Windows-10-10.0.26200-SP0",
    "machine": "AMD64",
    "python": "3.11.16",
    "python_executable": "C:\\Users\\Anthony\\anaconda3\\envs\\strange-matter-gpu\\python.exe",
    "pytorch": "2.11.0+cu128",
    "pytorch_cuda": "12.8",
    "device": "cuda",
    "gpu": "NVIDIA GeForce RTX 5070 Ti"
  },
  "validation_protocol": {
    "kind": "scaffold_cross_validation",
    "fold": 2,
    "folds": 5
  },
  "readout": "differentiable_closed_form_ridge",
  "prediction_mode": "direct",
  "residual_alpha": null,
  "trajectory_pooling": "legacy",
  "ridge_mode": "shared",
  "loss_mode": "hybrid_interval",
  "interval_loss_beta": 0.75,
  "interval_temperature": 0.05,
  "hyperparameters": {
    "ca_lr": 0.003,
    "ridge": 0.1,
    "ca_l2": 1e-05,
    "gradient_clip": 0.5,
    "update_scale": 0.4,
    "init_scale": 1.0,
    "initial_noise": 0.0,
    "support_fraction": 0.75,
    "bond_temperature": 0.5,
    "dyn_a": 0.5,
    "dyn_b": 0.5,
    "dyn_c": 0.2,
    "dyn_d": 0.3,
    "lr_schedule": "cosine_0.1x"
  }
}
