{"operating_system": "Windows-10-10.0.26200-SP0", "machine": "AMD64", "python": "3.11.16", "python_executable": "C:\\Users\\Anthony\\anaconda3\\envs\\strange-matter-gpu\\python.exe", "pytorch": "2.11.0+cu128", "pytorch_cuda": "12.8", "device": "cuda", "gpu": "NVIDIA GeForce RTX 5070 Ti"}
{"epoch": 1, "train_rmse": 1.02728413543078, "validation_rmse": 0.9045296311378479, "validation_ma_st_rae": 0.9124878409314933, "validation_CYP1A2_st_rae": 0.961647663451406, "validation_CYP2C9_st_rae": 0.793708749922191, "validation_CYP2D6_st_rae": 1.0769170861263893, "validation_CYP3A4_st_rae": 0.817677864225987, "mean_raw_gradient_norm": 5.562193746368091, "fraction_gradients_clipped": 0.9583333333333334}
{"epoch": 2, "train_rmse": 1.01285991288979, "validation_rmse": 0.9031173586845398, "validation_ma_st_rae": 0.9092827756312793, "validation_CYP1A2_st_rae": 0.9613507631890744, "validation_CYP2C9_st_rae": 0.7909010017860861, "validation_CYP2D6_st_rae": 1.070991547199371, "validation_CYP3A4_st_rae": 0.8138877903505861, "mean_raw_gradient_norm": 4.551179374257724, "fraction_gradients_clipped": 0.9583333333333334}
{"epoch": 3, "train_rmse": 1.0050855434412105, "validation_rmse": 0.9021409153938293, "validation_ma_st_rae": 0.907421344208535, "validation_CYP1A2_st_rae": 0.9586795923230951, "validation_CYP2C9_st_rae": 0.7893135039992463, "validation_CYP2D6_st_rae": 1.0711327981264565, "validation_CYP3A4_st_rae": 0.8105594823853425, "mean_raw_gradient_norm": 4.579501291116078, "fraction_gradients_clipped": 1.0}
{"epoch": 4, "train_rmse": 1.0284292265645698, "validation_rmse": 0.9018115997314453, "validation_ma_st_rae": 0.9046176359398881, "validation_CYP1A2_st_rae": 0.9531795422873749, "validation_CYP2C9_st_rae": 0.7858106132819082, "validation_CYP2D6_st_rae": 1.072224603231219, "validation_CYP3A4_st_rae": 0.8072557849590504, "mean_raw_gradient_norm": 4.090671295921008, "fraction_gradients_clipped": 0.9583333333333334}
{"epoch": 5, "train_rmse": 0.9911300058534647, "validation_rmse": 0.9011285901069641, "validation_ma_st_rae": 0.9020996958030785, "validation_CYP1A2_st_rae": 0.9502746451419227, "validation_CYP2C9_st_rae": 0.7834289476696924, "validation_CYP2D6_st_rae": 1.0699554356068217, "validation_CYP3A4_st_rae": 0.804739754793877, "mean_raw_gradient_norm": 3.78204212586085, "fraction_gradients_clipped": 1.0}
{"epoch": 6, "train_rmse": 1.0031908688069076, "validation_rmse": 0.9003267884254456, "validation_ma_st_rae": 0.9007101545513222, "validation_CYP1A2_st_rae": 0.9476511561467689, "validation_CYP2C9_st_rae": 0.7818753079049352, "validation_CYP2D6_st_rae": 1.0711435495612716, "validation_CYP3A4_st_rae": 0.802170604592313, "mean_raw_gradient_norm": 3.5727578153212867, "fraction_gradients_clipped": 0.9166666666666666}
{"epoch": 7, "train_rmse": 1.0081017595183737, "validation_rmse": 0.9000445008277893, "validation_ma_st_rae": 0.9003093166738807, "validation_CYP1A2_st_rae": 0.9471667267705436, "validation_CYP2C9_st_rae": 0.7812273516776027, "validation_CYP2D6_st_rae": 1.0719220118647395, "validation_CYP3A4_st_rae": 0.8009211763826372, "mean_raw_gradient_norm": 3.638563950856527, "fraction_gradients_clipped": 0.875}
{"epoch": 8, "train_rmse": 0.9931805820891859, "validation_rmse": 0.8998667597770691, "validation_ma_st_rae": 0.9000329685661833, "validation_CYP1A2_st_rae": 0.9467367322448832, "validation_CYP2C9_st_rae": 0.7813283193851892, "validation_CYP2D6_st_rae": 1.0715155989421472, "validation_CYP3A4_st_rae": 0.8005512236925133, "mean_raw_gradient_norm": 3.6553390423456826, "fraction_gradients_clipped": 1.0}
{
  "seed": 4211,
  "selection_metric": "validation_ma_st_rae",
  "best_validation_ma_st_rae": 0.9007101545513222,
  "best_validation_rmse": 0.9003267884254456,
  "restored_fit_rmse": 0.8433377146720886,
  "restored_validation_rmse": 0.9003251791000366,
  "restored_fit_ma_st_rae": 0.8485794018046984,
  "restored_validation_ma_st_rae": 0.905207139186691,
  "restored_validation_point_ma_st_rae": 0.9007144747370687,
  "restored_validation_point_st_rae_by_cyp": {
    "CYP1A2": 0.9476586343470401,
    "CYP2C9": 0.7818799245311727,
    "CYP2D6": 1.0711530530677653,
    "CYP3A4": 0.8021662870022969
  },
  "restored_fit_st_rae_by_cyp": {
    "CYP1A2": 0.8600702488665586,
    "CYP2C9": 0.8192624636086093,
    "CYP2D6": 0.9812077365617992,
    "CYP3A4": 0.7337771581818263
  },
  "restored_validation_st_rae_by_cyp": {
    "CYP1A2": 0.9547589472076925,
    "CYP2C9": 0.7886362534536038,
    "CYP2D6": 1.0724890389609305,
    "CYP3A4": 0.8049443171245371
  },
  "validation_bootstrap_metrics": {
    "n_bootstrap_samples": 1000,
    "seed": 0,
    "macro": {
      "st_rae": {
        "mean": 0.905207139186691,
        "ci_low": 0.8619910159243936,
        "ci_high": 0.9497168583354314
      },
      "mae": {
        "mean": 0.6685386774524821,
        "ci_low": 0.6340333435056276,
        "ci_high": 0.7030948457588957
      },
      "r2": {
        "mean": 0.15034092572388202,
        "ci_low": 0.10285217432390861,
        "ci_high": 0.19427767253695674
      },
      "spearman_rho": {
        "mean": 0.3820924541093626,
        "ci_low": 0.3297005754456279,
        "ci_high": 0.43251139477934597
      },
      "kendall_tau": {
        "mean": 0.26542835053646685,
        "ci_low": 0.22801938833669785,
        "ci_high": 0.3016360643356297
      }
    },
    "per_endpoint": {
      "CYP1A2": {
        "st_rae": {
          "mean": 0.9547589472076925,
          "ci_low": 0.8474708025130778,
          "ci_high": 1.06695123682133
        },
        "mae": {
          "mean": 0.6995325667945705,
          "ci_low": 0.623277195619077,
          "ci_high": 0.7767437670425493
        },
        "r2": {
          "mean": 0.1177314943735343,
          "ci_low": 0.01765308459239779,
          "ci_high": 0.20330900858598794
        },
        "spearman_rho": {
          "mean": 0.37219940216411224,
          "ci_low": 0.2552320409918771,
          "ci_high": 0.48004676545669506
        },
        "kendall_tau": {
          "mean": 0.2535022681597471,
          "ci_low": 0.1723326231520322,
          "ci_high": 0.329369508266916
        }
      },
      "CYP2C9": {
        "st_rae": {
          "mean": 0.7886362534536038,
          "ci_low": 0.696596749007862,
          "ci_high": 0.9024669742734732
        },
        "mae": {
          "mean": 0.5615588048225956,
          "ci_low": 0.49630042910575867,
          "ci_high": 0.6293691866753394
        },
        "r2": {
          "mean": 0.21670615992648617,
          "ci_low": 0.1105114730864726,
          "ci_high": 0.30741264340259533
        },
        "spearman_rho": {
          "mean": 0.4838909444759647,
          "ci_low": 0.3692865774229571,
          "ci_high": 0.5853306906067283
        },
        "kendall_tau": {
          "mean": 0.34539781982745466,
          "ci_low": 0.26194006392061026,
          "ci_high": 0.4217087556651708
        }
      },
      "CYP2D6": {
        "st_rae": {
          "mean": 1.0724890389609305,
          "ci_low": 1.0030418333477897,
          "ci_high": 1.1534840964049495
        },
        "mae": {
          "mean": 0.6715194706807076,
          "ci_low": 0.5824550644373794,
          "ci_high": 0.756405278204874
        },
        "r2": {
          "mean": -0.0321320073002216,
          "ci_low": -0.13238793394122858,
          "ci_high": 0.054523345412164456
        },
        "spearman_rho": {
          "mean": 0.10772099328716805,
          "ci_low": -0.020593810708404894,
          "ci_high": 0.2353806773946257
        },
        "kendall_tau": {
          "mean": 0.07261921397657102,
          "ci_low": -0.013510541369772316,
          "ci_high": 0.15997780748571114
        }
      },
      "CYP3A4": {
        "st_rae": {
          "mean": 0.8049443171245371,
          "ci_low": 0.7258369814529763,
          "ci_high": 0.8838209802272338
        },
        "mae": {
          "mean": 0.7415438675120544,
          "ci_low": 0.6885686866550649,
          "ci_high": 0.7920025805938301
        },
        "r2": {
          "mean": 0.29905805589572937,
          "ci_low": 0.2327540607449896,
          "ci_high": 0.35822365988607946
        },
        "spearman_rho": {
          "mean": 0.5645584765102055,
          "ci_low": 0.49610945133774553,
          "ci_high": 0.628229957804862
        },
        "kendall_tau": {
          "mean": 0.39019410018209455,
          "ci_low": 0.33816028527257747,
          "ci_high": 0.4393846931553538
        }
      }
    }
  },
  "epochs_run": 8,
  "fit_observations": 4082,
  "validation_observations": 1134,
  "rule": "gated_residual",
  "generations": 250,
  "hidden_channels": 16,
  "atom_feature_profile": "local_environment",
  "atom_feature_count": 29,
  "atom_feature_names": [
    "element_H",
    "element_C",
    "element_N",
    "element_O",
    "element_F",
    "element_P",
    "element_S",
    "element_Cl",
    "element_Br",
    "element_I",
    "element_other",
    "formal_charge",
    "aromatic",
    "hybrid_sp",
    "hybrid_sp2",
    "hybrid_sp3",
    "hybrid_other",
    "degree",
    "total_hydrogens",
    "in_ring",
    "hbond_donor",
    "hbond_acceptor",
    "chiral_cw",
    "chiral_ccw",
    "chiral_other",
    "mean_neighbour_electronegativity",
    "electronegativity_difference",
    "mean_neighbour_atomic_number",
    "neighbour_formal_charge"
  ],
  "device": "cuda",
  "gpu": "NVIDIA GeForce RTX 5070 Ti",
  "training_seconds": 162.40843739989214,
  "peak_gpu_memory_bytes": 1536085504,
  "runtime": {
    "operating_system": "Windows-10-10.0.26200-SP0",
    "machine": "AMD64",
    "python": "3.11.16",
    "python_executable": "C:\\Users\\Anthony\\anaconda3\\envs\\strange-matter-gpu\\python.exe",
    "pytorch": "2.11.0+cu128",
    "pytorch_cuda": "12.8",
    "device": "cuda",
    "gpu": "NVIDIA GeForce RTX 5070 Ti"
  },
  "validation_protocol": {
    "kind": "scaffold_cross_validation",
    "fold": 4,
    "folds": 5
  },
  "readout": "differentiable_closed_form_ridge",
  "prediction_mode": "direct",
  "residual_alpha": null,
  "trajectory_pooling": "legacy",
  "ridge_mode": "shared",
  "loss_mode": "hybrid_interval",
  "interval_loss_beta": 0.25,
  "interval_temperature": 0.1,
  "hyperparameters": {
    "ca_lr": 0.0003,
    "ridge": 1.0,
    "ca_l2": 0.0001,
    "gradient_clip": 2.0,
    "update_scale": 0.08,
    "init_scale": 0.5,
    "initial_noise": 0.005,
    "support_fraction": 0.75,
    "bond_temperature": 0.5,
    "dyn_a": 0.5,
    "dyn_b": 0.2,
    "dyn_c": 0.2,
    "dyn_d": 0.3,
    "lr_schedule": "cosine_0.1x"
  }
}
