{"operating_system": "macOS-26.2-arm64-arm-64bit", "machine": "arm64", "python": "3.10.19", "python_executable": "/opt/anaconda3/envs/kcc2/bin/python3.10", "pytorch": "2.8.0", "pytorch_cuda": null, "device": "cpu", "gpu": null}
{"epoch": 1, "train_rmse": 1.1302129882391994, "validation_rmse": 0.9712772965431213, "mean_raw_gradient_norm": 260.360511302948, "fraction_gradients_clipped": 1.0}
{"epoch": 2, "train_rmse": 1.2117560961574636, "validation_rmse": 0.9683659076690674, "mean_raw_gradient_norm": 367.5307528972626, "fraction_gradients_clipped": 1.0}
{"epoch": 3, "train_rmse": 1.1561771761792046, "validation_rmse": 0.9701546430587769, "mean_raw_gradient_norm": 256.8675570487976, "fraction_gradients_clipped": 1.0}
{"epoch": 4, "train_rmse": 1.2313471631223818, "validation_rmse": 0.9663895964622498, "mean_raw_gradient_norm": 374.0668944120407, "fraction_gradients_clipped": 1.0}
{"epoch": 5, "train_rmse": 1.2124549417747823, "validation_rmse": 0.9659249186515808, "mean_raw_gradient_norm": 276.35142838954926, "fraction_gradients_clipped": 1.0}
{
  "seed": 1701,
  "best_validation_rmse": 0.9663895964622498,
  "restored_fit_rmse": 0.9213101267814636,
  "restored_validation_rmse": 0.9663895964622498,
  "epochs_run": 5,
  "fit_observations": 2643,
  "validation_observations": 670,
  "rule": "delayed_memory",
  "generations": 500,
  "hidden_channels": 8,
  "device": "cpu",
  "gpu": null,
  "training_seconds": 307.4043836250203,
  "peak_gpu_memory_bytes": 0,
  "runtime": {
    "operating_system": "macOS-26.2-arm64-arm-64bit",
    "machine": "arm64",
    "python": "3.10.19",
    "python_executable": "/opt/anaconda3/envs/kcc2/bin/python3.10",
    "pytorch": "2.8.0",
    "pytorch_cuda": null,
    "device": "cpu",
    "gpu": null
  },
  "readout": "differentiable_closed_form_ridge",
  "hyperparameters": {
    "ca_lr": 0.001,
    "ridge": 0.01,
    "ca_l2": 1e-06,
    "gradient_clip": 1.0,
    "update_scale": 0.4,
    "init_scale": 1.5,
    "initial_noise": 0.005,
    "support_fraction": 0.75,
    "bond_temperature": 0.5,
    "dyn_a": 0.5,
    "dyn_b": 0.5,
    "dyn_c": 0.5,
    "dyn_d": 0.05,
    "lr_schedule": "cosine_0.1x"
  }
}
