{"operating_system": "Windows-10-10.0.26200-SP0", "machine": "AMD64", "python": "3.11.16", "python_executable": "C:\\Users\\Anthony\\anaconda3\\envs\\strange-matter-gpu\\python.exe", "pytorch": "2.11.0+cu128", "pytorch_cuda": "12.8", "device": "cuda", "gpu": "NVIDIA GeForce RTX 5070 Ti"}
{"epoch": 1, "train_rmse": 1.0703006809301516, "validation_rmse": 0.8481205105781555, "validation_ma_st_rae": 0.9593261440670855, "validation_CYP1A2_st_rae": 1.0246181106564194, "validation_CYP2C9_st_rae": 0.8191498535582477, "validation_CYP2D6_st_rae": 1.0703081843432884, "validation_CYP3A4_st_rae": 0.9232284277103866, "mean_raw_gradient_norm": 9.241804599761963, "fraction_gradients_clipped": 1.0}
{"epoch": 2, "train_rmse": 1.1939521585782802, "validation_rmse": 0.8497799634933472, "validation_ma_st_rae": 0.9613303162808616, "validation_CYP1A2_st_rae": 1.0316072212018772, "validation_CYP2C9_st_rae": 0.8141298992781473, "validation_CYP2D6_st_rae": 1.0751011211534927, "validation_CYP3A4_st_rae": 0.9244830234899296, "mean_raw_gradient_norm": 10.805331230163574, "fraction_gradients_clipped": 1.0}
{"epoch": 3, "train_rmse": 1.178512852774361, "validation_rmse": 0.8501559495925903, "validation_ma_st_rae": 0.9616743564845129, "validation_CYP1A2_st_rae": 1.0329296605989657, "validation_CYP2C9_st_rae": 0.8127897523021338, "validation_CYP2D6_st_rae": 1.0753004708558478, "validation_CYP3A4_st_rae": 0.9256775421811048, "mean_raw_gradient_norm": 8.624181747436523, "fraction_gradients_clipped": 1.0}
{
  "seed": 1701,
  "selection_metric": "validation_ma_st_rae",
  "best_validation_ma_st_rae": 0.9593261440670855,
  "best_validation_rmse": 0.8481205105781555,
  "restored_fit_rmse": 0.9003995060920715,
  "restored_validation_rmse": 0.8481220602989197,
  "restored_fit_ma_st_rae": 0.8279785191505706,
  "restored_validation_ma_st_rae": 0.97734313679308,
  "restored_validation_point_ma_st_rae": 0.959326108446093,
  "restored_validation_point_st_rae_by_cyp": {
    "CYP1A2": 1.0246161058931262,
    "CYP2C9": 0.8191484087406758,
    "CYP2D6": 1.0703156038499875,
    "CYP3A4": 0.9232243153005828
  },
  "restored_fit_st_rae_by_cyp": {
    "CYP1A2": 0.8234656682095148,
    "CYP2C9": 0.711677289517178,
    "CYP2D6": 0.9984351839240919,
    "CYP3A4": 0.7783359349514974
  },
  "restored_validation_st_rae_by_cyp": {
    "CYP1A2": 1.0338707270701215,
    "CYP2C9": 0.8510155843363134,
    "CYP2D6": 1.0872717005343584,
    "CYP3A4": 0.9372145352315265
  },
  "validation_bootstrap_metrics": {
    "n_bootstrap_samples": 1000,
    "seed": 0,
    "macro": {
      "st_rae": {
        "mean": 0.97734313679308,
        "ci_low": 0.8540324986200181,
        "ci_high": 1.1092653359375801
      },
      "mae": {
        "mean": 0.6454292537708277,
        "ci_low": 0.5826276176709956,
        "ci_high": 0.7108697657853972
      },
      "r2": {
        "mean": 0.10142538176735501,
        "ci_low": -0.021586045383963873,
        "ci_high": 0.2064448259698576
      },
      "spearman_rho": {
        "mean": 0.3933488691567429,
        "ci_low": 0.2855303213949874,
        "ci_high": 0.48890633561134655
      },
      "kendall_tau": {
        "mean": 0.2756330799976283,
        "ci_low": 0.19652437423743474,
        "ci_high": 0.3469353824433062
      }
    },
    "per_endpoint": {
      "CYP1A2": {
        "st_rae": {
          "mean": 1.0338707270701215,
          "ci_low": 0.7617360250664963,
          "ci_high": 1.362760931405605
        },
        "mae": {
          "mean": 0.6748685612913038,
          "ci_low": 0.5265063681563393,
          "ci_high": 0.8425631311096129
        },
        "r2": {
          "mean": 0.1267272951691163,
          "ci_low": -0.13525618048754157,
          "ci_high": 0.3268762738311758
        },
        "spearman_rho": {
          "mean": 0.45158267295833066,
          "ci_low": 0.2171951238987405,
          "ci_high": 0.6470696388150518
        },
        "kendall_tau": {
          "mean": 0.3221715533992431,
          "ci_low": 0.15422901135823208,
          "ci_high": 0.47927294963310535
        }
      },
      "CYP2C9": {
        "st_rae": {
          "mean": 0.8510155843363134,
          "ci_low": 0.58062460023731,
          "ci_high": 1.1855944523183253
        },
        "mae": {
          "mean": 0.5311792924880981,
          "ci_low": 0.432535745104154,
          "ci_high": 0.633794760008653
        },
        "r2": {
          "mean": 0.16741126683525573,
          "ci_low": -0.12061911459350788,
          "ci_high": 0.3899721478919252
        },
        "spearman_rho": {
          "mean": 0.4620316096678011,
          "ci_low": 0.23096882452808407,
          "ci_high": 0.6528448997853813
        },
        "kendall_tau": {
          "mean": 0.32396257952254354,
          "ci_low": 0.1604850481117242,
          "ci_high": 0.4787336186959203
        }
      },
      "CYP2D6": {
        "st_rae": {
          "mean": 1.0872717005343584,
          "ci_low": 0.8992120093571819,
          "ci_high": 1.3197088481835724
        },
        "mae": {
          "mean": 0.5924277577546926,
          "ci_low": 0.472139186492333,
          "ci_high": 0.7260605115156907
        },
        "r2": {
          "mean": -0.052827594560151014,
          "ci_low": -0.3526463609187202,
          "ci_high": 0.14699700623346687
        },
        "spearman_rho": {
          "mean": 0.24391535421803895,
          "ci_low": -0.01042748132486201,
          "ci_high": 0.4603034536565199
        },
        "kendall_tau": {
          "mean": 0.17062211844657324,
          "ci_low": -0.010210539953620116,
          "ci_high": 0.33433675966715615
        }
      },
      "CYP3A4": {
        "st_rae": {
          "mean": 0.9372145352315265,
          "ci_low": 0.754514174038232,
          "ci_high": 1.1751052381023896
        },
        "mae": {
          "mean": 0.7832414035492166,
          "ci_low": 0.6784472524426705,
          "ci_high": 0.9007948072150697
        },
        "r2": {
          "mean": 0.164390559625199,
          "ci_low": -0.021094669846156204,
          "ci_high": 0.3101225868929669
        },
        "spearman_rho": {
          "mean": 0.4158658397828009,
          "ci_low": 0.22870323428326664,
          "ci_high": 0.5844867003585107
        },
        "kendall_tau": {
          "mean": 0.2857760686221534,
          "ci_low": 0.15595092490074952,
          "ci_high": 0.4082520868272062
        }
      }
    }
  },
  "epochs_run": 3,
  "fit_observations": 806,
  "validation_observations": 272,
  "rule": "damped_symplectic",
  "generations": 125,
  "hidden_channels": 16,
  "atom_feature_profile": "electronic",
  "atom_feature_count": 33,
  "atom_feature_names": [
    "element_H",
    "element_C",
    "element_N",
    "element_O",
    "element_F",
    "element_P",
    "element_S",
    "element_Cl",
    "element_Br",
    "element_I",
    "element_other",
    "formal_charge",
    "aromatic",
    "hybrid_sp",
    "hybrid_sp2",
    "hybrid_sp3",
    "hybrid_other",
    "degree",
    "total_hydrogens",
    "in_ring",
    "hbond_donor",
    "hbond_acceptor",
    "chiral_cw",
    "chiral_ccw",
    "chiral_other",
    "electronegativity",
    "polarizability",
    "heteroatom",
    "halogen",
    "conjugated_bond_fraction",
    "first_ionization_energy",
    "electron_affinity",
    "electronic_property_missing"
  ],
  "device": "cuda",
  "gpu": "NVIDIA GeForce RTX 5070 Ti",
  "training_seconds": 8.232687100069597,
  "peak_gpu_memory_bytes": 597423616,
  "runtime": {
    "operating_system": "Windows-10-10.0.26200-SP0",
    "machine": "AMD64",
    "python": "3.11.16",
    "python_executable": "C:\\Users\\Anthony\\anaconda3\\envs\\strange-matter-gpu\\python.exe",
    "pytorch": "2.11.0+cu128",
    "pytorch_cuda": "12.8",
    "device": "cuda",
    "gpu": "NVIDIA GeForce RTX 5070 Ti"
  },
  "validation_protocol": {
    "kind": "scaffold_cross_validation",
    "fold": 0,
    "folds": 5
  },
  "readout": "differentiable_closed_form_ridge",
  "hyperparameters": {
    "ca_lr": 0.0003,
    "ridge": 1.0,
    "ca_l2": 1e-05,
    "gradient_clip": 1.0,
    "update_scale": 0.08,
    "init_scale": 1.0,
    "initial_noise": 0.0,
    "support_fraction": 0.6,
    "bond_temperature": 2.0,
    "dyn_a": 0.5,
    "dyn_b": 0.2,
    "dyn_c": 0.5,
    "dyn_d": 0.05,
    "lr_schedule": "cosine_0.1x"
  }
}
