{"operating_system": "Windows-10-10.0.26200-SP0", "machine": "AMD64", "python": "3.11.16", "python_executable": "C:\\Users\\Anthony\\anaconda3\\envs\\strange-matter-gpu\\python.exe", "pytorch": "2.11.0+cu128", "pytorch_cuda": "12.8", "device": "cuda", "gpu": "NVIDIA GeForce RTX 5070 Ti"}
{"epoch": 1, "train_rmse": 12.664128892545808, "validation_rmse": 0.8481736183166504, "validation_ma_st_rae": 0.9771964508697258, "validation_CYP1A2_st_rae": 1.03441736554136, "validation_CYP2C9_st_rae": 0.986701894962402, "validation_CYP2D6_st_rae": 1.0673934286143725, "validation_CYP3A4_st_rae": 0.8202731143607687, "mean_raw_gradient_norm": 168611.27564620972, "fraction_gradients_clipped": 1.0}
{"epoch": 2, "train_rmse": 1.417146823562458, "validation_rmse": 0.8509501218795776, "validation_ma_st_rae": 0.9900500365964812, "validation_CYP1A2_st_rae": 1.060216161223078, "validation_CYP2C9_st_rae": 1.0350978697761755, "validation_CYP2D6_st_rae": 1.0479606391733982, "validation_CYP3A4_st_rae": 0.816925476213273, "mean_raw_gradient_norm": 252.10631713867187, "fraction_gradients_clipped": 1.0}
{"epoch": 3, "train_rmse": 1.6318837401375754, "validation_rmse": 0.8496459126472473, "validation_ma_st_rae": 0.9952659871061775, "validation_CYP1A2_st_rae": 1.0356588947118774, "validation_CYP2C9_st_rae": 1.08461310245672, "validation_CYP2D6_st_rae": 1.0533570697204484, "validation_CYP3A4_st_rae": 0.8074348815356646, "mean_raw_gradient_norm": 402.944261932373, "fraction_gradients_clipped": 1.0}
{
  "seed": 1701,
  "selection_metric": "validation_ma_st_rae",
  "best_validation_ma_st_rae": 0.9771964508697258,
  "best_validation_rmse": 0.8481736183166504,
  "restored_fit_rmse": 0.9394059181213379,
  "restored_validation_rmse": 0.8481783866882324,
  "restored_fit_ma_st_rae": 0.875495114170785,
  "restored_validation_ma_st_rae": 0.9935161231128611,
  "restored_validation_point_ma_st_rae": 0.9771963832575392,
  "restored_validation_point_st_rae_by_cyp": {
    "CYP1A2": 1.0344200114676882,
    "CYP2C9": 0.9866836130133254,
    "CYP2D6": 1.0674027559942227,
    "CYP3A4": 0.8202791525549205
  },
  "restored_fit_st_rae_by_cyp": {
    "CYP1A2": 0.9504768044745691,
    "CYP2C9": 0.8062476003158504,
    "CYP2D6": 0.9383911386026971,
    "CYP3A4": 0.8068649132900234
  },
  "restored_validation_st_rae_by_cyp": {
    "CYP1A2": 1.0391994494248837,
    "CYP2C9": 1.0197205067809159,
    "CYP2D6": 1.0825247250733596,
    "CYP3A4": 0.8326198111722853
  },
  "validation_bootstrap_metrics": {
    "n_bootstrap_samples": 1000,
    "seed": 0,
    "macro": {
      "st_rae": {
        "mean": 0.9935161231128611,
        "ci_low": 0.8803206224699317,
        "ci_high": 1.1177566516982933
      },
      "mae": {
        "mean": 0.6538012468955157,
        "ci_low": 0.594025658694898,
        "ci_high": 0.718982361473456
      },
      "r2": {
        "mean": 0.052192052378080805,
        "ci_low": -0.05655213181520255,
        "ci_high": 0.15717994910407357
      },
      "spearman_rho": {
        "mean": 0.3410641072109328,
        "ci_low": 0.22611944561452488,
        "ci_high": 0.45312765408179706
      },
      "kendall_tau": {
        "mean": 0.2366298634876749,
        "ci_low": 0.15674987598791193,
        "ci_high": 0.31447424188518813
      }
    },
    "per_endpoint": {
      "CYP1A2": {
        "st_rae": {
          "mean": 1.0391994494248837,
          "ci_low": 0.8060849212202342,
          "ci_high": 1.3431350852232031
        },
        "mae": {
          "mean": 0.6956769860220737,
          "ci_low": 0.5537283641393068,
          "ci_high": 0.851164275407791
        },
        "r2": {
          "mean": 0.1693023056951946,
          "ci_low": -0.06245935408586727,
          "ci_high": 0.3227462967392343
        },
        "spearman_rho": {
          "mean": 0.46166239830348416,
          "ci_low": 0.23614815236470768,
          "ci_high": 0.6400721846658783
        },
        "kendall_tau": {
          "mean": 0.3155998540218167,
          "ci_low": 0.1507573490403058,
          "ci_high": 0.4494790072489193
        }
      },
      "CYP2C9": {
        "st_rae": {
          "mean": 1.0197205067809159,
          "ci_low": 0.7436471880412971,
          "ci_high": 1.325650539797686
        },
        "mae": {
          "mean": 0.5680813024481137,
          "ci_low": 0.45032834768295293,
          "ci_high": 0.6895418662826219
        },
        "r2": {
          "mean": -0.04949892868843698,
          "ci_low": -0.36917092393148715,
          "ci_high": 0.2272153295991624
        },
        "spearman_rho": {
          "mean": 0.24210938380659747,
          "ci_low": -0.022979393350312304,
          "ci_high": 0.5080079739786998
        },
        "kendall_tau": {
          "mean": 0.1720199485152726,
          "ci_low": -0.01950290182710555,
          "ci_high": 0.3655200254544008
        }
      },
      "CYP2D6": {
        "st_rae": {
          "mean": 1.0825247250733596,
          "ci_low": 0.888650136289219,
          "ci_high": 1.2775306891987146
        },
        "mae": {
          "mean": 0.6086485622039208,
          "ci_low": 0.47217005041929394,
          "ci_high": 0.7641195774078369
        },
        "r2": {
          "mean": -0.18829931557142945,
          "ci_low": -0.41858391227138264,
          "ci_high": 0.023391265168922024
        },
        "spearman_rho": {
          "mean": 0.11064214503347676,
          "ci_low": -0.11722032922823905,
          "ci_high": 0.3585359403340277
        },
        "kendall_tau": {
          "mean": 0.07612510644247135,
          "ci_low": -0.08257104289432707,
          "ci_high": 0.25195109244291714
        }
      },
      "CYP3A4": {
        "st_rae": {
          "mean": 0.8326198111722853,
          "ci_low": 0.6774841498373146,
          "ci_high": 1.0439700192641737
        },
        "mae": {
          "mean": 0.7427981369079546,
          "ci_low": 0.6459259413009466,
          "ci_high": 0.845691610214322
        },
        "r2": {
          "mean": 0.27726414807699507,
          "ci_low": 0.15624798059149875,
          "ci_high": 0.38368603302393944
        },
        "spearman_rho": {
          "mean": 0.5498425017001728,
          "ci_low": 0.39361175263274056,
          "ci_high": 0.6855341001323252
        },
        "kendall_tau": {
          "mean": 0.3827745449711389,
          "ci_low": 0.2662699783321014,
          "ci_high": 0.4889238451102408
        }
      }
    }
  },
  "epochs_run": 3,
  "fit_observations": 806,
  "validation_observations": 272,
  "rule": "delayed_memory",
  "generations": 500,
  "hidden_channels": 8,
  "atom_feature_profile": "periodic",
  "atom_feature_count": 33,
  "atom_feature_names": [
    "element_H",
    "element_C",
    "element_N",
    "element_O",
    "element_F",
    "element_P",
    "element_S",
    "element_Cl",
    "element_Br",
    "element_I",
    "element_other",
    "formal_charge",
    "aromatic",
    "hybrid_sp",
    "hybrid_sp2",
    "hybrid_sp3",
    "hybrid_other",
    "degree",
    "total_hydrogens",
    "in_ring",
    "hbond_donor",
    "hbond_acceptor",
    "chiral_cw",
    "chiral_ccw",
    "chiral_other",
    "atomic_number",
    "atomic_mass",
    "covalent_radius",
    "vdw_radius",
    "outer_electrons",
    "period",
    "periodic_group",
    "atomic_volume"
  ],
  "device": "cuda",
  "gpu": "NVIDIA GeForce RTX 5070 Ti",
  "training_seconds": 36.39622120000422,
  "peak_gpu_memory_bytes": 592694272,
  "runtime": {
    "operating_system": "Windows-10-10.0.26200-SP0",
    "machine": "AMD64",
    "python": "3.11.16",
    "python_executable": "C:\\Users\\Anthony\\anaconda3\\envs\\strange-matter-gpu\\python.exe",
    "pytorch": "2.11.0+cu128",
    "pytorch_cuda": "12.8",
    "device": "cuda",
    "gpu": "NVIDIA GeForce RTX 5070 Ti"
  },
  "validation_protocol": {
    "kind": "scaffold_cross_validation",
    "fold": 0,
    "folds": 5
  },
  "readout": "differentiable_closed_form_ridge",
  "prediction_mode": "direct",
  "residual_alpha": null,
  "trajectory_pooling": "legacy",
  "ridge_mode": "shared",
  "loss_mode": "mse",
  "interval_loss_beta": 0.0,
  "interval_temperature": 0.02,
  "hyperparameters": {
    "ca_lr": 0.001,
    "ridge": 0.01,
    "ca_l2": 0.0001,
    "gradient_clip": 1.0,
    "update_scale": 0.15,
    "init_scale": 1.0,
    "initial_noise": 0.01,
    "support_fraction": 0.75,
    "bond_temperature": 1.0,
    "dyn_a": 0.2,
    "dyn_b": 0.5,
    "dyn_c": 0.2,
    "dyn_d": 0.05,
    "lr_schedule": "cosine_0.1x"
  }
}
