{"operating_system": "Windows-10-10.0.26200-SP0", "machine": "AMD64", "python": "3.11.16", "python_executable": "C:\\Users\\Anthony\\anaconda3\\envs\\strange-matter-gpu\\python.exe", "pytorch": "2.11.0+cu128", "pytorch_cuda": "12.8", "device": "cuda", "gpu": "NVIDIA GeForce RTX 5070 Ti"}
{"epoch": 1, "train_rmse": 1.1491013140363122, "validation_rmse": 0.8718383312225342, "validation_ma_st_rae": 1.010571303333584, "validation_CYP1A2_st_rae": 1.1101321454007216, "validation_CYP2C9_st_rae": 0.9098981221218194, "validation_CYP2D6_st_rae": 1.2587660635698283, "validation_CYP3A4_st_rae": 0.7634888822419661, "mean_raw_gradient_norm": 24.00185701370239, "fraction_gradients_clipped": 1.0}
{"epoch": 2, "train_rmse": 1.1098189736374873, "validation_rmse": 0.8549129366874695, "validation_ma_st_rae": 0.9839449021944168, "validation_CYP1A2_st_rae": 1.1075849526386894, "validation_CYP2C9_st_rae": 0.8533740173047304, "validation_CYP2D6_st_rae": 1.2596383456333127, "validation_CYP3A4_st_rae": 0.7151822932009346, "mean_raw_gradient_norm": 10.358453884124756, "fraction_gradients_clipped": 1.0}
{"epoch": 3, "train_rmse": 1.0717072760385657, "validation_rmse": 0.8658895492553711, "validation_ma_st_rae": 0.9981636402076504, "validation_CYP1A2_st_rae": 1.1220228409836281, "validation_CYP2C9_st_rae": 0.9063748553246933, "validation_CYP2D6_st_rae": 1.246842986720583, "validation_CYP3A4_st_rae": 0.7174138778016973, "mean_raw_gradient_norm": 10.349287986755371, "fraction_gradients_clipped": 1.0}
{"epoch": 4, "train_rmse": 1.0452425277091297, "validation_rmse": 0.8465756773948669, "validation_ma_st_rae": 0.9739472962509309, "validation_CYP1A2_st_rae": 1.0877077805523536, "validation_CYP2C9_st_rae": 0.8857724122489804, "validation_CYP2D6_st_rae": 1.230271030811082, "validation_CYP3A4_st_rae": 0.6920379613913074, "mean_raw_gradient_norm": 9.588085432052612, "fraction_gradients_clipped": 1.0}
{"epoch": 5, "train_rmse": 1.063283614659552, "validation_rmse": 0.846782386302948, "validation_ma_st_rae": 0.9672193725518048, "validation_CYP1A2_st_rae": 1.1015667346954818, "validation_CYP2C9_st_rae": 0.8307146005437777, "validation_CYP2D6_st_rae": 1.2509374538898648, "validation_CYP3A4_st_rae": 0.6856587010780948, "mean_raw_gradient_norm": 7.582782545089722, "fraction_gradients_clipped": 1.0}
{"epoch": 6, "train_rmse": 1.0288806802086263, "validation_rmse": 0.8440861105918884, "validation_ma_st_rae": 0.960687737794423, "validation_CYP1A2_st_rae": 1.065373497070193, "validation_CYP2C9_st_rae": 0.8044565795386235, "validation_CYP2D6_st_rae": 1.282649902289957, "validation_CYP3A4_st_rae": 0.6902709722789184, "mean_raw_gradient_norm": 5.945012760162354, "fraction_gradients_clipped": 1.0}
{"epoch": 7, "train_rmse": 1.1100641883131661, "validation_rmse": 0.8433147072792053, "validation_ma_st_rae": 0.9654015441347894, "validation_CYP1A2_st_rae": 1.067415862667783, "validation_CYP2C9_st_rae": 0.8136441988394078, "validation_CYP2D6_st_rae": 1.2880467698571285, "validation_CYP3A4_st_rae": 0.6924993451748387, "mean_raw_gradient_norm": 6.315937175750732, "fraction_gradients_clipped": 0.96}
{"epoch": 8, "train_rmse": 1.0153975721924184, "validation_rmse": 0.844161331653595, "validation_ma_st_rae": 0.9667982323856367, "validation_CYP1A2_st_rae": 1.0494410932184741, "validation_CYP2C9_st_rae": 0.8122738209029591, "validation_CYP2D6_st_rae": 1.2946958608395818, "validation_CYP3A4_st_rae": 0.7107821545815316, "mean_raw_gradient_norm": 4.153746609687805, "fraction_gradients_clipped": 0.92}
{
  "seed": 2909,
  "selection_metric": "validation_ma_st_rae",
  "best_validation_ma_st_rae": 0.960687737794423,
  "best_validation_rmse": 0.8440861105918884,
  "restored_fit_rmse": 0.9065660834312439,
  "restored_validation_rmse": 0.8442426323890686,
  "restored_fit_ma_st_rae": 0.946045026404123,
  "restored_validation_ma_st_rae": 0.964726202216678,
  "restored_validation_point_ma_st_rae": 0.9604391820167775,
  "restored_validation_point_st_rae_by_cyp": {
    "CYP1A2": 1.0663434150231497,
    "CYP2C9": 0.8030140798447604,
    "CYP2D6": 1.2810609246055893,
    "CYP3A4": 0.6913383085936103
  },
  "restored_fit_st_rae_by_cyp": {
    "CYP1A2": 1.0408905951241767,
    "CYP2C9": 0.8610864778923116,
    "CYP2D6": 1.1851859391666753,
    "CYP3A4": 0.6970170934333286
  },
  "restored_validation_st_rae_by_cyp": {
    "CYP1A2": 1.0725291989190704,
    "CYP2C9": 0.8065378866389739,
    "CYP2D6": 1.287048984123888,
    "CYP3A4": 0.6927887391847796
  },
  "validation_bootstrap_metrics": {
    "n_bootstrap_samples": 1000,
    "seed": 0,
    "macro": {
      "st_rae": {
        "mean": 0.964726202216678,
        "ci_low": 0.8958018532518093,
        "ci_high": 1.0385105895784197
      },
      "mae": {
        "mean": 0.6350904624651732,
        "ci_low": 0.6042336334861761,
        "ci_high": 0.6679978290774558
      },
      "r2": {
        "mean": 0.09044129108129131,
        "ci_low": 0.015630716487242284,
        "ci_high": 0.15546832575282785
      },
      "spearman_rho": {
        "mean": 0.420861772137752,
        "ci_low": 0.3639155229658505,
        "ci_high": 0.4755732175965599
      },
      "kendall_tau": {
        "mean": 0.296032581752189,
        "ci_low": 0.2544806321609687,
        "ci_high": 0.3355996206547609
      }
    },
    "per_endpoint": {
      "CYP1A2": {
        "st_rae": {
          "mean": 1.0725291989190704,
          "ci_low": 0.9077872382131541,
          "ci_high": 1.2683878831774256
        },
        "mae": {
          "mean": 0.6825793753717396,
          "ci_low": 0.6070575078328451,
          "ci_high": 0.7647419220155423
        },
        "r2": {
          "mean": 0.08900283406530153,
          "ci_low": -0.08171599527521861,
          "ci_high": 0.24065280965359248
        },
        "spearman_rho": {
          "mean": 0.4671645399314778,
          "ci_low": 0.3596832394891833,
          "ci_high": 0.5750448281706328
        },
        "kendall_tau": {
          "mean": 0.32708575454534333,
          "ci_low": 0.24735586326559622,
          "ci_high": 0.410493007442358
        }
      },
      "CYP2C9": {
        "st_rae": {
          "mean": 0.8065378866389739,
          "ci_low": 0.6678901182114855,
          "ci_high": 0.9736687063204429
        },
        "mae": {
          "mean": 0.4909795803265638,
          "ci_low": 0.4401798254608559,
          "ci_high": 0.5430358465091424
        },
        "r2": {
          "mean": 0.3088073664865833,
          "ci_low": 0.17188149917700976,
          "ci_high": 0.4212181794578619
        },
        "spearman_rho": {
          "mean": 0.5126189936583588,
          "ci_low": 0.39629594754204195,
          "ci_high": 0.6170437136510993
        },
        "kendall_tau": {
          "mean": 0.3660139484896145,
          "ci_low": 0.2780084967318819,
          "ci_high": 0.44820206046354255
        }
      },
      "CYP2D6": {
        "st_rae": {
          "mean": 1.287048984123888,
          "ci_low": 1.1490661111441287,
          "ci_high": 1.4230508952767373
        },
        "mae": {
          "mean": 0.666778434536396,
          "ci_low": 0.5957747024348659,
          "ci_high": 0.7431629374495937
        },
        "r2": {
          "mean": -0.3295930220783379,
          "ci_low": -0.5156140333644691,
          "ci_high": -0.15964901674482312
        },
        "spearman_rho": {
          "mean": 0.12035254255129509,
          "ci_low": -0.014950174097312183,
          "ci_high": 0.24442759023088273
        },
        "kendall_tau": {
          "mean": 0.07767891545836644,
          "ci_low": -0.011333113218454326,
          "ci_high": 0.1592041267501842
        }
      },
      "CYP3A4": {
        "st_rae": {
          "mean": 0.6927887391847796,
          "ci_low": 0.6245042211190843,
          "ci_high": 0.7615837239258191
        },
        "mae": {
          "mean": 0.7000244596259934,
          "ci_low": 0.64717050327377,
          "ci_high": 0.7516358350905088
        },
        "r2": {
          "mean": 0.29354798585161834,
          "ci_low": 0.2126520136573835,
          "ci_high": 0.3731065264728912
        },
        "spearman_rho": {
          "mean": 0.5833110124098764,
          "ci_low": 0.508456829647336,
          "ci_high": 0.655559818516115
        },
        "kendall_tau": {
          "mean": 0.41335170851543157,
          "ci_low": 0.3532922138662855,
          "ci_high": 0.472851778562698
        }
      }
    }
  },
  "epochs_run": 8,
  "fit_observations": 4179,
  "validation_observations": 1037,
  "rule": "conservative_graph_flux",
  "generations": 250,
  "hidden_channels": 16,
  "atom_feature_profile": "comprehensive",
  "atom_feature_count": 57,
  "atom_feature_names": [
    "element_H",
    "element_C",
    "element_N",
    "element_O",
    "element_F",
    "element_P",
    "element_S",
    "element_Cl",
    "element_Br",
    "element_I",
    "element_other",
    "formal_charge",
    "aromatic",
    "hybrid_sp",
    "hybrid_sp2",
    "hybrid_sp3",
    "hybrid_other",
    "degree",
    "total_hydrogens",
    "in_ring",
    "hbond_donor",
    "hbond_acceptor",
    "chiral_cw",
    "chiral_ccw",
    "chiral_other",
    "atomic_number",
    "atomic_mass",
    "covalent_radius",
    "vdw_radius",
    "outer_electrons",
    "period",
    "periodic_group",
    "atomic_volume",
    "total_valence",
    "implicit_valence",
    "heavy_atom_degree",
    "radical_electrons",
    "absolute_formal_charge",
    "electronegativity",
    "polarizability",
    "heteroatom",
    "halogen",
    "conjugated_bond_fraction",
    "first_ionization_energy",
    "electron_affinity",
    "electronic_property_missing",
    "ring_count",
    "ring_size_3",
    "ring_size_4",
    "ring_size_5",
    "ring_size_6",
    "ring_size_7",
    "ring_size_8_plus",
    "mean_neighbour_electronegativity",
    "electronegativity_difference",
    "mean_neighbour_atomic_number",
    "neighbour_formal_charge"
  ],
  "device": "cuda",
  "gpu": "NVIDIA GeForce RTX 5070 Ti",
  "training_seconds": 296.3206304999767,
  "peak_gpu_memory_bytes": 840931840,
  "runtime": {
    "operating_system": "Windows-10-10.0.26200-SP0",
    "machine": "AMD64",
    "python": "3.11.16",
    "python_executable": "C:\\Users\\Anthony\\anaconda3\\envs\\strange-matter-gpu\\python.exe",
    "pytorch": "2.11.0+cu128",
    "pytorch_cuda": "12.8",
    "device": "cuda",
    "gpu": "NVIDIA GeForce RTX 5070 Ti"
  },
  "validation_protocol": {
    "kind": "scaffold_cross_validation",
    "fold": 0,
    "folds": 5
  },
  "readout": "differentiable_closed_form_ridge",
  "hyperparameters": {
    "ca_lr": 0.003,
    "ridge": 1.0,
    "ca_l2": 1e-06,
    "gradient_clip": 2.0,
    "update_scale": 0.15,
    "init_scale": 1.5,
    "initial_noise": 0.0,
    "support_fraction": 0.85,
    "bond_temperature": 0.5,
    "dyn_a": 0.5,
    "dyn_b": 0.2,
    "dyn_c": 0.5,
    "dyn_d": 0.05,
    "lr_schedule": "cosine_0.1x"
  }
}
