{"device": "cuda", "gpu": "NVIDIA GeForce RTX 5070 Ti", "pytorch": "2.11.0+cu128", "pytorch_cuda": "12.8"}
{"epoch": 1, "train_rmse": 1.024737995648572, "validation_rmse": 0.9018867611885071, "mean_raw_gradient_norm": 15.432705025519095, "fraction_gradients_clipped": 1.0}
{"epoch": 2, "train_rmse": 1.003767498202559, "validation_rmse": 0.9042442440986633, "mean_raw_gradient_norm": 8.205468608487037, "fraction_gradients_clipped": 1.0}
{"epoch": 3, "train_rmse": 0.9668432826657751, "validation_rmse": 0.9045078158378601, "mean_raw_gradient_norm": 5.018074297135876, "fraction_gradients_clipped": 1.0}
{"epoch": 4, "train_rmse": 1.0490985591920117, "validation_rmse": 0.9023074507713318, "mean_raw_gradient_norm": 4.596687539931266, "fraction_gradients_clipped": 1.0}
{"epoch": 5, "train_rmse": 0.9929949173174493, "validation_rmse": 0.8881078362464905, "mean_raw_gradient_norm": 5.105988125647268, "fraction_gradients_clipped": 1.0}
{"epoch": 6, "train_rmse": 1.0633999998309125, "validation_rmse": 0.8947466015815735, "mean_raw_gradient_norm": 10.047686599916027, "fraction_gradients_clipped": 1.0}
{"epoch": 7, "train_rmse": 1.0694787770516765, "validation_rmse": 0.8965355753898621, "mean_raw_gradient_norm": 14.666214281512845, "fraction_gradients_clipped": 1.0}
{"epoch": 8, "train_rmse": 1.1119859314906049, "validation_rmse": 0.8912640810012817, "mean_raw_gradient_norm": 6.653183737108784, "fraction_gradients_clipped": 1.0}
{"epoch": 9, "train_rmse": 1.0232410705271848, "validation_rmse": 0.8954314589500427, "mean_raw_gradient_norm": 7.171162397630753, "fraction_gradients_clipped": 1.0}
{"epoch": 10, "train_rmse": 0.9697100659587813, "validation_rmse": 0.8921558260917664, "mean_raw_gradient_norm": 3.7573593201175814, "fraction_gradients_clipped": 1.0}
{"dynamics_phase": "screen_start", "validation_pairs": 1309}
{"dynamics_phase": "screen_complete", "validation_pairs": 1309}
{
  "seed": 1701,
  "best_validation_rmse": 0.8881078362464905,
  "restored_fit_rmse": 0.8285953998565674,
  "restored_validation_rmse": 0.8881093263626099,
  "epochs_run": 10,
  "fit_observations": 5216,
  "validation_observations": 1309,
  "rule": "inertial_reaction_diffusion",
  "generations": 500,
  "hidden_channels": 16,
  "device": "cuda",
  "gpu": "NVIDIA GeForce RTX 5070 Ti",
  "training_seconds": 538.1817477999721,
  "peak_gpu_memory_bytes": 1973557760,
  "readout": "differentiable_closed_form_ridge",
  "hyperparameters": {
    "ca_lr": 0.003,
    "ridge": 1.0,
    "ca_l2": 1e-05,
    "gradient_clip": 1.0
  },
  "dynamical_analysis": {
    "validation_trajectories_screened": 1309,
    "perturbation_cases": 0,
    "classification_counts": {},
    "perturbation_status": "deferred_after_native_cuda_failure"
  }
}
