{"operating_system": "Windows-10-10.0.26200-SP0", "machine": "AMD64", "python": "3.11.16", "python_executable": "C:\\Users\\Anthony\\anaconda3\\envs\\strange-matter-gpu\\python.exe", "pytorch": "2.11.0+cu128", "pytorch_cuda": "12.8", "device": "cuda", "gpu": "NVIDIA GeForce RTX 5070 Ti"}
{"epoch": 1, "train_rmse": 1.2455447947048863, "validation_rmse": 0.9150422811508179, "validation_ma_st_rae": 0.9435824382876741, "validation_CYP1A2_st_rae": 0.9057901836341452, "validation_CYP2C9_st_rae": 1.0408576116133104, "validation_CYP2D6_st_rae": 0.9900717277240686, "validation_CYP3A4_st_rae": 0.8376102301791726, "mean_raw_gradient_norm": 106.36883610486984, "fraction_gradients_clipped": 1.0}
{"epoch": 2, "train_rmse": 1.238797175095592, "validation_rmse": 0.9080292582511902, "validation_ma_st_rae": 0.9240674577037162, "validation_CYP1A2_st_rae": 0.8679188589409282, "validation_CYP2C9_st_rae": 0.9937913449403566, "validation_CYP2D6_st_rae": 0.9889325851223497, "validation_CYP3A4_st_rae": 0.8456270418112302, "mean_raw_gradient_norm": 147.7926805615425, "fraction_gradients_clipped": 1.0}
{"epoch": 3, "train_rmse": 1.2983354991531324, "validation_rmse": 0.9048317074775696, "validation_ma_st_rae": 0.9268803828188189, "validation_CYP1A2_st_rae": 0.8516657956076586, "validation_CYP2C9_st_rae": 1.0144468146573131, "validation_CYP2D6_st_rae": 0.9994598438143799, "validation_CYP3A4_st_rae": 0.8419490771959239, "mean_raw_gradient_norm": 230.59561693668365, "fraction_gradients_clipped": 1.0}
{"epoch": 4, "train_rmse": 1.242621733914116, "validation_rmse": 0.9112188816070557, "validation_ma_st_rae": 0.9457053808703207, "validation_CYP1A2_st_rae": 0.891678162201883, "validation_CYP2C9_st_rae": 1.0398880297530009, "validation_CYP2D6_st_rae": 0.9937046786900592, "validation_CYP3A4_st_rae": 0.85755065283634, "mean_raw_gradient_norm": 167.30790621042252, "fraction_gradients_clipped": 1.0}
{"epoch": 5, "train_rmse": 1.2817686849357395, "validation_rmse": 0.911579430103302, "validation_ma_st_rae": 0.9320319448682621, "validation_CYP1A2_st_rae": 0.9032566672670772, "validation_CYP2C9_st_rae": 0.9516261327624995, "validation_CYP2D6_st_rae": 1.0065630017949725, "validation_CYP3A4_st_rae": 0.8666819776484994, "mean_raw_gradient_norm": 174.84387028217316, "fraction_gradients_clipped": 1.0}
{
  "seed": 1701,
  "selection_metric": "validation_ma_st_rae",
  "best_validation_ma_st_rae": 0.9240674577037162,
  "best_validation_rmse": 0.9080292582511902,
  "restored_fit_rmse": 0.9090988039970398,
  "restored_validation_rmse": 0.9080421328544617,
  "restored_fit_ma_st_rae": 0.9361825714023555,
  "restored_validation_ma_st_rae": 0.9285863658017952,
  "restored_validation_point_ma_st_rae": 0.9241403325328963,
  "restored_validation_point_st_rae_by_cyp": {
    "CYP1A2": 0.8679318997208156,
    "CYP2C9": 0.9941307807988751,
    "CYP2D6": 0.9888926989330947,
    "CYP3A4": 0.8456059506787998
  },
  "restored_fit_st_rae_by_cyp": {
    "CYP1A2": 0.9149529718604598,
    "CYP2C9": 0.9897672634357296,
    "CYP2D6": 0.9912816258297852,
    "CYP3A4": 0.8487284244834473
  },
  "restored_validation_st_rae_by_cyp": {
    "CYP1A2": 0.8701774447637349,
    "CYP2C9": 1.002435520551352,
    "CYP2D6": 0.9927786442320513,
    "CYP3A4": 0.8489538536600423
  },
  "validation_bootstrap_metrics": {
    "n_bootstrap_samples": 1000,
    "seed": 0,
    "macro": {
      "st_rae": {
        "mean": 0.9285863658017952,
        "ci_low": 0.872781179400982,
        "ci_high": 0.9900410634573048
      },
      "mae": {
        "mean": 0.6729597282790205,
        "ci_low": 0.6273303342191335,
        "ci_high": 0.7196561591648788
      },
      "r2": {
        "mean": 0.1004149093589682,
        "ci_low": 0.044825823726043816,
        "ci_high": 0.1563635101218436
      },
      "spearman_rho": {
        "mean": 0.330591057479748,
        "ci_low": 0.25983970777909476,
        "ci_high": 0.39780396529217926
      },
      "kendall_tau": {
        "mean": 0.22595770572614915,
        "ci_low": 0.17521184993746308,
        "ci_high": 0.27255361889062674
      }
    },
    "per_endpoint": {
      "CYP1A2": {
        "st_rae": {
          "mean": 0.8701774447637349,
          "ci_low": 0.7625482257621926,
          "ci_high": 1.0026006537318457
        },
        "mae": {
          "mean": 0.7433539817944359,
          "ci_low": 0.6429911638928365,
          "ci_high": 0.8577341268334208
        },
        "r2": {
          "mean": 0.15201550375965656,
          "ci_low": 0.030849597664727488,
          "ci_high": 0.2583696345778322
        },
        "spearman_rho": {
          "mean": 0.4465891251672795,
          "ci_low": 0.30358253106051375,
          "ci_high": 0.5671208701613909
        },
        "kendall_tau": {
          "mean": 0.3054125122120123,
          "ci_low": 0.20437669393432537,
          "ci_high": 0.3941834996349477
        }
      },
      "CYP2C9": {
        "st_rae": {
          "mean": 1.002435520551352,
          "ci_low": 0.8351016325118472,
          "ci_high": 1.1819759800101894
        },
        "mae": {
          "mean": 0.5383447997570038,
          "ci_low": 0.464417983860266,
          "ci_high": 0.6145279658622429
        },
        "r2": {
          "mean": 0.03345350038569916,
          "ci_low": -0.14739692106624658,
          "ci_high": 0.18626271923830987
        },
        "spearman_rho": {
          "mean": 0.2565923889564316,
          "ci_low": 0.0785199361688999,
          "ci_high": 0.41591559677909856
        },
        "kendall_tau": {
          "mean": 0.17410453327281997,
          "ci_low": 0.04815974865929323,
          "ci_high": 0.28759025148489353
        }
      },
      "CYP2D6": {
        "st_rae": {
          "mean": 0.9927786442320513,
          "ci_low": 0.9237049536813274,
          "ci_high": 1.0670858314212077
        },
        "mae": {
          "mean": 0.645425915919297,
          "ci_low": 0.5406280583523689,
          "ci_high": 0.7602667659732467
        },
        "r2": {
          "mean": 0.010654010296408077,
          "ci_low": -0.08492266103320631,
          "ci_high": 0.0893880933296349
        },
        "spearman_rho": {
          "mean": 0.16155882978074226,
          "ci_low": -0.006380227909939479,
          "ci_high": 0.3236749492476176
        },
        "kendall_tau": {
          "mean": 0.1084782810247251,
          "ci_low": -0.006426595262935044,
          "ci_high": 0.22272523199578145
        }
      },
      "CYP3A4": {
        "st_rae": {
          "mean": 0.8489538536600423,
          "ci_low": 0.7683495693738684,
          "ci_high": 0.9401838279587376
        },
        "mae": {
          "mean": 0.7647142156453456,
          "ci_low": 0.6963121149625818,
          "ci_high": 0.8327200183802742
        },
        "r2": {
          "mean": 0.20553662299410896,
          "ci_low": 0.12236388616514478,
          "ci_high": 0.2839786442404408
        },
        "spearman_rho": {
          "mean": 0.45762388601453846,
          "ci_low": 0.35143404098205017,
          "ci_high": 0.5628561892752487
        },
        "kendall_tau": {
          "mean": 0.31583549639503933,
          "ci_low": 0.23862290447335666,
          "ci_high": 0.3941832741656614
        }
      }
    }
  },
  "epochs_run": 5,
  "fit_observations": 2636,
  "validation_observations": 657,
  "rule": "damped_symplectic",
  "generations": 500,
  "hidden_channels": 8,
  "atom_feature_profile": "valence_electronic",
  "atom_feature_count": 38,
  "atom_feature_names": [
    "element_H",
    "element_C",
    "element_N",
    "element_O",
    "element_F",
    "element_P",
    "element_S",
    "element_Cl",
    "element_Br",
    "element_I",
    "element_other",
    "formal_charge",
    "aromatic",
    "hybrid_sp",
    "hybrid_sp2",
    "hybrid_sp3",
    "hybrid_other",
    "degree",
    "total_hydrogens",
    "in_ring",
    "hbond_donor",
    "hbond_acceptor",
    "chiral_cw",
    "chiral_ccw",
    "chiral_other",
    "total_valence",
    "implicit_valence",
    "heavy_atom_degree",
    "radical_electrons",
    "absolute_formal_charge",
    "electronegativity",
    "polarizability",
    "heteroatom",
    "halogen",
    "conjugated_bond_fraction",
    "first_ionization_energy",
    "electron_affinity",
    "electronic_property_missing"
  ],
  "device": "cuda",
  "gpu": "NVIDIA GeForce RTX 5070 Ti",
  "training_seconds": 211.92840119998436,
  "peak_gpu_memory_bytes": 615059456,
  "runtime": {
    "operating_system": "Windows-10-10.0.26200-SP0",
    "machine": "AMD64",
    "python": "3.11.16",
    "python_executable": "C:\\Users\\Anthony\\anaconda3\\envs\\strange-matter-gpu\\python.exe",
    "pytorch": "2.11.0+cu128",
    "pytorch_cuda": "12.8",
    "device": "cuda",
    "gpu": "NVIDIA GeForce RTX 5070 Ti"
  },
  "validation_protocol": {
    "kind": "scaffold_cross_validation",
    "fold": 2,
    "folds": 5
  },
  "readout": "differentiable_closed_form_ridge",
  "hyperparameters": {
    "ca_lr": 0.001,
    "ridge": 0.1,
    "ca_l2": 1e-05,
    "gradient_clip": 2.0,
    "update_scale": 0.4,
    "init_scale": 0.5,
    "initial_noise": 0.0,
    "support_fraction": 0.85,
    "bond_temperature": 2.0,
    "dyn_a": 0.2,
    "dyn_b": 0.5,
    "dyn_c": 0.8,
    "dyn_d": 0.3,
    "lr_schedule": "cosine_0.1x"
  }
}
