{"operating_system": "Windows-10-10.0.26200-SP0", "machine": "AMD64", "python": "3.11.16", "python_executable": "C:\\Users\\Anthony\\anaconda3\\envs\\strange-matter-gpu\\python.exe", "pytorch": "2.11.0+cu128", "pytorch_cuda": "12.8", "device": "cuda", "gpu": "NVIDIA GeForce RTX 5070 Ti"}
{"epoch": 1, "train_rmse": 1.0870154031194794, "validation_rmse": 0.9288005232810974, "validation_ma_st_rae": 1.0470267824775552, "validation_CYP1A2_st_rae": 1.1659761966448998, "validation_CYP2C9_st_rae": 0.9489161453216011, "validation_CYP2D6_st_rae": 1.1126657467374315, "validation_CYP3A4_st_rae": 0.9605490412062887, "mean_raw_gradient_norm": 200.38281459808348, "fraction_gradients_clipped": 1.0}
{"epoch": 2, "train_rmse": 1.0719013424007342, "validation_rmse": 0.9192147850990295, "validation_ma_st_rae": 1.0227335199203562, "validation_CYP1A2_st_rae": 1.1412925993224297, "validation_CYP2C9_st_rae": 0.9118954368137953, "validation_CYP2D6_st_rae": 1.0943481985897143, "validation_CYP3A4_st_rae": 0.9433978449554848, "mean_raw_gradient_norm": 42.75997142791748, "fraction_gradients_clipped": 1.0}
{"epoch": 3, "train_rmse": 1.1018368399682594, "validation_rmse": 0.921146810054779, "validation_ma_st_rae": 1.032415169462594, "validation_CYP1A2_st_rae": 1.1823872017965154, "validation_CYP2C9_st_rae": 0.8952693153212105, "validation_CYP2D6_st_rae": 1.1035050191984839, "validation_CYP3A4_st_rae": 0.9484991415341661, "mean_raw_gradient_norm": 49.25752258300781, "fraction_gradients_clipped": 1.0}
{
  "seed": 1701,
  "selection_metric": "validation_ma_st_rae",
  "best_validation_ma_st_rae": 1.0227335199203562,
  "best_validation_rmse": 0.9192147850990295,
  "restored_fit_rmse": 1.005260944366455,
  "restored_validation_rmse": 0.9192096590995789,
  "restored_fit_ma_st_rae": 0.9755476464705058,
  "restored_validation_ma_st_rae": 1.033930998717497,
  "restored_validation_point_ma_st_rae": 1.0227464379115034,
  "restored_validation_point_st_rae_by_cyp": {
    "CYP1A2": 1.1413967747699434,
    "CYP2C9": 0.9118898864254997,
    "CYP2D6": 1.0943118844823918,
    "CYP3A4": 0.9433872059681788
  },
  "restored_fit_st_rae_by_cyp": {
    "CYP1A2": 0.9592686386213449,
    "CYP2C9": 0.9459547759987457,
    "CYP2D6": 1.0441073072061868,
    "CYP3A4": 0.9528598640557459
  },
  "restored_validation_st_rae_by_cyp": {
    "CYP1A2": 1.1435230681871764,
    "CYP2C9": 0.9297146920040504,
    "CYP2D6": 1.107921838167539,
    "CYP3A4": 0.9545643965112219
  },
  "validation_bootstrap_metrics": {
    "n_bootstrap_samples": 1000,
    "seed": 0,
    "macro": {
      "st_rae": {
        "mean": 1.033930998717497,
        "ci_low": 0.9543241750697509,
        "ci_high": 1.1221514183479657
      },
      "mae": {
        "mean": 0.6900707561825327,
        "ci_low": 0.6237647867264106,
        "ci_high": 0.7613411428745569
      },
      "r2": {
        "mean": -0.055256229456649236,
        "ci_low": -0.1401985096063105,
        "ci_high": 0.014555845710382893
      },
      "spearman_rho": {
        "mean": 0.08422795680218387,
        "ci_low": -0.036433209662401274,
        "ci_high": 0.2022619261432842
      },
      "kendall_tau": {
        "mean": 0.056386859954658405,
        "ci_low": -0.027134798664876045,
        "ci_high": 0.13997005294036635
      }
    },
    "per_endpoint": {
      "CYP1A2": {
        "st_rae": {
          "mean": 1.1435230681871764,
          "ci_low": 0.9326250863738303,
          "ci_high": 1.388853252512494
        },
        "mae": {
          "mean": 0.7622044197614076,
          "ci_low": 0.6000446259975433,
          "ci_high": 0.9432548267919508
        },
        "r2": {
          "mean": -0.03665726694992707,
          "ci_low": -0.2306771932648335,
          "ci_high": 0.11002690402440518
        },
        "spearman_rho": {
          "mean": 0.17803819945750843,
          "ci_low": -0.09300419307854989,
          "ci_high": 0.4189710326389856
        },
        "kendall_tau": {
          "mean": 0.13594195214336377,
          "ci_low": -0.04219340009089251,
          "ci_high": 0.3058155138271262
        }
      },
      "CYP2C9": {
        "st_rae": {
          "mean": 0.9297146920040504,
          "ci_low": 0.7664434259385754,
          "ci_high": 1.087841592129693
        },
        "mae": {
          "mean": 0.5564119212905566,
          "ci_low": 0.438881099820137,
          "ci_high": 0.6985347315669059
        },
        "r2": {
          "mean": -0.06606145501708648,
          "ci_low": -0.28759486696758685,
          "ci_high": 0.10542222221911401
        },
        "spearman_rho": {
          "mean": 0.2580683380495498,
          "ci_low": -0.0031329071075075383,
          "ci_high": 0.511616991871017
        },
        "kendall_tau": {
          "mean": 0.17491539844861928,
          "ci_low": -0.011083708433304904,
          "ci_high": 0.35514598258231017
        }
      },
      "CYP2D6": {
        "st_rae": {
          "mean": 1.107921838167539,
          "ci_low": 1.0251210480808304,
          "ci_high": 1.222120673911769
        },
        "mae": {
          "mean": 0.614501481811817,
          "ci_low": 0.4905832177859086,
          "ci_high": 0.754840108523002
        },
        "r2": {
          "mean": -0.1603176324768994,
          "ci_low": -0.2947158484218934,
          "ci_high": -0.05677834932258163
        },
        "spearman_rho": {
          "mean": -0.34307496702633455,
          "ci_low": -0.5418850761476408,
          "ci_high": -0.10854682736091611
        },
        "kendall_tau": {
          "mean": -0.2450566489588307,
          "ci_low": -0.39570482502646004,
          "ci_high": -0.07962290698540461
        }
      },
      "CYP3A4": {
        "st_rae": {
          "mean": 0.9545643965112219,
          "ci_low": 0.8522004438101053,
          "ci_high": 1.0986781727592876
        },
        "mae": {
          "mean": 0.8271652018663495,
          "ci_low": 0.7053786860648976,
          "ci_high": 0.9544850613488708
        },
        "r2": {
          "mean": 0.04201143661731602,
          "ci_low": -0.033545113735128314,
          "ci_high": 0.1172391225603718
        },
        "spearman_rho": {
          "mean": 0.24388025672801172,
          "ci_low": 0.05408679966984892,
          "ci_high": 0.4262675288802818
        },
        "kendall_tau": {
          "mean": 0.15974673818548127,
          "ci_low": 0.034264610502998435,
          "ci_high": 0.28694398312596187
        }
      }
    }
  },
  "epochs_run": 3,
  "fit_observations": 806,
  "validation_observations": 272,
  "rule": "kuramoto_sakaguchi",
  "generations": 500,
  "hidden_channels": 4,
  "atom_feature_profile": "electronic_local",
  "atom_feature_count": 37,
  "atom_feature_names": [
    "element_H",
    "element_C",
    "element_N",
    "element_O",
    "element_F",
    "element_P",
    "element_S",
    "element_Cl",
    "element_Br",
    "element_I",
    "element_other",
    "formal_charge",
    "aromatic",
    "hybrid_sp",
    "hybrid_sp2",
    "hybrid_sp3",
    "hybrid_other",
    "degree",
    "total_hydrogens",
    "in_ring",
    "hbond_donor",
    "hbond_acceptor",
    "chiral_cw",
    "chiral_ccw",
    "chiral_other",
    "electronegativity",
    "polarizability",
    "heteroatom",
    "halogen",
    "conjugated_bond_fraction",
    "first_ionization_energy",
    "electron_affinity",
    "electronic_property_missing",
    "mean_neighbour_electronegativity",
    "electronegativity_difference",
    "mean_neighbour_atomic_number",
    "neighbour_formal_charge"
  ],
  "device": "cuda",
  "gpu": "NVIDIA GeForce RTX 5070 Ti",
  "training_seconds": 31.685406900011003,
  "peak_gpu_memory_bytes": 862724608,
  "runtime": {
    "operating_system": "Windows-10-10.0.26200-SP0",
    "machine": "AMD64",
    "python": "3.11.16",
    "python_executable": "C:\\Users\\Anthony\\anaconda3\\envs\\strange-matter-gpu\\python.exe",
    "pytorch": "2.11.0+cu128",
    "pytorch_cuda": "12.8",
    "device": "cuda",
    "gpu": "NVIDIA GeForce RTX 5070 Ti"
  },
  "validation_protocol": {
    "kind": "scaffold_cross_validation",
    "fold": 0,
    "folds": 5
  },
  "readout": "differentiable_closed_form_ridge",
  "prediction_mode": "direct",
  "residual_alpha": null,
  "trajectory_pooling": "legacy",
  "ridge_mode": "shared",
  "loss_mode": "mse",
  "interval_loss_beta": 0.0,
  "interval_temperature": 0.05,
  "hyperparameters": {
    "ca_lr": 0.001,
    "ridge": 1.0,
    "ca_l2": 1e-05,
    "gradient_clip": 1.0,
    "update_scale": 0.08,
    "init_scale": 1.5,
    "initial_noise": 0.0,
    "support_fraction": 0.85,
    "bond_temperature": 1.0,
    "dyn_a": 0.8,
    "dyn_b": 0.8,
    "dyn_c": 0.8,
    "dyn_d": 0.15,
    "lr_schedule": "cosine_0.1x"
  }
}
