{"operating_system": "Windows-10-10.0.26200-SP0", "machine": "AMD64", "python": "3.11.16", "python_executable": "C:\\Users\\Anthony\\anaconda3\\envs\\strange-matter-gpu\\python.exe", "pytorch": "2.11.0+cu128", "pytorch_cuda": "12.8", "device": "cuda", "gpu": "NVIDIA GeForce RTX 5070 Ti"}
{"epoch": 1, "train_rmse": 1.3080746063623836, "validation_rmse": 0.8952803015708923, "validation_ma_st_rae": 0.9174309199630023, "validation_CYP1A2_st_rae": 0.9720279387722137, "validation_CYP2C9_st_rae": 0.8147537911721109, "validation_CYP2D6_st_rae": 1.0838137095221327, "validation_CYP3A4_st_rae": 0.7991282403855519, "mean_raw_gradient_norm": 14.870214268565178, "fraction_gradients_clipped": 1.0}
{"epoch": 2, "train_rmse": 1.2548902512721145, "validation_rmse": 0.8933898210525513, "validation_ma_st_rae": 0.9128867941746984, "validation_CYP1A2_st_rae": 0.9683483785344958, "validation_CYP2C9_st_rae": 0.8093065882015675, "validation_CYP2D6_st_rae": 1.0788369393699795, "validation_CYP3A4_st_rae": 0.7950552705927508, "mean_raw_gradient_norm": 14.855748787522316, "fraction_gradients_clipped": 1.0}
{"epoch": 3, "train_rmse": 1.2438501080968163, "validation_rmse": 0.8932913541793823, "validation_ma_st_rae": 0.9120184440270138, "validation_CYP1A2_st_rae": 0.9691370137316373, "validation_CYP2C9_st_rae": 0.805972003810436, "validation_CYP2D6_st_rae": 1.0771859642007526, "validation_CYP3A4_st_rae": 0.7957787943652297, "mean_raw_gradient_norm": 14.659909501671791, "fraction_gradients_clipped": 1.0}
{"epoch": 4, "train_rmse": 1.1970826999861517, "validation_rmse": 0.8927838206291199, "validation_ma_st_rae": 0.9104400217890847, "validation_CYP1A2_st_rae": 0.9684310038636282, "validation_CYP2C9_st_rae": 0.8046089243101567, "validation_CYP2D6_st_rae": 1.0731062135678522, "validation_CYP3A4_st_rae": 0.7956139454147014, "mean_raw_gradient_norm": 12.31313170492649, "fraction_gradients_clipped": 1.0}
{"epoch": 5, "train_rmse": 1.2487654018060796, "validation_rmse": 0.8923214673995972, "validation_ma_st_rae": 0.9096255545582115, "validation_CYP1A2_st_rae": 0.9675925474027514, "validation_CYP2C9_st_rae": 0.8041282674998385, "validation_CYP2D6_st_rae": 1.0718834673405742, "validation_CYP3A4_st_rae": 0.7948979359896822, "mean_raw_gradient_norm": 12.57097540795803, "fraction_gradients_clipped": 1.0}
{
  "seed": 1701,
  "selection_metric": "validation_ma_st_rae",
  "best_validation_ma_st_rae": 0.9096255545582115,
  "best_validation_rmse": 0.8923214673995972,
  "restored_fit_rmse": 0.8797637224197388,
  "restored_validation_rmse": 0.892320454120636,
  "restored_fit_ma_st_rae": 0.8671627299924027,
  "restored_validation_ma_st_rae": 0.9132850620543054,
  "restored_validation_point_ma_st_rae": 0.909629762333653,
  "restored_validation_point_st_rae_by_cyp": {
    "CYP1A2": 0.9675946790232242,
    "CYP2C9": 0.8041348074648471,
    "CYP2D6": 1.071895655655247,
    "CYP3A4": 0.7948939071912937
  },
  "restored_fit_st_rae_by_cyp": {
    "CYP1A2": 0.8919203070254623,
    "CYP2C9": 0.8149216496004492,
    "CYP2D6": 0.986643227869398,
    "CYP3A4": 0.7751657354743016
  },
  "restored_validation_st_rae_by_cyp": {
    "CYP1A2": 0.9731380888987833,
    "CYP2C9": 0.8080319922303462,
    "CYP2D6": 1.0744044938620354,
    "CYP3A4": 0.7975656732260565
  },
  "validation_bootstrap_metrics": {
    "n_bootstrap_samples": 1000,
    "seed": 0,
    "macro": {
      "st_rae": {
        "mean": 0.9132850620543054,
        "ci_low": 0.8489509327989608,
        "ci_high": 0.9874210274517529
      },
      "mae": {
        "mean": 0.6549715697737005,
        "ci_low": 0.6139978679314202,
        "ci_high": 0.7009203748052601
      },
      "r2": {
        "mean": 0.12800995745380492,
        "ci_low": 0.0542310997519404,
        "ci_high": 0.19976888704157283
      },
      "spearman_rho": {
        "mean": 0.3787270006407178,
        "ci_low": 0.3096659205230933,
        "ci_high": 0.443893843572492
      },
      "kendall_tau": {
        "mean": 0.2647551385860653,
        "ci_low": 0.21680126548825554,
        "ci_high": 0.31392294193809217
      }
    },
    "per_endpoint": {
      "CYP1A2": {
        "st_rae": {
          "mean": 0.9731380888987833,
          "ci_low": 0.8453264471356527,
          "ci_high": 1.1286482700881146
        },
        "mae": {
          "mean": 0.7106471355814133,
          "ci_low": 0.6154984460259876,
          "ci_high": 0.8173745149678557
        },
        "r2": {
          "mean": 0.09869788656940118,
          "ci_low": -0.05681882736473724,
          "ci_high": 0.24067347120065738
        },
        "spearman_rho": {
          "mean": 0.37353382946098235,
          "ci_low": 0.20934898597575846,
          "ci_high": 0.5199577890765048
        },
        "kendall_tau": {
          "mean": 0.2568188947797927,
          "ci_low": 0.14320381078251018,
          "ci_high": 0.3580045413090518
        }
      },
      "CYP2C9": {
        "st_rae": {
          "mean": 0.8080319922303462,
          "ci_low": 0.6436559855764346,
          "ci_high": 1.013989759927501
        },
        "mae": {
          "mean": 0.5187583314098474,
          "ci_low": 0.4519150552858833,
          "ci_high": 0.5983922040189495
        },
        "r2": {
          "mean": 0.20077893717652454,
          "ci_low": -0.02367179685876634,
          "ci_high": 0.3730483285379028
        },
        "spearman_rho": {
          "mean": 0.49911472069847035,
          "ci_low": 0.34639567014279754,
          "ci_high": 0.6277212876339092
        },
        "kendall_tau": {
          "mean": 0.35327248667946937,
          "ci_low": 0.24137256761343556,
          "ci_high": 0.45170161535434356
        }
      },
      "CYP2D6": {
        "st_rae": {
          "mean": 1.0744044938620354,
          "ci_low": 0.9685972101091822,
          "ci_high": 1.1962856300772706
        },
        "mae": {
          "mean": 0.6273266466847301,
          "ci_low": 0.5257818192461111,
          "ci_high": 0.7349097360224619
        },
        "r2": {
          "mean": -0.010649027878369317,
          "ci_low": -0.14476224077557312,
          "ci_high": 0.10428873046709958
        },
        "spearman_rho": {
          "mean": 0.13338517427845134,
          "ci_low": -0.04565053766628596,
          "ci_high": 0.2968950901557271
        },
        "kendall_tau": {
          "mean": 0.08636191848965236,
          "ci_low": -0.0304980464257814,
          "ci_high": 0.2004245975667641
        }
      },
      "CYP3A4": {
        "st_rae": {
          "mean": 0.7975656732260565,
          "ci_low": 0.7004171042899031,
          "ci_high": 0.8973784533843029
        },
        "mae": {
          "mean": 0.7631541654188109,
          "ci_low": 0.6853418715885566,
          "ci_high": 0.8418452801793442
        },
        "r2": {
          "mean": 0.22321203394766334,
          "ci_low": 0.11967730658496353,
          "ci_high": 0.3194639340486305
        },
        "spearman_rho": {
          "mean": 0.5088742781249672,
          "ci_low": 0.40522806517714927,
          "ci_high": 0.6092159864092408
        },
        "kendall_tau": {
          "mean": 0.36256725439534676,
          "ci_low": 0.28841072843904064,
          "ci_high": 0.43609791829269506
        }
      }
    }
  },
  "epochs_run": 5,
  "fit_observations": 2659,
  "validation_observations": 646,
  "rule": "gated_residual",
  "generations": 250,
  "hidden_channels": 8,
  "atom_feature_profile": "local_environment",
  "atom_feature_count": 29,
  "atom_feature_names": [
    "element_H",
    "element_C",
    "element_N",
    "element_O",
    "element_F",
    "element_P",
    "element_S",
    "element_Cl",
    "element_Br",
    "element_I",
    "element_other",
    "formal_charge",
    "aromatic",
    "hybrid_sp",
    "hybrid_sp2",
    "hybrid_sp3",
    "hybrid_other",
    "degree",
    "total_hydrogens",
    "in_ring",
    "hbond_donor",
    "hbond_acceptor",
    "chiral_cw",
    "chiral_ccw",
    "chiral_other",
    "mean_neighbour_electronegativity",
    "electronegativity_difference",
    "mean_neighbour_atomic_number",
    "neighbour_formal_charge"
  ],
  "device": "cuda",
  "gpu": "NVIDIA GeForce RTX 5070 Ti",
  "training_seconds": 98.28172299987637,
  "peak_gpu_memory_bytes": 443957760,
  "runtime": {
    "operating_system": "Windows-10-10.0.26200-SP0",
    "machine": "AMD64",
    "python": "3.11.16",
    "python_executable": "C:\\Users\\Anthony\\anaconda3\\envs\\strange-matter-gpu\\python.exe",
    "pytorch": "2.11.0+cu128",
    "pytorch_cuda": "12.8",
    "device": "cuda",
    "gpu": "NVIDIA GeForce RTX 5070 Ti"
  },
  "validation_protocol": {
    "kind": "scaffold_cross_validation",
    "fold": 1,
    "folds": 5
  },
  "readout": "differentiable_closed_form_ridge",
  "prediction_mode": "direct",
  "residual_alpha": null,
  "trajectory_pooling": "legacy",
  "ridge_mode": "shared",
  "loss_mode": "hybrid_interval",
  "interval_loss_beta": 0.5,
  "interval_temperature": 0.02,
  "hyperparameters": {
    "ca_lr": 0.0003,
    "ridge": 0.1,
    "ca_l2": 1e-05,
    "gradient_clip": 0.5,
    "update_scale": 0.08,
    "init_scale": 1.0,
    "initial_noise": 0.01,
    "support_fraction": 0.6,
    "bond_temperature": 2.0,
    "dyn_a": 0.2,
    "dyn_b": 0.2,
    "dyn_c": 0.2,
    "dyn_d": 0.3,
    "lr_schedule": "cosine_0.1x"
  }
}
