{"operating_system": "Windows-10-10.0.26200-SP0", "machine": "AMD64", "python": "3.11.16", "python_executable": "C:\\Users\\Anthony\\anaconda3\\envs\\strange-matter-gpu\\python.exe", "pytorch": "2.11.0+cu128", "pytorch_cuda": "12.8", "device": "cuda", "gpu": "NVIDIA GeForce RTX 5070 Ti"}
{"epoch": 1, "train_rmse": 1.0381575441373505, "validation_rmse": 0.8679906725883484, "validation_ma_st_rae": 0.9381336898640584, "validation_CYP1A2_st_rae": 0.9187059555867861, "validation_CYP2C9_st_rae": 0.8489337947784387, "validation_CYP2D6_st_rae": 1.0989643374255162, "validation_CYP3A4_st_rae": 0.8859306716654926, "mean_raw_gradient_norm": 10.060335420072079, "fraction_gradients_clipped": 1.0}
{"epoch": 2, "train_rmse": 0.9906808689016696, "validation_rmse": 0.8701679706573486, "validation_ma_st_rae": 0.9490091701457504, "validation_CYP1A2_st_rae": 0.9252064469032941, "validation_CYP2C9_st_rae": 0.8375259751740243, "validation_CYP2D6_st_rae": 1.1484088916661614, "validation_CYP3A4_st_rae": 0.8848953668395216, "mean_raw_gradient_norm": 10.662507079541683, "fraction_gradients_clipped": 1.0}
{"epoch": 3, "train_rmse": 1.0260553103515477, "validation_rmse": 0.8640961647033691, "validation_ma_st_rae": 0.9420160504665931, "validation_CYP1A2_st_rae": 0.9060582217447708, "validation_CYP2C9_st_rae": 0.8287112874000605, "validation_CYP2D6_st_rae": 1.1764062934362711, "validation_CYP3A4_st_rae": 0.8568883992852705, "mean_raw_gradient_norm": 8.318847581744194, "fraction_gradients_clipped": 1.0}
{"epoch": 4, "train_rmse": 0.9898059471856372, "validation_rmse": 0.8631640672683716, "validation_ma_st_rae": 0.9452208885054609, "validation_CYP1A2_st_rae": 0.8999323748023537, "validation_CYP2C9_st_rae": 0.8368739745512742, "validation_CYP2D6_st_rae": 1.1895446502848965, "validation_CYP3A4_st_rae": 0.8545325543833195, "mean_raw_gradient_norm": 14.74652336537838, "fraction_gradients_clipped": 1.0}
{
  "seed": 1701,
  "selection_metric": "validation_ma_st_rae",
  "best_validation_ma_st_rae": 0.9381336898640584,
  "best_validation_rmse": 0.8679906725883484,
  "restored_fit_rmse": 0.9282523989677429,
  "restored_validation_rmse": 0.8679908514022827,
  "restored_fit_ma_st_rae": 0.9326822811397983,
  "restored_validation_ma_st_rae": 0.9410668574492351,
  "restored_validation_point_ma_st_rae": 0.938134165349602,
  "restored_validation_point_st_rae_by_cyp": {
    "CYP1A2": 0.9187058875118908,
    "CYP2C9": 0.8489372345779771,
    "CYP2D6": 1.0989620607771442,
    "CYP3A4": 0.8859314785313962
  },
  "restored_fit_st_rae_by_cyp": {
    "CYP1A2": 0.9218174294555777,
    "CYP2C9": 0.9104734125607593,
    "CYP2D6": 1.02591142001167,
    "CYP3A4": 0.8725268625311865
  },
  "restored_validation_st_rae_by_cyp": {
    "CYP1A2": 0.9194394449486903,
    "CYP2C9": 0.8531690580596398,
    "CYP2D6": 1.1032324746878357,
    "CYP3A4": 0.8884264521007742
  },
  "validation_bootstrap_metrics": {
    "n_bootstrap_samples": 1000,
    "seed": 0,
    "macro": {
      "st_rae": {
        "mean": 0.9410668574492351,
        "ci_low": 0.8924269209094856,
        "ci_high": 0.992464741091264
      },
      "mae": {
        "mean": 0.6400301052790819,
        "ci_low": 0.5973928862380201,
        "ci_high": 0.6850368037520568
      },
      "r2": {
        "mean": 0.0779984628647657,
        "ci_low": 0.03520598435107098,
        "ci_high": 0.1182630281258059
      },
      "spearman_rho": {
        "mean": 0.3170512707857385,
        "ci_low": 0.2476940346527357,
        "ci_high": 0.38583266262177485
      },
      "kendall_tau": {
        "mean": 0.21983702641255665,
        "ci_low": 0.17044733702772674,
        "ci_high": 0.26827676076867357
      }
    },
    "per_endpoint": {
      "CYP1A2": {
        "st_rae": {
          "mean": 0.9194394449486903,
          "ci_low": 0.8198326085773159,
          "ci_high": 1.0362400981973467
        },
        "mae": {
          "mean": 0.6490940404198539,
          "ci_low": 0.5387549145540722,
          "ci_high": 0.7673556241560989
        },
        "r2": {
          "mean": 0.10005443463356872,
          "ci_low": 0.02216481398537025,
          "ci_high": 0.17798302257835877
        },
        "spearman_rho": {
          "mean": 0.4007561325630256,
          "ci_low": 0.25581131728574963,
          "ci_high": 0.5309575591128473
        },
        "kendall_tau": {
          "mean": 0.2780471950697263,
          "ci_low": 0.17440273040649343,
          "ci_high": 0.37501509889927137
        }
      },
      "CYP2C9": {
        "st_rae": {
          "mean": 0.8531690580596398,
          "ci_low": 0.7466719374830277,
          "ci_high": 0.9750054808649263
        },
        "mae": {
          "mean": 0.550802054260769,
          "ci_low": 0.46547407551403464,
          "ci_high": 0.6322398663002209
        },
        "r2": {
          "mean": 0.16042807567889833,
          "ci_low": 0.06877756440886923,
          "ci_high": 0.23887544349361897
        },
        "spearman_rho": {
          "mean": 0.4175603916181019,
          "ci_low": 0.265169216223777,
          "ci_high": 0.5546805593428465
        },
        "kendall_tau": {
          "mean": 0.2941883041333613,
          "ci_low": 0.1835263171082631,
          "ci_high": 0.39661169205405267
        }
      },
      "CYP2D6": {
        "st_rae": {
          "mean": 1.1032324746878357,
          "ci_low": 1.0041001291620564,
          "ci_high": 1.2207179233837582
        },
        "mae": {
          "mean": 0.5907521706317206,
          "ci_low": 0.5033188308559873,
          "ci_high": 0.678773126212306
        },
        "r2": {
          "mean": -0.1388435573800616,
          "ci_low": -0.24504618456499005,
          "ci_high": -0.047050205570711046
        },
        "spearman_rho": {
          "mean": 0.01636645994012599,
          "ci_low": -0.13006479166216908,
          "ci_high": 0.17825412679472014
        },
        "kendall_tau": {
          "mean": 0.01077242039899762,
          "ci_low": -0.08784754028742368,
          "ci_high": 0.1208123231883426
        }
      },
      "CYP3A4": {
        "st_rae": {
          "mean": 0.8884264521007742,
          "ci_low": 0.8152463360684987,
          "ci_high": 0.9728414464536601
        },
        "mae": {
          "mean": 0.7694721558039838,
          "ci_low": 0.7025983608704953,
          "ci_high": 0.8390619155296609
        },
        "r2": {
          "mean": 0.19035489852665732,
          "ci_low": 0.12525938556496394,
          "ci_high": 0.2469522112640265
        },
        "spearman_rho": {
          "mean": 0.43352209902170047,
          "ci_low": 0.32627224308087366,
          "ci_high": 0.5297379360425427
        },
        "kendall_tau": {
          "mean": 0.2963401860481414,
          "ci_low": 0.21773977028999866,
          "ci_high": 0.36813198702985755
        }
      }
    }
  },
  "epochs_run": 4,
  "fit_observations": 2652,
  "validation_observations": 680,
  "rule": "fitzhugh_nagumo",
  "generations": 64,
  "hidden_channels": 4,
  "atom_feature_profile": "electronic_local",
  "atom_feature_count": 37,
  "atom_feature_names": [
    "element_H",
    "element_C",
    "element_N",
    "element_O",
    "element_F",
    "element_P",
    "element_S",
    "element_Cl",
    "element_Br",
    "element_I",
    "element_other",
    "formal_charge",
    "aromatic",
    "hybrid_sp",
    "hybrid_sp2",
    "hybrid_sp3",
    "hybrid_other",
    "degree",
    "total_hydrogens",
    "in_ring",
    "hbond_donor",
    "hbond_acceptor",
    "chiral_cw",
    "chiral_ccw",
    "chiral_other",
    "electronegativity",
    "polarizability",
    "heteroatom",
    "halogen",
    "conjugated_bond_fraction",
    "first_ionization_energy",
    "electron_affinity",
    "electronic_property_missing",
    "mean_neighbour_electronegativity",
    "electronegativity_difference",
    "mean_neighbour_atomic_number",
    "neighbour_formal_charge"
  ],
  "device": "cuda",
  "gpu": "NVIDIA GeForce RTX 5070 Ti",
  "training_seconds": 30.791059599956498,
  "peak_gpu_memory_bytes": 59792384,
  "runtime": {
    "operating_system": "Windows-10-10.0.26200-SP0",
    "machine": "AMD64",
    "python": "3.11.16",
    "python_executable": "C:\\Users\\Anthony\\anaconda3\\envs\\strange-matter-gpu\\python.exe",
    "pytorch": "2.11.0+cu128",
    "pytorch_cuda": "12.8",
    "device": "cuda",
    "gpu": "NVIDIA GeForce RTX 5070 Ti"
  },
  "validation_protocol": {
    "kind": "scaffold_cross_validation",
    "fold": 0,
    "folds": 5
  },
  "readout": "differentiable_closed_form_ridge",
  "prediction_mode": "direct",
  "residual_alpha": null,
  "trajectory_pooling": "legacy",
  "ridge_mode": "shared",
  "loss_mode": "hybrid_interval",
  "interval_loss_beta": 0.5,
  "interval_temperature": 0.02,
  "hyperparameters": {
    "ca_lr": 0.001,
    "ridge": 1.0,
    "ca_l2": 1e-05,
    "gradient_clip": 0.5,
    "update_scale": 0.08,
    "init_scale": 0.5,
    "initial_noise": 0.005,
    "support_fraction": 0.85,
    "bond_temperature": 1.0,
    "dyn_a": 0.8,
    "dyn_b": 0.8,
    "dyn_c": 0.8,
    "dyn_d": 0.05,
    "lr_schedule": "cosine_0.1x"
  }
}
