{"operating_system": "Windows-10-10.0.26200-SP0", "machine": "AMD64", "python": "3.11.16", "python_executable": "C:\\Users\\Anthony\\anaconda3\\envs\\strange-matter-gpu\\python.exe", "pytorch": "2.11.0+cu128", "pytorch_cuda": "12.8", "device": "cuda", "gpu": "NVIDIA GeForce RTX 5070 Ti"}
{"epoch": 1, "train_rmse": 1.246405192171576, "validation_rmse": 0.8036293983459473, "validation_ma_st_rae": 0.8546401245325776, "validation_CYP1A2_st_rae": 0.8794150155507965, "validation_CYP2C9_st_rae": 0.7818933356478183, "validation_CYP2D6_st_rae": 1.0291775872262368, "validation_CYP3A4_st_rae": 0.728074559705459, "mean_raw_gradient_norm": 9.660709156990052, "fraction_gradients_clipped": 1.0}
{"epoch": 2, "train_rmse": 1.1610624215600929, "validation_rmse": 0.8039798140525818, "validation_ma_st_rae": 0.8579886272445245, "validation_CYP1A2_st_rae": 0.8810777317127426, "validation_CYP2C9_st_rae": 0.7894725327721785, "validation_CYP2D6_st_rae": 1.032715524484868, "validation_CYP3A4_st_rae": 0.728688720008309, "mean_raw_gradient_norm": 8.840527286529541, "fraction_gradients_clipped": 1.0}
{"epoch": 3, "train_rmse": 1.1505830495409606, "validation_rmse": 0.8040754199028015, "validation_ma_st_rae": 0.8598278598416512, "validation_CYP1A2_st_rae": 0.8807851986753208, "validation_CYP2C9_st_rae": 0.7943824156466849, "validation_CYP2D6_st_rae": 1.0355488042340129, "validation_CYP3A4_st_rae": 0.7285950208105859, "mean_raw_gradient_norm": 8.446281733512878, "fraction_gradients_clipped": 1.0}
{"epoch": 4, "train_rmse": 1.1726958306763189, "validation_rmse": 0.8042139410972595, "validation_ma_st_rae": 0.8598708227324634, "validation_CYP1A2_st_rae": 0.8865671020050568, "validation_CYP2C9_st_rae": 0.790847283106259, "validation_CYP2D6_st_rae": 1.0346396451505344, "validation_CYP3A4_st_rae": 0.7274292606680035, "mean_raw_gradient_norm": 8.68718099117279, "fraction_gradients_clipped": 1.0}
{
  "seed": 4211,
  "selection_metric": "validation_ma_st_rae",
  "best_validation_ma_st_rae": 0.8546401245325776,
  "best_validation_rmse": 0.8036293983459473,
  "restored_fit_rmse": 0.8680586218833923,
  "restored_validation_rmse": 0.8036268949508667,
  "restored_fit_ma_st_rae": 0.8562672535039166,
  "restored_validation_ma_st_rae": 0.8578819088014266,
  "restored_validation_point_ma_st_rae": 0.8546383478504926,
  "restored_validation_point_st_rae_by_cyp": {
    "CYP1A2": 0.8794157912703442,
    "CYP2C9": 0.7818892909154097,
    "CYP2D6": 1.0291823384924217,
    "CYP3A4": 0.7280659707237951
  },
  "restored_fit_st_rae_by_cyp": {
    "CYP1A2": 0.8868247843946403,
    "CYP2C9": 0.7899082424348841,
    "CYP2D6": 1.0135421267629283,
    "CYP3A4": 0.7347938604232137
  },
  "restored_validation_st_rae_by_cyp": {
    "CYP1A2": 0.8819007527638125,
    "CYP2C9": 0.7848206188639424,
    "CYP2D6": 1.033727006176,
    "CYP3A4": 0.7310792574019517
  },
  "validation_bootstrap_metrics": {
    "n_bootstrap_samples": 1000,
    "seed": 0,
    "macro": {
      "st_rae": {
        "mean": 0.8578819088014266,
        "ci_low": 0.8044019510951762,
        "ci_high": 0.9142327479750314
      },
      "mae": {
        "mean": 0.5896929208290296,
        "ci_low": 0.5588950758213783,
        "ci_high": 0.621218384978781
      },
      "r2": {
        "mean": 0.18991895884339108,
        "ci_low": 0.13631020884298872,
        "ci_high": 0.23604214648859725
      },
      "spearman_rho": {
        "mean": 0.4460980322362311,
        "ci_low": 0.39128435071092604,
        "ci_high": 0.5013976003447672
      },
      "kendall_tau": {
        "mean": 0.3138816058511258,
        "ci_low": 0.27436971994677656,
        "ci_high": 0.35372115472463206
      }
    },
    "per_endpoint": {
      "CYP1A2": {
        "st_rae": {
          "mean": 0.8819007527638125,
          "ci_low": 0.7749549299241335,
          "ci_high": 1.0045220235573828
        },
        "mae": {
          "mean": 0.6102620071468052,
          "ci_low": 0.5353289274347796,
          "ci_high": 0.692039763766366
        },
        "r2": {
          "mean": 0.16043387572920445,
          "ci_low": 0.03988163089520425,
          "ci_high": 0.26827937153479997
        },
        "spearman_rho": {
          "mean": 0.4682922275642287,
          "ci_low": 0.3505839379775,
          "ci_high": 0.5776802307509059
        },
        "kendall_tau": {
          "mean": 0.3289349121634655,
          "ci_low": 0.24347920263280773,
          "ci_high": 0.4090032487224847
        }
      },
      "CYP2C9": {
        "st_rae": {
          "mean": 0.7848206188639424,
          "ci_low": 0.6598026383636324,
          "ci_high": 0.9225318754373648
        },
        "mae": {
          "mean": 0.4923195073384843,
          "ci_low": 0.4384386713328999,
          "ci_high": 0.5505673757346544
        },
        "r2": {
          "mean": 0.2782012344040728,
          "ci_low": 0.154881649354759,
          "ci_high": 0.3766471624515731
        },
        "spearman_rho": {
          "mean": 0.4655223565814437,
          "ci_low": 0.3367567513694275,
          "ci_high": 0.573813999016797
        },
        "kendall_tau": {
          "mean": 0.3315306516457239,
          "ci_low": 0.23512375181425468,
          "ci_high": 0.4183662363812272
        }
      },
      "CYP2D6": {
        "st_rae": {
          "mean": 1.033727006176,
          "ci_low": 0.9467202079965278,
          "ci_high": 1.1281865560287534
        },
        "mae": {
          "mean": 0.5698067265962943,
          "ci_low": 0.5094858477767715,
          "ci_high": 0.6394272787703408
        },
        "r2": {
          "mean": -0.010960391103202802,
          "ci_low": -0.11475756036060886,
          "ci_high": 0.0787920269944043
        },
        "spearman_rho": {
          "mean": 0.25739575383002394,
          "ci_low": 0.1304520868629644,
          "ci_high": 0.3720145373956455
        },
        "kendall_tau": {
          "mean": 0.1702452903141882,
          "ci_low": 0.08152780616307134,
          "ci_high": 0.25067072566600995
        }
      },
      "CYP3A4": {
        "st_rae": {
          "mean": 0.7310792574019517,
          "ci_low": 0.6577891526788964,
          "ci_high": 0.8114058489687445
        },
        "mae": {
          "mean": 0.6863834422345345,
          "ci_low": 0.6331786295214853,
          "ci_high": 0.746583405243499
        },
        "r2": {
          "mean": 0.33200111634348983,
          "ci_low": 0.24582911487744327,
          "ci_high": 0.40251991100673395
        },
        "spearman_rho": {
          "mean": 0.5931817909692282,
          "ci_low": 0.5113915529233914,
          "ci_high": 0.6643133841040615
        },
        "kendall_tau": {
          "mean": 0.42481556928112574,
          "ci_low": 0.3614622054405596,
          "ci_high": 0.4807839856498798
        }
      }
    }
  },
  "epochs_run": 4,
  "fit_observations": 4179,
  "validation_observations": 1037,
  "rule": "gated_residual",
  "generations": 32,
  "hidden_channels": 16,
  "atom_feature_profile": "local_environment",
  "atom_feature_count": 29,
  "atom_feature_names": [
    "element_H",
    "element_C",
    "element_N",
    "element_O",
    "element_F",
    "element_P",
    "element_S",
    "element_Cl",
    "element_Br",
    "element_I",
    "element_other",
    "formal_charge",
    "aromatic",
    "hybrid_sp",
    "hybrid_sp2",
    "hybrid_sp3",
    "hybrid_other",
    "degree",
    "total_hydrogens",
    "in_ring",
    "hbond_donor",
    "hbond_acceptor",
    "chiral_cw",
    "chiral_ccw",
    "chiral_other",
    "mean_neighbour_electronegativity",
    "electronegativity_difference",
    "mean_neighbour_atomic_number",
    "neighbour_formal_charge"
  ],
  "device": "cuda",
  "gpu": "NVIDIA GeForce RTX 5070 Ti",
  "training_seconds": 23.468269599834457,
  "peak_gpu_memory_bytes": 124273664,
  "runtime": {
    "operating_system": "Windows-10-10.0.26200-SP0",
    "machine": "AMD64",
    "python": "3.11.16",
    "python_executable": "C:\\Users\\Anthony\\anaconda3\\envs\\strange-matter-gpu\\python.exe",
    "pytorch": "2.11.0+cu128",
    "pytorch_cuda": "12.8",
    "device": "cuda",
    "gpu": "NVIDIA GeForce RTX 5070 Ti"
  },
  "validation_protocol": {
    "kind": "scaffold_cross_validation",
    "fold": 0,
    "folds": 5
  },
  "readout": "differentiable_closed_form_ridge",
  "prediction_mode": "direct",
  "residual_alpha": null,
  "trajectory_pooling": "legacy",
  "ridge_mode": "shared",
  "loss_mode": "hybrid_interval",
  "interval_loss_beta": 0.5,
  "interval_temperature": 0.1,
  "hyperparameters": {
    "ca_lr": 0.0003,
    "ridge": 1.0,
    "ca_l2": 1e-05,
    "gradient_clip": 2.0,
    "update_scale": 0.08,
    "init_scale": 0.5,
    "initial_noise": 0.005,
    "support_fraction": 0.75,
    "bond_temperature": 1.0,
    "dyn_a": 0.5,
    "dyn_b": 0.8,
    "dyn_c": 0.2,
    "dyn_d": 0.05,
    "lr_schedule": "cosine_0.1x"
  }
}
