{"operating_system": "Windows-10-10.0.26200-SP0", "machine": "AMD64", "python": "3.11.16", "python_executable": "C:\\Users\\Anthony\\anaconda3\\envs\\strange-matter-gpu\\python.exe", "pytorch": "2.11.0+cu128", "pytorch_cuda": "12.8", "device": "cuda", "gpu": "NVIDIA GeForce RTX 5070 Ti"}
{"epoch": 1, "train_rmse": 1.3215053733579865, "validation_rmse": 0.9027425050735474, "mean_raw_gradient_norm": 21.485402799421742, "fraction_gradients_clipped": 1.0}
{"epoch": 2, "train_rmse": 1.205186786482126, "validation_rmse": 0.8980132937431335, "mean_raw_gradient_norm": 19.10521722608997, "fraction_gradients_clipped": 1.0}
{"epoch": 3, "train_rmse": 1.2212989710221478, "validation_rmse": 0.903550386428833, "mean_raw_gradient_norm": 16.986474952390118, "fraction_gradients_clipped": 1.0}
{"epoch": 4, "train_rmse": 1.2688702340125293, "validation_rmse": 0.9009358882904053, "mean_raw_gradient_norm": 20.835304806309363, "fraction_gradients_clipped": 1.0}
{"epoch": 5, "train_rmse": 1.2055308226450299, "validation_rmse": 0.9027202129364014, "mean_raw_gradient_norm": 16.409380435943604, "fraction_gradients_clipped": 1.0}
{"epoch": 6, "train_rmse": 1.235633618276249, "validation_rmse": 0.9033382534980774, "mean_raw_gradient_norm": 21.068570875352428, "fraction_gradients_clipped": 1.0}
{"epoch": 7, "train_rmse": 1.265312831071045, "validation_rmse": 0.9025307893753052, "mean_raw_gradient_norm": 15.991019837317928, "fraction_gradients_clipped": 1.0}
{
  "seed": 4211,
  "best_validation_rmse": 0.8980132937431335,
  "restored_fit_rmse": 0.8391938209533691,
  "restored_validation_rmse": 0.8980068564414978,
  "epochs_run": 7,
  "fit_observations": 5216,
  "validation_observations": 1309,
  "rule": "coupled_map",
  "generations": 16,
  "hidden_channels": 16,
  "atom_feature_profile": "electronic",
  "atom_feature_count": 30,
  "atom_feature_names": [
    "element_H",
    "element_C",
    "element_N",
    "element_O",
    "element_F",
    "element_P",
    "element_S",
    "element_Cl",
    "element_Br",
    "element_I",
    "element_other",
    "formal_charge",
    "aromatic",
    "hybrid_sp",
    "hybrid_sp2",
    "hybrid_sp3",
    "hybrid_other",
    "degree",
    "total_hydrogens",
    "in_ring",
    "hbond_donor",
    "hbond_acceptor",
    "chiral_cw",
    "chiral_ccw",
    "chiral_other",
    "electronegativity",
    "polarizability",
    "heteroatom",
    "halogen",
    "conjugated_bond_fraction"
  ],
  "device": "cuda",
  "gpu": "NVIDIA GeForce RTX 5070 Ti",
  "training_seconds": 42.858196799992584,
  "peak_gpu_memory_bytes": 73881088,
  "runtime": {
    "operating_system": "Windows-10-10.0.26200-SP0",
    "machine": "AMD64",
    "python": "3.11.16",
    "python_executable": "C:\\Users\\Anthony\\anaconda3\\envs\\strange-matter-gpu\\python.exe",
    "pytorch": "2.11.0+cu128",
    "pytorch_cuda": "12.8",
    "device": "cuda",
    "gpu": "NVIDIA GeForce RTX 5070 Ti"
  },
  "readout": "differentiable_closed_form_ridge",
  "hyperparameters": {
    "ca_lr": 0.001,
    "ridge": 0.1,
    "ca_l2": 1e-05,
    "gradient_clip": 1.0,
    "update_scale": 0.4,
    "init_scale": 0.5,
    "initial_noise": 0.0,
    "support_fraction": 0.85,
    "bond_temperature": 2.0,
    "dyn_a": 0.2,
    "dyn_b": 0.5,
    "dyn_c": 0.8,
    "dyn_d": 0.3,
    "lr_schedule": "cosine_0.1x"
  }
}
