{"operating_system": "Windows-10-10.0.26200-SP0", "machine": "AMD64", "python": "3.11.16", "python_executable": "C:\\Users\\Anthony\\anaconda3\\envs\\strange-matter-gpu\\python.exe", "pytorch": "2.11.0+cu128", "pytorch_cuda": "12.8", "device": "cuda", "gpu": "NVIDIA GeForce RTX 5070 Ti"}
{"epoch": 1, "train_rmse": 1.027629904039433, "validation_rmse": 0.862194836139679, "validation_ma_st_rae": 0.8717119598652164, "validation_CYP1A2_st_rae": 0.8815950538079423, "validation_CYP2C9_st_rae": 0.8667102786224733, "validation_CYP2D6_st_rae": 0.9904033233398165, "validation_CYP3A4_st_rae": 0.7481391836906334, "mean_raw_gradient_norm": 4.129825143814087, "fraction_gradients_clipped": 1.0}
{"epoch": 2, "train_rmse": 1.0192940321784976, "validation_rmse": 0.8496279120445251, "validation_ma_st_rae": 0.8645462511821367, "validation_CYP1A2_st_rae": 0.874832906914458, "validation_CYP2C9_st_rae": 0.8720649920618462, "validation_CYP2D6_st_rae": 0.9910976695844165, "validation_CYP3A4_st_rae": 0.7201894361678257, "mean_raw_gradient_norm": 2.9781832599639895, "fraction_gradients_clipped": 1.0}
{"epoch": 3, "train_rmse": 0.9232350254903638, "validation_rmse": 0.8399230241775513, "validation_ma_st_rae": 0.8527825377862572, "validation_CYP1A2_st_rae": 0.856170382755297, "validation_CYP2C9_st_rae": 0.8706668269172166, "validation_CYP2D6_st_rae": 0.9758354616803924, "validation_CYP3A4_st_rae": 0.7084574797921224, "mean_raw_gradient_norm": 2.767897062301636, "fraction_gradients_clipped": 1.0}
{"epoch": 4, "train_rmse": 0.9697591060863915, "validation_rmse": 0.851094126701355, "validation_ma_st_rae": 0.869264206141495, "validation_CYP1A2_st_rae": 0.878324367269495, "validation_CYP2C9_st_rae": 0.8799456719470217, "validation_CYP2D6_st_rae": 1.0056464610687001, "validation_CYP3A4_st_rae": 0.7131403242807631, "mean_raw_gradient_norm": 2.828486747741699, "fraction_gradients_clipped": 1.0}
{"epoch": 5, "train_rmse": 0.9158809820974887, "validation_rmse": 0.8502481579780579, "validation_ma_st_rae": 0.8650758758228636, "validation_CYP1A2_st_rae": 0.885821899682811, "validation_CYP2C9_st_rae": 0.8557100172065576, "validation_CYP2D6_st_rae": 1.0062176791139672, "validation_CYP3A4_st_rae": 0.7125539072881184, "mean_raw_gradient_norm": 2.592026739120483, "fraction_gradients_clipped": 1.0}
{"epoch": 6, "train_rmse": 0.9232088620999106, "validation_rmse": 0.8493196964263916, "validation_ma_st_rae": 0.8666479378305599, "validation_CYP1A2_st_rae": 0.8884870366383243, "validation_CYP2C9_st_rae": 0.848691452441735, "validation_CYP2D6_st_rae": 1.021644049931886, "validation_CYP3A4_st_rae": 0.7077692123102947, "mean_raw_gradient_norm": 2.429306106567383, "fraction_gradients_clipped": 0.96}
{
  "seed": 4211,
  "selection_metric": "validation_ma_st_rae",
  "best_validation_ma_st_rae": 0.8527825377862572,
  "best_validation_rmse": 0.8399230241775513,
  "restored_fit_rmse": 0.8461800217628479,
  "restored_validation_rmse": 0.8420928120613098,
  "restored_fit_ma_st_rae": 0.8554978372468033,
  "restored_validation_ma_st_rae": 0.859105484160046,
  "restored_validation_point_ma_st_rae": 0.8553075062587489,
  "restored_validation_point_st_rae_by_cyp": {
    "CYP1A2": 0.8579602839137187,
    "CYP2C9": 0.868874579242037,
    "CYP2D6": 0.987108168115714,
    "CYP3A4": 0.7072869937635256
  },
  "restored_fit_st_rae_by_cyp": {
    "CYP1A2": 0.880199262444799,
    "CYP2C9": 0.779341896687108,
    "CYP2D6": 1.0512985585424501,
    "CYP3A4": 0.7111516313128563
  },
  "restored_validation_st_rae_by_cyp": {
    "CYP1A2": 0.8618803428350369,
    "CYP2C9": 0.8777052901573948,
    "CYP2D6": 0.9898201493855323,
    "CYP3A4": 0.7070161542622202
  },
  "validation_bootstrap_metrics": {
    "n_bootstrap_samples": 1000,
    "seed": 0,
    "macro": {
      "st_rae": {
        "mean": 0.859105484160046,
        "ci_low": 0.8097742908032214,
        "ci_high": 0.9146038101920975
      },
      "mae": {
        "mean": 0.6147033564881735,
        "ci_low": 0.5805730043577293,
        "ci_high": 0.6495462987252179
      },
      "r2": {
        "mean": 0.18528775673868542,
        "ci_low": 0.13228210234189508,
        "ci_high": 0.23480584419331993
      },
      "spearman_rho": {
        "mean": 0.42620886916822054,
        "ci_low": 0.37048583490716364,
        "ci_high": 0.4818154108378175
      },
      "kendall_tau": {
        "mean": 0.2995818534525904,
        "ci_low": 0.2587241198298631,
        "ci_high": 0.340080317658459
      }
    },
    "per_endpoint": {
      "CYP1A2": {
        "st_rae": {
          "mean": 0.8618803428350369,
          "ci_low": 0.7549558100726662,
          "ci_high": 0.9753013159020221
        },
        "mae": {
          "mean": 0.6690219184431396,
          "ci_low": 0.5921522568735442,
          "ci_high": 0.7526072989717573
        },
        "r2": {
          "mean": 0.21677262511660444,
          "ci_low": 0.11696890334367109,
          "ci_high": 0.308062280535842
        },
        "spearman_rho": {
          "mean": 0.4605806821971842,
          "ci_low": 0.35514533085968714,
          "ci_high": 0.5642244779124692
        },
        "kendall_tau": {
          "mean": 0.31632760620940975,
          "ci_low": 0.2397689919065937,
          "ci_high": 0.3936146217808351
        }
      },
      "CYP2C9": {
        "st_rae": {
          "mean": 0.8777052901573948,
          "ci_low": 0.7419166380294169,
          "ci_high": 1.0174213818201587
        },
        "mae": {
          "mean": 0.5000487452828057,
          "ci_low": 0.4425614819668307,
          "ci_high": 0.5598188466069722
        },
        "r2": {
          "mean": 0.19153435585685685,
          "ci_low": 0.051533954129262184,
          "ci_high": 0.3131837280564123
        },
        "spearman_rho": {
          "mean": 0.39802148954394945,
          "ci_low": 0.2735703589714215,
          "ci_high": 0.5177422374383691
        },
        "kendall_tau": {
          "mean": 0.27524942102266164,
          "ci_low": 0.18550594247457497,
          "ci_high": 0.36442840783000024
        }
      },
      "CYP2D6": {
        "st_rae": {
          "mean": 0.9898201493855323,
          "ci_low": 0.9062530833635873,
          "ci_high": 1.080632965028497
        },
        "mae": {
          "mean": 0.6184100952262962,
          "ci_low": 0.5347236106229141,
          "ci_high": 0.7031722278444007
        },
        "r2": {
          "mean": -0.016855896595420243,
          "ci_low": -0.12059242566107825,
          "ci_high": 0.07776970241198895
        },
        "spearman_rho": {
          "mean": 0.23721170911364073,
          "ci_low": 0.10349700578862588,
          "ci_high": 0.36898482555957823
        },
        "kendall_tau": {
          "mean": 0.16433733215515547,
          "ci_low": 0.07241174058630556,
          "ci_high": 0.2538046145892423
        }
      },
      "CYP3A4": {
        "st_rae": {
          "mean": 0.7070161542622202,
          "ci_low": 0.6273591589685973,
          "ci_high": 0.7808316889994377
        },
        "mae": {
          "mean": 0.6713326670004526,
          "ci_low": 0.6194152568419774,
          "ci_high": 0.7256910364945729
        },
        "r2": {
          "mean": 0.3496999425767005,
          "ci_low": 0.2600429437484229,
          "ci_high": 0.4282527324692842
        },
        "spearman_rho": {
          "mean": 0.6090215958181078,
          "ci_low": 0.5318550273662975,
          "ci_high": 0.6833066157171759
        },
        "kendall_tau": {
          "mean": 0.44241305442313444,
          "ci_low": 0.3856795191489267,
          "ci_high": 0.4983708048871845
        }
      }
    }
  },
  "epochs_run": 6,
  "fit_observations": 4177,
  "validation_observations": 1039,
  "rule": "coupled_map",
  "generations": 125,
  "hidden_channels": 16,
  "atom_feature_profile": "periodic_electronic",
  "atom_feature_count": 41,
  "atom_feature_names": [
    "element_H",
    "element_C",
    "element_N",
    "element_O",
    "element_F",
    "element_P",
    "element_S",
    "element_Cl",
    "element_Br",
    "element_I",
    "element_other",
    "formal_charge",
    "aromatic",
    "hybrid_sp",
    "hybrid_sp2",
    "hybrid_sp3",
    "hybrid_other",
    "degree",
    "total_hydrogens",
    "in_ring",
    "hbond_donor",
    "hbond_acceptor",
    "chiral_cw",
    "chiral_ccw",
    "chiral_other",
    "atomic_number",
    "atomic_mass",
    "covalent_radius",
    "vdw_radius",
    "outer_electrons",
    "period",
    "periodic_group",
    "atomic_volume",
    "electronegativity",
    "polarizability",
    "heteroatom",
    "halogen",
    "conjugated_bond_fraction",
    "first_ionization_energy",
    "electron_affinity",
    "electronic_property_missing"
  ],
  "device": "cuda",
  "gpu": "NVIDIA GeForce RTX 5070 Ti",
  "training_seconds": 85.02431290003005,
  "peak_gpu_memory_bytes": 757280768,
  "runtime": {
    "operating_system": "Windows-10-10.0.26200-SP0",
    "machine": "AMD64",
    "python": "3.11.16",
    "python_executable": "C:\\Users\\Anthony\\anaconda3\\envs\\strange-matter-gpu\\python.exe",
    "pytorch": "2.11.0+cu128",
    "pytorch_cuda": "12.8",
    "device": "cuda",
    "gpu": "NVIDIA GeForce RTX 5070 Ti"
  },
  "validation_protocol": {
    "kind": "scaffold_cross_validation",
    "fold": 2,
    "folds": 5
  },
  "readout": "differentiable_closed_form_ridge",
  "hyperparameters": {
    "ca_lr": 0.003,
    "ridge": 1.0,
    "ca_l2": 1e-06,
    "gradient_clip": 1.0,
    "update_scale": 0.4,
    "init_scale": 0.5,
    "initial_noise": 0.0,
    "support_fraction": 0.75,
    "bond_temperature": 2.0,
    "dyn_a": 0.5,
    "dyn_b": 0.5,
    "dyn_c": 0.2,
    "dyn_d": 0.3,
    "lr_schedule": "cosine_0.1x"
  }
}
