{"device": "cuda", "gpu": "NVIDIA GeForce RTX 5070 Ti", "pytorch": "2.11.0+cu128", "pytorch_cuda": "12.8"}
{"epoch": 1, "train_rmse": 1.1516469518893109, "validation_rmse": 0.9668010473251343, "mean_raw_gradient_norm": 11.409375570714474, "fraction_gradients_clipped": 1.0}
{"epoch": 2, "train_rmse": 1.15027945364539, "validation_rmse": 0.9668738842010498, "mean_raw_gradient_norm": 8.595604039728642, "fraction_gradients_clipped": 1.0}
{"epoch": 3, "train_rmse": 1.1058002961987627, "validation_rmse": 0.9654764533042908, "mean_raw_gradient_norm": 11.248449608683586, "fraction_gradients_clipped": 1.0}
{"epoch": 4, "train_rmse": 1.0242352603101372, "validation_rmse": 0.9646449685096741, "mean_raw_gradient_norm": 9.989588774740696, "fraction_gradients_clipped": 0.96875}
{
  "seed": 1701,
  "best_validation_rmse": 0.9668010473251343,
  "restored_fit_rmse": 0.8999120593070984,
  "restored_validation_rmse": 0.9668052196502686,
  "epochs_run": 4,
  "fit_observations": 2643,
  "validation_observations": 670,
  "rule": "gated_residual",
  "generations": 32,
  "hidden_channels": 4,
  "device": "cuda",
  "gpu": "NVIDIA GeForce RTX 5070 Ti",
  "training_seconds": 16.989923999994062,
  "peak_gpu_memory_bytes": 50982912,
  "readout": "differentiable_closed_form_ridge",
  "hyperparameters": {
    "ca_lr": 0.001,
    "ridge": 0.01,
    "ca_l2": 1e-06,
    "gradient_clip": 2.0,
    "update_scale": 0.4,
    "init_scale": 1.5,
    "initial_noise": 0.005,
    "support_fraction": 0.75,
    "bond_temperature": 1.0,
    "dyn_a": 0.2,
    "dyn_b": 0.2,
    "dyn_c": 0.5,
    "dyn_d": 0.05,
    "lr_schedule": "cosine_0.1x"
  }
}
