{"operating_system": "Windows-10-10.0.26200-SP0", "machine": "AMD64", "python": "3.11.16", "python_executable": "C:\\Users\\Anthony\\anaconda3\\envs\\strange-matter-gpu\\python.exe", "pytorch": "2.11.0+cu128", "pytorch_cuda": "12.8", "device": "cuda", "gpu": "NVIDIA GeForce RTX 5070 Ti"}
{"epoch": 1, "train_rmse": 1.0161373997116487, "validation_rmse": 0.9307639598846436, "validation_ma_st_rae": 0.9570815631419332, "validation_CYP1A2_st_rae": 0.9130849650838111, "validation_CYP2C9_st_rae": 1.0296422754825123, "validation_CYP2D6_st_rae": 1.0790773218825191, "validation_CYP3A4_st_rae": 0.80652169011889, "mean_raw_gradient_norm": 5.366483941078186, "fraction_gradients_clipped": 1.0}
{"epoch": 2, "train_rmse": 1.087012813491154, "validation_rmse": 0.9286505579948425, "validation_ma_st_rae": 0.9543834222724807, "validation_CYP1A2_st_rae": 0.9117875003820816, "validation_CYP2C9_st_rae": 1.025865772739545, "validation_CYP2D6_st_rae": 1.0744692718897444, "validation_CYP3A4_st_rae": 0.8054111440785521, "mean_raw_gradient_norm": 6.208435292243958, "fraction_gradients_clipped": 1.0}
{"epoch": 3, "train_rmse": 1.0443695599851957, "validation_rmse": 0.9266277551651001, "validation_ma_st_rae": 0.9511379620140948, "validation_CYP1A2_st_rae": 0.9114670460745905, "validation_CYP2C9_st_rae": 1.0188502555030696, "validation_CYP2D6_st_rae": 1.0722253510712592, "validation_CYP3A4_st_rae": 0.8020091954074601, "mean_raw_gradient_norm": 5.140289678573608, "fraction_gradients_clipped": 1.0}
{"epoch": 4, "train_rmse": 1.061979843952144, "validation_rmse": 0.9254785180091858, "validation_ma_st_rae": 0.9482304571064051, "validation_CYP1A2_st_rae": 0.9129160129376734, "validation_CYP2C9_st_rae": 1.0086683756644657, "validation_CYP2D6_st_rae": 1.070905609318527, "validation_CYP3A4_st_rae": 0.8004318305049543, "mean_raw_gradient_norm": 5.500390233993531, "fraction_gradients_clipped": 1.0}
{"epoch": 5, "train_rmse": 1.0024882859059638, "validation_rmse": 0.9242854714393616, "validation_ma_st_rae": 0.9458318662212795, "validation_CYP1A2_st_rae": 0.9131351775083243, "validation_CYP2C9_st_rae": 1.0053805866742995, "validation_CYP2D6_st_rae": 1.0684601365785256, "validation_CYP3A4_st_rae": 0.7963515641239685, "mean_raw_gradient_norm": 4.446676144599914, "fraction_gradients_clipped": 1.0}
{"epoch": 6, "train_rmse": 0.9993025445698188, "validation_rmse": 0.9236884713172913, "validation_ma_st_rae": 0.9456822703952869, "validation_CYP1A2_st_rae": 0.9126236485772893, "validation_CYP2C9_st_rae": 1.0058405693473411, "validation_CYP2D6_st_rae": 1.069254569772461, "validation_CYP3A4_st_rae": 0.7950102938840556, "mean_raw_gradient_norm": 5.095556805133819, "fraction_gradients_clipped": 1.0}
{"epoch": 7, "train_rmse": 1.0205451404040513, "validation_rmse": 0.9228163361549377, "validation_ma_st_rae": 0.9442674193323028, "validation_CYP1A2_st_rae": 0.9123347866135971, "validation_CYP2C9_st_rae": 1.0057855225097923, "validation_CYP2D6_st_rae": 1.0652300614241192, "validation_CYP3A4_st_rae": 0.7937193067817023, "mean_raw_gradient_norm": 5.47975712776184, "fraction_gradients_clipped": 1.0}
{"epoch": 8, "train_rmse": 1.0175649089711667, "validation_rmse": 0.9226697087287903, "validation_ma_st_rae": 0.9443349236817091, "validation_CYP1A2_st_rae": 0.9122503411860462, "validation_CYP2C9_st_rae": 1.0068166857891765, "validation_CYP2D6_st_rae": 1.0644894544042265, "validation_CYP3A4_st_rae": 0.7937832133473874, "mean_raw_gradient_norm": 5.3603729820251464, "fraction_gradients_clipped": 1.0}
{
  "seed": 4211,
  "selection_metric": "validation_ma_st_rae",
  "best_validation_ma_st_rae": 0.9458318662212795,
  "best_validation_rmse": 0.9242854714393616,
  "restored_fit_rmse": 0.8733704090118408,
  "restored_validation_rmse": 0.9242841005325317,
  "restored_fit_ma_st_rae": 0.8875292071383206,
  "restored_validation_ma_st_rae": 0.9499887577559494,
  "restored_validation_point_ma_st_rae": 0.9458376803179728,
  "restored_validation_point_st_rae_by_cyp": {
    "CYP1A2": 0.9131547640241868,
    "CYP2C9": 1.005358156937086,
    "CYP2D6": 1.0684948087373916,
    "CYP3A4": 0.7963429915732266
  },
  "restored_fit_st_rae_by_cyp": {
    "CYP1A2": 0.9228172026046404,
    "CYP2C9": 0.8144379176909625,
    "CYP2D6": 1.011870343547317,
    "CYP3A4": 0.8009913647103626
  },
  "restored_validation_st_rae_by_cyp": {
    "CYP1A2": 0.9159290259530533,
    "CYP2C9": 1.0146232485994597,
    "CYP2D6": 1.0718133836271024,
    "CYP3A4": 0.7975893728441817
  },
  "validation_bootstrap_metrics": {
    "n_bootstrap_samples": 1000,
    "seed": 0,
    "macro": {
      "st_rae": {
        "mean": 0.9499887577559494,
        "ci_low": 0.8905936177490957,
        "ci_high": 1.0145099132878643
      },
      "mae": {
        "mean": 0.6853576855563738,
        "ci_low": 0.6524293759373911,
        "ci_high": 0.7229594407819312
      },
      "r2": {
        "mean": 0.08614462470646847,
        "ci_low": 0.018680157515326323,
        "ci_high": 0.1450157559195114
      },
      "spearman_rho": {
        "mean": 0.37148652657548314,
        "ci_low": 0.31038928639755475,
        "ci_high": 0.43051705720852307
      },
      "kendall_tau": {
        "mean": 0.25683155223724025,
        "ci_low": 0.21375212560688173,
        "ci_high": 0.29668260169431965
      }
    },
    "per_endpoint": {
      "CYP1A2": {
        "st_rae": {
          "mean": 0.9159290259530533,
          "ci_low": 0.8196844288013972,
          "ci_high": 1.029922690429662
        },
        "mae": {
          "mean": 0.7363173767640856,
          "ci_low": 0.6577426262696584,
          "ci_high": 0.8235357216464148
        },
        "r2": {
          "mean": 0.11503057210806558,
          "ci_low": 0.025939303120760662,
          "ci_high": 0.19960899754849099
        },
        "spearman_rho": {
          "mean": 0.37984119451946047,
          "ci_low": 0.2660406912196931,
          "ci_high": 0.4893415231689969
        },
        "kendall_tau": {
          "mean": 0.25986389251409525,
          "ci_low": 0.1809105306677986,
          "ci_high": 0.33789321443026776
        }
      },
      "CYP2C9": {
        "st_rae": {
          "mean": 1.0146232485994597,
          "ci_low": 0.8688474418386978,
          "ci_high": 1.202487056652661
        },
        "mae": {
          "mean": 0.526948722159421,
          "ci_low": 0.4674653869141977,
          "ci_high": 0.5817508417777915
        },
        "r2": {
          "mean": 0.04998208741865924,
          "ci_low": -0.18252403924469673,
          "ci_high": 0.2054204669472706
        },
        "spearman_rho": {
          "mean": 0.36768350324007837,
          "ci_low": 0.23293316613262346,
          "ci_high": 0.4891038342645338
        },
        "kendall_tau": {
          "mean": 0.2546876993209367,
          "ci_low": 0.1622407695801388,
          "ci_high": 0.3427626635790279
        }
      },
      "CYP2D6": {
        "st_rae": {
          "mean": 1.0718133836271024,
          "ci_low": 0.958030964242997,
          "ci_high": 1.1989376591129512
        },
        "mae": {
          "mean": 0.6786885017833467,
          "ci_low": 0.5954762242608151,
          "ci_high": 0.7679622119261046
        },
        "r2": {
          "mean": -0.05338348442149774,
          "ci_low": -0.1790065038464037,
          "ci_high": 0.06375653697098922
        },
        "spearman_rho": {
          "mean": 0.21474918220947603,
          "ci_low": 0.08557261124141119,
          "ci_high": 0.3437009081905766
        },
        "kendall_tau": {
          "mean": 0.14509359896789148,
          "ci_low": 0.0569236616988035,
          "ci_high": 0.23677539634595174
        }
      },
      "CYP3A4": {
        "st_rae": {
          "mean": 0.7975893728441817,
          "ci_low": 0.7337526161517077,
          "ci_high": 0.8669042712124166
        },
        "mae": {
          "mean": 0.7994761415186414,
          "ci_low": 0.7430511618471011,
          "ci_high": 0.8619128746621669
        },
        "r2": {
          "mean": 0.2329493237206468,
          "ci_low": 0.17021051089842829,
          "ci_high": 0.2916778789678136
        },
        "spearman_rho": {
          "mean": 0.5236722263329178,
          "ci_low": 0.4395640318943632,
          "ci_high": 0.6035848389244541
        },
        "kendall_tau": {
          "mean": 0.36768101814603754,
          "ci_low": 0.30361142532120444,
          "ci_high": 0.4285390477138317
        }
      }
    }
  },
  "epochs_run": 8,
  "fit_observations": 4213,
  "validation_observations": 1003,
  "rule": "gray_scott",
  "generations": 250,
  "hidden_channels": 8,
  "atom_feature_profile": "electronic_local",
  "atom_feature_count": 37,
  "atom_feature_names": [
    "element_H",
    "element_C",
    "element_N",
    "element_O",
    "element_F",
    "element_P",
    "element_S",
    "element_Cl",
    "element_Br",
    "element_I",
    "element_other",
    "formal_charge",
    "aromatic",
    "hybrid_sp",
    "hybrid_sp2",
    "hybrid_sp3",
    "hybrid_other",
    "degree",
    "total_hydrogens",
    "in_ring",
    "hbond_donor",
    "hbond_acceptor",
    "chiral_cw",
    "chiral_ccw",
    "chiral_other",
    "electronegativity",
    "polarizability",
    "heteroatom",
    "halogen",
    "conjugated_bond_fraction",
    "first_ionization_energy",
    "electron_affinity",
    "electronic_property_missing",
    "mean_neighbour_electronegativity",
    "electronegativity_difference",
    "mean_neighbour_atomic_number",
    "neighbour_formal_charge"
  ],
  "device": "cuda",
  "gpu": "NVIDIA GeForce RTX 5070 Ti",
  "training_seconds": 372.48454950004816,
  "peak_gpu_memory_bytes": 367362048,
  "runtime": {
    "operating_system": "Windows-10-10.0.26200-SP0",
    "machine": "AMD64",
    "python": "3.11.16",
    "python_executable": "C:\\Users\\Anthony\\anaconda3\\envs\\strange-matter-gpu\\python.exe",
    "pytorch": "2.11.0+cu128",
    "pytorch_cuda": "12.8",
    "device": "cuda",
    "gpu": "NVIDIA GeForce RTX 5070 Ti"
  },
  "validation_protocol": {
    "kind": "scaffold_cross_validation",
    "fold": 3,
    "folds": 5
  },
  "readout": "differentiable_closed_form_ridge",
  "hyperparameters": {
    "ca_lr": 0.0003,
    "ridge": 1.0,
    "ca_l2": 0.0001,
    "gradient_clip": 1.0,
    "update_scale": 0.25,
    "init_scale": 0.5,
    "initial_noise": 0.0,
    "support_fraction": 0.6,
    "bond_temperature": 2.0,
    "dyn_a": 0.5,
    "dyn_b": 0.2,
    "dyn_c": 0.5,
    "dyn_d": 0.05,
    "lr_schedule": "cosine_0.1x"
  }
}
