{"device": "cuda", "gpu": "NVIDIA GeForce RTX 5070 Ti", "pytorch": "2.11.0+cu128", "pytorch_cuda": "12.8"}
{"epoch": 1, "train_rmse": 1.2287244740234413, "validation_rmse": 1.0359508991241455, "mean_raw_gradient_norm": 10.703264284133912, "fraction_gradients_clipped": 1.0}
{"epoch": 2, "train_rmse": 1.2787839017694163, "validation_rmse": 1.0365217924118042, "mean_raw_gradient_norm": 12.432819366455078, "fraction_gradients_clipped": 1.0}
{"epoch": 3, "train_rmse": 1.1380679235099942, "validation_rmse": 1.0362746715545654, "mean_raw_gradient_norm": 14.555493426322936, "fraction_gradients_clipped": 1.0}
{
  "seed": 1701,
  "best_validation_rmse": 1.0359508991241455,
  "restored_fit_rmse": 0.9254838228225708,
  "restored_validation_rmse": 1.0360078811645508,
  "epochs_run": 3,
  "fit_observations": 791,
  "validation_observations": 273,
  "rule": "coupled_map",
  "generations": 250,
  "hidden_channels": 4,
  "device": "cuda",
  "gpu": "NVIDIA GeForce RTX 5070 Ti",
  "training_seconds": 23.631045499932952,
  "peak_gpu_memory_bytes": 208242688,
  "readout": "differentiable_closed_form_ridge",
  "hyperparameters": {
    "ca_lr": 0.0003,
    "ridge": 0.01,
    "ca_l2": 1e-06,
    "gradient_clip": 1.0,
    "update_scale": 0.25,
    "init_scale": 0.5,
    "initial_noise": 0.005,
    "support_fraction": 0.6,
    "bond_temperature": 0.5,
    "dyn_a": 0.5,
    "dyn_b": 0.5,
    "dyn_c": 0.8,
    "dyn_d": 0.05,
    "lr_schedule": "cosine_0.1x"
  }
}
