{"operating_system": "macOS-26.2-arm64-arm-64bit", "machine": "arm64", "python": "3.10.19", "python_executable": "/opt/anaconda3/envs/kcc2/bin/python3.10", "pytorch": "2.8.0", "pytorch_cuda": null, "device": "cpu", "gpu": null}
{"epoch": 1, "train_rmse": 1.3061092328007131, "validation_rmse": 0.9850553274154663, "mean_raw_gradient_norm": 26.537744331359864, "fraction_gradients_clipped": 1.0}
{"epoch": 2, "train_rmse": 1.2533412984500234, "validation_rmse": 0.991041362285614, "mean_raw_gradient_norm": 19.779779815673827, "fraction_gradients_clipped": 1.0}
{"epoch": 3, "train_rmse": 1.3994619349251045, "validation_rmse": 0.992651104927063, "mean_raw_gradient_norm": 23.415681648254395, "fraction_gradients_clipped": 1.0}
{
  "seed": 1701,
  "best_validation_rmse": 0.9850553274154663,
  "restored_fit_rmse": 0.8541812300682068,
  "restored_validation_rmse": 0.9850553274154663,
  "epochs_run": 3,
  "fit_observations": 791,
  "validation_observations": 273,
  "rule": "delayed_memory",
  "generations": 32,
  "hidden_channels": 16,
  "device": "cpu",
  "gpu": null,
  "training_seconds": 4.39198979199864,
  "peak_gpu_memory_bytes": 0,
  "runtime": {
    "operating_system": "macOS-26.2-arm64-arm-64bit",
    "machine": "arm64",
    "python": "3.10.19",
    "python_executable": "/opt/anaconda3/envs/kcc2/bin/python3.10",
    "pytorch": "2.8.0",
    "pytorch_cuda": null,
    "device": "cpu",
    "gpu": null
  },
  "readout": "differentiable_closed_form_ridge",
  "hyperparameters": {
    "ca_lr": 0.001,
    "ridge": 0.01,
    "ca_l2": 0.0001,
    "gradient_clip": 0.5,
    "update_scale": 0.4,
    "init_scale": 1.0,
    "initial_noise": 0.0,
    "support_fraction": 0.75,
    "bond_temperature": 2.0,
    "dyn_a": 0.5,
    "dyn_b": 0.8,
    "dyn_c": 0.5,
    "dyn_d": 0.05,
    "lr_schedule": "cosine_0.1x"
  }
}
