{"operating_system": "Windows-10-10.0.26200-SP0", "machine": "AMD64", "python": "3.11.16", "python_executable": "C:\\Users\\Anthony\\anaconda3\\envs\\strange-matter-gpu\\python.exe", "pytorch": "2.11.0+cu128", "pytorch_cuda": "12.8", "device": "cuda", "gpu": "NVIDIA GeForce RTX 5070 Ti"}
{"epoch": 1, "train_rmse": 1.2830362939059914, "validation_rmse": 0.8942317366600037, "mean_raw_gradient_norm": 15.074800860497259, "fraction_gradients_clipped": 1.0}
{"epoch": 2, "train_rmse": 1.0947741233823707, "validation_rmse": 0.8943179249763489, "mean_raw_gradient_norm": 8.198953397812382, "fraction_gradients_clipped": 1.0}
{"epoch": 3, "train_rmse": 1.0756829504686503, "validation_rmse": 0.8942557573318481, "mean_raw_gradient_norm": 5.404269827950385, "fraction_gradients_clipped": 0.967741935483871}
{"epoch": 4, "train_rmse": 1.1306234130512944, "validation_rmse": 0.8825883865356445, "mean_raw_gradient_norm": 6.397452200612714, "fraction_gradients_clipped": 0.967741935483871}
{"epoch": 5, "train_rmse": 1.1208574059350478, "validation_rmse": 0.8857157230377197, "mean_raw_gradient_norm": 5.318427724222983, "fraction_gradients_clipped": 1.0}
{"epoch": 6, "train_rmse": 1.0190830576464525, "validation_rmse": 0.8837149143218994, "mean_raw_gradient_norm": 4.8817923588137475, "fraction_gradients_clipped": 0.8709677419354839}
{"epoch": 7, "train_rmse": 1.05109232095734, "validation_rmse": 0.8819697499275208, "mean_raw_gradient_norm": 3.8652417621304913, "fraction_gradients_clipped": 0.9193548387096774}
{"epoch": 8, "train_rmse": 1.055167866295082, "validation_rmse": 0.8801308274269104, "mean_raw_gradient_norm": 4.0914092563813735, "fraction_gradients_clipped": 0.8225806451612904}
{"epoch": 9, "train_rmse": 1.0675091225893476, "validation_rmse": 0.8798655867576599, "mean_raw_gradient_norm": 4.702916614470944, "fraction_gradients_clipped": 0.8870967741935484}
{
  "seed": 4211,
  "best_validation_rmse": 0.8825883865356445,
  "restored_fit_rmse": 0.820741593837738,
  "restored_validation_rmse": 0.8825738430023193,
  "epochs_run": 9,
  "fit_observations": 5216,
  "validation_observations": 1309,
  "rule": "coupled_map",
  "generations": 250,
  "hidden_channels": 24,
  "atom_feature_profile": "valence_electronic",
  "atom_feature_count": 35,
  "atom_feature_names": [
    "element_H",
    "element_C",
    "element_N",
    "element_O",
    "element_F",
    "element_P",
    "element_S",
    "element_Cl",
    "element_Br",
    "element_I",
    "element_other",
    "formal_charge",
    "aromatic",
    "hybrid_sp",
    "hybrid_sp2",
    "hybrid_sp3",
    "hybrid_other",
    "degree",
    "total_hydrogens",
    "in_ring",
    "hbond_donor",
    "hbond_acceptor",
    "chiral_cw",
    "chiral_ccw",
    "chiral_other",
    "total_valence",
    "implicit_valence",
    "heavy_atom_degree",
    "radical_electrons",
    "absolute_formal_charge",
    "electronegativity",
    "polarizability",
    "heteroatom",
    "halogen",
    "conjugated_bond_fraction"
  ],
  "device": "cuda",
  "gpu": "NVIDIA GeForce RTX 5070 Ti",
  "training_seconds": 454.0793588999659,
  "peak_gpu_memory_bytes": 1244048384,
  "runtime": {
    "operating_system": "Windows-10-10.0.26200-SP0",
    "machine": "AMD64",
    "python": "3.11.16",
    "python_executable": "C:\\Users\\Anthony\\anaconda3\\envs\\strange-matter-gpu\\python.exe",
    "pytorch": "2.11.0+cu128",
    "pytorch_cuda": "12.8",
    "device": "cuda",
    "gpu": "NVIDIA GeForce RTX 5070 Ti"
  },
  "readout": "differentiable_closed_form_ridge",
  "hyperparameters": {
    "ca_lr": 0.003,
    "ridge": 1.0,
    "ca_l2": 1e-06,
    "gradient_clip": 2.0,
    "update_scale": 0.15,
    "init_scale": 1.0,
    "initial_noise": 0.005,
    "support_fraction": 0.85,
    "bond_temperature": 2.0,
    "dyn_a": 0.2,
    "dyn_b": 0.2,
    "dyn_c": 0.5,
    "dyn_d": 0.05,
    "lr_schedule": "cosine_0.1x"
  }
}
