{"operating_system": "macOS-26.2-arm64-arm-64bit", "machine": "arm64", "python": "3.10.19", "python_executable": "/opt/anaconda3/envs/kcc2/bin/python3.10", "pytorch": "2.8.0", "pytorch_cuda": null, "device": "cpu", "gpu": null}
{"epoch": 1, "train_rmse": 1.1702545779183906, "validation_rmse": 0.9598361253738403, "mean_raw_gradient_norm": 713.9397375352921, "fraction_gradients_clipped": 1.0}
{"epoch": 2, "train_rmse": 1.3401398700757472, "validation_rmse": 0.9573381543159485, "mean_raw_gradient_norm": 457.9876935405116, "fraction_gradients_clipped": 1.0}
{"epoch": 3, "train_rmse": 1.1000535034984655, "validation_rmse": 0.9422979354858398, "mean_raw_gradient_norm": 147.21122629411758, "fraction_gradients_clipped": 1.0}
{"epoch": 4, "train_rmse": 1.0867354373780058, "validation_rmse": 0.9455810785293579, "mean_raw_gradient_norm": 1387.7358338755946, "fraction_gradients_clipped": 1.0}
{"epoch": 5, "train_rmse": 1.1172918700496175, "validation_rmse": 0.933654248714447, "mean_raw_gradient_norm": 60.82714665320612, "fraction_gradients_clipped": 1.0}
{"epoch": 6, "train_rmse": 1.1447650974746175, "validation_rmse": 0.9349362254142761, "mean_raw_gradient_norm": 594.7597001906364, "fraction_gradients_clipped": 1.0}
{"epoch": 7, "train_rmse": 1.1811663246873223, "validation_rmse": 0.9401734471321106, "mean_raw_gradient_norm": 217.9939921594435, "fraction_gradients_clipped": 1.0}
{"epoch": 8, "train_rmse": 1.174659239270676, "validation_rmse": 0.9369359016418457, "mean_raw_gradient_norm": 133.28793098080544, "fraction_gradients_clipped": 1.0}
{"epoch": 9, "train_rmse": 1.1932988380836045, "validation_rmse": 0.935035765171051, "mean_raw_gradient_norm": 83.35896556608138, "fraction_gradients_clipped": 1.0}
{
  "seed": 2909,
  "best_validation_rmse": 0.933654248714447,
  "restored_fit_rmse": 0.8776739239692688,
  "restored_validation_rmse": 0.933654248714447,
  "epochs_run": 9,
  "fit_observations": 5216,
  "validation_observations": 1309,
  "rule": "fitzhugh_nagumo",
  "generations": 64,
  "hidden_channels": 8,
  "device": "cpu",
  "gpu": null,
  "training_seconds": 141.64229012501892,
  "peak_gpu_memory_bytes": 0,
  "runtime": {
    "operating_system": "macOS-26.2-arm64-arm-64bit",
    "machine": "arm64",
    "python": "3.10.19",
    "python_executable": "/opt/anaconda3/envs/kcc2/bin/python3.10",
    "pytorch": "2.8.0",
    "pytorch_cuda": null,
    "device": "cpu",
    "gpu": null
  },
  "readout": "differentiable_closed_form_ridge",
  "hyperparameters": {
    "ca_lr": 0.003,
    "ridge": 0.01,
    "ca_l2": 0.0001,
    "gradient_clip": 1.0,
    "update_scale": 0.4,
    "init_scale": 1.5,
    "initial_noise": 0.0,
    "support_fraction": 0.75,
    "bond_temperature": 0.5,
    "dyn_a": 0.2,
    "dyn_b": 0.8,
    "dyn_c": 0.5,
    "dyn_d": 0.05,
    "lr_schedule": "cosine_0.1x"
  }
}
