{"device": "cuda", "gpu": "NVIDIA GeForce RTX 5070 Ti", "pytorch": "2.11.0+cu128", "pytorch_cuda": "12.8"}
{"epoch": 1, "train_rmse": 0.990901137718564, "validation_rmse": 0.9120983481407166, "mean_raw_gradient_norm": 5.632665011190599, "fraction_gradients_clipped": 1.0}
{"epoch": 2, "train_rmse": 1.0399004267236034, "validation_rmse": 0.9063502550125122, "mean_raw_gradient_norm": 4.64615205026442, "fraction_gradients_clipped": 1.0}
{"epoch": 3, "train_rmse": 1.033307772536776, "validation_rmse": 0.9057884216308594, "mean_raw_gradient_norm": 4.511541820341541, "fraction_gradients_clipped": 1.0}
{"epoch": 4, "train_rmse": 0.9991542228348537, "validation_rmse": 0.9001966714859009, "mean_raw_gradient_norm": 3.844442340635484, "fraction_gradients_clipped": 1.0}
{"epoch": 5, "train_rmse": 1.0400463850352815, "validation_rmse": 0.8958030343055725, "mean_raw_gradient_norm": 4.313131474679516, "fraction_gradients_clipped": 1.0}
{"epoch": 6, "train_rmse": 1.0186615123509286, "validation_rmse": 0.897177517414093, "mean_raw_gradient_norm": 3.9638919714958436, "fraction_gradients_clipped": 1.0}
{"epoch": 7, "train_rmse": 1.007287501426165, "validation_rmse": 0.8962104320526123, "mean_raw_gradient_norm": 4.366151609728413, "fraction_gradients_clipped": 1.0}
{"epoch": 8, "train_rmse": 0.9855212485828391, "validation_rmse": 0.8959154486656189, "mean_raw_gradient_norm": 3.6918902820156467, "fraction_gradients_clipped": 1.0}
{"epoch": 9, "train_rmse": 0.9609511046854784, "validation_rmse": 0.8958802223205566, "mean_raw_gradient_norm": 3.981318635325278, "fraction_gradients_clipped": 1.0}
{
  "seed": 4211,
  "best_validation_rmse": 0.8958030343055725,
  "restored_fit_rmse": 0.8353638648986816,
  "restored_validation_rmse": 0.8957968950271606,
  "epochs_run": 9,
  "fit_observations": 5216,
  "validation_observations": 1309,
  "rule": "gated_residual",
  "generations": 64,
  "hidden_channels": 8,
  "device": "cuda",
  "gpu": "NVIDIA GeForce RTX 5070 Ti",
  "training_seconds": 81.93639429996256,
  "peak_gpu_memory_bytes": 237864960,
  "readout": "differentiable_closed_form_ridge",
  "hyperparameters": {
    "ca_lr": 0.003,
    "ridge": 0.01,
    "ca_l2": 0.0001,
    "gradient_clip": 1.0,
    "update_scale": 0.4,
    "init_scale": 1.5,
    "initial_noise": 0.0,
    "support_fraction": 0.75,
    "bond_temperature": 0.5,
    "dyn_a": 0.2,
    "dyn_b": 0.8,
    "dyn_c": 0.5,
    "dyn_d": 0.05,
    "lr_schedule": "cosine_0.1x"
  }
}
