{"operating_system": "macOS-26.2-arm64-arm-64bit", "machine": "arm64", "python": "3.10.19", "python_executable": "/opt/anaconda3/envs/kcc2/bin/python3.10", "pytorch": "2.8.0", "pytorch_cuda": null, "device": "cpu", "gpu": null}
{"epoch": 1, "train_rmse": 1.2962698134200448, "validation_rmse": 1.0362865924835205, "mean_raw_gradient_norm": 1182.695862197876, "fraction_gradients_clipped": 1.0}
{"epoch": 2, "train_rmse": 25.81152784368785, "validation_rmse": 1.0326772928237915, "mean_raw_gradient_norm": 510657.8141704559, "fraction_gradients_clipped": 1.0}
{"epoch": 3, "train_rmse": 1.2086508832093454, "validation_rmse": 1.0353291034698486, "mean_raw_gradient_norm": 71.95989646911622, "fraction_gradients_clipped": 1.0}
{
  "seed": 1701,
  "best_validation_rmse": 1.0326772928237915,
  "restored_fit_rmse": 0.9110993146896362,
  "restored_validation_rmse": 1.0326772928237915,
  "epochs_run": 3,
  "fit_observations": 791,
  "validation_observations": 273,
  "rule": "fitzhugh_nagumo",
  "generations": 64,
  "hidden_channels": 8,
  "device": "cpu",
  "gpu": null,
  "training_seconds": 7.879785833065398,
  "peak_gpu_memory_bytes": 0,
  "runtime": {
    "operating_system": "macOS-26.2-arm64-arm-64bit",
    "machine": "arm64",
    "python": "3.10.19",
    "python_executable": "/opt/anaconda3/envs/kcc2/bin/python3.10",
    "pytorch": "2.8.0",
    "pytorch_cuda": null,
    "device": "cpu",
    "gpu": null
  },
  "readout": "differentiable_closed_form_ridge",
  "hyperparameters": {
    "ca_lr": 0.001,
    "ridge": 0.1,
    "ca_l2": 1e-05,
    "gradient_clip": 1.0,
    "update_scale": 0.25,
    "init_scale": 1.0,
    "initial_noise": 0.0,
    "support_fraction": 0.75,
    "bond_temperature": 1.0,
    "dyn_a": 0.5,
    "dyn_b": 0.5,
    "dyn_c": 0.5,
    "dyn_d": 0.2,
    "lr_schedule": "cosine_0.1x"
  }
}
