{"operating_system": "Windows-10-10.0.26200-SP0", "machine": "AMD64", "python": "3.11.16", "python_executable": "C:\\Users\\Anthony\\anaconda3\\envs\\strange-matter-gpu\\python.exe", "pytorch": "2.11.0+cu128", "pytorch_cuda": "12.8", "device": "cuda", "gpu": "NVIDIA GeForce RTX 5070 Ti"}
{"epoch": 1, "train_rmse": 1.564021697371576, "validation_rmse": 0.903567910194397, "validation_ma_st_rae": 0.8467312515599136, "validation_CYP1A2_st_rae": 0.8713107783574515, "validation_CYP2C9_st_rae": 0.8423975277191297, "validation_CYP2D6_st_rae": 0.98789101306604, "validation_CYP3A4_st_rae": 0.6853256870970332, "mean_raw_gradient_norm": 140.4014714917829, "fraction_gradients_clipped": 1.0}
{"epoch": 2, "train_rmse": 1.0904272721431822, "validation_rmse": 0.8989062905311584, "validation_ma_st_rae": 0.8425582765357686, "validation_CYP1A2_st_rae": 0.8575788941836869, "validation_CYP2C9_st_rae": 0.8354383139411654, "validation_CYP2D6_st_rae": 1.0335602529651686, "validation_CYP3A4_st_rae": 0.6436556450530535, "mean_raw_gradient_norm": 17.377278270259982, "fraction_gradients_clipped": 1.0}
{"epoch": 3, "train_rmse": 1.1085068425488833, "validation_rmse": 0.9010463953018188, "validation_ma_st_rae": 0.8329062021142918, "validation_CYP1A2_st_rae": 0.8639510045538481, "validation_CYP2C9_st_rae": 0.7954406514967768, "validation_CYP2D6_st_rae": 1.0331528728025927, "validation_CYP3A4_st_rae": 0.6390802796039495, "mean_raw_gradient_norm": 16.45278746466483, "fraction_gradients_clipped": 1.0}
{"epoch": 4, "train_rmse": 1.1400856604623624, "validation_rmse": 0.8995576500892639, "validation_ma_st_rae": 0.8317111186784878, "validation_CYP1A2_st_rae": 0.8521559873933934, "validation_CYP2C9_st_rae": 0.8062359247753975, "validation_CYP2D6_st_rae": 1.0121563027571086, "validation_CYP3A4_st_rae": 0.6562962597880516, "mean_raw_gradient_norm": 15.194768482638944, "fraction_gradients_clipped": 1.0}
{"epoch": 5, "train_rmse": 1.1228962583583266, "validation_rmse": 0.9038083553314209, "validation_ma_st_rae": 0.8366601839727439, "validation_CYP1A2_st_rae": 0.8877161028219139, "validation_CYP2C9_st_rae": 0.7905981424260956, "validation_CYP2D6_st_rae": 0.9943842156065253, "validation_CYP3A4_st_rae": 0.6739422750364403, "mean_raw_gradient_norm": 11.444030730955062, "fraction_gradients_clipped": 1.0}
{"epoch": 6, "train_rmse": 0.9987332386492326, "validation_rmse": 0.8985344171524048, "validation_ma_st_rae": 0.8430313101304185, "validation_CYP1A2_st_rae": 0.8674288213687691, "validation_CYP2C9_st_rae": 0.8450749821995965, "validation_CYP2D6_st_rae": 1.0196759563041695, "validation_CYP3A4_st_rae": 0.6399454806491389, "mean_raw_gradient_norm": 5.44293813936172, "fraction_gradients_clipped": 1.0}
{"epoch": 7, "train_rmse": 1.0025930400565077, "validation_rmse": 0.8944839835166931, "validation_ma_st_rae": 0.8315951813948402, "validation_CYP1A2_st_rae": 0.8580527085085262, "validation_CYP2C9_st_rae": 0.8140494039883325, "validation_CYP2D6_st_rae": 1.0222476202077202, "validation_CYP3A4_st_rae": 0.6320309928747823, "mean_raw_gradient_norm": 7.270032901917735, "fraction_gradients_clipped": 1.0}
{"epoch": 8, "train_rmse": 1.0043693748002238, "validation_rmse": 0.8905227184295654, "validation_ma_st_rae": 0.8273426370338102, "validation_CYP1A2_st_rae": 0.8602693894777095, "validation_CYP2C9_st_rae": 0.8224034717230914, "validation_CYP2D6_st_rae": 1.0183421949309108, "validation_CYP3A4_st_rae": 0.608355492003529, "mean_raw_gradient_norm": 5.22948855738486, "fraction_gradients_clipped": 1.0}
{"epoch": 9, "train_rmse": 0.958897959901428, "validation_rmse": 0.8804563879966736, "validation_ma_st_rae": 0.8122663692173431, "validation_CYP1A2_st_rae": 0.8515427562676195, "validation_CYP2C9_st_rae": 0.7855070191915651, "validation_CYP2D6_st_rae": 1.0111741787381927, "validation_CYP3A4_st_rae": 0.6008415226719952, "mean_raw_gradient_norm": 6.58839435731211, "fraction_gradients_clipped": 1.0}
{"epoch": 10, "train_rmse": 0.9591032437105902, "validation_rmse": 0.8804982304573059, "validation_ma_st_rae": 0.8118505583414543, "validation_CYP1A2_st_rae": 0.8495112551938276, "validation_CYP2C9_st_rae": 0.7752385651286688, "validation_CYP2D6_st_rae": 1.0178819814172946, "validation_CYP3A4_st_rae": 0.6047704316260257, "mean_raw_gradient_norm": 6.05877810524356, "fraction_gradients_clipped": 1.0}
{"epoch": 11, "train_rmse": 0.9660186122701198, "validation_rmse": 0.8844075798988342, "validation_ma_st_rae": 0.8105173704237574, "validation_CYP1A2_st_rae": 0.8366743405108478, "validation_CYP2C9_st_rae": 0.8039096740131463, "validation_CYP2D6_st_rae": 1.0081478713258798, "validation_CYP3A4_st_rae": 0.5933375958451554, "mean_raw_gradient_norm": 4.675641223307578, "fraction_gradients_clipped": 1.0}
{"epoch": 12, "train_rmse": 0.9869577876751804, "validation_rmse": 0.8829199075698853, "validation_ma_st_rae": 0.8159564818170684, "validation_CYP1A2_st_rae": 0.8531069683735093, "validation_CYP2C9_st_rae": 0.8043711830963111, "validation_CYP2D6_st_rae": 1.0150152522623503, "validation_CYP3A4_st_rae": 0.5913325235361028, "mean_raw_gradient_norm": 5.3767399384129435, "fraction_gradients_clipped": 1.0}
{"epoch": 13, "train_rmse": 0.9645757156532355, "validation_rmse": 0.8801731467247009, "validation_ma_st_rae": 0.8132315066290463, "validation_CYP1A2_st_rae": 0.8562047634786416, "validation_CYP2C9_st_rae": 0.8141568502886516, "validation_CYP2D6_st_rae": 1.0025151182408056, "validation_CYP3A4_st_rae": 0.5800492945080862, "mean_raw_gradient_norm": 5.056712854293085, "fraction_gradients_clipped": 1.0}
{"epoch": 14, "train_rmse": 0.9326283910734163, "validation_rmse": 0.8748271465301514, "validation_ma_st_rae": 0.8035601609083686, "validation_CYP1A2_st_rae": 0.8435805757489262, "validation_CYP2C9_st_rae": 0.7836766924231603, "validation_CYP2D6_st_rae": 1.0057032903446974, "validation_CYP3A4_st_rae": 0.5812800851166905, "mean_raw_gradient_norm": 6.113506253688566, "fraction_gradients_clipped": 1.0}
{"epoch": 15, "train_rmse": 0.9652798369512826, "validation_rmse": 0.8745173811912537, "validation_ma_st_rae": 0.8024433380475515, "validation_CYP1A2_st_rae": 0.8456184649732148, "validation_CYP2C9_st_rae": 0.7855856911874886, "validation_CYP2D6_st_rae": 1.0006473497193333, "validation_CYP3A4_st_rae": 0.5779218463101693, "mean_raw_gradient_norm": 4.919676057754025, "fraction_gradients_clipped": 1.0}
{"dynamics_phase": "screen_start", "validation_pairs": 1309}
{"dynamics_phase": "screen_complete", "validation_pairs": 1309}
{
  "seed": 1701,
  "selection_metric": "validation_ma_st_rae",
  "best_validation_ma_st_rae": 0.8035601609083686,
  "best_validation_rmse": 0.8748271465301514,
  "restored_fit_rmse": 0.8165902495384216,
  "restored_validation_rmse": 0.87483149766922,
  "restored_fit_ma_st_rae": 0.8068355075140043,
  "restored_validation_ma_st_rae": 0.8074940377255607,
  "restored_validation_point_ma_st_rae": 0.8035722798419922,
  "restored_validation_point_st_rae_by_cyp": {
    "CYP1A2": 0.8436060746833628,
    "CYP2C9": 0.7836823665690499,
    "CYP2D6": 1.0057243732186218,
    "CYP3A4": 0.5812763048969345
  },
  "restored_fit_st_rae_by_cyp": {
    "CYP1A2": 0.8589329110196756,
    "CYP2C9": 0.718099554295467,
    "CYP2D6": 0.9680283309391029,
    "CYP3A4": 0.6822812338017716
  },
  "restored_validation_st_rae_by_cyp": {
    "CYP1A2": 0.8463395014044621,
    "CYP2C9": 0.7908388889098992,
    "CYP2D6": 1.0089623696422134,
    "CYP3A4": 0.5838353909456683
  },
  "validation_bootstrap_metrics": {
    "n_bootstrap_samples": 1000,
    "seed": 0,
    "macro": {
      "st_rae": {
        "mean": 0.8074940377255607,
        "ci_low": 0.7643042890857387,
        "ci_high": 0.8506475467811777
      },
      "mae": {
        "mean": 0.645004199957797,
        "ci_low": 0.6107577530191381,
        "ci_high": 0.6783390540666094
      },
      "r2": {
        "mean": 0.2449172018704984,
        "ci_low": 0.20208451126008384,
        "ci_high": 0.28622122407030903
      },
      "spearman_rho": {
        "mean": 0.4704343503886122,
        "ci_low": 0.42310629357867086,
        "ci_high": 0.5152820363896996
      },
      "kendall_tau": {
        "mean": 0.33463487986824136,
        "ci_low": 0.30015758124395525,
        "ci_high": 0.3690605142647209
      }
    },
    "per_endpoint": {
      "CYP1A2": {
        "st_rae": {
          "mean": 0.8463395014044621,
          "ci_low": 0.7593204577384026,
          "ci_high": 0.946749283621169
        },
        "mae": {
          "mean": 0.7222548417554183,
          "ci_low": 0.6370025054606445,
          "ci_high": 0.8032338167485945
        },
        "r2": {
          "mean": 0.17443066738849364,
          "ci_low": 0.08546830059387756,
          "ci_high": 0.25656435604614547
        },
        "spearman_rho": {
          "mean": 0.40473756129794436,
          "ci_low": 0.3043612044204019,
          "ci_high": 0.5080128147153127
        },
        "kendall_tau": {
          "mean": 0.2815281872556219,
          "ci_low": 0.20799365304809256,
          "ci_high": 0.3560619651266352
        }
      },
      "CYP2C9": {
        "st_rae": {
          "mean": 0.7908388889098992,
          "ci_low": 0.6832364419347887,
          "ci_high": 0.907568123139342
        },
        "mae": {
          "mean": 0.5356324506657465,
          "ci_low": 0.4792982074949476,
          "ci_high": 0.593113706982325
        },
        "r2": {
          "mean": 0.26155922348301697,
          "ci_low": 0.12511651446666644,
          "ci_high": 0.37353729156184756
        },
        "spearman_rho": {
          "mean": 0.5508494811208244,
          "ci_low": 0.44743035468614994,
          "ci_high": 0.6481366971947653
        },
        "kendall_tau": {
          "mean": 0.393026051149344,
          "ci_low": 0.3150233939933728,
          "ci_high": 0.469389542607235
        }
      },
      "CYP2D6": {
        "st_rae": {
          "mean": 1.0089623696422134,
          "ci_low": 0.949988193004684,
          "ci_high": 1.0713220157878682
        },
        "mae": {
          "mean": 0.7005953208270439,
          "ci_low": 0.6329361671301035,
          "ci_high": 0.7756678611315214
        },
        "r2": {
          "mean": 0.04636586699511213,
          "ci_low": -0.009020828038178452,
          "ci_high": 0.09838862851472677
        },
        "spearman_rho": {
          "mean": 0.19715094572806316,
          "ci_low": 0.09559489303075937,
          "ci_high": 0.29790463750518403
        },
        "kendall_tau": {
          "mean": 0.13265669285941056,
          "ci_low": 0.06349191280655297,
          "ci_high": 0.1997172135334201
        }
      },
      "CYP3A4": {
        "st_rae": {
          "mean": 0.5838353909456683,
          "ci_low": 0.5253422119239084,
          "ci_high": 0.6496273083781908
        },
        "mae": {
          "mean": 0.6215341865829801,
          "ci_low": 0.5797980805194897,
          "ci_high": 0.6649173140331455
        },
        "r2": {
          "mean": 0.49731304961537076,
          "ci_low": 0.44297556582116554,
          "ci_high": 0.546456471387434
        },
        "spearman_rho": {
          "mean": 0.7289994134076166,
          "ci_low": 0.6795633536080079,
          "ci_high": 0.7712646568027117
        },
        "kendall_tau": {
          "mean": 0.5313285882085891,
          "ci_low": 0.4893410383177396,
          "ci_high": 0.569354683347732
        }
      }
    }
  },
  "epochs_run": 15,
  "fit_observations": 5216,
  "validation_observations": 1309,
  "rule": "delayed_memory",
  "generations": 125,
  "hidden_channels": 16,
  "atom_feature_profile": "electronic_local",
  "atom_feature_count": 37,
  "atom_feature_names": [
    "element_H",
    "element_C",
    "element_N",
    "element_O",
    "element_F",
    "element_P",
    "element_S",
    "element_Cl",
    "element_Br",
    "element_I",
    "element_other",
    "formal_charge",
    "aromatic",
    "hybrid_sp",
    "hybrid_sp2",
    "hybrid_sp3",
    "hybrid_other",
    "degree",
    "total_hydrogens",
    "in_ring",
    "hbond_donor",
    "hbond_acceptor",
    "chiral_cw",
    "chiral_ccw",
    "chiral_other",
    "electronegativity",
    "polarizability",
    "heteroatom",
    "halogen",
    "conjugated_bond_fraction",
    "first_ionization_energy",
    "electron_affinity",
    "electronic_property_missing",
    "mean_neighbour_electronegativity",
    "electronegativity_difference",
    "mean_neighbour_atomic_number",
    "neighbour_formal_charge"
  ],
  "device": "cuda",
  "gpu": "NVIDIA GeForce RTX 5070 Ti",
  "training_seconds": 472.695462099975,
  "peak_gpu_memory_bytes": 316870656,
  "runtime": {
    "operating_system": "Windows-10-10.0.26200-SP0",
    "machine": "AMD64",
    "python": "3.11.16",
    "python_executable": "C:\\Users\\Anthony\\anaconda3\\envs\\strange-matter-gpu\\python.exe",
    "pytorch": "2.11.0+cu128",
    "pytorch_cuda": "12.8",
    "device": "cuda",
    "gpu": "NVIDIA GeForce RTX 5070 Ti"
  },
  "validation_protocol": {
    "kind": "reserved_scaffold_holdout"
  },
  "readout": "differentiable_closed_form_ridge",
  "hyperparameters": {
    "ca_lr": 0.003,
    "ridge": 1.0,
    "ca_l2": 1e-05,
    "gradient_clip": 1.0,
    "update_scale": 0.15,
    "init_scale": 0.5,
    "initial_noise": 0.005,
    "support_fraction": 0.75,
    "bond_temperature": 1.0,
    "dyn_a": 0.8,
    "dyn_b": 0.8,
    "dyn_c": 0.2,
    "dyn_d": 0.05,
    "lr_schedule": "cosine_0.1x"
  },
  "dynamical_analysis": {
    "validation_trajectories_screened": 1309,
    "perturbation_cases": 0,
    "classification_counts": {},
    "perturbation_status": "not_requested"
  }
}
