{"device": "cuda", "gpu": "NVIDIA GeForce RTX 5070 Ti", "pytorch": "2.11.0+cu128", "pytorch_cuda": "12.8"}
{"epoch": 1, "train_rmse": 1.6703850245589087, "validation_rmse": 1.0167179107666016, "mean_raw_gradient_norm": 116.5281054346185, "fraction_gradients_clipped": 1.0}
{"epoch": 2, "train_rmse": 1.7327242925980004, "validation_rmse": 1.016239047050476, "mean_raw_gradient_norm": 130.7861876236765, "fraction_gradients_clipped": 1.0}
{"epoch": 3, "train_rmse": 1.6859665409720328, "validation_rmse": 1.0157716274261475, "mean_raw_gradient_norm": 112.75796202609413, "fraction_gradients_clipped": 1.0}
{
  "seed": 1701,
  "best_validation_rmse": 1.0167179107666016,
  "restored_fit_rmse": 0.9289851188659668,
  "restored_validation_rmse": 1.016807198524475,
  "epochs_run": 3,
  "fit_observations": 791,
  "validation_observations": 273,
  "rule": "gated_residual",
  "generations": 125,
  "hidden_channels": 4,
  "device": "cuda",
  "gpu": "NVIDIA GeForce RTX 5070 Ti",
  "training_seconds": 13.75624609994702,
  "peak_gpu_memory_bytes": 66299392,
  "readout": "differentiable_closed_form_ridge",
  "hyperparameters": {
    "ca_lr": 0.0003,
    "ridge": 0.0001,
    "ca_l2": 0.0001,
    "gradient_clip": 0.5
  }
}
