{"operating_system": "Windows-10-10.0.26200-SP0", "machine": "AMD64", "python": "3.11.16", "python_executable": "C:\\Users\\Anthony\\anaconda3\\envs\\strange-matter-gpu\\python.exe", "pytorch": "2.11.0+cu128", "pytorch_cuda": "12.8", "device": "cuda", "gpu": "NVIDIA GeForce RTX 5070 Ti"}
{"epoch": 1, "train_rmse": 1.1004097273347109, "validation_rmse": 0.8827641606330872, "validation_ma_st_rae": 0.9971569609546803, "validation_CYP1A2_st_rae": 1.0261378252374664, "validation_CYP2C9_st_rae": 0.9618681719047303, "validation_CYP2D6_st_rae": 1.1164727618354497, "validation_CYP3A4_st_rae": 0.8841490848410749, "mean_raw_gradient_norm": 11.288420867919921, "fraction_gradients_clipped": 1.0}
{"epoch": 2, "train_rmse": 1.2504624617071078, "validation_rmse": 0.8753538727760315, "validation_ma_st_rae": 0.9903279878250332, "validation_CYP1A2_st_rae": 1.0318300726626477, "validation_CYP2C9_st_rae": 0.9114708650242463, "validation_CYP2D6_st_rae": 1.1341594128602928, "validation_CYP3A4_st_rae": 0.8838516007529456, "mean_raw_gradient_norm": 11.028771209716798, "fraction_gradients_clipped": 1.0}
{"epoch": 3, "train_rmse": 1.3320898125107798, "validation_rmse": 0.8741300702095032, "validation_ma_st_rae": 0.9887868329852453, "validation_CYP1A2_st_rae": 1.0168550491720842, "validation_CYP2C9_st_rae": 0.9161938592254096, "validation_CYP2D6_st_rae": 1.1429174641955666, "validation_CYP3A4_st_rae": 0.8791809593479205, "mean_raw_gradient_norm": 25.077134132385254, "fraction_gradients_clipped": 1.0}
{
  "seed": 1701,
  "selection_metric": "validation_ma_st_rae",
  "best_validation_ma_st_rae": 0.9903279878250332,
  "best_validation_rmse": 0.8753538727760315,
  "restored_fit_rmse": 0.8780599236488342,
  "restored_validation_rmse": 0.875343382358551,
  "restored_fit_ma_st_rae": 0.8195742258825524,
  "restored_validation_ma_st_rae": 1.0049823921449248,
  "restored_validation_point_ma_st_rae": 0.990275430258768,
  "restored_validation_point_st_rae_by_cyp": {
    "CYP1A2": 1.0318396178644527,
    "CYP2C9": 0.9112404380792336,
    "CYP2D6": 1.1341667954998778,
    "CYP3A4": 0.8838548695915075
  },
  "restored_fit_st_rae_by_cyp": {
    "CYP1A2": 0.783646877997119,
    "CYP2C9": 0.7459869707594864,
    "CYP2D6": 1.008030779465351,
    "CYP3A4": 0.740632275308253
  },
  "restored_validation_st_rae_by_cyp": {
    "CYP1A2": 1.0336746463930868,
    "CYP2C9": 0.9357824113812596,
    "CYP2D6": 1.1530704131195202,
    "CYP3A4": 0.8974020976858329
  },
  "validation_bootstrap_metrics": {
    "n_bootstrap_samples": 1000,
    "seed": 0,
    "macro": {
      "st_rae": {
        "mean": 1.0049823921449248,
        "ci_low": 0.8709006911408105,
        "ci_high": 1.151458668041881
      },
      "mae": {
        "mean": 0.6581435747498416,
        "ci_low": 0.5916276461812647,
        "ci_high": 0.7274596226414138
      },
      "r2": {
        "mean": 0.008163332736416251,
        "ci_low": -0.18060587263333744,
        "ci_high": 0.1536994657254743
      },
      "spearman_rho": {
        "mean": 0.4028388394577324,
        "ci_low": 0.29733897138166077,
        "ci_high": 0.5010941716751854
      },
      "kendall_tau": {
        "mean": 0.2790789201733894,
        "ci_low": 0.20550864365436472,
        "ci_high": 0.34945003596043894
      }
    },
    "per_endpoint": {
      "CYP1A2": {
        "st_rae": {
          "mean": 1.0336746463930868,
          "ci_low": 0.7440370310584609,
          "ci_high": 1.3412650284088188
        },
        "mae": {
          "mean": 0.692206767711483,
          "ci_low": 0.5338741717768497,
          "ci_high": 0.8786672163205068
        },
        "r2": {
          "mean": 0.018990636549921953,
          "ci_low": -0.475034376866634,
          "ci_high": 0.32183576132709274
        },
        "spearman_rho": {
          "mean": 0.41819679795243353,
          "ci_low": 0.18063627941722346,
          "ci_high": 0.6308531922160382
        },
        "kendall_tau": {
          "mean": 0.3013784212951977,
          "ci_low": 0.1360891002210979,
          "ci_high": 0.45687773007036997
        }
      },
      "CYP2C9": {
        "st_rae": {
          "mean": 0.9357824113812596,
          "ci_low": 0.6305236756039317,
          "ci_high": 1.3354814468385803
        },
        "mae": {
          "mean": 0.5588701759457588,
          "ci_low": 0.43997622072696685,
          "ci_high": 0.6844884510835011
        },
        "r2": {
          "mean": -0.05011112925448067,
          "ci_low": -0.520885387617946,
          "ci_high": 0.2839202568326783
        },
        "spearman_rho": {
          "mean": 0.40390076733867303,
          "ci_low": 0.1646109605328659,
          "ci_high": 0.6173630116060367
        },
        "kendall_tau": {
          "mean": 0.2823623395460446,
          "ci_low": 0.10609178655982518,
          "ci_high": 0.4478185993111366
        }
      },
      "CYP2D6": {
        "st_rae": {
          "mean": 1.1530704131195202,
          "ci_low": 0.9183244033043136,
          "ci_high": 1.4641065588648363
        },
        "mae": {
          "mean": 0.6197860873662508,
          "ci_low": 0.4972495061617631,
          "ci_high": 0.7656558310985565
        },
        "r2": {
          "mean": -0.15981578328640894,
          "ci_low": -0.5719274967081311,
          "ci_high": 0.0919168986432294
        },
        "spearman_rho": {
          "mean": 0.3066305677283991,
          "ci_low": 0.08863747938140823,
          "ci_high": 0.5026073313788686
        },
        "kendall_tau": {
          "mean": 0.2031611414572373,
          "ci_low": 0.05011130319716566,
          "ci_high": 0.3409081282344294
        }
      },
      "CYP3A4": {
        "st_rae": {
          "mean": 0.8974020976858329,
          "ci_low": 0.7018758879086862,
          "ci_high": 1.142549832195553
        },
        "mae": {
          "mean": 0.7617112679758737,
          "ci_low": 0.6624807965616847,
          "ci_high": 0.8673267578662828
        },
        "r2": {
          "mean": 0.22358960693663266,
          "ci_low": 0.040960915630926936,
          "ci_high": 0.3635582746450694
        },
        "spearman_rho": {
          "mean": 0.48262722481142406,
          "ci_low": 0.3098147085780974,
          "ci_high": 0.6312609852258917
        },
        "kendall_tau": {
          "mean": 0.32941377839507796,
          "ci_low": 0.2116471715858952,
          "ci_high": 0.44722139450068726
        }
      }
    }
  },
  "epochs_run": 3,
  "fit_observations": 806,
  "validation_observations": 272,
  "rule": "damped_symplectic",
  "generations": 64,
  "hidden_channels": 16,
  "atom_feature_profile": "local_environment",
  "atom_feature_count": 29,
  "atom_feature_names": [
    "element_H",
    "element_C",
    "element_N",
    "element_O",
    "element_F",
    "element_P",
    "element_S",
    "element_Cl",
    "element_Br",
    "element_I",
    "element_other",
    "formal_charge",
    "aromatic",
    "hybrid_sp",
    "hybrid_sp2",
    "hybrid_sp3",
    "hybrid_other",
    "degree",
    "total_hydrogens",
    "in_ring",
    "hbond_donor",
    "hbond_acceptor",
    "chiral_cw",
    "chiral_ccw",
    "chiral_other",
    "mean_neighbour_electronegativity",
    "electronegativity_difference",
    "mean_neighbour_atomic_number",
    "neighbour_formal_charge"
  ],
  "device": "cuda",
  "gpu": "NVIDIA GeForce RTX 5070 Ti",
  "training_seconds": 4.8944142999826,
  "peak_gpu_memory_bytes": 317605376,
  "runtime": {
    "operating_system": "Windows-10-10.0.26200-SP0",
    "machine": "AMD64",
    "python": "3.11.16",
    "python_executable": "C:\\Users\\Anthony\\anaconda3\\envs\\strange-matter-gpu\\python.exe",
    "pytorch": "2.11.0+cu128",
    "pytorch_cuda": "12.8",
    "device": "cuda",
    "gpu": "NVIDIA GeForce RTX 5070 Ti"
  },
  "validation_protocol": {
    "kind": "scaffold_cross_validation",
    "fold": 0,
    "folds": 5
  },
  "readout": "differentiable_closed_form_ridge",
  "hyperparameters": {
    "ca_lr": 0.003,
    "ridge": 0.1,
    "ca_l2": 1e-05,
    "gradient_clip": 1.0,
    "update_scale": 0.15,
    "init_scale": 0.5,
    "initial_noise": 0.01,
    "support_fraction": 0.6,
    "bond_temperature": 0.5,
    "dyn_a": 0.2,
    "dyn_b": 0.8,
    "dyn_c": 0.5,
    "dyn_d": 0.05,
    "lr_schedule": "cosine_0.1x"
  }
}
