{"operating_system": "Windows-10-10.0.26200-SP0", "machine": "AMD64", "python": "3.11.16", "python_executable": "C:\\Users\\Anthony\\anaconda3\\envs\\strange-matter-gpu\\python.exe", "pytorch": "2.11.0+cu128", "pytorch_cuda": "12.8", "device": "cuda", "gpu": "NVIDIA GeForce RTX 5070 Ti"}
{"epoch": 1, "train_rmse": 1.302825400401642, "validation_rmse": 0.8773590922355652, "validation_ma_st_rae": 0.8869611208239176, "validation_CYP1A2_st_rae": 0.9762563574251379, "validation_CYP2C9_st_rae": 0.7189067991901777, "validation_CYP2D6_st_rae": 1.099279000169751, "validation_CYP3A4_st_rae": 0.7534023265106039, "mean_raw_gradient_norm": 13.767511755228043, "fraction_gradients_clipped": 1.0}
{"epoch": 2, "train_rmse": 1.256085641500845, "validation_rmse": 0.8771471381187439, "validation_ma_st_rae": 0.8750557550074287, "validation_CYP1A2_st_rae": 0.9507515009844583, "validation_CYP2C9_st_rae": 0.7019580183842677, "validation_CYP2D6_st_rae": 1.0884372783410752, "validation_CYP3A4_st_rae": 0.7590762223199138, "mean_raw_gradient_norm": 10.166226054231325, "fraction_gradients_clipped": 1.0}{"{"epoch": 3, "train_rmse": 1.1310561280392402, "validation_rmse": 0.8704168200492859, "validation_ma_st_rae": 0.8678938765861959, "validation_CYP1A2_st_rae": 0.9613361231363822, "validation_CYP2C9_st_rae": 0.6909090216099159, "validation_CYP2D6_st_rae": 1.0635963827356414, "validation_CYP3A4_st_rae": 0.7557339788628441, "mean_raw_gradient_norm": 7.298502599199613, "fraction_gradients_clipped": 1.0{"e{"epoch": 4, "train_rmse": 1.1674155326443592, "validation_rmse": 0.8707296252250671, "validation_ma_st_rae": 0.8700740742522552, "validation_CYP1A2_st_rae": 0.9511109845085327, "validation_CYP2C9_st_rae": 0.7010578700024579, "validation_CYP2D6_st_rae": 1.069727742098326, "validation_CYP3A4_st_rae": 0.7583997003997043, "mean_raw_gradient_norm": 7.6619684646526975, "fraction_gradients_clipped": 1.0{"e{"epoch": 5, "train_rmse": 1.2151084527592122, "validation_rmse": 0.8660250306129456, "validation_ma_st_rae": 0.8648617314142604, "validation_CYP1A2_st_rae": 0.9631068037848008, "validation_CYP2C9_st_rae": 0.6813458275539048, "validation_CYP2D6_st_rae": 1.0572978740420578, "validation_CYP3A4_st_rae": 0.7576964202762781, "mean_raw_gradient_norm": 8.23355165620645, "fraction_gradients_clipped": 1.0{"e{"epoch": 6, "train_rmse": 1.1065406726670857, "validation_rmse": 0.8651937246322632, "validation_ma_st_rae": 0.862567235506998, "validation_CYP1A2_st_rae": 0.9613314257386072, "validation_CYP2C9_st_rae": 0.6803526996756639, "validation_CYP2D6_st_rae": 1.0553793402250478, "validation_CYP3A4_st_rae": 0.7532054763886727, "mean_raw_gradient_norm": 6.052365273237228, "fraction_gradients_clipped": 1.0}{"{"epoch": 7, "train_rmse": 1.1223074923368082, "validation_rmse": 0.8624987006187439, "validation_ma_st_rae": 0.8605281255282922, "validation_CYP1A2_st_rae": 0.9652397918654261, "validation_CYP2C9_st_rae": 0.6757494367010359, "validation_CYP2D6_st_rae": 1.05032298475522, "validation_CYP3A4_st_rae": 0.7508002887914865, "mean_raw_gradient_norm": 6.392968684434891, "fraction_gradients_clipped": 1.0}{"{"epoch": 8, "train_rmse": 1.1568830653234767, "validation_rmse": 0.8631901741027832, "validation_ma_st_rae": 0.8619883170076174, "validation_CYP1A2_st_rae": 0.9652752081788387, "validation_CYP2C9_st_rae": 0.6827566368567378, "validation_CYP2D6_st_rae": 1.0504424445143024, "validation_CYP3A4_st_rae": 0.7494789784805901, "mean_raw_gradient_norm": 6.2409520248572035, "fraction_gradients_clipped": 1.0{
{
  "seed": 4211,
  "selection_metric": "validation_ma_st_rae",
  "best_validation_ma_st_rae": 0.8605281255282922,
  "best_validation_rmse": 0.8624987006187439,
  "restored_fit_rmse": 0.8108718395233154,
  "restored_validation_rmse": 0.862494707107544,
  "restored_fit_ma_st_rae": 0.8148548866034182,
  "restored_validation_ma_st_rae": 0.8657903270665636,
  "restored_validation_point_ma_st_rae": 0.8605228578170162,
  "restored_validation_point_st_rae_by_cyp": {
    "CYP1A2": 0.9652354120041176,
    "CYP2C9": 0.6757360375841702,
    "CYP2D6": 1.0503169519580147,
    "CYP3A4": 0.7508030297217622
  },
  "restored_fit_st_rae_by_cyp": {
    "CYP1A2": 0.8542474156059178,
    "CYP2C9": 0.7342794727965205,
    "CYP2D6": 0.9856963872197693,
    "CYP3A4": 0.6851962707914654
  },
  "restored_validation_st_rae_by_cyp": {
    "CYP1A2": 0.9745689328350918,
    "CYP2C9": 0.6840525797814166,
    "CYP2D6": 1.051789278225183,
    "CYP3A4": 0.7527505174245632
  },
  "validation_bootstrap_metrics": {
    "n_bootstrap_samples": 1000,
    "seed": 0,
    "macro": {
      "st_rae": {
        "mean": 0.8657903270665636,
        "ci_low": 0.8152025000950176,
        "ci_high": 0.9172832056067899
      },
      "mae": {
        "mean": 0.6417138961528486,
        "ci_low": 0.6074820876255651,
        "ci_high": 0.6752811268973512
      },
      "r2": {
        "mean": 0.22133396994377985,
        "ci_low": 0.1714526673232448,
        "ci_high": 0.2716633448201295
      },
      "spearman_rho": {
        "mean": 0.4332922515182414,
        "ci_low": 0.38106631668850655,
        "ci_high": 0.48509983085018216
      },
      "kendall_tau": {
        "mean": 0.3032100952347777,
        "ci_low": 0.2646688568884025,
        "ci_high": 0.34188426334990263
      }
    },
    "per_endpoint": {
      "CYP1A2": {
        "st_rae": {
          "mean": 0.9745689328350918,
          "ci_low": 0.8579617379364038,
          "ci_high": 1.098252750404118
        },
        "mae": {
          "mean": 0.7051518723896572,
          "ci_low": 0.6313023169429934,
          "ci_high": 0.7797538731536086
        },
        "r2": {
          "mean": 0.12673156878361813,
          "ci_low": 0.0075513598541384515,
          "ci_high": 0.23503566064191253
        },
        "spearman_rho": {
          "mean": 0.3452752596973578,
          "ci_low": 0.21848711637551704,
          "ci_high": 0.4618904933313285
        },
        "kendall_tau": {
          "mean": 0.23585350577551029,
          "ci_low": 0.15073499213366515,
          "ci_high": 0.32018242661329277
        }
      },
      "CYP2C9": {
        "st_rae": {
          "mean": 0.6840525797814166,
          "ci_low": 0.5764552861439814,
          "ci_high": 0.8035049115056632
        },
        "mae": {
          "mean": 0.5051727022716874,
          "ci_low": 0.44547278149086134,
          "ci_high": 0.5626167114105142
        },
        "r2": {
          "mean": 0.3756492884305661,
          "ci_low": 0.27516715428990884,
          "ci_high": 0.4773568184117571
        },
        "spearman_rho": {
          "mean": 0.5754925533131539,
          "ci_low": 0.47366688658628614,
          "ci_high": 0.669370243094947
        },
        "kendall_tau": {
          "mean": 0.41122421224735084,
          "ci_low": 0.33195274357460386,
          "ci_high": 0.4898192255312865
        }
      },
      "CYP2D6": {
        "st_rae": {
          "mean": 1.051789278225183,
          "ci_low": 0.9608819740457406,
          "ci_high": 1.142557288557776
        },
        "mae": {
          "mean": 0.6638143078472825,
          "ci_low": 0.5833928729949137,
          "ci_high": 0.7448353196038361
        },
        "r2": {
          "mean": 0.011576342575977176,
          "ci_low": -0.0974834052019713,
          "ci_high": 0.11429660992626038
        },
        "spearman_rho": {
          "mean": 0.2081189515012706,
          "ci_low": 0.08330357464254563,
          "ci_high": 0.3312436265171899
        },
        "kendall_tau": {
          "mean": 0.139640622155872,
          "ci_low": 0.054476109757389556,
          "ci_high": 0.22652142259466893
        }
      },
      "CYP3A4": {
        "st_rae": {
          "mean": 0.7527505174245632,
          "ci_low": 0.6676142433167662,
          "ci_high": 0.8376781730449626
        },
        "mae": {
          "mean": 0.6927167021027674,
          "ci_low": 0.6407778011184733,
          "ci_high": 0.7406097510979639
        },
        "r2": {
          "mean": 0.371378679984958,
          "ci_low": 0.29229801582920145,
          "ci_high": 0.44658538673571596
        },
        "spearman_rho": {
          "mean": 0.6042822415611836,
          "ci_low": 0.5371887245187112,
          "ci_high": 0.6660327676029131
        },
        "kendall_tau": {
          "mean": 0.42612204076037763,
          "ci_low": 0.3734184789032222,
          "ci_high": 0.4760233602130869
        }
      }
    }
  },
  "epochs_run": 8,
  "fit_observations": 4082,
  "validation_observations": 1134,
  "rule": "inertial_reaction_diffusion",
  "generations": 32,
  "hidden_channels": 16,
  "atom_feature_profile": "electronic",
  "atom_feature_count": 33,
  "atom_feature_names": [
    "element_H",
    "element_C",
    "element_N",
    "element_O",
    "element_F",
    "element_P",
    "element_S",
    "element_Cl",
    "element_Br",
    "element_I",
    "element_other",
    "formal_charge",
    "aromatic",
    "hybrid_sp",
    "hybrid_sp2",
    "hybrid_sp3",
    "hybrid_other",
    "degree",
    "total_hydrogens",
    "in_ring",
    "hbond_donor",
    "hbond_acceptor",
    "chiral_cw",
    "chiral_ccw",
    "chiral_other",
    "electronegativity",
    "polarizability",
    "heteroatom",
    "halogen",
    "conjugated_bond_fraction",
    "first_ionization_energy",
    "electron_affinity",
    "electronic_property_missing"
  ],
  "device": "cuda",
  "gpu": "NVIDIA GeForce RTX 5070 Ti",
  "training_seconds": 100.50541029998567,
  "peak_gpu_memory_bytes": 107684352,
  "runtime": {
    "operating_system": "Windows-10-10.0.26200-SP0",
    "machine": "AMD64",
    "python": "3.11.16",
    "python_executable": "C:\\Users\\Anthony\\anaconda3\\envs\\strange-matter-gpu\\python.exe",
    "pytorch": "2.11.0+cu128",
    "pytorch_cuda": "12.8",
    "device": "cuda",
    "gpu": "NVIDIA GeForce RTX 5070 Ti"
  },
  "validation_protocol": {
    "kind": "scaffold_cross_validation",
    "fold": 4,
    "folds": 5
  },
  "readout": "differentiable_closed_form_ridge",
  "hyperparameters": {
    "ca_lr": 0.003,
    "ridge": 1.0,
    "ca_l2": 0.0001,
    "gradient_clip": 1.0,
    "update_scale": 0.08,
    "init_scale": 0.5,
    "initial_noise": 0.01,
    "support_fraction": 0.6,
    "bond_temperature": 1.0,
    "dyn_a": 0.8,
    "dyn_b": 0.8,
    "dyn_c": 0.8,
    "dyn_d": 0.15,
    "lr_schedule": "cosine_0.1x"
  }
}
