{"operating_system": "Windows-10-10.0.26200-SP0", "machine": "AMD64", "python": "3.11.16", "python_executable": "C:\\Users\\Anthony\\anaconda3\\envs\\strange-matter-gpu\\python.exe", "pytorch": "2.11.0+cu128", "pytorch_cuda": "12.8", "device": "cuda", "gpu": "NVIDIA GeForce RTX 5070 Ti"}
{"epoch": 1, "train_rmse": 1.4117967844388462, "validation_rmse": 0.861118495464325, "validation_ma_st_rae": 0.8659568232995591, "validation_CYP1A2_st_rae": 0.8702514833188129, "validation_CYP2C9_st_rae": 0.8374379726916505, "validation_CYP2D6_st_rae": 1.0383138723649452, "validation_CYP3A4_st_rae": 0.7178239648228278, "mean_raw_gradient_norm": 21.478919172286986, "fraction_gradients_clipped": 1.0}
{"epoch": 2, "train_rmse": 1.4292148963992863, "validation_rmse": 0.8603777885437012, "validation_ma_st_rae": 0.8644777166440893, "validation_CYP1A2_st_rae": 0.8677610692045228, "validation_CYP2C9_st_rae": 0.830897397780824, "validation_CYP2D6_st_rae": 1.0395229825183319, "validation_CYP3A4_st_rae": 0.7197294170726787, "mean_raw_gradient_norm": 18.933589763641358, "fraction_gradients_clipped": 1.0}
{"epoch": 3, "train_rmse": 1.4250238097491437, "validation_rmse": 0.8590984344482422, "validation_ma_st_rae": 0.8624522566379591, "validation_CYP1A2_st_rae": 0.860838351725278, "validation_CYP2C9_st_rae": 0.8294100757284821, "validation_CYP2D6_st_rae": 1.0403201916782516, "validation_CYP3A4_st_rae": 0.7192404074198246, "mean_raw_gradient_norm": 18.814668579101564, "fraction_gradients_clipped": 1.0}
{"epoch": 4, "train_rmse": 1.4098258663216414, "validation_rmse": 0.8602114319801331, "validation_ma_st_rae": 0.864212609814229, "validation_CYP1A2_st_rae": 0.8613901081978671, "validation_CYP2C9_st_rae": 0.8298236798561504, "validation_CYP2D6_st_rae": 1.0463041119453291, "validation_CYP3A4_st_rae": 0.7193325392575695, "mean_raw_gradient_norm": 18.51692975997925, "fraction_gradients_clipped": 1.0}
{"epoch": 5, "train_rmse": 1.4038099358931038, "validation_rmse": 0.8597803115844727, "validation_ma_st_rae": 0.8637904682665278, "validation_CYP1A2_st_rae": 0.8599560776458638, "validation_CYP2C9_st_rae": 0.8300305361974806, "validation_CYP2D6_st_rae": 1.0436750194066917, "validation_CYP3A4_st_rae": 0.7215002398160751, "mean_raw_gradient_norm": 19.178157997131347, "fraction_gradients_clipped": 1.0}
{"epoch": 6, "train_rmse": 1.409558876431867, "validation_rmse": 0.8595972657203674, "validation_ma_st_rae": 0.8635388220617514, "validation_CYP1A2_st_rae": 0.8593866054887191, "validation_CYP2C9_st_rae": 0.8296519888367737, "validation_CYP2D6_st_rae": 1.0428236753838045, "validation_CYP3A4_st_rae": 0.7222930185377084, "mean_raw_gradient_norm": 20.94186384677887, "fraction_gradients_clipped": 1.0}
{
  "seed": 2909,
  "selection_metric": "validation_ma_st_rae",
  "best_validation_ma_st_rae": 0.8624522566379591,
  "best_validation_rmse": 0.8590984344482422,
  "restored_fit_rmse": 0.8484019041061401,
  "restored_validation_rmse": 0.8591049313545227,
  "restored_fit_ma_st_rae": 0.8525800868434188,
  "restored_validation_ma_st_rae": 0.8663607786966522,
  "restored_validation_point_ma_st_rae": 0.8624011935496987,
  "restored_validation_point_st_rae_by_cyp": {
    "CYP1A2": 0.8608784959614902,
    "CYP2C9": 0.8293627869833868,
    "CYP2D6": 1.040165833187539,
    "CYP3A4": 0.7191976580663788
  },
  "restored_fit_st_rae_by_cyp": {
    "CYP1A2": 0.8723812806176542,
    "CYP2C9": 0.7619446312950442,
    "CYP2D6": 1.0603087224959635,
    "CYP3A4": 0.7156857129650132
  },
  "restored_validation_st_rae_by_cyp": {
    "CYP1A2": 0.866746546256794,
    "CYP2C9": 0.8347652580377828,
    "CYP2D6": 1.0430841604987595,
    "CYP3A4": 0.7208471499932726
  },
  "validation_bootstrap_metrics": {
    "n_bootstrap_samples": 1000,
    "seed": 0,
    "macro": {
      "st_rae": {
        "mean": 0.8663607786966522,
        "ci_low": 0.8134240756809578,
        "ci_high": 0.9243031596067822
      },
      "mae": {
        "mean": 0.6242647088998947,
        "ci_low": 0.5881016231713092,
        "ci_high": 0.6585679787592402
      },
      "r2": {
        "mean": 0.1595828823828897,
        "ci_low": 0.09595464303789936,
        "ci_high": 0.2153551317386954
      },
      "spearman_rho": {
        "mean": 0.42082928765835753,
        "ci_low": 0.3640079507962211,
        "ci_high": 0.4768941459451722
      },
      "kendall_tau": {
        "mean": 0.2934733644223941,
        "ci_low": 0.25155792064360116,
        "ci_high": 0.3336488969793911
      }
    },
    "per_endpoint": {
      "CYP1A2": {
        "st_rae": {
          "mean": 0.866746546256794,
          "ci_low": 0.7573256167214253,
          "ci_high": 0.9847843321746891
        },
        "mae": {
          "mean": 0.6710602449091718,
          "ci_low": 0.5972311373816028,
          "ci_high": 0.7512028294955201
        },
        "r2": {
          "mean": 0.17531446411371582,
          "ci_low": 0.0069200238797812565,
          "ci_high": 0.2958330413837306
        },
        "spearman_rho": {
          "mean": 0.46422598796286174,
          "ci_low": 0.3523404919929378,
          "ci_high": 0.5698401145618075
        },
        "kendall_tau": {
          "mean": 0.32238553846673745,
          "ci_low": 0.240879396721268,
          "ci_high": 0.3989987777290224
        }
      },
      "CYP2C9": {
        "st_rae": {
          "mean": 0.8347652580377828,
          "ci_low": 0.7153547597521769,
          "ci_high": 0.9717581980165929
        },
        "mae": {
          "mean": 0.4961949611300289,
          "ci_low": 0.44215062216366874,
          "ci_high": 0.5548832714262576
        },
        "r2": {
          "mean": 0.20695973917477012,
          "ci_low": 0.08323622787666216,
          "ci_high": 0.31972190121583915
        },
        "spearman_rho": {
          "mean": 0.4253423282894445,
          "ci_low": 0.2883772201203745,
          "ci_high": 0.5405520436080066
        },
        "kendall_tau": {
          "mean": 0.2916610134770265,
          "ci_low": 0.19286556450013595,
          "ci_high": 0.3772592042670159
        }
      },
      "CYP2D6": {
        "st_rae": {
          "mean": 1.0430841604987595,
          "ci_low": 0.9486828004124367,
          "ci_high": 1.1383298700474818
        },
        "mae": {
          "mean": 0.6418117670528753,
          "ci_low": 0.5589254987552176,
          "ci_high": 0.7297399619521011
        },
        "r2": {
          "mean": -0.06099960359278532,
          "ci_low": -0.17528318843767746,
          "ci_high": 0.04748980730557533
        },
        "spearman_rho": {
          "mean": 0.21174111952646116,
          "ci_low": 0.07536335261414409,
          "ci_high": 0.34224830321095323
        },
        "kendall_tau": {
          "mean": 0.14470031274917555,
          "ci_low": 0.05229991601940849,
          "ci_high": 0.23270729209426733
        }
      },
      "CYP3A4": {
        "st_rae": {
          "mean": 0.7208471499932726,
          "ci_low": 0.644777464985619,
          "ci_high": 0.7973822932387478
        },
        "mae": {
          "mean": 0.6879918625075022,
          "ci_low": 0.6366658691724142,
          "ci_high": 0.7448163194338481
        },
        "r2": {
          "mean": 0.3170569298358582,
          "ci_low": 0.21601961602650888,
          "ci_high": 0.4094450377108269
        },
        "spearman_rho": {
          "mean": 0.5820077148546627,
          "ci_low": 0.5068359831454888,
          "ci_high": 0.6597590082952843
        },
        "kendall_tau": {
          "mean": 0.41514659299663653,
          "ci_low": 0.3600284203545832,
          "ci_high": 0.47443377204216836
        }
      }
    }
  },
  "epochs_run": 6,
  "fit_observations": 4177,
  "validation_observations": 1039,
  "rule": "kuramoto_sakaguchi",
  "generations": 16,
  "hidden_channels": 16,
  "atom_feature_profile": "periodic_valence",
  "atom_feature_count": 38,
  "atom_feature_names": [
    "element_H",
    "element_C",
    "element_N",
    "element_O",
    "element_F",
    "element_P",
    "element_S",
    "element_Cl",
    "element_Br",
    "element_I",
    "element_other",
    "formal_charge",
    "aromatic",
    "hybrid_sp",
    "hybrid_sp2",
    "hybrid_sp3",
    "hybrid_other",
    "degree",
    "total_hydrogens",
    "in_ring",
    "hbond_donor",
    "hbond_acceptor",
    "chiral_cw",
    "chiral_ccw",
    "chiral_other",
    "atomic_number",
    "atomic_mass",
    "covalent_radius",
    "vdw_radius",
    "outer_electrons",
    "period",
    "periodic_group",
    "atomic_volume",
    "total_valence",
    "implicit_valence",
    "heavy_atom_degree",
    "radical_electrons",
    "absolute_formal_charge"
  ],
  "device": "cuda",
  "gpu": "NVIDIA GeForce RTX 5070 Ti",
  "training_seconds": 29.098840600112453,
  "peak_gpu_memory_bytes": 81795584,
  "runtime": {
    "operating_system": "Windows-10-10.0.26200-SP0",
    "machine": "AMD64",
    "python": "3.11.16",
    "python_executable": "C:\\Users\\Anthony\\anaconda3\\envs\\strange-matter-gpu\\python.exe",
    "pytorch": "2.11.0+cu128",
    "pytorch_cuda": "12.8",
    "device": "cuda",
    "gpu": "NVIDIA GeForce RTX 5070 Ti"
  },
  "validation_protocol": {
    "kind": "scaffold_cross_validation",
    "fold": 2,
    "folds": 5
  },
  "readout": "differentiable_closed_form_ridge",
  "prediction_mode": "direct",
  "residual_alpha": null,
  "trajectory_pooling": "legacy",
  "ridge_mode": "shared",
  "loss_mode": "hybrid_interval",
  "interval_loss_beta": 0.75,
  "interval_temperature": 0.1,
  "hyperparameters": {
    "ca_lr": 0.0003,
    "ridge": 0.1,
    "ca_l2": 0.0001,
    "gradient_clip": 2.0,
    "update_scale": 0.08,
    "init_scale": 0.5,
    "initial_noise": 0.01,
    "support_fraction": 0.85,
    "bond_temperature": 0.5,
    "dyn_a": 0.8,
    "dyn_b": 0.8,
    "dyn_c": 0.8,
    "dyn_d": 0.05,
    "lr_schedule": "cosine_0.1x"
  }
}
