{"operating_system": "Windows-10-10.0.26200-SP0", "machine": "AMD64", "python": "3.11.16", "python_executable": "C:\\Users\\Anthony\\anaconda3\\envs\\strange-matter-gpu\\python.exe", "pytorch": "2.11.0+cu128", "pytorch_cuda": "12.8", "device": "cuda", "gpu": "NVIDIA GeForce RTX 5070 Ti"}
{"epoch": 1, "train_rmse": 9.490368610594155, "validation_rmse": 0.9390975832939148, "validation_ma_st_rae": 0.9581485796847306, "validation_CYP1A2_st_rae": 0.932558134566446, "validation_CYP2C9_st_rae": 0.9627708130721979, "validation_CYP2D6_st_rae": 1.028109170584685, "validation_CYP3A4_st_rae": 0.9091562005155932, "mean_raw_gradient_norm": 20285.26788330078, "fraction_gradients_clipped": 1.0}
{"epoch": 2, "train_rmse": 0.886353493606951, "validation_rmse": 0.9288853406906128, "validation_ma_st_rae": 0.9500947062303597, "validation_CYP1A2_st_rae": 0.9326629013721941, "validation_CYP2C9_st_rae": 0.9312359363547493, "validation_CYP2D6_st_rae": 1.0425470989313834, "validation_CYP3A4_st_rae": 0.8939328882631123, "mean_raw_gradient_norm": 24.069898448884487, "fraction_gradients_clipped": 1.0}
{"epoch": 3, "train_rmse": 0.9333066541776476, "validation_rmse": 0.9259880185127258, "validation_ma_st_rae": 0.9483348447325559, "validation_CYP1A2_st_rae": 0.9410818970144698, "validation_CYP2C9_st_rae": 0.9294078539856482, "validation_CYP2D6_st_rae": 1.0369931144257436, "validation_CYP3A4_st_rae": 0.8858565135043623, "mean_raw_gradient_norm": 3.1729919388890266, "fraction_gradients_clipped": 1.0}
{"epoch": 4, "train_rmse": 0.98095286746377, "validation_rmse": 0.9272075891494751, "validation_ma_st_rae": 0.9467700986936386, "validation_CYP1A2_st_rae": 0.9464638741292348, "validation_CYP2C9_st_rae": 0.9144161109389822, "validation_CYP2D6_st_rae": 1.0415001926219447, "validation_CYP3A4_st_rae": 0.8847002170843928, "mean_raw_gradient_norm": 3.0569839850068092, "fraction_gradients_clipped": 1.0}
{"epoch": 5, "train_rmse": 0.9171626896362781, "validation_rmse": 0.9256172776222229, "validation_ma_st_rae": 0.9465618341828557, "validation_CYP1A2_st_rae": 0.9444609478808035, "validation_CYP2C9_st_rae": 0.9139648504826626, "validation_CYP2D6_st_rae": 1.0454067803443445, "validation_CYP3A4_st_rae": 0.8824147580236122, "mean_raw_gradient_norm": 3.174168385565281, "fraction_gradients_clipped": 1.0}
{
  "seed": 1701,
  "selection_metric": "validation_ma_st_rae",
  "best_validation_ma_st_rae": 0.9467700986936386,
  "best_validation_rmse": 0.9272075891494751,
  "restored_fit_rmse": 0.9116430878639221,
  "restored_validation_rmse": 0.9271987080574036,
  "restored_fit_ma_st_rae": 0.9150027100909318,
  "restored_validation_ma_st_rae": 0.949527825408021,
  "restored_validation_point_ma_st_rae": 0.9467377314354632,
  "restored_validation_point_st_rae_by_cyp": {
    "CYP1A2": 0.9464864349714202,
    "CYP2C9": 0.9142157234718086,
    "CYP2D6": 1.0415870750063503,
    "CYP3A4": 0.884661692292274
  },
  "restored_fit_st_rae_by_cyp": {
    "CYP1A2": 0.9035442314743133,
    "CYP2C9": 0.8494558238167013,
    "CYP2D6": 1.0448187659573291,
    "CYP3A4": 0.8621920191153837
  },
  "restored_validation_st_rae_by_cyp": {
    "CYP1A2": 0.9489114991515092,
    "CYP2C9": 0.9193240669412525,
    "CYP2D6": 1.0434884344924185,
    "CYP3A4": 0.8863873010469038
  },
  "validation_bootstrap_metrics": {
    "n_bootstrap_samples": 1000,
    "seed": 0,
    "macro": {
      "st_rae": {
        "mean": 0.949527825408021,
        "ci_low": 0.8912581377978235,
        "ci_high": 1.0159866152807715
      },
      "mae": {
        "mean": 0.6719413900309806,
        "ci_low": 0.6250344194042659,
        "ci_high": 0.7193801082872239
      },
      "r2": {
        "mean": 0.06405270752660619,
        "ci_low": -9.69672766997423e-05,
        "ci_high": 0.12638953664593805
      },
      "spearman_rho": {
        "mean": 0.31427310949480325,
        "ci_low": 0.23785574108601942,
        "ci_high": 0.38664240677328876
      },
      "kendall_tau": {
        "mean": 0.21820235230827437,
        "ci_low": 0.16461215447451347,
        "ci_high": 0.27069707314453767
      }
    },
    "per_endpoint": {
      "CYP1A2": {
        "st_rae": {
          "mean": 0.9489114991515092,
          "ci_low": 0.8406630359360178,
          "ci_high": 1.064473241668227
        },
        "mae": {
          "mean": 0.7039416679779108,
          "ci_low": 0.6131620940935872,
          "ci_high": 0.8082140598418939
        },
        "r2": {
          "mean": 0.10627603315952792,
          "ci_low": 0.007922103195782126,
          "ci_high": 0.19789277435442987
        },
        "spearman_rho": {
          "mean": 0.37921396280112357,
          "ci_low": 0.22754531115978907,
          "ci_high": 0.5251198870909184
        },
        "kendall_tau": {
          "mean": 0.25739798183995183,
          "ci_low": 0.15137382585415174,
          "ci_high": 0.3657881005418216
        }
      },
      "CYP2C9": {
        "st_rae": {
          "mean": 0.9193240669412525,
          "ci_low": 0.7603995569923168,
          "ci_high": 1.1154437326250835
        },
        "mae": {
          "mean": 0.5466633378003389,
          "ci_low": 0.47219910667142795,
          "ci_high": 0.6305780373456824
        },
        "r2": {
          "mean": 0.09313966021110869,
          "ci_low": -0.11937177422845423,
          "ci_high": 0.273408235731859
        },
        "spearman_rho": {
          "mean": 0.41769625899893753,
          "ci_low": 0.26221868899363854,
          "ci_high": 0.5587723770863731
        },
        "kendall_tau": {
          "mean": 0.2920880056845213,
          "ci_low": 0.18100965689202497,
          "ci_high": 0.3938894019355327
        }
      },
      "CYP2D6": {
        "st_rae": {
          "mean": 1.0434884344924185,
          "ci_low": 0.9559088335963162,
          "ci_high": 1.136414858966303
        },
        "mae": {
          "mean": 0.6145198202533444,
          "ci_low": 0.5051005172903521,
          "ci_high": 0.7381110728222089
        },
        "r2": {
          "mean": -0.07500487337807907,
          "ci_low": -0.17617850025182,
          "ci_high": 0.011257763935054378
        },
        "spearman_rho": {
          "mean": 0.07832447036470427,
          "ci_low": -0.10849249793654428,
          "ci_high": 0.2550448191288005
        },
        "kendall_tau": {
          "mean": 0.05573815627217246,
          "ci_low": -0.07527676890373519,
          "ci_high": 0.17937697822339982
        }
      },
      "CYP3A4": {
        "st_rae": {
          "mean": 0.8863873010469038,
          "ci_low": 0.7915722690271375,
          "ci_high": 0.9812546134535578
        },
        "mae": {
          "mean": 0.8226407340923285,
          "ci_low": 0.7460691006228142,
          "ci_high": 0.9008655529670201
        },
        "r2": {
          "mean": 0.1318000101138672,
          "ci_low": 0.038760846311821064,
          "ci_high": 0.22102191357246873
        },
        "spearman_rho": {
          "mean": 0.38185774581444776,
          "ci_low": 0.2668197427812259,
          "ci_high": 0.4942712745841116
        },
        "kendall_tau": {
          "mean": 0.2675852654364518,
          "ci_low": 0.18682673335040964,
          "ci_high": 0.34732571184612515
        }
      }
    }
  },
  "epochs_run": 5,
  "fit_observations": 2659,
  "validation_observations": 646,
  "rule": "fitzhugh_nagumo",
  "generations": 500,
  "hidden_channels": 4,
  "atom_feature_profile": "baseline",
  "atom_feature_count": 25,
  "atom_feature_names": [
    "element_H",
    "element_C",
    "element_N",
    "element_O",
    "element_F",
    "element_P",
    "element_S",
    "element_Cl",
    "element_Br",
    "element_I",
    "element_other",
    "formal_charge",
    "aromatic",
    "hybrid_sp",
    "hybrid_sp2",
    "hybrid_sp3",
    "hybrid_other",
    "degree",
    "total_hydrogens",
    "in_ring",
    "hbond_donor",
    "hbond_acceptor",
    "chiral_cw",
    "chiral_ccw",
    "chiral_other"
  ],
  "device": "cuda",
  "gpu": "NVIDIA GeForce RTX 5070 Ti",
  "training_seconds": 169.39426700002514,
  "peak_gpu_memory_bytes": 607422976,
  "runtime": {
    "operating_system": "Windows-10-10.0.26200-SP0",
    "machine": "AMD64",
    "python": "3.11.16",
    "python_executable": "C:\\Users\\Anthony\\anaconda3\\envs\\strange-matter-gpu\\python.exe",
    "pytorch": "2.11.0+cu128",
    "pytorch_cuda": "12.8",
    "device": "cuda",
    "gpu": "NVIDIA GeForce RTX 5070 Ti"
  },
  "validation_protocol": {
    "kind": "scaffold_cross_validation",
    "fold": 1,
    "folds": 5
  },
  "readout": "differentiable_closed_form_ridge",
  "prediction_mode": "direct",
  "residual_alpha": null,
  "trajectory_pooling": "legacy",
  "ridge_mode": "shared",
  "loss_mode": "hybrid_interval",
  "interval_loss_beta": 0.25,
  "interval_temperature": 0.02,
  "hyperparameters": {
    "ca_lr": 0.003,
    "ridge": 1.0,
    "ca_l2": 1e-05,
    "gradient_clip": 0.5,
    "update_scale": 0.4,
    "init_scale": 0.5,
    "initial_noise": 0.01,
    "support_fraction": 0.85,
    "bond_temperature": 1.0,
    "dyn_a": 0.8,
    "dyn_b": 0.5,
    "dyn_c": 0.5,
    "dyn_d": 0.3,
    "lr_schedule": "cosine_0.1x"
  }
}
