{"operating_system": "macOS-26.2-arm64-arm-64bit", "machine": "arm64", "python": "3.10.19", "python_executable": "/opt/anaconda3/envs/kcc2/bin/python3.10", "pytorch": "2.8.0", "pytorch_cuda": null, "device": "cpu", "gpu": null}
{"epoch": 1, "train_rmse": 36.00217209632936, "validation_rmse": 1.029994010925293, "mean_raw_gradient_norm": 3025632.011327171, "fraction_gradients_clipped": 1.0}
{"epoch": 2, "train_rmse": 2.0445796377141154, "validation_rmse": 1.0111232995986938, "mean_raw_gradient_norm": 1096.0578960418702, "fraction_gradients_clipped": 1.0}
{"epoch": 3, "train_rmse": 1.2952161529468706, "validation_rmse": 1.0198092460632324, "mean_raw_gradient_norm": 2126.579449462891, "fraction_gradients_clipped": 1.0}
{
  "seed": 1701,
  "best_validation_rmse": 1.0111232995986938,
  "restored_fit_rmse": 0.9123566746711731,
  "restored_validation_rmse": 1.0111232995986938,
  "epochs_run": 3,
  "fit_observations": 791,
  "validation_observations": 273,
  "rule": "fitzhugh_nagumo",
  "generations": 250,
  "hidden_channels": 8,
  "device": "cpu",
  "gpu": null,
  "training_seconds": 37.29443120898213,
  "peak_gpu_memory_bytes": 0,
  "runtime": {
    "operating_system": "macOS-26.2-arm64-arm-64bit",
    "machine": "arm64",
    "python": "3.10.19",
    "python_executable": "/opt/anaconda3/envs/kcc2/bin/python3.10",
    "pytorch": "2.8.0",
    "pytorch_cuda": null,
    "device": "cpu",
    "gpu": null
  },
  "readout": "differentiable_closed_form_ridge",
  "hyperparameters": {
    "ca_lr": 0.0003,
    "ridge": 0.1,
    "ca_l2": 0.0001,
    "gradient_clip": 2.0,
    "update_scale": 0.4,
    "init_scale": 0.5,
    "initial_noise": 0.005,
    "support_fraction": 0.85,
    "bond_temperature": 0.5,
    "dyn_a": 0.2,
    "dyn_b": 0.2,
    "dyn_c": 0.2,
    "dyn_d": 0.3,
    "lr_schedule": "cosine_0.1x"
  }
}
