{"device": "cuda", "gpu": "NVIDIA GeForce RTX 5070 Ti", "pytorch": "2.11.0+cu128", "pytorch_cuda": "12.8"}
{"epoch": 1, "train_rmse": 1.3606954708304526, "validation_rmse": 0.8945492506027222, "mean_raw_gradient_norm": 23.485140000620195, "fraction_gradients_clipped": 1.0}
{"epoch": 2, "train_rmse": 1.364315296798014, "validation_rmse": 0.8955106735229492, "mean_raw_gradient_norm": 20.462175838408932, "fraction_gradients_clipped": 1.0}
{"epoch": 3, "train_rmse": 1.2789267412887382, "validation_rmse": 0.8948183059692383, "mean_raw_gradient_norm": 16.05761545704257, "fraction_gradients_clipped": 1.0}
{"epoch": 4, "train_rmse": 1.32671624189582, "validation_rmse": 0.8870601058006287, "mean_raw_gradient_norm": 17.498881459236145, "fraction_gradients_clipped": 1.0}
{"epoch": 5, "train_rmse": 1.201167595184293, "validation_rmse": 0.8816978931427002, "mean_raw_gradient_norm": 11.54979786565227, "fraction_gradients_clipped": 1.0}
{"epoch": 6, "train_rmse": 1.1801606063407535, "validation_rmse": 0.8805292844772339, "mean_raw_gradient_norm": 12.065392659556482, "fraction_gradients_clipped": 1.0}
{"epoch": 7, "train_rmse": 1.2027254112905166, "validation_rmse": 0.8820853233337402, "mean_raw_gradient_norm": 13.209427895084504, "fraction_gradients_clipped": 1.0}
{"epoch": 8, "train_rmse": 1.1901165742471655, "validation_rmse": 0.8814767599105835, "mean_raw_gradient_norm": 11.105321257345137, "fraction_gradients_clipped": 1.0}
{"epoch": 9, "train_rmse": 1.1454925026699605, "validation_rmse": 0.8847058415412903, "mean_raw_gradient_norm": 11.386855033136182, "fraction_gradients_clipped": 1.0}
{"epoch": 10, "train_rmse": 1.1351720969821308, "validation_rmse": 0.8816419243812561, "mean_raw_gradient_norm": 11.050837468716406, "fraction_gradients_clipped": 1.0}
{"dynamics_phase": "screen_start", "validation_pairs": 1309}
{"dynamics_phase": "screen_complete", "validation_pairs": 1309}
{
  "seed": 1701,
  "best_validation_rmse": 0.8816978931427002,
  "restored_fit_rmse": 0.822945773601532,
  "restored_validation_rmse": 0.8817110061645508,
  "epochs_run": 10,
  "fit_observations": 5216,
  "validation_observations": 1309,
  "rule": "gated_residual",
  "generations": 16,
  "hidden_channels": 16,
  "device": "cuda",
  "gpu": "NVIDIA GeForce RTX 5070 Ti",
  "training_seconds": 48.336481300066225,
  "peak_gpu_memory_bytes": 54759936,
  "readout": "differentiable_closed_form_ridge",
  "hyperparameters": {
    "ca_lr": 0.001,
    "ridge": 0.1,
    "ca_l2": 1e-06,
    "gradient_clip": 1.0
  },
  "dynamical_analysis": {
    "validation_trajectories_screened": 1309,
    "perturbation_cases": 0,
    "classification_counts": {},
    "perturbation_status": "deferred_after_native_cuda_failure"
  }
}
