{"operating_system": "Windows-10-10.0.26200-SP0", "machine": "AMD64", "python": "3.11.16", "python_executable": "C:\\Users\\Anthony\\anaconda3\\envs\\strange-matter-gpu\\python.exe", "pytorch": "2.11.0+cu128", "pytorch_cuda": "12.8", "device": "cuda", "gpu": "NVIDIA GeForce RTX 5070 Ti"}
{"epoch": 1, "train_rmse": 1.0560385273226767, "validation_rmse": 0.8247161507606506, "validation_ma_st_rae": 0.9044277058707166, "validation_CYP1A2_st_rae": 0.9792731670397535, "validation_CYP2C9_st_rae": 0.8331767097531457, "validation_CYP2D6_st_rae": 1.005018555043921, "validation_CYP3A4_st_rae": 0.8002423916460459, "mean_raw_gradient_norm": 3.3223562002182008, "fraction_gradients_clipped": 1.0}
{"epoch": 2, "train_rmse": 1.148690612252776, "validation_rmse": 0.8278762698173523, "validation_ma_st_rae": 0.9106737716650117, "validation_CYP1A2_st_rae": 0.9969221106570109, "validation_CYP2C9_st_rae": 0.842920514652228, "validation_CYP2D6_st_rae": 1.0210492157250772, "validation_CYP3A4_st_rae": 0.7818032456257308, "mean_raw_gradient_norm": 4.291089773178101, "fraction_gradients_clipped": 1.0}
{"epoch": 3, "train_rmse": 1.0537045211553258, "validation_rmse": 0.8272978067398071, "validation_ma_st_rae": 0.9084038118764138, "validation_CYP1A2_st_rae": 0.9900266101244807, "validation_CYP2C9_st_rae": 0.8400404210266852, "validation_CYP2D6_st_rae": 1.0291860493357396, "validation_CYP3A4_st_rae": 0.77436216701875, "mean_raw_gradient_norm": 4.128194332122803, "fraction_gradients_clipped": 1.0}
{
  "seed": 1701,
  "selection_metric": "validation_ma_st_rae",
  "best_validation_ma_st_rae": 0.9044277058707166,
  "best_validation_rmse": 0.8247161507606506,
  "restored_fit_rmse": 0.9274834990501404,
  "restored_validation_rmse": 0.8247145414352417,
  "restored_fit_ma_st_rae": 0.8677076266257971,
  "restored_validation_ma_st_rae": 0.9200643986925213,
  "restored_validation_point_ma_st_rae": 0.904431137990886,
  "restored_validation_point_st_rae_by_cyp": {
    "CYP1A2": 0.9792527040054205,
    "CYP2C9": 0.8332127443616935,
    "CYP2D6": 1.0050213016439165,
    "CYP3A4": 0.8002378019525133
  },
  "restored_fit_st_rae_by_cyp": {
    "CYP1A2": 0.9101515871420904,
    "CYP2C9": 0.7781008923311424,
    "CYP2D6": 0.9863236003880756,
    "CYP3A4": 0.7962544266418803
  },
  "restored_validation_st_rae_by_cyp": {
    "CYP1A2": 0.9862793029512514,
    "CYP2C9": 0.8616543323844317,
    "CYP2D6": 1.020785780644145,
    "CYP3A4": 0.811538178790257
  },
  "validation_bootstrap_metrics": {
    "n_bootstrap_samples": 1000,
    "seed": 0,
    "macro": {
      "st_rae": {
        "mean": 0.9200643986925213,
        "ci_low": 0.8084893834014675,
        "ci_high": 1.034045159936035
      },
      "mae": {
        "mean": 0.6261994186799077,
        "ci_low": 0.5654642734678013,
        "ci_high": 0.6923951193587824
      },
      "r2": {
        "mean": 0.12353241960355528,
        "ci_low": 0.005359498894431872,
        "ci_high": 0.2327048709631091
      },
      "spearman_rho": {
        "mean": 0.46146080555881624,
        "ci_low": 0.3563888694084437,
        "ci_high": 0.5613751635472755
      },
      "kendall_tau": {
        "mean": 0.32524170413781167,
        "ci_low": 0.2472161905739054,
        "ci_high": 0.4030775587405623
      }
    },
    "per_endpoint": {
      "CYP1A2": {
        "st_rae": {
          "mean": 0.9862793029512514,
          "ci_low": 0.737230670023127,
          "ci_high": 1.2883389607413123
        },
        "mae": {
          "mean": 0.6707125677476162,
          "ci_low": 0.5206916529624189,
          "ci_high": 0.8389343286146883
        },
        "r2": {
          "mean": 0.134426557679236,
          "ci_low": -0.13035572217841043,
          "ci_high": 0.3377195523754675
        },
        "spearman_rho": {
          "mean": 0.4808583850431723,
          "ci_low": 0.2751347034682108,
          "ci_high": 0.6688854961807004
        },
        "kendall_tau": {
          "mean": 0.3460359992175565,
          "ci_low": 0.19061429329730253,
          "ci_high": 0.4944581942899518
        }
      },
      "CYP2C9": {
        "st_rae": {
          "mean": 0.8616543323844317,
          "ci_low": 0.6190846653186514,
          "ci_high": 1.160404567406748
        },
        "mae": {
          "mean": 0.5286365538477898,
          "ci_low": 0.4281228787700335,
          "ci_high": 0.6272220540046692
        },
        "r2": {
          "mean": 0.14761313757795766,
          "ci_low": -0.10703353280686949,
          "ci_high": 0.3634395768709578
        },
        "spearman_rho": {
          "mean": 0.44599888520506786,
          "ci_low": 0.21632698586596635,
          "ci_high": 0.6421515072025092
        },
        "kendall_tau": {
          "mean": 0.31415279566340226,
          "ci_low": 0.1446530235420834,
          "ci_high": 0.4704463815388095
        }
      },
      "CYP2D6": {
        "st_rae": {
          "mean": 1.020785780644145,
          "ci_low": 0.8264935511319169,
          "ci_high": 1.250193398466443
        },
        "mae": {
          "mean": 0.5757033598312964,
          "ci_low": 0.44317635536193845,
          "ci_high": 0.724720190671774
        },
        "r2": {
          "mean": -0.08891856307297658,
          "ci_low": -0.41365137457468804,
          "ci_high": 0.12576323328559866
        },
        "spearman_rho": {
          "mean": 0.32726377295937015,
          "ci_low": 0.09469335713600782,
          "ci_high": 0.5427521405972141
        },
        "kendall_tau": {
          "mean": 0.22350744935784667,
          "ci_low": 0.058872173758233934,
          "ci_high": 0.3808767653448885
        }
      },
      "CYP3A4": {
        "st_rae": {
          "mean": 0.811538178790257,
          "ci_low": 0.6587063654884181,
          "ci_high": 1.002721529735559
        },
        "mae": {
          "mean": 0.7297451932929283,
          "ci_low": 0.6355199283638665,
          "ci_high": 0.8362738176140674
        },
        "r2": {
          "mean": 0.30100854623000406,
          "ci_low": 0.1809763291288691,
          "ci_high": 0.4008991143815362
        },
        "spearman_rho": {
          "mean": 0.5917221790276547,
          "ci_low": 0.4348311538888595,
          "ci_high": 0.7190800418588912
        },
        "kendall_tau": {
          "mean": 0.41727057231244125,
          "ci_low": 0.29785283110651684,
          "ci_high": 0.528873144091307
        }
      }
    }
  },
  "epochs_run": 3,
  "fit_observations": 806,
  "validation_observations": 272,
  "rule": "gated_residual",
  "generations": 64,
  "hidden_channels": 8,
  "atom_feature_profile": "electronic",
  "atom_feature_count": 33,
  "atom_feature_names": [
    "element_H",
    "element_C",
    "element_N",
    "element_O",
    "element_F",
    "element_P",
    "element_S",
    "element_Cl",
    "element_Br",
    "element_I",
    "element_other",
    "formal_charge",
    "aromatic",
    "hybrid_sp",
    "hybrid_sp2",
    "hybrid_sp3",
    "hybrid_other",
    "degree",
    "total_hydrogens",
    "in_ring",
    "hbond_donor",
    "hbond_acceptor",
    "chiral_cw",
    "chiral_ccw",
    "chiral_other",
    "electronegativity",
    "polarizability",
    "heteroatom",
    "halogen",
    "conjugated_bond_fraction",
    "first_ionization_energy",
    "electron_affinity",
    "electronic_property_missing"
  ],
  "device": "cuda",
  "gpu": "NVIDIA GeForce RTX 5070 Ti",
  "training_seconds": 4.535633800085634,
  "peak_gpu_memory_bytes": 234292736,
  "runtime": {
    "operating_system": "Windows-10-10.0.26200-SP0",
    "machine": "AMD64",
    "python": "3.11.16",
    "python_executable": "C:\\Users\\Anthony\\anaconda3\\envs\\strange-matter-gpu\\python.exe",
    "pytorch": "2.11.0+cu128",
    "pytorch_cuda": "12.8",
    "device": "cuda",
    "gpu": "NVIDIA GeForce RTX 5070 Ti"
  },
  "validation_protocol": {
    "kind": "scaffold_cross_validation",
    "fold": 0,
    "folds": 5
  },
  "readout": "differentiable_closed_form_ridge",
  "prediction_mode": "direct",
  "residual_alpha": null,
  "trajectory_pooling": "legacy",
  "ridge_mode": "shared",
  "loss_mode": "hybrid_interval",
  "interval_loss_beta": 0.75,
  "interval_temperature": 0.05,
  "hyperparameters": {
    "ca_lr": 0.003,
    "ridge": 0.1,
    "ca_l2": 1e-05,
    "gradient_clip": 0.5,
    "update_scale": 0.4,
    "init_scale": 1.0,
    "initial_noise": 0.0,
    "support_fraction": 0.75,
    "bond_temperature": 0.5,
    "dyn_a": 0.5,
    "dyn_b": 0.5,
    "dyn_c": 0.2,
    "dyn_d": 0.3,
    "lr_schedule": "cosine_0.1x"
  }
}
