{"operating_system": "Windows-10-10.0.26200-SP0", "machine": "AMD64", "python": "3.11.16", "python_executable": "C:\\Users\\Anthony\\anaconda3\\envs\\strange-matter-gpu\\python.exe", "pytorch": "2.11.0+cu128", "pytorch_cuda": "12.8", "device": "cuda", "gpu": "NVIDIA GeForce RTX 5070 Ti"}
{"epoch": 1, "train_rmse": 1.4232715745466338, "validation_rmse": 0.7954632043838501, "validation_ma_st_rae": 0.8558865651286225, "validation_CYP1A2_st_rae": 0.8654471425234982, "validation_CYP2C9_st_rae": 0.7387920404534895, "validation_CYP2D6_st_rae": 1.1014810920517293, "validation_CYP3A4_st_rae": 0.7178259854857731, "mean_raw_gradient_norm": 21.93926868438721, "fraction_gradients_clipped": 1.0}
{"epoch": 2, "train_rmse": 1.438783698938067, "validation_rmse": 0.7948123812675476, "validation_ma_st_rae": 0.8549197877947807, "validation_CYP1A2_st_rae": 0.866528691071533, "validation_CYP2C9_st_rae": 0.7368932378468089, "validation_CYP2D6_st_rae": 1.0986068834129699, "validation_CYP3A4_st_rae": 0.7176503388478108, "mean_raw_gradient_norm": 20.777702388763426, "fraction_gradients_clipped": 1.0}
{"epoch": 3, "train_rmse": 1.379345850122667, "validation_rmse": 0.794638991355896, "validation_ma_st_rae": 0.8553291711892258, "validation_CYP1A2_st_rae": 0.8701643814857586, "validation_CYP2C9_st_rae": 0.7305066138038316, "validation_CYP2D6_st_rae": 1.1003725134305442, "validation_CYP3A4_st_rae": 0.7202731760367684, "mean_raw_gradient_norm": 20.15327082633972, "fraction_gradients_clipped": 1.0}
{"epoch": 4, "train_rmse": 1.41421412397974, "validation_rmse": 0.7944523096084595, "validation_ma_st_rae": 0.8557201408642692, "validation_CYP1A2_st_rae": 0.8724847952345668, "validation_CYP2C9_st_rae": 0.7297611976120271, "validation_CYP2D6_st_rae": 1.1003460742680564, "validation_CYP3A4_st_rae": 0.720288496342427, "mean_raw_gradient_norm": 20.051331005096436, "fraction_gradients_clipped": 1.0}
{
  "seed": 2909,
  "selection_metric": "validation_ma_st_rae",
  "best_validation_ma_st_rae": 0.8558865651286225,
  "best_validation_rmse": 0.7954632043838501,
  "restored_fit_rmse": 0.8628154397010803,
  "restored_validation_rmse": 0.7954679131507874,
  "restored_fit_ma_st_rae": 0.8569475981073513,
  "restored_validation_ma_st_rae": 0.8588720715610844,
  "restored_validation_point_ma_st_rae": 0.8558718392363402,
  "restored_validation_point_st_rae_by_cyp": {
    "CYP1A2": 0.8654002910518402,
    "CYP2C9": 0.738815663209904,
    "CYP2D6": 1.1014709207826887,
    "CYP3A4": 0.717800481900928
  },
  "restored_fit_st_rae_by_cyp": {
    "CYP1A2": 0.8809122464567131,
    "CYP2C9": 0.7835004793520218,
    "CYP2D6": 1.0534267803496022,
    "CYP3A4": 0.7099508862710684
  },
  "restored_validation_st_rae_by_cyp": {
    "CYP1A2": 0.8680583232670119,
    "CYP2C9": 0.7418197377116342,
    "CYP2D6": 1.10717744810966,
    "CYP3A4": 0.718432777156031
  },
  "validation_bootstrap_metrics": {
    "n_bootstrap_samples": 1000,
    "seed": 0,
    "macro": {
      "st_rae": {
        "mean": 0.8588720715610844,
        "ci_low": 0.805079711626205,
        "ci_high": 0.9191944360268005
      },
      "mae": {
        "mean": 0.5876568787912756,
        "ci_low": 0.5570266479969501,
        "ci_high": 0.6191128910126394
      },
      "r2": {
        "mean": 0.19903499930109117,
        "ci_low": 0.13834314040660295,
        "ci_high": 0.253280828546964
      },
      "spearman_rho": {
        "mean": 0.47027595437205294,
        "ci_low": 0.41551806153265275,
        "ci_high": 0.5204640113397881
      },
      "kendall_tau": {
        "mean": 0.3340280199601525,
        "ci_low": 0.2944753387357161,
        "ci_high": 0.3695680579811666
      }
    },
    "per_endpoint": {
      "CYP1A2": {
        "st_rae": {
          "mean": 0.8680583232670119,
          "ci_low": 0.74777828377663,
          "ci_high": 1.0031861850857258
        },
        "mae": {
          "mean": 0.5960761080319816,
          "ci_low": 0.5206678600864368,
          "ci_high": 0.6801643441792007
        },
        "r2": {
          "mean": 0.17631594177351875,
          "ci_low": 0.052706023989138,
          "ci_high": 0.28856584376533323
        },
        "spearman_rho": {
          "mean": 0.4937919487821522,
          "ci_low": 0.3770641933208782,
          "ci_high": 0.598757147125584
        },
        "kendall_tau": {
          "mean": 0.35039021276026383,
          "ci_low": 0.26720217075604263,
          "ci_high": 0.42945876493481505
        }
      },
      "CYP2C9": {
        "st_rae": {
          "mean": 0.7418197377116342,
          "ci_low": 0.6165818965063962,
          "ci_high": 0.8938259248273762
        },
        "mae": {
          "mean": 0.48296010971069336,
          "ci_low": 0.43271457066733715,
          "ci_high": 0.5347603606188902
        },
        "r2": {
          "mean": 0.3092903491466377,
          "ci_low": 0.16170711966849338,
          "ci_high": 0.42117323823203057
        },
        "spearman_rho": {
          "mean": 0.5090845185382374,
          "ci_low": 0.39229952497489423,
          "ci_high": 0.607890726234808
        },
        "kendall_tau": {
          "mean": 0.3691234351458584,
          "ci_low": 0.2794973898467086,
          "ci_high": 0.44712926640540723
        }
      },
      "CYP2D6": {
        "st_rae": {
          "mean": 1.10717744810966,
          "ci_low": 0.9930939030180123,
          "ci_high": 1.2261291302559698
        },
        "mae": {
          "mean": 0.5964076185766448,
          "ci_low": 0.5324141137875044,
          "ci_high": 0.6691007305668969
        },
        "r2": {
          "mean": -0.05133904363009941,
          "ci_low": -0.18364866130069185,
          "ci_high": 0.07223863597243643
        },
        "spearman_rho": {
          "mean": 0.2520304969061548,
          "ci_low": 0.13132593990675392,
          "ci_high": 0.36964333480510153
        },
        "kendall_tau": {
          "mean": 0.16624275144438996,
          "ci_low": 0.08673771291263671,
          "ci_high": 0.24594231194282765
        }
      },
      "CYP3A4": {
        "st_rae": {
          "mean": 0.718432777156031,
          "ci_low": 0.6437090790348615,
          "ci_high": 0.7896908650283173
        },
        "mae": {
          "mean": 0.6751836788457829,
          "ci_low": 0.6217558144213079,
          "ci_high": 0.7256042354136378
        },
        "r2": {
          "mean": 0.3618727499143076,
          "ci_low": 0.2832501349002019,
          "ci_high": 0.4306119215301697
        },
        "spearman_rho": {
          "mean": 0.6261968532616672,
          "ci_low": 0.5572558022628145,
          "ci_high": 0.6953480629918843
        },
        "kendall_tau": {
          "mean": 0.45035568049009767,
          "ci_low": 0.39549516655137995,
          "ci_high": 0.5065032841530857
        }
      }
    }
  },
  "epochs_run": 4,
  "fit_observations": 4179,
  "validation_observations": 1037,
  "rule": "kuramoto_sakaguchi",
  "generations": 16,
  "hidden_channels": 16,
  "atom_feature_profile": "periodic_valence",
  "atom_feature_count": 38,
  "atom_feature_names": [
    "element_H",
    "element_C",
    "element_N",
    "element_O",
    "element_F",
    "element_P",
    "element_S",
    "element_Cl",
    "element_Br",
    "element_I",
    "element_other",
    "formal_charge",
    "aromatic",
    "hybrid_sp",
    "hybrid_sp2",
    "hybrid_sp3",
    "hybrid_other",
    "degree",
    "total_hydrogens",
    "in_ring",
    "hbond_donor",
    "hbond_acceptor",
    "chiral_cw",
    "chiral_ccw",
    "chiral_other",
    "atomic_number",
    "atomic_mass",
    "covalent_radius",
    "vdw_radius",
    "outer_electrons",
    "period",
    "periodic_group",
    "atomic_volume",
    "total_valence",
    "implicit_valence",
    "heavy_atom_degree",
    "radical_electrons",
    "absolute_formal_charge"
  ],
  "device": "cuda",
  "gpu": "NVIDIA GeForce RTX 5070 Ti",
  "training_seconds": 19.128818800207227,
  "peak_gpu_memory_bytes": 82105344,
  "runtime": {
    "operating_system": "Windows-10-10.0.26200-SP0",
    "machine": "AMD64",
    "python": "3.11.16",
    "python_executable": "C:\\Users\\Anthony\\anaconda3\\envs\\strange-matter-gpu\\python.exe",
    "pytorch": "2.11.0+cu128",
    "pytorch_cuda": "12.8",
    "device": "cuda",
    "gpu": "NVIDIA GeForce RTX 5070 Ti"
  },
  "validation_protocol": {
    "kind": "scaffold_cross_validation",
    "fold": 0,
    "folds": 5
  },
  "readout": "differentiable_closed_form_ridge",
  "prediction_mode": "direct",
  "residual_alpha": null,
  "trajectory_pooling": "legacy",
  "ridge_mode": "shared",
  "loss_mode": "hybrid_interval",
  "interval_loss_beta": 0.75,
  "interval_temperature": 0.1,
  "hyperparameters": {
    "ca_lr": 0.0003,
    "ridge": 0.1,
    "ca_l2": 0.0001,
    "gradient_clip": 2.0,
    "update_scale": 0.08,
    "init_scale": 0.5,
    "initial_noise": 0.01,
    "support_fraction": 0.85,
    "bond_temperature": 0.5,
    "dyn_a": 0.8,
    "dyn_b": 0.8,
    "dyn_c": 0.8,
    "dyn_d": 0.05,
    "lr_schedule": "cosine_0.1x"
  }
}
