{"operating_system": "Windows-10-10.0.26200-SP0", "machine": "AMD64", "python": "3.11.16", "python_executable": "C:\\Users\\Anthony\\anaconda3\\envs\\strange-matter-gpu\\python.exe", "pytorch": "2.11.0+cu128", "pytorch_cuda": "12.8", "device": "cuda", "gpu": "NVIDIA GeForce RTX 5070 Ti"}
{"epoch": 1, "train_rmse": 1.3143183218445935, "validation_rmse": 0.9371978044509888, "mean_raw_gradient_norm": 23.477569475769997, "fraction_gradients_clipped": 1.0}
{"epoch": 2, "train_rmse": 1.3159059184626651, "validation_rmse": 0.9372385144233704, "mean_raw_gradient_norm": 23.924683153629303, "fraction_gradients_clipped": 1.0}
{"epoch": 3, "train_rmse": 1.2318993397177354, "validation_rmse": 0.9339763522148132, "mean_raw_gradient_norm": 18.29511770606041, "fraction_gradients_clipped": 1.0}
{"epoch": 4, "train_rmse": 1.2954395809973718, "validation_rmse": 0.9317803382873535, "mean_raw_gradient_norm": 38.84515880048275, "fraction_gradients_clipped": 1.0}
{"epoch": 5, "train_rmse": 1.2338664557300432, "validation_rmse": 0.929780900478363, "mean_raw_gradient_norm": 17.804638117551804, "fraction_gradients_clipped": 1.0}
{"epoch": 6, "train_rmse": 1.24861698235985, "validation_rmse": 0.9320251941680908, "mean_raw_gradient_norm": 16.34027761220932, "fraction_gradients_clipped": 1.0}
{"epoch": 7, "train_rmse": 1.5029276919052397, "validation_rmse": 0.9321887493133545, "mean_raw_gradient_norm": 31.021698355674744, "fraction_gradients_clipped": 1.0}
{"epoch": 8, "train_rmse": 1.1917980853290606, "validation_rmse": 0.9330031871795654, "mean_raw_gradient_norm": 14.820422008633614, "fraction_gradients_clipped": 1.0}
{
  "seed": 1701,
  "best_validation_rmse": 0.929780900478363,
  "restored_fit_rmse": 0.8559871315956116,
  "restored_validation_rmse": 0.9297204613685608,
  "epochs_run": 8,
  "fit_observations": 2643,
  "validation_observations": 670,
  "rule": "coupled_map",
  "generations": 16,
  "hidden_channels": 16,
  "atom_feature_profile": "periodic_electronic",
  "atom_feature_count": 35,
  "atom_feature_names": [
    "element_H",
    "element_C",
    "element_N",
    "element_O",
    "element_F",
    "element_P",
    "element_S",
    "element_Cl",
    "element_Br",
    "element_I",
    "element_other",
    "formal_charge",
    "aromatic",
    "hybrid_sp",
    "hybrid_sp2",
    "hybrid_sp3",
    "hybrid_other",
    "degree",
    "total_hydrogens",
    "in_ring",
    "hbond_donor",
    "hbond_acceptor",
    "chiral_cw",
    "chiral_ccw",
    "chiral_other",
    "atomic_number",
    "atomic_mass",
    "covalent_radius",
    "vdw_radius",
    "outer_electrons",
    "electronegativity",
    "polarizability",
    "heteroatom",
    "halogen",
    "conjugated_bond_fraction"
  ],
  "device": "cuda",
  "gpu": "NVIDIA GeForce RTX 5070 Ti",
  "training_seconds": 27.472776499926113,
  "peak_gpu_memory_bytes": 71345664,
  "runtime": {
    "operating_system": "Windows-10-10.0.26200-SP0",
    "machine": "AMD64",
    "python": "3.11.16",
    "python_executable": "C:\\Users\\Anthony\\anaconda3\\envs\\strange-matter-gpu\\python.exe",
    "pytorch": "2.11.0+cu128",
    "pytorch_cuda": "12.8",
    "device": "cuda",
    "gpu": "NVIDIA GeForce RTX 5070 Ti"
  },
  "readout": "differentiable_closed_form_ridge",
  "hyperparameters": {
    "ca_lr": 0.001,
    "ridge": 0.1,
    "ca_l2": 1e-05,
    "gradient_clip": 1.0,
    "update_scale": 0.4,
    "init_scale": 0.5,
    "initial_noise": 0.0,
    "support_fraction": 0.85,
    "bond_temperature": 2.0,
    "dyn_a": 0.2,
    "dyn_b": 0.5,
    "dyn_c": 0.8,
    "dyn_d": 0.3,
    "lr_schedule": "cosine_0.1x"
  }
}
