{"operating_system": "Windows-10-10.0.26200-SP0", "machine": "AMD64", "python": "3.11.16", "python_executable": "C:\\Users\\Anthony\\anaconda3\\envs\\strange-matter-gpu\\python.exe", "pytorch": "2.11.0+cu128", "pytorch_cuda": "12.8", "device": "cuda", "gpu": "NVIDIA GeForce RTX 5070 Ti"}
{"epoch": 1, "train_rmse": 1.0191924984958787, "validation_rmse": 0.9482964873313904, "validation_ma_st_rae": 0.9641125270504612, "validation_CYP1A2_st_rae": 0.9546282039238358, "validation_CYP2C9_st_rae": 0.9015388242587187, "validation_CYP2D6_st_rae": 1.1046112440404672, "validation_CYP3A4_st_rae": 0.8956718359788232, "mean_raw_gradient_norm": 11.946448370814323, "fraction_gradients_clipped": 1.0}
{"epoch": 2, "train_rmse": 1.0996496193137633, "validation_rmse": 0.9461809992790222, "validation_ma_st_rae": 0.9616685329046845, "validation_CYP1A2_st_rae": 0.9594779219551726, "validation_CYP2C9_st_rae": 0.8948289833575274, "validation_CYP2D6_st_rae": 1.1062871321091958, "validation_CYP3A4_st_rae": 0.886080094196842, "mean_raw_gradient_norm": 13.29377057403326, "fraction_gradients_clipped": 1.0}
{"epoch": 3, "train_rmse": 1.0408367126979217, "validation_rmse": 0.9443131685256958, "validation_ma_st_rae": 0.9610803143872654, "validation_CYP1A2_st_rae": 0.9574056772145179, "validation_CYP2C9_st_rae": 0.8982581559469965, "validation_CYP2D6_st_rae": 1.1089355068212712, "validation_CYP3A4_st_rae": 0.8797219175662758, "mean_raw_gradient_norm": 11.170222349464893, "fraction_gradients_clipped": 1.0}
{"epoch": 4, "train_rmse": 1.047035617247485, "validation_rmse": 0.9424259662628174, "validation_ma_st_rae": 0.9585770033168884, "validation_CYP1A2_st_rae": 0.9538959781427709, "validation_CYP2C9_st_rae": 0.8955967230575413, "validation_CYP2D6_st_rae": 1.114682528934937, "validation_CYP3A4_st_rae": 0.8701327831323047, "mean_raw_gradient_norm": 15.207757979631424, "fraction_gradients_clipped": 1.0}
{"epoch": 5, "train_rmse": 1.091540113014561, "validation_rmse": 0.9420862197875977, "validation_ma_st_rae": 0.9581566374612127, "validation_CYP1A2_st_rae": 0.9529301407249355, "validation_CYP2C9_st_rae": 0.8949177411027393, "validation_CYP2D6_st_rae": 1.1150322771798653, "validation_CYP3A4_st_rae": 0.869746390837311, "mean_raw_gradient_norm": 11.406087204813957, "fraction_gradients_clipped": 1.0}
{
  "seed": 1701,
  "selection_metric": "validation_ma_st_rae",
  "best_validation_ma_st_rae": 0.9610803143872654,
  "best_validation_rmse": 0.9443131685256958,
  "restored_fit_rmse": 0.9294652938842773,
  "restored_validation_rmse": 0.9443143606185913,
  "restored_fit_ma_st_rae": 0.952423231337669,
  "restored_validation_ma_st_rae": 0.9666998013971727,
  "restored_validation_point_ma_st_rae": 0.9610772307734071,
  "restored_validation_point_st_rae_by_cyp": {
    "CYP1A2": 0.9574077350782451,
    "CYP2C9": 0.8982421301318926,
    "CYP2D6": 1.1089486662420445,
    "CYP3A4": 0.879710391641446
  },
  "restored_fit_st_rae_by_cyp": {
    "CYP1A2": 1.014191281398789,
    "CYP2C9": 0.877744886648308,
    "CYP2D6": 1.0820605320689476,
    "CYP3A4": 0.8356962252346313
  },
  "restored_validation_st_rae_by_cyp": {
    "CYP1A2": 0.9621479644177819,
    "CYP2C9": 0.9059864493676159,
    "CYP2D6": 1.115038407121557,
    "CYP3A4": 0.8836263846817358
  },
  "validation_bootstrap_metrics": {
    "n_bootstrap_samples": 1000,
    "seed": 0,
    "macro": {
      "st_rae": {
        "mean": 0.9666998013971727,
        "ci_low": 0.9091465430967762,
        "ci_high": 1.0282181874014695
      },
      "mae": {
        "mean": 0.6974415046510845,
        "ci_low": 0.6528414587871653,
        "ci_high": 0.7473079247577139
      },
      "r2": {
        "mean": 0.04118322800713064,
        "ci_low": -0.02239620797624677,
        "ci_high": 0.09772223238917091
      },
      "spearman_rho": {
        "mean": 0.2875316964562565,
        "ci_low": 0.2147040195782318,
        "ci_high": 0.35805354743333123
      },
      "kendall_tau": {
        "mean": 0.2003975976663526,
        "ci_low": 0.14999602643555762,
        "ci_high": 0.2498865036421267
      }
    },
    "per_endpoint": {
      "CYP1A2": {
        "st_rae": {
          "mean": 0.9621479644177819,
          "ci_low": 0.8539857033937173,
          "ci_high": 1.1056579022289064
        },
        "mae": {
          "mean": 0.7855262468547761,
          "ci_low": 0.6777944287733186,
          "ci_high": 0.8931249117172217
        },
        "r2": {
          "mean": 0.08584244834619494,
          "ci_low": -0.012445531071943365,
          "ci_high": 0.16849889074635782
        },
        "spearman_rho": {
          "mean": 0.3297219320322001,
          "ci_low": 0.18335212563634765,
          "ci_high": 0.46303336467381756
        },
        "kendall_tau": {
          "mean": 0.22700040630815835,
          "ci_low": 0.12751726995916393,
          "ci_high": 0.32393126318367865
        }
      },
      "CYP2C9": {
        "st_rae": {
          "mean": 0.9059864493676159,
          "ci_low": 0.7840332056720203,
          "ci_high": 1.0540160146683988
        },
        "mae": {
          "mean": 0.5195515777752048,
          "ci_low": 0.4444539771216815,
          "ci_high": 0.6002129396454231
        },
        "r2": {
          "mean": 0.08486976803196396,
          "ci_low": -0.07201862073557953,
          "ci_high": 0.21575128927944237
        },
        "spearman_rho": {
          "mean": 0.345449800661077,
          "ci_low": 0.17579398899986348,
          "ci_high": 0.49819617793780346
        },
        "kendall_tau": {
          "mean": 0.2463579100049869,
          "ci_low": 0.12361061650877019,
          "ci_high": 0.3611348153177456
        }
      },
      "CYP2D6": {
        "st_rae": {
          "mean": 1.115038407121557,
          "ci_low": 1.0070248060209317,
          "ci_high": 1.231584337408416
        },
        "mae": {
          "mean": 0.7006000051109504,
          "ci_low": 0.5875799970423922,
          "ci_high": 0.821935020778196
        },
        "r2": {
          "mean": -0.15006996141866039,
          "ci_low": -0.2708683238728,
          "ci_high": -0.050849179971542494
        },
        "spearman_rho": {
          "mean": 0.06128559798427303,
          "ci_low": -0.10049357156283022,
          "ci_high": 0.24844219736890183
        },
        "kendall_tau": {
          "mean": 0.04550638044286608,
          "ci_low": -0.06646248866284833,
          "ci_high": 0.17033690587793235
        }
      },
      "CYP3A4": {
        "st_rae": {
          "mean": 0.8836263846817358,
          "ci_low": 0.8022054547541371,
          "ci_high": 0.9804106383488795
        },
        "mae": {
          "mean": 0.7840881888634068,
          "ci_low": 0.7115483797834081,
          "ci_high": 0.8529095535687471
        },
        "r2": {
          "mean": 0.14409065706902405,
          "ci_low": 0.029512801543598616,
          "ci_high": 0.25561491351997534
        },
        "spearman_rho": {
          "mean": 0.4136694551474758,
          "ci_low": 0.2967892575706273,
          "ci_high": 0.519167792877144
        },
        "kendall_tau": {
          "mean": 0.2827256939093991,
          "ci_low": 0.1995773748648027,
          "ci_high": 0.3603044661756955
        }
      }
    }
  },
  "epochs_run": 5,
  "fit_observations": 2636,
  "validation_observations": 657,
  "rule": "gray_scott",
  "generations": 32,
  "hidden_channels": 4,
  "atom_feature_profile": "periodic",
  "atom_feature_count": 33,
  "atom_feature_names": [
    "element_H",
    "element_C",
    "element_N",
    "element_O",
    "element_F",
    "element_P",
    "element_S",
    "element_Cl",
    "element_Br",
    "element_I",
    "element_other",
    "formal_charge",
    "aromatic",
    "hybrid_sp",
    "hybrid_sp2",
    "hybrid_sp3",
    "hybrid_other",
    "degree",
    "total_hydrogens",
    "in_ring",
    "hbond_donor",
    "hbond_acceptor",
    "chiral_cw",
    "chiral_ccw",
    "chiral_other",
    "atomic_number",
    "atomic_mass",
    "covalent_radius",
    "vdw_radius",
    "outer_electrons",
    "period",
    "periodic_group",
    "atomic_volume"
  ],
  "device": "cuda",
  "gpu": "NVIDIA GeForce RTX 5070 Ti",
  "training_seconds": 23.917376399971545,
  "peak_gpu_memory_bytes": 41457664,
  "runtime": {
    "operating_system": "Windows-10-10.0.26200-SP0",
    "machine": "AMD64",
    "python": "3.11.16",
    "python_executable": "C:\\Users\\Anthony\\anaconda3\\envs\\strange-matter-gpu\\python.exe",
    "pytorch": "2.11.0+cu128",
    "pytorch_cuda": "12.8",
    "device": "cuda",
    "gpu": "NVIDIA GeForce RTX 5070 Ti"
  },
  "validation_protocol": {
    "kind": "scaffold_cross_validation",
    "fold": 2,
    "folds": 5
  },
  "readout": "differentiable_closed_form_ridge",
  "hyperparameters": {
    "ca_lr": 0.0003,
    "ridge": 1.0,
    "ca_l2": 0.0001,
    "gradient_clip": 1.0,
    "update_scale": 0.15,
    "init_scale": 1.5,
    "initial_noise": 0.0,
    "support_fraction": 0.85,
    "bond_temperature": 1.0,
    "dyn_a": 0.8,
    "dyn_b": 0.8,
    "dyn_c": 0.8,
    "dyn_d": 0.05,
    "lr_schedule": "cosine_0.1x"
  }
}
