{"operating_system": "Windows-10-10.0.26200-SP0", "machine": "AMD64", "python": "3.11.16", "python_executable": "C:\\Users\\Anthony\\anaconda3\\envs\\strange-matter-gpu\\python.exe", "pytorch": "2.11.0+cu128", "pytorch_cuda": "12.8", "device": "cuda", "gpu": "NVIDIA GeForce RTX 5070 Ti"}
{"epoch": 1, "train_rmse": 1.0921519442441683, "validation_rmse": 0.8724560141563416, "validation_ma_st_rae": 0.9683480563002884, "validation_CYP1A2_st_rae": 1.0396885343447164, "validation_CYP2C9_st_rae": 0.9409841476415727, "validation_CYP2D6_st_rae": 1.0615210315416395, "validation_CYP3A4_st_rae": 0.8311985116732251, "mean_raw_gradient_norm": 14.125453243255615, "fraction_gradients_clipped": 1.0}
{"epoch": 2, "train_rmse": 1.0344874553822547, "validation_rmse": 0.8495288491249084, "validation_ma_st_rae": 0.9333642569626802, "validation_CYP1A2_st_rae": 0.9313462700380659, "validation_CYP2C9_st_rae": 0.9533385686392242, "validation_CYP2D6_st_rae": 1.0072749462281925, "validation_CYP3A4_st_rae": 0.841497242945238, "mean_raw_gradient_norm": 11.487323331832886, "fraction_gradients_clipped": 1.0}
{"epoch": 3, "train_rmse": 0.9525891846499281, "validation_rmse": 0.8551557660102844, "validation_ma_st_rae": 0.9362684435565636, "validation_CYP1A2_st_rae": 0.905426865204795, "validation_CYP2C9_st_rae": 0.9273726803919513, "validation_CYP2D6_st_rae": 1.0507368805793835, "validation_CYP3A4_st_rae": 0.8615373480501246, "mean_raw_gradient_norm": 10.544838399887086, "fraction_gradients_clipped": 1.0}
{"epoch": 4, "train_rmse": 1.045789739057847, "validation_rmse": 0.8526984453201294, "validation_ma_st_rae": 0.9351113807067568, "validation_CYP1A2_st_rae": 0.8721646499574958, "validation_CYP2C9_st_rae": 0.9231347427028733, "validation_CYP2D6_st_rae": 1.0908241729445036, "validation_CYP3A4_st_rae": 0.8543219572221546, "mean_raw_gradient_norm": 10.137382411956787, "fraction_gradients_clipped": 1.0}
{"epoch": 5, "train_rmse": 0.9843417004560002, "validation_rmse": 0.8482195734977722, "validation_ma_st_rae": 0.9410370663693132, "validation_CYP1A2_st_rae": 0.8967526768235528, "validation_CYP2C9_st_rae": 0.9467626624100784, "validation_CYP2D6_st_rae": 1.0929305951606885, "validation_CYP3A4_st_rae": 0.827702331082933, "mean_raw_gradient_norm": 9.708995170593262, "fraction_gradients_clipped": 1.0}
{
  "seed": 4211,
  "selection_metric": "validation_ma_st_rae",
  "best_validation_ma_st_rae": 0.9333642569626802,
  "best_validation_rmse": 0.8495288491249084,
  "restored_fit_rmse": 0.9196297526359558,
  "restored_validation_rmse": 0.8495284914970398,
  "restored_fit_ma_st_rae": 0.929336074441041,
  "restored_validation_ma_st_rae": 0.9358665759753817,
  "restored_validation_point_ma_st_rae": 0.9333711957264818,
  "restored_validation_point_st_rae_by_cyp": {
    "CYP1A2": 0.9313517547730732,
    "CYP2C9": 0.95334976096449,
    "CYP2D6": 1.0072860612788248,
    "CYP3A4": 0.841497205889539
  },
  "restored_fit_st_rae_by_cyp": {
    "CYP1A2": 0.9599891571642711,
    "CYP2C9": 0.9161684649127163,
    "CYP2D6": 1.000544788700249,
    "CYP3A4": 0.8406418869869281
  },
  "restored_validation_st_rae_by_cyp": {
    "CYP1A2": 0.9343521349897094,
    "CYP2C9": 0.9535903058828177,
    "CYP2D6": 1.012332162237969,
    "CYP3A4": 0.8431917007910311
  },
  "validation_bootstrap_metrics": {
    "n_bootstrap_samples": 1000,
    "seed": 0,
    "macro": {
      "st_rae": {
        "mean": 0.9358665759753817,
        "ci_low": 0.8820684607011291,
        "ci_high": 0.9941303567324944
      },
      "mae": {
        "mean": 0.6300334919725047,
        "ci_low": 0.5981136376745191,
        "ci_high": 0.6619112781860421
      },
      "r2": {
        "mean": 0.11428099185110954,
        "ci_low": 0.06283326024432119,
        "ci_high": 0.16094781194416938
      },
      "spearman_rho": {
        "mean": 0.3628030156377804,
        "ci_low": 0.3041922753692971,
        "ci_high": 0.417417180446955
      },
      "kendall_tau": {
        "mean": 0.2491133235430481,
        "ci_low": 0.208381023473219,
        "ci_high": 0.287609050843957
      }
    },
    "per_endpoint": {
      "CYP1A2": {
        "st_rae": {
          "mean": 0.9343521349897094,
          "ci_low": 0.8174771980831966,
          "ci_high": 1.0600930048806838
        },
        "mae": {
          "mean": 0.6348400047604027,
          "ci_low": 0.5626632989124134,
          "ci_high": 0.7154595813235721
        },
        "r2": {
          "mean": 0.14909273163257158,
          "ci_low": 0.029785915968498188,
          "ci_high": 0.25268184204425564
        },
        "spearman_rho": {
          "mean": 0.437616588202346,
          "ci_low": 0.3273955573353911,
          "ci_high": 0.5472536598806635
        },
        "kendall_tau": {
          "mean": 0.3037405920367056,
          "ci_low": 0.2231396572911557,
          "ci_high": 0.3842844240329731
        }
      },
      "CYP2C9": {
        "st_rae": {
          "mean": 0.9535903058828177,
          "ci_low": 0.824099749628642,
          "ci_high": 1.1013811891153593
        },
        "mae": {
          "mean": 0.5527804453405916,
          "ci_low": 0.4965700191561528,
          "ci_high": 0.610597728858895
        },
        "r2": {
          "mean": 0.12265789148003013,
          "ci_low": -0.007702769634551142,
          "ci_high": 0.2407306482784848
        },
        "spearman_rho": {
          "mean": 0.322159302352331,
          "ci_low": 0.19083742044522084,
          "ci_high": 0.44455668205110993
        },
        "kendall_tau": {
          "mean": 0.22326528447371252,
          "ci_low": 0.12949117953619646,
          "ci_high": 0.3115306704237056
        }
      },
      "CYP2D6": {
        "st_rae": {
          "mean": 1.012332162237969,
          "ci_low": 0.9249562272265318,
          "ci_high": 1.1051276956991434
        },
        "mae": {
          "mean": 0.5649218023984861,
          "ci_low": 0.4987206243806415,
          "ci_high": 0.6391928020450803
        },
        "r2": {
          "mean": -0.007644787507518164,
          "ci_low": -0.10134881465481083,
          "ci_high": 0.07515065651913717
        },
        "spearman_rho": {
          "mean": 0.24903356901011517,
          "ci_low": 0.12975783661510873,
          "ci_high": 0.3652922553178328
        },
        "kendall_tau": {
          "mean": 0.16571427941115638,
          "ci_low": 0.08601352488747856,
          "ci_high": 0.2456731205021978
        }
      },
      "CYP3A4": {
        "st_rae": {
          "mean": 0.8431917007910311,
          "ci_low": 0.7830114864069552,
          "ci_high": 0.9131330905009218
        },
        "mae": {
          "mean": 0.767591715390538,
          "ci_low": 0.708562554787476,
          "ci_high": 0.8274143585464456
        },
        "r2": {
          "mean": 0.19301813179935465,
          "ci_low": 0.1269788101442038,
          "ci_high": 0.25181172122875134
        },
        "spearman_rho": {
          "mean": 0.44240260298632944,
          "ci_low": 0.359137894809388,
          "ci_high": 0.522534140809053
        },
        "kendall_tau": {
          "mean": 0.30373313825061776,
          "ci_low": 0.2444885860477478,
          "ci_high": 0.36249502243424375
        }
      }
    }
  },
  "epochs_run": 5,
  "fit_observations": 4179,
  "validation_observations": 1037,
  "rule": "fitzhugh_nagumo",
  "generations": 32,
  "hidden_channels": 4,
  "atom_feature_profile": "periodic_valence",
  "atom_feature_count": 38,
  "atom_feature_names": [
    "element_H",
    "element_C",
    "element_N",
    "element_O",
    "element_F",
    "element_P",
    "element_S",
    "element_Cl",
    "element_Br",
    "element_I",
    "element_other",
    "formal_charge",
    "aromatic",
    "hybrid_sp",
    "hybrid_sp2",
    "hybrid_sp3",
    "hybrid_other",
    "degree",
    "total_hydrogens",
    "in_ring",
    "hbond_donor",
    "hbond_acceptor",
    "chiral_cw",
    "chiral_ccw",
    "chiral_other",
    "atomic_number",
    "atomic_mass",
    "covalent_radius",
    "vdw_radius",
    "outer_electrons",
    "period",
    "periodic_group",
    "atomic_volume",
    "total_valence",
    "implicit_valence",
    "heavy_atom_degree",
    "radical_electrons",
    "absolute_formal_charge"
  ],
  "device": "cuda",
  "gpu": "NVIDIA GeForce RTX 5070 Ti",
  "training_seconds": 27.975610800087452,
  "peak_gpu_memory_bytes": 58740736,
  "runtime": {
    "operating_system": "Windows-10-10.0.26200-SP0",
    "machine": "AMD64",
    "python": "3.11.16",
    "python_executable": "C:\\Users\\Anthony\\anaconda3\\envs\\strange-matter-gpu\\python.exe",
    "pytorch": "2.11.0+cu128",
    "pytorch_cuda": "12.8",
    "device": "cuda",
    "gpu": "NVIDIA GeForce RTX 5070 Ti"
  },
  "validation_protocol": {
    "kind": "scaffold_cross_validation",
    "fold": 0,
    "folds": 5
  },
  "readout": "differentiable_closed_form_ridge",
  "prediction_mode": "direct",
  "residual_alpha": null,
  "trajectory_pooling": "legacy",
  "ridge_mode": "shared",
  "loss_mode": "hybrid_interval",
  "interval_loss_beta": 0.5,
  "interval_temperature": 0.05,
  "hyperparameters": {
    "ca_lr": 0.003,
    "ridge": 0.1,
    "ca_l2": 0.0001,
    "gradient_clip": 2.0,
    "update_scale": 0.15,
    "init_scale": 1.5,
    "initial_noise": 0.01,
    "support_fraction": 0.85,
    "bond_temperature": 1.0,
    "dyn_a": 0.2,
    "dyn_b": 0.5,
    "dyn_c": 0.8,
    "dyn_d": 0.3,
    "lr_schedule": "cosine_0.1x"
  }
}
