{"operating_system": "Windows-10-10.0.26200-SP0", "machine": "AMD64", "python": "3.11.16", "python_executable": "C:\\Users\\Anthony\\anaconda3\\envs\\strange-matter-gpu\\python.exe", "pytorch": "2.11.0+cu128", "pytorch_cuda": "12.8", "device": "cuda", "gpu": "NVIDIA GeForce RTX 5070 Ti"}
{"epoch": 1, "train_rmse": 1.1357291749290515, "validation_rmse": 0.9099921584129333, "validation_ma_st_rae": 0.9313170696740141, "validation_CYP1A2_st_rae": 0.853839157765355, "validation_CYP2C9_st_rae": 1.062855752780359, "validation_CYP2D6_st_rae": 1.1097007442588327, "validation_CYP3A4_st_rae": 0.6988726238915098, "mean_raw_gradient_norm": 12.387890901565552, "fraction_gradients_clipped": 1.0}
{"epoch": 2, "train_rmse": 1.1199055634384503, "validation_rmse": 0.9065677523612976, "validation_ma_st_rae": 0.9303690192244338, "validation_CYP1A2_st_rae": 0.8545524285686892, "validation_CYP2C9_st_rae": 1.0619209446852385, "validation_CYP2D6_st_rae": 1.108323626218376, "validation_CYP3A4_st_rae": 0.6966790774254317, "mean_raw_gradient_norm": 10.367662415504455, "fraction_gradients_clipped": 1.0}
{"epoch": 3, "train_rmse": 1.1696921350035987, "validation_rmse": 0.9051092863082886, "validation_ma_st_rae": 0.9330319316169275, "validation_CYP1A2_st_rae": 0.8615062223962395, "validation_CYP2C9_st_rae": 1.082392400229312, "validation_CYP2D6_st_rae": 1.0958057947141848, "validation_CYP3A4_st_rae": 0.6924233091279737, "mean_raw_gradient_norm": 12.328404307365417, "fraction_gradients_clipped": 1.0}
{"epoch": 4, "train_rmse": 1.106303245965107, "validation_rmse": 0.9043205976486206, "validation_ma_st_rae": 0.9302705636133468, "validation_CYP1A2_st_rae": 0.8596598005327759, "validation_CYP2C9_st_rae": 1.0741276381820588, "validation_CYP2D6_st_rae": 1.0947037898689747, "validation_CYP3A4_st_rae": 0.6925910258695779, "mean_raw_gradient_norm": 9.316841402053832, "fraction_gradients_clipped": 1.0}
{
  "seed": 2909,
  "selection_metric": "validation_ma_st_rae",
  "best_validation_ma_st_rae": 0.9313170696740141,
  "best_validation_rmse": 0.9099921584129333,
  "restored_fit_rmse": 0.8502917289733887,
  "restored_validation_rmse": 0.9098695516586304,
  "restored_fit_ma_st_rae": 0.8687955145016404,
  "restored_validation_ma_st_rae": 0.9361353458259107,
  "restored_validation_point_ma_st_rae": 0.9312866161668852,
  "restored_validation_point_st_rae_by_cyp": {
    "CYP1A2": 0.8541208683421335,
    "CYP2C9": 1.0627419434985221,
    "CYP2D6": 1.1093542035964052,
    "CYP3A4": 0.6989294492304801
  },
  "restored_fit_st_rae_by_cyp": {
    "CYP1A2": 0.8725212682149572,
    "CYP2C9": 0.8302002596727942,
    "CYP2D6": 1.042791884764484,
    "CYP3A4": 0.7296686453543257
  },
  "restored_validation_st_rae_by_cyp": {
    "CYP1A2": 0.8596715300459207,
    "CYP2C9": 1.0706704651193029,
    "CYP2D6": 1.112677842361119,
    "CYP3A4": 0.7015215457773007
  },
  "validation_bootstrap_metrics": {
    "n_bootstrap_samples": 1000,
    "seed": 0,
    "macro": {
      "st_rae": {
        "mean": 0.9361353458259107,
        "ci_low": 0.8662684405375547,
        "ci_high": 1.0129987697871485
      },
      "mae": {
        "mean": 0.6680935690056355,
        "ci_low": 0.6324717827409508,
        "ci_high": 0.7035265006628518
      },
      "r2": {
        "mean": 0.07164583053400082,
        "ci_low": -0.05771868832086374,
        "ci_high": 0.16272716531911388
      },
      "spearman_rho": {
        "mean": 0.40726156150846266,
        "ci_low": 0.35135197409537244,
        "ci_high": 0.4626832518173824
      },
      "kendall_tau": {
        "mean": 0.28366506187034984,
        "ci_low": 0.24420255210769398,
        "ci_high": 0.32496725707987795
      }
    },
    "per_endpoint": {
      "CYP1A2": {
        "st_rae": {
          "mean": 0.8596715300459207,
          "ci_low": 0.7588852295793517,
          "ci_high": 0.9727244547421199
        },
        "mae": {
          "mean": 0.7121454127693176,
          "ci_low": 0.6371141480339898,
          "ci_high": 0.7935291905138228
        },
        "r2": {
          "mean": 0.18190996417281344,
          "ci_low": 0.09033454683078378,
          "ci_high": 0.26423952921378363
        },
        "spearman_rho": {
          "mean": 0.4611140631953442,
          "ci_low": 0.3622542562741257,
          "ci_high": 0.5595788729772184
        },
        "kendall_tau": {
          "mean": 0.31490668887856477,
          "ci_low": 0.24458904398690864,
          "ci_high": 0.387360374172048
        }
      },
      "CYP2C9": {
        "st_rae": {
          "mean": 1.0706704651193029,
          "ci_low": 0.88196532218884,
          "ci_high": 1.2907648460973395
        },
        "mae": {
          "mean": 0.5369170251901818,
          "ci_low": 0.4745601588771457,
          "ci_high": 0.6065605155374638
        },
        "r2": {
          "mean": -0.06715053387636988,
          "ci_low": -0.5073537522278025,
          "ci_high": 0.19495642504661803
        },
        "spearman_rho": {
          "mean": 0.35143048943760424,
          "ci_low": 0.21998509040191927,
          "ci_high": 0.47748797557463724
        },
        "kendall_tau": {
          "mean": 0.24130145575486972,
          "ci_low": 0.14878486070899757,
          "ci_high": 0.33401388541769234
        }
      },
      "CYP2D6": {
        "st_rae": {
          "mean": 1.112677842361119,
          "ci_low": 0.9869550601732107,
          "ci_high": 1.2658831819313106
        },
        "mae": {
          "mean": 0.6935274543246981,
          "ci_low": 0.6038338853646132,
          "ci_high": 0.7834589084831334
        },
        "r2": {
          "mean": -0.15540692397815994,
          "ci_low": -0.3678358933170617,
          "ci_high": 0.003956984161923972
        },
        "spearman_rho": {
          "mean": 0.17857250834970234,
          "ci_low": 0.04973258361434645,
          "ci_high": 0.29418768749029256
        },
        "kendall_tau": {
          "mean": 0.11941254708420454,
          "ci_low": 0.03049968262036487,
          "ci_high": 0.19912450438682486
        }
      },
      "CYP3A4": {
        "st_rae": {
          "mean": 0.7015215457773007,
          "ci_low": 0.6372689278894621,
          "ci_high": 0.7742573265585209
        },
        "mae": {
          "mean": 0.7297843837383449,
          "ci_low": 0.672424463915082,
          "ci_high": 0.7853211809572349
        },
        "r2": {
          "mean": 0.3272308158177196,
          "ci_low": 0.24932580012342048,
          "ci_high": 0.3939065083672705
        },
        "spearman_rho": {
          "mean": 0.6379291850511999,
          "ci_low": 0.5647814740396632,
          "ci_high": 0.7007918874848718
        },
        "kendall_tau": {
          "mean": 0.4590395557637606,
          "ci_low": 0.4030035188119224,
          "ci_high": 0.5083452909047981
        }
      }
    }
  },
  "epochs_run": 4,
  "fit_observations": 4213,
  "validation_observations": 1003,
  "rule": "coupled_map",
  "generations": 32,
  "hidden_channels": 16,
  "atom_feature_profile": "electronic_local",
  "atom_feature_count": 37,
  "atom_feature_names": [
    "element_H",
    "element_C",
    "element_N",
    "element_O",
    "element_F",
    "element_P",
    "element_S",
    "element_Cl",
    "element_Br",
    "element_I",
    "element_other",
    "formal_charge",
    "aromatic",
    "hybrid_sp",
    "hybrid_sp2",
    "hybrid_sp3",
    "hybrid_other",
    "degree",
    "total_hydrogens",
    "in_ring",
    "hbond_donor",
    "hbond_acceptor",
    "chiral_cw",
    "chiral_ccw",
    "chiral_other",
    "electronegativity",
    "polarizability",
    "heteroatom",
    "halogen",
    "conjugated_bond_fraction",
    "first_ionization_energy",
    "electron_affinity",
    "electronic_property_missing",
    "mean_neighbour_electronegativity",
    "electronegativity_difference",
    "mean_neighbour_atomic_number",
    "neighbour_formal_charge"
  ],
  "device": "cuda",
  "gpu": "NVIDIA GeForce RTX 5070 Ti",
  "training_seconds": 26.070121700060554,
  "peak_gpu_memory_bytes": 128395264,
  "runtime": {
    "operating_system": "Windows-10-10.0.26200-SP0",
    "machine": "AMD64",
    "python": "3.11.16",
    "python_executable": "C:\\Users\\Anthony\\anaconda3\\envs\\strange-matter-gpu\\python.exe",
    "pytorch": "2.11.0+cu128",
    "pytorch_cuda": "12.8",
    "device": "cuda",
    "gpu": "NVIDIA GeForce RTX 5070 Ti"
  },
  "validation_protocol": {
    "kind": "scaffold_cross_validation",
    "fold": 3,
    "folds": 5
  },
  "readout": "differentiable_closed_form_ridge",
  "hyperparameters": {
    "ca_lr": 0.0003,
    "ridge": 1.0,
    "ca_l2": 0.0001,
    "gradient_clip": 0.5,
    "update_scale": 0.08,
    "init_scale": 0.5,
    "initial_noise": 0.0,
    "support_fraction": 0.75,
    "bond_temperature": 0.5,
    "dyn_a": 0.5,
    "dyn_b": 0.8,
    "dyn_c": 0.8,
    "dyn_d": 0.05,
    "lr_schedule": "cosine_0.1x"
  }
}
