{"operating_system": "Windows-10-10.0.26200-SP0", "machine": "AMD64", "python": "3.11.16", "python_executable": "C:\\Users\\Anthony\\anaconda3\\envs\\strange-matter-gpu\\python.exe", "pytorch": "2.11.0+cu128", "pytorch_cuda": "12.8", "device": "cuda", "gpu": "NVIDIA GeForce RTX 5070 Ti"}
{"epoch": 1, "train_rmse": 31.28084827096783, "validation_rmse": 0.8535333871841431, "validation_ma_st_rae": 0.9746386747230241, "validation_CYP1A2_st_rae": 1.0543635010668548, "validation_CYP2C9_st_rae": 0.9877517018645899, "validation_CYP2D6_st_rae": 1.0320443275050755, "validation_CYP3A4_st_rae": 0.8243951684555761, "mean_raw_gradient_norm": 448596.8219268799, "fraction_gradients_clipped": 1.0}
{"epoch": 2, "train_rmse": 1.4375897394022967, "validation_rmse": 0.8555846214294434, "validation_ma_st_rae": 0.9826672960034178, "validation_CYP1A2_st_rae": 1.034104902224242, "validation_CYP2C9_st_rae": 0.9899386762117671, "validation_CYP2D6_st_rae": 1.0645873130421983, "validation_CYP3A4_st_rae": 0.8420382925354638, "mean_raw_gradient_norm": 672.2954761505127, "fraction_gradients_clipped": 1.0}
{"epoch": 3, "train_rmse": 1.141356444151579, "validation_rmse": 0.8632400631904602, "validation_ma_st_rae": 0.9945218772974972, "validation_CYP1A2_st_rae": 1.0450871177022347, "validation_CYP2C9_st_rae": 0.995352450568612, "validation_CYP2D6_st_rae": 1.077041696987399, "validation_CYP3A4_st_rae": 0.8606062439317433, "mean_raw_gradient_norm": 153.17139282226563, "fraction_gradients_clipped": 1.0}
{
  "seed": 1701,
  "selection_metric": "validation_ma_st_rae",
  "best_validation_ma_st_rae": 0.9746386747230241,
  "best_validation_rmse": 0.8535333871841431,
  "restored_fit_rmse": 0.9315752983093262,
  "restored_validation_rmse": 0.853554368019104,
  "restored_fit_ma_st_rae": 0.8687000981552357,
  "restored_validation_ma_st_rae": 0.9901302609158209,
  "restored_validation_point_ma_st_rae": 0.9746428970060754,
  "restored_validation_point_st_rae_by_cyp": {
    "CYP1A2": 1.054192436962984,
    "CYP2C9": 0.987791040956891,
    "CYP2D6": 1.0320387790044134,
    "CYP3A4": 0.8245493311000135
  },
  "restored_fit_st_rae_by_cyp": {
    "CYP1A2": 0.9458168324686245,
    "CYP2C9": 0.735836263862189,
    "CYP2D6": 0.982085929336787,
    "CYP3A4": 0.8110613669533426
  },
  "restored_validation_st_rae_by_cyp": {
    "CYP1A2": 1.0549723516417455,
    "CYP2C9": 1.021885720690745,
    "CYP2D6": 1.045701778557514,
    "CYP3A4": 0.8379611927732794
  },
  "validation_bootstrap_metrics": {
    "n_bootstrap_samples": 1000,
    "seed": 0,
    "macro": {
      "st_rae": {
        "mean": 0.9901302609158209,
        "ci_low": 0.8783318494676022,
        "ci_high": 1.1141488343610864
      },
      "mae": {
        "mean": 0.6566294975038609,
        "ci_low": 0.5959510856813078,
        "ci_high": 0.7263159085980141
      },
      "r2": {
        "mean": 0.062417240457748546,
        "ci_low": -0.05520985824686361,
        "ci_high": 0.16819077220480197
      },
      "spearman_rho": {
        "mean": 0.37476945597502276,
        "ci_low": 0.25867603248464177,
        "ci_high": 0.4750347927712305
      },
      "kendall_tau": {
        "mean": 0.25873163303991986,
        "ci_low": 0.1786643727483477,
        "ci_high": 0.3328535697622686
      }
    },
    "per_endpoint": {
      "CYP1A2": {
        "st_rae": {
          "mean": 1.0549723516417455,
          "ci_low": 0.8421836297583548,
          "ci_high": 1.323843088980648
        },
        "mae": {
          "mean": 0.7147781852737801,
          "ci_low": 0.5616806631205511,
          "ci_high": 0.8889379320574589
        },
        "r2": {
          "mean": 0.05567981971719263,
          "ci_low": -0.14869762347518006,
          "ci_high": 0.201507364218567
        },
        "spearman_rho": {
          "mean": 0.3318129254173648,
          "ci_low": 0.08685485674455151,
          "ci_high": 0.5428485252403771
        },
        "kendall_tau": {
          "mean": 0.22840753426017224,
          "ci_low": 0.060780458212064355,
          "ci_high": 0.3843934707603173
        }
      },
      "CYP2C9": {
        "st_rae": {
          "mean": 1.021885720690745,
          "ci_low": 0.7345075552885361,
          "ci_high": 1.3746960852779013
        },
        "mae": {
          "mean": 0.5781313641866047,
          "ci_low": 0.4718123446901639,
          "ci_high": 0.6924961979190508
        },
        "r2": {
          "mean": -0.014691135642833888,
          "ci_low": -0.3321136935663624,
          "ci_high": 0.2417418650645162
        },
        "spearman_rho": {
          "mean": 0.39342785351931925,
          "ci_low": 0.18284152337043633,
          "ci_high": 0.5873764420765648
        },
        "kendall_tau": {
          "mean": 0.2618131132117089,
          "ci_low": 0.11495913258882275,
          "ci_high": 0.4080747126436781
        }
      },
      "CYP2D6": {
        "st_rae": {
          "mean": 1.045701778557514,
          "ci_low": 0.8737564082086053,
          "ci_high": 1.2584786890608246
        },
        "mae": {
          "mean": 0.5858785910973182,
          "ci_low": 0.4614523898638212,
          "ci_high": 0.7334261354116293
        },
        "r2": {
          "mean": -0.04098859279369744,
          "ci_low": -0.3493898911354175,
          "ci_high": 0.16564421259334344
        },
        "spearman_rho": {
          "mean": 0.25307096536997165,
          "ci_low": -0.004029955076194325,
          "ci_high": 0.49413454349190367
        },
        "kendall_tau": {
          "mean": 0.17753415358035432,
          "ci_low": 0.0004514754023500288,
          "ci_high": 0.3538555392874573
        }
      },
      "CYP3A4": {
        "st_rae": {
          "mean": 0.8379611927732794,
          "ci_low": 0.685375243485817,
          "ci_high": 1.0418049873700712
        },
        "mae": {
          "mean": 0.7477298494577408,
          "ci_low": 0.6482388824224472,
          "ci_high": 0.8473118086193883
        },
        "r2": {
          "mean": 0.24966887055033288,
          "ci_low": 0.0925910245671426,
          "ci_high": 0.3838093570377686
        },
        "spearman_rho": {
          "mean": 0.5207660795934355,
          "ci_low": 0.3476294856529859,
          "ci_high": 0.6704589927502403
        },
        "kendall_tau": {
          "mean": 0.367171731107444,
          "ci_low": 0.23958086915380655,
          "ci_high": 0.4821534433729783
        }
      }
    }
  },
  "epochs_run": 3,
  "fit_observations": 806,
  "validation_observations": 272,
  "rule": "fitzhugh_nagumo",
  "generations": 125,
  "hidden_channels": 8,
  "atom_feature_profile": "valence_electronic",
  "atom_feature_count": 38,
  "atom_feature_names": [
    "element_H",
    "element_C",
    "element_N",
    "element_O",
    "element_F",
    "element_P",
    "element_S",
    "element_Cl",
    "element_Br",
    "element_I",
    "element_other",
    "formal_charge",
    "aromatic",
    "hybrid_sp",
    "hybrid_sp2",
    "hybrid_sp3",
    "hybrid_other",
    "degree",
    "total_hydrogens",
    "in_ring",
    "hbond_donor",
    "hbond_acceptor",
    "chiral_cw",
    "chiral_ccw",
    "chiral_other",
    "total_valence",
    "implicit_valence",
    "heavy_atom_degree",
    "radical_electrons",
    "absolute_formal_charge",
    "electronegativity",
    "polarizability",
    "heteroatom",
    "halogen",
    "conjugated_bond_fraction",
    "first_ionization_energy",
    "electron_affinity",
    "electronic_property_missing"
  ],
  "device": "cuda",
  "gpu": "NVIDIA GeForce RTX 5070 Ti",
  "training_seconds": 9.52420310000889,
  "peak_gpu_memory_bytes": 302810624,
  "runtime": {
    "operating_system": "Windows-10-10.0.26200-SP0",
    "machine": "AMD64",
    "python": "3.11.16",
    "python_executable": "C:\\Users\\Anthony\\anaconda3\\envs\\strange-matter-gpu\\python.exe",
    "pytorch": "2.11.0+cu128",
    "pytorch_cuda": "12.8",
    "device": "cuda",
    "gpu": "NVIDIA GeForce RTX 5070 Ti"
  },
  "validation_protocol": {
    "kind": "scaffold_cross_validation",
    "fold": 0,
    "folds": 5
  },
  "readout": "differentiable_closed_form_ridge",
  "hyperparameters": {
    "ca_lr": 0.001,
    "ridge": 0.01,
    "ca_l2": 1e-05,
    "gradient_clip": 1.0,
    "update_scale": 0.25,
    "init_scale": 1.0,
    "initial_noise": 0.005,
    "support_fraction": 0.75,
    "bond_temperature": 0.5,
    "dyn_a": 0.8,
    "dyn_b": 0.5,
    "dyn_c": 0.2,
    "dyn_d": 0.3,
    "lr_schedule": "cosine_0.1x"
  }
}
