{"device": "cuda", "gpu": "NVIDIA GeForce RTX 5070 Ti", "pytorch": "2.11.0+cu128", "pytorch_cuda": "12.8"}
{"epoch": 1, "train_rmse": 1.4592921980502505, "validation_rmse": 1.015255331993103, "mean_raw_gradient_norm": 1314.4509765625, "fraction_gradients_clipped": 1.0}
{"epoch": 2, "train_rmse": 1.846767415948971, "validation_rmse": 8.702882766723633, "mean_raw_gradient_norm": 4778.78242263794, "fraction_gradients_clipped": 1.0}
{"epoch": 3, "train_rmse": 1.3435858146153892, "validation_rmse": 2.010598659515381, "mean_raw_gradient_norm": 1433.0325866699218, "fraction_gradients_clipped": 1.0}
{
  "seed": 1701,
  "best_validation_rmse": 1.015255331993103,
  "restored_fit_rmse": 0.855353057384491,
  "restored_validation_rmse": 1.0155612230300903,
  "epochs_run": 3,
  "fit_observations": 791,
  "validation_observations": 273,
  "rule": "coupled_map",
  "generations": 500,
  "hidden_channels": 16,
  "device": "cuda",
  "gpu": "NVIDIA GeForce RTX 5070 Ti",
  "training_seconds": 33.17614740005229,
  "peak_gpu_memory_bytes": 2847766016,
  "readout": "differentiable_closed_form_ridge",
  "hyperparameters": {
    "ca_lr": 0.003,
    "ridge": 0.01,
    "ca_l2": 1e-05,
    "gradient_clip": 1.0,
    "update_scale": 0.15,
    "init_scale": 1.0,
    "initial_noise": 0.005,
    "support_fraction": 0.75,
    "bond_temperature": 1.0,
    "dyn_a": 0.5,
    "dyn_b": 0.5,
    "dyn_c": 0.5,
    "dyn_d": 0.05,
    "lr_schedule": "cosine_0.1x"
  }
}
