{"operating_system": "macOS-26.2-arm64-arm-64bit", "machine": "arm64", "python": "3.10.19", "python_executable": "/opt/anaconda3/envs/kcc2/bin/python3.10", "pytorch": "2.8.0", "pytorch_cuda": null, "device": "cpu", "gpu": null}
{"epoch": 1, "train_rmse": 1.435542005499528, "validation_rmse": 1.0199010372161865, "mean_raw_gradient_norm": 47.98492584228516, "fraction_gradients_clipped": 1.0}
{"epoch": 2, "train_rmse": 1.6742066454572193, "validation_rmse": 1.0197900533676147, "mean_raw_gradient_norm": 52.76019945144653, "fraction_gradients_clipped": 1.0}
{"epoch": 3, "train_rmse": 1.3626874964536637, "validation_rmse": 1.0195428133010864, "mean_raw_gradient_norm": 33.346231079101564, "fraction_gradients_clipped": 1.0}
{
  "seed": 1701,
  "best_validation_rmse": 1.0199010372161865,
  "restored_fit_rmse": 0.890977144241333,
  "restored_validation_rmse": 1.0199010372161865,
  "epochs_run": 3,
  "fit_observations": 791,
  "validation_observations": 273,
  "rule": "kuramoto_sakaguchi",
  "generations": 64,
  "hidden_channels": 8,
  "device": "cpu",
  "gpu": null,
  "training_seconds": 9.592018665978685,
  "peak_gpu_memory_bytes": 0,
  "runtime": {
    "operating_system": "macOS-26.2-arm64-arm-64bit",
    "machine": "arm64",
    "python": "3.10.19",
    "python_executable": "/opt/anaconda3/envs/kcc2/bin/python3.10",
    "pytorch": "2.8.0",
    "pytorch_cuda": null,
    "device": "cpu",
    "gpu": null
  },
  "readout": "differentiable_closed_form_ridge",
  "hyperparameters": {
    "ca_lr": 0.0003,
    "ridge": 0.01,
    "ca_l2": 0.0001,
    "gradient_clip": 2.0,
    "update_scale": 0.08,
    "init_scale": 1.5,
    "initial_noise": 0.005,
    "support_fraction": 0.75,
    "bond_temperature": 0.5,
    "dyn_a": 0.2,
    "dyn_b": 0.2,
    "dyn_c": 0.5,
    "dyn_d": 0.3,
    "lr_schedule": "cosine_0.1x"
  }
}
