{"operating_system": "Windows-10-10.0.26200-SP0", "machine": "AMD64", "python": "3.11.16", "python_executable": "C:\\Users\\Anthony\\anaconda3\\envs\\strange-matter-gpu\\python.exe", "pytorch": "2.11.0+cu128", "pytorch_cuda": "12.8", "device": "cuda", "gpu": "NVIDIA GeForce RTX 5070 Ti"}
{"epoch": 1, "train_rmse": 1.267041005353429, "validation_rmse": 0.8375310897827148, "validation_ma_st_rae": 0.9112098576633721, "validation_CYP1A2_st_rae": 0.9851570059445538, "validation_CYP2C9_st_rae": 0.900249413142325, "validation_CYP2D6_st_rae": 0.8754188481659791, "validation_CYP3A4_st_rae": 0.8840141634006309, "mean_raw_gradient_norm": 86.80728034973144, "fraction_gradients_clipped": 1.0}
{"epoch": 2, "train_rmse": 1.2074109033504645, "validation_rmse": 0.8527188897132874, "validation_ma_st_rae": 0.9475965093844343, "validation_CYP1A2_st_rae": 0.9950045693240472, "validation_CYP2C9_st_rae": 0.9452237452553505, "validation_CYP2D6_st_rae": 0.9474071273105861, "validation_CYP3A4_st_rae": 0.9027505956477534, "mean_raw_gradient_norm": 124.7023684501648, "fraction_gradients_clipped": 1.0}
{"epoch": 3, "train_rmse": 1.3953614530273963, "validation_rmse": 0.8640599846839905, "validation_ma_st_rae": 0.9587200633826334, "validation_CYP1A2_st_rae": 0.977236205719012, "validation_CYP2C9_st_rae": 0.9693262800488096, "validation_CYP2D6_st_rae": 0.9099065308951696, "validation_CYP3A4_st_rae": 0.9784112368675424, "mean_raw_gradient_norm": 115.59141569137573, "fraction_gradients_clipped": 1.0}
{
  "seed": 1701,
  "selection_metric": "validation_ma_st_rae",
  "best_validation_ma_st_rae": 0.9112098576633721,
  "best_validation_rmse": 0.8375310897827148,
  "restored_fit_rmse": 0.9336928129196167,
  "restored_validation_rmse": 0.8375382423400879,
  "restored_fit_ma_st_rae": 0.8886493881877202,
  "restored_validation_ma_st_rae": 0.9259147133288227,
  "restored_validation_point_ma_st_rae": 0.9112223292061529,
  "restored_validation_point_st_rae_by_cyp": {
    "CYP1A2": 0.9851206673522519,
    "CYP2C9": 0.9002939592999343,
    "CYP2D6": 0.8754417795109077,
    "CYP3A4": 0.8840329106615176
  },
  "restored_fit_st_rae_by_cyp": {
    "CYP1A2": 0.8921097023005449,
    "CYP2C9": 0.8625626943584093,
    "CYP2D6": 0.9754765574696442,
    "CYP3A4": 0.8244485986222826
  },
  "restored_validation_st_rae_by_cyp": {
    "CYP1A2": 0.9895828063112986,
    "CYP2C9": 0.9297219561576034,
    "CYP2D6": 0.8868456335313497,
    "CYP3A4": 0.8975084573150394
  },
  "validation_bootstrap_metrics": {
    "n_bootstrap_samples": 1000,
    "seed": 0,
    "macro": {
      "st_rae": {
        "mean": 0.9259147133288227,
        "ci_low": 0.8132532493950688,
        "ci_high": 1.040951031952914
      },
      "mae": {
        "mean": 0.6268596224768087,
        "ci_low": 0.5654713322800199,
        "ci_high": 0.6969354186482458
      },
      "r2": {
        "mean": 0.10687313091704759,
        "ci_low": -0.001965267199944381,
        "ci_high": 0.20861355347806174
      },
      "spearman_rho": {
        "mean": 0.441927255002366,
        "ci_low": 0.33960607876806403,
        "ci_high": 0.5469517618891128
      },
      "kendall_tau": {
        "mean": 0.3124648229972277,
        "ci_low": 0.23651567796677636,
        "ci_high": 0.39339147243614303
      }
    },
    "per_endpoint": {
      "CYP1A2": {
        "st_rae": {
          "mean": 0.9895828063112986,
          "ci_low": 0.7543154093430958,
          "ci_high": 1.2735720806967525
        },
        "mae": {
          "mean": 0.656937144334199,
          "ci_low": 0.5092778596721712,
          "ci_high": 0.8258607551699778
        },
        "r2": {
          "mean": 0.14131507232631774,
          "ci_low": -0.12738002784862143,
          "ci_high": 0.3173710193731301
        },
        "spearman_rho": {
          "mean": 0.4488543379125252,
          "ci_low": 0.19881513042237953,
          "ci_high": 0.6647412087657073
        },
        "kendall_tau": {
          "mean": 0.3253166335808246,
          "ci_low": 0.13879804138950483,
          "ci_high": 0.491136912716069
        }
      },
      "CYP2C9": {
        "st_rae": {
          "mean": 0.9297219561576034,
          "ci_low": 0.6696414836824984,
          "ci_high": 1.2346075286486025
        },
        "mae": {
          "mean": 0.5524928583820661,
          "ci_low": 0.4390589739878972,
          "ci_high": 0.6727288343509038
        },
        "r2": {
          "mean": -0.0351467703064562,
          "ci_low": -0.3470840139239916,
          "ci_high": 0.22534075687708097
        },
        "spearman_rho": {
          "mean": 0.3680232099247051,
          "ci_low": 0.10289379157483995,
          "ci_high": 0.6028134124041887
        },
        "kendall_tau": {
          "mean": 0.25785828666535066,
          "ci_low": 0.06586420972894641,
          "ci_high": 0.43727084374633995
        }
      },
      "CYP2D6": {
        "st_rae": {
          "mean": 0.8868456335313497,
          "ci_low": 0.7252265321868544,
          "ci_high": 1.067942965089875
        },
        "mae": {
          "mean": 0.526333174749521,
          "ci_low": 0.409922057390213,
          "ci_high": 0.6622760256437155
        },
        "r2": {
          "mean": 0.10567712439123297,
          "ci_low": -0.13608363731051956,
          "ci_high": 0.29010556174127256
        },
        "spearman_rho": {
          "mean": 0.4520007574475758,
          "ci_low": 0.235187833832008,
          "ci_high": 0.6438258248547404
        },
        "kendall_tau": {
          "mean": 0.32223615147835083,
          "ci_low": 0.16273881717635508,
          "ci_high": 0.47512593866026764
        }
      },
      "CYP3A4": {
        "st_rae": {
          "mean": 0.8975084573150394,
          "ci_low": 0.7377849866730359,
          "ci_high": 1.120511336775688
        },
        "mae": {
          "mean": 0.7716753124414488,
          "ci_low": 0.6697109912023989,
          "ci_high": 0.8875962744618571
        },
        "r2": {
          "mean": 0.2156470972570958,
          "ci_low": 0.06902727364824482,
          "ci_high": 0.32786866793053515
        },
        "spearman_rho": {
          "mean": 0.49883071472465784,
          "ci_low": 0.34269743818217374,
          "ci_high": 0.6345396692147236
        },
        "kendall_tau": {
          "mean": 0.34444822026438465,
          "ci_low": 0.23224567566967397,
          "ci_high": 0.4495660969414144
        }
      }
    }
  },
  "epochs_run": 3,
  "fit_observations": 806,
  "validation_observations": 272,
  "rule": "delayed_memory",
  "generations": 500,
  "hidden_channels": 8,
  "atom_feature_profile": "valence_electronic",
  "atom_feature_count": 38,
  "atom_feature_names": [
    "element_H",
    "element_C",
    "element_N",
    "element_O",
    "element_F",
    "element_P",
    "element_S",
    "element_Cl",
    "element_Br",
    "element_I",
    "element_other",
    "formal_charge",
    "aromatic",
    "hybrid_sp",
    "hybrid_sp2",
    "hybrid_sp3",
    "hybrid_other",
    "degree",
    "total_hydrogens",
    "in_ring",
    "hbond_donor",
    "hbond_acceptor",
    "chiral_cw",
    "chiral_ccw",
    "chiral_other",
    "total_valence",
    "implicit_valence",
    "heavy_atom_degree",
    "radical_electrons",
    "absolute_formal_charge",
    "electronegativity",
    "polarizability",
    "heteroatom",
    "halogen",
    "conjugated_bond_fraction",
    "first_ionization_energy",
    "electron_affinity",
    "electronic_property_missing"
  ],
  "device": "cuda",
  "gpu": "NVIDIA GeForce RTX 5070 Ti",
  "training_seconds": 69.31621830002405,
  "peak_gpu_memory_bytes": 592719360,
  "runtime": {
    "operating_system": "Windows-10-10.0.26200-SP0",
    "machine": "AMD64",
    "python": "3.11.16",
    "python_executable": "C:\\Users\\Anthony\\anaconda3\\envs\\strange-matter-gpu\\python.exe",
    "pytorch": "2.11.0+cu128",
    "pytorch_cuda": "12.8",
    "device": "cuda",
    "gpu": "NVIDIA GeForce RTX 5070 Ti"
  },
  "validation_protocol": {
    "kind": "scaffold_cross_validation",
    "fold": 0,
    "folds": 5
  },
  "readout": "differentiable_closed_form_ridge",
  "hyperparameters": {
    "ca_lr": 0.001,
    "ridge": 0.1,
    "ca_l2": 1e-05,
    "gradient_clip": 2.0,
    "update_scale": 0.4,
    "init_scale": 0.5,
    "initial_noise": 0.0,
    "support_fraction": 0.85,
    "bond_temperature": 2.0,
    "dyn_a": 0.2,
    "dyn_b": 0.5,
    "dyn_c": 0.8,
    "dyn_d": 0.3,
    "lr_schedule": "cosine_0.1x"
  }
}
