{"operating_system": "Windows-10-10.0.26200-SP0", "machine": "AMD64", "python": "3.11.16", "python_executable": "C:\\Users\\Anthony\\anaconda3\\envs\\strange-matter-gpu\\python.exe", "pytorch": "2.11.0+cu128", "pytorch_cuda": "12.8", "device": "cuda", "gpu": "NVIDIA GeForce RTX 5070 Ti"}
{"epoch": 1, "train_rmse": 0.9983781838139565, "validation_rmse": 0.9159089922904968, "validation_ma_st_rae": 0.9135442029483739, "validation_CYP1A2_st_rae": 0.921182383444382, "validation_CYP2C9_st_rae": 0.9647965941472909, "validation_CYP2D6_st_rae": 0.9771416607745774, "validation_CYP3A4_st_rae": 0.7910561734272451, "mean_raw_gradient_norm": 5.195164060592651, "fraction_gradients_clipped": 1.0}
{"epoch": 2, "train_rmse": 0.9692304574688941, "validation_rmse": 0.9186528921127319, "validation_ma_st_rae": 0.910606821625591, "validation_CYP1A2_st_rae": 0.8941544895008766, "validation_CYP2C9_st_rae": 0.9731657708292512, "validation_CYP2D6_st_rae": 0.9654353144899339, "validation_CYP3A4_st_rae": 0.8096717116823028, "mean_raw_gradient_norm": 3.9202500438690184, "fraction_gradients_clipped": 0.92}
{"epoch": 3, "train_rmse": 0.99189915507097, "validation_rmse": 0.9296751022338867, "validation_ma_st_rae": 0.9437704179329222, "validation_CYP1A2_st_rae": 0.9041855681364024, "validation_CYP2C9_st_rae": 1.0352143065502428, "validation_CYP2D6_st_rae": 1.0013604562078124, "validation_CYP3A4_st_rae": 0.8343213408372309, "mean_raw_gradient_norm": 4.329008922576905, "fraction_gradients_clipped": 0.96}
{"epoch": 4, "train_rmse": 0.9685858618213066, "validation_rmse": 0.9183756709098816, "validation_ma_st_rae": 0.9174047553101049, "validation_CYP1A2_st_rae": 0.8755078255732724, "validation_CYP2C9_st_rae": 0.9765211610567599, "validation_CYP2D6_st_rae": 1.0058904902398673, "validation_CYP3A4_st_rae": 0.8116995443705196, "mean_raw_gradient_norm": 4.656407260894776, "fraction_gradients_clipped": 0.96}
{
  "seed": 1701,
  "selection_metric": "validation_ma_st_rae",
  "best_validation_ma_st_rae": 0.9135442029483739,
  "best_validation_rmse": 0.9159089922904968,
  "restored_fit_rmse": 0.8924166560173035,
  "restored_validation_rmse": 0.9159172773361206,
  "restored_fit_ma_st_rae": 0.9135876019681998,
  "restored_validation_ma_st_rae": 0.9157307325004026,
  "restored_validation_point_ma_st_rae": 0.9135494909805595,
  "restored_validation_point_st_rae_by_cyp": {
    "CYP1A2": 0.921180256719594,
    "CYP2C9": 0.9647948072526891,
    "CYP2D6": 0.9771546216864506,
    "CYP3A4": 0.791068278263504
  },
  "restored_fit_st_rae_by_cyp": {
    "CYP1A2": 0.9399608682668963,
    "CYP2C9": 0.9025365710333815,
    "CYP2D6": 0.9742225637254535,
    "CYP3A4": 0.837630404847068
  },
  "restored_validation_st_rae_by_cyp": {
    "CYP1A2": 0.9251157471516981,
    "CYP2C9": 0.9700213492499614,
    "CYP2D6": 0.9771579049390946,
    "CYP3A4": 0.7906279286608563
  },
  "validation_bootstrap_metrics": {
    "n_bootstrap_samples": 1000,
    "seed": 0,
    "macro": {
      "st_rae": {
        "mean": 0.9157307325004026,
        "ci_low": 0.8704308405685763,
        "ci_high": 0.9605391311066028
      },
      "mae": {
        "mean": 0.673936397139464,
        "ci_low": 0.6390518303401266,
        "ci_high": 0.7108526324035226
      },
      "r2": {
        "mean": 0.11228483171589866,
        "ci_low": 0.07170254089469985,
        "ci_high": 0.15024996135696736
      },
      "spearman_rho": {
        "mean": 0.35851159861510884,
        "ci_low": 0.29942093161991973,
        "ci_high": 0.41343012679964514
      },
      "kendall_tau": {
        "mean": 0.24660242493336829,
        "ci_low": 0.20587540364741777,
        "ci_high": 0.28564669474425647
      }
    },
    "per_endpoint": {
      "CYP1A2": {
        "st_rae": {
          "mean": 0.9251157471516981,
          "ci_low": 0.8321608511558741,
          "ci_high": 1.039049809786127
        },
        "mae": {
          "mean": 0.7448747542179955,
          "ci_low": 0.6645042746067048,
          "ci_high": 0.8214529359075758
        },
        "r2": {
          "mean": 0.11791165193941165,
          "ci_low": 0.03625694255349034,
          "ci_high": 0.1876765773583498
        },
        "spearman_rho": {
          "mean": 0.3909204577056098,
          "ci_low": 0.28333774680897555,
          "ci_high": 0.49945106851068183
        },
        "kendall_tau": {
          "mean": 0.26157645536275664,
          "ci_low": 0.18687411372723053,
          "ci_high": 0.3381991639467087
        }
      },
      "CYP2C9": {
        "st_rae": {
          "mean": 0.9700213492499614,
          "ci_low": 0.8695909503239245,
          "ci_high": 1.0786847337046115
        },
        "mae": {
          "mean": 0.5284742972207448,
          "ci_low": 0.47391582298531104,
          "ci_high": 0.5904454261852952
        },
        "r2": {
          "mean": 0.07755173372811365,
          "ci_low": -0.011457391112009354,
          "ci_high": 0.1570950624174542
        },
        "spearman_rho": {
          "mean": 0.27598982012689316,
          "ci_low": 0.1337679925335625,
          "ci_high": 0.4156499163784935
        },
        "kendall_tau": {
          "mean": 0.19012603062643024,
          "ci_low": 0.08922028048961483,
          "ci_high": 0.29134214462127384
        }
      },
      "CYP2D6": {
        "st_rae": {
          "mean": 0.9771579049390946,
          "ci_low": 0.9105603145431318,
          "ci_high": 1.0538250281034816
        },
        "mae": {
          "mean": 0.6403132280414388,
          "ci_low": 0.5605094661652033,
          "ci_high": 0.7278396095259715
        },
        "r2": {
          "mean": 0.02312532862191762,
          "ci_low": -0.05244892878463014,
          "ci_high": 0.09374153286014514
        },
        "spearman_rho": {
          "mean": 0.25436790037606904,
          "ci_low": 0.13141432069289066,
          "ci_high": 0.3704412783542608
        },
        "kendall_tau": {
          "mean": 0.17366152325357387,
          "ci_low": 0.08533400535452826,
          "ci_high": 0.25729236549748313
        }
      },
      "CYP3A4": {
        "st_rae": {
          "mean": 0.7906279286608563,
          "ci_low": 0.7248078713191611,
          "ci_high": 0.8608706788099222
        },
        "mae": {
          "mean": 0.7820833090776762,
          "ci_low": 0.7227658245279835,
          "ci_high": 0.8422411067036664
        },
        "r2": {
          "mean": 0.2305506125741517,
          "ci_low": 0.15175143416358644,
          "ci_high": 0.30397752924233007
        },
        "spearman_rho": {
          "mean": 0.5127682162518632,
          "ci_low": 0.42888150984623885,
          "ci_high": 0.5896123565523108
        },
        "kendall_tau": {
          "mean": 0.36104569049071245,
          "ci_low": 0.29998147501325334,
          "ci_high": 0.4209372624607
        }
      }
    }
  },
  "epochs_run": 4,
  "fit_observations": 4213,
  "validation_observations": 1003,
  "rule": "fitzhugh_nagumo",
  "generations": 32,
  "hidden_channels": 4,
  "atom_feature_profile": "periodic_valence",
  "atom_feature_count": 38,
  "atom_feature_names": [
    "element_H",
    "element_C",
    "element_N",
    "element_O",
    "element_F",
    "element_P",
    "element_S",
    "element_Cl",
    "element_Br",
    "element_I",
    "element_other",
    "formal_charge",
    "aromatic",
    "hybrid_sp",
    "hybrid_sp2",
    "hybrid_sp3",
    "hybrid_other",
    "degree",
    "total_hydrogens",
    "in_ring",
    "hbond_donor",
    "hbond_acceptor",
    "chiral_cw",
    "chiral_ccw",
    "chiral_other",
    "atomic_number",
    "atomic_mass",
    "covalent_radius",
    "vdw_radius",
    "outer_electrons",
    "period",
    "periodic_group",
    "atomic_volume",
    "total_valence",
    "implicit_valence",
    "heavy_atom_degree",
    "radical_electrons",
    "absolute_formal_charge"
  ],
  "device": "cuda",
  "gpu": "NVIDIA GeForce RTX 5070 Ti",
  "training_seconds": 22.10422129998915,
  "peak_gpu_memory_bytes": 58440704,
  "runtime": {
    "operating_system": "Windows-10-10.0.26200-SP0",
    "machine": "AMD64",
    "python": "3.11.16",
    "python_executable": "C:\\Users\\Anthony\\anaconda3\\envs\\strange-matter-gpu\\python.exe",
    "pytorch": "2.11.0+cu128",
    "pytorch_cuda": "12.8",
    "device": "cuda",
    "gpu": "NVIDIA GeForce RTX 5070 Ti"
  },
  "validation_protocol": {
    "kind": "scaffold_cross_validation",
    "fold": 3,
    "folds": 5
  },
  "readout": "differentiable_closed_form_ridge",
  "prediction_mode": "direct",
  "residual_alpha": null,
  "trajectory_pooling": "legacy",
  "ridge_mode": "shared",
  "loss_mode": "hybrid_interval",
  "interval_loss_beta": 0.5,
  "interval_temperature": 0.05,
  "hyperparameters": {
    "ca_lr": 0.003,
    "ridge": 0.1,
    "ca_l2": 0.0001,
    "gradient_clip": 2.0,
    "update_scale": 0.15,
    "init_scale": 1.5,
    "initial_noise": 0.01,
    "support_fraction": 0.85,
    "bond_temperature": 1.0,
    "dyn_a": 0.2,
    "dyn_b": 0.5,
    "dyn_c": 0.8,
    "dyn_d": 0.3,
    "lr_schedule": "cosine_0.1x"
  }
}
