{"operating_system": "Windows-10-10.0.26200-SP0", "machine": "AMD64", "python": "3.11.16", "python_executable": "C:\\Users\\Anthony\\anaconda3\\envs\\strange-matter-gpu\\python.exe", "pytorch": "2.11.0+cu128", "pytorch_cuda": "12.8", "device": "cuda", "gpu": "NVIDIA GeForce RTX 5070 Ti"}
{"epoch": 1, "train_rmse": 1.4896406461022949, "validation_rmse": 0.879835844039917, "validation_ma_st_rae": 1.0310829418515934, "validation_CYP1A2_st_rae": 1.0652570361094729, "validation_CYP2C9_st_rae": 1.0310524132412207, "validation_CYP2D6_st_rae": 1.0731586922356855, "validation_CYP3A4_st_rae": 0.9548636258199948, "mean_raw_gradient_norm": 34.37660894393921, "fraction_gradients_clipped": 1.0}
{"epoch": 2, "train_rmse": 1.5669776068836025, "validation_rmse": 0.8637493252754211, "validation_ma_st_rae": 1.0043232090835368, "validation_CYP1A2_st_rae": 1.0392906206872525, "validation_CYP2C9_st_rae": 0.9636625627055445, "validation_CYP2D6_st_rae": 1.0752785028987484, "validation_CYP3A4_st_rae": 0.9390611500426019, "mean_raw_gradient_norm": 35.47176055908203, "fraction_gradients_clipped": 1.0}
{"epoch": 3, "train_rmse": 2.039131695270622, "validation_rmse": 0.8555251359939575, "validation_ma_st_rae": 0.9888220696210044, "validation_CYP1A2_st_rae": 1.0435788601236418, "validation_CYP2C9_st_rae": 0.912868080758547, "validation_CYP2D6_st_rae": 1.0753337238111884, "validation_CYP3A4_st_rae": 0.9235076137906404, "mean_raw_gradient_norm": 90.32117214202881, "fraction_gradients_clipped": 1.0}
{
  "seed": 1701,
  "selection_metric": "validation_ma_st_rae",
  "best_validation_ma_st_rae": 0.9888220696210044,
  "best_validation_rmse": 0.8555251359939575,
  "restored_fit_rmse": 0.8664677739143372,
  "restored_validation_rmse": 0.8555241823196411,
  "restored_fit_ma_st_rae": 0.8284761697606736,
  "restored_validation_ma_st_rae": 1.006773881943641,
  "restored_validation_point_ma_st_rae": 0.9888544929394532,
  "restored_validation_point_st_rae_by_cyp": {
    "CYP1A2": 1.0435309986576378,
    "CYP2C9": 0.9130205018598079,
    "CYP2D6": 1.0753786924735302,
    "CYP3A4": 0.9234877787668366
  },
  "restored_fit_st_rae_by_cyp": {
    "CYP1A2": 0.7764103514597142,
    "CYP2C9": 0.7721883471792734,
    "CYP2D6": 1.0355773650243976,
    "CYP3A4": 0.7297286153793094
  },
  "restored_validation_st_rae_by_cyp": {
    "CYP1A2": 1.0473171940745178,
    "CYP2C9": 0.9470415818748318,
    "CYP2D6": 1.0936827895336445,
    "CYP3A4": 0.9390539622915692
  },
  "validation_bootstrap_metrics": {
    "n_bootstrap_samples": 1000,
    "seed": 0,
    "macro": {
      "st_rae": {
        "mean": 1.006773881943641,
        "ci_low": 0.8655519318483396,
        "ci_high": 1.1516321064102413
      },
      "mae": {
        "mean": 0.6644791642106732,
        "ci_low": 0.6032561029720909,
        "ci_high": 0.7307516250002717
      },
      "r2": {
        "mean": 0.04955885282138238,
        "ci_low": -0.1038544891663606,
        "ci_high": 0.1752593869368901
      },
      "spearman_rho": {
        "mean": 0.39938533985198554,
        "ci_low": 0.2848380303855136,
        "ci_high": 0.5098194380405586
      },
      "kendall_tau": {
        "mean": 0.2781652338842805,
        "ci_low": 0.196299089120627,
        "ci_high": 0.3582786248320077
      }
    },
    "per_endpoint": {
      "CYP1A2": {
        "st_rae": {
          "mean": 1.0473171940745178,
          "ci_low": 0.7969416495028181,
          "ci_high": 1.3503910716570084
        },
        "mae": {
          "mean": 0.7098363660515331,
          "ci_low": 0.5545765659848197,
          "ci_high": 0.8737288204372906
        },
        "r2": {
          "mean": 0.11253094495095821,
          "ci_low": -0.1376253916641986,
          "ci_high": 0.28555880569028275
        },
        "spearman_rho": {
          "mean": 0.44949791266949796,
          "ci_low": 0.22420555050419894,
          "ci_high": 0.6369772678042972
        },
        "kendall_tau": {
          "mean": 0.3033161046684245,
          "ci_low": 0.14283320031923383,
          "ci_high": 0.44470355269914874
        }
      },
      "CYP2C9": {
        "st_rae": {
          "mean": 0.9470415818748318,
          "ci_low": 0.6329375760019933,
          "ci_high": 1.342968841130103
        },
        "mae": {
          "mean": 0.5713805205265682,
          "ci_low": 0.4574110549688339,
          "ci_high": 0.6962823420763016
        },
        "r2": {
          "mean": -0.06547044640309538,
          "ci_low": -0.43808657392817146,
          "ci_high": 0.26057124922681507
        },
        "spearman_rho": {
          "mean": 0.34875016067381504,
          "ci_low": 0.07962147065420817,
          "ci_high": 0.5804923669832044
        },
        "kendall_tau": {
          "mean": 0.2590000139776942,
          "ci_low": 0.057445773081201336,
          "ci_high": 0.4454782412129054
        }
      },
      "CYP2D6": {
        "st_rae": {
          "mean": 1.0936827895336445,
          "ci_low": 0.8832878264542723,
          "ci_high": 1.3747441918264205
        },
        "mae": {
          "mean": 0.6071528275343088,
          "ci_low": 0.4907425371500162,
          "ci_high": 0.7419264949285066
        },
        "r2": {
          "mean": -0.07009350214927543,
          "ci_low": -0.42359812456896023,
          "ci_high": 0.17416591043007343
        },
        "spearman_rho": {
          "mean": 0.3325965884394778,
          "ci_low": 0.10072818289197126,
          "ci_high": 0.5335809420193396
        },
        "kendall_tau": {
          "mean": 0.2318762008626664,
          "ci_low": 0.06699011415793808,
          "ci_high": 0.38890858192258254
        }
      },
      "CYP3A4": {
        "st_rae": {
          "mean": 0.9390539622915692,
          "ci_low": 0.7488375638163492,
          "ci_high": 1.172430587198237
        },
        "mae": {
          "mean": 0.7695469427302826,
          "ci_low": 0.6728523083897524,
          "ci_high": 0.879812985034876
        },
        "r2": {
          "mean": 0.22126841488694213,
          "ci_low": 0.02465387897506968,
          "ci_high": 0.3706471332904285
        },
        "spearman_rho": {
          "mean": 0.46669669762515126,
          "ci_low": 0.29118113572850196,
          "ci_high": 0.6218952305035534
        },
        "kendall_tau": {
          "mean": 0.31846861602833665,
          "ci_low": 0.19102517873595432,
          "ci_high": 0.4346741890009594
        }
      }
    }
  },
  "epochs_run": 3,
  "fit_observations": 806,
  "validation_observations": 272,
  "rule": "damped_symplectic",
  "generations": 32,
  "hidden_channels": 16,
  "atom_feature_profile": "local_environment",
  "atom_feature_count": 29,
  "atom_feature_names": [
    "element_H",
    "element_C",
    "element_N",
    "element_O",
    "element_F",
    "element_P",
    "element_S",
    "element_Cl",
    "element_Br",
    "element_I",
    "element_other",
    "formal_charge",
    "aromatic",
    "hybrid_sp",
    "hybrid_sp2",
    "hybrid_sp3",
    "hybrid_other",
    "degree",
    "total_hydrogens",
    "in_ring",
    "hbond_donor",
    "hbond_acceptor",
    "chiral_cw",
    "chiral_ccw",
    "chiral_other",
    "mean_neighbour_electronegativity",
    "electronegativity_difference",
    "mean_neighbour_atomic_number",
    "neighbour_formal_charge"
  ],
  "device": "cuda",
  "gpu": "NVIDIA GeForce RTX 5070 Ti",
  "training_seconds": 4.566365599981509,
  "peak_gpu_memory_bytes": 97656832,
  "runtime": {
    "operating_system": "Windows-10-10.0.26200-SP0",
    "machine": "AMD64",
    "python": "3.11.16",
    "python_executable": "C:\\Users\\Anthony\\anaconda3\\envs\\strange-matter-gpu\\python.exe",
    "pytorch": "2.11.0+cu128",
    "pytorch_cuda": "12.8",
    "device": "cuda",
    "gpu": "NVIDIA GeForce RTX 5070 Ti"
  },
  "validation_protocol": {
    "kind": "scaffold_cross_validation",
    "fold": 0,
    "folds": 5
  },
  "readout": "differentiable_closed_form_ridge",
  "hyperparameters": {
    "ca_lr": 0.003,
    "ridge": 0.1,
    "ca_l2": 1e-06,
    "gradient_clip": 2.0,
    "update_scale": 0.08,
    "init_scale": 1.5,
    "initial_noise": 0.0,
    "support_fraction": 0.75,
    "bond_temperature": 0.5,
    "dyn_a": 0.2,
    "dyn_b": 0.8,
    "dyn_c": 0.2,
    "dyn_d": 0.3,
    "lr_schedule": "cosine_0.1x"
  }
}
