{"device": "cuda", "gpu": "NVIDIA GeForce RTX 5070 Ti", "pytorch": "2.11.0+cu128", "pytorch_cuda": "12.8"}
{"epoch": 1, "train_rmse": 1.3314736529487545, "validation_rmse": 1.0120680332183838, "mean_raw_gradient_norm": 34.76127605438232, "fraction_gradients_clipped": 1.0}
{"epoch": 2, "train_rmse": 1.299186815894563, "validation_rmse": 1.013550043106079, "mean_raw_gradient_norm": 26.012148284912108, "fraction_gradients_clipped": 1.0}
{"epoch": 3, "train_rmse": 1.3636908461974686, "validation_rmse": 1.0123504400253296, "mean_raw_gradient_norm": 56.808846187591556, "fraction_gradients_clipped": 1.0}
{
  "seed": 1701,
  "best_validation_rmse": 1.0120680332183838,
  "restored_fit_rmse": 0.9340673685073853,
  "restored_validation_rmse": 1.0118993520736694,
  "epochs_run": 3,
  "fit_observations": 791,
  "validation_observations": 273,
  "rule": "coupled_map",
  "generations": 32,
  "hidden_channels": 4,
  "device": "cuda",
  "gpu": "NVIDIA GeForce RTX 5070 Ti",
  "training_seconds": 4.3828781000338495,
  "peak_gpu_memory_bytes": 43907072,
  "readout": "differentiable_closed_form_ridge",
  "hyperparameters": {
    "ca_lr": 0.0003,
    "ridge": 0.01,
    "ca_l2": 1e-05,
    "gradient_clip": 2.0,
    "update_scale": 0.08,
    "init_scale": 1.5,
    "initial_noise": 0.0,
    "support_fraction": 0.6,
    "bond_temperature": 0.5,
    "dyn_a": 0.2,
    "dyn_b": 0.8,
    "dyn_c": 0.2,
    "dyn_d": 0.15,
    "lr_schedule": "cosine_0.1x"
  }
}
