{"operating_system": "Windows-10-10.0.26200-SP0", "machine": "AMD64", "python": "3.11.16", "python_executable": "C:\\Users\\Anthony\\anaconda3\\envs\\strange-matter-gpu\\python.exe", "pytorch": "2.11.0+cu128", "pytorch_cuda": "12.8", "device": "cuda", "gpu": "NVIDIA GeForce RTX 5070 Ti"}
{"epoch": 1, "train_rmse": 1.0970496205346383, "validation_rmse": 0.9295099377632141, "validation_ma_st_rae": 0.9820162260565891, "validation_CYP1A2_st_rae": 0.9929723167787546, "validation_CYP2C9_st_rae": 0.9540159387338076, "validation_CYP2D6_st_rae": 1.2634329645845936, "validation_CYP3A4_st_rae": 0.7176436841292008, "mean_raw_gradient_norm": 21.334288150072098, "fraction_gradients_clipped": 1.0}
{"epoch": 2, "train_rmse": 1.123413401977012, "validation_rmse": 0.9362004995346069, "validation_ma_st_rae": 0.9517927061807522, "validation_CYP1A2_st_rae": 0.9999213875433244, "validation_CYP2C9_st_rae": 0.8325814691398283, "validation_CYP2D6_st_rae": 1.2281952487406487, "validation_CYP3A4_st_rae": 0.7464727192992071, "mean_raw_gradient_norm": 18.991277039051056, "fraction_gradients_clipped": 1.0}
{"epoch": 3, "train_rmse": 1.0601864724183183, "validation_rmse": 0.9371246695518494, "validation_ma_st_rae": 0.9687236736790726, "validation_CYP1A2_st_rae": 0.9687097491684663, "validation_CYP2C9_st_rae": 0.9359319645138249, "validation_CYP2D6_st_rae": 1.2046980456209917, "validation_CYP3A4_st_rae": 0.7655549354130077, "mean_raw_gradient_norm": 12.67808222770691, "fraction_gradients_clipped": 1.0}
{"epoch": 4, "train_rmse": 1.096384477293125, "validation_rmse": 0.9361478686332703, "validation_ma_st_rae": 0.9650621889006729, "validation_CYP1A2_st_rae": 0.9701645686799226, "validation_CYP2C9_st_rae": 0.9115588027672001, "validation_CYP2D6_st_rae": 1.231376088269118, "validation_CYP3A4_st_rae": 0.7471492958864503, "mean_raw_gradient_norm": 14.521497696638107, "fraction_gradients_clipped": 1.0}
{"epoch": 5, "train_rmse": 1.1483879107061952, "validation_rmse": 0.9289249181747437, "validation_ma_st_rae": 0.9557155602001899, "validation_CYP1A2_st_rae": 0.9720877705964804, "validation_CYP2C9_st_rae": 0.9017806454898759, "validation_CYP2D6_st_rae": 1.2073929490370188, "validation_CYP3A4_st_rae": 0.7416008756773844, "mean_raw_gradient_norm": 15.477573573589325, "fraction_gradients_clipped": 1.0}
{
  "seed": 1701,
  "selection_metric": "validation_ma_st_rae",
  "best_validation_ma_st_rae": 0.9517927061807522,
  "best_validation_rmse": 0.9362004995346069,
  "restored_fit_rmse": 0.9130475521087646,
  "restored_validation_rmse": 0.936400830745697,
  "restored_fit_ma_st_rae": 0.9560812395295848,
  "restored_validation_ma_st_rae": 0.9572552725682214,
  "restored_validation_point_ma_st_rae": 0.9520026097693657,
  "restored_validation_point_st_rae_by_cyp": {
    "CYP1A2": 0.9999353913346497,
    "CYP2C9": 0.8318556481128457,
    "CYP2D6": 1.2295143707840457,
    "CYP3A4": 0.7467050288459215
  },
  "restored_fit_st_rae_by_cyp": {
    "CYP1A2": 1.053785556284993,
    "CYP2C9": 0.8621368309172912,
    "CYP2D6": 1.1850295008270304,
    "CYP3A4": 0.7233730700890248
  },
  "restored_validation_st_rae_by_cyp": {
    "CYP1A2": 1.0043605853218387,
    "CYP2C9": 0.8371273951472343,
    "CYP2D6": 1.2359400832236656,
    "CYP3A4": 0.7515930265801467
  },
  "validation_bootstrap_metrics": {
    "n_bootstrap_samples": 1000,
    "seed": 0,
    "macro": {
      "st_rae": {
        "mean": 0.9572552725682214,
        "ci_low": 0.8800216749906932,
        "ci_high": 1.0430644851069613
      },
      "mae": {
        "mean": 0.6881422794332859,
        "ci_low": 0.6438657694535,
        "ci_high": 0.7360747370564209
      },
      "r2": {
        "mean": 0.06938274079583473,
        "ci_low": -0.014115312747171928,
        "ci_high": 0.14268013099773857
      },
      "spearman_rho": {
        "mean": 0.38702050370583635,
        "ci_low": 0.31577820631228953,
        "ci_high": 0.45253325057255944
      },
      "kendall_tau": {
        "mean": 0.26895150365934833,
        "ci_low": 0.22080968546235097,
        "ci_high": 0.3161111702851988
      }
    },
    "per_endpoint": {
      "CYP1A2": {
        "st_rae": {
          "mean": 1.0043605853218387,
          "ci_low": 0.8578756238777202,
          "ci_high": 1.1984516273660737
        },
        "mae": {
          "mean": 0.8059432464589047,
          "ci_low": 0.7001724006631707,
          "ci_high": 0.9107416831994358
        },
        "r2": {
          "mean": 0.08423586660539198,
          "ci_low": -0.06707749639379718,
          "ci_high": 0.2041031666359003
        },
        "spearman_rho": {
          "mean": 0.3736821278150243,
          "ci_low": 0.236760586589553,
          "ci_high": 0.4993403334781913
        },
        "kendall_tau": {
          "mean": 0.24883742610233578,
          "ci_low": 0.1560998871916117,
          "ci_high": 0.3376187769024608
        }
      },
      "CYP2C9": {
        "st_rae": {
          "mean": 0.8371273951472343,
          "ci_low": 0.6818054122971194,
          "ci_high": 1.0264075611607426
        },
        "mae": {
          "mean": 0.46418150640901973,
          "ci_low": 0.3911790086597693,
          "ci_high": 0.5361198740415886
        },
        "r2": {
          "mean": 0.24399738885632172,
          "ci_low": 0.0743516143334125,
          "ci_high": 0.3739062700683503
        },
        "spearman_rho": {
          "mean": 0.5006042213090122,
          "ci_low": 0.34338466090314784,
          "ci_high": 0.6334939932840984
        },
        "kendall_tau": {
          "mean": 0.3539546512660135,
          "ci_low": 0.2347157418422216,
          "ci_high": 0.4577313141309103
        }
      },
      "CYP2D6": {
        "st_rae": {
          "mean": 1.2359400832236656,
          "ci_low": 1.0886183809036067,
          "ci_high": 1.409035489353616
        },
        "mae": {
          "mean": 0.754188969279012,
          "ci_low": 0.6444598060973148,
          "ci_high": 0.8693571140580143
        },
        "r2": {
          "mean": -0.2308879875513993,
          "ci_low": -0.4432850353457022,
          "ci_high": -0.0557880551123701
        },
        "spearman_rho": {
          "mean": 0.12216333484346405,
          "ci_low": -0.03828141934036678,
          "ci_high": 0.26827313323109153
        },
        "kendall_tau": {
          "mean": 0.07775928698424138,
          "ci_low": -0.025512673588951946,
          "ci_high": 0.17709970405143377
        }
      },
      "CYP3A4": {
        "st_rae": {
          "mean": 0.7515930265801467,
          "ci_low": 0.6404750563603981,
          "ci_high": 0.8707761191030257
        },
        "mae": {
          "mean": 0.7282553955862079,
          "ci_low": 0.6459131296787222,
          "ci_high": 0.8095862910404042
        },
        "r2": {
          "mean": 0.18018569527302453,
          "ci_low": 0.029269113187853395,
          "ci_high": 0.31101130117844683
        },
        "spearman_rho": {
          "mean": 0.5516323308558447,
          "ci_low": 0.4400070137829574,
          "ci_high": 0.6437095964485695
        },
        "kendall_tau": {
          "mean": 0.39525465028480267,
          "ci_low": 0.3126305911594167,
          "ci_high": 0.46774374665449825
        }
      }
    }
  },
  "epochs_run": 5,
  "fit_observations": 2636,
  "validation_observations": 657,
  "rule": "conservative_graph_flux",
  "generations": 250,
  "hidden_channels": 16,
  "atom_feature_profile": "comprehensive",
  "atom_feature_count": 57,
  "atom_feature_names": [
    "element_H",
    "element_C",
    "element_N",
    "element_O",
    "element_F",
    "element_P",
    "element_S",
    "element_Cl",
    "element_Br",
    "element_I",
    "element_other",
    "formal_charge",
    "aromatic",
    "hybrid_sp",
    "hybrid_sp2",
    "hybrid_sp3",
    "hybrid_other",
    "degree",
    "total_hydrogens",
    "in_ring",
    "hbond_donor",
    "hbond_acceptor",
    "chiral_cw",
    "chiral_ccw",
    "chiral_other",
    "atomic_number",
    "atomic_mass",
    "covalent_radius",
    "vdw_radius",
    "outer_electrons",
    "period",
    "periodic_group",
    "atomic_volume",
    "total_valence",
    "implicit_valence",
    "heavy_atom_degree",
    "radical_electrons",
    "absolute_formal_charge",
    "electronegativity",
    "polarizability",
    "heteroatom",
    "halogen",
    "conjugated_bond_fraction",
    "first_ionization_energy",
    "electron_affinity",
    "electronic_property_missing",
    "ring_count",
    "ring_size_3",
    "ring_size_4",
    "ring_size_5",
    "ring_size_6",
    "ring_size_7",
    "ring_size_8_plus",
    "mean_neighbour_electronegativity",
    "electronegativity_difference",
    "mean_neighbour_atomic_number",
    "neighbour_formal_charge"
  ],
  "device": "cuda",
  "gpu": "NVIDIA GeForce RTX 5070 Ti",
  "training_seconds": 75.52652650000528,
  "peak_gpu_memory_bytes": 809240576,
  "runtime": {
    "operating_system": "Windows-10-10.0.26200-SP0",
    "machine": "AMD64",
    "python": "3.11.16",
    "python_executable": "C:\\Users\\Anthony\\anaconda3\\envs\\strange-matter-gpu\\python.exe",
    "pytorch": "2.11.0+cu128",
    "pytorch_cuda": "12.8",
    "device": "cuda",
    "gpu": "NVIDIA GeForce RTX 5070 Ti"
  },
  "validation_protocol": {
    "kind": "scaffold_cross_validation",
    "fold": 2,
    "folds": 5
  },
  "readout": "differentiable_closed_form_ridge",
  "hyperparameters": {
    "ca_lr": 0.003,
    "ridge": 1.0,
    "ca_l2": 1e-06,
    "gradient_clip": 2.0,
    "update_scale": 0.15,
    "init_scale": 1.5,
    "initial_noise": 0.0,
    "support_fraction": 0.85,
    "bond_temperature": 0.5,
    "dyn_a": 0.5,
    "dyn_b": 0.2,
    "dyn_c": 0.5,
    "dyn_d": 0.05,
    "lr_schedule": "cosine_0.1x"
  }
}
