{"device": "cuda", "gpu": "NVIDIA GeForce RTX 5070 Ti", "pytorch": "2.11.0+cu128", "pytorch_cuda": "12.8"}
{"epoch": 1, "train_rmse": 1.179228678817109, "validation_rmse": 0.9221925735473633, "mean_raw_gradient_norm": 11.341172814369202, "fraction_gradients_clipped": 1.0}
{"epoch": 2, "train_rmse": 1.207330572137316, "validation_rmse": 0.9226884841918945, "mean_raw_gradient_norm": 12.847727417945862, "fraction_gradients_clipped": 1.0}
{"epoch": 3, "train_rmse": 1.188119733344698, "validation_rmse": 0.9222720265388489, "mean_raw_gradient_norm": 9.461957663297653, "fraction_gradients_clipped": 1.0}
{"epoch": 4, "train_rmse": 1.1612104632392315, "validation_rmse": 0.9229428768157959, "mean_raw_gradient_norm": 10.19414134323597, "fraction_gradients_clipped": 1.0}
{
  "seed": 1701,
  "best_validation_rmse": 0.9221925735473633,
  "restored_fit_rmse": 0.8539684414863586,
  "restored_validation_rmse": 0.922203004360199,
  "epochs_run": 4,
  "fit_observations": 2643,
  "validation_observations": 670,
  "rule": "inertial_reaction_diffusion",
  "generations": 64,
  "hidden_channels": 16,
  "device": "cuda",
  "gpu": "NVIDIA GeForce RTX 5070 Ti",
  "training_seconds": 18.831156700034626,
  "peak_gpu_memory_bytes": 262576640,
  "readout": "differentiable_closed_form_ridge",
  "hyperparameters": {
    "ca_lr": 0.0003,
    "ridge": 0.1,
    "ca_l2": 0.0001,
    "gradient_clip": 2.0
  }
}
