{"operating_system": "Windows-10-10.0.26200-SP0", "machine": "AMD64", "python": "3.11.16", "python_executable": "C:\\Users\\Anthony\\anaconda3\\envs\\strange-matter-gpu\\python.exe", "pytorch": "2.11.0+cu128", "pytorch_cuda": "12.8", "device": "cuda", "gpu": "NVIDIA GeForce RTX 5070 Ti"}
{"epoch": 1, "train_rmse": 2.3058542662643693, "validation_rmse": 0.88433837890625, "validation_ma_st_rae": 0.9115050833966107, "validation_CYP1A2_st_rae": 0.9717356385080551, "validation_CYP2C9_st_rae": 0.8348510280670728, "validation_CYP2D6_st_rae": 1.1257426453689594, "validation_CYP3A4_st_rae": 0.7136910216423556, "mean_raw_gradient_norm": 1411.9288018798827, "fraction_gradients_clipped": 1.0}
{"epoch": 2, "train_rmse": 1.297389005419195, "validation_rmse": 0.8799424171447754, "validation_ma_st_rae": 0.9048613837091058, "validation_CYP1A2_st_rae": 0.9625796388032735, "validation_CYP2C9_st_rae": 0.8308697445925268, "validation_CYP2D6_st_rae": 1.111622072563018, "validation_CYP3A4_st_rae": 0.7143740788776052, "mean_raw_gradient_norm": 159.0170240020752, "fraction_gradients_clipped": 1.0}
{"epoch": 3, "train_rmse": 1.2265969585721517, "validation_rmse": 0.8778778910636902, "validation_ma_st_rae": 0.9030150435770332, "validation_CYP1A2_st_rae": 0.9708361578038328, "validation_CYP2C9_st_rae": 0.8164663433364711, "validation_CYP2D6_st_rae": 1.1161859792961206, "validation_CYP3A4_st_rae": 0.7085716938717088, "mean_raw_gradient_norm": 42.67051944732666, "fraction_gradients_clipped": 1.0}
{"epoch": 4, "train_rmse": 1.2324647681768088, "validation_rmse": 0.8777205944061279, "validation_ma_st_rae": 0.9028456118718894, "validation_CYP1A2_st_rae": 0.971480633093869, "validation_CYP2C9_st_rae": 0.8315633663735923, "validation_CYP2D6_st_rae": 1.107515008221945, "validation_CYP3A4_st_rae": 0.7008234397981509, "mean_raw_gradient_norm": 60.818231468200686, "fraction_gradients_clipped": 1.0}
{"epoch": 5, "train_rmse": 1.1697693153578432, "validation_rmse": 0.8799886703491211, "validation_ma_st_rae": 0.9072268832635457, "validation_CYP1A2_st_rae": 0.9717461731050435, "validation_CYP2C9_st_rae": 0.8305181738324284, "validation_CYP2D6_st_rae": 1.1164417991896458, "validation_CYP3A4_st_rae": 0.7102013869270649, "mean_raw_gradient_norm": 42.822437591552735, "fraction_gradients_clipped": 1.0}
{
  "seed": 4211,
  "selection_metric": "validation_ma_st_rae",
  "best_validation_ma_st_rae": 0.9048613837091058,
  "best_validation_rmse": 0.8799424171447754,
  "restored_fit_rmse": 0.8311586380004883,
  "restored_validation_rmse": 0.8799391984939575,
  "restored_fit_ma_st_rae": 0.8480547364008114,
  "restored_validation_ma_st_rae": 0.907745162525297,
  "restored_validation_point_ma_st_rae": 0.904869406231346,
  "restored_validation_point_st_rae_by_cyp": {
    "CYP1A2": 0.9625410459220616,
    "CYP2C9": 0.830840031831256,
    "CYP2D6": 1.1117179888482942,
    "CYP3A4": 0.7143785583237718
  },
  "restored_fit_st_rae_by_cyp": {
    "CYP1A2": 0.8898774389086778,
    "CYP2C9": 0.8059249147130693,
    "CYP2D6": 0.9978511823842264,
    "CYP3A4": 0.6985654095972722
  },
  "restored_validation_st_rae_by_cyp": {
    "CYP1A2": 0.9686109799173457,
    "CYP2C9": 0.8329993146123795,
    "CYP2D6": 1.1135841216350377,
    "CYP3A4": 0.7157862339364249
  },
  "validation_bootstrap_metrics": {
    "n_bootstrap_samples": 1000,
    "seed": 0,
    "macro": {
      "st_rae": {
        "mean": 0.907745162525297,
        "ci_low": 0.8524465205873244,
        "ci_high": 0.9665081756824138
      },
      "mae": {
        "mean": 0.6539313614205148,
        "ci_low": 0.619696378236445,
        "ci_high": 0.6902937620912937
      },
      "r2": {
        "mean": 0.13145626671795888,
        "ci_low": 0.07471160313240764,
        "ci_high": 0.18423668821750822
      },
      "spearman_rho": {
        "mean": 0.3912444913306157,
        "ci_low": 0.33554908783024195,
        "ci_high": 0.44649529571622343
      },
      "kendall_tau": {
        "mean": 0.27347074000145666,
        "ci_low": 0.23481272030344488,
        "ci_high": 0.31230909386058175
      }
    },
    "per_endpoint": {
      "CYP1A2": {
        "st_rae": {
          "mean": 0.9686109799173457,
          "ci_low": 0.8650881842074768,
          "ci_high": 1.0836407321121633
        },
        "mae": {
          "mean": 0.7324144177841586,
          "ci_low": 0.6518017217447591,
          "ci_high": 0.8190389432740766
        },
        "r2": {
          "mean": 0.08258276113136447,
          "ci_low": -0.024859164633853903,
          "ci_high": 0.18572118809326787
        },
        "spearman_rho": {
          "mean": 0.35950733501050736,
          "ci_low": 0.2442648139630652,
          "ci_high": 0.4706157974732555
        },
        "kendall_tau": {
          "mean": 0.24396360884821328,
          "ci_low": 0.163934303460552,
          "ci_high": 0.32311790231051557
        }
      },
      "CYP2C9": {
        "st_rae": {
          "mean": 0.8329993146123795,
          "ci_low": 0.7123227993078453,
          "ci_high": 0.9732656438105511
        },
        "mae": {
          "mean": 0.5248211839828394,
          "ci_low": 0.46157652790171244,
          "ci_high": 0.5898457321418724
        },
        "r2": {
          "mean": 0.19982395147880722,
          "ci_low": 0.05129783899096372,
          "ci_high": 0.3238174663612695
        },
        "spearman_rho": {
          "mean": 0.5226710770971107,
          "ci_low": 0.41317969841022845,
          "ci_high": 0.6173539795549279
        },
        "kendall_tau": {
          "mean": 0.3607847350661808,
          "ci_low": 0.2798263047814599,
          "ci_high": 0.43065806402653417
        }
      },
      "CYP2D6": {
        "st_rae": {
          "mean": 1.1135841216350377,
          "ci_low": 1.004044987401492,
          "ci_high": 1.2279823614517178
        },
        "mae": {
          "mean": 0.6244373049590899,
          "ci_low": 0.5519419909301011,
          "ci_high": 0.7007355315270631
        },
        "r2": {
          "mean": -0.05062407235881683,
          "ci_low": -0.16350144659176918,
          "ci_high": 0.043670545034555676
        },
        "spearman_rho": {
          "mean": 0.13555698795671406,
          "ci_low": 0.002449017512323955,
          "ci_high": 0.25881838366486387
        },
        "kendall_tau": {
          "mean": 0.09101141407149352,
          "ci_low": 0.0028955836686053145,
          "ci_high": 0.17688145276645223
        }
      },
      "CYP3A4": {
        "st_rae": {
          "mean": 0.7157862339364249,
          "ci_low": 0.6383827383412322,
          "ci_high": 0.8000591093613867
        },
        "mae": {
          "mean": 0.7340525389559711,
          "ci_low": 0.6796973133268779,
          "ci_high": 0.7916127532803121
        },
        "r2": {
          "mean": 0.2940424266204806,
          "ci_low": 0.19583928331004394,
          "ci_high": 0.3786166444023336
        },
        "spearman_rho": {
          "mean": 0.5472425652581309,
          "ci_low": 0.4547422082155832,
          "ci_high": 0.632199010776976
        },
        "kendall_tau": {
          "mean": 0.39812320201993906,
          "ci_low": 0.3294278825244391,
          "ci_high": 0.46669794809369075
        }
      }
    }
  },
  "epochs_run": 5,
  "fit_observations": 4213,
  "validation_observations": 1003,
  "rule": "fitzhugh_nagumo",
  "generations": 125,
  "hidden_channels": 16,
  "atom_feature_profile": "electronic",
  "atom_feature_count": 33,
  "atom_feature_names": [
    "element_H",
    "element_C",
    "element_N",
    "element_O",
    "element_F",
    "element_P",
    "element_S",
    "element_Cl",
    "element_Br",
    "element_I",
    "element_other",
    "formal_charge",
    "aromatic",
    "hybrid_sp",
    "hybrid_sp2",
    "hybrid_sp3",
    "hybrid_other",
    "degree",
    "total_hydrogens",
    "in_ring",
    "hbond_donor",
    "hbond_acceptor",
    "chiral_cw",
    "chiral_ccw",
    "chiral_other",
    "electronegativity",
    "polarizability",
    "heteroatom",
    "halogen",
    "conjugated_bond_fraction",
    "first_ionization_energy",
    "electron_affinity",
    "electronic_property_missing"
  ],
  "device": "cuda",
  "gpu": "NVIDIA GeForce RTX 5070 Ti",
  "training_seconds": 74.10538980003912,
  "peak_gpu_memory_bytes": 575067648,
  "runtime": {
    "operating_system": "Windows-10-10.0.26200-SP0",
    "machine": "AMD64",
    "python": "3.11.16",
    "python_executable": "C:\\Users\\Anthony\\anaconda3\\envs\\strange-matter-gpu\\python.exe",
    "pytorch": "2.11.0+cu128",
    "pytorch_cuda": "12.8",
    "device": "cuda",
    "gpu": "NVIDIA GeForce RTX 5070 Ti"
  },
  "validation_protocol": {
    "kind": "scaffold_cross_validation",
    "fold": 1,
    "folds": 5
  },
  "readout": "differentiable_closed_form_ridge",
  "hyperparameters": {
    "ca_lr": 0.0003,
    "ridge": 1.0,
    "ca_l2": 1e-05,
    "gradient_clip": 1.0,
    "update_scale": 0.08,
    "init_scale": 1.0,
    "initial_noise": 0.0,
    "support_fraction": 0.6,
    "bond_temperature": 2.0,
    "dyn_a": 0.5,
    "dyn_b": 0.2,
    "dyn_c": 0.5,
    "dyn_d": 0.05,
    "lr_schedule": "cosine_0.1x"
  }
}
