{"device": "cuda", "gpu": "NVIDIA GeForce RTX 5070 Ti", "pytorch": "2.11.0+cu128", "pytorch_cuda": "12.8"}
{"epoch": 1, "train_rmse": 1.199390457730391, "validation_rmse": 1.0116080045700073, "mean_raw_gradient_norm": 16.825327467918395, "fraction_gradients_clipped": 1.0}
{"epoch": 2, "train_rmse": 1.2070216251179215, "validation_rmse": 1.0111780166625977, "mean_raw_gradient_norm": 30.1360102891922, "fraction_gradients_clipped": 1.0}
{"epoch": 3, "train_rmse": 1.1909152108138639, "validation_rmse": 1.0108217000961304, "mean_raw_gradient_norm": 12.78310205936432, "fraction_gradients_clipped": 1.0}
{
  "seed": 1701,
  "best_validation_rmse": 1.0116080045700073,
  "restored_fit_rmse": 0.918653666973114,
  "restored_validation_rmse": 1.0115958452224731,
  "epochs_run": 3,
  "fit_observations": 791,
  "validation_observations": 273,
  "rule": "gated_residual",
  "generations": 32,
  "hidden_channels": 4,
  "device": "cuda",
  "gpu": "NVIDIA GeForce RTX 5070 Ti",
  "training_seconds": 4.115276700002141,
  "peak_gpu_memory_bytes": 49437696,
  "readout": "differentiable_closed_form_ridge",
  "hyperparameters": {
    "ca_lr": 0.0003,
    "ridge": 0.01,
    "ca_l2": 1e-05,
    "gradient_clip": 2.0,
    "update_scale": 0.08,
    "init_scale": 1.5,
    "initial_noise": 0.0,
    "support_fraction": 0.6,
    "bond_temperature": 0.5,
    "dyn_a": 0.2,
    "dyn_b": 0.8,
    "dyn_c": 0.2,
    "dyn_d": 0.15,
    "lr_schedule": "cosine_0.1x"
  }
}
