{"operating_system": "Windows-10-10.0.26200-SP0", "machine": "AMD64", "python": "3.11.16", "python_executable": "C:\\Users\\Anthony\\anaconda3\\envs\\strange-matter-gpu\\python.exe", "pytorch": "2.11.0+cu128", "pytorch_cuda": "12.8", "device": "cuda", "gpu": "NVIDIA GeForce RTX 5070 Ti"}
{"epoch": 1, "train_rmse": 1.1125101307578873, "validation_rmse": 0.8347154855728149, "validation_ma_st_rae": 0.8289434928715865, "validation_CYP1A2_st_rae": 0.8473544930873336, "validation_CYP2C9_st_rae": 0.8025245144877158, "validation_CYP2D6_st_rae": 0.9538452570764804, "validation_CYP3A4_st_rae": 0.7120497068348163, "mean_raw_gradient_norm": 10.512546739578248, "fraction_gradients_clipped": 1.0}
{"epoch": 2, "train_rmse": 1.1414503819384543, "validation_rmse": 0.8338223695755005, "validation_ma_st_rae": 0.8261587866043753, "validation_CYP1A2_st_rae": 0.8366118939312667, "validation_CYP2C9_st_rae": 0.8028183218065669, "validation_CYP2D6_st_rae": 0.9545227798568391, "validation_CYP3A4_st_rae": 0.7106821508228283, "mean_raw_gradient_norm": 14.554428958892823, "fraction_gradients_clipped": 1.0}
{"epoch": 3, "train_rmse": 1.0930554458976862, "validation_rmse": 0.8329384922981262, "validation_ma_st_rae": 0.8255124799984813, "validation_CYP1A2_st_rae": 0.8355450925622449, "validation_CYP2C9_st_rae": 0.7983947725251137, "validation_CYP2D6_st_rae": 0.9618550637249164, "validation_CYP3A4_st_rae": 0.7062549911816506, "mean_raw_gradient_norm": 10.186100525856018, "fraction_gradients_clipped": 1.0}
{"epoch": 4, "train_rmse": 1.1008752722217996, "validation_rmse": 0.8331120610237122, "validation_ma_st_rae": 0.8268077764271181, "validation_CYP1A2_st_rae": 0.836401764933874, "validation_CYP2C9_st_rae": 0.8066860827636166, "validation_CYP2D6_st_rae": 0.959291290019334, "validation_CYP3A4_st_rae": 0.7048519679916478, "mean_raw_gradient_norm": 13.027577867507935, "fraction_gradients_clipped": 1.0}
{"epoch": 5, "train_rmse": 1.1033749842487532, "validation_rmse": 0.8330342769622803, "validation_ma_st_rae": 0.8273430837561582, "validation_CYP1A2_st_rae": 0.8330890614459633, "validation_CYP2C9_st_rae": 0.8132821371147285, "validation_CYP2D6_st_rae": 0.9571581277495544, "validation_CYP3A4_st_rae": 0.7058430087143865, "mean_raw_gradient_norm": 9.906385164260865, "fraction_gradients_clipped": 1.0}
{"epoch": 6, "train_rmse": 1.0749685140626941, "validation_rmse": 0.833322286605835, "validation_ma_st_rae": 0.8296709934315647, "validation_CYP1A2_st_rae": 0.8366058731670701, "validation_CYP2C9_st_rae": 0.819522288170265, "validation_CYP2D6_st_rae": 0.9573446250828722, "validation_CYP3A4_st_rae": 0.7052111873060511, "mean_raw_gradient_norm": 10.875241765975952, "fraction_gradients_clipped": 1.0}
{
  "seed": 4211,
  "selection_metric": "validation_ma_st_rae",
  "best_validation_ma_st_rae": 0.8255124799984813,
  "best_validation_rmse": 0.8329384922981262,
  "restored_fit_rmse": 0.8410641551017761,
  "restored_validation_rmse": 0.8329344391822815,
  "restored_fit_ma_st_rae": 0.8482632785681622,
  "restored_validation_ma_st_rae": 0.8295070062065986,
  "restored_validation_point_ma_st_rae": 0.8255091773907668,
  "restored_validation_point_st_rae_by_cyp": {
    "CYP1A2": 0.8355530028945656,
    "CYP2C9": 0.7983924743958886,
    "CYP2D6": 0.961855515722737,
    "CYP3A4": 0.7062357165498762
  },
  "restored_fit_st_rae_by_cyp": {
    "CYP1A2": 0.8892942177060631,
    "CYP2C9": 0.8128311521936703,
    "CYP2D6": 0.9829048149361918,
    "CYP3A4": 0.7080229294367226
  },
  "restored_validation_st_rae_by_cyp": {
    "CYP1A2": 0.840058327623633,
    "CYP2C9": 0.8061189657432762,
    "CYP2D6": 0.9648552868595986,
    "CYP3A4": 0.7069954445998863
  },
  "validation_bootstrap_metrics": {
    "n_bootstrap_samples": 1000,
    "seed": 0,
    "macro": {
      "st_rae": {
        "mean": 0.8295070062065986,
        "ci_low": 0.7815295647334797,
        "ci_high": 0.8825858598589511
      },
      "mae": {
        "mean": 0.6035766453499259,
        "ci_low": 0.5703098349262975,
        "ci_high": 0.6369993778415542
      },
      "r2": {
        "mean": 0.21172748351318776,
        "ci_low": 0.16242671266051387,
        "ci_high": 0.2560163530615908
      },
      "spearman_rho": {
        "mean": 0.45944728604000706,
        "ci_low": 0.4057192298004765,
        "ci_high": 0.5100813630524565
      },
      "kendall_tau": {
        "mean": 0.3217434239390041,
        "ci_low": 0.28100995187147837,
        "ci_high": 0.35778541270757974
      }
    },
    "per_endpoint": {
      "CYP1A2": {
        "st_rae": {
          "mean": 0.840058327623633,
          "ci_low": 0.7388888156627799,
          "ci_high": 0.9530074648863104
        },
        "mae": {
          "mean": 0.6627228002005892,
          "ci_low": 0.5851095545573296,
          "ci_high": 0.7408953745349793
        },
        "r2": {
          "mean": 0.23335735139616987,
          "ci_low": 0.14389263619358936,
          "ci_high": 0.3099562217540577
        },
        "spearman_rho": {
          "mean": 0.4891047192126828,
          "ci_low": 0.3822042696946679,
          "ci_high": 0.5825302149793017
        },
        "kendall_tau": {
          "mean": 0.3340087755664657,
          "ci_low": 0.2557981916344178,
          "ci_high": 0.4038355068315733
        }
      },
      "CYP2C9": {
        "st_rae": {
          "mean": 0.8061189657432762,
          "ci_low": 0.6878769348036877,
          "ci_high": 0.9191299143041446
        },
        "mae": {
          "mean": 0.47201293722827836,
          "ci_low": 0.41416907065575664,
          "ci_high": 0.5330923240963775
        },
        "r2": {
          "mean": 0.2231753528746525,
          "ci_low": 0.11783987551865309,
          "ci_high": 0.32878828775771635
        },
        "spearman_rho": {
          "mean": 0.48142732352582424,
          "ci_low": 0.36684924757649345,
          "ci_high": 0.5917109137359845
        },
        "kendall_tau": {
          "mean": 0.3366235369859049,
          "ci_low": 0.2531757646864715,
          "ci_high": 0.4203576825570888
        }
      },
      "CYP2D6": {
        "st_rae": {
          "mean": 0.9648552868595986,
          "ci_low": 0.8906237906747064,
          "ci_high": 1.0484890252233856
        },
        "mae": {
          "mean": 0.6081095353599199,
          "ci_low": 0.530450669009092,
          "ci_high": 0.6948528119700443
        },
        "r2": {
          "mean": 0.05129511463787019,
          "ci_low": -0.0454965601649768,
          "ci_high": 0.13225534738901673
        },
        "spearman_rho": {
          "mean": 0.2687329440001743,
          "ci_low": 0.13790345681019062,
          "ci_high": 0.3935561032736121
        },
        "kendall_tau": {
          "mean": 0.18484642167438445,
          "ci_low": 0.09150871348646893,
          "ci_high": 0.2694026064845363
        }
      },
      "CYP3A4": {
        "st_rae": {
          "mean": 0.7069954445998863,
          "ci_low": 0.6260855654163915,
          "ci_high": 0.7816420604806642
        },
        "mae": {
          "mean": 0.6714613086109161,
          "ci_low": 0.6182703348000845,
          "ci_high": 0.7259440688212713
        },
        "r2": {
          "mean": 0.3390821151440585,
          "ci_low": 0.2522961443121861,
          "ci_high": 0.41823423162760703
        },
        "spearman_rho": {
          "mean": 0.598524157421347,
          "ci_low": 0.5189301065400584,
          "ci_high": 0.6721026580863276
        },
        "kendall_tau": {
          "mean": 0.43149496152926137,
          "ci_low": 0.3724288486658844,
          "ci_high": 0.4894691357113053
        }
      }
    }
  },
  "epochs_run": 6,
  "fit_observations": 4177,
  "validation_observations": 1039,
  "rule": "damped_symplectic",
  "generations": 32,
  "hidden_channels": 16,
  "atom_feature_profile": "electronic_local",
  "atom_feature_count": 37,
  "atom_feature_names": [
    "element_H",
    "element_C",
    "element_N",
    "element_O",
    "element_F",
    "element_P",
    "element_S",
    "element_Cl",
    "element_Br",
    "element_I",
    "element_other",
    "formal_charge",
    "aromatic",
    "hybrid_sp",
    "hybrid_sp2",
    "hybrid_sp3",
    "hybrid_other",
    "degree",
    "total_hydrogens",
    "in_ring",
    "hbond_donor",
    "hbond_acceptor",
    "chiral_cw",
    "chiral_ccw",
    "chiral_other",
    "electronegativity",
    "polarizability",
    "heteroatom",
    "halogen",
    "conjugated_bond_fraction",
    "first_ionization_energy",
    "electron_affinity",
    "electronic_property_missing",
    "mean_neighbour_electronegativity",
    "electronegativity_difference",
    "mean_neighbour_atomic_number",
    "neighbour_formal_charge"
  ],
  "device": "cuda",
  "gpu": "NVIDIA GeForce RTX 5070 Ti",
  "training_seconds": 37.47088589996565,
  "peak_gpu_memory_bytes": 99843584,
  "runtime": {
    "operating_system": "Windows-10-10.0.26200-SP0",
    "machine": "AMD64",
    "python": "3.11.16",
    "python_executable": "C:\\Users\\Anthony\\anaconda3\\envs\\strange-matter-gpu\\python.exe",
    "pytorch": "2.11.0+cu128",
    "pytorch_cuda": "12.8",
    "device": "cuda",
    "gpu": "NVIDIA GeForce RTX 5070 Ti"
  },
  "validation_protocol": {
    "kind": "scaffold_cross_validation",
    "fold": 2,
    "folds": 5
  },
  "readout": "differentiable_closed_form_ridge",
  "hyperparameters": {
    "ca_lr": 0.0003,
    "ridge": 1.0,
    "ca_l2": 0.0001,
    "gradient_clip": 0.5,
    "update_scale": 0.08,
    "init_scale": 0.5,
    "initial_noise": 0.0,
    "support_fraction": 0.75,
    "bond_temperature": 0.5,
    "dyn_a": 0.5,
    "dyn_b": 0.8,
    "dyn_c": 0.8,
    "dyn_d": 0.05,
    "lr_schedule": "cosine_0.1x"
  }
}
