{"operating_system": "Windows-10-10.0.26200-SP0", "machine": "AMD64", "python": "3.11.16", "python_executable": "C:\\Users\\Anthony\\anaconda3\\envs\\strange-matter-gpu\\python.exe", "pytorch": "2.11.0+cu128", "pytorch_cuda": "12.8", "device": "cuda", "gpu": "NVIDIA GeForce RTX 5070 Ti"}
{"epoch": 1, "train_rmse": 1.1566657428806058, "validation_rmse": 0.898273229598999, "mean_raw_gradient_norm": 15.135486279764484, "fraction_gradients_clipped": 1.0}
{"epoch": 2, "train_rmse": 1.2002775176006626, "validation_rmse": 0.9025029540061951, "mean_raw_gradient_norm": 14.280997214778777, "fraction_gradients_clipped": 1.0}
{"epoch": 3, "train_rmse": 1.138738539460394, "validation_rmse": 0.895962655544281, "mean_raw_gradient_norm": 12.660183891173332, "fraction_gradients_clipped": 1.0}
{"epoch": 4, "train_rmse": 1.1372189962744048, "validation_rmse": 0.8909253478050232, "mean_raw_gradient_norm": 11.307314226704259, "fraction_gradients_clipped": 1.0}
{"epoch": 5, "train_rmse": 1.1706489911393516, "validation_rmse": 0.885212242603302, "mean_raw_gradient_norm": 14.425406794394217, "fraction_gradients_clipped": 1.0}
{"epoch": 6, "train_rmse": 1.13990634045936, "validation_rmse": 0.8884368538856506, "mean_raw_gradient_norm": 11.394316704042497, "fraction_gradients_clipped": 1.0}
{"epoch": 7, "train_rmse": 1.0828339809168057, "validation_rmse": 0.889575183391571, "mean_raw_gradient_norm": 11.353413181920205, "fraction_gradients_clipped": 1.0}
{"epoch": 8, "train_rmse": 1.1274904594791593, "validation_rmse": 0.8945276141166687, "mean_raw_gradient_norm": 77.3252966019415, "fraction_gradients_clipped": 1.0}
{"epoch": 9, "train_rmse": 1.0873462486471168, "validation_rmse": 0.8934686183929443, "mean_raw_gradient_norm": 11.708265489147555, "fraction_gradients_clipped": 1.0}
{"epoch": 10, "train_rmse": 1.0816253917010248, "validation_rmse": 0.891755223274231, "mean_raw_gradient_norm": 11.208741941759664, "fraction_gradients_clipped": 1.0}
{
  "seed": 4211,
  "best_validation_rmse": 0.885212242603302,
  "restored_fit_rmse": 0.8238973021507263,
  "restored_validation_rmse": 0.8852187395095825,
  "epochs_run": 10,
  "fit_observations": 5216,
  "validation_observations": 1309,
  "rule": "gray_scott",
  "generations": 125,
  "hidden_channels": 24,
  "atom_feature_profile": "comprehensive",
  "atom_feature_count": 47,
  "atom_feature_names": [
    "element_H",
    "element_C",
    "element_N",
    "element_O",
    "element_F",
    "element_P",
    "element_S",
    "element_Cl",
    "element_Br",
    "element_I",
    "element_other",
    "formal_charge",
    "aromatic",
    "hybrid_sp",
    "hybrid_sp2",
    "hybrid_sp3",
    "hybrid_other",
    "degree",
    "total_hydrogens",
    "in_ring",
    "hbond_donor",
    "hbond_acceptor",
    "chiral_cw",
    "chiral_ccw",
    "chiral_other",
    "atomic_number",
    "atomic_mass",
    "covalent_radius",
    "vdw_radius",
    "outer_electrons",
    "total_valence",
    "implicit_valence",
    "heavy_atom_degree",
    "radical_electrons",
    "absolute_formal_charge",
    "electronegativity",
    "polarizability",
    "heteroatom",
    "halogen",
    "conjugated_bond_fraction",
    "ring_count",
    "ring_size_3",
    "ring_size_4",
    "ring_size_5",
    "ring_size_6",
    "ring_size_7",
    "ring_size_8_plus"
  ],
  "device": "cuda",
  "gpu": "NVIDIA GeForce RTX 5070 Ti",
  "training_seconds": 229.9862235999899,
  "peak_gpu_memory_bytes": 1057410048,
  "runtime": {
    "operating_system": "Windows-10-10.0.26200-SP0",
    "machine": "AMD64",
    "python": "3.11.16",
    "python_executable": "C:\\Users\\Anthony\\anaconda3\\envs\\strange-matter-gpu\\python.exe",
    "pytorch": "2.11.0+cu128",
    "pytorch_cuda": "12.8",
    "device": "cuda",
    "gpu": "NVIDIA GeForce RTX 5070 Ti"
  },
  "readout": "differentiable_closed_form_ridge",
  "hyperparameters": {
    "ca_lr": 0.001,
    "ridge": 0.3,
    "ca_l2": 1e-06,
    "gradient_clip": 1.0,
    "update_scale": 0.4,
    "init_scale": 1.0,
    "initial_noise": 0.01,
    "support_fraction": 0.75,
    "bond_temperature": 2.0,
    "dyn_a": 0.8,
    "dyn_b": 0.8,
    "dyn_c": 0.2,
    "dyn_d": 0.3,
    "lr_schedule": "cosine_0.1x"
  }
}
