{"operating_system": "macOS-26.2-arm64-arm-64bit", "machine": "arm64", "python": "3.10.19", "python_executable": "/opt/anaconda3/envs/kcc2/bin/python3.10", "pytorch": "2.8.0", "pytorch_cuda": null, "device": "cpu", "gpu": null}
{"epoch": 1, "train_rmse": 1.010852353746028, "validation_rmse": 1.0181705951690674, "mean_raw_gradient_norm": 5.259527730941772, "fraction_gradients_clipped": 1.0}
{"epoch": 2, "train_rmse": 1.00632808406034, "validation_rmse": 1.0202393531799316, "mean_raw_gradient_norm": 6.305608940124512, "fraction_gradients_clipped": 1.0}
{"epoch": 3, "train_rmse": 1.0845879618268959, "validation_rmse": 1.020659327507019, "mean_raw_gradient_norm": 5.169601345062256, "fraction_gradients_clipped": 1.0}
{
  "seed": 1701,
  "best_validation_rmse": 1.0181705951690674,
  "restored_fit_rmse": 0.9109176993370056,
  "restored_validation_rmse": 1.0181705951690674,
  "epochs_run": 3,
  "fit_observations": 791,
  "validation_observations": 273,
  "rule": "kuramoto_sakaguchi",
  "generations": 64,
  "hidden_channels": 8,
  "device": "cpu",
  "gpu": null,
  "training_seconds": 8.403610749985091,
  "peak_gpu_memory_bytes": 0,
  "runtime": {
    "operating_system": "macOS-26.2-arm64-arm-64bit",
    "machine": "arm64",
    "python": "3.10.19",
    "python_executable": "/opt/anaconda3/envs/kcc2/bin/python3.10",
    "pytorch": "2.8.0",
    "pytorch_cuda": null,
    "device": "cpu",
    "gpu": null
  },
  "readout": "differentiable_closed_form_ridge",
  "hyperparameters": {
    "ca_lr": 0.0003,
    "ridge": 0.01,
    "ca_l2": 1e-06,
    "gradient_clip": 2.0,
    "update_scale": 0.4,
    "init_scale": 0.5,
    "initial_noise": 0.01,
    "support_fraction": 0.85,
    "bond_temperature": 2.0,
    "dyn_a": 0.5,
    "dyn_b": 0.2,
    "dyn_c": 0.5,
    "dyn_d": 0.3,
    "lr_schedule": "cosine_0.1x"
  }
}
