{"operating_system": "Windows-10-10.0.26200-SP0", "machine": "AMD64", "python": "3.11.16", "python_executable": "C:\\Users\\Anthony\\anaconda3\\envs\\strange-matter-gpu\\python.exe", "pytorch": "2.11.0+cu128", "pytorch_cuda": "12.8", "device": "cuda", "gpu": "NVIDIA GeForce RTX 5070 Ti"}
{"epoch": 1, "train_rmse": 1.287282836669805, "validation_rmse": 0.8829646110534668, "validation_ma_st_rae": 1.001971281735583, "validation_CYP1A2_st_rae": 1.1843233214628466, "validation_CYP2C9_st_rae": 0.8869641415137157, "validation_CYP2D6_st_rae": 1.1471481566035129, "validation_CYP3A4_st_rae": 0.7894495073622572, "mean_raw_gradient_norm": 121.65437538146972, "fraction_gradients_clipped": 1.0}
{"epoch": 2, "train_rmse": 1.2431549579723113, "validation_rmse": 0.8811318278312683, "validation_ma_st_rae": 0.996771496262045, "validation_CYP1A2_st_rae": 1.175282679086578, "validation_CYP2C9_st_rae": 0.8687990815014605, "validation_CYP2D6_st_rae": 1.1559687619783785, "validation_CYP3A4_st_rae": 0.787035462481763, "mean_raw_gradient_norm": 76.9564733505249, "fraction_gradients_clipped": 1.0}
{"epoch": 3, "train_rmse": 1.2366127971088037, "validation_rmse": 0.884703516960144, "validation_ma_st_rae": 1.0083623120809762, "validation_CYP1A2_st_rae": 1.1827776499292808, "validation_CYP2C9_st_rae": 0.9025423845747256, "validation_CYP2D6_st_rae": 1.1635459785323496, "validation_CYP3A4_st_rae": 0.7845832352875491, "mean_raw_gradient_norm": 87.39691829681396, "fraction_gradients_clipped": 1.0}
{"epoch": 4, "train_rmse": 1.2137915194282187, "validation_rmse": 0.8820270895957947, "validation_ma_st_rae": 0.998197425864205, "validation_CYP1A2_st_rae": 1.179392251278519, "validation_CYP2C9_st_rae": 0.8642634297200927, "validation_CYP2D6_st_rae": 1.150176944091307, "validation_CYP3A4_st_rae": 0.7989570783669012, "mean_raw_gradient_norm": 68.01570648193359, "fraction_gradients_clipped": 1.0}
{"epoch": 5, "train_rmse": 1.2187465834516487, "validation_rmse": 0.8803805112838745, "validation_ma_st_rae": 0.9930904915874168, "validation_CYP1A2_st_rae": 1.1731432908127346, "validation_CYP2C9_st_rae": 0.8490228028380553, "validation_CYP2D6_st_rae": 1.161557732036344, "validation_CYP3A4_st_rae": 0.7886381406625337, "mean_raw_gradient_norm": 71.42021498680114, "fraction_gradients_clipped": 1.0}
{"epoch": 6, "train_rmse": 1.274982750240678, "validation_rmse": 0.8832640051841736, "validation_ma_st_rae": 1.0057421767119474, "validation_CYP1A2_st_rae": 1.201301943671245, "validation_CYP2C9_st_rae": 0.8718885435672378, "validation_CYP2D6_st_rae": 1.1621226088929058, "validation_CYP3A4_st_rae": 0.7876556107164011, "mean_raw_gradient_norm": 84.60153604507447, "fraction_gradients_clipped": 1.0}
{"epoch": 7, "train_rmse": 1.2614487385472883, "validation_rmse": 0.880534827709198, "validation_ma_st_rae": 0.9962925209705307, "validation_CYP1A2_st_rae": 1.1907047226646579, "validation_CYP2C9_st_rae": 0.8621210050034162, "validation_CYP2D6_st_rae": 1.1557360925246425, "validation_CYP3A4_st_rae": 0.776608263689406, "mean_raw_gradient_norm": 84.48531370162964, "fraction_gradients_clipped": 1.0}
{"epoch": 8, "train_rmse": 1.211577014295576, "validation_rmse": 0.8870687484741211, "validation_ma_st_rae": 1.0023344203983475, "validation_CYP1A2_st_rae": 1.1908909305857127, "validation_CYP2C9_st_rae": 0.8635555331166704, "validation_CYP2D6_st_rae": 1.1647875036348807, "validation_CYP3A4_st_rae": 0.7901037142561266, "mean_raw_gradient_norm": 74.11224683761597, "fraction_gradients_clipped": 1.0}
{
  "seed": 4211,
  "selection_metric": "validation_ma_st_rae",
  "best_validation_ma_st_rae": 0.9930904915874168,
  "best_validation_rmse": 0.8803805112838745,
  "restored_fit_rmse": 0.9487664103507996,
  "restored_validation_rmse": 0.8801770806312561,
  "restored_fit_ma_st_rae": 0.9928218944990496,
  "restored_validation_ma_st_rae": 0.9980344094864816,
  "restored_validation_point_ma_st_rae": 0.99299819004005,
  "restored_validation_point_st_rae_by_cyp": {
    "CYP1A2": 1.1746354532469057,
    "CYP2C9": 0.8476624735478465,
    "CYP2D6": 1.1615217469925083,
    "CYP3A4": 0.7881730863729397
  },
  "restored_fit_st_rae_by_cyp": {
    "CYP1A2": 1.097633701473811,
    "CYP2C9": 0.9183408106077916,
    "CYP2D6": 1.1544998470325,
    "CYP3A4": 0.8008132188820952
  },
  "restored_validation_st_rae_by_cyp": {
    "CYP1A2": 1.181722110555288,
    "CYP2C9": 0.8514327430298217,
    "CYP2D6": 1.1678314849381992,
    "CYP3A4": 0.7911512994226171
  },
  "validation_bootstrap_metrics": {
    "n_bootstrap_samples": 1000,
    "seed": 0,
    "macro": {
      "st_rae": {
        "mean": 0.9980344094864816,
        "ci_low": 0.9284397549919386,
        "ci_high": 1.0731332584809852
      },
      "mae": {
        "mean": 0.6553344667432333,
        "ci_low": 0.621126225751383,
        "ci_high": 0.6876015210124466
      },
      "r2": {
        "mean": 0.05184628047804378,
        "ci_low": -0.026804982734106468,
        "ci_high": 0.12011404811120892
      },
      "spearman_rho": {
        "mean": 0.37736783376239463,
        "ci_low": 0.3186204658453246,
        "ci_high": 0.43394473244139686
      },
      "kendall_tau": {
        "mean": 0.2629540945996715,
        "ci_low": 0.22105511426314484,
        "ci_high": 0.3030068036844594
      }
    },
    "per_endpoint": {
      "CYP1A2": {
        "st_rae": {
          "mean": 1.181722110555288,
          "ci_low": 1.0050731097292513,
          "ci_high": 1.3636407348078299
        },
        "mae": {
          "mean": 0.730613560717922,
          "ci_low": 0.654436942451709,
          "ci_high": 0.8109982483021848
        },
        "r2": {
          "mean": -0.04252730196292029,
          "ci_low": -0.2291563448770857,
          "ci_high": 0.10904088468676347
        },
        "spearman_rho": {
          "mean": 0.3738622752467785,
          "ci_low": 0.25309965808935747,
          "ci_high": 0.493452131379433
        },
        "kendall_tau": {
          "mean": 0.25809951250578306,
          "ci_low": 0.17349171584895456,
          "ci_high": 0.3422649704969651
        }
      },
      "CYP2C9": {
        "st_rae": {
          "mean": 0.8514327430298217,
          "ci_low": 0.7109415985837091,
          "ci_high": 1.018971666120818
        },
        "mae": {
          "mean": 0.513861178195971,
          "ci_low": 0.46137480510544665,
          "ci_high": 0.5679091910612747
        },
        "r2": {
          "mean": 0.25019784843052856,
          "ci_low": 0.08514390616678674,
          "ci_high": 0.3790246356808843
        },
        "spearman_rho": {
          "mean": 0.46150701303533187,
          "ci_low": 0.3289441621796332,
          "ci_high": 0.5704866843320475
        },
        "kendall_tau": {
          "mean": 0.32685815496924364,
          "ci_low": 0.22988258789649468,
          "ci_high": 0.4087195290437901
        }
      },
      "CYP2D6": {
        "st_rae": {
          "mean": 1.1678314849381992,
          "ci_low": 1.0558015115644959,
          "ci_high": 1.2938921414547284
        },
        "mae": {
          "mean": 0.6201408612228867,
          "ci_low": 0.5524170923182088,
          "ci_high": 0.6921663786356265
        },
        "r2": {
          "mean": -0.1592365812203072,
          "ci_low": -0.32663931753854003,
          "ci_high": -0.013958634204197148
        },
        "spearman_rho": {
          "mean": 0.17492345034382897,
          "ci_low": 0.05015173569450884,
          "ci_high": 0.30201418970955146
        },
        "kendall_tau": {
          "mean": 0.11848609798376501,
          "ci_low": 0.03231080496263242,
          "ci_high": 0.20317760737711532
        }
      },
      "CYP3A4": {
        "st_rae": {
          "mean": 0.7911512994226171,
          "ci_low": 0.7217281252473902,
          "ci_high": 0.8606748202019713
        },
        "mae": {
          "mean": 0.7567222668361533,
          "ci_low": 0.6943277346236365,
          "ci_high": 0.8188723009693754
        },
        "r2": {
          "mean": 0.15895115666487408,
          "ci_low": 0.06986686495173973,
          "ci_high": 0.24059089159462302
        },
        "spearman_rho": {
          "mean": 0.4991785964236392,
          "ci_low": 0.4164515416879533,
          "ci_high": 0.5758820148939457
        },
        "kendall_tau": {
          "mean": 0.34837261293989424,
          "ci_low": 0.2880287319774385,
          "ci_high": 0.40592755119165264
        }
      }
    }
  },
  "epochs_run": 8,
  "fit_observations": 4179,
  "validation_observations": 1037,
  "rule": "conservative_graph_flux",
  "generations": 500,
  "hidden_channels": 8,
  "atom_feature_profile": "valence_electronic",
  "atom_feature_count": 38,
  "atom_feature_names": [
    "element_H",
    "element_C",
    "element_N",
    "element_O",
    "element_F",
    "element_P",
    "element_S",
    "element_Cl",
    "element_Br",
    "element_I",
    "element_other",
    "formal_charge",
    "aromatic",
    "hybrid_sp",
    "hybrid_sp2",
    "hybrid_sp3",
    "hybrid_other",
    "degree",
    "total_hydrogens",
    "in_ring",
    "hbond_donor",
    "hbond_acceptor",
    "chiral_cw",
    "chiral_ccw",
    "chiral_other",
    "total_valence",
    "implicit_valence",
    "heavy_atom_degree",
    "radical_electrons",
    "absolute_formal_charge",
    "electronegativity",
    "polarizability",
    "heteroatom",
    "halogen",
    "conjugated_bond_fraction",
    "first_ionization_energy",
    "electron_affinity",
    "electronic_property_missing"
  ],
  "device": "cuda",
  "gpu": "NVIDIA GeForce RTX 5070 Ti",
  "training_seconds": 472.01940560003277,
  "peak_gpu_memory_bytes": 470942720,
  "runtime": {
    "operating_system": "Windows-10-10.0.26200-SP0",
    "machine": "AMD64",
    "python": "3.11.16",
    "python_executable": "C:\\Users\\Anthony\\anaconda3\\envs\\strange-matter-gpu\\python.exe",
    "pytorch": "2.11.0+cu128",
    "pytorch_cuda": "12.8",
    "device": "cuda",
    "gpu": "NVIDIA GeForce RTX 5070 Ti"
  },
  "validation_protocol": {
    "kind": "scaffold_cross_validation",
    "fold": 0,
    "folds": 5
  },
  "readout": "differentiable_closed_form_ridge",
  "hyperparameters": {
    "ca_lr": 0.001,
    "ridge": 0.1,
    "ca_l2": 1e-05,
    "gradient_clip": 2.0,
    "update_scale": 0.4,
    "init_scale": 0.5,
    "initial_noise": 0.0,
    "support_fraction": 0.85,
    "bond_temperature": 2.0,
    "dyn_a": 0.2,
    "dyn_b": 0.5,
    "dyn_c": 0.8,
    "dyn_d": 0.3,
    "lr_schedule": "cosine_0.1x"
  }
}
