{"operating_system": "Windows-10-10.0.26200-SP0", "machine": "AMD64", "python": "3.11.16", "python_executable": "C:\\Users\\Anthony\\anaconda3\\envs\\strange-matter-gpu\\python.exe", "pytorch": "2.11.0+cu128", "pytorch_cuda": "12.8", "device": "cuda", "gpu": "NVIDIA GeForce RTX 5070 Ti"}
{"epoch": 1, "train_rmse": 0.9868919118890139, "validation_rmse": 0.923517644405365, "validation_ma_st_rae": 0.9320480032142358, "validation_CYP1A2_st_rae": 0.9690610203614957, "validation_CYP2C9_st_rae": 0.9071350838516951, "validation_CYP2D6_st_rae": 1.0019723919218977, "validation_CYP3A4_st_rae": 0.8500235167218546, "mean_raw_gradient_norm": 9.09019645690918, "fraction_gradients_clipped": 1.0}
{"epoch": 2, "train_rmse": 1.0178991837014597, "validation_rmse": 0.923527181148529, "validation_ma_st_rae": 0.930341565163372, "validation_CYP1A2_st_rae": 0.9651829763375007, "validation_CYP2C9_st_rae": 0.8669066778430817, "validation_CYP2D6_st_rae": 1.011260327208979, "validation_CYP3A4_st_rae": 0.8780162792639261, "mean_raw_gradient_norm": 4.113642816543579, "fraction_gradients_clipped": 0.84}
{"epoch": 3, "train_rmse": 0.9574344440787748, "validation_rmse": 0.9223849177360535, "validation_ma_st_rae": 0.9311637465786453, "validation_CYP1A2_st_rae": 0.946151645963204, "validation_CYP2C9_st_rae": 0.8826436153980436, "validation_CYP2D6_st_rae": 1.0185471039472414, "validation_CYP3A4_st_rae": 0.8773126210060924, "mean_raw_gradient_norm": 4.0159224510192875, "fraction_gradients_clipped": 1.0}
{"epoch": 4, "train_rmse": 0.9465129920027987, "validation_rmse": 0.9219220280647278, "validation_ma_st_rae": 0.9255617898686688, "validation_CYP1A2_st_rae": 0.9495012231097909, "validation_CYP2C9_st_rae": 0.8858699397005284, "validation_CYP2D6_st_rae": 1.0034884084717934, "validation_CYP3A4_st_rae": 0.8633875881925627, "mean_raw_gradient_norm": 3.9805115938186644, "fraction_gradients_clipped": 0.96}
{"epoch": 5, "train_rmse": 0.9322485398897522, "validation_rmse": 0.9124265909194946, "validation_ma_st_rae": 0.9186589466637591, "validation_CYP1A2_st_rae": 0.9617032172237461, "validation_CYP2C9_st_rae": 0.8621313059076358, "validation_CYP2D6_st_rae": 1.0104603899412135, "validation_CYP3A4_st_rae": 0.8403408735824415, "mean_raw_gradient_norm": 4.023291797637939, "fraction_gradients_clipped": 0.84}
{"epoch": 6, "train_rmse": 0.9169019586632573, "validation_rmse": 0.9134927988052368, "validation_ma_st_rae": 0.9248152603941225, "validation_CYP1A2_st_rae": 0.9627269092633322, "validation_CYP2C9_st_rae": 0.8604376870259037, "validation_CYP2D6_st_rae": 1.0231235127518927, "validation_CYP3A4_st_rae": 0.8529729325353615, "mean_raw_gradient_norm": 3.34961669921875, "fraction_gradients_clipped": 0.8}
{"epoch": 7, "train_rmse": 0.9590356341790643, "validation_rmse": 0.9086223244667053, "validation_ma_st_rae": 0.9185631534655974, "validation_CYP1A2_st_rae": 0.9636011846288818, "validation_CYP2C9_st_rae": 0.8502171858657969, "validation_CYP2D6_st_rae": 1.0225195392547073, "validation_CYP3A4_st_rae": 0.8379147041130036, "mean_raw_gradient_norm": 4.348389348983765, "fraction_gradients_clipped": 0.96}
{"epoch": 8, "train_rmse": 0.9302081088024963, "validation_rmse": 0.9103469848632812, "validation_ma_st_rae": 0.9213911492334708, "validation_CYP1A2_st_rae": 0.9697316330335954, "validation_CYP2C9_st_rae": 0.8598497409348853, "validation_CYP2D6_st_rae": 1.0200717891814337, "validation_CYP3A4_st_rae": 0.8359114337839686, "mean_raw_gradient_norm": 3.032440299987793, "fraction_gradients_clipped": 0.76}
{
  "seed": 1701,
  "selection_metric": "validation_ma_st_rae",
  "best_validation_ma_st_rae": 0.9186589466637591,
  "best_validation_rmse": 0.9124265909194946,
  "restored_fit_rmse": 0.8786441087722778,
  "restored_validation_rmse": 0.9124196171760559,
  "restored_fit_ma_st_rae": 0.8923915901733978,
  "restored_validation_ma_st_rae": 0.9204181911170805,
  "restored_validation_point_ma_st_rae": 0.9186498808621039,
  "restored_validation_point_st_rae_by_cyp": {
    "CYP1A2": 0.9617038878077011,
    "CYP2C9": 0.8621337687817023,
    "CYP2D6": 1.010428771597604,
    "CYP3A4": 0.8403330952614082
  },
  "restored_fit_st_rae_by_cyp": {
    "CYP1A2": 0.9099328920037137,
    "CYP2C9": 0.8668966343278716,
    "CYP2D6": 0.9912550869727678,
    "CYP3A4": 0.8014817473892378
  },
  "restored_validation_st_rae_by_cyp": {
    "CYP1A2": 0.9652920610587439,
    "CYP2C9": 0.8646116318978747,
    "CYP2D6": 1.0119025908343813,
    "CYP3A4": 0.8398664806773218
  },
  "validation_bootstrap_metrics": {
    "n_bootstrap_samples": 1000,
    "seed": 0,
    "macro": {
      "st_rae": {
        "mean": 0.9204181911170805,
        "ci_low": 0.8746434303658686,
        "ci_high": 0.9658046135095429
      },
      "mae": {
        "mean": 0.6705129736495976,
        "ci_low": 0.6354327023645439,
        "ci_high": 0.7087340943436784
      },
      "r2": {
        "mean": 0.09418622931362691,
        "ci_low": 0.04529594884835614,
        "ci_high": 0.14346191190736846
      },
      "spearman_rho": {
        "mean": 0.3524228911814483,
        "ci_low": 0.293819197120587,
        "ci_high": 0.4081234094580886
      },
      "kendall_tau": {
        "mean": 0.24287336305559842,
        "ci_low": 0.20191276733918886,
        "ci_high": 0.2826168029837336
      }
    },
    "per_endpoint": {
      "CYP1A2": {
        "st_rae": {
          "mean": 0.9652920610587439,
          "ci_low": 0.8704950390360066,
          "ci_high": 1.0646837098043211
        },
        "mae": {
          "mean": 0.7395950609944587,
          "ci_low": 0.6541186580269835,
          "ci_high": 0.8318285662074422
        },
        "r2": {
          "mean": 0.029346275042445354,
          "ci_low": -0.07710311077863051,
          "ci_high": 0.13650291429414754
        },
        "spearman_rho": {
          "mean": 0.30838871135088985,
          "ci_low": 0.17841392066119038,
          "ci_high": 0.4380680354771637
        },
        "kendall_tau": {
          "mean": 0.21079775036943427,
          "ci_low": 0.12221134490657418,
          "ci_high": 0.3037339936283351
        }
      },
      "CYP2C9": {
        "st_rae": {
          "mean": 0.8646116318978747,
          "ci_low": 0.7663228930497843,
          "ci_high": 0.967634700686031
        },
        "mae": {
          "mean": 0.5544403805006578,
          "ci_low": 0.4889203572636328,
          "ci_high": 0.6258681882456474
        },
        "r2": {
          "mean": 0.10792377868825834,
          "ci_low": -0.00648929565850289,
          "ci_high": 0.20479757055341485
        },
        "spearman_rho": {
          "mean": 0.4210122056093626,
          "ci_low": 0.3018503341724989,
          "ci_high": 0.5235476624483387
        },
        "kendall_tau": {
          "mean": 0.28724261473110896,
          "ci_low": 0.20602393688320725,
          "ci_high": 0.3618385075513406
        }
      },
      "CYP2D6": {
        "st_rae": {
          "mean": 1.0119025908343813,
          "ci_low": 0.929684481768293,
          "ci_high": 1.1040139971170613
        },
        "mae": {
          "mean": 0.5881905349700348,
          "ci_low": 0.5189074066929195,
          "ci_high": 0.6616083846921506
        },
        "r2": {
          "mean": 0.07065198284048986,
          "ci_low": -0.01868468167860917,
          "ci_high": 0.14769277886970542
        },
        "spearman_rho": {
          "mean": 0.24477183593087382,
          "ci_low": 0.11775391526668519,
          "ci_high": 0.3611631357685034
        },
        "kendall_tau": {
          "mean": 0.16797750820737442,
          "ci_low": 0.08083491594229546,
          "ci_high": 0.2488819054612873
        }
      },
      "CYP3A4": {
        "st_rae": {
          "mean": 0.8398664806773218,
          "ci_low": 0.7543914109481228,
          "ci_high": 0.9346594554471914
        },
        "mae": {
          "mean": 0.799825918133239,
          "ci_low": 0.7427249861060747,
          "ci_high": 0.8612606598234573
        },
        "r2": {
          "mean": 0.16882288068331408,
          "ci_low": 0.06731158589530721,
          "ci_high": 0.2607224861362105
        },
        "spearman_rho": {
          "mean": 0.4355188118346669,
          "ci_low": 0.3414600357218684,
          "ci_high": 0.523962848925172
        },
        "kendall_tau": {
          "mean": 0.3054755789144762,
          "ci_low": 0.23927359007130256,
          "ci_high": 0.36945490484325255
        }
      }
    }
  },
  "epochs_run": 8,
  "fit_observations": 4213,
  "validation_observations": 1003,
  "rule": "fitzhugh_nagumo",
  "generations": 32,
  "hidden_channels": 4,
  "atom_feature_profile": "periodic_valence",
  "atom_feature_count": 38,
  "atom_feature_names": [
    "element_H",
    "element_C",
    "element_N",
    "element_O",
    "element_F",
    "element_P",
    "element_S",
    "element_Cl",
    "element_Br",
    "element_I",
    "element_other",
    "formal_charge",
    "aromatic",
    "hybrid_sp",
    "hybrid_sp2",
    "hybrid_sp3",
    "hybrid_other",
    "degree",
    "total_hydrogens",
    "in_ring",
    "hbond_donor",
    "hbond_acceptor",
    "chiral_cw",
    "chiral_ccw",
    "chiral_other",
    "atomic_number",
    "atomic_mass",
    "covalent_radius",
    "vdw_radius",
    "outer_electrons",
    "period",
    "periodic_group",
    "atomic_volume",
    "total_valence",
    "implicit_valence",
    "heavy_atom_degree",
    "radical_electrons",
    "absolute_formal_charge"
  ],
  "device": "cuda",
  "gpu": "NVIDIA GeForce RTX 5070 Ti",
  "training_seconds": 44.51398409996182,
  "peak_gpu_memory_bytes": 58443264,
  "runtime": {
    "operating_system": "Windows-10-10.0.26200-SP0",
    "machine": "AMD64",
    "python": "3.11.16",
    "python_executable": "C:\\Users\\Anthony\\anaconda3\\envs\\strange-matter-gpu\\python.exe",
    "pytorch": "2.11.0+cu128",
    "pytorch_cuda": "12.8",
    "device": "cuda",
    "gpu": "NVIDIA GeForce RTX 5070 Ti"
  },
  "validation_protocol": {
    "kind": "scaffold_cross_validation",
    "fold": 1,
    "folds": 5
  },
  "readout": "differentiable_closed_form_ridge",
  "prediction_mode": "direct",
  "residual_alpha": null,
  "trajectory_pooling": "legacy",
  "ridge_mode": "shared",
  "loss_mode": "hybrid_interval",
  "interval_loss_beta": 0.5,
  "interval_temperature": 0.05,
  "hyperparameters": {
    "ca_lr": 0.003,
    "ridge": 0.1,
    "ca_l2": 0.0001,
    "gradient_clip": 2.0,
    "update_scale": 0.15,
    "init_scale": 1.5,
    "initial_noise": 0.01,
    "support_fraction": 0.85,
    "bond_temperature": 1.0,
    "dyn_a": 0.2,
    "dyn_b": 0.5,
    "dyn_c": 0.8,
    "dyn_d": 0.3,
    "lr_schedule": "cosine_0.1x"
  }
}
