{"operating_system": "Windows-10-10.0.26200-SP0", "machine": "AMD64", "python": "3.11.16", "python_executable": "C:\\Users\\Anthony\\anaconda3\\envs\\strange-matter-gpu\\python.exe", "pytorch": "2.11.0+cu128", "pytorch_cuda": "12.8", "device": "cuda", "gpu": "NVIDIA GeForce RTX 5070 Ti"}
{"epoch": 1, "train_rmse": 1.3354548424527386, "validation_rmse": 0.842221200466156, "validation_ma_st_rae": 0.9515801453821395, "validation_CYP1A2_st_rae": 1.0108710048781662, "validation_CYP2C9_st_rae": 0.8942778227677564, "validation_CYP2D6_st_rae": 1.0491577900952331, "validation_CYP3A4_st_rae": 0.8520139637874025, "mean_raw_gradient_norm": 14.68965425491333, "fraction_gradients_clipped": 1.0}
{"epoch": 2, "train_rmse": 1.1800331413472733, "validation_rmse": 0.8401808738708496, "validation_ma_st_rae": 0.9509178995482717, "validation_CYP1A2_st_rae": 1.0075410388656996, "validation_CYP2C9_st_rae": 0.8995758317516952, "validation_CYP2D6_st_rae": 1.0471150276327295, "validation_CYP3A4_st_rae": 0.8494396999429626, "mean_raw_gradient_norm": 16.08738307952881, "fraction_gradients_clipped": 1.0}
{"epoch": 3, "train_rmse": 1.4544684479334489, "validation_rmse": 0.8398723006248474, "validation_ma_st_rae": 0.9504464606807941, "validation_CYP1A2_st_rae": 1.0064597309526186, "validation_CYP2C9_st_rae": 0.8982551909660083, "validation_CYP2D6_st_rae": 1.0480357743199444, "validation_CYP3A4_st_rae": 0.8490351464846049, "mean_raw_gradient_norm": 25.666964530944824, "fraction_gradients_clipped": 1.0}
{
  "seed": 1701,
  "selection_metric": "validation_ma_st_rae",
  "best_validation_ma_st_rae": 0.9515801453821395,
  "best_validation_rmse": 0.842221200466156,
  "restored_fit_rmse": 0.9017722606658936,
  "restored_validation_rmse": 0.8422194719314575,
  "restored_fit_ma_st_rae": 0.8319031812217916,
  "restored_validation_ma_st_rae": 0.9674647444473625,
  "restored_validation_point_ma_st_rae": 0.9515796665648559,
  "restored_validation_point_st_rae_by_cyp": {
    "CYP1A2": 1.0108881447012747,
    "CYP2C9": 0.8942647478839879,
    "CYP2D6": 1.0491513936509484,
    "CYP3A4": 0.8520143800232126
  },
  "restored_fit_st_rae_by_cyp": {
    "CYP1A2": 0.8340621750766243,
    "CYP2C9": 0.7665952700593933,
    "CYP2D6": 0.9409900082477284,
    "CYP3A4": 0.7859652715034207
  },
  "restored_validation_st_rae_by_cyp": {
    "CYP1A2": 1.0114292672188803,
    "CYP2C9": 0.9252885011969966,
    "CYP2D6": 1.0666483498644823,
    "CYP3A4": 0.8664928595090906
  },
  "validation_bootstrap_metrics": {
    "n_bootstrap_samples": 1000,
    "seed": 0,
    "macro": {
      "st_rae": {
        "mean": 0.9674647444473625,
        "ci_low": 0.8520846572445945,
        "ci_high": 1.1004692827791638
      },
      "mae": {
        "mean": 0.6533809932388892,
        "ci_low": 0.5928712475900145,
        "ci_high": 0.7175247367816968
      },
      "r2": {
        "mean": 0.09265234661743453,
        "ci_low": -0.039253782632015045,
        "ci_high": 0.1937743291857968
      },
      "spearman_rho": {
        "mean": 0.42205304273921035,
        "ci_low": 0.32387252271599876,
        "ci_high": 0.5232401296103415
      },
      "kendall_tau": {
        "mean": 0.29500798077875323,
        "ci_low": 0.22490203743849868,
        "ci_high": 0.3676501739602046
      }
    },
    "per_endpoint": {
      "CYP1A2": {
        "st_rae": {
          "mean": 1.0114292672188803,
          "ci_low": 0.7789544427964662,
          "ci_high": 1.296305172749266
        },
        "mae": {
          "mean": 0.6956543119227299,
          "ci_low": 0.5366232169456169,
          "ci_high": 0.8589707161559433
        },
        "r2": {
          "mean": 0.12579657387334145,
          "ci_low": -0.08602244588020948,
          "ci_high": 0.26325451622799634
        },
        "spearman_rho": {
          "mean": 0.4180077585927346,
          "ci_low": 0.21772743689785334,
          "ci_high": 0.6065275966878787
        },
        "kendall_tau": {
          "mean": 0.2837151923358817,
          "ci_low": 0.13807696114823062,
          "ci_high": 0.4260528232059929
        }
      },
      "CYP2C9": {
        "st_rae": {
          "mean": 0.9252885011969966,
          "ci_low": 0.6839519889863394,
          "ci_high": 1.23864738832654
        },
        "mae": {
          "mean": 0.5580720127304395,
          "ci_low": 0.46488154580195745,
          "ci_high": 0.6588721831639608
        },
        "r2": {
          "mean": 0.10337080990915357,
          "ci_low": -0.17230533819206525,
          "ci_high": 0.30645134521638145
        },
        "spearman_rho": {
          "mean": 0.42204319979879257,
          "ci_low": 0.1802014813685861,
          "ci_high": 0.6335765785463352
        },
        "kendall_tau": {
          "mean": 0.3122718430032393,
          "ci_low": 0.14584187419602068,
          "ci_high": 0.4683908255144452
        }
      },
      "CYP2D6": {
        "st_rae": {
          "mean": 1.0666483498644823,
          "ci_low": 0.8464277461401087,
          "ci_high": 1.3215572792070782
        },
        "mae": {
          "mean": 0.5914505380337055,
          "ci_low": 0.4596519142847795,
          "ci_high": 0.7440667591645166
        },
        "r2": {
          "mean": -0.09816213618183867,
          "ci_low": -0.4278966901664897,
          "ci_high": 0.1315513877658609
        },
        "spearman_rho": {
          "mean": 0.32809312886769737,
          "ci_low": 0.1200034116253006,
          "ci_high": 0.5288180461668877
        },
        "kendall_tau": {
          "mean": 0.21798674834769494,
          "ci_low": 0.06373710533430088,
          "ci_high": 0.3662620675234816
        }
      },
      "CYP3A4": {
        "st_rae": {
          "mean": 0.8664928595090906,
          "ci_low": 0.6964198752544045,
          "ci_high": 1.0892384662074364
        },
        "mae": {
          "mean": 0.7683471102686815,
          "ci_low": 0.6752198353063229,
          "ci_high": 0.8755317958288414
        },
        "r2": {
          "mean": 0.23960413886908175,
          "ci_low": 0.09180383236745743,
          "ci_high": 0.3558617976040617
        },
        "spearman_rho": {
          "mean": 0.5200680836976171,
          "ci_low": 0.3381320100313343,
          "ci_high": 0.6653768342059416
        },
        "kendall_tau": {
          "mean": 0.36605813942819715,
          "ci_low": 0.23423252288678043,
          "ci_high": 0.4778561961797538
        }
      }
    }
  },
  "epochs_run": 3,
  "fit_observations": 806,
  "validation_observations": 272,
  "rule": "gated_residual",
  "generations": 32,
  "hidden_channels": 16,
  "atom_feature_profile": "electronic_local",
  "atom_feature_count": 37,
  "atom_feature_names": [
    "element_H",
    "element_C",
    "element_N",
    "element_O",
    "element_F",
    "element_P",
    "element_S",
    "element_Cl",
    "element_Br",
    "element_I",
    "element_other",
    "formal_charge",
    "aromatic",
    "hybrid_sp",
    "hybrid_sp2",
    "hybrid_sp3",
    "hybrid_other",
    "degree",
    "total_hydrogens",
    "in_ring",
    "hbond_donor",
    "hbond_acceptor",
    "chiral_cw",
    "chiral_ccw",
    "chiral_other",
    "electronegativity",
    "polarizability",
    "heteroatom",
    "halogen",
    "conjugated_bond_fraction",
    "first_ionization_energy",
    "electron_affinity",
    "electronic_property_missing",
    "mean_neighbour_electronegativity",
    "electronegativity_difference",
    "mean_neighbour_atomic_number",
    "neighbour_formal_charge"
  ],
  "device": "cuda",
  "gpu": "NVIDIA GeForce RTX 5070 Ti",
  "training_seconds": 4.295939899981022,
  "peak_gpu_memory_bytes": 121368064,
  "runtime": {
    "operating_system": "Windows-10-10.0.26200-SP0",
    "machine": "AMD64",
    "python": "3.11.16",
    "python_executable": "C:\\Users\\Anthony\\anaconda3\\envs\\strange-matter-gpu\\python.exe",
    "pytorch": "2.11.0+cu128",
    "pytorch_cuda": "12.8",
    "device": "cuda",
    "gpu": "NVIDIA GeForce RTX 5070 Ti"
  },
  "validation_protocol": {
    "kind": "scaffold_cross_validation",
    "fold": 0,
    "folds": 5
  },
  "readout": "differentiable_closed_form_ridge",
  "hyperparameters": {
    "ca_lr": 0.0003,
    "ridge": 1.0,
    "ca_l2": 1e-05,
    "gradient_clip": 1.0,
    "update_scale": 0.4,
    "init_scale": 0.5,
    "initial_noise": 0.0,
    "support_fraction": 0.85,
    "bond_temperature": 1.0,
    "dyn_a": 0.5,
    "dyn_b": 0.8,
    "dyn_c": 0.5,
    "dyn_d": 0.3,
    "lr_schedule": "cosine_0.1x"
  }
}
