{"device": "cuda", "gpu": "NVIDIA GeForce RTX 5070 Ti", "pytorch": "2.11.0+cu128", "pytorch_cuda": "12.8"}
{"epoch": 1, "train_rmse": 1.0454080371213277, "validation_rmse": 1.026872992515564, "mean_raw_gradient_norm": 10.27987208366394, "fraction_gradients_clipped": 1.0}
{"epoch": 2, "train_rmse": 1.0696918197040892, "validation_rmse": 1.0292227268218994, "mean_raw_gradient_norm": 11.61769895553589, "fraction_gradients_clipped": 1.0}
{"epoch": 3, "train_rmse": 1.0516354917363775, "validation_rmse": 1.0304667949676514, "mean_raw_gradient_norm": 6.881813430786133, "fraction_gradients_clipped": 1.0}
{
  "seed": 1701,
  "best_validation_rmse": 1.026872992515564,
  "restored_fit_rmse": 0.8950490951538086,
  "restored_validation_rmse": 1.0268537998199463,
  "epochs_run": 3,
  "fit_observations": 791,
  "validation_observations": 273,
  "rule": "gated_residual",
  "generations": 500,
  "hidden_channels": 8,
  "device": "cuda",
  "gpu": "NVIDIA GeForce RTX 5070 Ti",
  "training_seconds": 23.062713099992834,
  "peak_gpu_memory_bytes": 1086709760,
  "readout": "differentiable_closed_form_ridge",
  "hyperparameters": {
    "ca_lr": 0.001,
    "ridge": 0.01,
    "ca_l2": 0.0001,
    "gradient_clip": 2.0
  }
}
