{"device": "cuda", "gpu": "NVIDIA GeForce RTX 5070 Ti", "pytorch": "2.11.0+cu128", "pytorch_cuda": "12.8"}
{"epoch": 1, "train_rmse": 1.285015243476893, "validation_rmse": 0.9001307487487793, "mean_raw_gradient_norm": 28.18721039064469, "fraction_gradients_clipped": 1.0}
{"epoch": 2, "train_rmse": 1.3708027913956307, "validation_rmse": 0.9024577736854553, "mean_raw_gradient_norm": 37.08290087792181, "fraction_gradients_clipped": 1.0}
{"epoch": 3, "train_rmse": 1.236950681445911, "validation_rmse": 0.8977530002593994, "mean_raw_gradient_norm": 23.84927608120826, "fraction_gradients_clipped": 1.0}
{"epoch": 4, "train_rmse": 1.2416160360982762, "validation_rmse": 0.8974806666374207, "mean_raw_gradient_norm": 24.92032331035983, "fraction_gradients_clipped": 1.0}
{"epoch": 5, "train_rmse": 1.3086266805974156, "validation_rmse": 0.8943314552307129, "mean_raw_gradient_norm": 30.42172250440044, "fraction_gradients_clipped": 1.0}
{"epoch": 6, "train_rmse": 1.306224046146483, "validation_rmse": 0.8892937302589417, "mean_raw_gradient_norm": 20.62392610119235, "fraction_gradients_clipped": 1.0}
{"epoch": 7, "train_rmse": 1.273390062650018, "validation_rmse": 0.8897830843925476, "mean_raw_gradient_norm": 24.616975292082756, "fraction_gradients_clipped": 1.0}
{"epoch": 8, "train_rmse": 1.240105999781462, "validation_rmse": 0.8882648348808289, "mean_raw_gradient_norm": 20.101052484204693, "fraction_gradients_clipped": 1.0}
{"epoch": 9, "train_rmse": 1.3429298148927644, "validation_rmse": 0.8866466879844666, "mean_raw_gradient_norm": 26.221791728850334, "fraction_gradients_clipped": 1.0}
{"epoch": 10, "train_rmse": 1.169053027128691, "validation_rmse": 0.885707437992096, "mean_raw_gradient_norm": 16.12562127267161, "fraction_gradients_clipped": 1.0}
{
  "seed": 2909,
  "best_validation_rmse": 0.885707437992096,
  "restored_fit_rmse": 0.8148133754730225,
  "restored_validation_rmse": 0.8857079744338989,
  "epochs_run": 10,
  "fit_observations": 5216,
  "validation_observations": 1309,
  "rule": "inertial_reaction_diffusion",
  "generations": 500,
  "hidden_channels": 16,
  "device": "cuda",
  "gpu": "NVIDIA GeForce RTX 5070 Ti",
  "training_seconds": 622.1843146000756,
  "peak_gpu_memory_bytes": 2641515520,
  "readout": "differentiable_closed_form_ridge",
  "hyperparameters": {
    "ca_lr": 0.003,
    "ridge": 0.01,
    "ca_l2": 1e-05,
    "gradient_clip": 1.0,
    "update_scale": 0.15,
    "init_scale": 1.0,
    "initial_noise": 0.005,
    "support_fraction": 0.75,
    "bond_temperature": 1.0,
    "dyn_a": 0.5,
    "dyn_b": 0.5,
    "dyn_c": 0.5,
    "dyn_d": 0.05,
    "lr_schedule": "cosine_0.1x"
  }
}
