{"operating_system": "Windows-10-10.0.26200-SP0", "machine": "AMD64", "python": "3.11.16", "python_executable": "C:\\Users\\Anthony\\anaconda3\\envs\\strange-matter-gpu\\python.exe", "pytorch": "2.11.0+cu128", "pytorch_cuda": "12.8", "device": "cuda", "gpu": "NVIDIA GeForce RTX 5070 Ti"}
{"epoch": 1, "train_rmse": 1.6485261511573444, "validation_rmse": 0.9158868789672852, "validation_ma_st_rae": 1.060362560863501, "validation_CYP1A2_st_rae": 1.1719541625259888, "validation_CYP2C9_st_rae": 1.0709849574039036, "validation_CYP2D6_st_rae": 1.0415556543592017, "validation_CYP3A4_st_rae": 0.9569554691649094, "mean_raw_gradient_norm": 645.6291137695313, "fraction_gradients_clipped": 1.0}
{"epoch": 2, "train_rmse": 56.81919173405048, "validation_rmse": 0.934634268283844, "validation_ma_st_rae": 1.0653382545424521, "validation_CYP1A2_st_rae": 1.1931652298083135, "validation_CYP2C9_st_rae": 0.9998490008007984, "validation_CYP2D6_st_rae": 1.0140500724145431, "validation_CYP3A4_st_rae": 1.054288715146154, "mean_raw_gradient_norm": 968480.9954956055, "fraction_gradients_clipped": 1.0}
{"epoch": 3, "train_rmse": 24.902041463394347, "validation_rmse": 0.946410059928894, "validation_ma_st_rae": 1.0901711246135317, "validation_CYP1A2_st_rae": 1.1865831471965953, "validation_CYP2C9_st_rae": 1.0686534387552558, "validation_CYP2D6_st_rae": 1.0471834708966858, "validation_CYP3A4_st_rae": 1.0582644416055902, "mean_raw_gradient_norm": 562260.9301254272, "fraction_gradients_clipped": 1.0}
{
  "seed": 1701,
  "selection_metric": "validation_ma_st_rae",
  "best_validation_ma_st_rae": 1.060362560863501,
  "best_validation_rmse": 0.9158868789672852,
  "restored_fit_rmse": 0.9313597083091736,
  "restored_validation_rmse": 0.9158787131309509,
  "restored_fit_ma_st_rae": 0.8740218922193793,
  "restored_validation_ma_st_rae": 1.074598690970673,
  "restored_validation_point_ma_st_rae": 1.0603312237922915,
  "restored_validation_point_st_rae_by_cyp": {
    "CYP1A2": 1.17187559747802,
    "CYP2C9": 1.0709296537926907,
    "CYP2D6": 1.0415718390222624,
    "CYP3A4": 0.9569478048761928
  },
  "restored_fit_st_rae_by_cyp": {
    "CYP1A2": 0.8910848811564269,
    "CYP2C9": 0.8284571771431012,
    "CYP2D6": 0.9724668878026662,
    "CYP3A4": 0.804078622775323
  },
  "restored_validation_st_rae_by_cyp": {
    "CYP1A2": 1.1763694962561888,
    "CYP2C9": 1.0967789283691127,
    "CYP2D6": 1.0552808300292522,
    "CYP3A4": 0.9699655092281392
  },
  "validation_bootstrap_metrics": {
    "n_bootstrap_samples": 1000,
    "seed": 0,
    "macro": {
      "st_rae": {
        "mean": 1.074598690970673,
        "ci_low": 0.9580314439118989,
        "ci_high": 1.1977567308885475
      },
      "mae": {
        "mean": 0.6972100641455244,
        "ci_low": 0.6284303707232278,
        "ci_high": 0.7690265580644068
      },
      "r2": {
        "mean": -0.052801802564200744,
        "ci_low": -0.188036999050686,
        "ci_high": 0.06899650446733616
      },
      "spearman_rho": {
        "mean": 0.2270115963533455,
        "ci_low": 0.11181985481318911,
        "ci_high": 0.3451809103631917
      },
      "kendall_tau": {
        "mean": 0.14868231801570697,
        "ci_low": 0.06618803747353709,
        "ci_high": 0.23241300535163653
      }
    },
    "per_endpoint": {
      "CYP1A2": {
        "st_rae": {
          "mean": 1.1763694962561888,
          "ci_low": 0.8792684329068513,
          "ci_high": 1.5480025153034442
        },
        "mae": {
          "mean": 0.764707477475776,
          "ci_low": 0.5968163802975515,
          "ci_high": 0.9380492193777052
        },
        "r2": {
          "mean": -0.046436191718157986,
          "ci_low": -0.40220139579262215,
          "ci_high": 0.1822251111672076
        },
        "spearman_rho": {
          "mean": 0.21569020082501117,
          "ci_low": -0.01950387693791096,
          "ci_high": 0.4354297642958235
        },
        "kendall_tau": {
          "mean": 0.1411148675065029,
          "ci_low": -0.02931001235367506,
          "ci_high": 0.30815655108001716
        }
      },
      "CYP2C9": {
        "st_rae": {
          "mean": 1.0967789283691127,
          "ci_low": 0.8782227394162099,
          "ci_high": 1.368296291158718
        },
        "mae": {
          "mean": 0.6017929359793663,
          "ci_low": 0.47789868454138434,
          "ci_high": 0.7271749728918077
        },
        "r2": {
          "mean": -0.13919018195387095,
          "ci_low": -0.41792525867610336,
          "ci_high": 0.09132894646040995
        },
        "spearman_rho": {
          "mean": 0.12411623005351159,
          "ci_low": -0.15847607813990924,
          "ci_high": 0.3762159962802821
        },
        "kendall_tau": {
          "mean": 0.07401943045137398,
          "ci_low": -0.11198481250334232,
          "ci_high": 0.25277353896799726
        }
      },
      "CYP2D6": {
        "st_rae": {
          "mean": 1.0552808300292522,
          "ci_low": 0.874344284626529,
          "ci_high": 1.265764803110914
        },
        "mae": {
          "mean": 0.5958558137673597,
          "ci_low": 0.47448815987660337,
          "ci_high": 0.7352806530548976
        },
        "r2": {
          "mean": -0.07906096034034572,
          "ci_low": -0.36745701566477385,
          "ci_high": 0.19980922611743
        },
        "spearman_rho": {
          "mean": 0.27453920342511856,
          "ci_low": 0.04553483494748009,
          "ci_high": 0.4995844329854729
        },
        "kendall_tau": {
          "mean": 0.1908234779879615,
          "ci_low": 0.03225180613699395,
          "ci_high": 0.353492489145829
        }
      },
      "CYP3A4": {
        "st_rae": {
          "mean": 0.9699655092281392,
          "ci_low": 0.8234703175646941,
          "ci_high": 1.1593969686398828
        },
        "mae": {
          "mean": 0.8264840293595958,
          "ci_low": 0.7002909087164457,
          "ci_high": 0.9495500813389934
        },
        "r2": {
          "mean": 0.053480123755571714,
          "ci_low": -0.09186574307660506,
          "ci_high": 0.17474033749765003
        },
        "spearman_rho": {
          "mean": 0.29370075110974075,
          "ci_low": 0.10906597335222713,
          "ci_high": 0.4669508691840545
        },
        "kendall_tau": {
          "mean": 0.18877149611698957,
          "ci_low": 0.06233983292666372,
          "ci_high": 0.31289860680937215
        }
      }
    }
  },
  "epochs_run": 3,
  "fit_observations": 806,
  "validation_observations": 272,
  "rule": "fitzhugh_nagumo",
  "generations": 250,
  "hidden_channels": 16,
  "atom_feature_profile": "ring_geometry",
  "atom_feature_count": 32,
  "atom_feature_names": [
    "element_H",
    "element_C",
    "element_N",
    "element_O",
    "element_F",
    "element_P",
    "element_S",
    "element_Cl",
    "element_Br",
    "element_I",
    "element_other",
    "formal_charge",
    "aromatic",
    "hybrid_sp",
    "hybrid_sp2",
    "hybrid_sp3",
    "hybrid_other",
    "degree",
    "total_hydrogens",
    "in_ring",
    "hbond_donor",
    "hbond_acceptor",
    "chiral_cw",
    "chiral_ccw",
    "chiral_other",
    "ring_count",
    "ring_size_3",
    "ring_size_4",
    "ring_size_5",
    "ring_size_6",
    "ring_size_7",
    "ring_size_8_plus"
  ],
  "device": "cuda",
  "gpu": "NVIDIA GeForce RTX 5070 Ti",
  "training_seconds": 17.270105100004002,
  "peak_gpu_memory_bytes": 1134762496,
  "runtime": {
    "operating_system": "Windows-10-10.0.26200-SP0",
    "machine": "AMD64",
    "python": "3.11.16",
    "python_executable": "C:\\Users\\Anthony\\anaconda3\\envs\\strange-matter-gpu\\python.exe",
    "pytorch": "2.11.0+cu128",
    "pytorch_cuda": "12.8",
    "device": "cuda",
    "gpu": "NVIDIA GeForce RTX 5070 Ti"
  },
  "validation_protocol": {
    "kind": "scaffold_cross_validation",
    "fold": 0,
    "folds": 5
  },
  "readout": "differentiable_closed_form_ridge",
  "hyperparameters": {
    "ca_lr": 0.001,
    "ridge": 0.1,
    "ca_l2": 1e-06,
    "gradient_clip": 2.0,
    "update_scale": 0.25,
    "init_scale": 1.5,
    "initial_noise": 0.005,
    "support_fraction": 0.6,
    "bond_temperature": 1.0,
    "dyn_a": 0.5,
    "dyn_b": 0.2,
    "dyn_c": 0.8,
    "dyn_d": 0.15,
    "lr_schedule": "cosine_0.1x"
  }
}
