{"operating_system": "Windows-10-10.0.26200-SP0", "machine": "AMD64", "python": "3.11.16", "python_executable": "C:\\Users\\Anthony\\anaconda3\\envs\\strange-matter-gpu\\python.exe", "pytorch": "2.11.0+cu128", "pytorch_cuda": "12.8", "device": "cuda", "gpu": "NVIDIA GeForce RTX 5070 Ti"}
{"epoch": 1, "train_rmse": 1.3575065084039701, "validation_rmse": 0.8390859365463257, "validation_ma_st_rae": 0.8953177737305458, "validation_CYP1A2_st_rae": 0.9580495537679163, "validation_CYP2C9_st_rae": 0.8178633275323618, "validation_CYP2D6_st_rae": 0.98264149717873, "validation_CYP3A4_st_rae": 0.8227167164431752, "mean_raw_gradient_norm": 23.058106060028077, "fraction_gradients_clipped": 1.0}
{"epoch": 2, "train_rmse": 1.4078738138326123, "validation_rmse": 0.8475883603096008, "validation_ma_st_rae": 0.9064734986974721, "validation_CYP1A2_st_rae": 0.9691609871842176, "validation_CYP2C9_st_rae": 0.8296041361164372, "validation_CYP2D6_st_rae": 1.0086845184310353, "validation_CYP3A4_st_rae": 0.8184443530581981, "mean_raw_gradient_norm": 38.41232539653778, "fraction_gradients_clipped": 1.0}
{"epoch": 3, "train_rmse": 4.219144610371227, "validation_rmse": 0.8523392081260681, "validation_ma_st_rae": 0.9165655059385527, "validation_CYP1A2_st_rae": 0.9913400853921266, "validation_CYP2C9_st_rae": 0.8303318370906458, "validation_CYP2D6_st_rae": 1.0113502670339394, "validation_CYP3A4_st_rae": 0.833239834237499, "mean_raw_gradient_norm": 543.3228260755538, "fraction_gradients_clipped": 1.0}
{"epoch": 4, "train_rmse": 1.3908822595611952, "validation_rmse": 0.8500849604606628, "validation_ma_st_rae": 0.9132754573439785, "validation_CYP1A2_st_rae": 0.9766440783619588, "validation_CYP2C9_st_rae": 0.8361225008917723, "validation_CYP2D6_st_rae": 1.0000397991348493, "validation_CYP3A4_st_rae": 0.8402954509873337, "mean_raw_gradient_norm": 20.42630359649658, "fraction_gradients_clipped": 1.0}
{
  "seed": 2909,
  "selection_metric": "validation_ma_st_rae",
  "best_validation_ma_st_rae": 0.8953177737305458,
  "best_validation_rmse": 0.8390859365463257,
  "restored_fit_rmse": 0.9111986756324768,
  "restored_validation_rmse": 0.839083194732666,
  "restored_fit_ma_st_rae": 0.9071375095063111,
  "restored_validation_ma_st_rae": 0.8984097550599475,
  "restored_validation_point_ma_st_rae": 0.8953159303319808,
  "restored_validation_point_st_rae_by_cyp": {
    "CYP1A2": 0.958051453286296,
    "CYP2C9": 0.8178502362716928,
    "CYP2D6": 0.9826466016888821,
    "CYP3A4": 0.8227154300810523
  },
  "restored_fit_st_rae_by_cyp": {
    "CYP1A2": 0.9348841798253101,
    "CYP2C9": 0.8536005208215348,
    "CYP2D6": 1.0093912797715776,
    "CYP3A4": 0.8306740576068212
  },
  "restored_validation_st_rae_by_cyp": {
    "CYP1A2": 0.962073627728108,
    "CYP2C9": 0.8220989427724119,
    "CYP2D6": 0.9863338051705709,
    "CYP3A4": 0.8231326445686985
  },
  "validation_bootstrap_metrics": {
    "n_bootstrap_samples": 1000,
    "seed": 0,
    "macro": {
      "st_rae": {
        "mean": 0.8984097550599475,
        "ci_low": 0.8490767050586786,
        "ci_high": 0.9468866317337492
      },
      "mae": {
        "mean": 0.6153210455353221,
        "ci_low": 0.5821017790524126,
        "ci_high": 0.648434538804536
      },
      "r2": {
        "mean": 0.13654752776147422,
        "ci_low": 0.09188614051664007,
        "ci_high": 0.178747137779
      },
      "spearman_rho": {
        "mean": 0.38685652097469997,
        "ci_low": 0.33269140268706,
        "ci_high": 0.44192072478429834
      },
      "kendall_tau": {
        "mean": 0.2679421695919381,
        "ci_low": 0.23030750800984387,
        "ci_high": 0.3068712369581061
      }
    },
    "per_endpoint": {
      "CYP1A2": {
        "st_rae": {
          "mean": 0.962073627728108,
          "ci_low": 0.8496892340092316,
          "ci_high": 1.0916840927379918
        },
        "mae": {
          "mean": 0.64562966499189,
          "ci_low": 0.5666831559291831,
          "ci_high": 0.7348460567964089
        },
        "r2": {
          "mean": 0.08127902238525901,
          "ci_low": -0.02785097233444306,
          "ci_high": 0.17795974952707314
        },
        "spearman_rho": {
          "mean": 0.3649769326449747,
          "ci_low": 0.24190275055309032,
          "ci_high": 0.4831084038576642
        },
        "kendall_tau": {
          "mean": 0.2548633949337345,
          "ci_low": 0.1670019800065343,
          "ci_high": 0.3378467325847251
        }
      },
      "CYP2C9": {
        "st_rae": {
          "mean": 0.8220989427724119,
          "ci_low": 0.7077170137783667,
          "ci_high": 0.9386014035689302
        },
        "mae": {
          "mean": 0.5127755868226151,
          "ci_low": 0.459848811164979,
          "ci_high": 0.569228754917048
        },
        "r2": {
          "mean": 0.21393576389436958,
          "ci_low": 0.10428938378688933,
          "ci_high": 0.303471235017786
        },
        "spearman_rho": {
          "mean": 0.4214332729301044,
          "ci_low": 0.3028556371641427,
          "ci_high": 0.5345129330423002
        },
        "kendall_tau": {
          "mean": 0.29332446783868643,
          "ci_low": 0.20974627076126648,
          "ci_high": 0.3759468111275098
        }
      },
      "CYP2D6": {
        "st_rae": {
          "mean": 0.9863338051705709,
          "ci_low": 0.9176642073004573,
          "ci_high": 1.0663277587889675
        },
        "mae": {
          "mean": 0.5534009822179109,
          "ci_low": 0.48801532296034006,
          "ci_high": 0.6229871967409412
        },
        "r2": {
          "mean": 0.01717693317001178,
          "ci_low": -0.06039524574122081,
          "ci_high": 0.0953134520203443
        },
        "spearman_rho": {
          "mean": 0.24874472294742941,
          "ci_low": 0.11448882899364064,
          "ci_high": 0.3613426176932951
        },
        "kendall_tau": {
          "mean": 0.1665074939510834,
          "ci_low": 0.0743578614321596,
          "ci_high": 0.2443421922893126
        }
      },
      "CYP3A4": {
        "st_rae": {
          "mean": 0.8231326445686985,
          "ci_low": 0.7546706616648223,
          "ci_high": 0.8950003719052109
        },
        "mae": {
          "mean": 0.7494779481088722,
          "ci_low": 0.6942970466810269,
          "ci_high": 0.8022430232347368
        },
        "r2": {
          "mean": 0.2337983915962565,
          "ci_low": 0.16877615425070586,
          "ci_high": 0.2912615923741975
        },
        "spearman_rho": {
          "mean": 0.5122711553762911,
          "ci_low": 0.42886742162415153,
          "ci_high": 0.5873003825359322
        },
        "kendall_tau": {
          "mean": 0.3570733216442481,
          "ci_low": 0.2972792677827334,
          "ci_high": 0.41353490111967844
        }
      }
    }
  },
  "epochs_run": 4,
  "fit_observations": 4179,
  "validation_observations": 1037,
  "rule": "kuramoto_sakaguchi",
  "generations": 64,
  "hidden_channels": 8,
  "atom_feature_profile": "baseline",
  "atom_feature_count": 25,
  "atom_feature_names": [
    "element_H",
    "element_C",
    "element_N",
    "element_O",
    "element_F",
    "element_P",
    "element_S",
    "element_Cl",
    "element_Br",
    "element_I",
    "element_other",
    "formal_charge",
    "aromatic",
    "hybrid_sp",
    "hybrid_sp2",
    "hybrid_sp3",
    "hybrid_other",
    "degree",
    "total_hydrogens",
    "in_ring",
    "hbond_donor",
    "hbond_acceptor",
    "chiral_cw",
    "chiral_ccw",
    "chiral_other"
  ],
  "device": "cuda",
  "gpu": "NVIDIA GeForce RTX 5070 Ti",
  "training_seconds": 45.26585809979588,
  "peak_gpu_memory_bytes": 141088768,
  "runtime": {
    "operating_system": "Windows-10-10.0.26200-SP0",
    "machine": "AMD64",
    "python": "3.11.16",
    "python_executable": "C:\\Users\\Anthony\\anaconda3\\envs\\strange-matter-gpu\\python.exe",
    "pytorch": "2.11.0+cu128",
    "pytorch_cuda": "12.8",
    "device": "cuda",
    "gpu": "NVIDIA GeForce RTX 5070 Ti"
  },
  "validation_protocol": {
    "kind": "scaffold_cross_validation",
    "fold": 0,
    "folds": 5
  },
  "readout": "differentiable_closed_form_ridge",
  "prediction_mode": "direct",
  "residual_alpha": null,
  "trajectory_pooling": "legacy",
  "ridge_mode": "shared",
  "loss_mode": "mse",
  "interval_loss_beta": 0.0,
  "interval_temperature": 0.05,
  "hyperparameters": {
    "ca_lr": 0.001,
    "ridge": 0.1,
    "ca_l2": 1e-05,
    "gradient_clip": 1.0,
    "update_scale": 0.25,
    "init_scale": 1.0,
    "initial_noise": 0.0,
    "support_fraction": 0.75,
    "bond_temperature": 1.0,
    "dyn_a": 0.5,
    "dyn_b": 0.5,
    "dyn_c": 0.5,
    "dyn_d": 0.2,
    "lr_schedule": "cosine_0.1x"
  }
}
