{"operating_system": "Windows-10-10.0.26200-SP0", "machine": "AMD64", "python": "3.11.16", "python_executable": "C:\\Users\\Anthony\\anaconda3\\envs\\strange-matter-gpu\\python.exe", "pytorch": "2.11.0+cu128", "pytorch_cuda": "12.8", "device": "cuda", "gpu": "NVIDIA GeForce RTX 5070 Ti"}
{"epoch": 1, "train_rmse": 1.2654334210399352, "validation_rmse": 0.8346391320228577, "validation_ma_st_rae": 0.8161496764620035, "validation_CYP1A2_st_rae": 0.8757445046517588, "validation_CYP2C9_st_rae": 0.7608737776323867, "validation_CYP2D6_st_rae": 0.9372517581233879, "validation_CYP3A4_st_rae": 0.6907286654404803, "mean_raw_gradient_norm": 9.371693468093872, "fraction_gradients_clipped": 1.0}
{"epoch": 2, "train_rmse": 1.2486030040248195, "validation_rmse": 0.8232178092002869, "validation_ma_st_rae": 0.8124896414601104, "validation_CYP1A2_st_rae": 0.8622600770580663, "validation_CYP2C9_st_rae": 0.7737352025065869, "validation_CYP2D6_st_rae": 0.933671615160787, "validation_CYP3A4_st_rae": 0.6802916711150012, "mean_raw_gradient_norm": 11.14256085395813, "fraction_gradients_clipped": 1.0}
{"epoch": 3, "train_rmse": 1.206163943903301, "validation_rmse": 0.8173604607582092, "validation_ma_st_rae": 0.8169488511699443, "validation_CYP1A2_st_rae": 0.8578068401862821, "validation_CYP2C9_st_rae": 0.7929032631146147, "validation_CYP2D6_st_rae": 0.938985881421389, "validation_CYP3A4_st_rae": 0.6780994199574916, "mean_raw_gradient_norm": 8.399001846313476, "fraction_gradients_clipped": 1.0}
{"epoch": 4, "train_rmse": 1.1331706258936682, "validation_rmse": 0.8173946142196655, "validation_ma_st_rae": 0.8157948163726912, "validation_CYP1A2_st_rae": 0.8503666020943972, "validation_CYP2C9_st_rae": 0.7868746348174657, "validation_CYP2D6_st_rae": 0.9491487123068029, "validation_CYP3A4_st_rae": 0.676789316272099, "mean_raw_gradient_norm": 6.972890110015869, "fraction_gradients_clipped": 1.0}
{"epoch": 5, "train_rmse": 1.1775297117985641, "validation_rmse": 0.8226156234741211, "validation_ma_st_rae": 0.8220262683784402, "validation_CYP1A2_st_rae": 0.8593039301647304, "validation_CYP2C9_st_rae": 0.8062065953712555, "validation_CYP2D6_st_rae": 0.9441765806318383, "validation_CYP3A4_st_rae": 0.6784179673459366, "mean_raw_gradient_norm": 7.501123027801514, "fraction_gradients_clipped": 1.0}
{
  "seed": 2909,
  "selection_metric": "validation_ma_st_rae",
  "best_validation_ma_st_rae": 0.8124896414601104,
  "best_validation_rmse": 0.8232178092002869,
  "restored_fit_rmse": 0.8293073177337646,
  "restored_validation_rmse": 0.8232255578041077,
  "restored_fit_ma_st_rae": 0.8305267294448528,
  "restored_validation_ma_st_rae": 0.8160633561069244,
  "restored_validation_point_ma_st_rae": 0.8124924760381728,
  "restored_validation_point_st_rae_by_cyp": {
    "CYP1A2": 0.8622597279777514,
    "CYP2C9": 0.7737262282707775,
    "CYP2D6": 0.9336549518016626,
    "CYP3A4": 0.6803289961024994
  },
  "restored_fit_st_rae_by_cyp": {
    "CYP1A2": 0.8697196887619814,
    "CYP2C9": 0.7782924002671805,
    "CYP2D6": 0.9686046992547994,
    "CYP3A4": 0.7054901294954504
  },
  "restored_validation_st_rae_by_cyp": {
    "CYP1A2": 0.8675037960855414,
    "CYP2C9": 0.779204485428076,
    "CYP2D6": 0.9359415290851364,
    "CYP3A4": 0.6816036138289439
  },
  "validation_bootstrap_metrics": {
    "n_bootstrap_samples": 1000,
    "seed": 0,
    "macro": {
      "st_rae": {
        "mean": 0.8160633561069244,
        "ci_low": 0.7692435036761291,
        "ci_high": 0.8650362761462962
      },
      "mae": {
        "mean": 0.5958387378196003,
        "ci_low": 0.5619497235155111,
        "ci_high": 0.6284414747113894
      },
      "r2": {
        "mean": 0.2307383533099588,
        "ci_low": 0.17947831352599322,
        "ci_high": 0.27845241566181295
      },
      "spearman_rho": {
        "mean": 0.4810540397457116,
        "ci_low": 0.4289501570188772,
        "ci_high": 0.534090304961494
      },
      "kendall_tau": {
        "mean": 0.3411573074263022,
        "ci_low": 0.30279177696460424,
        "ci_high": 0.3806408276547974
      }
    },
    "per_endpoint": {
      "CYP1A2": {
        "st_rae": {
          "mean": 0.8675037960855414,
          "ci_low": 0.7732910113204984,
          "ci_high": 0.9666536264299097
        },
        "mae": {
          "mean": 0.6681128810761825,
          "ci_low": 0.5920562404547638,
          "ci_high": 0.7495061413285047
        },
        "r2": {
          "mean": 0.18737716280560296,
          "ci_low": 0.08924265130071664,
          "ci_high": 0.2787528852840457
        },
        "spearman_rho": {
          "mean": 0.46199183011634887,
          "ci_low": 0.35770153316681225,
          "ci_high": 0.5630392610890897
        },
        "kendall_tau": {
          "mean": 0.3196333835102044,
          "ci_low": 0.24557582505345502,
          "ci_high": 0.39285032017318927
        }
      },
      "CYP2C9": {
        "st_rae": {
          "mean": 0.779204485428076,
          "ci_low": 0.6641570296943214,
          "ci_high": 0.9112376656121166
        },
        "mae": {
          "mean": 0.47822304274186045,
          "ci_low": 0.4244679719209671,
          "ci_high": 0.5337000596346241
        },
        "r2": {
          "mean": 0.27940897770066,
          "ci_low": 0.15103198612683194,
          "ci_high": 0.3930370275960743
        },
        "spearman_rho": {
          "mean": 0.4818217012193965,
          "ci_low": 0.35643210631718814,
          "ci_high": 0.5912230852673069
        },
        "kendall_tau": {
          "mean": 0.3425959069569434,
          "ci_low": 0.2477654154345598,
          "ci_high": 0.42796460206345144
        }
      },
      "CYP2D6": {
        "st_rae": {
          "mean": 0.9359415290851364,
          "ci_low": 0.8645819336283624,
          "ci_high": 1.0095478439039283
        },
        "mae": {
          "mean": 0.5942323432359112,
          "ci_low": 0.5153804443809142,
          "ci_high": 0.6707935242933998
        },
        "r2": {
          "mean": 0.07482585682395045,
          "ci_low": -0.008855655167311004,
          "ci_high": 0.15386186761535275
        },
        "spearman_rho": {
          "mean": 0.3467743750698753,
          "ci_low": 0.2307984746988508,
          "ci_high": 0.45823521874546996
        },
        "kendall_tau": {
          "mean": 0.23920469436415903,
          "ci_low": 0.159231528252026,
          "ci_high": 0.31838472500129483
        }
      },
      "CYP3A4": {
        "st_rae": {
          "mean": 0.6816036138289439,
          "ci_low": 0.6062390123884938,
          "ci_high": 0.7610882317851454
        },
        "mae": {
          "mean": 0.6427866842244466,
          "ci_low": 0.5920160796721776,
          "ci_high": 0.6958295081456503
        },
        "r2": {
          "mean": 0.38134141590962173,
          "ci_low": 0.2685890967325968,
          "ci_high": 0.4804120174221036
        },
        "spearman_rho": {
          "mean": 0.6336282525772255,
          "ci_low": 0.5613310376173815,
          "ci_high": 0.7048237198895125
        },
        "kendall_tau": {
          "mean": 0.46319524487390185,
          "ci_low": 0.4067398685078938,
          "ci_high": 0.521367833641302
        }
      }
    }
  },
  "epochs_run": 5,
  "fit_observations": 4177,
  "validation_observations": 1039,
  "rule": "inertial_reaction_diffusion",
  "generations": 64,
  "hidden_channels": 16,
  "atom_feature_profile": "local_environment",
  "atom_feature_count": 29,
  "atom_feature_names": [
    "element_H",
    "element_C",
    "element_N",
    "element_O",
    "element_F",
    "element_P",
    "element_S",
    "element_Cl",
    "element_Br",
    "element_I",
    "element_other",
    "formal_charge",
    "aromatic",
    "hybrid_sp",
    "hybrid_sp2",
    "hybrid_sp3",
    "hybrid_other",
    "degree",
    "total_hydrogens",
    "in_ring",
    "hbond_donor",
    "hbond_acceptor",
    "chiral_cw",
    "chiral_ccw",
    "chiral_other",
    "mean_neighbour_electronegativity",
    "electronegativity_difference",
    "mean_neighbour_atomic_number",
    "neighbour_formal_charge"
  ],
  "device": "cuda",
  "gpu": "NVIDIA GeForce RTX 5070 Ti",
  "training_seconds": 70.61906709999312,
  "peak_gpu_memory_bytes": 356553216,
  "runtime": {
    "operating_system": "Windows-10-10.0.26200-SP0",
    "machine": "AMD64",
    "python": "3.11.16",
    "python_executable": "C:\\Users\\Anthony\\anaconda3\\envs\\strange-matter-gpu\\python.exe",
    "pytorch": "2.11.0+cu128",
    "pytorch_cuda": "12.8",
    "device": "cuda",
    "gpu": "NVIDIA GeForce RTX 5070 Ti"
  },
  "validation_protocol": {
    "kind": "scaffold_cross_validation",
    "fold": 2,
    "folds": 5
  },
  "readout": "differentiable_closed_form_ridge",
  "hyperparameters": {
    "ca_lr": 0.003,
    "ridge": 0.1,
    "ca_l2": 1e-05,
    "gradient_clip": 1.0,
    "update_scale": 0.15,
    "init_scale": 0.5,
    "initial_noise": 0.01,
    "support_fraction": 0.6,
    "bond_temperature": 0.5,
    "dyn_a": 0.2,
    "dyn_b": 0.8,
    "dyn_c": 0.5,
    "dyn_d": 0.05,
    "lr_schedule": "cosine_0.1x"
  }
}
