{"operating_system": "Windows-10-10.0.26200-SP0", "machine": "AMD64", "python": "3.11.16", "python_executable": "C:\\Users\\Anthony\\anaconda3\\envs\\strange-matter-gpu\\python.exe", "pytorch": "2.11.0+cu128", "pytorch_cuda": "12.8", "device": "cuda", "gpu": "NVIDIA GeForce RTX 5070 Ti"}
{"epoch": 1, "train_rmse": 1.1162026522953619, "validation_rmse": 0.8987451791763306, "validation_ma_st_rae": 0.9049756148632159, "validation_CYP1A2_st_rae": 0.9895169772518285, "validation_CYP2C9_st_rae": 0.8095322096678478, "validation_CYP2D6_st_rae": 1.0379178749417994, "validation_CYP3A4_st_rae": 0.7829353975913881, "mean_raw_gradient_norm": 6.858757488727569, "fraction_gradients_clipped": 0.98}
{"epoch": 2, "train_rmse": 1.1200453118700513, "validation_rmse": 0.898655354976654, "validation_ma_st_rae": 0.9049146015579195, "validation_CYP1A2_st_rae": 0.9861808146605139, "validation_CYP2C9_st_rae": 0.8099260714963908, "validation_CYP2D6_st_rae": 1.040848299560846, "validation_CYP3A4_st_rae": 0.7827032205139272, "mean_raw_gradient_norm": 7.571638588905334, "fraction_gradients_clipped": 1.0}
{"epoch": 3, "train_rmse": 1.1595964933251044, "validation_rmse": 0.8984326720237732, "validation_ma_st_rae": 0.9036076405201953, "validation_CYP1A2_st_rae": 0.9839267850280532, "validation_CYP2C9_st_rae": 0.8098994337835118, "validation_CYP2D6_st_rae": 1.0374184009976715, "validation_CYP3A4_st_rae": 0.7831859422715444, "mean_raw_gradient_norm": 7.289835095405579, "fraction_gradients_clipped": 1.0}
{"epoch": 4, "train_rmse": 1.129656938692371, "validation_rmse": 0.8977206349372864, "validation_ma_st_rae": 0.9025226762270571, "validation_CYP1A2_st_rae": 0.9829396077351192, "validation_CYP2C9_st_rae": 0.8107887745207253, "validation_CYP2D6_st_rae": 1.0345084670037843, "validation_CYP3A4_st_rae": 0.7818538556485995, "mean_raw_gradient_norm": 6.806180830001831, "fraction_gradients_clipped": 1.0}
{
  "seed": 2909,
  "selection_metric": "validation_ma_st_rae",
  "best_validation_ma_st_rae": 0.9049756148632159,
  "best_validation_rmse": 0.8987451791763306,
  "restored_fit_rmse": 0.8475112318992615,
  "restored_validation_rmse": 0.8987435698509216,
  "restored_fit_ma_st_rae": 0.8521176557662337,
  "restored_validation_ma_st_rae": 0.9076784628578437,
  "restored_validation_point_ma_st_rae": 0.9049738159317233,
  "restored_validation_point_st_rae_by_cyp": {
    "CYP1A2": 0.9895210472316742,
    "CYP2C9": 0.8095216335113277,
    "CYP2D6": 1.0379200894982745,
    "CYP3A4": 0.7829324934856164
  },
  "restored_fit_st_rae_by_cyp": {
    "CYP1A2": 0.8857133290792124,
    "CYP2C9": 0.8109296427105737,
    "CYP2D6": 0.9874765226958703,
    "CYP3A4": 0.7243511285792779
  },
  "restored_validation_st_rae_by_cyp": {
    "CYP1A2": 0.9945682477166492,
    "CYP2C9": 0.8099416604412026,
    "CYP2D6": 1.0408220759326925,
    "CYP3A4": 0.7853818673408303
  },
  "validation_bootstrap_metrics": {
    "n_bootstrap_samples": 1000,
    "seed": 0,
    "macro": {
      "st_rae": {
        "mean": 0.9076784628578437,
        "ci_low": 0.85658889564181,
        "ci_high": 0.9624364476350293
      },
      "mae": {
        "mean": 0.6608936697982315,
        "ci_low": 0.6246084039723906,
        "ci_high": 0.6993558777056094
      },
      "r2": {
        "mean": 0.11225523821763528,
        "ci_low": 0.05286220329900506,
        "ci_high": 0.1673677987295473
      },
      "spearman_rho": {
        "mean": 0.3839255628888857,
        "ci_low": 0.3287770032373203,
        "ci_high": 0.4375290529484177
      },
      "kendall_tau": {
        "mean": 0.26713605199809765,
        "ci_low": 0.22809167005656705,
        "ci_high": 0.30504535779007874
      }
    },
    "per_endpoint": {
      "CYP1A2": {
        "st_rae": {
          "mean": 0.9945682477166492,
          "ci_low": 0.8831076269353146,
          "ci_high": 1.1281805199173989
        },
        "mae": {
          "mean": 0.7510351489488469,
          "ci_low": 0.6686259730472122,
          "ci_high": 0.8386594627208488
        },
        "r2": {
          "mean": 0.022334956345898157,
          "ci_low": -0.1008841735210223,
          "ci_high": 0.14473200363076666
        },
        "spearman_rho": {
          "mean": 0.3520908490900725,
          "ci_low": 0.2369856436425199,
          "ci_high": 0.4628520045007809
        },
        "kendall_tau": {
          "mean": 0.23349463823627686,
          "ci_low": 0.1543870545667275,
          "ci_high": 0.3126962120737354
        }
      },
      "CYP2C9": {
        "st_rae": {
          "mean": 0.8099416604412026,
          "ci_low": 0.6875805478117211,
          "ci_high": 0.93979388780637
        },
        "mae": {
          "mean": 0.5291484166147745,
          "ci_low": 0.4618365560388807,
          "ci_high": 0.6015304071043953
        },
        "r2": {
          "mean": 0.1693381199435401,
          "ci_low": 0.01681167405462329,
          "ci_high": 0.3009266771887188
        },
        "spearman_rho": {
          "mean": 0.48417471000617995,
          "ci_low": 0.3649323655918104,
          "ci_high": 0.6002004510901041
        },
        "kendall_tau": {
          "mean": 0.3413828304281243,
          "ci_low": 0.25481745742409245,
          "ci_high": 0.4244114352845114
        }
      },
      "CYP2D6": {
        "st_rae": {
          "mean": 1.0408220759326925,
          "ci_low": 0.9533659793022253,
          "ci_high": 1.1368559586488083
        },
        "mae": {
          "mean": 0.5980436343327813,
          "ci_low": 0.5296887893262117,
          "ci_high": 0.6727171591312989
        },
        "r2": {
          "mean": 0.03459404935486836,
          "ci_low": -0.058953588541949035,
          "ci_high": 0.11934883086685509
        },
        "spearman_rho": {
          "mean": 0.1864255681980102,
          "ci_low": 0.07008282787099476,
          "ci_high": 0.30957030903272387
        },
        "kendall_tau": {
          "mean": 0.12900397129885585,
          "ci_low": 0.04971125581546515,
          "ci_high": 0.21391082519244434
        }
      },
      "CYP3A4": {
        "st_rae": {
          "mean": 0.7853818673408303,
          "ci_low": 0.6966056625760301,
          "ci_high": 0.8734033022041866
        },
        "mae": {
          "mean": 0.7653474792965231,
          "ci_low": 0.7067497778632305,
          "ci_high": 0.8322107836645395
        },
        "r2": {
          "mean": 0.22275382722623455,
          "ci_low": 0.1188084097906087,
          "ci_high": 0.3224221558056915
        },
        "spearman_rho": {
          "mean": 0.51301112426128,
          "ci_low": 0.42524246834369134,
          "ci_high": 0.5973977111887573
        },
        "kendall_tau": {
          "mean": 0.36466276802913355,
          "ci_low": 0.3006982248739518,
          "ci_high": 0.42892247677104994
        }
      }
    }
  },
  "epochs_run": 4,
  "fit_observations": 4213,
  "validation_observations": 1003,
  "rule": "gated_residual",
  "generations": 32,
  "hidden_channels": 16,
  "atom_feature_profile": "local_environment",
  "atom_feature_count": 29,
  "atom_feature_names": [
    "element_H",
    "element_C",
    "element_N",
    "element_O",
    "element_F",
    "element_P",
    "element_S",
    "element_Cl",
    "element_Br",
    "element_I",
    "element_other",
    "formal_charge",
    "aromatic",
    "hybrid_sp",
    "hybrid_sp2",
    "hybrid_sp3",
    "hybrid_other",
    "degree",
    "total_hydrogens",
    "in_ring",
    "hbond_donor",
    "hbond_acceptor",
    "chiral_cw",
    "chiral_ccw",
    "chiral_other",
    "mean_neighbour_electronegativity",
    "electronegativity_difference",
    "mean_neighbour_atomic_number",
    "neighbour_formal_charge"
  ],
  "device": "cuda",
  "gpu": "NVIDIA GeForce RTX 5070 Ti",
  "training_seconds": 23.37266970006749,
  "peak_gpu_memory_bytes": 117414400,
  "runtime": {
    "operating_system": "Windows-10-10.0.26200-SP0",
    "machine": "AMD64",
    "python": "3.11.16",
    "python_executable": "C:\\Users\\Anthony\\anaconda3\\envs\\strange-matter-gpu\\python.exe",
    "pytorch": "2.11.0+cu128",
    "pytorch_cuda": "12.8",
    "device": "cuda",
    "gpu": "NVIDIA GeForce RTX 5070 Ti"
  },
  "validation_protocol": {
    "kind": "scaffold_cross_validation",
    "fold": 1,
    "folds": 5
  },
  "readout": "differentiable_closed_form_ridge",
  "prediction_mode": "direct",
  "residual_alpha": null,
  "trajectory_pooling": "legacy",
  "ridge_mode": "shared",
  "loss_mode": "hybrid_interval",
  "interval_loss_beta": 0.5,
  "interval_temperature": 0.1,
  "hyperparameters": {
    "ca_lr": 0.0003,
    "ridge": 1.0,
    "ca_l2": 1e-05,
    "gradient_clip": 2.0,
    "update_scale": 0.08,
    "init_scale": 0.5,
    "initial_noise": 0.005,
    "support_fraction": 0.75,
    "bond_temperature": 1.0,
    "dyn_a": 0.5,
    "dyn_b": 0.8,
    "dyn_c": 0.2,
    "dyn_d": 0.05,
    "lr_schedule": "cosine_0.1x"
  }
}
