{"operating_system": "Windows-10-10.0.26200-SP0", "machine": "AMD64", "python": "3.11.16", "python_executable": "C:\\Users\\Anthony\\anaconda3\\envs\\strange-matter-gpu\\python.exe", "pytorch": "2.11.0+cu128", "pytorch_cuda": "12.8", "device": "cuda", "gpu": "NVIDIA GeForce RTX 5070 Ti"}
{"epoch": 1, "train_rmse": 1.0043607812575626, "validation_rmse": 0.8856657147407532, "validation_ma_st_rae": 0.9846807241638345, "validation_CYP1A2_st_rae": 0.9726882632916087, "validation_CYP2C9_st_rae": 0.9724254609623014, "validation_CYP2D6_st_rae": 1.090893370678195, "validation_CYP3A4_st_rae": 0.9027158017232326, "mean_raw_gradient_norm": 3.184502363204956, "fraction_gradients_clipped": 0.8}
{"epoch": 2, "train_rmse": 1.0846583838159805, "validation_rmse": 0.8862200975418091, "validation_ma_st_rae": 0.9870368043046116, "validation_CYP1A2_st_rae": 0.9754998083530636, "validation_CYP2C9_st_rae": 0.979373574359882, "validation_CYP2D6_st_rae": 1.0897482321392027, "validation_CYP3A4_st_rae": 0.9035256023662981, "mean_raw_gradient_norm": 4.766879749298096, "fraction_gradients_clipped": 1.0}
{"epoch": 3, "train_rmse": 1.1094759977156692, "validation_rmse": 0.8854960799217224, "validation_ma_st_rae": 0.9868324086394831, "validation_CYP1A2_st_rae": 0.9739075747751565, "validation_CYP2C9_st_rae": 0.9830200364188222, "validation_CYP2D6_st_rae": 1.0880040674078553, "validation_CYP3A4_st_rae": 0.9023979559560982, "mean_raw_gradient_norm": 4.109906530380249, "fraction_gradients_clipped": 1.0}
{
  "seed": 1701,
  "selection_metric": "validation_ma_st_rae",
  "best_validation_ma_st_rae": 0.9846807241638345,
  "best_validation_rmse": 0.8856657147407532,
  "restored_fit_rmse": 0.9753051996231079,
  "restored_validation_rmse": 0.8856009840965271,
  "restored_fit_ma_st_rae": 0.929548067459689,
  "restored_validation_ma_st_rae": 0.9965108690866707,
  "restored_validation_point_ma_st_rae": 0.9845935509363495,
  "restored_validation_point_st_rae_by_cyp": {
    "CYP1A2": 0.9725709214257112,
    "CYP2C9": 0.9724644281213661,
    "CYP2D6": 1.0907368513455675,
    "CYP3A4": 0.9026020028527528
  },
  "restored_fit_st_rae_by_cyp": {
    "CYP1A2": 0.9055009973011015,
    "CYP2C9": 0.9364946030138026,
    "CYP2D6": 0.9917430683127177,
    "CYP3A4": 0.8844536012111348
  },
  "restored_validation_st_rae_by_cyp": {
    "CYP1A2": 0.9690112113891947,
    "CYP2C9": 0.9950213634206173,
    "CYP2D6": 1.10774798112501,
    "CYP3A4": 0.914262920411861
  },
  "validation_bootstrap_metrics": {
    "n_bootstrap_samples": 1000,
    "seed": 0,
    "macro": {
      "st_rae": {
        "mean": 0.9965108690866707,
        "ci_low": 0.9060870035736174,
        "ci_high": 1.086580755616423
      },
      "mae": {
        "mean": 0.664028551962418,
        "ci_low": 0.5984777136829583,
        "ci_high": 0.7348666458987745
      },
      "r2": {
        "mean": -0.00446490548451899,
        "ci_low": -0.09890794410502209,
        "ci_high": 0.08029299042775412
      },
      "spearman_rho": {
        "mean": 0.2796407995166721,
        "ci_low": 0.1714150967447972,
        "ci_high": 0.3953746723775665
      },
      "kendall_tau": {
        "mean": 0.19795580356049378,
        "ci_low": 0.12101658281073019,
        "ci_high": 0.28004779083325915
      }
    },
    "per_endpoint": {
      "CYP1A2": {
        "st_rae": {
          "mean": 0.9690112113891947,
          "ci_low": 0.7763945010456637,
          "ci_high": 1.1667672508500777
        },
        "mae": {
          "mean": 0.6667378564740791,
          "ci_low": 0.503453732416278,
          "ci_high": 0.8395748764765066
        },
        "r2": {
          "mean": 0.11033623992408415,
          "ci_low": -0.040217449482552695,
          "ci_high": 0.22121429233409798
        },
        "spearman_rho": {
          "mean": 0.43837385677529966,
          "ci_low": 0.214104501312832,
          "ci_high": 0.6342756885593221
        },
        "kendall_tau": {
          "mean": 0.29788620227692475,
          "ci_low": 0.143925205361003,
          "ci_high": 0.4425319267073848
        }
      },
      "CYP2C9": {
        "st_rae": {
          "mean": 0.9950213634206173,
          "ci_low": 0.8002356991292493,
          "ci_high": 1.2294893056481184
        },
        "mae": {
          "mean": 0.5791043863177299,
          "ci_low": 0.4572969165444374,
          "ci_high": 0.7073035402099291
        },
        "r2": {
          "mean": -0.10321448436219137,
          "ci_low": -0.3844750285178204,
          "ci_high": 0.1354481905733498
        },
        "spearman_rho": {
          "mean": 0.26071960924066845,
          "ci_low": -0.035812627168462556,
          "ci_high": 0.5301263218744602
        },
        "kendall_tau": {
          "mean": 0.20677700519813932,
          "ci_low": -0.012672802664276396,
          "ci_high": 0.40587759997381057
        }
      },
      "CYP2D6": {
        "st_rae": {
          "mean": 1.10774798112501,
          "ci_low": 0.9464268836929316,
          "ci_high": 1.2995563847795306
        },
        "mae": {
          "mean": 0.6074424795444194,
          "ci_low": 0.47286560957248397,
          "ci_high": 0.7475152178911062
        },
        "r2": {
          "mean": -0.16584527814499814,
          "ci_low": -0.384775143483417,
          "ci_high": 0.004493370994246537
        },
        "spearman_rho": {
          "mean": 0.005168927354817827,
          "ci_low": -0.25176623113337004,
          "ci_high": 0.2675967901031175
        },
        "kendall_tau": {
          "mean": 0.009831084868427622,
          "ci_low": -0.17033710673856373,
          "ci_high": 0.19474372025988287
        }
      },
      "CYP3A4": {
        "st_rae": {
          "mean": 0.914262920411861,
          "ci_low": 0.7879004658798171,
          "ci_high": 1.0767945427703625
        },
        "mae": {
          "mean": 0.8028294855134431,
          "ci_low": 0.689085103813992,
          "ci_high": 0.9147925417783649
        },
        "r2": {
          "mean": 0.14086390064502938,
          "ci_low": 0.04469276662194385,
          "ci_high": 0.2198047552666819
        },
        "spearman_rho": {
          "mean": 0.41430080469590247,
          "ci_low": 0.2269683228184297,
          "ci_high": 0.5745159823448033
        },
        "kendall_tau": {
          "mean": 0.27732892189848335,
          "ci_low": 0.14530269216705147,
          "ci_high": 0.3996169815008056
        }
      }
    }
  },
  "epochs_run": 3,
  "fit_observations": 806,
  "validation_observations": 272,
  "rule": "coupled_map",
  "generations": 125,
  "hidden_channels": 4,
  "atom_feature_profile": "electronic_local",
  "atom_feature_count": 37,
  "atom_feature_names": [
    "element_H",
    "element_C",
    "element_N",
    "element_O",
    "element_F",
    "element_P",
    "element_S",
    "element_Cl",
    "element_Br",
    "element_I",
    "element_other",
    "formal_charge",
    "aromatic",
    "hybrid_sp",
    "hybrid_sp2",
    "hybrid_sp3",
    "hybrid_other",
    "degree",
    "total_hydrogens",
    "in_ring",
    "hbond_donor",
    "hbond_acceptor",
    "chiral_cw",
    "chiral_ccw",
    "chiral_other",
    "electronegativity",
    "polarizability",
    "heteroatom",
    "halogen",
    "conjugated_bond_fraction",
    "first_ionization_energy",
    "electron_affinity",
    "electronic_property_missing",
    "mean_neighbour_electronegativity",
    "electronegativity_difference",
    "mean_neighbour_atomic_number",
    "neighbour_formal_charge"
  ],
  "device": "cuda",
  "gpu": "NVIDIA GeForce RTX 5070 Ti",
  "training_seconds": 9.694164599990472,
  "peak_gpu_memory_bytes": 210146816,
  "runtime": {
    "operating_system": "Windows-10-10.0.26200-SP0",
    "machine": "AMD64",
    "python": "3.11.16",
    "python_executable": "C:\\Users\\Anthony\\anaconda3\\envs\\strange-matter-gpu\\python.exe",
    "pytorch": "2.11.0+cu128",
    "pytorch_cuda": "12.8",
    "device": "cuda",
    "gpu": "NVIDIA GeForce RTX 5070 Ti"
  },
  "validation_protocol": {
    "kind": "scaffold_cross_validation",
    "fold": 0,
    "folds": 5
  },
  "readout": "differentiable_closed_form_ridge",
  "hyperparameters": {
    "ca_lr": 0.001,
    "ridge": 0.1,
    "ca_l2": 0.0001,
    "gradient_clip": 2.0,
    "update_scale": 0.15,
    "init_scale": 1.0,
    "initial_noise": 0.005,
    "support_fraction": 0.6,
    "bond_temperature": 0.5,
    "dyn_a": 0.2,
    "dyn_b": 0.5,
    "dyn_c": 0.8,
    "dyn_d": 0.05,
    "lr_schedule": "cosine_0.1x"
  }
}
