{"operating_system": "Windows-10-10.0.26200-SP0", "machine": "AMD64", "python": "3.11.16", "python_executable": "C:\\Users\\Anthony\\anaconda3\\envs\\strange-matter-gpu\\python.exe", "pytorch": "2.11.0+cu128", "pytorch_cuda": "12.8", "device": "cuda", "gpu": "NVIDIA GeForce RTX 5070 Ti"}
{"epoch": 1, "train_rmse": 2.159673753845711, "validation_rmse": 0.875295877456665, "validation_ma_st_rae": 1.0604412223715596, "validation_CYP1A2_st_rae": 1.141268861747179, "validation_CYP2C9_st_rae": 1.0548158467024178, "validation_CYP2D6_st_rae": 1.1549616385381467, "validation_CYP3A4_st_rae": 0.890718542498495, "mean_raw_gradient_norm": 461.16441612243653, "fraction_gradients_clipped": 1.0}
{"epoch": 2, "train_rmse": 1.7727298980130033, "validation_rmse": 0.8616510033607483, "validation_ma_st_rae": 1.0254582874779874, "validation_CYP1A2_st_rae": 1.1079503483956215, "validation_CYP2C9_st_rae": 0.9456694637414071, "validation_CYP2D6_st_rae": 1.1298363703745598, "validation_CYP3A4_st_rae": 0.9183769674003612, "mean_raw_gradient_norm": 137.19781570434571, "fraction_gradients_clipped": 1.0}
{"epoch": 3, "train_rmse": 1.8225153764736084, "validation_rmse": 0.8699022531509399, "validation_ma_st_rae": 1.045853553196361, "validation_CYP1A2_st_rae": 1.1805969484486578, "validation_CYP2C9_st_rae": 0.9265101268904563, "validation_CYP2D6_st_rae": 1.1629263712690237, "validation_CYP3A4_st_rae": 0.9133807661773069, "mean_raw_gradient_norm": 137.1509521484375, "fraction_gradients_clipped": 1.0}
{
  "seed": 1701,
  "selection_metric": "validation_ma_st_rae",
  "best_validation_ma_st_rae": 1.0254582874779874,
  "best_validation_rmse": 0.8616510033607483,
  "restored_fit_rmse": 0.8782015442848206,
  "restored_validation_rmse": 0.8616974949836731,
  "restored_fit_ma_st_rae": 0.8183749820753284,
  "restored_validation_ma_st_rae": 1.0480509663017812,
  "restored_validation_point_ma_st_rae": 1.025532721151989,
  "restored_validation_point_st_rae_by_cyp": {
    "CYP1A2": 1.1084093127632046,
    "CYP2C9": 0.9455495295778247,
    "CYP2D6": 1.129860545984587,
    "CYP3A4": 0.9183114962823388
  },
  "restored_fit_st_rae_by_cyp": {
    "CYP1A2": 0.8112355846722711,
    "CYP2C9": 0.7443468127237545,
    "CYP2D6": 1.0094419677172843,
    "CYP3A4": 0.7084755631880041
  },
  "restored_validation_st_rae_by_cyp": {
    "CYP1A2": 1.1203653433328125,
    "CYP2C9": 0.9794548687892735,
    "CYP2D6": 1.1557464060587295,
    "CYP3A4": 0.9366372470263098
  },
  "validation_bootstrap_metrics": {
    "n_bootstrap_samples": 1000,
    "seed": 0,
    "macro": {
      "st_rae": {
        "mean": 1.0480509663017812,
        "ci_low": 0.9004775424367175,
        "ci_high": 1.2060236537508664
      },
      "mae": {
        "mean": 0.6627684494086306,
        "ci_low": 0.5962124554789121,
        "ci_high": 0.7283518444654752
      },
      "r2": {
        "mean": 0.02344136892233714,
        "ci_low": -0.15089825210039054,
        "ci_high": 0.16632471762863907
      },
      "spearman_rho": {
        "mean": 0.4022286378733631,
        "ci_low": 0.3018507672197687,
        "ci_high": 0.4984051668508844
      },
      "kendall_tau": {
        "mean": 0.27997442284826574,
        "ci_low": 0.20702671497391018,
        "ci_high": 0.35479350662137576
      }
    },
    "per_endpoint": {
      "CYP1A2": {
        "st_rae": {
          "mean": 1.1203653433328125,
          "ci_low": 0.782818883273641,
          "ci_high": 1.5626720952220563
        },
        "mae": {
          "mean": 0.7007184873252619,
          "ci_low": 0.5577718702496076,
          "ci_high": 0.861816860320138
        },
        "r2": {
          "mean": 0.10804102141556225,
          "ci_low": -0.2558827677593559,
          "ci_high": 0.36340437670148407
        },
        "spearman_rho": {
          "mean": 0.5017366893682178,
          "ci_low": 0.31672720258597475,
          "ci_high": 0.6551889364679581
        },
        "kendall_tau": {
          "mean": 0.3428558355506955,
          "ci_low": 0.2030492835648379,
          "ci_high": 0.47018805309734507
        }
      },
      "CYP2C9": {
        "st_rae": {
          "mean": 0.9794548687892735,
          "ci_low": 0.6926513529742334,
          "ci_high": 1.3170814057467313
        },
        "mae": {
          "mean": 0.5526070971290271,
          "ci_low": 0.4366782301664352,
          "ci_high": 0.6799572784701983
        },
        "r2": {
          "mean": -0.03549134122173367,
          "ci_low": -0.4009825065704914,
          "ci_high": 0.2618653470473289
        },
        "spearman_rho": {
          "mean": 0.3480182790658113,
          "ci_low": 0.10366577640294605,
          "ci_high": 0.5757058534917847
        },
        "kendall_tau": {
          "mean": 0.2517969279587194,
          "ci_low": 0.0791818111514964,
          "ci_high": 0.42315164831233565
        }
      },
      "CYP2D6": {
        "st_rae": {
          "mean": 1.1557464060587295,
          "ci_low": 0.9138486983868864,
          "ci_high": 1.4519546300061124
        },
        "mae": {
          "mean": 0.6300942717845623,
          "ci_low": 0.49006521032406736,
          "ci_high": 0.7753106257548698
        },
        "r2": {
          "mean": -0.20710130549945424,
          "ci_low": -0.6465027288003299,
          "ci_high": 0.07088763200285367
        },
        "spearman_rho": {
          "mean": 0.25608733581289805,
          "ci_low": 0.017737731397887598,
          "ci_high": 0.46980115572401937
        },
        "kendall_tau": {
          "mean": 0.17191965787024024,
          "ci_low": 0.0052382464891772475,
          "ci_high": 0.3311752210854863
        }
      },
      "CYP3A4": {
        "st_rae": {
          "mean": 0.9366372470263098,
          "ci_low": 0.7183209176888755,
          "ci_high": 1.2192461007685782
        },
        "mae": {
          "mean": 0.7676539413956709,
          "ci_low": 0.6737261902454287,
          "ci_high": 0.8722126635701157
        },
        "r2": {
          "mean": 0.22831710099497424,
          "ci_low": -0.01720550178274794,
          "ci_high": 0.40125392050621134
        },
        "spearman_rho": {
          "mean": 0.5030722472465253,
          "ci_low": 0.32784894489214733,
          "ci_high": 0.6506694654485399
        },
        "kendall_tau": {
          "mean": 0.35332527001340785,
          "ci_low": 0.2229939125622579,
          "ci_high": 0.4679577087344197
        }
      }
    }
  },
  "epochs_run": 3,
  "fit_observations": 806,
  "validation_observations": 272,
  "rule": "inertial_reaction_diffusion",
  "generations": 125,
  "hidden_channels": 16,
  "atom_feature_profile": "valence",
  "atom_feature_count": 30,
  "atom_feature_names": [
    "element_H",
    "element_C",
    "element_N",
    "element_O",
    "element_F",
    "element_P",
    "element_S",
    "element_Cl",
    "element_Br",
    "element_I",
    "element_other",
    "formal_charge",
    "aromatic",
    "hybrid_sp",
    "hybrid_sp2",
    "hybrid_sp3",
    "hybrid_other",
    "degree",
    "total_hydrogens",
    "in_ring",
    "hbond_donor",
    "hbond_acceptor",
    "chiral_cw",
    "chiral_ccw",
    "chiral_other",
    "total_valence",
    "implicit_valence",
    "heavy_atom_degree",
    "radical_electrons",
    "absolute_formal_charge"
  ],
  "device": "cuda",
  "gpu": "NVIDIA GeForce RTX 5070 Ti",
  "training_seconds": 9.041377499932423,
  "peak_gpu_memory_bytes": 652616192,
  "runtime": {
    "operating_system": "Windows-10-10.0.26200-SP0",
    "machine": "AMD64",
    "python": "3.11.16",
    "python_executable": "C:\\Users\\Anthony\\anaconda3\\envs\\strange-matter-gpu\\python.exe",
    "pytorch": "2.11.0+cu128",
    "pytorch_cuda": "12.8",
    "device": "cuda",
    "gpu": "NVIDIA GeForce RTX 5070 Ti"
  },
  "validation_protocol": {
    "kind": "scaffold_cross_validation",
    "fold": 0,
    "folds": 5
  },
  "readout": "differentiable_closed_form_ridge",
  "hyperparameters": {
    "ca_lr": 0.003,
    "ridge": 0.01,
    "ca_l2": 0.0001,
    "gradient_clip": 2.0,
    "update_scale": 0.4,
    "init_scale": 1.0,
    "initial_noise": 0.005,
    "support_fraction": 0.6,
    "bond_temperature": 1.0,
    "dyn_a": 0.2,
    "dyn_b": 0.5,
    "dyn_c": 0.5,
    "dyn_d": 0.3,
    "lr_schedule": "cosine_0.1x"
  }
}
