{"operating_system": "Windows-10-10.0.26200-SP0", "machine": "AMD64", "python": "3.11.16", "python_executable": "C:\\Users\\Anthony\\anaconda3\\envs\\strange-matter-gpu\\python.exe", "pytorch": "2.11.0+cu128", "pytorch_cuda": "12.8", "device": "cuda", "gpu": "NVIDIA GeForce RTX 5070 Ti"}
{"epoch": 1, "train_rmse": 1.1069272968080541, "validation_rmse": 0.8888228535652161, "validation_ma_st_rae": 0.8879510004772653, "validation_CYP1A2_st_rae": 0.930185681818591, "validation_CYP2C9_st_rae": 0.8134690728230577, "validation_CYP2D6_st_rae": 1.0295248417228882, "validation_CYP3A4_st_rae": 0.7786244055445245, "mean_raw_gradient_norm": 8.856643328666687, "fraction_gradients_clipped": 1.0}
{"epoch": 2, "train_rmse": 1.1316537034817167, "validation_rmse": 0.888488233089447, "validation_ma_st_rae": 0.8877912692340878, "validation_CYP1A2_st_rae": 0.93359830789971, "validation_CYP2C9_st_rae": 0.8104769746564792, "validation_CYP2D6_st_rae": 1.0327785456932843, "validation_CYP3A4_st_rae": 0.7743112486868777, "mean_raw_gradient_norm": 9.113757920265197, "fraction_gradients_clipped": 1.0}
{"epoch": 3, "train_rmse": 1.1791327960300286, "validation_rmse": 0.888228178024292, "validation_ma_st_rae": 0.8876014722195781, "validation_CYP1A2_st_rae": 0.9370782601777623, "validation_CYP2C9_st_rae": 0.8076307260018739, "validation_CYP2D6_st_rae": 1.0343221681554298, "validation_CYP3A4_st_rae": 0.7713747345432461, "mean_raw_gradient_norm": 7.607461423873901, "fraction_gradients_clipped": 1.0}
{"epoch": 4, "train_rmse": 1.1468381654019533, "validation_rmse": 0.8883981704711914, "validation_ma_st_rae": 0.8881877277400192, "validation_CYP1A2_st_rae": 0.9403582209246596, "validation_CYP2C9_st_rae": 0.8085957223503452, "validation_CYP2D6_st_rae": 1.0338177311714494, "validation_CYP3A4_st_rae": 0.7699792365136225, "mean_raw_gradient_norm": 7.4207584047317505, "fraction_gradients_clipped": 1.0}
{
  "seed": 4211,
  "selection_metric": "validation_ma_st_rae",
  "best_validation_ma_st_rae": 0.8879510004772653,
  "best_validation_rmse": 0.8888228535652161,
  "restored_fit_rmse": 0.847255289554596,
  "restored_validation_rmse": 0.8888224959373474,
  "restored_fit_ma_st_rae": 0.849036303131282,
  "restored_validation_ma_st_rae": 0.8904261574541978,
  "restored_validation_point_ma_st_rae": 0.8879535295509761,
  "restored_validation_point_st_rae_by_cyp": {
    "CYP1A2": 0.9301916971558506,
    "CYP2C9": 0.8134579783088454,
    "CYP2D6": 1.0295424282251646,
    "CYP3A4": 0.7786220145140436
  },
  "restored_fit_st_rae_by_cyp": {
    "CYP1A2": 0.8692417580125193,
    "CYP2C9": 0.7854065183784705,
    "CYP2D6": 1.0121920246293414,
    "CYP3A4": 0.7293049115047964
  },
  "restored_validation_st_rae_by_cyp": {
    "CYP1A2": 0.9355896110689517,
    "CYP2C9": 0.8154796895833226,
    "CYP2D6": 1.0302013011664017,
    "CYP3A4": 0.7804340279981155
  },
  "validation_bootstrap_metrics": {
    "n_bootstrap_samples": 1000,
    "seed": 0,
    "macro": {
      "st_rae": {
        "mean": 0.8904261574541978,
        "ci_low": 0.8360014121992598,
        "ci_high": 0.9463812479531097
      },
      "mae": {
        "mean": 0.6512847283684293,
        "ci_low": 0.6172374876944957,
        "ci_high": 0.6909178208101793
      },
      "r2": {
        "mean": 0.1288069682451001,
        "ci_low": 0.07155583782984727,
        "ci_high": 0.18707849892931497
      },
      "spearman_rho": {
        "mean": 0.3769372318302934,
        "ci_low": 0.32058571010282483,
        "ci_high": 0.4376971265343789
      },
      "kendall_tau": {
        "mean": 0.263350199885537,
        "ci_low": 0.22267273231584953,
        "ci_high": 0.3061585305216935
      }
    },
    "per_endpoint": {
      "CYP1A2": {
        "st_rae": {
          "mean": 0.9355896110689517,
          "ci_low": 0.8346845895814493,
          "ci_high": 1.0462208944702283
        },
        "mae": {
          "mean": 0.7179812680604846,
          "ci_low": 0.635549759837084,
          "ci_high": 0.8088915396429772
        },
        "r2": {
          "mean": 0.08527211684912818,
          "ci_low": -0.030577032552459426,
          "ci_high": 0.20084432835394836
        },
        "spearman_rho": {
          "mean": 0.36401299152536504,
          "ci_low": 0.23460114642728316,
          "ci_high": 0.4803980496481203
        },
        "kendall_tau": {
          "mean": 0.2496538622757983,
          "ci_low": 0.15996257094863994,
          "ci_high": 0.3337328308885093
        }
      },
      "CYP2C9": {
        "st_rae": {
          "mean": 0.8154796895833226,
          "ci_low": 0.6998745963171696,
          "ci_high": 0.9385193316667887
        },
        "mae": {
          "mean": 0.5312736837525054,
          "ci_low": 0.46725432721491394,
          "ci_high": 0.5967105945959914
        },
        "r2": {
          "mean": 0.1561860316298236,
          "ci_low": 0.012030293545658514,
          "ci_high": 0.282130853644859
        },
        "spearman_rho": {
          "mean": 0.4634484563049237,
          "ci_low": 0.3455069463010915,
          "ci_high": 0.5755801266634586
        },
        "kendall_tau": {
          "mean": 0.324039678959721,
          "ci_low": 0.23548362210765017,
          "ci_high": 0.4064225265815901
        }
      },
      "CYP2D6": {
        "st_rae": {
          "mean": 1.0302013011664017,
          "ci_low": 0.935054083279696,
          "ci_high": 1.1256189480357641
        },
        "mae": {
          "mean": 0.5899885115478349,
          "ci_low": 0.5187809024168097,
          "ci_high": 0.6641422529842542
        },
        "r2": {
          "mean": 0.03919702861952696,
          "ci_low": -0.05944060233265913,
          "ci_high": 0.13261174427099418
        },
        "spearman_rho": {
          "mean": 0.1679272329840635,
          "ci_low": 0.041834980752402905,
          "ci_high": 0.29310116102926964
        },
        "kendall_tau": {
          "mean": 0.11330385491824896,
          "ci_low": 0.027876055757300195,
          "ci_high": 0.19871000557736326
        }
      },
      "CYP3A4": {
        "st_rae": {
          "mean": 0.7804340279981155,
          "ci_low": 0.6934840494190457,
          "ci_high": 0.8795530460636423
        },
        "mae": {
          "mean": 0.7658954501128924,
          "ci_low": 0.7067292294839083,
          "ci_high": 0.8266365687932994
        },
        "r2": {
          "mean": 0.23457269588192162,
          "ci_low": 0.13247140430234683,
          "ci_high": 0.3209012383145825
        },
        "spearman_rho": {
          "mean": 0.5123602465068214,
          "ci_low": 0.4185462585394843,
          "ci_high": 0.5945484250204947
        },
        "kendall_tau": {
          "mean": 0.3664034033883797,
          "ci_low": 0.2981670869021566,
          "ci_high": 0.4282453982067273
        }
      }
    }
  },
  "epochs_run": 4,
  "fit_observations": 4213,
  "validation_observations": 1003,
  "rule": "gated_residual",
  "generations": 32,
  "hidden_channels": 16,
  "atom_feature_profile": "local_environment",
  "atom_feature_count": 29,
  "atom_feature_names": [
    "element_H",
    "element_C",
    "element_N",
    "element_O",
    "element_F",
    "element_P",
    "element_S",
    "element_Cl",
    "element_Br",
    "element_I",
    "element_other",
    "formal_charge",
    "aromatic",
    "hybrid_sp",
    "hybrid_sp2",
    "hybrid_sp3",
    "hybrid_other",
    "degree",
    "total_hydrogens",
    "in_ring",
    "hbond_donor",
    "hbond_acceptor",
    "chiral_cw",
    "chiral_ccw",
    "chiral_other",
    "mean_neighbour_electronegativity",
    "electronegativity_difference",
    "mean_neighbour_atomic_number",
    "neighbour_formal_charge"
  ],
  "device": "cuda",
  "gpu": "NVIDIA GeForce RTX 5070 Ti",
  "training_seconds": 23.08867900003679,
  "peak_gpu_memory_bytes": 119623680,
  "runtime": {
    "operating_system": "Windows-10-10.0.26200-SP0",
    "machine": "AMD64",
    "python": "3.11.16",
    "python_executable": "C:\\Users\\Anthony\\anaconda3\\envs\\strange-matter-gpu\\python.exe",
    "pytorch": "2.11.0+cu128",
    "pytorch_cuda": "12.8",
    "device": "cuda",
    "gpu": "NVIDIA GeForce RTX 5070 Ti"
  },
  "validation_protocol": {
    "kind": "scaffold_cross_validation",
    "fold": 1,
    "folds": 5
  },
  "readout": "differentiable_closed_form_ridge",
  "prediction_mode": "direct",
  "residual_alpha": null,
  "trajectory_pooling": "legacy",
  "ridge_mode": "shared",
  "loss_mode": "hybrid_interval",
  "interval_loss_beta": 0.5,
  "interval_temperature": 0.1,
  "hyperparameters": {
    "ca_lr": 0.0003,
    "ridge": 1.0,
    "ca_l2": 1e-05,
    "gradient_clip": 2.0,
    "update_scale": 0.08,
    "init_scale": 0.5,
    "initial_noise": 0.005,
    "support_fraction": 0.75,
    "bond_temperature": 1.0,
    "dyn_a": 0.5,
    "dyn_b": 0.8,
    "dyn_c": 0.2,
    "dyn_d": 0.05,
    "lr_schedule": "cosine_0.1x"
  }
}
