{"device": "cuda", "gpu": "NVIDIA GeForce RTX 5070 Ti", "pytorch": "2.11.0+cu128", "pytorch_cuda": "12.8"}
{"epoch": 1, "train_rmse": 2.03011842523834, "validation_rmse": 1.022699236869812, "mean_raw_gradient_norm": 117.56611938476563, "fraction_gradients_clipped": 1.0}
{"epoch": 2, "train_rmse": 2.3885959965654195, "validation_rmse": 1.0005042552947998, "mean_raw_gradient_norm": 268.2178787231445, "fraction_gradients_clipped": 1.0}
{"epoch": 3, "train_rmse": 3.448176070785041, "validation_rmse": 1.0173499584197998, "mean_raw_gradient_norm": 1252.7786193847655, "fraction_gradients_clipped": 1.0}
{
  "seed": 1701,
  "best_validation_rmse": 1.0005042552947998,
  "restored_fit_rmse": 0.8229033350944519,
  "restored_validation_rmse": 1.0004276037216187,
  "epochs_run": 3,
  "fit_observations": 791,
  "validation_observations": 273,
  "rule": "inertial_reaction_diffusion",
  "generations": 125,
  "hidden_channels": 16,
  "device": "cuda",
  "gpu": "NVIDIA GeForce RTX 5070 Ti",
  "training_seconds": 10.823542299913242,
  "peak_gpu_memory_bytes": 254101504,
  "readout": "differentiable_closed_form_ridge",
  "hyperparameters": {
    "ca_lr": 0.003,
    "ridge": 0.01,
    "ca_l2": 1e-06,
    "gradient_clip": 2.0
  }
}
