{"operating_system": "Windows-10-10.0.26200-SP0", "machine": "AMD64", "python": "3.11.16", "python_executable": "C:\\Users\\Anthony\\anaconda3\\envs\\strange-matter-gpu\\python.exe", "pytorch": "2.11.0+cu128", "pytorch_cuda": "12.8", "device": "cuda", "gpu": "NVIDIA GeForce RTX 5070 Ti"}
{"epoch": 1, "train_rmse": 1.2403038560833377, "validation_rmse": 0.8349054455757141, "validation_ma_st_rae": 0.9260131679652084, "validation_CYP1A2_st_rae": 1.086302542841275, "validation_CYP2C9_st_rae": 0.785846130402575, "validation_CYP2D6_st_rae": 0.92989742661321, "validation_CYP3A4_st_rae": 0.9020065720037739, "mean_raw_gradient_norm": 9.629621124267578, "fraction_gradients_clipped": 1.0}
{"epoch": 2, "train_rmse": 1.3544644753047685, "validation_rmse": 0.8316428065299988, "validation_ma_st_rae": 0.9176719012894248, "validation_CYP1A2_st_rae": 1.087650762889198, "validation_CYP2C9_st_rae": 0.7631813595890665, "validation_CYP2D6_st_rae": 0.9253118781495252, "validation_CYP3A4_st_rae": 0.8945436045299094, "mean_raw_gradient_norm": 12.80992603302002, "fraction_gradients_clipped": 1.0}
{"epoch": 3, "train_rmse": 1.3105542142082356, "validation_rmse": 0.8304780721664429, "validation_ma_st_rae": 0.9162290948427332, "validation_CYP1A2_st_rae": 1.0945079451196782, "validation_CYP2C9_st_rae": 0.7595522342368609, "validation_CYP2D6_st_rae": 0.9227820709834291, "validation_CYP3A4_st_rae": 0.8880741290309647, "mean_raw_gradient_norm": 9.60288963317871, "fraction_gradients_clipped": 1.0}
{
  "seed": 1701,
  "selection_metric": "validation_ma_st_rae",
  "best_validation_ma_st_rae": 0.9176719012894248,
  "best_validation_rmse": 0.8316428065299988,
  "restored_fit_rmse": 0.8829110860824585,
  "restored_validation_rmse": 0.83165043592453,
  "restored_fit_ma_st_rae": 0.806700844380476,
  "restored_validation_ma_st_rae": 0.9352902379263742,
  "restored_validation_point_ma_st_rae": 0.9176606628629467,
  "restored_validation_point_st_rae_by_cyp": {
    "CYP1A2": 1.087653977734839,
    "CYP2C9": 0.7631654236804034,
    "CYP2D6": 0.925216871596662,
    "CYP3A4": 0.8946063784398824
  },
  "restored_fit_st_rae_by_cyp": {
    "CYP1A2": 0.7665442175427881,
    "CYP2C9": 0.7778226922781406,
    "CYP2D6": 0.9409447870043278,
    "CYP3A4": 0.7414916806966473
  },
  "restored_validation_st_rae_by_cyp": {
    "CYP1A2": 1.0969961094062184,
    "CYP2C9": 0.790041027633293,
    "CYP2D6": 0.9412890357106635,
    "CYP3A4": 0.9128347789553216
  },
  "validation_bootstrap_metrics": {
    "n_bootstrap_samples": 1000,
    "seed": 0,
    "macro": {
      "st_rae": {
        "mean": 0.9352902379263742,
        "ci_low": 0.8199625576733637,
        "ci_high": 1.0594352394001032
      },
      "mae": {
        "mean": 0.6399653552170441,
        "ci_low": 0.5820109573711899,
        "ci_high": 0.7038252030553487
      },
      "r2": {
        "mean": 0.1322602307214067,
        "ci_low": 0.024912017778818248,
        "ci_high": 0.2243370768551284
      },
      "spearman_rho": {
        "mean": 0.45806318557790293,
        "ci_low": 0.35470775308435043,
        "ci_high": 0.553420770513632
      },
      "kendall_tau": {
        "mean": 0.3213453644697364,
        "ci_low": 0.24530576235327656,
        "ci_high": 0.39494364879310956
      }
    },
    "per_endpoint": {
      "CYP1A2": {
        "st_rae": {
          "mean": 1.0969961094062184,
          "ci_low": 0.8268777568885197,
          "ci_high": 1.4507793981845571
        },
        "mae": {
          "mean": 0.7181904831714316,
          "ci_low": 0.5824969413827678,
          "ci_high": 0.8782830827548855
        },
        "r2": {
          "mean": 0.11950432863124955,
          "ci_low": -0.13352392062061386,
          "ci_high": 0.27683889861692035
        },
        "spearman_rho": {
          "mean": 0.4582886585010374,
          "ci_low": 0.23973287579364272,
          "ci_high": 0.6453522038611281
        },
        "kendall_tau": {
          "mean": 0.3233152185669135,
          "ci_low": 0.16795749532907192,
          "ci_high": 0.467217081363937
        }
      },
      "CYP2C9": {
        "st_rae": {
          "mean": 0.790041027633293,
          "ci_low": 0.5792623209033849,
          "ci_high": 1.0470315324696282
        },
        "mae": {
          "mean": 0.5150891463160515,
          "ci_low": 0.4116541686654091,
          "ci_high": 0.621395141283671
        },
        "r2": {
          "mean": 0.14647192907683992,
          "ci_low": -0.10631233762580992,
          "ci_high": 0.34568046435369487
        },
        "spearman_rho": {
          "mean": 0.47212076636171174,
          "ci_low": 0.22835900570012613,
          "ci_high": 0.6721516921503942
        },
        "kendall_tau": {
          "mean": 0.3348690251030246,
          "ci_low": 0.15152634117353223,
          "ci_high": 0.4965504800984381
        }
      },
      "CYP2D6": {
        "st_rae": {
          "mean": 0.9412890357106635,
          "ci_low": 0.7724046258105205,
          "ci_high": 1.1280204994650174
        },
        "mae": {
          "mean": 0.5437173557134775,
          "ci_low": 0.42302535396355845,
          "ci_high": 0.6809181032730983
        },
        "r2": {
          "mean": 0.04859361959003364,
          "ci_low": -0.17859140872509177,
          "ci_high": 0.22395473878284247
        },
        "spearman_rho": {
          "mean": 0.4143293836293833,
          "ci_low": 0.19618986416820697,
          "ci_high": 0.5985248787498167
        },
        "kendall_tau": {
          "mean": 0.2809755814518472,
          "ci_low": 0.1295555275900091,
          "ci_high": 0.41989612695248624
        }
      },
      "CYP3A4": {
        "st_rae": {
          "mean": 0.9128347789553216,
          "ci_low": 0.7136512168290974,
          "ci_high": 1.1695270151098276
        },
        "mae": {
          "mean": 0.7828644356672154,
          "ci_low": 0.6918905714916628,
          "ci_high": 0.8900091305721638
        },
        "r2": {
          "mean": 0.21447104558750366,
          "ci_low": -0.003958077479911298,
          "ci_high": 0.3686190961175765
        },
        "spearman_rho": {
          "mean": 0.4875139338194791,
          "ci_low": 0.29511092103240594,
          "ci_high": 0.6370374322005842
        },
        "kendall_tau": {
          "mean": 0.34622163275716056,
          "ci_low": 0.2085153996526892,
          "ci_high": 0.46231813627522944
        }
      }
    }
  },
  "epochs_run": 3,
  "fit_observations": 806,
  "validation_observations": 272,
  "rule": "gated_residual",
  "generations": 64,
  "hidden_channels": 16,
  "atom_feature_profile": "local_environment",
  "atom_feature_count": 29,
  "atom_feature_names": [
    "element_H",
    "element_C",
    "element_N",
    "element_O",
    "element_F",
    "element_P",
    "element_S",
    "element_Cl",
    "element_Br",
    "element_I",
    "element_other",
    "formal_charge",
    "aromatic",
    "hybrid_sp",
    "hybrid_sp2",
    "hybrid_sp3",
    "hybrid_other",
    "degree",
    "total_hydrogens",
    "in_ring",
    "hbond_donor",
    "hbond_acceptor",
    "chiral_cw",
    "chiral_ccw",
    "chiral_other",
    "mean_neighbour_electronegativity",
    "electronegativity_difference",
    "mean_neighbour_atomic_number",
    "neighbour_formal_charge"
  ],
  "device": "cuda",
  "gpu": "NVIDIA GeForce RTX 5070 Ti",
  "training_seconds": 5.148400599951856,
  "peak_gpu_memory_bytes": 401209856,
  "runtime": {
    "operating_system": "Windows-10-10.0.26200-SP0",
    "machine": "AMD64",
    "python": "3.11.16",
    "python_executable": "C:\\Users\\Anthony\\anaconda3\\envs\\strange-matter-gpu\\python.exe",
    "pytorch": "2.11.0+cu128",
    "pytorch_cuda": "12.8",
    "device": "cuda",
    "gpu": "NVIDIA GeForce RTX 5070 Ti"
  },
  "validation_protocol": {
    "kind": "scaffold_cross_validation",
    "fold": 0,
    "folds": 5
  },
  "readout": "differentiable_closed_form_ridge",
  "hyperparameters": {
    "ca_lr": 0.003,
    "ridge": 0.1,
    "ca_l2": 1e-05,
    "gradient_clip": 1.0,
    "update_scale": 0.15,
    "init_scale": 0.5,
    "initial_noise": 0.01,
    "support_fraction": 0.6,
    "bond_temperature": 0.5,
    "dyn_a": 0.2,
    "dyn_b": 0.8,
    "dyn_c": 0.5,
    "dyn_d": 0.05,
    "lr_schedule": "cosine_0.1x"
  }
}
