{"operating_system": "macOS-26.2-arm64-arm-64bit", "machine": "arm64", "python": "3.10.19", "python_executable": "/opt/anaconda3/envs/kcc2/bin/python3.10", "pytorch": "2.8.0", "pytorch_cuda": null, "device": "cpu", "gpu": null}
{"epoch": 1, "train_rmse": 1.3519199492229435, "validation_rmse": 1.0248517990112305, "mean_raw_gradient_norm": 294.8675476074219, "fraction_gradients_clipped": 1.0}
{"epoch": 2, "train_rmse": 1.5048934716324323, "validation_rmse": 1.0840833187103271, "mean_raw_gradient_norm": 211.27849731445312, "fraction_gradients_clipped": 1.0}
{"epoch": 3, "train_rmse": 1.4633840105289613, "validation_rmse": 1.0468025207519531, "mean_raw_gradient_norm": 208.2074462890625, "fraction_gradients_clipped": 1.0}
{
  "seed": 1701,
  "best_validation_rmse": 1.0248517990112305,
  "restored_fit_rmse": 0.9302973747253418,
  "restored_validation_rmse": 1.0248517990112305,
  "epochs_run": 3,
  "fit_observations": 791,
  "validation_observations": 273,
  "rule": "conservative_graph_flux",
  "generations": 500,
  "hidden_channels": 16,
  "device": "cpu",
  "gpu": null,
  "training_seconds": 72.10738808300812,
  "peak_gpu_memory_bytes": 0,
  "runtime": {
    "operating_system": "macOS-26.2-arm64-arm-64bit",
    "machine": "arm64",
    "python": "3.10.19",
    "python_executable": "/opt/anaconda3/envs/kcc2/bin/python3.10",
    "pytorch": "2.8.0",
    "pytorch_cuda": null,
    "device": "cpu",
    "gpu": null
  },
  "readout": "differentiable_closed_form_ridge",
  "hyperparameters": {
    "ca_lr": 0.003,
    "ridge": 0.01,
    "ca_l2": 1e-05,
    "gradient_clip": 1.0,
    "update_scale": 0.15,
    "init_scale": 1.0,
    "initial_noise": 0.005,
    "support_fraction": 0.75,
    "bond_temperature": 1.0,
    "dyn_a": 0.5,
    "dyn_b": 0.5,
    "dyn_c": 0.5,
    "dyn_d": 0.05,
    "lr_schedule": "cosine_0.1x"
  }
}
