{"operating_system": "Windows-10-10.0.26200-SP0", "machine": "AMD64", "python": "3.11.16", "python_executable": "C:\\Users\\Anthony\\anaconda3\\envs\\strange-matter-gpu\\python.exe", "pytorch": "2.11.0+cu128", "pytorch_cuda": "12.8", "device": "cuda", "gpu": "NVIDIA GeForce RTX 5070 Ti"}
{"epoch": 1, "train_rmse": 1.0204360387410876, "validation_rmse": 0.8706133961677551, "validation_ma_st_rae": 0.8639908482221805, "validation_CYP1A2_st_rae": 0.8457078799729556, "validation_CYP2C9_st_rae": 0.8802565001487794, "validation_CYP2D6_st_rae": 1.0451319264465837, "validation_CYP3A4_st_rae": 0.6848670863204036, "mean_raw_gradient_norm": 7.2217981815338135, "fraction_gradients_clipped": 1.0}
{"epoch": 2, "train_rmse": 1.1119390909406903, "validation_rmse": 0.8665617108345032, "validation_ma_st_rae": 0.8595178448902613, "validation_CYP1A2_st_rae": 0.8541152873433394, "validation_CYP2C9_st_rae": 0.8770724518079616, "validation_CYP2D6_st_rae": 1.031443544489208, "validation_CYP3A4_st_rae": 0.675440095920536, "mean_raw_gradient_norm": 7.646640815734863, "fraction_gradients_clipped": 1.0}
{"epoch": 3, "train_rmse": 1.028053257833315, "validation_rmse": 0.8668416738510132, "validation_ma_st_rae": 0.8608464891052101, "validation_CYP1A2_st_rae": 0.8552320258831049, "validation_CYP2C9_st_rae": 0.8909413322776997, "validation_CYP2D6_st_rae": 1.0180880461678667, "validation_CYP3A4_st_rae": 0.6791245520921689, "mean_raw_gradient_norm": 6.010753870010376, "fraction_gradients_clipped": 1.0}
{"epoch": 4, "train_rmse": 1.0390423137111993, "validation_rmse": 0.86556476354599, "validation_ma_st_rae": 0.8593065156054769, "validation_CYP1A2_st_rae": 0.857998440160632, "validation_CYP2C9_st_rae": 0.8879147409368605, "validation_CYP2D6_st_rae": 1.0114430062934032, "validation_CYP3A4_st_rae": 0.6798698750310121, "mean_raw_gradient_norm": 6.320246963500977, "fraction_gradients_clipped": 1.0}
{"epoch": 5, "train_rmse": 1.0302253690281848, "validation_rmse": 0.8658353090286255, "validation_ma_st_rae": 0.8566646794211452, "validation_CYP1A2_st_rae": 0.8591967020314133, "validation_CYP2C9_st_rae": 0.8807540724045878, "validation_CYP2D6_st_rae": 1.0059242859384403, "validation_CYP3A4_st_rae": 0.6807836573101397, "mean_raw_gradient_norm": 6.0350196838378904, "fraction_gradients_clipped": 1.0}
{
  "seed": 4211,
  "selection_metric": "validation_ma_st_rae",
  "best_validation_ma_st_rae": 0.8595178448902613,
  "best_validation_rmse": 0.8665617108345032,
  "restored_fit_rmse": 0.814967930316925,
  "restored_validation_rmse": 0.8665741682052612,
  "restored_fit_ma_st_rae": 0.8055403246415436,
  "restored_validation_ma_st_rae": 0.8636064003488122,
  "restored_validation_point_ma_st_rae": 0.8594857723143977,
  "restored_validation_point_st_rae_by_cyp": {
    "CYP1A2": 0.8542362009390503,
    "CYP2C9": 0.876877890794421,
    "CYP2D6": 1.0313752515873746,
    "CYP3A4": 0.6754537459367449
  },
  "restored_fit_st_rae_by_cyp": {
    "CYP1A2": 0.8550409014338445,
    "CYP2C9": 0.7014035055249845,
    "CYP2D6": 0.9759443444002666,
    "CYP3A4": 0.6897725472070784
  },
  "restored_validation_st_rae_by_cyp": {
    "CYP1A2": 0.8590291057059173,
    "CYP2C9": 0.8840692706257872,
    "CYP2D6": 1.0349488630688612,
    "CYP3A4": 0.6763783619946826
  },
  "validation_bootstrap_metrics": {
    "n_bootstrap_samples": 1000,
    "seed": 0,
    "macro": {
      "st_rae": {
        "mean": 0.8636064003488122,
        "ci_low": 0.80068052778905,
        "ci_high": 0.9276942578707974
      },
      "mae": {
        "mean": 0.6379439382323203,
        "ci_low": 0.6056551287576358,
        "ci_high": 0.6738829412859136
      },
      "r2": {
        "mean": 0.1952632841036074,
        "ci_low": 0.13295533246078087,
        "ci_high": 0.25475601537916026
      },
      "spearman_rho": {
        "mean": 0.47581456698033064,
        "ci_low": 0.42446294458860456,
        "ci_high": 0.5279530299340413
      },
      "kendall_tau": {
        "mean": 0.33558210036818936,
        "ci_low": 0.2975003534948854,
        "ci_high": 0.3724765156870452
      }
    },
    "per_endpoint": {
      "CYP1A2": {
        "st_rae": {
          "mean": 0.8590291057059173,
          "ci_low": 0.7436880305132297,
          "ci_high": 0.9961917094163688
        },
        "mae": {
          "mean": 0.7080952868196699,
          "ci_low": 0.6360674420197805,
          "ci_high": 0.7856604817708333
        },
        "r2": {
          "mean": 0.21273645230634733,
          "ci_low": 0.11368549027118273,
          "ci_high": 0.3063337619561798
        },
        "spearman_rho": {
          "mean": 0.4793590336587386,
          "ci_low": 0.37801370298991493,
          "ci_high": 0.5732153591755771
        },
        "kendall_tau": {
          "mean": 0.3324776603461751,
          "ci_low": 0.2596494908159047,
          "ci_high": 0.4034395894621999
        }
      },
      "CYP2C9": {
        "st_rae": {
          "mean": 0.8840692706257872,
          "ci_low": 0.7351805370480241,
          "ci_high": 1.076234238568835
        },
        "mae": {
          "mean": 0.4786890062402796,
          "ci_low": 0.42524836438673513,
          "ci_high": 0.5305577247231095
        },
        "r2": {
          "mean": 0.21158849179041142,
          "ci_low": 0.027924347324822185,
          "ci_high": 0.3526613899791513
        },
        "spearman_rho": {
          "mean": 0.4723445874940228,
          "ci_low": 0.340760017664467,
          "ci_high": 0.5899300299315251
        },
        "kendall_tau": {
          "mean": 0.3366356822631695,
          "ci_low": 0.23986529445787175,
          "ci_high": 0.4296796429491074
        }
      },
      "CYP2D6": {
        "st_rae": {
          "mean": 1.0349488630688612,
          "ci_low": 0.9264224070195519,
          "ci_high": 1.1570898650108403
        },
        "mae": {
          "mean": 0.6661210730530447,
          "ci_low": 0.5853145300079201,
          "ci_high": 0.7538413858009597
        },
        "r2": {
          "mean": 0.0007986056092459374,
          "ci_low": -0.10815894328640858,
          "ci_high": 0.09950980680765703
        },
        "spearman_rho": {
          "mean": 0.2988076778018341,
          "ci_low": 0.16883064757633356,
          "ci_high": 0.41013317394027854
        },
        "kendall_tau": {
          "mean": 0.20407165926649976,
          "ci_low": 0.11630891309136877,
          "ci_high": 0.2800960629072855
        }
      },
      "CYP3A4": {
        "st_rae": {
          "mean": 0.6763783619946826,
          "ci_low": 0.601253758146253,
          "ci_high": 0.7629746287418768
        },
        "mae": {
          "mean": 0.6988703868162869,
          "ci_low": 0.642083397862256,
          "ci_high": 0.7604017069336375
        },
        "r2": {
          "mean": 0.35592958670842506,
          "ci_low": 0.2372070954894002,
          "ci_high": 0.4498026197647174
        },
        "spearman_rho": {
          "mean": 0.6527469689667272,
          "ci_low": 0.5830325806313489,
          "ci_high": 0.7127927506186038
        },
        "kendall_tau": {
          "mean": 0.4691433995969129,
          "ci_low": 0.4143947831420593,
          "ci_high": 0.5210992318110819
        }
      }
    }
  },
  "epochs_run": 5,
  "fit_observations": 4213,
  "validation_observations": 1003,
  "rule": "kuramoto_sakaguchi",
  "generations": 32,
  "hidden_channels": 16,
  "atom_feature_profile": "periodic",
  "atom_feature_count": 33,
  "atom_feature_names": [
    "element_H",
    "element_C",
    "element_N",
    "element_O",
    "element_F",
    "element_P",
    "element_S",
    "element_Cl",
    "element_Br",
    "element_I",
    "element_other",
    "formal_charge",
    "aromatic",
    "hybrid_sp",
    "hybrid_sp2",
    "hybrid_sp3",
    "hybrid_other",
    "degree",
    "total_hydrogens",
    "in_ring",
    "hbond_donor",
    "hbond_acceptor",
    "chiral_cw",
    "chiral_ccw",
    "chiral_other",
    "atomic_number",
    "atomic_mass",
    "covalent_radius",
    "vdw_radius",
    "outer_electrons",
    "period",
    "periodic_group",
    "atomic_volume"
  ],
  "device": "cuda",
  "gpu": "NVIDIA GeForce RTX 5070 Ti",
  "training_seconds": 26.30966999998782,
  "peak_gpu_memory_bytes": 237291008,
  "runtime": {
    "operating_system": "Windows-10-10.0.26200-SP0",
    "machine": "AMD64",
    "python": "3.11.16",
    "python_executable": "C:\\Users\\Anthony\\anaconda3\\envs\\strange-matter-gpu\\python.exe",
    "pytorch": "2.11.0+cu128",
    "pytorch_cuda": "12.8",
    "device": "cuda",
    "gpu": "NVIDIA GeForce RTX 5070 Ti"
  },
  "validation_protocol": {
    "kind": "scaffold_cross_validation",
    "fold": 3,
    "folds": 5
  },
  "readout": "differentiable_closed_form_ridge",
  "hyperparameters": {
    "ca_lr": 0.001,
    "ridge": 0.1,
    "ca_l2": 1e-06,
    "gradient_clip": 2.0,
    "update_scale": 0.08,
    "init_scale": 0.5,
    "initial_noise": 0.005,
    "support_fraction": 0.85,
    "bond_temperature": 1.0,
    "dyn_a": 0.5,
    "dyn_b": 0.2,
    "dyn_c": 0.5,
    "dyn_d": 0.05,
    "lr_schedule": "cosine_0.1x"
  }
}
