{"operating_system": "Windows-10-10.0.26200-SP0", "machine": "AMD64", "python": "3.11.16", "python_executable": "C:\\Users\\Anthony\\anaconda3\\envs\\strange-matter-gpu\\python.exe", "pytorch": "2.11.0+cu128", "pytorch_cuda": "12.8", "device": "cuda", "gpu": "NVIDIA GeForce RTX 5070 Ti"}
{"epoch": 1, "train_rmse": 1.0075597103191671, "validation_rmse": 0.8748858571052551, "validation_ma_st_rae": 0.8785153290967985, "validation_CYP1A2_st_rae": 0.9434683483444968, "validation_CYP2C9_st_rae": 0.7640203839367214, "validation_CYP2D6_st_rae": 1.0863114702847896, "validation_CYP3A4_st_rae": 0.7202611138211866, "mean_raw_gradient_norm": 4.853656015396118, "fraction_gradients_clipped": 1.0}
{"epoch": 2, "train_rmse": 1.0338245402929576, "validation_rmse": 0.87431401014328, "validation_ma_st_rae": 0.876879049234258, "validation_CYP1A2_st_rae": 0.9434187271199072, "validation_CYP2C9_st_rae": 0.7602203908094206, "validation_CYP2D6_st_rae": 1.086767617084912, "validation_CYP3A4_st_rae": 0.7171094619227922, "mean_raw_gradient_norm": 5.442424087524414, "fraction_gradients_clipped": 1.0}
{"epoch": 3, "train_rmse": 1.004288484196005, "validation_rmse": 0.8739637732505798, "validation_ma_st_rae": 0.8762958261957292, "validation_CYP1A2_st_rae": 0.9417606355623114, "validation_CYP2C9_st_rae": 0.756533643395063, "validation_CYP2D6_st_rae": 1.0901948645320758, "validation_CYP3A4_st_rae": 0.7166941612934672, "mean_raw_gradient_norm": 4.75699291229248, "fraction_gradients_clipped": 1.0}
{"epoch": 4, "train_rmse": 0.9720596200834746, "validation_rmse": 0.873830258846283, "validation_ma_st_rae": 0.8758682126885968, "validation_CYP1A2_st_rae": 0.9404081523650871, "validation_CYP2C9_st_rae": 0.7495861971983048, "validation_CYP2D6_st_rae": 1.0964209122276027, "validation_CYP3A4_st_rae": 0.7170575889633921, "mean_raw_gradient_norm": 4.733997945785522, "fraction_gradients_clipped": 1.0}
{
  "seed": 4211,
  "selection_metric": "validation_ma_st_rae",
  "best_validation_ma_st_rae": 0.8785153290967985,
  "best_validation_rmse": 0.8748858571052551,
  "restored_fit_rmse": 0.8468745350837708,
  "restored_validation_rmse": 0.8748857975006104,
  "restored_fit_ma_st_rae": 0.851034938949575,
  "restored_validation_ma_st_rae": 0.8811173218762679,
  "restored_validation_point_ma_st_rae": 0.8785192134736466,
  "restored_validation_point_st_rae_by_cyp": {
    "CYP1A2": 0.9434711324851416,
    "CYP2C9": 0.7640173111345944,
    "CYP2D6": 1.0863333749014643,
    "CYP3A4": 0.720255035373386
  },
  "restored_fit_st_rae_by_cyp": {
    "CYP1A2": 0.8700568931778301,
    "CYP2C9": 0.7819033195195813,
    "CYP2D6": 1.0369485060945536,
    "CYP3A4": 0.715231037006335
  },
  "restored_validation_st_rae_by_cyp": {
    "CYP1A2": 0.947932275921784,
    "CYP2C9": 0.7668115118571385,
    "CYP2D6": 1.0878155476819271,
    "CYP3A4": 0.7219099520442218
  },
  "validation_bootstrap_metrics": {
    "n_bootstrap_samples": 1000,
    "seed": 0,
    "macro": {
      "st_rae": {
        "mean": 0.8811173218762679,
        "ci_low": 0.8285224447391886,
        "ci_high": 0.9347071652574073
      },
      "mae": {
        "mean": 0.6491838541462487,
        "ci_low": 0.6149240390433577,
        "ci_high": 0.6858149432809443
      },
      "r2": {
        "mean": 0.14028580329648946,
        "ci_low": 0.08641429035739244,
        "ci_high": 0.19353922369933083
      },
      "spearman_rho": {
        "mean": 0.3957406563060857,
        "ci_low": 0.33928888692986836,
        "ci_high": 0.45183677148573814
      },
      "kendall_tau": {
        "mean": 0.2764384091391034,
        "ci_low": 0.234469209634835,
        "ci_high": 0.3171340391872497
      }
    },
    "per_endpoint": {
      "CYP1A2": {
        "st_rae": {
          "mean": 0.947932275921784,
          "ci_low": 0.8451450136026281,
          "ci_high": 1.0646458948116453
        },
        "mae": {
          "mean": 0.7221024262245312,
          "ci_low": 0.641607008243716,
          "ci_high": 0.8105335770374121
        },
        "r2": {
          "mean": 0.08536761064028696,
          "ci_low": -0.03882771262962768,
          "ci_high": 0.2000105741293804
        },
        "spearman_rho": {
          "mean": 0.3878054221355966,
          "ci_low": 0.271859210740113,
          "ci_high": 0.5030368835016741
        },
        "kendall_tau": {
          "mean": 0.26307771513020634,
          "ci_low": 0.18112739762791244,
          "ci_high": 0.3455115792731623
        }
      },
      "CYP2C9": {
        "st_rae": {
          "mean": 0.7668115118571385,
          "ci_low": 0.6524690202660648,
          "ci_high": 0.891516894541372
        },
        "mae": {
          "mean": 0.5229766026281464,
          "ci_low": 0.46254292508672334,
          "ci_high": 0.5888763862212901
        },
        "r2": {
          "mean": 0.1956001217850113,
          "ci_low": 0.05640617339723385,
          "ci_high": 0.3146955923853622
        },
        "spearman_rho": {
          "mean": 0.4982375676883455,
          "ci_low": 0.3777605092211161,
          "ci_high": 0.600503364681295
        },
        "kendall_tau": {
          "mean": 0.34773851394484223,
          "ci_low": 0.2633162189457142,
          "ci_high": 0.4255498068576523
        }
      },
      "CYP2D6": {
        "st_rae": {
          "mean": 1.0878155476819271,
          "ci_low": 0.9875418032760395,
          "ci_high": 1.1939002837705788
        },
        "mae": {
          "mean": 0.6157435452792955,
          "ci_low": 0.5436588371577471,
          "ci_high": 0.691342350607333
        },
        "r2": {
          "mean": -0.024915629265307267,
          "ci_low": -0.13401104488694618,
          "ci_high": 0.08130200607485027
        },
        "spearman_rho": {
          "mean": 0.12697397212204325,
          "ci_low": -0.0044120314418867245,
          "ci_high": 0.24828524650045225
        },
        "kendall_tau": {
          "mean": 0.08882140713123172,
          "ci_low": 0.0004127756706314671,
          "ci_high": 0.17219473996913687
        }
      },
      "CYP3A4": {
        "st_rae": {
          "mean": 0.7219099520442218,
          "ci_low": 0.645687005044136,
          "ci_high": 0.8008767235230956
        },
        "mae": {
          "mean": 0.7359128424530215,
          "ci_low": 0.6838317906427251,
          "ci_high": 0.7921736307916879
        },
        "r2": {
          "mean": 0.30509111002596695,
          "ci_low": 0.2313787862524408,
          "ci_high": 0.3733765253220135
        },
        "spearman_rho": {
          "mean": 0.5699456632783574,
          "ci_low": 0.4823439184723565,
          "ci_high": 0.6402903133052512
        },
        "kendall_tau": {
          "mean": 0.40611600035013334,
          "ci_low": 0.34039949359069854,
          "ci_high": 0.463999973767051
        }
      }
    }
  },
  "epochs_run": 4,
  "fit_observations": 4213,
  "validation_observations": 1003,
  "rule": "kuramoto_sakaguchi",
  "generations": 32,
  "hidden_channels": 16,
  "atom_feature_profile": "electronic_local",
  "atom_feature_count": 37,
  "atom_feature_names": [
    "element_H",
    "element_C",
    "element_N",
    "element_O",
    "element_F",
    "element_P",
    "element_S",
    "element_Cl",
    "element_Br",
    "element_I",
    "element_other",
    "formal_charge",
    "aromatic",
    "hybrid_sp",
    "hybrid_sp2",
    "hybrid_sp3",
    "hybrid_other",
    "degree",
    "total_hydrogens",
    "in_ring",
    "hbond_donor",
    "hbond_acceptor",
    "chiral_cw",
    "chiral_ccw",
    "chiral_other",
    "electronegativity",
    "polarizability",
    "heteroatom",
    "halogen",
    "conjugated_bond_fraction",
    "first_ionization_energy",
    "electron_affinity",
    "electronic_property_missing",
    "mean_neighbour_electronegativity",
    "electronegativity_difference",
    "mean_neighbour_atomic_number",
    "neighbour_formal_charge"
  ],
  "device": "cuda",
  "gpu": "NVIDIA GeForce RTX 5070 Ti",
  "training_seconds": 22.588821799959987,
  "peak_gpu_memory_bytes": 235160064,
  "runtime": {
    "operating_system": "Windows-10-10.0.26200-SP0",
    "machine": "AMD64",
    "python": "3.11.16",
    "python_executable": "C:\\Users\\Anthony\\anaconda3\\envs\\strange-matter-gpu\\python.exe",
    "pytorch": "2.11.0+cu128",
    "pytorch_cuda": "12.8",
    "device": "cuda",
    "gpu": "NVIDIA GeForce RTX 5070 Ti"
  },
  "validation_protocol": {
    "kind": "scaffold_cross_validation",
    "fold": 1,
    "folds": 5
  },
  "readout": "differentiable_closed_form_ridge",
  "hyperparameters": {
    "ca_lr": 0.0003,
    "ridge": 1.0,
    "ca_l2": 1e-05,
    "gradient_clip": 0.5,
    "update_scale": 0.08,
    "init_scale": 0.5,
    "initial_noise": 0.0,
    "support_fraction": 0.75,
    "bond_temperature": 0.5,
    "dyn_a": 0.8,
    "dyn_b": 0.5,
    "dyn_c": 0.5,
    "dyn_d": 0.05,
    "lr_schedule": "cosine_0.1x"
  }
}
