{"operating_system": "Windows-10-10.0.26200-SP0", "machine": "AMD64", "python": "3.11.16", "python_executable": "C:\\Users\\Anthony\\anaconda3\\envs\\strange-matter-gpu\\python.exe", "pytorch": "2.11.0+cu128", "pytorch_cuda": "12.8", "device": "cuda", "gpu": "NVIDIA GeForce RTX 5070 Ti"}
{"epoch": 1, "train_rmse": 1.24619055006013, "validation_rmse": 0.9010502099990845, "validation_ma_st_rae": 0.9185864499448773, "validation_CYP1A2_st_rae": 0.859195865545608, "validation_CYP2C9_st_rae": 1.01083796821273, "validation_CYP2D6_st_rae": 1.0946021448836938, "validation_CYP3A4_st_rae": 0.7097098211374773, "mean_raw_gradient_norm": 10.34119381904602, "fraction_gradients_clipped": 1.0}
{"epoch": 2, "train_rmse": 1.1570015493474606, "validation_rmse": 0.8931782245635986, "validation_ma_st_rae": 0.903314550912309, "validation_CYP1A2_st_rae": 0.8356006520985235, "validation_CYP2C9_st_rae": 0.9967735637603867, "validation_CYP2D6_st_rae": 1.0787945033219881, "validation_CYP3A4_st_rae": 0.7020894844683373, "mean_raw_gradient_norm": 7.145829801559448, "fraction_gradients_clipped": 1.0}
{"epoch": 3, "train_rmse": 1.1815043703271564, "validation_rmse": 0.8881356120109558, "validation_ma_st_rae": 0.9020752461398781, "validation_CYP1A2_st_rae": 0.8189706708763359, "validation_CYP2C9_st_rae": 1.00544007630588, "validation_CYP2D6_st_rae": 1.0779515784875202, "validation_CYP3A4_st_rae": 0.7059386588897761, "mean_raw_gradient_norm": 6.915932674407959, "fraction_gradients_clipped": 1.0}
{"epoch": 4, "train_rmse": 1.16225664742091, "validation_rmse": 0.879317045211792, "validation_ma_st_rae": 0.8985964595597208, "validation_CYP1A2_st_rae": 0.8231005589180179, "validation_CYP2C9_st_rae": 1.001837587516182, "validation_CYP2D6_st_rae": 1.06786005276493, "validation_CYP3A4_st_rae": 0.701587639039753, "mean_raw_gradient_norm": 6.475917882919312, "fraction_gradients_clipped": 1.0}
{"epoch": 5, "train_rmse": 1.1133110786094862, "validation_rmse": 0.8887013792991638, "validation_ma_st_rae": 0.9136199528936028, "validation_CYP1A2_st_rae": 0.8359654050282278, "validation_CYP2C9_st_rae": 1.028396765931845, "validation_CYP2D6_st_rae": 1.0907097868221514, "validation_CYP3A4_st_rae": 0.699407853792187, "mean_raw_gradient_norm": 6.301590881347656, "fraction_gradients_clipped": 1.0}
{"epoch": 6, "train_rmse": 1.1476249006812462, "validation_rmse": 0.8939753174781799, "validation_ma_st_rae": 0.9211417591473764, "validation_CYP1A2_st_rae": 0.8440163660793788, "validation_CYP2C9_st_rae": 1.0428637486444565, "validation_CYP2D6_st_rae": 1.0961383412930878, "validation_CYP3A4_st_rae": 0.7015485805725822, "mean_raw_gradient_norm": 7.486542901992798, "fraction_gradients_clipped": 1.0}
{"epoch": 7, "train_rmse": 1.1493211377373156, "validation_rmse": 0.8908270597457886, "validation_ma_st_rae": 0.9208901920895657, "validation_CYP1A2_st_rae": 0.8412114682162779, "validation_CYP2C9_st_rae": 1.039752111589117, "validation_CYP2D6_st_rae": 1.0997567601886924, "validation_CYP3A4_st_rae": 0.7028404283641753, "mean_raw_gradient_norm": 6.28041298866272, "fraction_gradients_clipped": 1.0}
{
  "seed": 2909,
  "selection_metric": "validation_ma_st_rae",
  "best_validation_ma_st_rae": 0.8985964595597208,
  "best_validation_rmse": 0.879317045211792,
  "restored_fit_rmse": 0.8181642889976501,
  "restored_validation_rmse": 0.8792959451675415,
  "restored_fit_ma_st_rae": 0.8284590866563332,
  "restored_validation_ma_st_rae": 0.9031247189913925,
  "restored_validation_point_ma_st_rae": 0.8985782570241655,
  "restored_validation_point_st_rae_by_cyp": {
    "CYP1A2": 0.8230907883726815,
    "CYP2C9": 1.001819325640461,
    "CYP2D6": 1.0678187945172217,
    "CYP3A4": 0.7015841195662978
  },
  "restored_fit_st_rae_by_cyp": {
    "CYP1A2": 0.8829929286464521,
    "CYP2C9": 0.7697165808909641,
    "CYP2D6": 0.9622888851816909,
    "CYP3A4": 0.6988379519062257
  },
  "restored_validation_st_rae_by_cyp": {
    "CYP1A2": 0.8292950480195377,
    "CYP2C9": 1.006830076620168,
    "CYP2D6": 1.0717084554655594,
    "CYP3A4": 0.7046652958603045
  },
  "validation_bootstrap_metrics": {
    "n_bootstrap_samples": 1000,
    "seed": 0,
    "macro": {
      "st_rae": {
        "mean": 0.9031247189913925,
        "ci_low": 0.839498559595874,
        "ci_high": 0.9727469792772706
      },
      "mae": {
        "mean": 0.648783052642509,
        "ci_low": 0.6148325296915047,
        "ci_high": 0.6838893866054735
      },
      "r2": {
        "mean": 0.14441297102522932,
        "ci_low": 0.0675279322016616,
        "ci_high": 0.212207672208965
      },
      "spearman_rho": {
        "mean": 0.4419178338069469,
        "ci_low": 0.38782780738893796,
        "ci_high": 0.49294932162850813
      },
      "kendall_tau": {
        "mean": 0.31104972455939844,
        "ci_low": 0.2711817836932103,
        "ci_high": 0.3484775217419522
      }
    },
    "per_endpoint": {
      "CYP1A2": {
        "st_rae": {
          "mean": 0.8292950480195377,
          "ci_low": 0.7239180807266308,
          "ci_high": 0.9427101715362776
        },
        "mae": {
          "mean": 0.6951249908690983,
          "ci_low": 0.6201537886725531,
          "ci_high": 0.7755942209561666
        },
        "r2": {
          "mean": 0.2292106259832995,
          "ci_low": 0.14568434031385233,
          "ci_high": 0.3096350600588151
        },
        "spearman_rho": {
          "mean": 0.48938261097933344,
          "ci_low": 0.3834014593393951,
          "ci_high": 0.584566303894843
        },
        "kendall_tau": {
          "mean": 0.3403767481475505,
          "ci_low": 0.26169138125855823,
          "ci_high": 0.41579281776001165
        }
      },
      "CYP2C9": {
        "st_rae": {
          "mean": 1.006830076620168,
          "ci_low": 0.8245390084992053,
          "ci_high": 1.2119141282836756
        },
        "mae": {
          "mean": 0.5174725480924839,
          "ci_low": 0.46023565136566363,
          "ci_high": 0.5787174355100702
        },
        "r2": {
          "mean": 0.05678131969409825,
          "ci_low": -0.1898006866454288,
          "ci_high": 0.26236986725842165
        },
        "spearman_rho": {
          "mean": 0.3904949925060875,
          "ci_low": 0.26286773102378347,
          "ci_high": 0.5210984768575493
        },
        "kendall_tau": {
          "mean": 0.27512667909051275,
          "ci_low": 0.18415429206664527,
          "ci_high": 0.36846319533700495
        }
      },
      "CYP2D6": {
        "st_rae": {
          "mean": 1.0717084554655594,
          "ci_low": 0.9580331110870428,
          "ci_high": 1.2044934201815498
        },
        "mae": {
          "mean": 0.6761661588175824,
          "ci_low": 0.591912966966629,
          "ci_high": 0.7602414026856422
        },
        "r2": {
          "mean": -0.0652895180799929,
          "ci_low": -0.20213157744908994,
          "ci_high": 0.05357610465300269
        },
        "spearman_rho": {
          "mean": 0.24916634979753763,
          "ci_low": 0.12765662991695115,
          "ci_high": 0.372589500144301
        },
        "kendall_tau": {
          "mean": 0.17344542771510682,
          "ci_low": 0.08932751902580334,
          "ci_high": 0.26027329603433796
        }
      },
      "CYP3A4": {
        "st_rae": {
          "mean": 0.7046652958603045,
          "ci_low": 0.6212274474884169,
          "ci_high": 0.7918064510770122
        },
        "mae": {
          "mean": 0.7063685127908716,
          "ci_low": 0.6498503593479946,
          "ci_high": 0.7644848165194643
        },
        "r2": {
          "mean": 0.35694945650351245,
          "ci_low": 0.24122699183942925,
          "ci_high": 0.4440829173324003
        },
        "spearman_rho": {
          "mean": 0.638627381944829,
          "ci_low": 0.5686887710668254,
          "ci_high": 0.6993183951482272
        },
        "kendall_tau": {
          "mean": 0.45525004328442387,
          "ci_low": 0.4009019498607881,
          "ci_high": 0.5053217040170926
        }
      }
    }
  },
  "epochs_run": 7,
  "fit_observations": 4213,
  "validation_observations": 1003,
  "rule": "inertial_reaction_diffusion",
  "generations": 64,
  "hidden_channels": 16,
  "atom_feature_profile": "local_environment",
  "atom_feature_count": 29,
  "atom_feature_names": [
    "element_H",
    "element_C",
    "element_N",
    "element_O",
    "element_F",
    "element_P",
    "element_S",
    "element_Cl",
    "element_Br",
    "element_I",
    "element_other",
    "formal_charge",
    "aromatic",
    "hybrid_sp",
    "hybrid_sp2",
    "hybrid_sp3",
    "hybrid_other",
    "degree",
    "total_hydrogens",
    "in_ring",
    "hbond_donor",
    "hbond_acceptor",
    "chiral_cw",
    "chiral_ccw",
    "chiral_other",
    "mean_neighbour_electronegativity",
    "electronegativity_difference",
    "mean_neighbour_atomic_number",
    "neighbour_formal_charge"
  ],
  "device": "cuda",
  "gpu": "NVIDIA GeForce RTX 5070 Ti",
  "training_seconds": 103.34536409995053,
  "peak_gpu_memory_bytes": 354581504,
  "runtime": {
    "operating_system": "Windows-10-10.0.26200-SP0",
    "machine": "AMD64",
    "python": "3.11.16",
    "python_executable": "C:\\Users\\Anthony\\anaconda3\\envs\\strange-matter-gpu\\python.exe",
    "pytorch": "2.11.0+cu128",
    "pytorch_cuda": "12.8",
    "device": "cuda",
    "gpu": "NVIDIA GeForce RTX 5070 Ti"
  },
  "validation_protocol": {
    "kind": "scaffold_cross_validation",
    "fold": 3,
    "folds": 5
  },
  "readout": "differentiable_closed_form_ridge",
  "hyperparameters": {
    "ca_lr": 0.003,
    "ridge": 0.1,
    "ca_l2": 1e-05,
    "gradient_clip": 1.0,
    "update_scale": 0.15,
    "init_scale": 0.5,
    "initial_noise": 0.01,
    "support_fraction": 0.6,
    "bond_temperature": 0.5,
    "dyn_a": 0.2,
    "dyn_b": 0.8,
    "dyn_c": 0.5,
    "dyn_d": 0.05,
    "lr_schedule": "cosine_0.1x"
  }
}
