{"device": "cuda", "gpu": "NVIDIA GeForce RTX 5070 Ti", "pytorch": "2.11.0+cu128", "pytorch_cuda": "12.8"}
{"epoch": 1, "train_rmse": 1.3467046295541971, "validation_rmse": 0.932652473449707, "mean_raw_gradient_norm": 30.483039763665968, "fraction_gradients_clipped": 1.0}
{"epoch": 2, "train_rmse": 1.316781629374955, "validation_rmse": 0.9294162392616272, "mean_raw_gradient_norm": 29.03898274513983, "fraction_gradients_clipped": 1.0}
{"epoch": 3, "train_rmse": 1.2643134297859668, "validation_rmse": 0.928152322769165, "mean_raw_gradient_norm": 34.531704810357866, "fraction_gradients_clipped": 1.0}
{"epoch": 4, "train_rmse": 1.2211306662310304, "validation_rmse": 0.9258244633674622, "mean_raw_gradient_norm": 24.10752777130373, "fraction_gradients_clipped": 1.0}
{"epoch": 5, "train_rmse": 1.3845976814571999, "validation_rmse": 0.9263723492622375, "mean_raw_gradient_norm": 33.90387858113935, "fraction_gradients_clipped": 1.0}
{"epoch": 6, "train_rmse": 1.2517564899908595, "validation_rmse": 0.9242284297943115, "mean_raw_gradient_norm": 28.628080752588087, "fraction_gradients_clipped": 1.0}
{"epoch": 7, "train_rmse": 1.355836370448186, "validation_rmse": 0.9243016839027405, "mean_raw_gradient_norm": 28.21915723431495, "fraction_gradients_clipped": 1.0}
{"epoch": 8, "train_rmse": 1.339474473989668, "validation_rmse": 0.9236957430839539, "mean_raw_gradient_norm": 36.427682492040816, "fraction_gradients_clipped": 1.0}
{
  "seed": 2909,
  "best_validation_rmse": 0.9258244633674622,
  "restored_fit_rmse": 0.8703219890594482,
  "restored_validation_rmse": 0.925822377204895,
  "epochs_run": 8,
  "fit_observations": 5216,
  "validation_observations": 1309,
  "rule": "damped_symplectic",
  "generations": 32,
  "hidden_channels": 8,
  "device": "cuda",
  "gpu": "NVIDIA GeForce RTX 5070 Ti",
  "training_seconds": 65.48184100002982,
  "peak_gpu_memory_bytes": 60185600,
  "readout": "differentiable_closed_form_ridge",
  "hyperparameters": {
    "ca_lr": 0.0003,
    "ridge": 0.01,
    "ca_l2": 1e-05,
    "gradient_clip": 1.0,
    "update_scale": 0.08,
    "init_scale": 1.0,
    "initial_noise": 0.0,
    "support_fraction": 0.85,
    "bond_temperature": 2.0,
    "dyn_a": 0.2,
    "dyn_b": 0.5,
    "dyn_c": 0.2,
    "dyn_d": 0.3,
    "lr_schedule": "cosine_0.1x"
  }
}
