{"operating_system": "Windows-10-10.0.26200-SP0", "machine": "AMD64", "python": "3.11.16", "python_executable": "C:\\Users\\Anthony\\anaconda3\\envs\\strange-matter-gpu\\python.exe", "pytorch": "2.11.0+cu128", "pytorch_cuda": "12.8", "device": "cuda", "gpu": "NVIDIA GeForce RTX 5070 Ti"}
{"epoch": 1, "train_rmse": 1.3363176142318682, "validation_rmse": 0.7893598079681396, "validation_ma_st_rae": 0.852779388245719, "validation_CYP1A2_st_rae": 0.8684835485544886, "validation_CYP2C9_st_rae": 0.8146923949778277, "validation_CYP2D6_st_rae": 1.029390418840995, "validation_CYP3A4_st_rae": 0.6985511906095642, "mean_raw_gradient_norm": 14.090943989753724, "fraction_gradients_clipped": 1.0}
{"epoch": 2, "train_rmse": 1.2157213705826764, "validation_rmse": 0.7741671204566956, "validation_ma_st_rae": 0.8337723273911205, "validation_CYP1A2_st_rae": 0.8575004911577265, "validation_CYP2C9_st_rae": 0.7829123913805437, "validation_CYP2D6_st_rae": 1.0050081852382473, "validation_CYP3A4_st_rae": 0.6896682417879644, "mean_raw_gradient_norm": 7.086094360351563, "fraction_gradients_clipped": 1.0}{"{"epoch": 3, "train_rmse": 1.185957451467494, "validation_rmse": 0.768998920917511, "validation_ma_st_rae": 0.8261672117225944, "validation_CYP1A2_st_rae": 0.8967845865113069, "validation_CYP2C9_st_rae": 0.7454655830796162, "validation_CYP2D6_st_rae": 0.9880823214254423, "validation_CYP3A4_st_rae": 0.6743363558740122, "mean_raw_gradient_norm": 8.395709018707276, "fraction_gradients_clipped": 1.0}
{"epoch": 4, "train_rmse": 1.2053626360105616, "validation_rmse": 0.7632330060005188, "validation_ma_st_rae": 0.810792611905068, "validation_CYP1A2_st_rae": 0.8832333380522346, "validation_CYP2C9_st_rae": 0.7223184919203466, "validation_CYP2D6_st_rae": 0.9591598035001029, "validation_CYP3A4_st_rae": 0.6784588141475879, "mean_raw_gradient_norm": 8.23041054725647, "fraction_gradients_clipped": 1.0}
{"epoch": 5, "train_rmse": 1.127090704759922, "validation_rmse": 0.7632380127906799, "validation_ma_st_rae": 0.8111292079485961, "validation_CYP1A2_st_rae": 0.8892639707054429, "validation_CYP2C9_st_rae": 0.7239185994484759, "validation_CYP2D6_st_rae": 0.953288340842217, "validation_CYP3A4_st_rae": 0.6780459207982483, "mean_raw_gradient_norm": 5.659510054588318, "fraction_gradients_clipped": 1.0}
{"epoch": 6, "train_rmse": 1.131585539635478, "validation_rmse": 0.7642173767089844, "validation_ma_st_rae": 0.8120798946232817, "validation_CYP1A2_st_rae": 0.8796343271356765, "validation_CYP2C9_st_rae": 0.7327687246332477, "validation_CYP2D6_st_rae": 0.950190341498331, "validation_CYP3A4_st_rae": 0.6857261852258714, "mean_raw_gradient_norm": 5.519254009723664, "fraction_gradients_clipped": 1.0}
{"epoch": 7, "train_rmse": 1.1140632476744328, "validation_rmse": 0.7641132473945618, "validation_ma_st_rae": 0.8110874034413016, "validation_CYP1A2_st_rae": 0.8818024946308363, "validation_CYP2C9_st_rae": 0.7237828159046423, "validation_CYP2D6_st_rae": 0.9535376151893654, "validation_CYP3A4_st_rae": 0.6852266880403621, "mean_raw_gradient_norm": 4.805085597038269, "fraction_gradients_clipped": 1.0}
{
  "seed": 4211,
  "selection_metric": "validation_ma_st_rae",
  "best_validation_ma_st_rae": 0.810792611905068,
  "best_validation_rmse": 0.7632330060005188,
  "restored_fit_rmse": 0.8388172388076782,
  "restored_validation_rmse": 0.7632342576980591,
  "restored_fit_ma_st_rae": 0.8222492782656781,
  "restored_validation_ma_st_rae": 0.8134885737790628,
  "restored_validation_point_ma_st_rae": 0.8107966755386596,
  "restored_validation_point_st_rae_by_cyp": {
    "CYP1A2": 0.8832326468662274,
    "CYP2C9": 0.722327948618654,
    "CYP2D6": 0.9591694893957535,
    "CYP3A4": 0.6784566172740036
  },
  "restored_fit_st_rae_by_cyp": {
    "CYP1A2": 0.880544146354671,
    "CYP2C9": 0.7181007998145769,
    "CYP2D6": 1.0060958468270604,
    "CYP3A4": 0.6842563200664042
  },
  "restored_validation_st_rae_by_cyp": {
    "CYP1A2": 0.8858633598498605,
    "CYP2C9": 0.723383555544458,
    "CYP2D6": 0.9633254838396805,
    "CYP3A4": 0.6813818958822523
  },
  "validation_bootstrap_metrics": {
    "n_bootstrap_samples": 1000,
    "seed": 0,
    "macro": {
      "st_rae": {
        "mean": 0.8134885737790628,
        "ci_low": 0.760053954989855,
        "ci_high": 0.8689203016396234
      },
      "mae": {
        "mean": 0.5638351984230151,
        "ci_low": 0.5343045919037617,
        "ci_high": 0.5930750695871694
      },
      "r2": {
        "mean": 0.25378319838238866,
        "ci_low": 0.20276482082103783,
        "ci_high": 0.30377050552120843
      },
      "spearman_rho": {
        "mean": 0.5148508522973965,
        "ci_low": 0.46474022570527074,
        "ci_high": 0.5642005310949344
      },
      "kendall_tau": {
        "mean": 0.366071009352167,
        "ci_low": 0.3274518274248799,
        "ci_high": 0.40231761545688133
      }
    },
    "per_endpoint": {
      "CYP1A2": {
        "st_rae": {
          "mean": 0.8858633598498605,
          "ci_low": 0.7711584228252858,
          "ci_high": 1.0115349374367615
        },
        "mae": {
          "mean": 0.6043794780792416,
          "ci_low": 0.5324855194703952,
          "ci_high": 0.6895661737199302
        },
        "r2": {
          "mean": 0.17929948886200353,
          "ci_low": 0.052076116762832976,
          "ci_high": 0.28561551238841104
        },
        "spearman_rho": {
          "mean": 0.510638737993544,
          "ci_low": 0.40512496737435144,
          "ci_high": 0.6057148572201504
        },
        "kendall_tau": {
          "mean": 0.3598664382008742,
          "ci_low": 0.28140402883414606,
          "ci_high": 0.4320108851331997
        }
      },
      "CYP2C9": {
        "st_rae": {
          "mean": 0.723383555544458,
          "ci_low": 0.5961787823111988,
          "ci_high": 0.8741088063455372
        },
        "mae": {
          "mean": 0.4776692534602732,
          "ci_low": 0.42846823804389494,
          "ci_high": 0.5342132493098211
        },
        "r2": {
          "mean": 0.32646392238411476,
          "ci_low": 0.1968704557323431,
          "ci_high": 0.4419119920102445
        },
        "spearman_rho": {
          "mean": 0.5421353132484065,
          "ci_low": 0.423999123146419,
          "ci_high": 0.6443544300263045
        },
        "kendall_tau": {
          "mean": 0.389452597122528,
          "ci_low": 0.3011231722830715,
          "ci_high": 0.46956905701647805
        }
      },
      "CYP2D6": {
        "st_rae": {
          "mean": 0.9633254838396805,
          "ci_low": 0.8845274703842887,
          "ci_high": 1.0499090624445737
        },
        "mae": {
          "mean": 0.5416836447715759,
          "ci_low": 0.4777642139512249,
          "ci_high": 0.6109621014350499
        },
        "r2": {
          "mean": 0.06515750179569449,
          "ci_low": -0.03301962133678725,
          "ci_high": 0.1527958138860696
        },
        "spearman_rho": {
          "mean": 0.3509129058662418,
          "ci_low": 0.2355994325856024,
          "ci_high": 0.46063734975453535
        },
        "kendall_tau": {
          "mean": 0.2394106698665429,
          "ci_low": 0.1601039382558962,
          "ci_high": 0.31691278110346016
        }
      },
      "CYP3A4": {
        "st_rae": {
          "mean": 0.6813818958822523,
          "ci_low": 0.6074167430113578,
          "ci_high": 0.7575894036407921
        },
        "mae": {
          "mean": 0.6316084173809695,
          "ci_low": 0.582179186051036,
          "ci_high": 0.6790926409209822
        },
        "r2": {
          "mean": 0.44421188048774196,
          "ci_low": 0.37662482709714806,
          "ci_high": 0.5077130112641004
        },
        "spearman_rho": {
          "mean": 0.6557164520813941,
          "ci_low": 0.5891444540625729,
          "ci_high": 0.7187398605691828
        },
        "kendall_tau": {
          "mean": 0.4755543322187231,
          "ci_low": 0.4220316958361378,
          "ci_high": 0.5288658791619928
        }
      }
    }
  },
  "epochs_run": 7,
  "fit_observations": 4179,
  "validation_observations": 1037,
  "rule": "inertial_reaction_diffusion",
  "generations": 32,
  "hidden_channels": 16,
  "atom_feature_profile": "electronic",
  "atom_feature_count": 33,
  "atom_feature_names": [
    "element_H",
    "element_C",
    "element_N",
    "element_O",
    "element_F",
    "element_P",
    "element_S",
    "element_Cl",
    "element_Br",
    "element_I",
    "element_other",
    "formal_charge",
    "aromatic",
    "hybrid_sp",
    "hybrid_sp2",
    "hybrid_sp3",
    "hybrid_other",
    "degree",
    "total_hydrogens",
    "in_ring",
    "hbond_donor",
    "hbond_acceptor",
    "chiral_cw",
    "chiral_ccw",
    "chiral_other",
    "electronegativity",
    "polarizability",
    "heteroatom",
    "halogen",
    "conjugated_bond_fraction",
    "first_ionization_energy",
    "electron_affinity",
    "electronic_property_missing"
  ],
  "device": "cuda",
  "gpu": "NVIDIA GeForce RTX 5070 Ti",
  "training_seconds": 96.78089239995461,
  "peak_gpu_memory_bytes": 112494592,
  "runtime": {
    "operating_system": "Windows-10-10.0.26200-SP0",
    "machine": "AMD64",
    "python": "3.11.16",
    "python_executable": "C:\\Users\\Anthony\\anaconda3\\envs\\strange-matter-gpu\\python.exe",
    "pytorch": "2.11.0+cu128",
    "pytorch_cuda": "12.8",
    "device": "cuda",
    "gpu": "NVIDIA GeForce RTX 5070 Ti"
  },
  "validation_protocol": {
    "kind": "scaffold_cross_validation",
    "fold": 0,
    "folds": 5
  },
  "readout": "differentiable_closed_form_ridge",
  "hyperparameters": {
    "ca_lr": 0.003,
    "ridge": 1.0,
    "ca_l2": 0.0001,
    "gradient_clip": 1.0,
    "update_scale": 0.08,
    "init_scale": 0.5,
    "initial_noise": 0.01,
    "support_fraction": 0.6,
    "bond_temperature": 1.0,
    "dyn_a": 0.8,
    "dyn_b": 0.8,
    "dyn_c": 0.8,
    "dyn_d": 0.15,
    "lr_schedule": "cosine_0.1x"
  }
}
}
