{"operating_system": "macOS-26.2-arm64-arm-64bit", "machine": "arm64", "python": "3.10.19", "python_executable": "/opt/anaconda3/envs/kcc2/bin/python3.10", "pytorch": "2.8.0", "pytorch_cuda": null, "device": "cpu", "gpu": null}
{"epoch": 1, "train_rmse": 1.3777637258047786, "validation_rmse": 0.9501559734344482, "mean_raw_gradient_norm": 34.66007721424103, "fraction_gradients_clipped": 1.0}
{"epoch": 2, "train_rmse": 1.3131226835374654, "validation_rmse": 0.9438431262969971, "mean_raw_gradient_norm": 31.0380437374115, "fraction_gradients_clipped": 1.0}
{"epoch": 3, "train_rmse": 1.3410645711015983, "validation_rmse": 0.9440149068832397, "mean_raw_gradient_norm": 31.68029683828354, "fraction_gradients_clipped": 1.0}
{"epoch": 4, "train_rmse": 1.4109035497049405, "validation_rmse": 0.9393014311790466, "mean_raw_gradient_norm": 51.94721980392933, "fraction_gradients_clipped": 1.0}
{"epoch": 5, "train_rmse": 1.2684674988311901, "validation_rmse": 0.9391267895698547, "mean_raw_gradient_norm": 29.798751652240753, "fraction_gradients_clipped": 1.0}
{
  "seed": 1701,
  "best_validation_rmse": 0.9393014311790466,
  "restored_fit_rmse": 0.8596388101577759,
  "restored_validation_rmse": 0.9393014311790466,
  "epochs_run": 5,
  "fit_observations": 2643,
  "validation_observations": 670,
  "rule": "delayed_memory",
  "generations": 64,
  "hidden_channels": 16,
  "device": "cpu",
  "gpu": null,
  "training_seconds": 51.372838958050124,
  "peak_gpu_memory_bytes": 0,
  "runtime": {
    "operating_system": "macOS-26.2-arm64-arm-64bit",
    "machine": "arm64",
    "python": "3.10.19",
    "python_executable": "/opt/anaconda3/envs/kcc2/bin/python3.10",
    "pytorch": "2.8.0",
    "pytorch_cuda": null,
    "device": "cpu",
    "gpu": null
  },
  "readout": "differentiable_closed_form_ridge",
  "hyperparameters": {
    "ca_lr": 0.0003,
    "ridge": 0.1,
    "ca_l2": 1e-06,
    "gradient_clip": 1.0,
    "update_scale": 0.08,
    "init_scale": 1.0,
    "initial_noise": 0.0,
    "support_fraction": 0.85,
    "bond_temperature": 1.0,
    "dyn_a": 0.8,
    "dyn_b": 0.8,
    "dyn_c": 0.2,
    "dyn_d": 0.15,
    "lr_schedule": "cosine_0.1x"
  }
}
