{"operating_system": "Windows-10-10.0.26200-SP0", "machine": "AMD64", "python": "3.11.16", "python_executable": "C:\\Users\\Anthony\\anaconda3\\envs\\strange-matter-gpu\\python.exe", "pytorch": "2.11.0+cu128", "pytorch_cuda": "12.8", "device": "cuda", "gpu": "NVIDIA GeForce RTX 5070 Ti"}
{"epoch": 1, "train_rmse": 1.0380507040784122, "validation_rmse": 0.7872949838638306, "validation_ma_st_rae": 0.8466413941799495, "validation_CYP1A2_st_rae": 0.9083516689792144, "validation_CYP2C9_st_rae": 0.7224224903894564, "validation_CYP2D6_st_rae": 1.0422154373507941, "validation_CYP3A4_st_rae": 0.7135759800003328, "mean_raw_gradient_norm": 3.783448872566223, "fraction_gradients_clipped": 1.0}
{"epoch": 2, "train_rmse": 0.9919019395098475, "validation_rmse": 0.7873425483703613, "validation_ma_st_rae": 0.8408379948250075, "validation_CYP1A2_st_rae": 0.9046956946799782, "validation_CYP2C9_st_rae": 0.7306398562962186, "validation_CYP2D6_st_rae": 1.012270145607462, "validation_CYP3A4_st_rae": 0.7157462827163712, "mean_raw_gradient_norm": 3.0242216300964357, "fraction_gradients_clipped": 1.0}
{"epoch": 3, "train_rmse": 0.9540302826610302, "validation_rmse": 0.7809380292892456, "validation_ma_st_rae": 0.838387151216274, "validation_CYP1A2_st_rae": 0.8773222827372497, "validation_CYP2C9_st_rae": 0.7591494971029668, "validation_CYP2D6_st_rae": 1.0071681659027225, "validation_CYP3A4_st_rae": 0.7099086591221573, "mean_raw_gradient_norm": 2.6976039457321166, "fraction_gradients_clipped": 1.0}
{"epoch": 4, "train_rmse": 0.9423052069544368, "validation_rmse": 0.7797850370407104, "validation_ma_st_rae": 0.8392494243262805, "validation_CYP1A2_st_rae": 0.87013314420412, "validation_CYP2C9_st_rae": 0.781084834456913, "validation_CYP2D6_st_rae": 1.002330081324972, "validation_CYP3A4_st_rae": 0.7034496373191168, "mean_raw_gradient_norm": 2.5639024353027344, "fraction_gradients_clipped": 1.0}
{"epoch": 5, "train_rmse": 0.9678171483657659, "validation_rmse": 0.7736140489578247, "validation_ma_st_rae": 0.8398043346247454, "validation_CYP1A2_st_rae": 0.8836662647351229, "validation_CYP2C9_st_rae": 0.7697191912071937, "validation_CYP2D6_st_rae": 1.0167995008049557, "validation_CYP3A4_st_rae": 0.689032381751709, "mean_raw_gradient_norm": 3.285023264884949, "fraction_gradients_clipped": 1.0}
{
  "seed": 1701,
  "selection_metric": "validation_ma_st_rae",
  "best_validation_ma_st_rae": 0.8408379948250075,
  "best_validation_rmse": 0.7873425483703613,
  "restored_fit_rmse": 0.8489698767662048,
  "restored_validation_rmse": 0.7899496555328369,
  "restored_fit_ma_st_rae": 0.8460626800375651,
  "restored_validation_ma_st_rae": 0.847416637346378,
  "restored_validation_point_ma_st_rae": 0.8451200571072746,
  "restored_validation_point_st_rae_by_cyp": {
    "CYP1A2": 0.8968988508591493,
    "CYP2C9": 0.7430179133033346,
    "CYP2D6": 1.0185717787512045,
    "CYP3A4": 0.7219916855154099
  },
  "restored_fit_st_rae_by_cyp": {
    "CYP1A2": 0.8745943063337915,
    "CYP2C9": 0.7931588836604005,
    "CYP2D6": 1.0252087767894158,
    "CYP3A4": 0.6912887533666522
  },
  "restored_validation_st_rae_by_cyp": {
    "CYP1A2": 0.8981973914532722,
    "CYP2C9": 0.7460236800073186,
    "CYP2D6": 1.0220749973695882,
    "CYP3A4": 0.7233704805553325
  },
  "validation_bootstrap_metrics": {
    "n_bootstrap_samples": 1000,
    "seed": 0,
    "macro": {
      "st_rae": {
        "mean": 0.847416637346378,
        "ci_low": 0.7957314909970779,
        "ci_high": 0.9053653769342253
      },
      "mae": {
        "mean": 0.5823718595518501,
        "ci_low": 0.5508164486329655,
        "ci_high": 0.6152634077548897
      },
      "r2": {
        "mean": 0.21128033933871582,
        "ci_low": 0.15592341166841625,
        "ci_high": 0.26009504771800207
      },
      "spearman_rho": {
        "mean": 0.48366023641701655,
        "ci_low": 0.4330961222308886,
        "ci_high": 0.5344013523952549
      },
      "kendall_tau": {
        "mean": 0.34249488347982154,
        "ci_low": 0.3038476731853286,
        "ci_high": 0.3803929824460655
      }
    },
    "per_endpoint": {
      "CYP1A2": {
        "st_rae": {
          "mean": 0.8981973914532722,
          "ci_low": 0.7728828228867005,
          "ci_high": 1.0437619497433495
        },
        "mae": {
          "mean": 0.6112786212423901,
          "ci_low": 0.5298880485129785,
          "ci_high": 0.6956438605715562
        },
        "r2": {
          "mean": 0.15939642849067132,
          "ci_low": 0.013081661446519028,
          "ci_high": 0.2790987437194243
        },
        "spearman_rho": {
          "mean": 0.5052834556712696,
          "ci_low": 0.3894134277011186,
          "ci_high": 0.6088031820542804
        },
        "kendall_tau": {
          "mean": 0.35972780473506866,
          "ci_low": 0.27438915734538627,
          "ci_high": 0.43915638892906755
        }
      },
      "CYP2C9": {
        "st_rae": {
          "mean": 0.7460236800073186,
          "ci_low": 0.6294285027927219,
          "ci_high": 0.8650360429077275
        },
        "mae": {
          "mean": 0.48410968049770126,
          "ci_low": 0.43222803347121735,
          "ci_high": 0.5411527375471757
        },
        "r2": {
          "mean": 0.29983950470178783,
          "ci_low": 0.1961912536311979,
          "ci_high": 0.3939238603836755
        },
        "spearman_rho": {
          "mean": 0.5181111859847986,
          "ci_low": 0.40479965952684416,
          "ci_high": 0.626846078891641
        },
        "kendall_tau": {
          "mean": 0.36973142435632733,
          "ci_low": 0.285059111314025,
          "ci_high": 0.4517400799956938
        }
      },
      "CYP2D6": {
        "st_rae": {
          "mean": 1.0220749973695882,
          "ci_low": 0.9335946111355795,
          "ci_high": 1.1224054295076955
        },
        "mae": {
          "mean": 0.5661986469988131,
          "ci_low": 0.5079042835368051,
          "ci_high": 0.6302789703648314
        },
        "r2": {
          "mean": 0.011554153047143507,
          "ci_low": -0.0876502077937624,
          "ci_high": 0.10814007963848879
        },
        "spearman_rho": {
          "mean": 0.2959125013106484,
          "ci_low": 0.18380721331801975,
          "ci_high": 0.39989830679111205
        },
        "kendall_tau": {
          "mean": 0.1977570564454748,
          "ci_low": 0.1214741461781363,
          "ci_high": 0.26988723756912125
        }
      },
      "CYP3A4": {
        "st_rae": {
          "mean": 0.7233704805553325,
          "ci_low": 0.6421515320168271,
          "ci_high": 0.8090432633727608
        },
        "mae": {
          "mean": 0.6679004894684958,
          "ci_low": 0.6159240177372,
          "ci_high": 0.722556081021225
        },
        "r2": {
          "mean": 0.37433127111526066,
          "ci_low": 0.2776055162621241,
          "ci_high": 0.45975055305757423
        },
        "spearman_rho": {
          "mean": 0.6153338027013495,
          "ci_low": 0.5437408532389455,
          "ci_high": 0.6829808040878801
        },
        "kendall_tau": {
          "mean": 0.44276324838241543,
          "ci_low": 0.38466191372747854,
          "ci_high": 0.49802775382589437
        }
      }
    }
  },
  "epochs_run": 5,
  "fit_observations": 4179,
  "validation_observations": 1037,
  "rule": "coupled_map",
  "generations": 125,
  "hidden_channels": 16,
  "atom_feature_profile": "periodic_electronic",
  "atom_feature_count": 41,
  "atom_feature_names": [
    "element_H",
    "element_C",
    "element_N",
    "element_O",
    "element_F",
    "element_P",
    "element_S",
    "element_Cl",
    "element_Br",
    "element_I",
    "element_other",
    "formal_charge",
    "aromatic",
    "hybrid_sp",
    "hybrid_sp2",
    "hybrid_sp3",
    "hybrid_other",
    "degree",
    "total_hydrogens",
    "in_ring",
    "hbond_donor",
    "hbond_acceptor",
    "chiral_cw",
    "chiral_ccw",
    "chiral_other",
    "atomic_number",
    "atomic_mass",
    "covalent_radius",
    "vdw_radius",
    "outer_electrons",
    "period",
    "periodic_group",
    "atomic_volume",
    "electronegativity",
    "polarizability",
    "heteroatom",
    "halogen",
    "conjugated_bond_fraction",
    "first_ionization_energy",
    "electron_affinity",
    "electronic_property_missing"
  ],
  "device": "cuda",
  "gpu": "NVIDIA GeForce RTX 5070 Ti",
  "training_seconds": 68.4521742000943,
  "peak_gpu_memory_bytes": 780088832,
  "runtime": {
    "operating_system": "Windows-10-10.0.26200-SP0",
    "machine": "AMD64",
    "python": "3.11.16",
    "python_executable": "C:\\Users\\Anthony\\anaconda3\\envs\\strange-matter-gpu\\python.exe",
    "pytorch": "2.11.0+cu128",
    "pytorch_cuda": "12.8",
    "device": "cuda",
    "gpu": "NVIDIA GeForce RTX 5070 Ti"
  },
  "validation_protocol": {
    "kind": "scaffold_cross_validation",
    "fold": 0,
    "folds": 5
  },
  "readout": "differentiable_closed_form_ridge",
  "hyperparameters": {
    "ca_lr": 0.003,
    "ridge": 1.0,
    "ca_l2": 1e-06,
    "gradient_clip": 1.0,
    "update_scale": 0.4,
    "init_scale": 0.5,
    "initial_noise": 0.0,
    "support_fraction": 0.75,
    "bond_temperature": 2.0,
    "dyn_a": 0.5,
    "dyn_b": 0.5,
    "dyn_c": 0.2,
    "dyn_d": 0.3,
    "lr_schedule": "cosine_0.1x"
  }
}
