{"operating_system": "macOS-26.2-arm64-arm-64bit", "machine": "arm64", "python": "3.10.19", "python_executable": "/opt/anaconda3/envs/kcc2/bin/python3.10", "pytorch": "2.8.0", "pytorch_cuda": null, "device": "cpu", "gpu": null}
{"epoch": 1, "train_rmse": 1.743203966788994, "validation_rmse": 0.9918807744979858, "mean_raw_gradient_norm": 335.44810061454774, "fraction_gradients_clipped": 1.0}
{"epoch": 2, "train_rmse": 1.152859371366827, "validation_rmse": 0.9926163554191589, "mean_raw_gradient_norm": 9.009444856643677, "fraction_gradients_clipped": 1.0}
{"epoch": 3, "train_rmse": 1.1998555395082462, "validation_rmse": 0.9931724071502686, "mean_raw_gradient_norm": 31.24235954284668, "fraction_gradients_clipped": 1.0}
{
  "seed": 1701,
  "best_validation_rmse": 0.9918807744979858,
  "restored_fit_rmse": 0.8856441974639893,
  "restored_validation_rmse": 0.9918807744979858,
  "epochs_run": 3,
  "fit_observations": 791,
  "validation_observations": 273,
  "rule": "gray_scott",
  "generations": 500,
  "hidden_channels": 16,
  "device": "cpu",
  "gpu": null,
  "training_seconds": 92.81121691700537,
  "peak_gpu_memory_bytes": 0,
  "runtime": {
    "operating_system": "macOS-26.2-arm64-arm-64bit",
    "machine": "arm64",
    "python": "3.10.19",
    "python_executable": "/opt/anaconda3/envs/kcc2/bin/python3.10",
    "pytorch": "2.8.0",
    "pytorch_cuda": null,
    "device": "cpu",
    "gpu": null
  },
  "readout": "differentiable_closed_form_ridge",
  "hyperparameters": {
    "ca_lr": 0.0003,
    "ridge": 1.0,
    "ca_l2": 1e-06,
    "gradient_clip": 2.0,
    "update_scale": 0.25,
    "init_scale": 0.5,
    "initial_noise": 0.01,
    "support_fraction": 0.6,
    "bond_temperature": 2.0,
    "dyn_a": 0.8,
    "dyn_b": 0.2,
    "dyn_c": 0.8,
    "dyn_d": 0.05,
    "lr_schedule": "cosine_0.1x"
  }
}
