{"operating_system": "Windows-10-10.0.26200-SP0", "machine": "AMD64", "python": "3.11.16", "python_executable": "C:\\Users\\Anthony\\anaconda3\\envs\\strange-matter-gpu\\python.exe", "pytorch": "2.11.0+cu128", "pytorch_cuda": "12.8", "device": "cuda", "gpu": "NVIDIA GeForce RTX 5070 Ti"}
{"epoch": 1, "train_rmse": 1.1063705762990752, "validation_rmse": 0.9088653922080994, "validation_ma_st_rae": 0.9380366948500862, "validation_CYP1A2_st_rae": 1.0035574564242133, "validation_CYP2C9_st_rae": 0.8258145030710482, "validation_CYP2D6_st_rae": 1.2048456590461305, "validation_CYP3A4_st_rae": 0.7179291608589526, "mean_raw_gradient_norm": 11.268144903182984, "fraction_gradients_clipped": 1.0}
{"epoch": 2, "train_rmse": 1.0964244889581283, "validation_rmse": 0.9053861498832703, "validation_ma_st_rae": 0.9428363545274034, "validation_CYP1A2_st_rae": 1.0144711503443224, "validation_CYP2C9_st_rae": 0.8405742988016673, "validation_CYP2D6_st_rae": 1.2017435966044794, "validation_CYP3A4_st_rae": 0.7145563723591442, "mean_raw_gradient_norm": 7.527389373779297, "fraction_gradients_clipped": 1.0}
{"epoch": 3, "train_rmse": 1.0084041356801385, "validation_rmse": 0.8900548815727234, "validation_ma_st_rae": 0.936597985238724, "validation_CYP1A2_st_rae": 1.0007963803115785, "validation_CYP2C9_st_rae": 0.857842665146617, "validation_CYP2D6_st_rae": 1.1973591131800925, "validation_CYP3A4_st_rae": 0.6903937823166079, "mean_raw_gradient_norm": 7.411067762374878, "fraction_gradients_clipped": 1.0}
{"epoch": 4, "train_rmse": 1.0578302924888943, "validation_rmse": 0.8957735300064087, "validation_ma_st_rae": 0.9335666663691229, "validation_CYP1A2_st_rae": 1.0066926626499257, "validation_CYP2C9_st_rae": 0.8627519796879419, "validation_CYP2D6_st_rae": 1.1844096641464164, "validation_CYP3A4_st_rae": 0.6804123589922075, "mean_raw_gradient_norm": 5.865999612808228, "fraction_gradients_clipped": 1.0}
{"epoch": 5, "train_rmse": 1.0290590111918592, "validation_rmse": 0.8864395022392273, "validation_ma_st_rae": 0.9318857825105444, "validation_CYP1A2_st_rae": 0.9854418262024157, "validation_CYP2C9_st_rae": 0.835675061000897, "validation_CYP2D6_st_rae": 1.2329702756635554, "validation_CYP3A4_st_rae": 0.67345596717531, "mean_raw_gradient_norm": 5.414621639251709, "fraction_gradients_clipped": 1.0}
{"epoch": 6, "train_rmse": 1.0124505789935823, "validation_rmse": 0.892009437084198, "validation_ma_st_rae": 0.9457076408442555, "validation_CYP1A2_st_rae": 0.9748381163751797, "validation_CYP2C9_st_rae": 0.8668181942693864, "validation_CYP2D6_st_rae": 1.2422144888210862, "validation_CYP3A4_st_rae": 0.6989597639113699, "mean_raw_gradient_norm": 4.351154203414917, "fraction_gradients_clipped": 0.92}
{"epoch": 7, "train_rmse": 1.0542389665022998, "validation_rmse": 0.8849681615829468, "validation_ma_st_rae": 0.9393008957674875, "validation_CYP1A2_st_rae": 0.9736799932917497, "validation_CYP2C9_st_rae": 0.8810224730400187, "validation_CYP2D6_st_rae": 1.2239232045806732, "validation_CYP3A4_st_rae": 0.6785779121575083, "mean_raw_gradient_norm": 6.1568646812438965, "fraction_gradients_clipped": 1.0}
{
  "seed": 4211,
  "selection_metric": "validation_ma_st_rae",
  "best_validation_ma_st_rae": 0.9335666663691229,
  "best_validation_rmse": 0.8957735300064087,
  "restored_fit_rmse": 0.8901922106742859,
  "restored_validation_rmse": 0.8956983089447021,
  "restored_fit_ma_st_rae": 0.9410548881351691,
  "restored_validation_ma_st_rae": 0.9381941065547259,
  "restored_validation_point_ma_st_rae": 0.9327203584693226,
  "restored_validation_point_st_rae_by_cyp": {
    "CYP1A2": 1.0077352007061204,
    "CYP2C9": 0.8588931734327021,
    "CYP2D6": 1.183838751380023,
    "CYP3A4": 0.680414308358445
  },
  "restored_fit_st_rae_by_cyp": {
    "CYP1A2": 1.0610357457921136,
    "CYP2C9": 0.8395736701542051,
    "CYP2D6": 1.1822910981761112,
    "CYP3A4": 0.681319038418246
  },
  "restored_validation_st_rae_by_cyp": {
    "CYP1A2": 1.0136860615910808,
    "CYP2C9": 0.8699589146976815,
    "CYP2D6": 1.1872517274411287,
    "CYP3A4": 0.681879722489013
  },
  "validation_bootstrap_metrics": {
    "n_bootstrap_samples": 1000,
    "seed": 0,
    "macro": {
      "st_rae": {
        "mean": 0.9381941065547259,
        "ci_low": 0.8783837058072048,
        "ci_high": 1.0089980897096458
      },
      "mae": {
        "mean": 0.6589506722930564,
        "ci_low": 0.6235197385081315,
        "ci_high": 0.695742659317802
      },
      "r2": {
        "mean": 0.08978931553068395,
        "ci_low": 0.014242717427259965,
        "ci_high": 0.16200001389382948
      },
      "spearman_rho": {
        "mean": 0.3863371346789436,
        "ci_low": 0.326924649371275,
        "ci_high": 0.441305102277809
      },
      "kendall_tau": {
        "mean": 0.2713461791928012,
        "ci_low": 0.2289347356883967,
        "ci_high": 0.3126542867979508
      }
    },
    "per_endpoint": {
      "CYP1A2": {
        "st_rae": {
          "mean": 1.0136860615910808,
          "ci_low": 0.8640683129652582,
          "ci_high": 1.1818561191263532
        },
        "mae": {
          "mean": 0.7398913003313695,
          "ci_low": 0.659698953150168,
          "ci_high": 0.826263238086721
        },
        "r2": {
          "mean": 0.08773794318589367,
          "ci_low": -0.11346271132875768,
          "ci_high": 0.24280412033736334
        },
        "spearman_rho": {
          "mean": 0.3602785247279977,
          "ci_low": 0.23397011679693017,
          "ci_high": 0.4728829020705383
        },
        "kendall_tau": {
          "mean": 0.24458244235247406,
          "ci_low": 0.15889075102077013,
          "ci_high": 0.32517170560034186
        }
      },
      "CYP2C9": {
        "st_rae": {
          "mean": 0.8699589146976815,
          "ci_low": 0.7241244476211789,
          "ci_high": 1.0114926273664526
        },
        "mae": {
          "mean": 0.4957829727807848,
          "ci_low": 0.43973579893607906,
          "ci_high": 0.5523273591948028
        },
        "r2": {
          "mean": 0.2141264182648057,
          "ci_low": 0.06970445643922037,
          "ci_high": 0.3592809121252255
        },
        "spearman_rho": {
          "mean": 0.4391004431637591,
          "ci_low": 0.32146667059998063,
          "ci_high": 0.5555878030924443
        },
        "kendall_tau": {
          "mean": 0.30923859470843273,
          "ci_low": 0.22328788413394493,
          "ci_high": 0.3993642650212806
        }
      },
      "CYP2D6": {
        "st_rae": {
          "mean": 1.1872517274411287,
          "ci_low": 1.0723653553630954,
          "ci_high": 1.3145082913261368
        },
        "mae": {
          "mean": 0.7004502875003231,
          "ci_low": 0.6110250639733268,
          "ci_high": 0.7851577072815082
        },
        "r2": {
          "mean": -0.21135160861371496,
          "ci_low": -0.3436339157880224,
          "ci_high": -0.10008113492846424
        },
        "spearman_rho": {
          "mean": 0.1374989741871696,
          "ci_low": 0.015598186056293479,
          "ci_high": 0.2612359472277831
        },
        "kendall_tau": {
          "mean": 0.09242480160696309,
          "ci_low": 0.009510031812332292,
          "ci_high": 0.17789419210574023
        }
      },
      "CYP3A4": {
        "st_rae": {
          "mean": 0.681879722489013,
          "ci_low": 0.602542359523744,
          "ci_high": 0.7608185233661251
        },
        "mae": {
          "mean": 0.6996781285597483,
          "ci_low": 0.6418971763849258,
          "ci_high": 0.7587071720123291
        },
        "r2": {
          "mean": 0.2686445092857514,
          "ci_low": 0.14091536702899063,
          "ci_high": 0.37211321226048166
        },
        "spearman_rho": {
          "mean": 0.6084705966368481,
          "ci_low": 0.5311350408631751,
          "ci_high": 0.6831823761732173
        },
        "kendall_tau": {
          "mean": 0.43913887810333474,
          "ci_low": 0.3807727749810658,
          "ci_high": 0.4988764566024506
        }
      }
    }
  },
  "epochs_run": 7,
  "fit_observations": 4177,
  "validation_observations": 1039,
  "rule": "conservative_graph_flux",
  "generations": 250,
  "hidden_channels": 16,
  "atom_feature_profile": "comprehensive",
  "atom_feature_count": 57,
  "atom_feature_names": [
    "element_H",
    "element_C",
    "element_N",
    "element_O",
    "element_F",
    "element_P",
    "element_S",
    "element_Cl",
    "element_Br",
    "element_I",
    "element_other",
    "formal_charge",
    "aromatic",
    "hybrid_sp",
    "hybrid_sp2",
    "hybrid_sp3",
    "hybrid_other",
    "degree",
    "total_hydrogens",
    "in_ring",
    "hbond_donor",
    "hbond_acceptor",
    "chiral_cw",
    "chiral_ccw",
    "chiral_other",
    "atomic_number",
    "atomic_mass",
    "covalent_radius",
    "vdw_radius",
    "outer_electrons",
    "period",
    "periodic_group",
    "atomic_volume",
    "total_valence",
    "implicit_valence",
    "heavy_atom_degree",
    "radical_electrons",
    "absolute_formal_charge",
    "electronegativity",
    "polarizability",
    "heteroatom",
    "halogen",
    "conjugated_bond_fraction",
    "first_ionization_energy",
    "electron_affinity",
    "electronic_property_missing",
    "ring_count",
    "ring_size_3",
    "ring_size_4",
    "ring_size_5",
    "ring_size_6",
    "ring_size_7",
    "ring_size_8_plus",
    "mean_neighbour_electronegativity",
    "electronegativity_difference",
    "mean_neighbour_atomic_number",
    "neighbour_formal_charge"
  ],
  "device": "cuda",
  "gpu": "NVIDIA GeForce RTX 5070 Ti",
  "training_seconds": 242.86706520000007,
  "peak_gpu_memory_bytes": 815303168,
  "runtime": {
    "operating_system": "Windows-10-10.0.26200-SP0",
    "machine": "AMD64",
    "python": "3.11.16",
    "python_executable": "C:\\Users\\Anthony\\anaconda3\\envs\\strange-matter-gpu\\python.exe",
    "pytorch": "2.11.0+cu128",
    "pytorch_cuda": "12.8",
    "device": "cuda",
    "gpu": "NVIDIA GeForce RTX 5070 Ti"
  },
  "validation_protocol": {
    "kind": "scaffold_cross_validation",
    "fold": 2,
    "folds": 5
  },
  "readout": "differentiable_closed_form_ridge",
  "hyperparameters": {
    "ca_lr": 0.003,
    "ridge": 1.0,
    "ca_l2": 1e-06,
    "gradient_clip": 2.0,
    "update_scale": 0.15,
    "init_scale": 1.5,
    "initial_noise": 0.0,
    "support_fraction": 0.85,
    "bond_temperature": 0.5,
    "dyn_a": 0.5,
    "dyn_b": 0.2,
    "dyn_c": 0.5,
    "dyn_d": 0.05,
    "lr_schedule": "cosine_0.1x"
  }
}
