{"operating_system": "Windows-10-10.0.26200-SP0", "machine": "AMD64", "python": "3.11.16", "python_executable": "C:\\Users\\Anthony\\anaconda3\\envs\\strange-matter-gpu\\python.exe", "pytorch": "2.11.0+cu128", "pytorch_cuda": "12.8", "device": "cuda", "gpu": "NVIDIA GeForce RTX 5070 Ti"}
{"epoch": 1, "train_rmse": 1.1995936888544694, "validation_rmse": 0.8789214491844177, "validation_ma_st_rae": 0.8800103543115859, "validation_CYP1A2_st_rae": 0.9305964851104297, "validation_CYP2C9_st_rae": 0.8116247662519415, "validation_CYP2D6_st_rae": 1.0300992462320937, "validation_CYP3A4_st_rae": 0.7477209196518787, "mean_raw_gradient_norm": 16.641601915359498, "fraction_gradients_clipped": 1.0}
{"epoch": 2, "train_rmse": 1.1401624903906569, "validation_rmse": 0.8783568739891052, "validation_ma_st_rae": 0.8789158602345879, "validation_CYP1A2_st_rae": 0.9294765924709367, "validation_CYP2C9_st_rae": 0.8054291861017586, "validation_CYP2D6_st_rae": 1.0350918248304077, "validation_CYP3A4_st_rae": 0.7456658375352484, "mean_raw_gradient_norm": 13.213017816543578, "fraction_gradients_clipped": 1.0}
{"epoch": 3, "train_rmse": 1.1245655762799924, "validation_rmse": 0.8772896528244019, "validation_ma_st_rae": 0.8768935940737314, "validation_CYP1A2_st_rae": 0.92686077588683, "validation_CYP2C9_st_rae": 0.8021941649986758, "validation_CYP2D6_st_rae": 1.0323776874334485, "validation_CYP3A4_st_rae": 0.746141747975971, "mean_raw_gradient_norm": 12.06586428642273, "fraction_gradients_clipped": 1.0}
{"epoch": 4, "train_rmse": 1.14070643923419, "validation_rmse": 0.8796596527099609, "validation_ma_st_rae": 0.8806081845743015, "validation_CYP1A2_st_rae": 0.9311742860983175, "validation_CYP2C9_st_rae": 0.8050173405714696, "validation_CYP2D6_st_rae": 1.036657183894889, "validation_CYP3A4_st_rae": 0.7495839277325299, "mean_raw_gradient_norm": 12.93893250465393, "fraction_gradients_clipped": 1.0}
{"epoch": 5, "train_rmse": 1.0809978882630829, "validation_rmse": 0.8789992928504944, "validation_ma_st_rae": 0.8795090135283697, "validation_CYP1A2_st_rae": 0.9313666191671555, "validation_CYP2C9_st_rae": 0.8031279972577637, "validation_CYP2D6_st_rae": 1.0344227830445385, "validation_CYP3A4_st_rae": 0.7491186546440215, "mean_raw_gradient_norm": 10.450273914337158, "fraction_gradients_clipped": 1.0}
{"epoch": 6, "train_rmse": 1.143650925498978, "validation_rmse": 0.8784154653549194, "validation_ma_st_rae": 0.8785963586236273, "validation_CYP1A2_st_rae": 0.9311096771562236, "validation_CYP2C9_st_rae": 0.8003911840688879, "validation_CYP2D6_st_rae": 1.0336025356145973, "validation_CYP3A4_st_rae": 0.7492820376548006, "mean_raw_gradient_norm": 13.12138524055481, "fraction_gradients_clipped": 1.0}
{
  "seed": 1701,
  "selection_metric": "validation_ma_st_rae",
  "best_validation_ma_st_rae": 0.8768935940737314,
  "best_validation_rmse": 0.8772896528244019,
  "restored_fit_rmse": 0.8394061923027039,
  "restored_validation_rmse": 0.8772009611129761,
  "restored_fit_ma_st_rae": 0.8484357934680116,
  "restored_validation_ma_st_rae": 0.8788257596547502,
  "restored_validation_point_ma_st_rae": 0.876908574007101,
  "restored_validation_point_st_rae_by_cyp": {
    "CYP1A2": 0.9263926432142991,
    "CYP2C9": 0.8028229313434582,
    "CYP2D6": 1.0323382125581877,
    "CYP3A4": 0.7460805089124591
  },
  "restored_fit_st_rae_by_cyp": {
    "CYP1A2": 0.8640175432612355,
    "CYP2C9": 0.8034771556490621,
    "CYP2D6": 1.0147595453782252,
    "CYP3A4": 0.711488929583523
  },
  "restored_validation_st_rae_by_cyp": {
    "CYP1A2": 0.9310526345373974,
    "CYP2C9": 0.8047242307228609,
    "CYP2D6": 1.0339937003091573,
    "CYP3A4": 0.7455324730495853
  },
  "validation_bootstrap_metrics": {
    "n_bootstrap_samples": 1000,
    "seed": 0,
    "macro": {
      "st_rae": {
        "mean": 0.8788257596547502,
        "ci_low": 0.8293965451604988,
        "ci_high": 0.9353323566818131
      },
      "mae": {
        "mean": 0.643923678167037,
        "ci_low": 0.6086687547228292,
        "ci_high": 0.6812520440652576
      },
      "r2": {
        "mean": 0.1453039954354545,
        "ci_low": 0.08764304270862114,
        "ci_high": 0.19584460175855903
      },
      "spearman_rho": {
        "mean": 0.414361975584766,
        "ci_low": 0.35695952213467974,
        "ci_high": 0.4640951719154409
      },
      "kendall_tau": {
        "mean": 0.2900307174640099,
        "ci_low": 0.2496338695702632,
        "ci_high": 0.3263165705257921
      }
    },
    "per_endpoint": {
      "CYP1A2": {
        "st_rae": {
          "mean": 0.9310526345373974,
          "ci_low": 0.8217542376438792,
          "ci_high": 1.0522132896571763
        },
        "mae": {
          "mean": 0.7172891253122063,
          "ci_low": 0.6370148455819419,
          "ci_high": 0.8075976182000582
        },
        "r2": {
          "mean": 0.09266873619897925,
          "ci_low": -0.028976972125392037,
          "ci_high": 0.20033014653010528
        },
        "spearman_rho": {
          "mean": 0.3908759723927877,
          "ci_low": 0.27043725392051676,
          "ci_high": 0.5012685298263982
        },
        "kendall_tau": {
          "mean": 0.26495703144331645,
          "ci_low": 0.17837971034259692,
          "ci_high": 0.3437113147286545
        }
      },
      "CYP2C9": {
        "st_rae": {
          "mean": 0.8047242307228609,
          "ci_low": 0.6815339330647178,
          "ci_high": 0.9462453584293031
        },
        "mae": {
          "mean": 0.51982581419146,
          "ci_low": 0.4519280829707983,
          "ci_high": 0.5882358360411553
        },
        "r2": {
          "mean": 0.176784941570985,
          "ci_low": 0.027954724156109192,
          "ci_high": 0.303778828136722
        },
        "spearman_rho": {
          "mean": 0.5030905590236368,
          "ci_low": 0.3841905350302634,
          "ci_high": 0.6007843381442198
        },
        "kendall_tau": {
          "mean": 0.35304634444184196,
          "ci_low": 0.2659395752173505,
          "ci_high": 0.42846270456044167
        }
      },
      "CYP2D6": {
        "st_rae": {
          "mean": 1.0339937003091573,
          "ci_low": 0.9400429397225654,
          "ci_high": 1.1396719099267416
        },
        "mae": {
          "mean": 0.5925343726417293,
          "ci_low": 0.5181655412134918,
          "ci_high": 0.6706849582039791
        },
        "r2": {
          "mean": 0.03513393964171917,
          "ci_low": -0.08313082937956837,
          "ci_high": 0.13149539828220494
        },
        "spearman_rho": {
          "mean": 0.23134502249776284,
          "ci_low": 0.1073221460668392,
          "ci_high": 0.3558993924466905
        },
        "kendall_tau": {
          "mean": 0.1586346150001697,
          "ci_low": 0.07028014567091269,
          "ci_high": 0.24745862293572043
        }
      },
      "CYP3A4": {
        "st_rae": {
          "mean": 0.7455324730495853,
          "ci_low": 0.6688731525282364,
          "ci_high": 0.829187649574006
        },
        "mae": {
          "mean": 0.7460454005227525,
          "ci_low": 0.6923462781714601,
          "ci_high": 0.804800587669634
        },
        "r2": {
          "mean": 0.27662836433013455,
          "ci_low": 0.1906080258380216,
          "ci_high": 0.35440815494432243
        },
        "spearman_rho": {
          "mean": 0.5321363484248768,
          "ci_low": 0.44571569075747575,
          "ci_high": 0.6131940088056307
        },
        "kendall_tau": {
          "mean": 0.38348487897071115,
          "ci_low": 0.3198166005628959,
          "ci_high": 0.4432115529517401
        }
      }
    }
  },
  "epochs_run": 6,
  "fit_observations": 4213,
  "validation_observations": 1003,
  "rule": "coupled_map",
  "generations": 32,
  "hidden_channels": 16,
  "atom_feature_profile": "electronic_local",
  "atom_feature_count": 37,
  "atom_feature_names": [
    "element_H",
    "element_C",
    "element_N",
    "element_O",
    "element_F",
    "element_P",
    "element_S",
    "element_Cl",
    "element_Br",
    "element_I",
    "element_other",
    "formal_charge",
    "aromatic",
    "hybrid_sp",
    "hybrid_sp2",
    "hybrid_sp3",
    "hybrid_other",
    "degree",
    "total_hydrogens",
    "in_ring",
    "hbond_donor",
    "hbond_acceptor",
    "chiral_cw",
    "chiral_ccw",
    "chiral_other",
    "electronegativity",
    "polarizability",
    "heteroatom",
    "halogen",
    "conjugated_bond_fraction",
    "first_ionization_energy",
    "electron_affinity",
    "electronic_property_missing",
    "mean_neighbour_electronegativity",
    "electronegativity_difference",
    "mean_neighbour_atomic_number",
    "neighbour_formal_charge"
  ],
  "device": "cuda",
  "gpu": "NVIDIA GeForce RTX 5070 Ti",
  "training_seconds": 38.93631309992634,
  "peak_gpu_memory_bytes": 124163072,
  "runtime": {
    "operating_system": "Windows-10-10.0.26200-SP0",
    "machine": "AMD64",
    "python": "3.11.16",
    "python_executable": "C:\\Users\\Anthony\\anaconda3\\envs\\strange-matter-gpu\\python.exe",
    "pytorch": "2.11.0+cu128",
    "pytorch_cuda": "12.8",
    "device": "cuda",
    "gpu": "NVIDIA GeForce RTX 5070 Ti"
  },
  "validation_protocol": {
    "kind": "scaffold_cross_validation",
    "fold": 1,
    "folds": 5
  },
  "readout": "differentiable_closed_form_ridge",
  "hyperparameters": {
    "ca_lr": 0.0003,
    "ridge": 1.0,
    "ca_l2": 0.0001,
    "gradient_clip": 0.5,
    "update_scale": 0.08,
    "init_scale": 0.5,
    "initial_noise": 0.0,
    "support_fraction": 0.75,
    "bond_temperature": 0.5,
    "dyn_a": 0.5,
    "dyn_b": 0.8,
    "dyn_c": 0.8,
    "dyn_d": 0.05,
    "lr_schedule": "cosine_0.1x"
  }
}
