{"operating_system": "Windows-10-10.0.26200-SP0", "machine": "AMD64", "python": "3.11.16", "python_executable": "C:\\Users\\Anthony\\anaconda3\\envs\\strange-matter-gpu\\python.exe", "pytorch": "2.11.0+cu128", "pytorch_cuda": "12.8", "device": "cuda", "gpu": "NVIDIA GeForce RTX 5070 Ti"}
{"epoch": 1, "train_rmse": 1.3638303880399056, "validation_rmse": 0.8707054853439331, "validation_ma_st_rae": 0.9725596997421463, "validation_CYP1A2_st_rae": 0.962362977941743, "validation_CYP2C9_st_rae": 0.9799682921476932, "validation_CYP2D6_st_rae": 1.0808883486576466, "validation_CYP3A4_st_rae": 0.8670191802215022, "mean_raw_gradient_norm": 23.580053162574767, "fraction_gradients_clipped": 1.0}
{"epoch": 2, "train_rmse": 1.2102767875311125, "validation_rmse": 0.8754628300666809, "validation_ma_st_rae": 0.9868352176290122, "validation_CYP1A2_st_rae": 0.9915656234276676, "validation_CYP2C9_st_rae": 0.9715739540905807, "validation_CYP2D6_st_rae": 1.10750945058358, "validation_CYP3A4_st_rae": 0.8766918424142203, "mean_raw_gradient_norm": 8.78374423980713, "fraction_gradients_clipped": 1.0}
{"epoch": 3, "train_rmse": 1.2815203520451621, "validation_rmse": 0.8763490319252014, "validation_ma_st_rae": 0.9952634649925708, "validation_CYP1A2_st_rae": 0.9959508377716806, "validation_CYP2C9_st_rae": 0.9873382858089448, "validation_CYP2D6_st_rae": 1.1161891674081699, "validation_CYP3A4_st_rae": 0.8815755689814878, "mean_raw_gradient_norm": 23.2404673576355, "fraction_gradients_clipped": 1.0}
{
  "seed": 1701,
  "selection_metric": "validation_ma_st_rae",
  "best_validation_ma_st_rae": 0.9725596997421463,
  "best_validation_rmse": 0.8707054853439331,
  "restored_fit_rmse": 0.9631140828132629,
  "restored_validation_rmse": 0.8707048892974854,
  "restored_fit_ma_st_rae": 0.919653658422146,
  "restored_validation_ma_st_rae": 0.9872077424178245,
  "restored_validation_point_ma_st_rae": 0.9725567330379621,
  "restored_validation_point_st_rae_by_cyp": {
    "CYP1A2": 0.9623620026514923,
    "CYP2C9": 0.9799712676135836,
    "CYP2D6": 1.080874320720757,
    "CYP3A4": 0.8670193411660154
  },
  "restored_fit_st_rae_by_cyp": {
    "CYP1A2": 0.9520807950932435,
    "CYP2C9": 0.8941681763242282,
    "CYP2D6": 1.007964356154658,
    "CYP3A4": 0.8244013061164545
  },
  "restored_validation_st_rae_by_cyp": {
    "CYP1A2": 0.9674289557465091,
    "CYP2C9": 1.006270438621179,
    "CYP2D6": 1.0950906340756383,
    "CYP3A4": 0.880040941227972
  },
  "validation_bootstrap_metrics": {
    "n_bootstrap_samples": 1000,
    "seed": 0,
    "macro": {
      "st_rae": {
        "mean": 0.9872077424178245,
        "ci_low": 0.891195754281407,
        "ci_high": 1.0935774611396247
      },
      "mae": {
        "mean": 0.660563653427453,
        "ci_low": 0.5975934439819213,
        "ci_high": 0.7270432270092954
      },
      "r2": {
        "mean": 0.015353016342678268,
        "ci_low": -0.10062315016779583,
        "ci_high": 0.10745298186452212
      },
      "spearman_rho": {
        "mean": 0.3036361778525388,
        "ci_low": 0.19071015651095022,
        "ci_high": 0.4121780475818698
      },
      "kendall_tau": {
        "mean": 0.21058822144910386,
        "ci_low": 0.13094507232452213,
        "ci_high": 0.2898083069023105
      }
    },
    "per_endpoint": {
      "CYP1A2": {
        "st_rae": {
          "mean": 0.9674289557465091,
          "ci_low": 0.7298989511778904,
          "ci_high": 1.2538469708070492
        },
        "mae": {
          "mean": 0.6758441261307138,
          "ci_low": 0.5226515289212837,
          "ci_high": 0.853080635774331
        },
        "r2": {
          "mean": 0.08610866782780997,
          "ci_low": -0.20291372704166577,
          "ci_high": 0.2829864349654141
        },
        "spearman_rho": {
          "mean": 0.36855635799851166,
          "ci_low": 0.11355163349427755,
          "ci_high": 0.5979437809696093
        },
        "kendall_tau": {
          "mean": 0.27151046834992165,
          "ci_low": 0.08723737579905502,
          "ci_high": 0.4497597816472992
        }
      },
      "CYP2C9": {
        "st_rae": {
          "mean": 1.006270438621179,
          "ci_low": 0.7881113663718406,
          "ci_high": 1.2390026307164785
        },
        "mae": {
          "mean": 0.5764406318147979,
          "ci_low": 0.4518506180246671,
          "ci_high": 0.7069616583983104
        },
        "r2": {
          "mean": -0.12035956651424845,
          "ci_low": -0.38855793767741403,
          "ci_high": 0.09463940616098186
        },
        "spearman_rho": {
          "mean": 0.2414950423842969,
          "ci_low": -0.030442505174901897,
          "ci_high": 0.4799689536667349
        },
        "kendall_tau": {
          "mean": 0.15271514915827875,
          "ci_low": -0.04189619820096237,
          "ci_high": 0.3264345594066195
        }
      },
      "CYP2D6": {
        "st_rae": {
          "mean": 1.0950906340756383,
          "ci_low": 0.9505647612379494,
          "ci_high": 1.2745301161620382
        },
        "mae": {
          "mean": 0.6092692342758179,
          "ci_low": 0.4862585062247056,
          "ci_high": 0.7487520868044634
        },
        "r2": {
          "mean": -0.11208934607476462,
          "ci_low": -0.3228401557313115,
          "ci_high": 0.04550014644434383
        },
        "spearman_rho": {
          "mean": 0.10395683184032427,
          "ci_low": -0.1432040997057817,
          "ci_high": 0.32845620829817446
        },
        "kendall_tau": {
          "mean": 0.0674230276542583,
          "ci_low": -0.10747051154824669,
          "ci_high": 0.2266652893421625
        }
      },
      "CYP3A4": {
        "st_rae": {
          "mean": 0.880040941227972,
          "ci_low": 0.7476620052051905,
          "ci_high": 1.0701197138057215
        },
        "mae": {
          "mean": 0.7807006214884825,
          "ci_low": 0.6758439475020697,
          "ci_high": 0.8924127423486043
        },
        "r2": {
          "mean": 0.2077523101319162,
          "ci_low": 0.09799259122703041,
          "ci_high": 0.3005549147671107
        },
        "spearman_rho": {
          "mean": 0.5005364791870225,
          "ci_low": 0.3305158257485124,
          "ci_high": 0.6555787163697453
        },
        "kendall_tau": {
          "mean": 0.35070424063395683,
          "ci_low": 0.22564142165438036,
          "ci_high": 0.47364178788946804
        }
      }
    }
  },
  "epochs_run": 3,
  "fit_observations": 806,
  "validation_observations": 272,
  "rule": "inertial_reaction_diffusion",
  "generations": 16,
  "hidden_channels": 4,
  "atom_feature_profile": "periodic_electronic",
  "atom_feature_count": 41,
  "atom_feature_names": [
    "element_H",
    "element_C",
    "element_N",
    "element_O",
    "element_F",
    "element_P",
    "element_S",
    "element_Cl",
    "element_Br",
    "element_I",
    "element_other",
    "formal_charge",
    "aromatic",
    "hybrid_sp",
    "hybrid_sp2",
    "hybrid_sp3",
    "hybrid_other",
    "degree",
    "total_hydrogens",
    "in_ring",
    "hbond_donor",
    "hbond_acceptor",
    "chiral_cw",
    "chiral_ccw",
    "chiral_other",
    "atomic_number",
    "atomic_mass",
    "covalent_radius",
    "vdw_radius",
    "outer_electrons",
    "period",
    "periodic_group",
    "atomic_volume",
    "electronegativity",
    "polarizability",
    "heteroatom",
    "halogen",
    "conjugated_bond_fraction",
    "first_ionization_energy",
    "electron_affinity",
    "electronic_property_missing"
  ],
  "device": "cuda",
  "gpu": "NVIDIA GeForce RTX 5070 Ti",
  "training_seconds": 3.1751805999083444,
  "peak_gpu_memory_bytes": 30855168,
  "runtime": {
    "operating_system": "Windows-10-10.0.26200-SP0",
    "machine": "AMD64",
    "python": "3.11.16",
    "python_executable": "C:\\Users\\Anthony\\anaconda3\\envs\\strange-matter-gpu\\python.exe",
    "pytorch": "2.11.0+cu128",
    "pytorch_cuda": "12.8",
    "device": "cuda",
    "gpu": "NVIDIA GeForce RTX 5070 Ti"
  },
  "validation_protocol": {
    "kind": "scaffold_cross_validation",
    "fold": 0,
    "folds": 5
  },
  "readout": "differentiable_closed_form_ridge",
  "hyperparameters": {
    "ca_lr": 0.003,
    "ridge": 0.1,
    "ca_l2": 1e-05,
    "gradient_clip": 1.0,
    "update_scale": 0.15,
    "init_scale": 0.5,
    "initial_noise": 0.0,
    "support_fraction": 0.6,
    "bond_temperature": 2.0,
    "dyn_a": 0.2,
    "dyn_b": 0.5,
    "dyn_c": 0.8,
    "dyn_d": 0.3,
    "lr_schedule": "cosine_0.1x"
  }
}
