{"operating_system": "Windows-10-10.0.26200-SP0", "machine": "AMD64", "python": "3.11.16", "python_executable": "C:\\Users\\Anthony\\anaconda3\\envs\\strange-matter-gpu\\python.exe", "pytorch": "2.11.0+cu128", "pytorch_cuda": "12.8", "device": "cuda", "gpu": "NVIDIA GeForce RTX 5070 Ti"}
{"epoch": 1, "train_rmse": 1.2905329631104479, "validation_rmse": 0.816202700138092, "validation_ma_st_rae": 0.8588168697545909, "validation_CYP1A2_st_rae": 0.850660890134193, "validation_CYP2C9_st_rae": 0.7582092221666178, "validation_CYP2D6_st_rae": 1.0256363963998285, "validation_CYP3A4_st_rae": 0.8007609703177244, "mean_raw_gradient_norm": 21.41442710161209, "fraction_gradients_clipped": 1.0}
{"epoch": 2, "train_rmse": 1.325630131029896, "validation_rmse": 0.815493106842041, "validation_ma_st_rae": 0.8592306023522867, "validation_CYP1A2_st_rae": 0.8494938427718471, "validation_CYP2C9_st_rae": 0.7630439211559308, "validation_CYP2D6_st_rae": 1.026853857832177, "validation_CYP3A4_st_rae": 0.7975307876491913, "mean_raw_gradient_norm": 15.985122218728065, "fraction_gradients_clipped": 1.0}
{"epoch": 3, "train_rmse": 1.2491486661479863, "validation_rmse": 0.8153878450393677, "validation_ma_st_rae": 0.8600553030250087, "validation_CYP1A2_st_rae": 0.8471144803172486, "validation_CYP2C9_st_rae": 0.7675892552002036, "validation_CYP2D6_st_rae": 1.028351010926426, "validation_CYP3A4_st_rae": 0.7971664656561562, "mean_raw_gradient_norm": 14.50315973162651, "fraction_gradients_clipped": 1.0}
{"epoch": 4, "train_rmse": 1.2736419382874153, "validation_rmse": 0.8150729537010193, "validation_ma_st_rae": 0.859871277884801, "validation_CYP1A2_st_rae": 0.846682526985127, "validation_CYP2C9_st_rae": 0.7672400605865525, "validation_CYP2D6_st_rae": 1.029355674076313, "validation_CYP3A4_st_rae": 0.7962068498912116, "mean_raw_gradient_norm": 14.372445449233055, "fraction_gradients_clipped": 1.0}
{
  "seed": 1701,
  "selection_metric": "validation_ma_st_rae",
  "best_validation_ma_st_rae": 0.8588168697545909,
  "best_validation_rmse": 0.816202700138092,
  "restored_fit_rmse": 0.8853302001953125,
  "restored_validation_rmse": 0.8162071704864502,
  "restored_fit_ma_st_rae": 0.8807754676330369,
  "restored_validation_ma_st_rae": 0.8637943953571083,
  "restored_validation_point_ma_st_rae": 0.8588163386780007,
  "restored_validation_point_st_rae_by_cyp": {
    "CYP1A2": 0.8506602698962572,
    "CYP2C9": 0.7582206768126054,
    "CYP2D6": 1.0256182861569536,
    "CYP3A4": 0.8007661218461862
  },
  "restored_fit_st_rae_by_cyp": {
    "CYP1A2": 0.9014389406482185,
    "CYP2C9": 0.8615991640181659,
    "CYP2D6": 0.9837701491147565,
    "CYP3A4": 0.7762936167510067
  },
  "restored_validation_st_rae_by_cyp": {
    "CYP1A2": 0.8537687630246188,
    "CYP2C9": 0.7657337044377348,
    "CYP2D6": 1.032345081591854,
    "CYP3A4": 0.8033300323742253
  },
  "validation_bootstrap_metrics": {
    "n_bootstrap_samples": 1000,
    "seed": 0,
    "macro": {
      "st_rae": {
        "mean": 0.8637943953571083,
        "ci_low": 0.8025345974922649,
        "ci_high": 0.9295736612184166
      },
      "mae": {
        "mean": 0.6046978207616468,
        "ci_low": 0.567362408957379,
        "ci_high": 0.6457448480555606
      },
      "r2": {
        "mean": 0.18791555037562135,
        "ci_low": 0.12595791267072806,
        "ci_high": 0.2463980017761259
      },
      "spearman_rho": {
        "mean": 0.43694635420011346,
        "ci_low": 0.3700351591400111,
        "ci_high": 0.5019584724870672
      },
      "kendall_tau": {
        "mean": 0.3087759604067645,
        "ci_low": 0.2584350537227204,
        "ci_high": 0.3563454751492335
      }
    },
    "per_endpoint": {
      "CYP1A2": {
        "st_rae": {
          "mean": 0.8537687630246188,
          "ci_low": 0.7320641781209107,
          "ci_high": 0.9947600416915604
        },
        "mae": {
          "mean": 0.6087883749066944,
          "ci_low": 0.5101418472511667,
          "ci_high": 0.7218534492271047
        },
        "r2": {
          "mean": 0.20039814782725432,
          "ci_low": 0.06863390824047218,
          "ci_high": 0.31079121592931025
        },
        "spearman_rho": {
          "mean": 0.5310416180394638,
          "ci_low": 0.39359587739243146,
          "ci_high": 0.6489042908405643
        },
        "kendall_tau": {
          "mean": 0.3799484022143548,
          "ci_low": 0.2790852429687705,
          "ci_high": 0.46816183057047867
        }
      },
      "CYP2C9": {
        "st_rae": {
          "mean": 0.7657337044377348,
          "ci_low": 0.6039764007303879,
          "ci_high": 0.9552023729965821
        },
        "mae": {
          "mean": 0.5353063534680944,
          "ci_low": 0.4723221800623149,
          "ci_high": 0.604173861280845
        },
        "r2": {
          "mean": 0.2878247530418896,
          "ci_low": 0.13854513387897044,
          "ci_high": 0.41159075900285347
        },
        "spearman_rho": {
          "mean": 0.4766846353444284,
          "ci_low": 0.3284419259263901,
          "ci_high": 0.6064337424305571
        },
        "kendall_tau": {
          "mean": 0.33672720341878276,
          "ci_low": 0.22536306337659898,
          "ci_high": 0.43841495355163385
        }
      },
      "CYP2D6": {
        "st_rae": {
          "mean": 1.032345081591854,
          "ci_low": 0.9278305203934406,
          "ci_high": 1.1533679015753735
        },
        "mae": {
          "mean": 0.5533903611501059,
          "ci_low": 0.4751967136589986,
          "ci_high": 0.6329357521713904
        },
        "r2": {
          "mean": -0.00698720418914915,
          "ci_low": -0.18036024225418368,
          "ci_high": 0.11091413854499613
        },
        "spearman_rho": {
          "mean": 0.2021393557767561,
          "ci_low": 0.04152416294525288,
          "ci_high": 0.3465742744206418
        },
        "kendall_tau": {
          "mean": 0.1414080448763832,
          "ci_low": 0.028628781151707503,
          "ci_high": 0.24531529086010076
        }
      },
      "CYP3A4": {
        "st_rae": {
          "mean": 0.8033300323742253,
          "ci_low": 0.7152442161058825,
          "ci_high": 0.8950134287627959
        },
        "mae": {
          "mean": 0.7213061935216928,
          "ci_low": 0.654299915354114,
          "ci_high": 0.7904337954176359
        },
        "r2": {
          "mean": 0.27042650482249064,
          "ci_low": 0.18597898004855834,
          "ci_high": 0.3414664081418433
        },
        "spearman_rho": {
          "mean": 0.5379198076398056,
          "ci_low": 0.4479061688209974,
          "ci_high": 0.6248324662612775
        },
        "kendall_tau": {
          "mean": 0.37702019111753715,
          "ci_low": 0.3082807340875391,
          "ci_high": 0.4431633358531492
        }
      }
    }
  },
  "epochs_run": 4,
  "fit_observations": 2652,
  "validation_observations": 680,
  "rule": "gated_residual",
  "generations": 250,
  "hidden_channels": 8,
  "atom_feature_profile": "local_environment",
  "atom_feature_count": 29,
  "atom_feature_names": [
    "element_H",
    "element_C",
    "element_N",
    "element_O",
    "element_F",
    "element_P",
    "element_S",
    "element_Cl",
    "element_Br",
    "element_I",
    "element_other",
    "formal_charge",
    "aromatic",
    "hybrid_sp",
    "hybrid_sp2",
    "hybrid_sp3",
    "hybrid_other",
    "degree",
    "total_hydrogens",
    "in_ring",
    "hbond_donor",
    "hbond_acceptor",
    "chiral_cw",
    "chiral_ccw",
    "chiral_other",
    "mean_neighbour_electronegativity",
    "electronegativity_difference",
    "mean_neighbour_atomic_number",
    "neighbour_formal_charge"
  ],
  "device": "cuda",
  "gpu": "NVIDIA GeForce RTX 5070 Ti",
  "training_seconds": 81.18314610002562,
  "peak_gpu_memory_bytes": 460041216,
  "runtime": {
    "operating_system": "Windows-10-10.0.26200-SP0",
    "machine": "AMD64",
    "python": "3.11.16",
    "python_executable": "C:\\Users\\Anthony\\anaconda3\\envs\\strange-matter-gpu\\python.exe",
    "pytorch": "2.11.0+cu128",
    "pytorch_cuda": "12.8",
    "device": "cuda",
    "gpu": "NVIDIA GeForce RTX 5070 Ti"
  },
  "validation_protocol": {
    "kind": "scaffold_cross_validation",
    "fold": 0,
    "folds": 5
  },
  "readout": "differentiable_closed_form_ridge",
  "prediction_mode": "direct",
  "residual_alpha": null,
  "trajectory_pooling": "legacy",
  "ridge_mode": "shared",
  "loss_mode": "hybrid_interval",
  "interval_loss_beta": 0.5,
  "interval_temperature": 0.02,
  "hyperparameters": {
    "ca_lr": 0.0003,
    "ridge": 0.1,
    "ca_l2": 1e-05,
    "gradient_clip": 0.5,
    "update_scale": 0.08,
    "init_scale": 1.0,
    "initial_noise": 0.01,
    "support_fraction": 0.6,
    "bond_temperature": 2.0,
    "dyn_a": 0.2,
    "dyn_b": 0.2,
    "dyn_c": 0.2,
    "dyn_d": 0.3,
    "lr_schedule": "cosine_0.1x"
  }
}
