{"operating_system": "macOS-26.2-arm64-arm-64bit", "machine": "arm64", "python": "3.10.19", "python_executable": "/opt/anaconda3/envs/kcc2/bin/python3.10", "pytorch": "2.8.0", "pytorch_cuda": null, "device": "cpu", "gpu": null}
{"epoch": 1, "train_rmse": 1.1223031700994235, "validation_rmse": 0.9220231175422668, "mean_raw_gradient_norm": 12.478650539152083, "fraction_gradients_clipped": 1.0}
{"epoch": 2, "train_rmse": 1.089673135079975, "validation_rmse": 0.9271496534347534, "mean_raw_gradient_norm": 10.838715299483269, "fraction_gradients_clipped": 1.0}
{"epoch": 3, "train_rmse": 1.0450277657592433, "validation_rmse": 0.9122713804244995, "mean_raw_gradient_norm": 9.58387687129359, "fraction_gradients_clipped": 1.0}
{"epoch": 4, "train_rmse": 1.1072141791462833, "validation_rmse": 0.9094469547271729, "mean_raw_gradient_norm": 10.796326621886223, "fraction_gradients_clipped": 1.0}
{"epoch": 5, "train_rmse": 1.0617468982163059, "validation_rmse": 0.9012367129325867, "mean_raw_gradient_norm": 7.460070748482981, "fraction_gradients_clipped": 1.0}
{"epoch": 6, "train_rmse": 1.103641136994704, "validation_rmse": 0.8942671418190002, "mean_raw_gradient_norm": 10.444455046807565, "fraction_gradients_clipped": 1.0}
{"epoch": 7, "train_rmse": 1.031516475391597, "validation_rmse": 0.8904224634170532, "mean_raw_gradient_norm": 7.15176216248543, "fraction_gradients_clipped": 1.0}
{"epoch": 8, "train_rmse": 1.1086911328868487, "validation_rmse": 0.8903862237930298, "mean_raw_gradient_norm": 9.643354177474976, "fraction_gradients_clipped": 1.0}
{"epoch": 9, "train_rmse": 1.0184823218920076, "validation_rmse": 0.8905119299888611, "mean_raw_gradient_norm": 6.781526742442962, "fraction_gradients_clipped": 1.0}
{"epoch": 10, "train_rmse": 1.0125026197964866, "validation_rmse": 0.88956218957901, "mean_raw_gradient_norm": 7.031479589400753, "fraction_gradients_clipped": 1.0}
{
  "seed": 1701,
  "best_validation_rmse": 0.8904224634170532,
  "restored_fit_rmse": 0.8298073410987854,
  "restored_validation_rmse": 0.8904224634170532,
  "epochs_run": 10,
  "fit_observations": 5216,
  "validation_observations": 1309,
  "rule": "gray_scott",
  "generations": 64,
  "hidden_channels": 8,
  "device": "cpu",
  "gpu": null,
  "training_seconds": 161.18325458292384,
  "peak_gpu_memory_bytes": 0,
  "runtime": {
    "operating_system": "macOS-26.2-arm64-arm-64bit",
    "machine": "arm64",
    "python": "3.10.19",
    "python_executable": "/opt/anaconda3/envs/kcc2/bin/python3.10",
    "pytorch": "2.8.0",
    "pytorch_cuda": null,
    "device": "cpu",
    "gpu": null
  },
  "readout": "differentiable_closed_form_ridge",
  "hyperparameters": {
    "ca_lr": 0.003,
    "ridge": 0.01,
    "ca_l2": 0.0001,
    "gradient_clip": 1.0,
    "update_scale": 0.4,
    "init_scale": 1.5,
    "initial_noise": 0.0,
    "support_fraction": 0.75,
    "bond_temperature": 0.5,
    "dyn_a": 0.2,
    "dyn_b": 0.8,
    "dyn_c": 0.5,
    "dyn_d": 0.05,
    "lr_schedule": "cosine_0.1x"
  }
}
