{"operating_system": "Windows-10-10.0.26200-SP0", "machine": "AMD64", "python": "3.11.16", "python_executable": "C:\\Users\\Anthony\\anaconda3\\envs\\strange-matter-gpu\\python.exe", "pytorch": "2.11.0+cu128", "pytorch_cuda": "12.8", "device": "cuda", "gpu": "NVIDIA GeForce RTX 5070 Ti"}
{"epoch": 1, "train_rmse": 1.2745327345806579, "validation_rmse": 0.8872292637825012, "validation_ma_st_rae": 0.9139392677076933, "validation_CYP1A2_st_rae": 0.9831684445537054, "validation_CYP2C9_st_rae": 0.7931393106149477, "validation_CYP2D6_st_rae": 1.1427191903164606, "validation_CYP3A4_st_rae": 0.7367301253456592, "mean_raw_gradient_norm": 28.983486366271972, "fraction_gradients_clipped": 1.0}
{"epoch": 2, "train_rmse": 1.1885578632353788, "validation_rmse": 0.8844516277313232, "validation_ma_st_rae": 0.9083269959399943, "validation_CYP1A2_st_rae": 0.9734752552227924, "validation_CYP2C9_st_rae": 0.7944834852253477, "validation_CYP2D6_st_rae": 1.1301142044854067, "validation_CYP3A4_st_rae": 0.7352350388264304, "mean_raw_gradient_norm": 18.2720818901062, "fraction_gradients_clipped": 1.0}
{"epoch": 3, "train_rmse": 1.2510215598506969, "validation_rmse": 0.8821055889129639, "validation_ma_st_rae": 0.903586119732217, "validation_CYP1A2_st_rae": 0.9676853602305374, "validation_CYP2C9_st_rae": 0.7917209885290212, "validation_CYP2D6_st_rae": 1.128752632394049, "validation_CYP3A4_st_rae": 0.72618549777526, "mean_raw_gradient_norm": 25.780192050933838, "fraction_gradients_clipped": 1.0}
{"epoch": 4, "train_rmse": 1.2139533700549352, "validation_rmse": 0.8819445967674255, "validation_ma_st_rae": 0.9022914275355078, "validation_CYP1A2_st_rae": 0.9693899734215953, "validation_CYP2C9_st_rae": 0.8006486344039878, "validation_CYP2D6_st_rae": 1.11939298465609, "validation_CYP3A4_st_rae": 0.7197341176603581, "mean_raw_gradient_norm": 16.62064657211304, "fraction_gradients_clipped": 1.0}
{"epoch": 5, "train_rmse": 1.3441982487969142, "validation_rmse": 0.8801090121269226, "validation_ma_st_rae": 0.8975887616784496, "validation_CYP1A2_st_rae": 0.9624264839519601, "validation_CYP2C9_st_rae": 0.7963878574871448, "validation_CYP2D6_st_rae": 1.115702818168042, "validation_CYP3A4_st_rae": 0.7158378871066512, "mean_raw_gradient_norm": 27.349553508758547, "fraction_gradients_clipped": 1.0}
{"epoch": 6, "train_rmse": 1.2226024610564796, "validation_rmse": 0.8794162273406982, "validation_ma_st_rae": 0.8963043235187794, "validation_CYP1A2_st_rae": 0.9634888469682127, "validation_CYP2C9_st_rae": 0.7948410095081289, "validation_CYP2D6_st_rae": 1.1139784843190657, "validation_CYP3A4_st_rae": 0.7129089532797105, "mean_raw_gradient_norm": 15.26852128982544, "fraction_gradients_clipped": 1.0}
{"epoch": 7, "train_rmse": 1.29062031033143, "validation_rmse": 0.8783359527587891, "validation_ma_st_rae": 0.8951031684955721, "validation_CYP1A2_st_rae": 0.9619664425910742, "validation_CYP2C9_st_rae": 0.7956799076506268, "validation_CYP2D6_st_rae": 1.1116772791465652, "validation_CYP3A4_st_rae": 0.7110890445940221, "mean_raw_gradient_norm": 28.690191192626955, "fraction_gradients_clipped": 1.0}
{"epoch": 8, "train_rmse": 1.1536677797678663, "validation_rmse": 0.8776656985282898, "validation_ma_st_rae": 0.8948374291800717, "validation_CYP1A2_st_rae": 0.9601287061558368, "validation_CYP2C9_st_rae": 0.7970657682047413, "validation_CYP2D6_st_rae": 1.11178132539895, "validation_CYP3A4_st_rae": 0.7103739169607591, "mean_raw_gradient_norm": 13.606042556762695, "fraction_gradients_clipped": 1.0}
{
  "seed": 2909,
  "selection_metric": "validation_ma_st_rae",
  "best_validation_ma_st_rae": 0.8975887616784496,
  "best_validation_rmse": 0.8801090121269226,
  "restored_fit_rmse": 0.8233336210250854,
  "restored_validation_rmse": 0.8801089525222778,
  "restored_fit_ma_st_rae": 0.8335817223326273,
  "restored_validation_ma_st_rae": 0.9010914960774108,
  "restored_validation_point_ma_st_rae": 0.8975761808474279,
  "restored_validation_point_st_rae_by_cyp": {
    "CYP1A2": 0.9624174366014385,
    "CYP2C9": 0.7963489108782762,
    "CYP2D6": 1.1156771152350657,
    "CYP3A4": 0.7158612606749307
  },
  "restored_fit_st_rae_by_cyp": {
    "CYP1A2": 0.8672670165711163,
    "CYP2C9": 0.761918618660029,
    "CYP2D6": 1.0221826775264051,
    "CYP3A4": 0.6829585765729584
  },
  "restored_validation_st_rae_by_cyp": {
    "CYP1A2": 0.9690835964717613,
    "CYP2C9": 0.7986249796892574,
    "CYP2D6": 1.1194640543507672,
    "CYP3A4": 0.717193353797857
  },
  "validation_bootstrap_metrics": {
    "n_bootstrap_samples": 1000,
    "seed": 0,
    "macro": {
      "st_rae": {
        "mean": 0.9010914960774108,
        "ci_low": 0.844033114906884,
        "ci_high": 0.9631661207676557
      },
      "mae": {
        "mean": 0.6541479702204813,
        "ci_low": 0.6166350253349283,
        "ci_high": 0.6915038520885525
      },
      "r2": {
        "mean": 0.13262282285796584,
        "ci_low": 0.06739593265589502,
        "ci_high": 0.19160530150135388
      },
      "spearman_rho": {
        "mean": 0.40676282290844856,
        "ci_low": 0.35227774107709736,
        "ci_high": 0.4590616007622391
      },
      "kendall_tau": {
        "mean": 0.2849492326504133,
        "ci_low": 0.24582459036732535,
        "ci_high": 0.32360577196184614
      }
    },
    "per_endpoint": {
      "CYP1A2": {
        "st_rae": {
          "mean": 0.9690835964717613,
          "ci_low": 0.8501400126109797,
          "ci_high": 1.1133056446499363
        },
        "mae": {
          "mean": 0.7355541464118069,
          "ci_low": 0.6555847327376522,
          "ci_high": 0.8206339643583741
        },
        "r2": {
          "mean": 0.08986981458321665,
          "ci_low": -0.04095305478610387,
          "ci_high": 0.21283035452955434
        },
        "spearman_rho": {
          "mean": 0.4050825232661839,
          "ci_low": 0.29283144584005544,
          "ci_high": 0.5168719964221764
        },
        "kendall_tau": {
          "mean": 0.2751750569059252,
          "ci_low": 0.1970621641693242,
          "ci_high": 0.35409687163901055
        }
      },
      "CYP2C9": {
        "st_rae": {
          "mean": 0.7986249796892574,
          "ci_low": 0.669388286230336,
          "ci_high": 0.9400310931108397
        },
        "mae": {
          "mean": 0.5203184936748544,
          "ci_low": 0.45662464611421383,
          "ci_high": 0.5944391442736998
        },
        "r2": {
          "mean": 0.18731968602050886,
          "ci_low": 0.004392652395262742,
          "ci_high": 0.3398888205237814
        },
        "spearman_rho": {
          "mean": 0.5228131155160802,
          "ci_low": 0.4095324011359863,
          "ci_high": 0.625454784469706
        },
        "kendall_tau": {
          "mean": 0.3658415894899101,
          "ci_low": 0.28078907413239823,
          "ci_high": 0.4443446940533472
        }
      },
      "CYP2D6": {
        "st_rae": {
          "mean": 1.1194640543507672,
          "ci_low": 1.0094803760067197,
          "ci_high": 1.250941971251773
        },
        "mae": {
          "mean": 0.6248560922902564,
          "ci_low": 0.5521845070693804,
          "ci_high": 0.7001001883071402
        },
        "r2": {
          "mean": -0.030368884837113714,
          "ci_low": -0.16490091282925287,
          "ci_high": 0.0864189392032525
        },
        "spearman_rho": {
          "mean": 0.15552703518914843,
          "ci_low": 0.021590515405379453,
          "ci_high": 0.2834999664388085
        },
        "kendall_tau": {
          "mean": 0.10565063823725405,
          "ci_low": 0.014224611393104976,
          "ci_high": 0.1939619050118632
        }
      },
      "CYP3A4": {
        "st_rae": {
          "mean": 0.717193353797857,
          "ci_low": 0.6354582606842892,
          "ci_high": 0.8019403300618833
        },
        "mae": {
          "mean": 0.7358631485050076,
          "ci_low": 0.6788465313303834,
          "ci_high": 0.8006862193676243
        },
        "r2": {
          "mean": 0.28367067566525156,
          "ci_low": 0.1994343298255631,
          "ci_high": 0.3650579573276335
        },
        "spearman_rho": {
          "mean": 0.5436286176623819,
          "ci_low": 0.4593852657480195,
          "ci_high": 0.6238059316399748
        },
        "kendall_tau": {
          "mean": 0.39312964596856376,
          "ci_low": 0.3296033096331543,
          "ci_high": 0.4542946636362882
        }
      }
    }
  },
  "epochs_run": 8,
  "fit_observations": 4213,
  "validation_observations": 1003,
  "rule": "fitzhugh_nagumo",
  "generations": 16,
  "hidden_channels": 16,
  "atom_feature_profile": "electronic",
  "atom_feature_count": 33,
  "atom_feature_names": [
    "element_H",
    "element_C",
    "element_N",
    "element_O",
    "element_F",
    "element_P",
    "element_S",
    "element_Cl",
    "element_Br",
    "element_I",
    "element_other",
    "formal_charge",
    "aromatic",
    "hybrid_sp",
    "hybrid_sp2",
    "hybrid_sp3",
    "hybrid_other",
    "degree",
    "total_hydrogens",
    "in_ring",
    "hbond_donor",
    "hbond_acceptor",
    "chiral_cw",
    "chiral_ccw",
    "chiral_other",
    "electronegativity",
    "polarizability",
    "heteroatom",
    "halogen",
    "conjugated_bond_fraction",
    "first_ionization_energy",
    "electron_affinity",
    "electronic_property_missing"
  ],
  "device": "cuda",
  "gpu": "NVIDIA GeForce RTX 5070 Ti",
  "training_seconds": 29.86410230002366,
  "peak_gpu_memory_bytes": 95522816,
  "runtime": {
    "operating_system": "Windows-10-10.0.26200-SP0",
    "machine": "AMD64",
    "python": "3.11.16",
    "python_executable": "C:\\Users\\Anthony\\anaconda3\\envs\\strange-matter-gpu\\python.exe",
    "pytorch": "2.11.0+cu128",
    "pytorch_cuda": "12.8",
    "device": "cuda",
    "gpu": "NVIDIA GeForce RTX 5070 Ti"
  },
  "validation_protocol": {
    "kind": "scaffold_cross_validation",
    "fold": 1,
    "folds": 5
  },
  "readout": "differentiable_closed_form_ridge",
  "hyperparameters": {
    "ca_lr": 0.001,
    "ridge": 0.1,
    "ca_l2": 0.0001,
    "gradient_clip": 0.5,
    "update_scale": 0.08,
    "init_scale": 1.0,
    "initial_noise": 0.0,
    "support_fraction": 0.75,
    "bond_temperature": 0.5,
    "dyn_a": 0.5,
    "dyn_b": 0.5,
    "dyn_c": 0.2,
    "dyn_d": 0.05,
    "lr_schedule": "cosine_0.1x"
  }
}
