{"operating_system": "macOS-26.2-arm64-arm-64bit", "machine": "arm64", "python": "3.10.19", "python_executable": "/opt/anaconda3/envs/kcc2/bin/python3.10", "pytorch": "2.8.0", "pytorch_cuda": null, "device": "cpu", "gpu": null}
{"epoch": 1, "train_rmse": 1.1878182272456335, "validation_rmse": 1.0336112976074219, "mean_raw_gradient_norm": 129.47443161010742, "fraction_gradients_clipped": 1.0}
{"epoch": 2, "train_rmse": 1.2064762832201288, "validation_rmse": 1.0541774034500122, "mean_raw_gradient_norm": 138.1178451538086, "fraction_gradients_clipped": 1.0}
{"epoch": 3, "train_rmse": 1.283493538239655, "validation_rmse": 1.0727360248565674, "mean_raw_gradient_norm": 299.34784240722655, "fraction_gradients_clipped": 1.0}
{
  "seed": 1701,
  "best_validation_rmse": 1.0336112976074219,
  "restored_fit_rmse": 0.9654424786567688,
  "restored_validation_rmse": 1.0336112976074219,
  "epochs_run": 3,
  "fit_observations": 791,
  "validation_observations": 273,
  "rule": "conservative_graph_flux",
  "generations": 500,
  "hidden_channels": 8,
  "device": "cpu",
  "gpu": null,
  "training_seconds": 75.4023759579286,
  "peak_gpu_memory_bytes": 0,
  "runtime": {
    "operating_system": "macOS-26.2-arm64-arm-64bit",
    "machine": "arm64",
    "python": "3.10.19",
    "python_executable": "/opt/anaconda3/envs/kcc2/bin/python3.10",
    "pytorch": "2.8.0",
    "pytorch_cuda": null,
    "device": "cpu",
    "gpu": null
  },
  "readout": "differentiable_closed_form_ridge",
  "hyperparameters": {
    "ca_lr": 0.001,
    "ridge": 0.01,
    "ca_l2": 1e-06,
    "gradient_clip": 1.0,
    "update_scale": 0.4,
    "init_scale": 1.5,
    "initial_noise": 0.005,
    "support_fraction": 0.75,
    "bond_temperature": 0.5,
    "dyn_a": 0.5,
    "dyn_b": 0.5,
    "dyn_c": 0.5,
    "dyn_d": 0.05,
    "lr_schedule": "cosine_0.1x"
  }
}
