{"operating_system": "Windows-10-10.0.26200-SP0", "machine": "AMD64", "python": "3.11.16", "python_executable": "C:\\Users\\Anthony\\anaconda3\\envs\\strange-matter-gpu\\python.exe", "pytorch": "2.11.0+cu128", "pytorch_cuda": "12.8", "device": "cuda", "gpu": "NVIDIA GeForce RTX 5070 Ti"}
{"epoch": 1, "train_rmse": 1.5219273849459813, "validation_rmse": 0.8788875937461853, "validation_ma_st_rae": 1.01552492521627, "validation_CYP1A2_st_rae": 1.2460583550566626, "validation_CYP2C9_st_rae": 1.0625127131884713, "validation_CYP2D6_st_rae": 0.8607835105379987, "validation_CYP3A4_st_rae": 0.8927451220819471, "mean_raw_gradient_norm": 78.54176864624023, "fraction_gradients_clipped": 1.0}
{"epoch": 2, "train_rmse": 1.7130202741684943, "validation_rmse": 0.8776556253433228, "validation_ma_st_rae": 1.0188784105115793, "validation_CYP1A2_st_rae": 1.2298470045903107, "validation_CYP2C9_st_rae": 1.0001195067513347, "validation_CYP2D6_st_rae": 0.9376348951023106, "validation_CYP3A4_st_rae": 0.9079122356023616, "mean_raw_gradient_norm": 84.46459045410157, "fraction_gradients_clipped": 1.0}
{"epoch": 3, "train_rmse": 1.5622423544030677, "validation_rmse": 0.8861501812934875, "validation_ma_st_rae": 1.0218643676244457, "validation_CYP1A2_st_rae": 1.2342171965186537, "validation_CYP2C9_st_rae": 1.0072771811083656, "validation_CYP2D6_st_rae": 0.9480648922305716, "validation_CYP3A4_st_rae": 0.8978982006401917, "mean_raw_gradient_norm": 74.3030792236328, "fraction_gradients_clipped": 1.0}
{
  "seed": 1701,
  "selection_metric": "validation_ma_st_rae",
  "best_validation_ma_st_rae": 1.01552492521627,
  "best_validation_rmse": 0.8788875937461853,
  "restored_fit_rmse": 0.8758403062820435,
  "restored_validation_rmse": 0.8788869976997375,
  "restored_fit_ma_st_rae": 0.8428032528317867,
  "restored_validation_ma_st_rae": 1.032799583464404,
  "restored_validation_point_ma_st_rae": 1.0155260454728545,
  "restored_validation_point_st_rae_by_cyp": {
    "CYP1A2": 1.2460114237285826,
    "CYP2C9": 1.0625439412751962,
    "CYP2D6": 0.8608121194184885,
    "CYP3A4": 0.8927366974691509
  },
  "restored_fit_st_rae_by_cyp": {
    "CYP1A2": 0.8562031703830051,
    "CYP2C9": 0.8508278405671006,
    "CYP2D6": 0.9263048693114628,
    "CYP3A4": 0.7378771310655784
  },
  "restored_validation_st_rae_by_cyp": {
    "CYP1A2": 1.253993066446489,
    "CYP2C9": 1.096581944908304,
    "CYP2D6": 0.87173893251788,
    "CYP3A4": 0.9088843899849435
  },
  "validation_bootstrap_metrics": {
    "n_bootstrap_samples": 1000,
    "seed": 0,
    "macro": {
      "st_rae": {
        "mean": 1.032799583464404,
        "ci_low": 0.9014757660663612,
        "ci_high": 1.1751996112054004
      },
      "mae": {
        "mean": 0.6667424534529339,
        "ci_low": 0.6015002478443917,
        "ci_high": 0.7362581007543376
      },
      "r2": {
        "mean": 0.019145712509654942,
        "ci_low": -0.11704676739700344,
        "ci_high": 0.12926617194000406
      },
      "spearman_rho": {
        "mean": 0.36095223914309155,
        "ci_low": 0.2541745877631639,
        "ci_high": 0.4691254249283027
      },
      "kendall_tau": {
        "mean": 0.24995137601558232,
        "ci_low": 0.17537910576674845,
        "ci_high": 0.3284655693165049
      }
    },
    "per_endpoint": {
      "CYP1A2": {
        "st_rae": {
          "mean": 1.253993066446489,
          "ci_low": 0.9361414874060858,
          "ci_high": 1.6163766698499955
        },
        "mae": {
          "mean": 0.7832812961359493,
          "ci_low": 0.5978161383847721,
          "ci_high": 0.9768057612122082
        },
        "r2": {
          "mean": -0.17256124283262705,
          "ci_low": -0.533165255651246,
          "ci_high": 0.07058242501676087
        },
        "spearman_rho": {
          "mean": 0.2487719951398016,
          "ci_low": -0.004009458258912911,
          "ci_high": 0.4819805475322267
        },
        "kendall_tau": {
          "mean": 0.16804033598266374,
          "ci_low": -0.0023171246326883976,
          "ci_high": 0.3293034654675508
        }
      },
      "CYP2C9": {
        "st_rae": {
          "mean": 1.096581944908304,
          "ci_low": 0.8199045003526292,
          "ci_high": 1.4543694337918587
        },
        "mae": {
          "mean": 0.6017206962744395,
          "ci_low": 0.49209715326627096,
          "ci_high": 0.7145323614279429
        },
        "r2": {
          "mean": -0.09478462634286691,
          "ci_low": -0.474874735185077,
          "ci_high": 0.1623965050637342
        },
        "spearman_rho": {
          "mean": 0.26144645806594985,
          "ci_low": 0.008027494355264897,
          "ci_high": 0.5091023819941588
        },
        "kendall_tau": {
          "mean": 0.18145951221301754,
          "ci_low": 0.003997282707029104,
          "ci_high": 0.34982323415200167
        }
      },
      "CYP2D6": {
        "st_rae": {
          "mean": 0.87173893251788,
          "ci_low": 0.7141179830050078,
          "ci_high": 1.066897363877992
        },
        "mae": {
          "mean": 0.5189264498783991,
          "ci_low": 0.4045097966377552,
          "ci_high": 0.6554134329465718
        },
        "r2": {
          "mean": 0.12536569861880273,
          "ci_low": -0.0643118168704112,
          "ci_high": 0.26883558831659904
        },
        "spearman_rho": {
          "mean": 0.458791448521049,
          "ci_low": 0.2517654700102325,
          "ci_high": 0.6485242166465467
        },
        "kendall_tau": {
          "mean": 0.33019319187179025,
          "ci_low": 0.1809689719413418,
          "ci_high": 0.47461578532973403
        }
      },
      "CYP3A4": {
        "st_rae": {
          "mean": 0.9088843899849435,
          "ci_low": 0.697101903515327,
          "ci_high": 1.166587551537576
        },
        "mae": {
          "mean": 0.7630413715229478,
          "ci_low": 0.6585583013157512,
          "ci_high": 0.8643992792728336
        },
        "r2": {
          "mean": 0.218563020595311,
          "ci_low": -0.014272613945347819,
          "ci_high": 0.38173853786132333
        },
        "spearman_rho": {
          "mean": 0.4747990548455657,
          "ci_low": 0.3044618705148275,
          "ci_high": 0.6150459661384675
        },
        "kendall_tau": {
          "mean": 0.32011246399485777,
          "ci_low": 0.19875516746409644,
          "ci_high": 0.4341309873626561
        }
      }
    }
  },
  "epochs_run": 3,
  "fit_observations": 806,
  "validation_observations": 272,
  "rule": "delayed_memory",
  "generations": 250,
  "hidden_channels": 16,
  "atom_feature_profile": "ring_geometry",
  "atom_feature_count": 32,
  "atom_feature_names": [
    "element_H",
    "element_C",
    "element_N",
    "element_O",
    "element_F",
    "element_P",
    "element_S",
    "element_Cl",
    "element_Br",
    "element_I",
    "element_other",
    "formal_charge",
    "aromatic",
    "hybrid_sp",
    "hybrid_sp2",
    "hybrid_sp3",
    "hybrid_other",
    "degree",
    "total_hydrogens",
    "in_ring",
    "hbond_donor",
    "hbond_acceptor",
    "chiral_cw",
    "chiral_ccw",
    "chiral_other",
    "ring_count",
    "ring_size_3",
    "ring_size_4",
    "ring_size_5",
    "ring_size_6",
    "ring_size_7",
    "ring_size_8_plus"
  ],
  "device": "cuda",
  "gpu": "NVIDIA GeForce RTX 5070 Ti",
  "training_seconds": 25.87421619996894,
  "peak_gpu_memory_bytes": 1115971072,
  "runtime": {
    "operating_system": "Windows-10-10.0.26200-SP0",
    "machine": "AMD64",
    "python": "3.11.16",
    "python_executable": "C:\\Users\\Anthony\\anaconda3\\envs\\strange-matter-gpu\\python.exe",
    "pytorch": "2.11.0+cu128",
    "pytorch_cuda": "12.8",
    "device": "cuda",
    "gpu": "NVIDIA GeForce RTX 5070 Ti"
  },
  "validation_protocol": {
    "kind": "scaffold_cross_validation",
    "fold": 0,
    "folds": 5
  },
  "readout": "differentiable_closed_form_ridge",
  "hyperparameters": {
    "ca_lr": 0.001,
    "ridge": 0.1,
    "ca_l2": 1e-06,
    "gradient_clip": 2.0,
    "update_scale": 0.25,
    "init_scale": 1.5,
    "initial_noise": 0.005,
    "support_fraction": 0.6,
    "bond_temperature": 1.0,
    "dyn_a": 0.5,
    "dyn_b": 0.2,
    "dyn_c": 0.8,
    "dyn_d": 0.15,
    "lr_schedule": "cosine_0.1x"
  }
}
