{"operating_system": "Windows-10-10.0.26200-SP0", "machine": "AMD64", "python": "3.11.16", "python_executable": "C:\\Users\\Anthony\\anaconda3\\envs\\strange-matter-gpu\\python.exe", "pytorch": "2.11.0+cu128", "pytorch_cuda": "12.8", "device": "cuda", "gpu": "NVIDIA GeForce RTX 5070 Ti"}
{"epoch": 1, "train_rmse": 1.0823581247825211, "validation_rmse": 0.8796619176864624, "validation_ma_st_rae": 0.999876796913356, "validation_CYP1A2_st_rae": 1.0017253769378218, "validation_CYP2C9_st_rae": 0.9531359525982777, "validation_CYP2D6_st_rae": 1.0464683322648793, "validation_CYP3A4_st_rae": 0.9981775258524455, "mean_raw_gradient_norm": 28.974586486816406, "fraction_gradients_clipped": 1.0}
{"epoch": 2, "train_rmse": 1.1589218228285023, "validation_rmse": 0.8775646090507507, "validation_ma_st_rae": 0.9857731545110755, "validation_CYP1A2_st_rae": 1.0002640923401493, "validation_CYP2C9_st_rae": 0.9045073742047105, "validation_CYP2D6_st_rae": 1.05105000426065, "validation_CYP3A4_st_rae": 0.987271147238792, "mean_raw_gradient_norm": 56.67493438720703, "fraction_gradients_clipped": 1.0}
{"epoch": 3, "train_rmse": 1.1132791725577067, "validation_rmse": 0.8809814453125, "validation_ma_st_rae": 0.9972546657032328, "validation_CYP1A2_st_rae": 1.0101489156182184, "validation_CYP2C9_st_rae": 0.9580566045348547, "validation_CYP2D6_st_rae": 1.0409768469250842, "validation_CYP3A4_st_rae": 0.9798362957347744, "mean_raw_gradient_norm": 27.29740180969238, "fraction_gradients_clipped": 1.0}
{
  "seed": 1701,
  "selection_metric": "validation_ma_st_rae",
  "best_validation_ma_st_rae": 0.9857731545110755,
  "best_validation_rmse": 0.8775646090507507,
  "restored_fit_rmse": 0.9542408585548401,
  "restored_validation_rmse": 0.8775643706321716,
  "restored_fit_ma_st_rae": 0.9197686969966725,
  "restored_validation_ma_st_rae": 0.9965989940700261,
  "restored_validation_point_ma_st_rae": 0.9857720991952441,
  "restored_validation_point_st_rae_by_cyp": {
    "CYP1A2": 1.0002632434764125,
    "CYP2C9": 0.9045058578615164,
    "CYP2D6": 1.0510470548915276,
    "CYP3A4": 0.9872722405515199
  },
  "restored_fit_st_rae_by_cyp": {
    "CYP1A2": 0.906541288175423,
    "CYP2C9": 0.9041519049364876,
    "CYP2D6": 0.9959563864793202,
    "CYP3A4": 0.8724252083954589
  },
  "restored_validation_st_rae_by_cyp": {
    "CYP1A2": 0.9973222747023988,
    "CYP2C9": 0.9238745134324932,
    "CYP2D6": 1.0629843631438516,
    "CYP3A4": 1.0022148250013605
  },
  "validation_bootstrap_metrics": {
    "n_bootstrap_samples": 1000,
    "seed": 0,
    "macro": {
      "st_rae": {
        "mean": 0.9965989940700261,
        "ci_low": 0.899394159374485,
        "ci_high": 1.102426309335037
      },
      "mae": {
        "mean": 0.6606789610125418,
        "ci_low": 0.5998150202642366,
        "ci_high": 0.7260064140513278
      },
      "r2": {
        "mean": 0.04404418832325881,
        "ci_low": -0.056536795602492425,
        "ci_high": 0.12993724538895787
      },
      "spearman_rho": {
        "mean": 0.3061236892158201,
        "ci_low": 0.19110405329730956,
        "ci_high": 0.41593237238408
      },
      "kendall_tau": {
        "mean": 0.21371197178398563,
        "ci_low": 0.13383735008058809,
        "ci_high": 0.2915729078391875
      }
    },
    "per_endpoint": {
      "CYP1A2": {
        "st_rae": {
          "mean": 0.9973222747023988,
          "ci_low": 0.7995547750537342,
          "ci_high": 1.2553104309156193
        },
        "mae": {
          "mean": 0.6768425881432705,
          "ci_low": 0.5363455016104902,
          "ci_high": 0.8396752409270551
        },
        "r2": {
          "mean": 0.1805277368243054,
          "ci_low": 0.020718197304792667,
          "ci_high": 0.27897712355522986
        },
        "spearman_rho": {
          "mean": 0.5151300071264604,
          "ci_low": 0.30468822546845314,
          "ci_high": 0.7069895491425344
        },
        "kendall_tau": {
          "mean": 0.37458993489784337,
          "ci_low": 0.20973917869034406,
          "ci_high": 0.5302028328780805
        }
      },
      "CYP2C9": {
        "st_rae": {
          "mean": 0.9238745134324932,
          "ci_low": 0.7526704279980581,
          "ci_high": 1.1158313771202253
        },
        "mae": {
          "mean": 0.5441657988349596,
          "ci_low": 0.432696247001489,
          "ci_high": 0.6659157311916352
        },
        "r2": {
          "mean": 0.021062761696693022,
          "ci_low": -0.19209794913150088,
          "ci_high": 0.18892096901687586
        },
        "spearman_rho": {
          "mean": 0.2673225438777008,
          "ci_low": -0.0288261087347051,
          "ci_high": 0.5179080483677049
        },
        "kendall_tau": {
          "mean": 0.18479731848043976,
          "ci_low": -0.035886253346720215,
          "ci_high": 0.3651262916188289
        }
      },
      "CYP2D6": {
        "st_rae": {
          "mean": 1.0629843631438516,
          "ci_low": 0.8922931259733657,
          "ci_high": 1.2695397191743698
        },
        "mae": {
          "mean": 0.5883595514444204,
          "ci_low": 0.4620130280347971,
          "ci_high": 0.7313343463494227
        },
        "r2": {
          "mean": -0.08224293735007622,
          "ci_low": -0.32076330560246435,
          "ci_high": 0.09091639256850256
        },
        "spearman_rho": {
          "mean": 0.1605686341941306,
          "ci_low": -0.08156835495478258,
          "ci_high": 0.3885177641042432
        },
        "kendall_tau": {
          "mean": 0.10292061717305,
          "ci_low": -0.0638188917802741,
          "ci_high": 0.2627158498044021
        }
      },
      "CYP3A4": {
        "st_rae": {
          "mean": 1.0022148250013605,
          "ci_low": 0.8098391450135711,
          "ci_high": 1.2239100261296878
        },
        "mae": {
          "mean": 0.8333479056275168,
          "ci_low": 0.7254422456719155,
          "ci_high": 0.9548880087081776
        },
        "r2": {
          "mean": 0.05682919212211303,
          "ci_low": -0.1395628855207422,
          "ci_high": 0.2449577098830292
        },
        "spearman_rho": {
          "mean": 0.28147357166498865,
          "ci_low": 0.08251597576692256,
          "ci_high": 0.47312697642735985
        },
        "kendall_tau": {
          "mean": 0.19254001658460945,
          "ci_low": 0.05708148558758315,
          "ci_high": 0.32838234645576686
        }
      }
    }
  },
  "epochs_run": 3,
  "fit_observations": 806,
  "validation_observations": 272,
  "rule": "kuramoto_sakaguchi",
  "generations": 125,
  "hidden_channels": 8,
  "atom_feature_profile": "periodic_valence",
  "atom_feature_count": 38,
  "atom_feature_names": [
    "element_H",
    "element_C",
    "element_N",
    "element_O",
    "element_F",
    "element_P",
    "element_S",
    "element_Cl",
    "element_Br",
    "element_I",
    "element_other",
    "formal_charge",
    "aromatic",
    "hybrid_sp",
    "hybrid_sp2",
    "hybrid_sp3",
    "hybrid_other",
    "degree",
    "total_hydrogens",
    "in_ring",
    "hbond_donor",
    "hbond_acceptor",
    "chiral_cw",
    "chiral_ccw",
    "chiral_other",
    "atomic_number",
    "atomic_mass",
    "covalent_radius",
    "vdw_radius",
    "outer_electrons",
    "period",
    "periodic_group",
    "atomic_volume",
    "total_valence",
    "implicit_valence",
    "heavy_atom_degree",
    "radical_electrons",
    "absolute_formal_charge"
  ],
  "device": "cuda",
  "gpu": "NVIDIA GeForce RTX 5070 Ti",
  "training_seconds": 10.0101272999309,
  "peak_gpu_memory_bytes": 438993408,
  "runtime": {
    "operating_system": "Windows-10-10.0.26200-SP0",
    "machine": "AMD64",
    "python": "3.11.16",
    "python_executable": "C:\\Users\\Anthony\\anaconda3\\envs\\strange-matter-gpu\\python.exe",
    "pytorch": "2.11.0+cu128",
    "pytorch_cuda": "12.8",
    "device": "cuda",
    "gpu": "NVIDIA GeForce RTX 5070 Ti"
  },
  "validation_protocol": {
    "kind": "scaffold_cross_validation",
    "fold": 0,
    "folds": 5
  },
  "readout": "differentiable_closed_form_ridge",
  "hyperparameters": {
    "ca_lr": 0.0003,
    "ridge": 1.0,
    "ca_l2": 1e-05,
    "gradient_clip": 1.0,
    "update_scale": 0.25,
    "init_scale": 1.5,
    "initial_noise": 0.005,
    "support_fraction": 0.75,
    "bond_temperature": 1.0,
    "dyn_a": 0.5,
    "dyn_b": 0.5,
    "dyn_c": 0.2,
    "dyn_d": 0.15,
    "lr_schedule": "cosine_0.1x"
  }
}
