{"operating_system": "Windows-10-10.0.26200-SP0", "machine": "AMD64", "python": "3.11.16", "python_executable": "C:\\Users\\Anthony\\anaconda3\\envs\\strange-matter-gpu\\python.exe", "pytorch": "2.11.0+cu128", "pytorch_cuda": "12.8", "device": "cuda", "gpu": "NVIDIA GeForce RTX 5070 Ti"}
{"epoch": 1, "train_rmse": 1.417913981239062, "validation_rmse": 0.8908596038818359, "validation_ma_st_rae": 0.9910266094230953, "validation_CYP1A2_st_rae": 1.0140501667567066, "validation_CYP2C9_st_rae": 1.003919178260766, "validation_CYP2D6_st_rae": 1.0490929936896247, "validation_CYP3A4_st_rae": 0.897044098985284, "mean_raw_gradient_norm": 53.44699792861938, "fraction_gradients_clipped": 1.0}
{"epoch": 2, "train_rmse": 1.391875379563321, "validation_rmse": 0.8912765979766846, "validation_ma_st_rae": 0.9908999456869668, "validation_CYP1A2_st_rae": 1.013069458226887, "validation_CYP2C9_st_rae": 0.9997597344382203, "validation_CYP2D6_st_rae": 1.05025869181831, "validation_CYP3A4_st_rae": 0.9005118982644499, "mean_raw_gradient_norm": 45.003018093109134, "fraction_gradients_clipped": 1.0}
{"epoch": 3, "train_rmse": 1.560956980195033, "validation_rmse": 0.890856146812439, "validation_ma_st_rae": 0.9895579505614178, "validation_CYP1A2_st_rae": 1.012123447289979, "validation_CYP2C9_st_rae": 0.9969187287729108, "validation_CYP2D6_st_rae": 1.0485374952990054, "validation_CYP3A4_st_rae": 0.900652130883776, "mean_raw_gradient_norm": 51.42295742034912, "fraction_gradients_clipped": 1.0}
{
  "seed": 1701,
  "selection_metric": "validation_ma_st_rae",
  "best_validation_ma_st_rae": 0.9910266094230953,
  "best_validation_rmse": 0.8908596038818359,
  "restored_fit_rmse": 0.9709262251853943,
  "restored_validation_rmse": 0.8908599615097046,
  "restored_fit_ma_st_rae": 0.9306115813572515,
  "restored_validation_ma_st_rae": 1.003662547173118,
  "restored_validation_point_ma_st_rae": 0.9910313950161022,
  "restored_validation_point_st_rae_by_cyp": {
    "CYP1A2": 1.01404167811934,
    "CYP2C9": 1.0039431250391337,
    "CYP2D6": 1.0491035929849093,
    "CYP3A4": 0.8970371839210257
  },
  "restored_fit_st_rae_by_cyp": {
    "CYP1A2": 0.9949588199453658,
    "CYP2C9": 0.8978219129407201,
    "CYP2D6": 0.9631759133275268,
    "CYP3A4": 0.8664896792153933
  },
  "restored_validation_st_rae_by_cyp": {
    "CYP1A2": 1.0092669777062044,
    "CYP2C9": 1.0292271676989821,
    "CYP2D6": 1.066743368822869,
    "CYP3A4": 0.9094126744644163
  },
  "validation_bootstrap_metrics": {
    "n_bootstrap_samples": 1000,
    "seed": 0,
    "macro": {
      "st_rae": {
        "mean": 1.003662547173118,
        "ci_low": 0.9120969108536984,
        "ci_high": 1.1014273604155698
      },
      "mae": {
        "mean": 0.6655717110733134,
        "ci_low": 0.6013096660154933,
        "ci_high": 0.7332300092083983
      },
      "r2": {
        "mean": 0.0007463270485842823,
        "ci_low": -0.07841186791388816,
        "ci_high": 0.07904901223095126
      },
      "spearman_rho": {
        "mean": 0.23092685632623305,
        "ci_low": 0.11912836761423316,
        "ci_high": 0.3399388022228027
      },
      "kendall_tau": {
        "mean": 0.1563347131644224,
        "ci_low": 0.08003153056910138,
        "ci_high": 0.23177429309592168
      }
    },
    "per_endpoint": {
      "CYP1A2": {
        "st_rae": {
          "mean": 1.0092669777062044,
          "ci_low": 0.8248000295772753,
          "ci_high": 1.2074836279218477
        },
        "mae": {
          "mean": 0.687906015020902,
          "ci_low": 0.5250774105064205,
          "ci_high": 0.8611535225735335
        },
        "r2": {
          "mean": 0.07303618697124463,
          "ci_low": -0.09052306959341018,
          "ci_high": 0.17583578723627766
        },
        "spearman_rho": {
          "mean": 0.35693303239318236,
          "ci_low": 0.13643608577459684,
          "ci_high": 0.5515352524384678
        },
        "kendall_tau": {
          "mean": 0.24476681096729488,
          "ci_low": 0.09201023542273423,
          "ci_high": 0.38770873816938417
        }
      },
      "CYP2C9": {
        "st_rae": {
          "mean": 1.0292271676989821,
          "ci_low": 0.8168227801242134,
          "ci_high": 1.2771321516972778
        },
        "mae": {
          "mean": 0.5803349551320076,
          "ci_low": 0.46794015854597093,
          "ci_high": 0.6979528102278708
        },
        "r2": {
          "mean": -0.06893838131303229,
          "ci_low": -0.295224599347654,
          "ci_high": 0.1188423612900171
        },
        "spearman_rho": {
          "mean": 0.19385424291247616,
          "ci_low": -0.05447506444762474,
          "ci_high": 0.4266012693338278
        },
        "kendall_tau": {
          "mean": 0.12054196397182025,
          "ci_low": -0.04647427300593156,
          "ci_high": 0.2789143132800552
        }
      },
      "CYP2D6": {
        "st_rae": {
          "mean": 1.066743368822869,
          "ci_low": 0.9162268495557891,
          "ci_high": 1.2384744628364317
        },
        "mae": {
          "mean": 0.598885304414309,
          "ci_low": 0.47459046198771554,
          "ci_high": 0.7383939745792976
        },
        "r2": {
          "mean": -0.10102467282138693,
          "ci_low": -0.25855250334053836,
          "ci_high": 0.04465267619976631
        },
        "spearman_rho": {
          "mean": 0.014800602088005092,
          "ci_low": -0.234377832115156,
          "ci_high": 0.24028806639112835
        },
        "kendall_tau": {
          "mean": 0.00921857206485949,
          "ci_low": -0.15855380840264185,
          "ci_high": 0.1688354460176049
        }
      },
      "CYP3A4": {
        "st_rae": {
          "mean": 0.9094126744644163,
          "ci_low": 0.7794039068150823,
          "ci_high": 1.0789097766219589
        },
        "mae": {
          "mean": 0.7951605697260348,
          "ci_low": 0.6742829674205114,
          "ci_high": 0.9198598989220552
        },
        "r2": {
          "mean": 0.09991217535751172,
          "ci_low": -0.03663230941794143,
          "ci_high": 0.21940679753595116
        },
        "spearman_rho": {
          "mean": 0.35811954791126854,
          "ci_low": 0.15934689287119544,
          "ci_high": 0.538500566438508
        },
        "kendall_tau": {
          "mean": 0.250811505653715,
          "ci_low": 0.11459796386272657,
          "ci_high": 0.38089778464255
        }
      }
    }
  },
  "epochs_run": 3,
  "fit_observations": 806,
  "validation_observations": 272,
  "rule": "fitzhugh_nagumo",
  "generations": 32,
  "hidden_channels": 4,
  "atom_feature_profile": "baseline",
  "atom_feature_count": 25,
  "atom_feature_names": [
    "element_H",
    "element_C",
    "element_N",
    "element_O",
    "element_F",
    "element_P",
    "element_S",
    "element_Cl",
    "element_Br",
    "element_I",
    "element_other",
    "formal_charge",
    "aromatic",
    "hybrid_sp",
    "hybrid_sp2",
    "hybrid_sp3",
    "hybrid_other",
    "degree",
    "total_hydrogens",
    "in_ring",
    "hbond_donor",
    "hbond_acceptor",
    "chiral_cw",
    "chiral_ccw",
    "chiral_other"
  ],
  "device": "cuda",
  "gpu": "NVIDIA GeForce RTX 5070 Ti",
  "training_seconds": 4.568971599917859,
  "peak_gpu_memory_bytes": 38882304,
  "runtime": {
    "operating_system": "Windows-10-10.0.26200-SP0",
    "machine": "AMD64",
    "python": "3.11.16",
    "python_executable": "C:\\Users\\Anthony\\anaconda3\\envs\\strange-matter-gpu\\python.exe",
    "pytorch": "2.11.0+cu128",
    "pytorch_cuda": "12.8",
    "device": "cuda",
    "gpu": "NVIDIA GeForce RTX 5070 Ti"
  },
  "validation_protocol": {
    "kind": "scaffold_cross_validation",
    "fold": 0,
    "folds": 5
  },
  "readout": "differentiable_closed_form_ridge",
  "prediction_mode": "direct",
  "residual_alpha": null,
  "trajectory_pooling": "legacy",
  "ridge_mode": "shared",
  "loss_mode": "hybrid_interval",
  "interval_loss_beta": 0.75,
  "interval_temperature": 0.05,
  "hyperparameters": {
    "ca_lr": 0.0003,
    "ridge": 0.01,
    "ca_l2": 1e-05,
    "gradient_clip": 2.0,
    "update_scale": 0.08,
    "init_scale": 1.5,
    "initial_noise": 0.0,
    "support_fraction": 0.6,
    "bond_temperature": 0.5,
    "dyn_a": 0.2,
    "dyn_b": 0.8,
    "dyn_c": 0.2,
    "dyn_d": 0.15,
    "lr_schedule": "cosine_0.1x"
  }
}
