{"operating_system": "macOS-26.2-arm64-arm-64bit", "machine": "arm64", "python": "3.10.19", "python_executable": "/opt/anaconda3/envs/kcc2/bin/python3.10", "pytorch": "2.8.0", "pytorch_cuda": null, "device": "cpu", "gpu": null}
{"epoch": 1, "train_rmse": 1.3951273416314807, "validation_rmse": 1.0652035474777222, "mean_raw_gradient_norm": 1869.1821445465089, "fraction_gradients_clipped": 1.0}
{"epoch": 2, "train_rmse": 1.3422433483637368, "validation_rmse": 1.058122992515564, "mean_raw_gradient_norm": 368.5905451774597, "fraction_gradients_clipped": 1.0}
{"epoch": 3, "train_rmse": 1.3051784378306328, "validation_rmse": 1.0570181608200073, "mean_raw_gradient_norm": 455.1068292617798, "fraction_gradients_clipped": 1.0}
{
  "seed": 1701,
  "best_validation_rmse": 1.058122992515564,
  "restored_fit_rmse": 0.9542945623397827,
  "restored_validation_rmse": 1.058122992515564,
  "epochs_run": 3,
  "fit_observations": 791,
  "validation_observations": 273,
  "rule": "delayed_memory",
  "generations": 250,
  "hidden_channels": 4,
  "device": "cpu",
  "gpu": null,
  "training_seconds": 19.09353579103481,
  "peak_gpu_memory_bytes": 0,
  "runtime": {
    "operating_system": "macOS-26.2-arm64-arm-64bit",
    "machine": "arm64",
    "python": "3.10.19",
    "python_executable": "/opt/anaconda3/envs/kcc2/bin/python3.10",
    "pytorch": "2.8.0",
    "pytorch_cuda": null,
    "device": "cpu",
    "gpu": null
  },
  "readout": "differentiable_closed_form_ridge",
  "hyperparameters": {
    "ca_lr": 0.0003,
    "ridge": 0.01,
    "ca_l2": 1e-06,
    "gradient_clip": 1.0,
    "update_scale": 0.25,
    "init_scale": 0.5,
    "initial_noise": 0.005,
    "support_fraction": 0.6,
    "bond_temperature": 0.5,
    "dyn_a": 0.5,
    "dyn_b": 0.5,
    "dyn_c": 0.8,
    "dyn_d": 0.05,
    "lr_schedule": "cosine_0.1x"
  }
}
