{"operating_system": "Windows-10-10.0.26200-SP0", "machine": "AMD64", "python": "3.11.16", "python_executable": "C:\\Users\\Anthony\\anaconda3\\envs\\strange-matter-gpu\\python.exe", "pytorch": "2.11.0+cu128", "pytorch_cuda": "12.8", "device": "cuda", "gpu": "NVIDIA GeForce RTX 5070 Ti"}
{"epoch": 1, "train_rmse": 2.4735054531914265, "validation_rmse": 0.8755607008934021, "validation_ma_st_rae": 1.0162656404636523, "validation_CYP1A2_st_rae": 1.097432055486305, "validation_CYP2C9_st_rae": 1.0277202781465007, "validation_CYP2D6_st_rae": 1.1367846241146882, "validation_CYP3A4_st_rae": 0.8031256041071152, "mean_raw_gradient_norm": 173.19121780395508, "fraction_gradients_clipped": 1.0}
{"epoch": 2, "train_rmse": 2.6607780326275137, "validation_rmse": 0.8762397766113281, "validation_ma_st_rae": 1.0172927684409974, "validation_CYP1A2_st_rae": 1.0874303450235205, "validation_CYP2C9_st_rae": 1.0328123874744433, "validation_CYP2D6_st_rae": 1.1395024032437562, "validation_CYP3A4_st_rae": 0.80942593802227, "mean_raw_gradient_norm": 233.35043487548828, "fraction_gradients_clipped": 1.0}
{"epoch": 3, "train_rmse": 3.086360062169236, "validation_rmse": 0.8759878277778625, "validation_ma_st_rae": 1.0171355296614768, "validation_CYP1A2_st_rae": 1.0855729795301723, "validation_CYP2C9_st_rae": 1.0343635207313107, "validation_CYP2D6_st_rae": 1.1380944481588335, "validation_CYP3A4_st_rae": 0.8105111702255912, "mean_raw_gradient_norm": 414.7733657836914, "fraction_gradients_clipped": 1.0}
{
  "seed": 1701,
  "selection_metric": "validation_ma_st_rae",
  "best_validation_ma_st_rae": 1.0162656404636523,
  "best_validation_rmse": 0.8755607008934021,
  "restored_fit_rmse": 0.8873885273933411,
  "restored_validation_rmse": 0.8755690455436707,
  "restored_fit_ma_st_rae": 0.8538851078119951,
  "restored_validation_ma_st_rae": 1.035327134356628,
  "restored_validation_point_ma_st_rae": 1.0162832864466682,
  "restored_validation_point_st_rae_by_cyp": {
    "CYP1A2": 1.0974767095154065,
    "CYP2C9": 1.0277523216253204,
    "CYP2D6": 1.1367943385992358,
    "CYP3A4": 0.80310977604671
  },
  "restored_fit_st_rae_by_cyp": {
    "CYP1A2": 0.833289923329047,
    "CYP2C9": 0.8674264306127425,
    "CYP2D6": 0.9752144454122298,
    "CYP3A4": 0.7396096318939612
  },
  "restored_validation_st_rae_by_cyp": {
    "CYP1A2": 1.1033345341523453,
    "CYP2C9": 1.060998547306065,
    "CYP2D6": 1.1616694654187412,
    "CYP3A4": 0.81530599054936
  },
  "validation_bootstrap_metrics": {
    "n_bootstrap_samples": 1000,
    "seed": 0,
    "macro": {
      "st_rae": {
        "mean": 1.035327134356628,
        "ci_low": 0.9044276222811617,
        "ci_high": 1.1835755400588177
      },
      "mae": {
        "mean": 0.6564538441758712,
        "ci_low": 0.5901313370999551,
        "ci_high": 0.7285248515676053
      },
      "r2": {
        "mean": -0.0021229607297968975,
        "ci_low": -0.14544015055533482,
        "ci_high": 0.12364107606739208
      },
      "spearman_rho": {
        "mean": 0.3780609752757018,
        "ci_low": 0.2706795745934503,
        "ci_high": 0.4834736205648265
      },
      "kendall_tau": {
        "mean": 0.26579099846975146,
        "ci_low": 0.18762482934746494,
        "ci_high": 0.34547729829624363
      }
    },
    "per_endpoint": {
      "CYP1A2": {
        "st_rae": {
          "mean": 1.1033345341523453,
          "ci_low": 0.8340250662631915,
          "ci_high": 1.4518677384444345
        },
        "mae": {
          "mean": 0.7123102300401595,
          "ci_low": 0.5415053679317724,
          "ci_high": 0.9033078986113188
        },
        "r2": {
          "mean": -0.005007717432384277,
          "ci_low": -0.2645693706681147,
          "ci_high": 0.2146923345863398
        },
        "spearman_rho": {
          "mean": 0.41534207415132296,
          "ci_low": 0.20114399994766616,
          "ci_high": 0.5977933085023166
        },
        "kendall_tau": {
          "mean": 0.28709302729488884,
          "ci_low": 0.13775818080976152,
          "ci_high": 0.4219010561423013
        }
      },
      "CYP2C9": {
        "st_rae": {
          "mean": 1.060998547306065,
          "ci_low": 0.7692020585809315,
          "ci_high": 1.4033659333153576
        },
        "mae": {
          "mean": 0.5711842468380928,
          "ci_low": 0.45597589462995525,
          "ci_high": 0.6878891670703887
        },
        "r2": {
          "mean": -0.03854313920332475,
          "ci_low": -0.35273160920309704,
          "ci_high": 0.21501024251768538
        },
        "spearman_rho": {
          "mean": 0.2962816134993735,
          "ci_low": 0.020784172224787213,
          "ci_high": 0.5388520188447152
        },
        "kendall_tau": {
          "mean": 0.2133896345971345,
          "ci_low": 0.014281759558807564,
          "ci_high": 0.3931086187010301
        }
      },
      "CYP2D6": {
        "st_rae": {
          "mean": 1.1616694654187412,
          "ci_low": 0.9173023649203136,
          "ci_high": 1.4636377667160563
        },
        "mae": {
          "mean": 0.6244936094870934,
          "ci_low": 0.4908431642789107,
          "ci_high": 0.7767179934795087
        },
        "r2": {
          "mean": -0.2299718057327405,
          "ci_low": -0.613075996273825,
          "ci_high": 0.053173924960252736
        },
        "spearman_rho": {
          "mean": 0.26434422510747957,
          "ci_low": 0.02521590789751972,
          "ci_high": 0.4747940127875318
        },
        "kendall_tau": {
          "mean": 0.18616785120738985,
          "ci_low": 0.01703991233300813,
          "ci_high": 0.3431333370654103
        }
      },
      "CYP3A4": {
        "st_rae": {
          "mean": 0.81530599054936,
          "ci_low": 0.6316517232373682,
          "ci_high": 1.044227240552108
        },
        "mae": {
          "mean": 0.7178272903381392,
          "ci_low": 0.6141754276530688,
          "ci_high": 0.825475937128067
        },
        "r2": {
          "mean": 0.26503081944926193,
          "ci_low": 0.10251651285627815,
          "ci_high": 0.4004243471303187
        },
        "spearman_rho": {
          "mean": 0.5362759883446314,
          "ci_low": 0.36773028454299017,
          "ci_high": 0.679659693581815
        },
        "kendall_tau": {
          "mean": 0.3765134807795924,
          "ci_low": 0.24656089209921628,
          "ci_high": 0.4960303636537045
        }
      }
    }
  },
  "epochs_run": 3,
  "fit_observations": 806,
  "validation_observations": 272,
  "rule": "delayed_memory",
  "generations": 32,
  "hidden_channels": 16,
  "atom_feature_profile": "ring_geometry",
  "atom_feature_count": 32,
  "atom_feature_names": [
    "element_H",
    "element_C",
    "element_N",
    "element_O",
    "element_F",
    "element_P",
    "element_S",
    "element_Cl",
    "element_Br",
    "element_I",
    "element_other",
    "formal_charge",
    "aromatic",
    "hybrid_sp",
    "hybrid_sp2",
    "hybrid_sp3",
    "hybrid_other",
    "degree",
    "total_hydrogens",
    "in_ring",
    "hbond_donor",
    "hbond_acceptor",
    "chiral_cw",
    "chiral_ccw",
    "chiral_other",
    "ring_count",
    "ring_size_3",
    "ring_size_4",
    "ring_size_5",
    "ring_size_6",
    "ring_size_7",
    "ring_size_8_plus"
  ],
  "device": "cuda",
  "gpu": "NVIDIA GeForce RTX 5070 Ti",
  "training_seconds": 5.8870784000027925,
  "peak_gpu_memory_bytes": 94430208,
  "runtime": {
    "operating_system": "Windows-10-10.0.26200-SP0",
    "machine": "AMD64",
    "python": "3.11.16",
    "python_executable": "C:\\Users\\Anthony\\anaconda3\\envs\\strange-matter-gpu\\python.exe",
    "pytorch": "2.11.0+cu128",
    "pytorch_cuda": "12.8",
    "device": "cuda",
    "gpu": "NVIDIA GeForce RTX 5070 Ti"
  },
  "validation_protocol": {
    "kind": "scaffold_cross_validation",
    "fold": 0,
    "folds": 5
  },
  "readout": "differentiable_closed_form_ridge",
  "hyperparameters": {
    "ca_lr": 0.0003,
    "ridge": 0.01,
    "ca_l2": 1e-06,
    "gradient_clip": 0.5,
    "update_scale": 0.15,
    "init_scale": 1.5,
    "initial_noise": 0.005,
    "support_fraction": 0.75,
    "bond_temperature": 2.0,
    "dyn_a": 0.8,
    "dyn_b": 0.2,
    "dyn_c": 0.5,
    "dyn_d": 0.15,
    "lr_schedule": "cosine_0.1x"
  }
}
