{"device": "cuda", "gpu": "NVIDIA GeForce RTX 5070 Ti", "pytorch": "2.11.0+cu128", "pytorch_cuda": "12.8"}
{"epoch": 1, "train_rmse": 1.1634577261831365, "validation_rmse": 0.9780147075653076, "mean_raw_gradient_norm": 6.5119218826293945, "fraction_gradients_clipped": 1.0}
{"epoch": 2, "train_rmse": 1.1257301927857593, "validation_rmse": 0.9779360890388489, "mean_raw_gradient_norm": 5.100710201263428, "fraction_gradients_clipped": 1.0}
{"epoch": 3, "train_rmse": 1.0348768227241862, "validation_rmse": 0.9777508974075317, "mean_raw_gradient_norm": 3.0181737899780274, "fraction_gradients_clipped": 1.0}
{
  "seed": 1701,
  "best_validation_rmse": 0.9780147075653076,
  "restored_fit_rmse": 0.8843568563461304,
  "restored_validation_rmse": 0.9780118465423584,
  "epochs_run": 3,
  "fit_observations": 791,
  "validation_observations": 273,
  "rule": "coupled_map",
  "generations": 500,
  "hidden_channels": 16,
  "device": "cuda",
  "gpu": "NVIDIA GeForce RTX 5070 Ti",
  "training_seconds": 33.09668280009646,
  "peak_gpu_memory_bytes": 2847766016,
  "readout": "differentiable_closed_form_ridge",
  "hyperparameters": {
    "ca_lr": 0.0003,
    "ridge": 1.0,
    "ca_l2": 1e-06,
    "gradient_clip": 2.0,
    "update_scale": 0.25,
    "init_scale": 0.5,
    "initial_noise": 0.01,
    "support_fraction": 0.6,
    "bond_temperature": 2.0,
    "dyn_a": 0.8,
    "dyn_b": 0.2,
    "dyn_c": 0.8,
    "dyn_d": 0.05,
    "lr_schedule": "cosine_0.1x"
  }
}
