{"operating_system": "Windows-10-10.0.26200-SP0", "machine": "AMD64", "python": "3.11.16", "python_executable": "C:\\Users\\Anthony\\anaconda3\\envs\\strange-matter-gpu\\python.exe", "pytorch": "2.11.0+cu128", "pytorch_cuda": "12.8", "device": "cuda", "gpu": "NVIDIA GeForce RTX 5070 Ti"}
{"epoch": 1, "train_rmse": 1.2611859029494654, "validation_rmse": 0.8988808989524841, "mean_raw_gradient_norm": 20.611333477881647, "fraction_gradients_clipped": 1.0}
{"epoch": 2, "train_rmse": 1.1871999679447474, "validation_rmse": 0.8987595438957214, "mean_raw_gradient_norm": 13.574628153154928, "fraction_gradients_clipped": 1.0}
{"epoch": 3, "train_rmse": 1.1476541977295813, "validation_rmse": 0.8980584144592285, "mean_raw_gradient_norm": 14.693710357912126, "fraction_gradients_clipped": 1.0}
{"epoch": 4, "train_rmse": 1.211726581626612, "validation_rmse": 0.8892834186553955, "mean_raw_gradient_norm": 20.90211779071439, "fraction_gradients_clipped": 1.0}
{"epoch": 5, "train_rmse": 1.1493872747465832, "validation_rmse": 0.8899747729301453, "mean_raw_gradient_norm": 16.54318758749193, "fraction_gradients_clipped": 1.0}
{"epoch": 6, "train_rmse": 1.1140991241017808, "validation_rmse": 0.8907164931297302, "mean_raw_gradient_norm": 12.478036511328913, "fraction_gradients_clipped": 1.0}
{"epoch": 7, "train_rmse": 1.117618203111956, "validation_rmse": 0.8906859159469604, "mean_raw_gradient_norm": 13.825026419854932, "fraction_gradients_clipped": 1.0}
{"epoch": 8, "train_rmse": 1.0895861473377775, "validation_rmse": 0.8925521373748779, "mean_raw_gradient_norm": 12.998285378179242, "fraction_gradients_clipped": 1.0}
{"epoch": 9, "train_rmse": 1.1023338613322669, "validation_rmse": 0.894774854183197, "mean_raw_gradient_norm": 15.065284452130717, "fraction_gradients_clipped": 1.0}
{
  "seed": 2909,
  "best_validation_rmse": 0.8892834186553955,
  "restored_fit_rmse": 0.8263620138168335,
  "restored_validation_rmse": 0.8892962336540222,
  "epochs_run": 9,
  "fit_observations": 5216,
  "validation_observations": 1309,
  "rule": "gray_scott",
  "generations": 125,
  "hidden_channels": 16,
  "atom_feature_profile": "periodic_valence",
  "atom_feature_count": 35,
  "atom_feature_names": [
    "element_H",
    "element_C",
    "element_N",
    "element_O",
    "element_F",
    "element_P",
    "element_S",
    "element_Cl",
    "element_Br",
    "element_I",
    "element_other",
    "formal_charge",
    "aromatic",
    "hybrid_sp",
    "hybrid_sp2",
    "hybrid_sp3",
    "hybrid_other",
    "degree",
    "total_hydrogens",
    "in_ring",
    "hbond_donor",
    "hbond_acceptor",
    "chiral_cw",
    "chiral_ccw",
    "chiral_other",
    "atomic_number",
    "atomic_mass",
    "covalent_radius",
    "vdw_radius",
    "outer_electrons",
    "total_valence",
    "implicit_valence",
    "heavy_atom_degree",
    "radical_electrons",
    "absolute_formal_charge"
  ],
  "device": "cuda",
  "gpu": "NVIDIA GeForce RTX 5070 Ti",
  "training_seconds": 197.8304890000727,
  "peak_gpu_memory_bytes": 698388992,
  "runtime": {
    "operating_system": "Windows-10-10.0.26200-SP0",
    "machine": "AMD64",
    "python": "3.11.16",
    "python_executable": "C:\\Users\\Anthony\\anaconda3\\envs\\strange-matter-gpu\\python.exe",
    "pytorch": "2.11.0+cu128",
    "pytorch_cuda": "12.8",
    "device": "cuda",
    "gpu": "NVIDIA GeForce RTX 5070 Ti"
  },
  "readout": "differentiable_closed_form_ridge",
  "hyperparameters": {
    "ca_lr": 0.003,
    "ridge": 0.1,
    "ca_l2": 1e-05,
    "gradient_clip": 0.5,
    "update_scale": 0.25,
    "init_scale": 1.5,
    "initial_noise": 0.005,
    "support_fraction": 0.6,
    "bond_temperature": 1.0,
    "dyn_a": 0.5,
    "dyn_b": 0.2,
    "dyn_c": 0.8,
    "dyn_d": 0.15,
    "lr_schedule": "cosine_0.1x"
  }
}
