{"operating_system": "Windows-10-10.0.26200-SP0", "machine": "AMD64", "python": "3.11.16", "python_executable": "C:\\Users\\Anthony\\anaconda3\\envs\\strange-matter-gpu\\python.exe", "pytorch": "2.11.0+cu128", "pytorch_cuda": "12.8", "device": "cuda", "gpu": "NVIDIA GeForce RTX 5070 Ti"}
{"epoch": 1, "train_rmse": 1.2568537908824624, "validation_rmse": 0.8609864711761475, "validation_ma_st_rae": 0.9972296146495442, "validation_CYP1A2_st_rae": 1.0251715237801882, "validation_CYP2C9_st_rae": 1.0259975964563355, "validation_CYP2D6_st_rae": 1.1215995711671554, "validation_CYP3A4_st_rae": 0.816149767194498, "mean_raw_gradient_norm": 15.571169424057008, "fraction_gradients_clipped": 1.0}
{"epoch": 2, "train_rmse": 1.194399007856053, "validation_rmse": 0.8601093888282776, "validation_ma_st_rae": 0.9978462456145383, "validation_CYP1A2_st_rae": 1.0112716357349079, "validation_CYP2C9_st_rae": 1.0220558573060532, "validation_CYP2D6_st_rae": 1.1374602268527505, "validation_CYP3A4_st_rae": 0.8205972625644418, "mean_raw_gradient_norm": 20.47473278045654, "fraction_gradients_clipped": 1.0}
{"epoch": 3, "train_rmse": 1.5060336819513283, "validation_rmse": 0.8602412939071655, "validation_ma_st_rae": 0.9986219346195464, "validation_CYP1A2_st_rae": 1.010825639115472, "validation_CYP2C9_st_rae": 1.0206954685789102, "validation_CYP2D6_st_rae": 1.1400994882457065, "validation_CYP3A4_st_rae": 0.8228671425380973, "mean_raw_gradient_norm": 50.481744623184206, "fraction_gradients_clipped": 1.0}
{
  "seed": 1701,
  "selection_metric": "validation_ma_st_rae",
  "best_validation_ma_st_rae": 0.9972296146495442,
  "best_validation_rmse": 0.8609864711761475,
  "restored_fit_rmse": 0.8942943215370178,
  "restored_validation_rmse": 0.860981822013855,
  "restored_fit_ma_st_rae": 0.8159407941704772,
  "restored_validation_ma_st_rae": 1.0144210012969312,
  "restored_validation_point_ma_st_rae": 0.9972114830383585,
  "restored_validation_point_st_rae_by_cyp": {
    "CYP1A2": 1.0251751179053712,
    "CYP2C9": 1.0259327370219746,
    "CYP2D6": 1.1215800408134962,
    "CYP3A4": 0.8161580364125919
  },
  "restored_fit_st_rae_by_cyp": {
    "CYP1A2": 0.7770578086922695,
    "CYP2C9": 0.739447950246611,
    "CYP2D6": 0.9908763480281729,
    "CYP3A4": 0.7563810697148556
  },
  "restored_validation_st_rae_by_cyp": {
    "CYP1A2": 1.0251794219949548,
    "CYP2C9": 1.0652363034168928,
    "CYP2D6": 1.138147842046715,
    "CYP3A4": 0.8291204377291627
  },
  "validation_bootstrap_metrics": {
    "n_bootstrap_samples": 1000,
    "seed": 0,
    "macro": {
      "st_rae": {
        "mean": 1.0144210012969312,
        "ci_low": 0.8806090427447147,
        "ci_high": 1.154042303560072
      },
      "mae": {
        "mean": 0.6603572166195755,
        "ci_low": 0.5967657386432432,
        "ci_high": 0.7313956241293159
      },
      "r2": {
        "mean": 0.03128575623656918,
        "ci_low": -0.11995171747754985,
        "ci_high": 0.1586218907881115
      },
      "spearman_rho": {
        "mean": 0.3832206202986793,
        "ci_low": 0.27270915543969426,
        "ci_high": 0.4862358344544592
      },
      "kendall_tau": {
        "mean": 0.26540325098158435,
        "ci_low": 0.18871144471596613,
        "ci_high": 0.3404490691231221
      }
    },
    "per_endpoint": {
      "CYP1A2": {
        "st_rae": {
          "mean": 1.0251794219949548,
          "ci_low": 0.7508245534967404,
          "ci_high": 1.3160521570065935
        },
        "mae": {
          "mean": 0.691977371845089,
          "ci_low": 0.5204963419281068,
          "ci_high": 0.8883194891155742
        },
        "r2": {
          "mean": 0.017787094857527073,
          "ci_low": -0.3892306293070401,
          "ci_high": 0.2707479974884041
        },
        "spearman_rho": {
          "mean": 0.37982484066639133,
          "ci_low": 0.12993598879213625,
          "ci_high": 0.6037158585644719
        },
        "kendall_tau": {
          "mean": 0.26366873281538583,
          "ci_low": 0.08505245692366326,
          "ci_high": 0.43273450586264656
        }
      },
      "CYP2C9": {
        "st_rae": {
          "mean": 1.0652363034168928,
          "ci_low": 0.7546127613630422,
          "ci_high": 1.4601468860173734
        },
        "mae": {
          "mean": 0.5939139419436454,
          "ci_low": 0.48532100836435954,
          "ci_high": 0.7031519814332327
        },
        "r2": {
          "mean": -0.04901943644336633,
          "ci_low": -0.4254906865723896,
          "ci_high": 0.23562928863232768
        },
        "spearman_rho": {
          "mean": 0.31702661756134615,
          "ci_low": 0.05884455359625057,
          "ci_high": 0.5370142885721562
        },
        "kendall_tau": {
          "mean": 0.21499523737062998,
          "ci_low": 0.03836890171146247,
          "ci_high": 0.373510838674467
        }
      },
      "CYP2D6": {
        "st_rae": {
          "mean": 1.138147842046715,
          "ci_low": 0.9240662838998552,
          "ci_high": 1.4204843505676135
        },
        "mae": {
          "mean": 0.623112548806117,
          "ci_low": 0.49404160793011004,
          "ci_high": 0.7712059252078717
        },
        "r2": {
          "mean": -0.13209381081357813,
          "ci_low": -0.4751149098541094,
          "ci_high": 0.10456257503878688
        },
        "spearman_rho": {
          "mean": 0.28226780861333783,
          "ci_low": 0.06274097774975713,
          "ci_high": 0.49775296981864053
        },
        "kendall_tau": {
          "mean": 0.19516789978204513,
          "ci_low": 0.042220784780730644,
          "ci_high": 0.349364309300615
        }
      },
      "CYP3A4": {
        "st_rae": {
          "mean": 0.8291204377291627,
          "ci_low": 0.6641156316249979,
          "ci_high": 1.0537134519785412
        },
        "mae": {
          "mean": 0.7324250038834506,
          "ci_low": 0.6340466500714769,
          "ci_high": 0.835350812936938
        },
        "r2": {
          "mean": 0.2884691773456941,
          "ci_low": 0.14665998326095603,
          "ci_high": 0.4011437383403599
        },
        "spearman_rho": {
          "mean": 0.5537632143536421,
          "ci_low": 0.39518250177203845,
          "ci_high": 0.6806775826737509
        },
        "kendall_tau": {
          "mean": 0.38778113395827646,
          "ci_low": 0.26894394783176784,
          "ci_high": 0.4906211303964572
        }
      }
    }
  },
  "epochs_run": 3,
  "fit_observations": 806,
  "validation_observations": 272,
  "rule": "damped_symplectic",
  "generations": 16,
  "hidden_channels": 16,
  "atom_feature_profile": "local_environment",
  "atom_feature_count": 29,
  "atom_feature_names": [
    "element_H",
    "element_C",
    "element_N",
    "element_O",
    "element_F",
    "element_P",
    "element_S",
    "element_Cl",
    "element_Br",
    "element_I",
    "element_other",
    "formal_charge",
    "aromatic",
    "hybrid_sp",
    "hybrid_sp2",
    "hybrid_sp3",
    "hybrid_other",
    "degree",
    "total_hydrogens",
    "in_ring",
    "hbond_donor",
    "hbond_acceptor",
    "chiral_cw",
    "chiral_ccw",
    "chiral_other",
    "mean_neighbour_electronegativity",
    "electronegativity_difference",
    "mean_neighbour_atomic_number",
    "neighbour_formal_charge"
  ],
  "device": "cuda",
  "gpu": "NVIDIA GeForce RTX 5070 Ti",
  "training_seconds": 2.790707099949941,
  "peak_gpu_memory_bytes": 59310080,
  "runtime": {
    "operating_system": "Windows-10-10.0.26200-SP0",
    "machine": "AMD64",
    "python": "3.11.16",
    "python_executable": "C:\\Users\\Anthony\\anaconda3\\envs\\strange-matter-gpu\\python.exe",
    "pytorch": "2.11.0+cu128",
    "pytorch_cuda": "12.8",
    "device": "cuda",
    "gpu": "NVIDIA GeForce RTX 5070 Ti"
  },
  "validation_protocol": {
    "kind": "scaffold_cross_validation",
    "fold": 0,
    "folds": 5
  },
  "readout": "differentiable_closed_form_ridge",
  "hyperparameters": {
    "ca_lr": 0.0003,
    "ridge": 1.0,
    "ca_l2": 0.0001,
    "gradient_clip": 1.0,
    "update_scale": 0.4,
    "init_scale": 1.0,
    "initial_noise": 0.0,
    "support_fraction": 0.85,
    "bond_temperature": 1.0,
    "dyn_a": 0.2,
    "dyn_b": 0.5,
    "dyn_c": 0.2,
    "dyn_d": 0.3,
    "lr_schedule": "cosine_0.1x"
  }
}
