{"operating_system": "Windows-10-10.0.26200-SP0", "machine": "AMD64", "python": "3.11.16", "python_executable": "C:\\Users\\Anthony\\anaconda3\\envs\\strange-matter-gpu\\python.exe", "pytorch": "2.11.0+cu128", "pytorch_cuda": "12.8", "device": "cuda", "gpu": "NVIDIA GeForce RTX 5070 Ti"}
{"epoch": 1, "train_rmse": 1.0726123342799885, "validation_rmse": 0.9176324009895325, "validation_ma_st_rae": 0.9165906592345431, "validation_CYP1A2_st_rae": 0.9895033125041961, "validation_CYP2C9_st_rae": 0.7528905594061075, "validation_CYP2D6_st_rae": 1.0806084091760013, "validation_CYP3A4_st_rae": 0.8433603558518673, "mean_raw_gradient_norm": 6.4463386336962385, "fraction_gradients_clipped": 1.0}
{"epoch": 2, "train_rmse": 1.0318465627666715, "validation_rmse": 0.9158257842063904, "validation_ma_st_rae": 0.9140217411501724, "validation_CYP1A2_st_rae": 0.9863997734648328, "validation_CYP2C9_st_rae": 0.7527268859530105, "validation_CYP2D6_st_rae": 1.0783863776610274, "validation_CYP3A4_st_rae": 0.8385739275218191, "mean_raw_gradient_norm": 5.346158052484195, "fraction_gradients_clipped": 1.0}
{"epoch": 3, "train_rmse": 1.0093678501391377, "validation_rmse": 0.9156437516212463, "validation_ma_st_rae": 0.9137979070197001, "validation_CYP1A2_st_rae": 0.9896905245134883, "validation_CYP2C9_st_rae": 0.7496114564236023, "validation_CYP2D6_st_rae": 1.0783230321063022, "validation_CYP3A4_st_rae": 0.8375666150354076, "mean_raw_gradient_norm": 4.624758213758469, "fraction_gradients_clipped": 1.0}
{"epoch": 4, "train_rmse": 1.0298976079209554, "validation_rmse": 0.916084349155426, "validation_ma_st_rae": 0.9138981181586194, "validation_CYP1A2_st_rae": 0.9933238902378808, "validation_CYP2C9_st_rae": 0.7478902728710535, "validation_CYP2D6_st_rae": 1.0798665558214235, "validation_CYP3A4_st_rae": 0.8345117537041202, "mean_raw_gradient_norm": 4.770603244503339, "fraction_gradients_clipped": 1.0}
{
  "seed": 4211,
  "selection_metric": "validation_ma_st_rae",
  "best_validation_ma_st_rae": 0.9165906592345431,
  "best_validation_rmse": 0.9176324009895325,
  "restored_fit_rmse": 0.8761650323867798,
  "restored_validation_rmse": 0.9176276922225952,
  "restored_fit_ma_st_rae": 0.8933810417729334,
  "restored_validation_ma_st_rae": 0.9219533960401236,
  "restored_validation_point_ma_st_rae": 0.9165883661892688,
  "restored_validation_point_st_rae_by_cyp": {
    "CYP1A2": 0.9894871979576827,
    "CYP2C9": 0.7528835357705298,
    "CYP2D6": 1.080609963928126,
    "CYP3A4": 0.8433727671007368
  },
  "restored_fit_st_rae_by_cyp": {
    "CYP1A2": 0.9113771305662648,
    "CYP2C9": 0.8696239945047627,
    "CYP2D6": 0.9817214365497084,
    "CYP3A4": 0.8108016054709976
  },
  "restored_validation_st_rae_by_cyp": {
    "CYP1A2": 0.9975187459287418,
    "CYP2C9": 0.7610562189764036,
    "CYP2D6": 1.083269288013871,
    "CYP3A4": 0.8459693312414777
  },
  "validation_bootstrap_metrics": {
    "n_bootstrap_samples": 1000,
    "seed": 0,
    "macro": {
      "st_rae": {
        "mean": 0.9219533960401236,
        "ci_low": 0.8741355880969682,
        "ci_high": 0.9697063571792633
      },
      "mae": {
        "mean": 0.6817717448290602,
        "ci_low": 0.6448805689332696,
        "ci_high": 0.7147326856837097
      },
      "r2": {
        "mean": 0.13612844105462774,
        "ci_low": 0.08527490228612307,
        "ci_high": 0.18398070645469194
      },
      "spearman_rho": {
        "mean": 0.3698537946274924,
        "ci_low": 0.3147052252894902,
        "ci_high": 0.4194264117159868
      },
      "kendall_tau": {
        "mean": 0.25622462394613615,
        "ci_low": 0.21764659427573957,
        "ci_high": 0.2930769153714807
      }
    },
    "per_endpoint": {
      "CYP1A2": {
        "st_rae": {
          "mean": 0.9975187459287418,
          "ci_low": 0.8879393063184687,
          "ci_high": 1.1261766335903505
        },
        "mae": {
          "mean": 0.7192763498179768,
          "ci_low": 0.6487796954962672,
          "ci_high": 0.8000215420187736
        },
        "r2": {
          "mean": 0.09163794918414624,
          "ci_low": -0.037931845119571456,
          "ci_high": 0.18878877188864368
        },
        "spearman_rho": {
          "mean": 0.29281998217686467,
          "ci_low": 0.17207196546443432,
          "ci_high": 0.4062838016289793
        },
        "kendall_tau": {
          "mean": 0.20014448741090865,
          "ci_low": 0.11447765863677468,
          "ci_high": 0.2795431515393688
        }
      },
      "CYP2C9": {
        "st_rae": {
          "mean": 0.7610562189764036,
          "ci_low": 0.6548414592556372,
          "ci_high": 0.8828057495002741
        },
        "mae": {
          "mean": 0.5489235315291505,
          "ci_low": 0.48403188369253225,
          "ci_high": 0.6136868186687169
        },
        "r2": {
          "mean": 0.24823332619488334,
          "ci_low": 0.12239104186704006,
          "ci_high": 0.36029283712525273
        },
        "spearman_rho": {
          "mean": 0.5100102934092503,
          "ci_low": 0.38924968396646764,
          "ci_high": 0.6185448162968163
        },
        "kendall_tau": {
          "mean": 0.36358558339832764,
          "ci_low": 0.27073747441375895,
          "ci_high": 0.44891548116255964
        }
      },
      "CYP2D6": {
        "st_rae": {
          "mean": 1.083269288013871,
          "ci_low": 1.0071274689502216,
          "ci_high": 1.1775023278532362
        },
        "mae": {
          "mean": 0.6776714065503875,
          "ci_low": 0.5930087264237544,
          "ci_high": 0.7584900345014229
        },
        "r2": {
          "mean": -0.02031736956482115,
          "ci_low": -0.12653596732043407,
          "ci_high": 0.0679613632258146
        },
        "spearman_rho": {
          "mean": 0.17502037702020729,
          "ci_low": 0.055455744254768506,
          "ci_high": 0.2913504685477996
        },
        "kendall_tau": {
          "mean": 0.11707294371432853,
          "ci_low": 0.03626078414199707,
          "ci_high": 0.19823905227579736
        }
      },
      "CYP3A4": {
        "st_rae": {
          "mean": 0.8459693312414777,
          "ci_low": 0.777384569611694,
          "ci_high": 0.9160087844299672
        },
        "mae": {
          "mean": 0.7812156914187269,
          "ci_low": 0.7283697622011623,
          "ci_high": 0.8367448838189315
        },
        "r2": {
          "mean": 0.22495985840430255,
          "ci_low": 0.16779151033120426,
          "ci_high": 0.2776927697067498
        },
        "spearman_rho": {
          "mean": 0.5015645259036473,
          "ci_low": 0.4265786407679491,
          "ci_high": 0.5753703380705032
        },
        "kendall_tau": {
          "mean": 0.34409548126097955,
          "ci_low": 0.28903003858718446,
          "ci_high": 0.39646324465970667
        }
      }
    }
  },
  "epochs_run": 4,
  "fit_observations": 4082,
  "validation_observations": 1134,
  "rule": "gray_scott",
  "generations": 250,
  "hidden_channels": 8,
  "atom_feature_profile": "electronic_local",
  "atom_feature_count": 37,
  "atom_feature_names": [
    "element_H",
    "element_C",
    "element_N",
    "element_O",
    "element_F",
    "element_P",
    "element_S",
    "element_Cl",
    "element_Br",
    "element_I",
    "element_other",
    "formal_charge",
    "aromatic",
    "hybrid_sp",
    "hybrid_sp2",
    "hybrid_sp3",
    "hybrid_other",
    "degree",
    "total_hydrogens",
    "in_ring",
    "hbond_donor",
    "hbond_acceptor",
    "chiral_cw",
    "chiral_ccw",
    "chiral_other",
    "electronegativity",
    "polarizability",
    "heteroatom",
    "halogen",
    "conjugated_bond_fraction",
    "first_ionization_energy",
    "electron_affinity",
    "electronic_property_missing",
    "mean_neighbour_electronegativity",
    "electronegativity_difference",
    "mean_neighbour_atomic_number",
    "neighbour_formal_charge"
  ],
  "device": "cuda",
  "gpu": "NVIDIA GeForce RTX 5070 Ti",
  "training_seconds": 185.0994267000351,
  "peak_gpu_memory_bytes": 370448896,
  "runtime": {
    "operating_system": "Windows-10-10.0.26200-SP0",
    "machine": "AMD64",
    "python": "3.11.16",
    "python_executable": "C:\\Users\\Anthony\\anaconda3\\envs\\strange-matter-gpu\\python.exe",
    "pytorch": "2.11.0+cu128",
    "pytorch_cuda": "12.8",
    "device": "cuda",
    "gpu": "NVIDIA GeForce RTX 5070 Ti"
  },
  "validation_protocol": {
    "kind": "scaffold_cross_validation",
    "fold": 4,
    "folds": 5
  },
  "readout": "differentiable_closed_form_ridge",
  "hyperparameters": {
    "ca_lr": 0.0003,
    "ridge": 1.0,
    "ca_l2": 0.0001,
    "gradient_clip": 1.0,
    "update_scale": 0.25,
    "init_scale": 0.5,
    "initial_noise": 0.0,
    "support_fraction": 0.6,
    "bond_temperature": 2.0,
    "dyn_a": 0.5,
    "dyn_b": 0.2,
    "dyn_c": 0.5,
    "dyn_d": 0.05,
    "lr_schedule": "cosine_0.1x"
  }
}
