{"operating_system": "Windows-10-10.0.26200-SP0", "machine": "AMD64", "python": "3.11.16", "python_executable": "C:\\Users\\Anthony\\anaconda3\\envs\\strange-matter-gpu\\python.exe", "pytorch": "2.11.0+cu128", "pytorch_cuda": "12.8", "device": "cuda", "gpu": "NVIDIA GeForce RTX 5070 Ti"}
{"epoch": 1, "train_rmse": 1.3577059559363045, "validation_rmse": 0.8905870914459229, "validation_ma_st_rae": 0.9773087802080739, "validation_CYP1A2_st_rae": 0.9533335725404021, "validation_CYP2C9_st_rae": 0.9518030298968907, "validation_CYP2D6_st_rae": 1.0546751442643014, "validation_CYP3A4_st_rae": 0.9494233741307015, "mean_raw_gradient_norm": 38.4290940284729, "fraction_gradients_clipped": 1.0}
{"epoch": 2, "train_rmse": 1.216780873168424, "validation_rmse": 0.8932165503501892, "validation_ma_st_rae": 0.9844823507408353, "validation_CYP1A2_st_rae": 0.9510075922786688, "validation_CYP2C9_st_rae": 0.9565271100341562, "validation_CYP2D6_st_rae": 1.0956987983951934, "validation_CYP3A4_st_rae": 0.9346959022553231, "mean_raw_gradient_norm": 22.766234350204467, "fraction_gradients_clipped": 1.0}
{"epoch": 3, "train_rmse": 1.3962645908196276, "validation_rmse": 0.8949902653694153, "validation_ma_st_rae": 0.9904234875172166, "validation_CYP1A2_st_rae": 0.9509367393335888, "validation_CYP2C9_st_rae": 0.9540892593316994, "validation_CYP2D6_st_rae": 1.1272161573605681, "validation_CYP3A4_st_rae": 0.9294517940430101, "mean_raw_gradient_norm": 29.719147300720216, "fraction_gradients_clipped": 1.0}
{
  "seed": 1701,
  "selection_metric": "validation_ma_st_rae",
  "best_validation_ma_st_rae": 0.9773087802080739,
  "best_validation_rmse": 0.8905870914459229,
  "restored_fit_rmse": 0.9547074437141418,
  "restored_validation_rmse": 0.8905845880508423,
  "restored_fit_ma_st_rae": 0.9104194171673862,
  "restored_validation_ma_st_rae": 0.9919785044924453,
  "restored_validation_point_ma_st_rae": 0.9773085736030896,
  "restored_validation_point_st_rae_by_cyp": {
    "CYP1A2": 0.9533257521574663,
    "CYP2C9": 0.9518169344778786,
    "CYP2D6": 1.054688407208575,
    "CYP3A4": 0.949403200568439
  },
  "restored_fit_st_rae_by_cyp": {
    "CYP1A2": 0.9070385813837999,
    "CYP2C9": 0.9092059196682168,
    "CYP2D6": 0.9737438167281498,
    "CYP3A4": 0.8516893508893779
  },
  "restored_validation_st_rae_by_cyp": {
    "CYP1A2": 0.9539749163502915,
    "CYP2C9": 0.9820047053309452,
    "CYP2D6": 1.0692685923150345,
    "CYP3A4": 0.9626658039735101
  },
  "validation_bootstrap_metrics": {
    "n_bootstrap_samples": 1000,
    "seed": 0,
    "macro": {
      "st_rae": {
        "mean": 0.9919785044924453,
        "ci_low": 0.8854519077759737,
        "ci_high": 1.1125560703391844
      },
      "mae": {
        "mean": 0.6597558051991218,
        "ci_low": 0.5952620159956232,
        "ci_high": 0.7299859015492752
      },
      "r2": {
        "mean": -0.009346343445186363,
        "ci_low": -0.1336340920357927,
        "ci_high": 0.09693709805723798
      },
      "spearman_rho": {
        "mean": 0.3080996747736023,
        "ci_low": 0.19414446533581775,
        "ci_high": 0.4151944221268433
      },
      "kendall_tau": {
        "mean": 0.2163367191108947,
        "ci_low": 0.1352479962637855,
        "ci_high": 0.2957008143695858
      }
    },
    "per_endpoint": {
      "CYP1A2": {
        "st_rae": {
          "mean": 0.9539749163502915,
          "ci_low": 0.767896944735411,
          "ci_high": 1.1682747971979726
        },
        "mae": {
          "mean": 0.6733323451417391,
          "ci_low": 0.5149049925999564,
          "ci_high": 0.8523055547573527
        },
        "r2": {
          "mean": 0.11686658069715887,
          "ci_low": -0.04036540067420171,
          "ci_high": 0.23947842184565288
        },
        "spearman_rho": {
          "mean": 0.4431399284878299,
          "ci_low": 0.23367385138592206,
          "ci_high": 0.6361191115076325
        },
        "kendall_tau": {
          "mean": 0.31033705638516995,
          "ci_low": 0.16193390584009063,
          "ci_high": 0.46193076400469396
        }
      },
      "CYP2C9": {
        "st_rae": {
          "mean": 0.9820047053309452,
          "ci_low": 0.7163782224331436,
          "ci_high": 1.3070151303001423
        },
        "mae": {
          "mean": 0.5588247005025546,
          "ci_low": 0.4419587983687719,
          "ci_high": 0.6844131669402123
        },
        "r2": {
          "mean": -0.05998238329631869,
          "ci_low": -0.42532983755463877,
          "ci_high": 0.22775225961733164
        },
        "spearman_rho": {
          "mean": 0.3092206977548167,
          "ci_low": 0.043485277548665,
          "ci_high": 0.5416767608596561
        },
        "kendall_tau": {
          "mean": 0.21217543855796986,
          "ci_low": 0.0200438188164314,
          "ci_high": 0.3846551724137931
        }
      },
      "CYP2D6": {
        "st_rae": {
          "mean": 1.0692685923150345,
          "ci_low": 0.8691843926061211,
          "ci_high": 1.2980498435352128
        },
        "mae": {
          "mean": 0.5950646625005281,
          "ci_low": 0.4507722459389613,
          "ci_high": 0.7596918883690467
        },
        "r2": {
          "mean": -0.20118683225899428,
          "ci_low": -0.48839477696584205,
          "ci_high": 0.015715014422877496
        },
        "spearman_rho": {
          "mean": 0.15334363594022407,
          "ci_low": -0.09754837418573005,
          "ci_high": 0.39309329020129946
        },
        "kendall_tau": {
          "mean": 0.12125714822442203,
          "ci_low": -0.05883071352625075,
          "ci_high": 0.2980970589633959
        }
      },
      "CYP3A4": {
        "st_rae": {
          "mean": 0.9626658039735101,
          "ci_low": 0.8083940160434808,
          "ci_high": 1.161149479185298
        },
        "mae": {
          "mean": 0.8118015126516652,
          "ci_low": 0.6948585164408352,
          "ci_high": 0.93427418948606
        },
        "r2": {
          "mean": 0.10691726107740865,
          "ci_low": -0.04736565173002308,
          "ci_high": 0.2432001007585929
        },
        "spearman_rho": {
          "mean": 0.3266944369115383,
          "ci_low": 0.12240715511705956,
          "ci_high": 0.523846158199178
        },
        "kendall_tau": {
          "mean": 0.2215772332760169,
          "ci_low": 0.07712936743524312,
          "ci_high": 0.3626994552858184
        }
      }
    }
  },
  "epochs_run": 3,
  "fit_observations": 806,
  "validation_observations": 272,
  "rule": "damped_symplectic",
  "generations": 64,
  "hidden_channels": 8,
  "atom_feature_profile": "baseline",
  "atom_feature_count": 25,
  "atom_feature_names": [
    "element_H",
    "element_C",
    "element_N",
    "element_O",
    "element_F",
    "element_P",
    "element_S",
    "element_Cl",
    "element_Br",
    "element_I",
    "element_other",
    "formal_charge",
    "aromatic",
    "hybrid_sp",
    "hybrid_sp2",
    "hybrid_sp3",
    "hybrid_other",
    "degree",
    "total_hydrogens",
    "in_ring",
    "hbond_donor",
    "hbond_acceptor",
    "chiral_cw",
    "chiral_ccw",
    "chiral_other"
  ],
  "device": "cuda",
  "gpu": "NVIDIA GeForce RTX 5070 Ti",
  "training_seconds": 6.4635645999806,
  "peak_gpu_memory_bytes": 97493504,
  "runtime": {
    "operating_system": "Windows-10-10.0.26200-SP0",
    "machine": "AMD64",
    "python": "3.11.16",
    "python_executable": "C:\\Users\\Anthony\\anaconda3\\envs\\strange-matter-gpu\\python.exe",
    "pytorch": "2.11.0+cu128",
    "pytorch_cuda": "12.8",
    "device": "cuda",
    "gpu": "NVIDIA GeForce RTX 5070 Ti"
  },
  "validation_protocol": {
    "kind": "scaffold_cross_validation",
    "fold": 0,
    "folds": 5
  },
  "readout": "differentiable_closed_form_ridge",
  "hyperparameters": {
    "ca_lr": 0.001,
    "ridge": 0.1,
    "ca_l2": 1e-05,
    "gradient_clip": 1.0,
    "update_scale": 0.25,
    "init_scale": 1.0,
    "initial_noise": 0.0,
    "support_fraction": 0.75,
    "bond_temperature": 1.0,
    "dyn_a": 0.5,
    "dyn_b": 0.5,
    "dyn_c": 0.5,
    "dyn_d": 0.2,
    "lr_schedule": "cosine_0.1x"
  }
}
