{"operating_system": "macOS-26.2-arm64-arm-64bit", "machine": "arm64", "python": "3.10.19", "python_executable": "/opt/anaconda3/envs/kcc2/bin/python3.10", "pytorch": "2.8.0", "pytorch_cuda": null, "device": "cpu", "gpu": null}
{"epoch": 1, "train_rmse": 1.1243309356235085, "validation_rmse": 0.9560680389404297, "mean_raw_gradient_norm": 10.985362514372795, "fraction_gradients_clipped": 1.0}
{"epoch": 2, "train_rmse": 1.1393373770628716, "validation_rmse": 0.960762083530426, "mean_raw_gradient_norm": 6.8991626924084075, "fraction_gradients_clipped": 1.0}
{"epoch": 3, "train_rmse": 1.03978669500882, "validation_rmse": 0.9459595084190369, "mean_raw_gradient_norm": 5.79413813929404, "fraction_gradients_clipped": 1.0}
{"epoch": 4, "train_rmse": 1.063646306578551, "validation_rmse": 0.9406524300575256, "mean_raw_gradient_norm": 6.218993740697061, "fraction_gradients_clipped": 1.0}
{"epoch": 5, "train_rmse": 1.084725489379222, "validation_rmse": 0.9406465291976929, "mean_raw_gradient_norm": 5.903663419908093, "fraction_gradients_clipped": 1.0}
{"epoch": 6, "train_rmse": 1.0741749687077338, "validation_rmse": 0.9474198222160339, "mean_raw_gradient_norm": 6.535023608515339, "fraction_gradients_clipped": 1.0}
{"epoch": 7, "train_rmse": 1.0509991429150052, "validation_rmse": 0.9336056113243103, "mean_raw_gradient_norm": 6.5633134841918945, "fraction_gradients_clipped": 1.0}
{"epoch": 8, "train_rmse": 1.0140047628961184, "validation_rmse": 0.9327235817909241, "mean_raw_gradient_norm": 4.912178970152332, "fraction_gradients_clipped": 1.0}
{"epoch": 9, "train_rmse": 1.0300657104572957, "validation_rmse": 0.9336858987808228, "mean_raw_gradient_norm": 6.130035408081547, "fraction_gradients_clipped": 1.0}
{"epoch": 10, "train_rmse": 1.0671237003528147, "validation_rmse": 0.93491131067276, "mean_raw_gradient_norm": 6.500583833263766, "fraction_gradients_clipped": 1.0}
{
  "seed": 4211,
  "best_validation_rmse": 0.9336056113243103,
  "restored_fit_rmse": 0.8968978524208069,
  "restored_validation_rmse": 0.9336056113243103,
  "epochs_run": 10,
  "fit_observations": 5216,
  "validation_observations": 1309,
  "rule": "conservative_graph_flux",
  "generations": 64,
  "hidden_channels": 8,
  "device": "cpu",
  "gpu": null,
  "training_seconds": 119.62766691599973,
  "peak_gpu_memory_bytes": 0,
  "runtime": {
    "operating_system": "macOS-26.2-arm64-arm-64bit",
    "machine": "arm64",
    "python": "3.10.19",
    "python_executable": "/opt/anaconda3/envs/kcc2/bin/python3.10",
    "pytorch": "2.8.0",
    "pytorch_cuda": null,
    "device": "cpu",
    "gpu": null
  },
  "readout": "differentiable_closed_form_ridge",
  "hyperparameters": {
    "ca_lr": 0.003,
    "ridge": 0.01,
    "ca_l2": 0.0001,
    "gradient_clip": 1.0,
    "update_scale": 0.4,
    "init_scale": 1.5,
    "initial_noise": 0.0,
    "support_fraction": 0.75,
    "bond_temperature": 0.5,
    "dyn_a": 0.2,
    "dyn_b": 0.8,
    "dyn_c": 0.5,
    "dyn_d": 0.05,
    "lr_schedule": "cosine_0.1x"
  }
}
