{"operating_system": "Windows-10-10.0.26200-SP0", "machine": "AMD64", "python": "3.11.16", "python_executable": "C:\\Users\\Anthony\\anaconda3\\envs\\strange-matter-gpu\\python.exe", "pytorch": "2.11.0+cu128", "pytorch_cuda": "12.8", "device": "cuda", "gpu": "NVIDIA GeForce RTX 5070 Ti"}
{"epoch": 1, "train_rmse": 1.2424141971322784, "validation_rmse": 0.9163486957550049, "validation_ma_st_rae": 1.0822534715773158, "validation_CYP1A2_st_rae": 1.1862082531086955, "validation_CYP2C9_st_rae": 1.0833561029258547, "validation_CYP2D6_st_rae": 1.1094261344382599, "validation_CYP3A4_st_rae": 0.9500233958364535, "mean_raw_gradient_norm": 21.491149520874025, "fraction_gradients_clipped": 1.0}
{"epoch": 2, "train_rmse": 1.272446236698811, "validation_rmse": 0.9551358819007874, "validation_ma_st_rae": 1.1582539415012563, "validation_CYP1A2_st_rae": 1.342940935646698, "validation_CYP2C9_st_rae": 1.206029587457889, "validation_CYP2D6_st_rae": 1.118418370547741, "validation_CYP3A4_st_rae": 0.9656268723526968, "mean_raw_gradient_norm": 20.730590438842775, "fraction_gradients_clipped": 1.0}
{"epoch": 3, "train_rmse": 1.416123200638246, "validation_rmse": 0.9197537899017334, "validation_ma_st_rae": 1.0833621038943742, "validation_CYP1A2_st_rae": 1.1695997321073202, "validation_CYP2C9_st_rae": 1.162213759681802, "validation_CYP2D6_st_rae": 1.074210615335341, "validation_CYP3A4_st_rae": 0.9274243084530334, "mean_raw_gradient_norm": 21.82791633605957, "fraction_gradients_clipped": 1.0}
{
  "seed": 1701,
  "selection_metric": "validation_ma_st_rae",
  "best_validation_ma_st_rae": 1.0822534715773158,
  "best_validation_rmse": 0.9163486957550049,
  "restored_fit_rmse": 0.9286282062530518,
  "restored_validation_rmse": 0.9163340926170349,
  "restored_fit_ma_st_rae": 0.9242003146701454,
  "restored_validation_ma_st_rae": 1.1002669425794969,
  "restored_validation_point_ma_st_rae": 1.082339555525373,
  "restored_validation_point_st_rae_by_cyp": {
    "CYP1A2": 1.1857237867071506,
    "CYP2C9": 1.0836048607311102,
    "CYP2D6": 1.1100353819312132,
    "CYP3A4": 0.9499941927320172
  },
  "restored_fit_st_rae_by_cyp": {
    "CYP1A2": 0.8616418025376895,
    "CYP2C9": 0.9660862630976846,
    "CYP2D6": 1.0466636405014587,
    "CYP3A4": 0.8224095525437488
  },
  "restored_validation_st_rae_by_cyp": {
    "CYP1A2": 1.1939770891583492,
    "CYP2C9": 1.1165969612062534,
    "CYP2D6": 1.1264784186524617,
    "CYP3A4": 0.9640153013009228
  },
  "validation_bootstrap_metrics": {
    "n_bootstrap_samples": 1000,
    "seed": 0,
    "macro": {
      "st_rae": {
        "mean": 1.1002669425794969,
        "ci_low": 0.965763251414423,
        "ci_high": 1.2412511771681773
      },
      "mae": {
        "mean": 0.6955402982774954,
        "ci_low": 0.6299277531879935,
        "ci_high": 0.7672559984811401
      },
      "r2": {
        "mean": -0.06452969304620514,
        "ci_low": -0.1981790615703744,
        "ci_high": 0.06723483832781293
      },
      "spearman_rho": {
        "mean": 0.2798123831298616,
        "ci_low": 0.16378264936332332,
        "ci_high": 0.39696068047580607
      },
      "kendall_tau": {
        "mean": 0.19480054552882195,
        "ci_low": 0.11175148669333973,
        "ci_high": 0.28098068581138963
      }
    },
    "per_endpoint": {
      "CYP1A2": {
        "st_rae": {
          "mean": 1.1939770891583492,
          "ci_low": 0.9141682970924061,
          "ci_high": 1.550194883472489
        },
        "mae": {
          "mean": 0.7652659910624146,
          "ci_low": 0.6065144918981146,
          "ci_high": 0.9546042361220375
        },
        "r2": {
          "mean": -0.05978006180048584,
          "ci_low": -0.36480439195107794,
          "ci_high": 0.1645809402291187
        },
        "spearman_rho": {
          "mean": 0.27106055388559697,
          "ci_low": 0.01502265981288704,
          "ci_high": 0.5085086878263521
        },
        "kendall_tau": {
          "mean": 0.19206240407337993,
          "ci_low": 0.0026682414615625863,
          "ci_high": 0.3692517868423986
        }
      },
      "CYP2C9": {
        "st_rae": {
          "mean": 1.1165969612062534,
          "ci_low": 0.8259336433961331,
          "ci_high": 1.4975569610867563
        },
        "mae": {
          "mean": 0.5990158958594004,
          "ci_low": 0.48055814117193224,
          "ci_high": 0.7219763768712679
        },
        "r2": {
          "mean": -0.13164704290866425,
          "ci_low": -0.511966893169487,
          "ci_high": 0.16871252848369256
        },
        "spearman_rho": {
          "mean": 0.3341979107317322,
          "ci_low": 0.10440324370566981,
          "ci_high": 0.548647513750309
        },
        "kendall_tau": {
          "mean": 0.23083001027762007,
          "ci_low": 0.06915411736881123,
          "ci_high": 0.3838783706253585
        }
      },
      "CYP2D6": {
        "st_rae": {
          "mean": 1.1264784186524617,
          "ci_low": 0.9362060326306264,
          "ci_high": 1.3617374917806222
        },
        "mae": {
          "mean": 0.6206335359500006,
          "ci_low": 0.4933175135575808,
          "ci_high": 0.768434485747264
        },
        "r2": {
          "mean": -0.1610041583755437,
          "ci_low": -0.4425761510344632,
          "ci_high": 0.1115505141396919
        },
        "spearman_rho": {
          "mean": 0.21464450227613102,
          "ci_low": -0.046618686103825725,
          "ci_high": 0.44362649025029094
        },
        "kendall_tau": {
          "mean": 0.14836754125067744,
          "ci_low": -0.029431929480901075,
          "ci_high": 0.30626389317570324
        }
      },
      "CYP3A4": {
        "st_rae": {
          "mean": 0.9640153013009228,
          "ci_low": 0.7762344689857302,
          "ci_high": 1.1927305579496517
        },
        "mae": {
          "mean": 0.7972457702381667,
          "ci_low": 0.6747658087763676,
          "ci_high": 0.9182257865057435
        },
        "r2": {
          "mean": 0.0943124908998732,
          "ci_low": -0.10717504376242058,
          "ci_high": 0.2783895184991632
        },
        "spearman_rho": {
          "mean": 0.2993465656259864,
          "ci_low": 0.08012538843677906,
          "ci_high": 0.5086587690895871
        },
        "kendall_tau": {
          "mean": 0.20794222651361022,
          "ci_low": 0.04992510251417052,
          "ci_high": 0.3644114501725038
        }
      }
    }
  },
  "epochs_run": 3,
  "fit_observations": 806,
  "validation_observations": 272,
  "rule": "kuramoto_sakaguchi",
  "generations": 250,
  "hidden_channels": 16,
  "atom_feature_profile": "comprehensive",
  "atom_feature_count": 57,
  "atom_feature_names": [
    "element_H",
    "element_C",
    "element_N",
    "element_O",
    "element_F",
    "element_P",
    "element_S",
    "element_Cl",
    "element_Br",
    "element_I",
    "element_other",
    "formal_charge",
    "aromatic",
    "hybrid_sp",
    "hybrid_sp2",
    "hybrid_sp3",
    "hybrid_other",
    "degree",
    "total_hydrogens",
    "in_ring",
    "hbond_donor",
    "hbond_acceptor",
    "chiral_cw",
    "chiral_ccw",
    "chiral_other",
    "atomic_number",
    "atomic_mass",
    "covalent_radius",
    "vdw_radius",
    "outer_electrons",
    "period",
    "periodic_group",
    "atomic_volume",
    "total_valence",
    "implicit_valence",
    "heavy_atom_degree",
    "radical_electrons",
    "absolute_formal_charge",
    "electronegativity",
    "polarizability",
    "heteroatom",
    "halogen",
    "conjugated_bond_fraction",
    "first_ionization_energy",
    "electron_affinity",
    "electronic_property_missing",
    "ring_count",
    "ring_size_3",
    "ring_size_4",
    "ring_size_5",
    "ring_size_6",
    "ring_size_7",
    "ring_size_8_plus",
    "mean_neighbour_electronegativity",
    "electronegativity_difference",
    "mean_neighbour_atomic_number",
    "neighbour_formal_charge"
  ],
  "device": "cuda",
  "gpu": "NVIDIA GeForce RTX 5070 Ti",
  "training_seconds": 19.540407599997707,
  "peak_gpu_memory_bytes": 1678610432,
  "runtime": {
    "operating_system": "Windows-10-10.0.26200-SP0",
    "machine": "AMD64",
    "python": "3.11.16",
    "python_executable": "C:\\Users\\Anthony\\anaconda3\\envs\\strange-matter-gpu\\python.exe",
    "pytorch": "2.11.0+cu128",
    "pytorch_cuda": "12.8",
    "device": "cuda",
    "gpu": "NVIDIA GeForce RTX 5070 Ti"
  },
  "validation_protocol": {
    "kind": "scaffold_cross_validation",
    "fold": 0,
    "folds": 5
  },
  "readout": "differentiable_closed_form_ridge",
  "hyperparameters": {
    "ca_lr": 0.003,
    "ridge": 1.0,
    "ca_l2": 1e-06,
    "gradient_clip": 2.0,
    "update_scale": 0.15,
    "init_scale": 1.5,
    "initial_noise": 0.0,
    "support_fraction": 0.85,
    "bond_temperature": 0.5,
    "dyn_a": 0.5,
    "dyn_b": 0.2,
    "dyn_c": 0.5,
    "dyn_d": 0.05,
    "lr_schedule": "cosine_0.1x"
  }
}
