{"operating_system": "macOS-26.2-arm64-arm-64bit", "machine": "arm64", "python": "3.10.19", "python_executable": "/opt/anaconda3/envs/kcc2/bin/python3.10", "pytorch": "2.8.0", "pytorch_cuda": null, "device": "cpu", "gpu": null}
{"epoch": 1, "train_rmse": 1.3907207479745838, "validation_rmse": 0.9156361222267151, "mean_raw_gradient_norm": 33.966840405617994, "fraction_gradients_clipped": 1.0}
{"epoch": 2, "train_rmse": 1.343300643201475, "validation_rmse": 0.9081114530563354, "mean_raw_gradient_norm": 28.359600605503207, "fraction_gradients_clipped": 1.0}
{"epoch": 3, "train_rmse": 1.1959539213385313, "validation_rmse": 0.9053053855895996, "mean_raw_gradient_norm": 22.070791029161022, "fraction_gradients_clipped": 1.0}
{"epoch": 4, "train_rmse": 1.2120169819446844, "validation_rmse": 0.904608428478241, "mean_raw_gradient_norm": 22.097678830546716, "fraction_gradients_clipped": 1.0}
{"epoch": 5, "train_rmse": 1.2897690034297729, "validation_rmse": 0.9032220840454102, "mean_raw_gradient_norm": 24.664562902142926, "fraction_gradients_clipped": 1.0}
{"epoch": 6, "train_rmse": 1.2087613500371797, "validation_rmse": 0.901024341583252, "mean_raw_gradient_norm": 18.54860031989313, "fraction_gradients_clipped": 1.0}
{"epoch": 7, "train_rmse": 1.2025860912469246, "validation_rmse": 0.8985733389854431, "mean_raw_gradient_norm": 19.938649700533958, "fraction_gradients_clipped": 1.0}
{"epoch": 8, "train_rmse": 1.167149698159191, "validation_rmse": 0.8962883353233337, "mean_raw_gradient_norm": 15.799347800593223, "fraction_gradients_clipped": 1.0}
{"epoch": 9, "train_rmse": 1.1755273649308258, "validation_rmse": 0.8939393758773804, "mean_raw_gradient_norm": 17.4789868785489, "fraction_gradients_clipped": 1.0}
{"epoch": 10, "train_rmse": 1.1712335677739747, "validation_rmse": 0.8925489187240601, "mean_raw_gradient_norm": 16.44976117534022, "fraction_gradients_clipped": 1.0}
{
  "seed": 2909,
  "best_validation_rmse": 0.8925489187240601,
  "restored_fit_rmse": 0.820575475692749,
  "restored_validation_rmse": 0.8925489187240601,
  "epochs_run": 10,
  "fit_observations": 5216,
  "validation_observations": 1309,
  "rule": "delayed_memory",
  "generations": 32,
  "hidden_channels": 16,
  "device": "cpu",
  "gpu": null,
  "training_seconds": 92.45429566688836,
  "peak_gpu_memory_bytes": 0,
  "runtime": {
    "operating_system": "macOS-26.2-arm64-arm-64bit",
    "machine": "arm64",
    "python": "3.10.19",
    "python_executable": "/opt/anaconda3/envs/kcc2/bin/python3.10",
    "pytorch": "2.8.0",
    "pytorch_cuda": null,
    "device": "cpu",
    "gpu": null
  },
  "readout": "differentiable_closed_form_ridge",
  "hyperparameters": {
    "ca_lr": 0.001,
    "ridge": 0.01,
    "ca_l2": 0.0001,
    "gradient_clip": 0.5,
    "update_scale": 0.4,
    "init_scale": 1.0,
    "initial_noise": 0.0,
    "support_fraction": 0.75,
    "bond_temperature": 2.0,
    "dyn_a": 0.5,
    "dyn_b": 0.8,
    "dyn_c": 0.5,
    "dyn_d": 0.05,
    "lr_schedule": "cosine_0.1x"
  }
}
