{"operating_system": "Windows-10-10.0.26200-SP0", "machine": "AMD64", "python": "3.11.16", "python_executable": "C:\\Users\\Anthony\\anaconda3\\envs\\strange-matter-gpu\\python.exe", "pytorch": "2.11.0+cu128", "pytorch_cuda": "12.8", "device": "cuda", "gpu": "NVIDIA GeForce RTX 5070 Ti"}
{"epoch": 1, "train_rmse": 0.9939705300046824, "validation_rmse": 0.934817373752594, "validation_ma_st_rae": 1.063007346714032, "validation_CYP1A2_st_rae": 1.1497703182631087, "validation_CYP2C9_st_rae": 0.95622627471119, "validation_CYP2D6_st_rae": 1.1363302923387197, "validation_CYP3A4_st_rae": 1.0097025015431094, "mean_raw_gradient_norm": 7.714355516433716, "fraction_gradients_clipped": 1.0}
{"epoch": 2, "train_rmse": 1.4481349552123035, "validation_rmse": 0.9391638040542603, "validation_ma_st_rae": 1.0781243369724947, "validation_CYP1A2_st_rae": 1.1615247127269934, "validation_CYP2C9_st_rae": 0.985691337097522, "validation_CYP2D6_st_rae": 1.1450049252260361, "validation_CYP3A4_st_rae": 1.0202763728394266, "mean_raw_gradient_norm": 34.01391630172729, "fraction_gradients_clipped": 1.0}
{"epoch": 3, "train_rmse": 1.2472980861818264, "validation_rmse": 0.9402493238449097, "validation_ma_st_rae": 1.083323722091299, "validation_CYP1A2_st_rae": 1.1727550193613787, "validation_CYP2C9_st_rae": 0.9921231247710935, "validation_CYP2D6_st_rae": 1.1507344058276154, "validation_CYP3A4_st_rae": 1.0176823384051084, "mean_raw_gradient_norm": 18.848375606536866, "fraction_gradients_clipped": 1.0}
{
  "seed": 1701,
  "selection_metric": "validation_ma_st_rae",
  "best_validation_ma_st_rae": 1.063007346714032,
  "best_validation_rmse": 0.934817373752594,
  "restored_fit_rmse": 0.9981591105461121,
  "restored_validation_rmse": 0.9348188042640686,
  "restored_fit_ma_st_rae": 0.9785772340783783,
  "restored_validation_ma_st_rae": 1.0754354347769377,
  "restored_validation_point_ma_st_rae": 1.0630160763743834,
  "restored_validation_point_st_rae_by_cyp": {
    "CYP1A2": 1.1497872413550505,
    "CYP2C9": 0.9562227556505696,
    "CYP2D6": 1.13634277185682,
    "CYP3A4": 1.0097115366350937
  },
  "restored_fit_st_rae_by_cyp": {
    "CYP1A2": 0.9627857456653303,
    "CYP2C9": 0.9778116034403215,
    "CYP2D6": 1.0457789345904913,
    "CYP3A4": 0.9279326526173698
  },
  "restored_validation_st_rae_by_cyp": {
    "CYP1A2": 1.1499611283461508,
    "CYP2C9": 0.9779752432080272,
    "CYP2D6": 1.1516695166496427,
    "CYP3A4": 1.0221358509039304
  },
  "validation_bootstrap_metrics": {
    "n_bootstrap_samples": 1000,
    "seed": 0,
    "macro": {
      "st_rae": {
        "mean": 1.0754354347769377,
        "ci_low": 0.97694902204601,
        "ci_high": 1.1833453180786728
      },
      "mae": {
        "mean": 0.6998098747030195,
        "ci_low": 0.6307267260202387,
        "ci_high": 0.7682750021039102
      },
      "r2": {
        "mean": -0.09527544565889295,
        "ci_low": -0.2078378559441139,
        "ci_high": -0.005485506681531194
      },
      "spearman_rho": {
        "mean": 0.06346591735644073,
        "ci_low": -0.0577902050757586,
        "ci_high": 0.18464050850864855
      },
      "kendall_tau": {
        "mean": 0.05154374122561141,
        "ci_low": -0.038615560285309936,
        "ci_high": 0.14044923291878386
      }
    },
    "per_endpoint": {
      "CYP1A2": {
        "st_rae": {
          "mean": 1.1499611283461508,
          "ci_low": 0.9171068498321122,
          "ci_high": 1.412785242589961
        },
        "mae": {
          "mean": 0.7467674022189906,
          "ci_low": 0.5848231047880454,
          "ci_high": 0.9315921879205546
        },
        "r2": {
          "mean": -0.04878610706983182,
          "ci_low": -0.319406457737081,
          "ci_high": 0.11539368021559307
        },
        "spearman_rho": {
          "mean": 0.12744838933114272,
          "ci_low": -0.1409464384119182,
          "ci_high": 0.37970793662880015
        },
        "kendall_tau": {
          "mean": 0.10273218260090017,
          "ci_low": -0.0845463808002606,
          "ci_high": 0.28629794330183433
        }
      },
      "CYP2C9": {
        "st_rae": {
          "mean": 0.9779752432080272,
          "ci_low": 0.7546705705713809,
          "ci_high": 1.2207091068256484
        },
        "mae": {
          "mean": 0.5622363623579343,
          "ci_low": 0.445074044962724,
          "ci_high": 0.6865343461434047
        },
        "r2": {
          "mean": -0.07360081766462583,
          "ci_low": -0.40656316929061653,
          "ci_high": 0.1637208843449558
        },
        "spearman_rho": {
          "mean": 0.23661493483407148,
          "ci_low": -0.043462385278500715,
          "ci_high": 0.4822079601865012
        },
        "kendall_tau": {
          "mean": 0.16654030505399103,
          "ci_low": -0.03405298996833253,
          "ci_high": 0.34248220522373735
        }
      },
      "CYP2D6": {
        "st_rae": {
          "mean": 1.1516695166496427,
          "ci_low": 1.0130293361671143,
          "ci_high": 1.3128864847637307
        },
        "mae": {
          "mean": 0.6294069555135874,
          "ci_low": 0.49220664666249203,
          "ci_high": 0.7835841480585245
        },
        "r2": {
          "mean": -0.26113539113054834,
          "ci_low": -0.4673359944149333,
          "ci_high": -0.09636393383488627
        },
        "spearman_rho": {
          "mean": -0.18993686598411932,
          "ci_low": -0.44099137454482634,
          "ci_high": 0.06678641563324611
        },
        "kendall_tau": {
          "mean": -0.11576857593163269,
          "ci_low": -0.2901123046875,
          "ci_high": 0.0665623185127968
        }
      },
      "CYP3A4": {
        "st_rae": {
          "mean": 1.0221358509039304,
          "ci_low": 0.9039140578950957,
          "ci_high": 1.195352331690762
        },
        "mae": {
          "mean": 0.8608287787215654,
          "ci_low": 0.7394916952349418,
          "ci_high": 0.9843209239632583
        },
        "r2": {
          "mean": 0.0024205332294341925,
          "ci_low": -0.09628861252497348,
          "ci_high": 0.10634200815786679
        },
        "spearman_rho": {
          "mean": 0.07973721124466811,
          "ci_low": -0.11667234571145672,
          "ci_high": 0.2847643589565851
        },
        "kendall_tau": {
          "mean": 0.05267105317918707,
          "ci_low": -0.08484109491036755,
          "ci_high": 0.1982402764498871
        }
      }
    }
  },
  "epochs_run": 3,
  "fit_observations": 806,
  "validation_observations": 272,
  "rule": "kuramoto_sakaguchi",
  "generations": 250,
  "hidden_channels": 4,
  "atom_feature_profile": "comprehensive",
  "atom_feature_count": 57,
  "atom_feature_names": [
    "element_H",
    "element_C",
    "element_N",
    "element_O",
    "element_F",
    "element_P",
    "element_S",
    "element_Cl",
    "element_Br",
    "element_I",
    "element_other",
    "formal_charge",
    "aromatic",
    "hybrid_sp",
    "hybrid_sp2",
    "hybrid_sp3",
    "hybrid_other",
    "degree",
    "total_hydrogens",
    "in_ring",
    "hbond_donor",
    "hbond_acceptor",
    "chiral_cw",
    "chiral_ccw",
    "chiral_other",
    "atomic_number",
    "atomic_mass",
    "covalent_radius",
    "vdw_radius",
    "outer_electrons",
    "period",
    "periodic_group",
    "atomic_volume",
    "total_valence",
    "implicit_valence",
    "heavy_atom_degree",
    "radical_electrons",
    "absolute_formal_charge",
    "electronegativity",
    "polarizability",
    "heteroatom",
    "halogen",
    "conjugated_bond_fraction",
    "first_ionization_energy",
    "electron_affinity",
    "electronic_property_missing",
    "ring_count",
    "ring_size_3",
    "ring_size_4",
    "ring_size_5",
    "ring_size_6",
    "ring_size_7",
    "ring_size_8_plus",
    "mean_neighbour_electronegativity",
    "electronegativity_difference",
    "mean_neighbour_atomic_number",
    "neighbour_formal_charge"
  ],
  "device": "cuda",
  "gpu": "NVIDIA GeForce RTX 5070 Ti",
  "training_seconds": 18.861490900046192,
  "peak_gpu_memory_bytes": 443110912,
  "runtime": {
    "operating_system": "Windows-10-10.0.26200-SP0",
    "machine": "AMD64",
    "python": "3.11.16",
    "python_executable": "C:\\Users\\Anthony\\anaconda3\\envs\\strange-matter-gpu\\python.exe",
    "pytorch": "2.11.0+cu128",
    "pytorch_cuda": "12.8",
    "device": "cuda",
    "gpu": "NVIDIA GeForce RTX 5070 Ti"
  },
  "validation_protocol": {
    "kind": "scaffold_cross_validation",
    "fold": 0,
    "folds": 5
  },
  "readout": "differentiable_closed_form_ridge",
  "hyperparameters": {
    "ca_lr": 0.0003,
    "ridge": 0.01,
    "ca_l2": 0.0001,
    "gradient_clip": 2.0,
    "update_scale": 0.08,
    "init_scale": 0.5,
    "initial_noise": 0.0,
    "support_fraction": 0.85,
    "bond_temperature": 1.0,
    "dyn_a": 0.2,
    "dyn_b": 0.5,
    "dyn_c": 0.2,
    "dyn_d": 0.15,
    "lr_schedule": "cosine_0.1x"
  }
}
