{"operating_system": "Windows-10-10.0.26200-SP0", "machine": "AMD64", "python": "3.11.16", "python_executable": "C:\\Users\\Anthony\\anaconda3\\envs\\strange-matter-gpu\\python.exe", "pytorch": "2.11.0+cu128", "pytorch_cuda": "12.8", "device": "cuda", "gpu": "NVIDIA GeForce RTX 5070 Ti"}
{"epoch": 1, "train_rmse": 1.3924305851946248, "validation_rmse": 0.8862155079841614, "validation_ma_st_rae": 0.9832846978146081, "validation_CYP1A2_st_rae": 1.1024681929628706, "validation_CYP2C9_st_rae": 0.8918718920613691, "validation_CYP2D6_st_rae": 1.0458401649347258, "validation_CYP3A4_st_rae": 0.8929585412994671, "mean_raw_gradient_norm": 63.776599645614624, "fraction_gradients_clipped": 1.0}
{"epoch": 2, "train_rmse": 1.1553400464377592, "validation_rmse": 0.8866657614707947, "validation_ma_st_rae": 0.981675304967019, "validation_CYP1A2_st_rae": 1.0982902923847422, "validation_CYP2C9_st_rae": 0.8887499900820126, "validation_CYP2D6_st_rae": 1.040299358561552, "validation_CYP3A4_st_rae": 0.8993615788397692, "mean_raw_gradient_norm": 24.6511070728302, "fraction_gradients_clipped": 1.0}
{"epoch": 3, "train_rmse": 1.3823192728022167, "validation_rmse": 0.8860201835632324, "validation_ma_st_rae": 0.9806931533322091, "validation_CYP1A2_st_rae": 1.098698133960803, "validation_CYP2C9_st_rae": 0.8872079409865958, "validation_CYP2D6_st_rae": 1.0384770673986918, "validation_CYP3A4_st_rae": 0.8983894709827456, "mean_raw_gradient_norm": 32.487578344345096, "fraction_gradients_clipped": 1.0}
{
  "seed": 1701,
  "selection_metric": "validation_ma_st_rae",
  "best_validation_ma_st_rae": 0.9832846978146081,
  "best_validation_rmse": 0.8862155079841614,
  "restored_fit_rmse": 0.9733791947364807,
  "restored_validation_rmse": 0.8862161636352539,
  "restored_fit_ma_st_rae": 0.9100214996514158,
  "restored_validation_ma_st_rae": 0.9976968598303271,
  "restored_validation_point_ma_st_rae": 0.9832877089443333,
  "restored_validation_point_st_rae_by_cyp": {
    "CYP1A2": 1.1024899202623433,
    "CYP2C9": 0.8918702326669302,
    "CYP2D6": 1.0458298605763534,
    "CYP3A4": 0.8929608222717064
  },
  "restored_fit_st_rae_by_cyp": {
    "CYP1A2": 0.9176968783106848,
    "CYP2C9": 0.853025513241664,
    "CYP2D6": 0.9607479460907897,
    "CYP3A4": 0.908615660962525
  },
  "restored_validation_st_rae_by_cyp": {
    "CYP1A2": 1.1048240042979725,
    "CYP2C9": 0.9182875765282507,
    "CYP2D6": 1.0610346677306608,
    "CYP3A4": 0.9066411907644243
  },
  "validation_bootstrap_metrics": {
    "n_bootstrap_samples": 1000,
    "seed": 0,
    "macro": {
      "st_rae": {
        "mean": 0.9976968598303271,
        "ci_low": 0.8975635269775305,
        "ci_high": 1.1016280885681575
      },
      "mae": {
        "mean": 0.6720166839184742,
        "ci_low": 0.6096005148483702,
        "ci_high": 0.7397052535796805
      },
      "r2": {
        "mean": 0.007066763038044652,
        "ci_low": -0.1015863735178214,
        "ci_high": 0.0960166898653119
      },
      "spearman_rho": {
        "mean": 0.27926376792721735,
        "ci_low": 0.16149359397469262,
        "ci_high": 0.39325948700608376
      },
      "kendall_tau": {
        "mean": 0.19712018787231164,
        "ci_low": 0.11291787110560549,
        "ci_high": 0.27599554623984335
      }
    },
    "per_endpoint": {
      "CYP1A2": {
        "st_rae": {
          "mean": 1.1048240042979725,
          "ci_low": 0.8778018564153888,
          "ci_high": 1.3642798083353624
        },
        "mae": {
          "mean": 0.7466769939875995,
          "ci_low": 0.5913250493221596,
          "ci_high": 0.9248270880003444
        },
        "r2": {
          "mean": 0.001067843266905593,
          "ci_low": -0.2366227412844405,
          "ci_high": 0.14428712759792478
        },
        "spearman_rho": {
          "mean": 0.26368491304967073,
          "ci_low": 0.02650541868234925,
          "ci_high": 0.5041732087682503
        },
        "kendall_tau": {
          "mean": 0.18256686029722966,
          "ci_low": 0.015971739587455486,
          "ci_high": 0.35073975522985845
        }
      },
      "CYP2C9": {
        "st_rae": {
          "mean": 0.9182875765282507,
          "ci_low": 0.7060264579081108,
          "ci_high": 1.1969659351739375
        },
        "mae": {
          "mean": 0.5561897705117863,
          "ci_low": 0.4423512426018715,
          "ci_high": 0.6702424392104149
        },
        "r2": {
          "mean": 0.006881691393081795,
          "ci_low": -0.2520155041643138,
          "ci_high": 0.21045763853857674
        },
        "spearman_rho": {
          "mean": 0.32500869289332956,
          "ci_low": 0.08267791285848813,
          "ci_high": 0.5402363441008966
        },
        "kendall_tau": {
          "mean": 0.230277566036369,
          "ci_low": 0.04662545118055823,
          "ci_high": 0.3931208678094936
        }
      },
      "CYP2D6": {
        "st_rae": {
          "mean": 1.0610346677306608,
          "ci_low": 0.8853897254381012,
          "ci_high": 1.2720122504332896
        },
        "mae": {
          "mean": 0.5869268710063055,
          "ci_low": 0.45544742822647094,
          "ci_high": 0.7317199340233433
        },
        "r2": {
          "mean": -0.12586657308164556,
          "ci_low": -0.36424042737586165,
          "ci_high": 0.06470041569502845
        },
        "spearman_rho": {
          "mean": 0.1296110468620883,
          "ci_low": -0.11814325948629466,
          "ci_high": 0.3686709388921721
        },
        "kendall_tau": {
          "mean": 0.0964130362366764,
          "ci_low": -0.06791258397707865,
          "ci_high": 0.2630641359854301
        }
      },
      "CYP3A4": {
        "st_rae": {
          "mean": 0.9066411907644243,
          "ci_low": 0.7759253951776468,
          "ci_high": 1.0961316646356354
        },
        "mae": {
          "mean": 0.7982731001682061,
          "ci_low": 0.6916450605142949,
          "ci_high": 0.9127465556527292
        },
        "r2": {
          "mean": 0.14618409057383677,
          "ci_low": 0.015707436980889528,
          "ci_high": 0.2648882052939822
        },
        "spearman_rho": {
          "mean": 0.3987504189037809,
          "ci_low": 0.21128060540241952,
          "ci_high": 0.5814011450331088
        },
        "kendall_tau": {
          "mean": 0.2792232889189715,
          "ci_low": 0.1459841307727145,
          "ci_high": 0.41637797934960913
        }
      }
    }
  },
  "epochs_run": 3,
  "fit_observations": 806,
  "validation_observations": 272,
  "rule": "fitzhugh_nagumo",
  "generations": 16,
  "hidden_channels": 4,
  "atom_feature_profile": "valence_electronic",
  "atom_feature_count": 38,
  "atom_feature_names": [
    "element_H",
    "element_C",
    "element_N",
    "element_O",
    "element_F",
    "element_P",
    "element_S",
    "element_Cl",
    "element_Br",
    "element_I",
    "element_other",
    "formal_charge",
    "aromatic",
    "hybrid_sp",
    "hybrid_sp2",
    "hybrid_sp3",
    "hybrid_other",
    "degree",
    "total_hydrogens",
    "in_ring",
    "hbond_donor",
    "hbond_acceptor",
    "chiral_cw",
    "chiral_ccw",
    "chiral_other",
    "total_valence",
    "implicit_valence",
    "heavy_atom_degree",
    "radical_electrons",
    "absolute_formal_charge",
    "electronegativity",
    "polarizability",
    "heteroatom",
    "halogen",
    "conjugated_bond_fraction",
    "first_ionization_energy",
    "electron_affinity",
    "electronic_property_missing"
  ],
  "device": "cuda",
  "gpu": "NVIDIA GeForce RTX 5070 Ti",
  "training_seconds": 3.06349119998049,
  "peak_gpu_memory_bytes": 29568000,
  "runtime": {
    "operating_system": "Windows-10-10.0.26200-SP0",
    "machine": "AMD64",
    "python": "3.11.16",
    "python_executable": "C:\\Users\\Anthony\\anaconda3\\envs\\strange-matter-gpu\\python.exe",
    "pytorch": "2.11.0+cu128",
    "pytorch_cuda": "12.8",
    "device": "cuda",
    "gpu": "NVIDIA GeForce RTX 5070 Ti"
  },
  "validation_protocol": {
    "kind": "scaffold_cross_validation",
    "fold": 0,
    "folds": 5
  },
  "readout": "differentiable_closed_form_ridge",
  "hyperparameters": {
    "ca_lr": 0.0003,
    "ridge": 0.01,
    "ca_l2": 1e-05,
    "gradient_clip": 1.0,
    "update_scale": 0.15,
    "init_scale": 1.0,
    "initial_noise": 0.0,
    "support_fraction": 0.85,
    "bond_temperature": 2.0,
    "dyn_a": 0.2,
    "dyn_b": 0.8,
    "dyn_c": 0.8,
    "dyn_d": 0.3,
    "lr_schedule": "cosine_0.1x"
  }
}
