{"operating_system": "Windows-10-10.0.26200-SP0", "machine": "AMD64", "python": "3.11.16", "python_executable": "C:\\Users\\Anthony\\anaconda3\\envs\\strange-matter-gpu\\python.exe", "pytorch": "2.11.0+cu128", "pytorch_cuda": "12.8", "device": "cuda", "gpu": "NVIDIA GeForce RTX 5070 Ti"}
{"epoch": 1, "train_rmse": 1.0221284167757472, "validation_rmse": 0.8854640126228333, "validation_ma_st_rae": 1.0239921264426814, "validation_CYP1A2_st_rae": 1.1220794301462633, "validation_CYP2C9_st_rae": 0.8807037772677172, "validation_CYP2D6_st_rae": 1.2328875486263198, "validation_CYP3A4_st_rae": 0.8602977497304256, "mean_raw_gradient_norm": 5.8001001358032225, "fraction_gradients_clipped": 0.8}
{"epoch": 2, "train_rmse": 1.1526194489561599, "validation_rmse": 0.8832226395606995, "validation_ma_st_rae": 1.0256012909537242, "validation_CYP1A2_st_rae": 1.1266710718141297, "validation_CYP2C9_st_rae": 0.8940643768102421, "validation_CYP2D6_st_rae": 1.2148508661076893, "validation_CYP3A4_st_rae": 0.8668188490828364, "mean_raw_gradient_norm": 8.192721843719482, "fraction_gradients_clipped": 1.0}
{"epoch": 3, "train_rmse": 1.123186821778167, "validation_rmse": 0.8899452090263367, "validation_ma_st_rae": 1.02746663689368, "validation_CYP1A2_st_rae": 1.1225375334952483, "validation_CYP2C9_st_rae": 0.8994814986962185, "validation_CYP2D6_st_rae": 1.2062368665531231, "validation_CYP3A4_st_rae": 0.8816106488301301, "mean_raw_gradient_norm": 7.946307277679443, "fraction_gradients_clipped": 1.0}
{
  "seed": 1701,
  "selection_metric": "validation_ma_st_rae",
  "best_validation_ma_st_rae": 1.0239921264426814,
  "best_validation_rmse": 0.8854640126228333,
  "restored_fit_rmse": 0.9024108648300171,
  "restored_validation_rmse": 0.8848552107810974,
  "restored_fit_ma_st_rae": 0.8419766245266744,
  "restored_validation_ma_st_rae": 1.0415766976438017,
  "restored_validation_point_ma_st_rae": 1.0226048958545473,
  "restored_validation_point_st_rae_by_cyp": {
    "CYP1A2": 1.1183125431319711,
    "CYP2C9": 0.8801959453489221,
    "CYP2D6": 1.2321222795067783,
    "CYP3A4": 0.8597888154305179
  },
  "restored_fit_st_rae_by_cyp": {
    "CYP1A2": 0.8299226296282349,
    "CYP2C9": 0.7269596329479862,
    "CYP2D6": 1.0414997936592365,
    "CYP3A4": 0.7695244418712403
  },
  "restored_validation_st_rae_by_cyp": {
    "CYP1A2": 1.1245250893747862,
    "CYP2C9": 0.9165445581467362,
    "CYP2D6": 1.2520471408972287,
    "CYP3A4": 0.8731900021564561
  },
  "validation_bootstrap_metrics": {
    "n_bootstrap_samples": 1000,
    "seed": 0,
    "macro": {
      "st_rae": {
        "mean": 1.0415766976438017,
        "ci_low": 0.9057107959408288,
        "ci_high": 1.1858958142883347
      },
      "mae": {
        "mean": 0.6695665855781262,
        "ci_low": 0.6031059899359197,
        "ci_high": 0.7378581615302591
      },
      "r2": {
        "mean": -0.014509362706837014,
        "ci_low": -0.16768910149101332,
        "ci_high": 0.11598830958251892
      },
      "spearman_rho": {
        "mean": 0.37821735779022125,
        "ci_low": 0.2744941726968375,
        "ci_high": 0.47563142990033563
      },
      "kendall_tau": {
        "mean": 0.2621263586227162,
        "ci_low": 0.1913624886436844,
        "ci_high": 0.3353443879279101
      }
    },
    "per_endpoint": {
      "CYP1A2": {
        "st_rae": {
          "mean": 1.1245250893747862,
          "ci_low": 0.826567498590958,
          "ci_high": 1.4681342486939233
        },
        "mae": {
          "mean": 0.7127818591399271,
          "ci_low": 0.551899695884986,
          "ci_high": 0.9031192900704555
        },
        "r2": {
          "mean": 0.0025576632888631135,
          "ci_low": -0.32118682217308203,
          "ci_high": 0.2427388203667229
        },
        "spearman_rho": {
          "mean": 0.4569480329392816,
          "ci_low": 0.24428950024449947,
          "ci_high": 0.6588225563733189
        },
        "kendall_tau": {
          "mean": 0.3173370112570276,
          "ci_low": 0.16210378408458542,
          "ci_high": 0.47031470170892714
        }
      },
      "CYP2C9": {
        "st_rae": {
          "mean": 0.9165445581467362,
          "ci_low": 0.6316335702524657,
          "ci_high": 1.2685583654875465
        },
        "mae": {
          "mean": 0.5439428026556968,
          "ci_low": 0.44028492003679276,
          "ci_high": 0.657151571214199
        },
        "r2": {
          "mean": 0.04454317788710695,
          "ci_low": -0.24389679139279236,
          "ci_high": 0.28497415635684503
        },
        "spearman_rho": {
          "mean": 0.41372651441650565,
          "ci_low": 0.15268513782084533,
          "ci_high": 0.6397072162610477
        },
        "kendall_tau": {
          "mean": 0.30410042936067744,
          "ci_low": 0.11729068817140777,
          "ci_high": 0.47816341829085457
        }
      },
      "CYP2D6": {
        "st_rae": {
          "mean": 1.2520471408972287,
          "ci_low": 1.0186951371653552,
          "ci_high": 1.5310726341789231
        },
        "mae": {
          "mean": 0.6640064257695125,
          "ci_low": 0.5238973683577317,
          "ci_high": 0.8140502267617445
        },
        "r2": {
          "mean": -0.31766269581735757,
          "ci_low": -0.7471937345365041,
          "ci_high": -0.058679075259640806
        },
        "spearman_rho": {
          "mean": 0.16585343605438246,
          "ci_low": -0.03833237043664898,
          "ci_high": 0.36699492116571975
        },
        "kendall_tau": {
          "mean": 0.0874332329083059,
          "ci_low": -0.051904085723831796,
          "ci_high": 0.2218470743841202
        }
      },
      "CYP3A4": {
        "st_rae": {
          "mean": 0.8731900021564561,
          "ci_low": 0.6845775017369046,
          "ci_high": 1.1249233083163304
        },
        "mae": {
          "mean": 0.7575352547473685,
          "ci_low": 0.6588680026836173,
          "ci_high": 0.8700292166582373
        },
        "r2": {
          "mean": 0.21252440381403942,
          "ci_low": 0.023428128246273834,
          "ci_high": 0.35431294232478266
        },
        "spearman_rho": {
          "mean": 0.476341447750715,
          "ci_low": 0.2835097331449875,
          "ci_high": 0.6449837875091403
        },
        "kendall_tau": {
          "mean": 0.339634760964854,
          "ci_low": 0.20066147337805623,
          "ci_high": 0.46725125537032275
        }
      }
    }
  },
  "epochs_run": 3,
  "fit_observations": 806,
  "validation_observations": 272,
  "rule": "coupled_map",
  "generations": 500,
  "hidden_channels": 16,
  "atom_feature_profile": "electronic",
  "atom_feature_count": 33,
  "atom_feature_names": [
    "element_H",
    "element_C",
    "element_N",
    "element_O",
    "element_F",
    "element_P",
    "element_S",
    "element_Cl",
    "element_Br",
    "element_I",
    "element_other",
    "formal_charge",
    "aromatic",
    "hybrid_sp",
    "hybrid_sp2",
    "hybrid_sp3",
    "hybrid_other",
    "degree",
    "total_hydrogens",
    "in_ring",
    "hbond_donor",
    "hbond_acceptor",
    "chiral_cw",
    "chiral_ccw",
    "chiral_other",
    "electronegativity",
    "polarizability",
    "heteroatom",
    "halogen",
    "conjugated_bond_fraction",
    "first_ionization_energy",
    "electron_affinity",
    "electronic_property_missing"
  ],
  "device": "cuda",
  "gpu": "NVIDIA GeForce RTX 5070 Ti",
  "training_seconds": 30.4101798000047,
  "peak_gpu_memory_bytes": 2978629120,
  "runtime": {
    "operating_system": "Windows-10-10.0.26200-SP0",
    "machine": "AMD64",
    "python": "3.11.16",
    "python_executable": "C:\\Users\\Anthony\\anaconda3\\envs\\strange-matter-gpu\\python.exe",
    "pytorch": "2.11.0+cu128",
    "pytorch_cuda": "12.8",
    "device": "cuda",
    "gpu": "NVIDIA GeForce RTX 5070 Ti"
  },
  "validation_protocol": {
    "kind": "scaffold_cross_validation",
    "fold": 0,
    "folds": 5
  },
  "readout": "differentiable_closed_form_ridge",
  "hyperparameters": {
    "ca_lr": 0.0003,
    "ridge": 1.0,
    "ca_l2": 1e-05,
    "gradient_clip": 2.0,
    "update_scale": 0.15,
    "init_scale": 1.0,
    "initial_noise": 0.01,
    "support_fraction": 0.75,
    "bond_temperature": 0.5,
    "dyn_a": 0.2,
    "dyn_b": 0.8,
    "dyn_c": 0.5,
    "dyn_d": 0.05,
    "lr_schedule": "cosine_0.1x"
  }
}
