{"operating_system": "Windows-10-10.0.26200-SP0", "machine": "AMD64", "python": "3.11.16", "python_executable": "C:\\Users\\Anthony\\anaconda3\\envs\\strange-matter-gpu\\python.exe", "pytorch": "2.11.0+cu128", "pytorch_cuda": "12.8", "device": "cuda", "gpu": "NVIDIA GeForce RTX 5070 Ti"}
{"epoch": 1, "train_rmse": 1.1283491854975498, "validation_rmse": 0.8028182983398438, "validation_ma_st_rae": 0.8727423895445316, "validation_CYP1A2_st_rae": 0.9145884979857681, "validation_CYP2C9_st_rae": 0.8668219960813733, "validation_CYP2D6_st_rae": 0.9946518546261748, "validation_CYP3A4_st_rae": 0.7149072094848103, "mean_raw_gradient_norm": 7.429363613128662, "fraction_gradients_clipped": 1.0}
{"epoch": 2, "train_rmse": 1.147759072409448, "validation_rmse": 0.8027347326278687, "validation_ma_st_rae": 0.8727018281857709, "validation_CYP1A2_st_rae": 0.9160286880370394, "validation_CYP2C9_st_rae": 0.8657710388762933, "validation_CYP2D6_st_rae": 0.9944581258230228, "validation_CYP3A4_st_rae": 0.7145494600067281, "mean_raw_gradient_norm": 7.263763270378113, "fraction_gradients_clipped": 1.0}
{"epoch": 3, "train_rmse": 1.148251194803981, "validation_rmse": 0.8025670647621155, "validation_ma_st_rae": 0.8736444521639135, "validation_CYP1A2_st_rae": 0.9208528075124054, "validation_CYP2C9_st_rae": 0.8675047235885192, "validation_CYP2D6_st_rae": 0.9942020117726789, "validation_CYP3A4_st_rae": 0.7120182657820505, "mean_raw_gradient_norm": 7.011989407539367, "fraction_gradients_clipped": 1.0}
{"epoch": 4, "train_rmse": 1.1251369950008605, "validation_rmse": 0.8021889925003052, "validation_ma_st_rae": 0.87324606081652, "validation_CYP1A2_st_rae": 0.9187596485681851, "validation_CYP2C9_st_rae": 0.8670247097717388, "validation_CYP2D6_st_rae": 0.9937502677337904, "validation_CYP3A4_st_rae": 0.7134496171923652, "mean_raw_gradient_norm": 6.733135757446289, "fraction_gradients_clipped": 1.0}
{
  "seed": 2909,
  "selection_metric": "validation_ma_st_rae",
  "best_validation_ma_st_rae": 0.8727423895445316,
  "best_validation_rmse": 0.8028182983398438,
  "restored_fit_rmse": 0.8684527277946472,
  "restored_validation_rmse": 0.8028179407119751,
  "restored_fit_ma_st_rae": 0.8620803785541995,
  "restored_validation_ma_st_rae": 0.8760830141743758,
  "restored_validation_point_ma_st_rae": 0.872739906108956,
  "restored_validation_point_st_rae_by_cyp": {
    "CYP1A2": 0.9145916804249383,
    "CYP2C9": 0.8668130634892371,
    "CYP2D6": 0.9946501881775356,
    "CYP3A4": 0.7149046923441132
  },
  "restored_fit_st_rae_by_cyp": {
    "CYP1A2": 0.9071706068352208,
    "CYP2C9": 0.8040254801088886,
    "CYP2D6": 1.0062458277425845,
    "CYP3A4": 0.7308795995301036
  },
  "restored_validation_st_rae_by_cyp": {
    "CYP1A2": 0.9177325228692057,
    "CYP2C9": 0.871812440187306,
    "CYP2D6": 0.9980623026739682,
    "CYP3A4": 0.7167247909670238
  },
  "validation_bootstrap_metrics": {
    "n_bootstrap_samples": 1000,
    "seed": 0,
    "macro": {
      "st_rae": {
        "mean": 0.8760830141743758,
        "ci_low": 0.8202689161404182,
        "ci_high": 0.9376158485558003
      },
      "mae": {
        "mean": 0.5922968499588239,
        "ci_low": 0.5602504616916334,
        "ci_high": 0.6247813955762761
      },
      "r2": {
        "mean": 0.17663405481212488,
        "ci_low": 0.11704405630526947,
        "ci_high": 0.22504731723217755
      },
      "spearman_rho": {
        "mean": 0.4471065239855816,
        "ci_low": 0.3877173607900021,
        "ci_high": 0.49674634836309384
      },
      "kendall_tau": {
        "mean": 0.31485413618888886,
        "ci_low": 0.271307947490811,
        "ci_high": 0.35185620486548763
      }
    },
    "per_endpoint": {
      "CYP1A2": {
        "st_rae": {
          "mean": 0.9177325228692057,
          "ci_low": 0.8014110667969673,
          "ci_high": 1.05698283229067
        },
        "mae": {
          "mean": 0.622107618967155,
          "ci_low": 0.5452874007794235,
          "ci_high": 0.7064195904377344
        },
        "r2": {
          "mean": 0.13342511524117912,
          "ci_low": 0.004857589848592562,
          "ci_high": 0.24263831592992754
        },
        "spearman_rho": {
          "mean": 0.4677816567351525,
          "ci_low": 0.3539298140858807,
          "ci_high": 0.5760182549337475
        },
        "kendall_tau": {
          "mean": 0.32766782362865426,
          "ci_low": 0.24698674387612285,
          "ci_high": 0.40699800075870923
        }
      },
      "CYP2C9": {
        "st_rae": {
          "mean": 0.871812440187306,
          "ci_low": 0.7307731549233394,
          "ci_high": 1.0278149330965578
        },
        "mae": {
          "mean": 0.5205546912608608,
          "ci_low": 0.4663740842023753,
          "ci_high": 0.5765456851726304
        },
        "r2": {
          "mean": 0.1851949545943119,
          "ci_low": 0.030010558082890933,
          "ci_high": 0.3101750181639116
        },
        "spearman_rho": {
          "mean": 0.40373859666753104,
          "ci_low": 0.2697649943761967,
          "ci_high": 0.5257517366376327
        },
        "kendall_tau": {
          "mean": 0.2863003792627753,
          "ci_low": 0.18585417370671248,
          "ci_high": 0.3777736122672917
        }
      },
      "CYP2D6": {
        "st_rae": {
          "mean": 0.9980623026739682,
          "ci_low": 0.9139294956307003,
          "ci_high": 1.0839721805130518
        },
        "mae": {
          "mean": 0.5559189556144242,
          "ci_low": 0.49184099351748445,
          "ci_high": 0.6249219816464644
        },
        "r2": {
          "mean": 0.024162796593516434,
          "ci_low": -0.06583363130632817,
          "ci_high": 0.10787577989836099
        },
        "spearman_rho": {
          "mean": 0.3049163242968449,
          "ci_low": 0.18646759304377494,
          "ci_high": 0.41692724718453805
        },
        "kendall_tau": {
          "mean": 0.2056682063100721,
          "ci_low": 0.12627180446431785,
          "ci_high": 0.2817996932682715
        }
      },
      "CYP3A4": {
        "st_rae": {
          "mean": 0.7167247909670238,
          "ci_low": 0.6368946568933597,
          "ci_high": 0.7991783050107851
        },
        "mae": {
          "mean": 0.6706061339928554,
          "ci_low": 0.6178529217757367,
          "ci_high": 0.7206912802061537
        },
        "r2": {
          "mean": 0.36375335281949206,
          "ci_low": 0.2892765912718743,
          "ci_high": 0.4288575058031278
        },
        "spearman_rho": {
          "mean": 0.6119895182427981,
          "ci_low": 0.5400193436099897,
          "ci_high": 0.6783663087832942
        },
        "kendall_tau": {
          "mean": 0.43978013555405376,
          "ci_low": 0.3832316396074435,
          "ci_high": 0.4928977205187377
        }
      }
    }
  },
  "epochs_run": 4,
  "fit_observations": 4179,
  "validation_observations": 1037,
  "rule": "gated_residual",
  "generations": 32,
  "hidden_channels": 16,
  "atom_feature_profile": "local_environment",
  "atom_feature_count": 29,
  "atom_feature_names": [
    "element_H",
    "element_C",
    "element_N",
    "element_O",
    "element_F",
    "element_P",
    "element_S",
    "element_Cl",
    "element_Br",
    "element_I",
    "element_other",
    "formal_charge",
    "aromatic",
    "hybrid_sp",
    "hybrid_sp2",
    "hybrid_sp3",
    "hybrid_other",
    "degree",
    "total_hydrogens",
    "in_ring",
    "hbond_donor",
    "hbond_acceptor",
    "chiral_cw",
    "chiral_ccw",
    "chiral_other",
    "mean_neighbour_electronegativity",
    "electronegativity_difference",
    "mean_neighbour_atomic_number",
    "neighbour_formal_charge"
  ],
  "device": "cuda",
  "gpu": "NVIDIA GeForce RTX 5070 Ti",
  "training_seconds": 23.120931199984625,
  "peak_gpu_memory_bytes": 127470080,
  "runtime": {
    "operating_system": "Windows-10-10.0.26200-SP0",
    "machine": "AMD64",
    "python": "3.11.16",
    "python_executable": "C:\\Users\\Anthony\\anaconda3\\envs\\strange-matter-gpu\\python.exe",
    "pytorch": "2.11.0+cu128",
    "pytorch_cuda": "12.8",
    "device": "cuda",
    "gpu": "NVIDIA GeForce RTX 5070 Ti"
  },
  "validation_protocol": {
    "kind": "scaffold_cross_validation",
    "fold": 0,
    "folds": 5
  },
  "readout": "differentiable_closed_form_ridge",
  "prediction_mode": "direct",
  "residual_alpha": null,
  "trajectory_pooling": "legacy",
  "ridge_mode": "shared",
  "loss_mode": "hybrid_interval",
  "interval_loss_beta": 0.5,
  "interval_temperature": 0.1,
  "hyperparameters": {
    "ca_lr": 0.0003,
    "ridge": 1.0,
    "ca_l2": 1e-05,
    "gradient_clip": 2.0,
    "update_scale": 0.08,
    "init_scale": 0.5,
    "initial_noise": 0.005,
    "support_fraction": 0.75,
    "bond_temperature": 1.0,
    "dyn_a": 0.5,
    "dyn_b": 0.8,
    "dyn_c": 0.2,
    "dyn_d": 0.05,
    "lr_schedule": "cosine_0.1x"
  }
}
