{"operating_system": "Windows-10-10.0.26200-SP0", "machine": "AMD64", "python": "3.11.16", "python_executable": "C:\\Users\\Anthony\\anaconda3\\envs\\strange-matter-gpu\\python.exe", "pytorch": "2.11.0+cu128", "pytorch_cuda": "12.8", "device": "cuda", "gpu": "NVIDIA GeForce RTX 5070 Ti"}
{"epoch": 1, "train_rmse": 1.0000008114593961, "validation_rmse": 0.9197782278060913, "validation_ma_st_rae": 0.9411536255724982, "validation_CYP1A2_st_rae": 0.9066442130601873, "validation_CYP2C9_st_rae": 1.083564900320774, "validation_CYP2D6_st_rae": 1.026799427506203, "validation_CYP3A4_st_rae": 0.7476059614028283, "mean_raw_gradient_norm": 6.7552470874786374, "fraction_gradients_clipped": 1.0}
{"epoch": 2, "train_rmse": 1.0313879177432657, "validation_rmse": 0.9332780241966248, "validation_ma_st_rae": 0.9474050656040328, "validation_CYP1A2_st_rae": 0.9035094711360581, "validation_CYP2C9_st_rae": 1.1022175356130153, "validation_CYP2D6_st_rae": 1.0284247273026268, "validation_CYP3A4_st_rae": 0.7554685283644309, "mean_raw_gradient_norm": 6.994590587615967, "fraction_gradients_clipped": 1.0}
{"epoch": 3, "train_rmse": 1.0534240995549748, "validation_rmse": 0.9415010213851929, "validation_ma_st_rae": 0.9473010120625228, "validation_CYP1A2_st_rae": 0.9094440462392912, "validation_CYP2C9_st_rae": 1.0932957309758984, "validation_CYP2D6_st_rae": 1.0426456174831442, "validation_CYP3A4_st_rae": 0.7438186535517572, "mean_raw_gradient_norm": 7.061932849884033, "fraction_gradients_clipped": 1.0}
{"epoch": 4, "train_rmse": 1.0068051109870273, "validation_rmse": 0.9382190704345703, "validation_ma_st_rae": 0.9535770285375901, "validation_CYP1A2_st_rae": 0.9068763342878758, "validation_CYP2C9_st_rae": 1.107323045232633, "validation_CYP2D6_st_rae": 1.0578677472682325, "validation_CYP3A4_st_rae": 0.742240987361619, "mean_raw_gradient_norm": 6.328218469619751, "fraction_gradients_clipped": 1.0}
{
  "seed": 1701,
  "selection_metric": "validation_ma_st_rae",
  "best_validation_ma_st_rae": 0.9411536255724982,
  "best_validation_rmse": 0.9197782278060913,
  "restored_fit_rmse": 0.8542557954788208,
  "restored_validation_rmse": 0.9197964668273926,
  "restored_fit_ma_st_rae": 0.8675038404957217,
  "restored_validation_ma_st_rae": 0.9452414646231986,
  "restored_validation_point_ma_st_rae": 0.9411442288985945,
  "restored_validation_point_st_rae_by_cyp": {
    "CYP1A2": 0.9066453817264299,
    "CYP2C9": 1.0835415303589138,
    "CYP2D6": 1.0268035471895256,
    "CYP3A4": 0.7475864563195085
  },
  "restored_fit_st_rae_by_cyp": {
    "CYP1A2": 0.9061281022020462,
    "CYP2C9": 0.7914763579725986,
    "CYP2D6": 1.0102785442494315,
    "CYP3A4": 0.7621323575588111
  },
  "restored_validation_st_rae_by_cyp": {
    "CYP1A2": 0.9105028120047085,
    "CYP2C9": 1.0938591664127841,
    "CYP2D6": 1.02864444970286,
    "CYP3A4": 0.7479594303724418
  },
  "validation_bootstrap_metrics": {
    "n_bootstrap_samples": 1000,
    "seed": 0,
    "macro": {
      "st_rae": {
        "mean": 0.9452414646231986,
        "ci_low": 0.873033450032987,
        "ci_high": 1.027910751955128
      },
      "mae": {
        "mean": 0.6742747156306893,
        "ci_low": 0.637274854086549,
        "ci_high": 0.7121323037259474
      },
      "r2": {
        "mean": 0.04481204862248674,
        "ci_low": -0.1569589913588177,
        "ci_high": 0.17409968742467202
      },
      "spearman_rho": {
        "mean": 0.41574996743653675,
        "ci_low": 0.36225599048869556,
        "ci_high": 0.46915028029689815
      },
      "kendall_tau": {
        "mean": 0.2883921364184377,
        "ci_low": 0.24953137115195262,
        "ci_high": 0.3264823591976279
      }
    },
    "per_endpoint": {
      "CYP1A2": {
        "st_rae": {
          "mean": 0.9105028120047085,
          "ci_low": 0.802462520052576,
          "ci_high": 1.0313451659687523
        },
        "mae": {
          "mean": 0.7364242139116923,
          "ci_low": 0.662940736161338,
          "ci_high": 0.8113967392179701
        },
        "r2": {
          "mean": 0.163000603540893,
          "ci_low": 0.06384100655680976,
          "ci_high": 0.2578671647950723
        },
        "spearman_rho": {
          "mean": 0.4158406305697903,
          "ci_low": 0.3008054568820352,
          "ci_high": 0.5204222647778545
        },
        "kendall_tau": {
          "mean": 0.27977565976282276,
          "ci_low": 0.1963080841597603,
          "ci_high": 0.3558901689931944
        }
      },
      "CYP2C9": {
        "st_rae": {
          "mean": 1.0938591664127841,
          "ci_low": 0.8741536941192585,
          "ci_high": 1.4009633568055284
        },
        "mae": {
          "mean": 0.5431431983854405,
          "ci_low": 0.47586339226475466,
          "ci_high": 0.6245909322506535
        },
        "r2": {
          "mean": -0.20804159359357874,
          "ci_low": -1.0269882153552072,
          "ci_high": 0.22008241578247692
        },
        "spearman_rho": {
          "mean": 0.36727832120443077,
          "ci_low": 0.22503089005132407,
          "ci_high": 0.49426387674381894
        },
        "kendall_tau": {
          "mean": 0.2538914400465697,
          "ci_low": 0.15450909972704827,
          "ci_high": 0.35058504461898254
        }
      },
      "CYP2D6": {
        "st_rae": {
          "mean": 1.02864444970286,
          "ci_low": 0.9069408084648793,
          "ci_high": 1.1787523887143165
        },
        "mae": {
          "mean": 0.6596358162356635,
          "ci_low": 0.5754695311441259,
          "ci_high": 0.7507116579655874
        },
        "r2": {
          "mean": -0.0574548164350533,
          "ci_low": -0.2888621333670536,
          "ci_high": 0.10380100969998274
        },
        "spearman_rho": {
          "mean": 0.29718046847641344,
          "ci_low": 0.1757644990915383,
          "ci_high": 0.4207560891885548
        },
        "kendall_tau": {
          "mean": 0.2017330567895559,
          "ci_low": 0.11498638098375769,
          "ci_high": 0.28743044905733284
        }
      },
      "CYP3A4": {
        "st_rae": {
          "mean": 0.7479594303724418,
          "ci_low": 0.6855126687726915,
          "ci_high": 0.8093498818264266
        },
        "mae": {
          "mean": 0.757895633989961,
          "ci_low": 0.7008881598457737,
          "ci_high": 0.8177826590139535
        },
        "r2": {
          "mean": 0.28174400097768604,
          "ci_low": 0.2091756777360054,
          "ci_high": 0.35051089330201984
        },
        "spearman_rho": {
          "mean": 0.5827004494955125,
          "ci_low": 0.509036051605101,
          "ci_high": 0.6527548196687445
        },
        "kendall_tau": {
          "mean": 0.41816838907480247,
          "ci_low": 0.3591895206094671,
          "ci_high": 0.47478451754527545
        }
      }
    }
  },
  "epochs_run": 4,
  "fit_observations": 4213,
  "validation_observations": 1003,
  "rule": "inertial_reaction_diffusion",
  "generations": 125,
  "hidden_channels": 8,
  "atom_feature_profile": "electronic_local",
  "atom_feature_count": 37,
  "atom_feature_names": [
    "element_H",
    "element_C",
    "element_N",
    "element_O",
    "element_F",
    "element_P",
    "element_S",
    "element_Cl",
    "element_Br",
    "element_I",
    "element_other",
    "formal_charge",
    "aromatic",
    "hybrid_sp",
    "hybrid_sp2",
    "hybrid_sp3",
    "hybrid_other",
    "degree",
    "total_hydrogens",
    "in_ring",
    "hbond_donor",
    "hbond_acceptor",
    "chiral_cw",
    "chiral_ccw",
    "chiral_other",
    "electronegativity",
    "polarizability",
    "heteroatom",
    "halogen",
    "conjugated_bond_fraction",
    "first_ionization_energy",
    "electron_affinity",
    "electronic_property_missing",
    "mean_neighbour_electronegativity",
    "electronegativity_difference",
    "mean_neighbour_atomic_number",
    "neighbour_formal_charge"
  ],
  "device": "cuda",
  "gpu": "NVIDIA GeForce RTX 5070 Ti",
  "training_seconds": 52.531152999959886,
  "peak_gpu_memory_bytes": 341044736,
  "runtime": {
    "operating_system": "Windows-10-10.0.26200-SP0",
    "machine": "AMD64",
    "python": "3.11.16",
    "python_executable": "C:\\Users\\Anthony\\anaconda3\\envs\\strange-matter-gpu\\python.exe",
    "pytorch": "2.11.0+cu128",
    "pytorch_cuda": "12.8",
    "device": "cuda",
    "gpu": "NVIDIA GeForce RTX 5070 Ti"
  },
  "validation_protocol": {
    "kind": "scaffold_cross_validation",
    "fold": 3,
    "folds": 5
  },
  "readout": "differentiable_closed_form_ridge",
  "prediction_mode": "direct",
  "residual_alpha": null,
  "trajectory_pooling": "legacy",
  "ridge_mode": "shared",
  "loss_mode": "hybrid_interval",
  "interval_loss_beta": 1.0,
  "interval_temperature": 0.05,
  "hyperparameters": {
    "ca_lr": 0.003,
    "ridge": 0.01,
    "ca_l2": 0.0001,
    "gradient_clip": 2.0,
    "update_scale": 0.08,
    "init_scale": 0.5,
    "initial_noise": 0.01,
    "support_fraction": 0.85,
    "bond_temperature": 0.5,
    "dyn_a": 0.5,
    "dyn_b": 0.8,
    "dyn_c": 0.8,
    "dyn_d": 0.15,
    "lr_schedule": "cosine_0.1x"
  }
}
