{"operating_system": "Windows-10-10.0.26200-SP0", "machine": "AMD64", "python": "3.11.16", "python_executable": "C:\\Users\\Anthony\\anaconda3\\envs\\strange-matter-gpu\\python.exe", "pytorch": "2.11.0+cu128", "pytorch_cuda": "12.8", "device": "cuda", "gpu": "NVIDIA GeForce RTX 5070 Ti"}
{"epoch": 1, "train_rmse": 1.0636087477002962, "validation_rmse": 0.9140692353248596, "mean_raw_gradient_norm": 65.33224727261451, "fraction_gradients_clipped": 1.0}
{"epoch": 2, "train_rmse": 1.1139493890949725, "validation_rmse": 0.922594428062439, "mean_raw_gradient_norm": 34.38907158759333, "fraction_gradients_clipped": 1.0}
{"epoch": 3, "train_rmse": 1.1123431389262757, "validation_rmse": 0.9076727032661438, "mean_raw_gradient_norm": 26.768836482878655, "fraction_gradients_clipped": 1.0}
{"epoch": 4, "train_rmse": 1.0615457711878482, "validation_rmse": 0.9079782366752625, "mean_raw_gradient_norm": 21.861410833174183, "fraction_gradients_clipped": 1.0}
{"epoch": 5, "train_rmse": 1.0902677664871214, "validation_rmse": 0.9038810729980469, "mean_raw_gradient_norm": 61.776295538871516, "fraction_gradients_clipped": 1.0}
{"epoch": 6, "train_rmse": 1.1030449802998732, "validation_rmse": 0.9039098620414734, "mean_raw_gradient_norm": 62.699375814007176, "fraction_gradients_clipped": 1.0}
{"epoch": 7, "train_rmse": 1.042057290359819, "validation_rmse": 0.9050202369689941, "mean_raw_gradient_norm": 18.189250169261808, "fraction_gradients_clipped": 1.0}
{"epoch": 8, "train_rmse": 1.0246568709198933, "validation_rmse": 0.8988566398620605, "mean_raw_gradient_norm": 13.498140488901447, "fraction_gradients_clipped": 1.0}
{"epoch": 9, "train_rmse": 1.0438535535873081, "validation_rmse": 0.8985240459442139, "mean_raw_gradient_norm": 13.256636235021777, "fraction_gradients_clipped": 1.0}
{"epoch": 10, "train_rmse": 1.0526714185198602, "validation_rmse": 0.8976656198501587, "mean_raw_gradient_norm": 11.579326352765483, "fraction_gradients_clipped": 1.0}
{"epoch": 11, "train_rmse": 1.0302533782822412, "validation_rmse": 0.8983185291290283, "mean_raw_gradient_norm": 9.549054861068726, "fraction_gradients_clipped": 1.0}
{"epoch": 12, "train_rmse": 1.0583242624042841, "validation_rmse": 0.897502064704895, "mean_raw_gradient_norm": 8.488450834828038, "fraction_gradients_clipped": 1.0}
{
  "seed": 4211,
  "best_validation_rmse": 0.8988566398620605,
  "restored_fit_rmse": 0.8397971987724304,
  "restored_validation_rmse": 0.8998476266860962,
  "epochs_run": 12,
  "fit_observations": 5216,
  "validation_observations": 1309,
  "rule": "coupled_map",
  "generations": 125,
  "hidden_channels": 16,
  "atom_feature_profile": "electronic",
  "atom_feature_count": 30,
  "atom_feature_names": [
    "element_H",
    "element_C",
    "element_N",
    "element_O",
    "element_F",
    "element_P",
    "element_S",
    "element_Cl",
    "element_Br",
    "element_I",
    "element_other",
    "formal_charge",
    "aromatic",
    "hybrid_sp",
    "hybrid_sp2",
    "hybrid_sp3",
    "hybrid_other",
    "degree",
    "total_hydrogens",
    "in_ring",
    "hbond_donor",
    "hbond_acceptor",
    "chiral_cw",
    "chiral_ccw",
    "chiral_other",
    "electronegativity",
    "polarizability",
    "heteroatom",
    "halogen",
    "conjugated_bond_fraction"
  ],
  "device": "cuda",
  "gpu": "NVIDIA GeForce RTX 5070 Ti",
  "training_seconds": 220.8619231999619,
  "peak_gpu_memory_bytes": 810447872,
  "runtime": {
    "operating_system": "Windows-10-10.0.26200-SP0",
    "machine": "AMD64",
    "python": "3.11.16",
    "python_executable": "C:\\Users\\Anthony\\anaconda3\\envs\\strange-matter-gpu\\python.exe",
    "pytorch": "2.11.0+cu128",
    "pytorch_cuda": "12.8",
    "device": "cuda",
    "gpu": "NVIDIA GeForce RTX 5070 Ti"
  },
  "readout": "differentiable_closed_form_ridge",
  "hyperparameters": {
    "ca_lr": 0.001,
    "ridge": 0.1,
    "ca_l2": 0.0001,
    "gradient_clip": 0.5,
    "update_scale": 0.15,
    "init_scale": 0.5,
    "initial_noise": 0.0,
    "support_fraction": 0.75,
    "bond_temperature": 0.5,
    "dyn_a": 0.8,
    "dyn_b": 0.2,
    "dyn_c": 0.5,
    "dyn_d": 0.15,
    "lr_schedule": "cosine_0.1x"
  }
}
