{"operating_system": "Windows-10-10.0.26200-SP0", "machine": "AMD64", "python": "3.11.16", "python_executable": "C:\\Users\\Anthony\\anaconda3\\envs\\strange-matter-gpu\\python.exe", "pytorch": "2.11.0+cu128", "pytorch_cuda": "12.8", "device": "cuda", "gpu": "NVIDIA GeForce RTX 5070 Ti"}
{"epoch": 1, "train_rmse": 1.0229922863211747, "validation_rmse": 0.9080151915550232, "validation_ma_st_rae": 0.9067922963384011, "validation_CYP1A2_st_rae": 0.9795259015037604, "validation_CYP2C9_st_rae": 0.7512456604463387, "validation_CYP2D6_st_rae": 1.091291802547438, "validation_CYP3A4_st_rae": 0.8051058208560672, "mean_raw_gradient_norm": 4.921069540083408, "fraction_gradients_clipped": 1.0}
{"epoch": 2, "train_rmse": 1.0340981676719017, "validation_rmse": 0.9059523344039917, "validation_ma_st_rae": 0.9020644753700802, "validation_CYP1A2_st_rae": 0.9797401226893938, "validation_CYP2C9_st_rae": 0.745276208673118, "validation_CYP2D6_st_rae": 1.0815935528115663, "validation_CYP3A4_st_rae": 0.8016480173062427, "mean_raw_gradient_norm": 4.708890748520692, "fraction_gradients_clipped": 1.0}
{"epoch": 3, "train_rmse": 1.029302244434117, "validation_rmse": 0.9034616351127625, "validation_ma_st_rae": 0.8995393569328698, "validation_CYP1A2_st_rae": 0.9750611746742555, "validation_CYP2C9_st_rae": 0.7408807275728336, "validation_CYP2D6_st_rae": 1.0855841428358273, "validation_CYP3A4_st_rae": 0.7966313826485631, "mean_raw_gradient_norm": 5.274702988564968, "fraction_gradients_clipped": 1.0}
{"epoch": 4, "train_rmse": 1.0182073665278737, "validation_rmse": 0.9020911455154419, "validation_ma_st_rae": 0.8971693964207375, "validation_CYP1A2_st_rae": 0.9715324342334464, "validation_CYP2C9_st_rae": 0.7396918965890344, "validation_CYP2D6_st_rae": 1.0829050751913762, "validation_CYP3A4_st_rae": 0.7945481796690927, "mean_raw_gradient_norm": 4.460564220945041, "fraction_gradients_clipped": 1.0}
{"epoch": 5, "train_rmse": 1.0316354019078449, "validation_rmse": 0.9004494547843933, "validation_ma_st_rae": 0.8950932513051374, "validation_CYP1A2_st_rae": 0.9689073142879451, "validation_CYP2C9_st_rae": 0.7367575572211671, "validation_CYP2D6_st_rae": 1.084233604360647, "validation_CYP3A4_st_rae": 0.7904745293507905, "mean_raw_gradient_norm": 4.007762434581916, "fraction_gradients_clipped": 1.0}
{"epoch": 6, "train_rmse": 1.031377233563207, "validation_rmse": 0.9004754424095154, "validation_ma_st_rae": 0.8943746367490365, "validation_CYP1A2_st_rae": 0.9672154674086113, "validation_CYP2C9_st_rae": 0.7373176474600783, "validation_CYP2D6_st_rae": 1.0831611207651188, "validation_CYP3A4_st_rae": 0.7898043113623374, "mean_raw_gradient_norm": 4.497938757141431, "fraction_gradients_clipped": 1.0}
{"epoch": 7, "train_rmse": 1.0668923707301647, "validation_rmse": 0.900027871131897, "validation_ma_st_rae": 0.894178393088979, "validation_CYP1A2_st_rae": 0.9685830865644607, "validation_CYP2C9_st_rae": 0.7374803037876049, "validation_CYP2D6_st_rae": 1.082352739353293, "validation_CYP3A4_st_rae": 0.788297442650557, "mean_raw_gradient_norm": 5.463972230752309, "fraction_gradients_clipped": 1.0}
{
  "seed": 2909,
  "selection_metric": "validation_ma_st_rae",
  "best_validation_ma_st_rae": 0.8971693964207375,
  "best_validation_rmse": 0.9020911455154419,
  "restored_fit_rmse": 0.8543398380279541,
  "restored_validation_rmse": 0.9020937085151672,
  "restored_fit_ma_st_rae": 0.8717159262110736,
  "restored_validation_ma_st_rae": 0.9011279863851769,
  "restored_validation_point_ma_st_rae": 0.8971738851636966,
  "restored_validation_point_st_rae_by_cyp": {
    "CYP1A2": 0.9715293876329634,
    "CYP2C9": 0.7396941857521401,
    "CYP2D6": 1.0829101006527893,
    "CYP3A4": 0.7945618666168938
  },
  "restored_fit_st_rae_by_cyp": {
    "CYP1A2": 0.8643723718357456,
    "CYP2C9": 0.8566704538027569,
    "CYP2D6": 0.9943315649733827,
    "CYP3A4": 0.7714893142324097
  },
  "restored_validation_st_rae_by_cyp": {
    "CYP1A2": 0.9751720237846344,
    "CYP2C9": 0.7441442290086585,
    "CYP2D6": 1.0871921216158205,
    "CYP3A4": 0.798003571131594
  },
  "validation_bootstrap_metrics": {
    "n_bootstrap_samples": 1000,
    "seed": 0,
    "macro": {
      "st_rae": {
        "mean": 0.9011279863851769,
        "ci_low": 0.854447131871367,
        "ci_high": 0.9510717974713819
      },
      "mae": {
        "mean": 0.6708322210878167,
        "ci_low": 0.63419449534447,
        "ci_high": 0.7087566842568624
      },
      "r2": {
        "mean": 0.1592073484506265,
        "ci_low": 0.11273219280095831,
        "ci_high": 0.2033881919165952
      },
      "spearman_rho": {
        "mean": 0.38607285672999075,
        "ci_low": 0.3337813431623712,
        "ci_high": 0.4387997534327841
      },
      "kendall_tau": {
        "mean": 0.2669435491185424,
        "ci_low": 0.2297015911012994,
        "ci_high": 0.3064748213196941
      }
    },
    "per_endpoint": {
      "CYP1A2": {
        "st_rae": {
          "mean": 0.9751720237846344,
          "ci_low": 0.8654571562336528,
          "ci_high": 1.0958840429541163
        },
        "mae": {
          "mean": 0.7138097290467242,
          "ci_low": 0.6320487103656847,
          "ci_high": 0.7882993392798364
        },
        "r2": {
          "mean": 0.08859966823909289,
          "ci_low": -0.014127384864168573,
          "ci_high": 0.18091069929434772
        },
        "spearman_rho": {
          "mean": 0.3265874077675908,
          "ci_low": 0.20278927266447758,
          "ci_high": 0.4375453810931141
        },
        "kendall_tau": {
          "mean": 0.22173491848563817,
          "ci_low": 0.13648072778848513,
          "ci_high": 0.3011930070627314
        }
      },
      "CYP2C9": {
        "st_rae": {
          "mean": 0.7441442290086585,
          "ci_low": 0.6421816578442074,
          "ci_high": 0.8678689879458121
        },
        "mae": {
          "mean": 0.546028807604522,
          "ci_low": 0.48760734430530617,
          "ci_high": 0.6080053087127836
        },
        "r2": {
          "mean": 0.29629099188275665,
          "ci_low": 0.18766911417724128,
          "ci_high": 0.3912665188151928
        },
        "spearman_rho": {
          "mean": 0.5443589833546245,
          "ci_low": 0.44556696700186554,
          "ci_high": 0.6384619320582737
        },
        "kendall_tau": {
          "mean": 0.385167248003348,
          "ci_low": 0.30535186569779854,
          "ci_high": 0.4590071923896044
        }
      },
      "CYP2D6": {
        "st_rae": {
          "mean": 1.0871921216158205,
          "ci_low": 1.0112820417492459,
          "ci_high": 1.1687976094446724
        },
        "mae": {
          "mean": 0.6773841554953962,
          "ci_low": 0.5972915721238907,
          "ci_high": 0.7695220430650471
        },
        "r2": {
          "mean": -0.0237068612070601,
          "ci_low": -0.11733573636936676,
          "ci_high": 0.06055143926565823
        },
        "spearman_rho": {
          "mean": 0.1375682624909189,
          "ci_low": 0.016229672532807955,
          "ci_high": 0.2603902985345
        },
        "kendall_tau": {
          "mean": 0.09279124757255346,
          "ci_low": 0.012600084898292304,
          "ci_high": 0.17703541020606298
        }
      },
      "CYP3A4": {
        "st_rae": {
          "mean": 0.798003571131594,
          "ci_low": 0.7326557472770495,
          "ci_high": 0.8678740653922438
        },
        "mae": {
          "mean": 0.7461061922046246,
          "ci_low": 0.691539573379885,
          "ci_high": 0.8010759911689713
        },
        "r2": {
          "mean": 0.2756455948877164,
          "ci_low": 0.21479635701631875,
          "ci_high": 0.3327804759597959
        },
        "spearman_rho": {
          "mean": 0.5357767733068287,
          "ci_low": 0.46934681237089193,
          "ci_high": 0.6034560293325466
        },
        "kendall_tau": {
          "mean": 0.3680807824126302,
          "ci_low": 0.3191009007892917,
          "ci_high": 0.4195252385674001
        }
      }
    }
  },
  "epochs_run": 7,
  "fit_observations": 4082,
  "validation_observations": 1134,
  "rule": "gray_scott",
  "generations": 250,
  "hidden_channels": 8,
  "atom_feature_profile": "electronic_local",
  "atom_feature_count": 37,
  "atom_feature_names": [
    "element_H",
    "element_C",
    "element_N",
    "element_O",
    "element_F",
    "element_P",
    "element_S",
    "element_Cl",
    "element_Br",
    "element_I",
    "element_other",
    "formal_charge",
    "aromatic",
    "hybrid_sp",
    "hybrid_sp2",
    "hybrid_sp3",
    "hybrid_other",
    "degree",
    "total_hydrogens",
    "in_ring",
    "hbond_donor",
    "hbond_acceptor",
    "chiral_cw",
    "chiral_ccw",
    "chiral_other",
    "electronegativity",
    "polarizability",
    "heteroatom",
    "halogen",
    "conjugated_bond_fraction",
    "first_ionization_energy",
    "electron_affinity",
    "electronic_property_missing",
    "mean_neighbour_electronegativity",
    "electronegativity_difference",
    "mean_neighbour_atomic_number",
    "neighbour_formal_charge"
  ],
  "device": "cuda",
  "gpu": "NVIDIA GeForce RTX 5070 Ti",
  "training_seconds": 309.4615246000467,
  "peak_gpu_memory_bytes": 374042624,
  "runtime": {
    "operating_system": "Windows-10-10.0.26200-SP0",
    "machine": "AMD64",
    "python": "3.11.16",
    "python_executable": "C:\\Users\\Anthony\\anaconda3\\envs\\strange-matter-gpu\\python.exe",
    "pytorch": "2.11.0+cu128",
    "pytorch_cuda": "12.8",
    "device": "cuda",
    "gpu": "NVIDIA GeForce RTX 5070 Ti"
  },
  "validation_protocol": {
    "kind": "scaffold_cross_validation",
    "fold": 4,
    "folds": 5
  },
  "readout": "differentiable_closed_form_ridge",
  "hyperparameters": {
    "ca_lr": 0.0003,
    "ridge": 1.0,
    "ca_l2": 0.0001,
    "gradient_clip": 1.0,
    "update_scale": 0.25,
    "init_scale": 0.5,
    "initial_noise": 0.0,
    "support_fraction": 0.6,
    "bond_temperature": 2.0,
    "dyn_a": 0.5,
    "dyn_b": 0.2,
    "dyn_c": 0.5,
    "dyn_d": 0.05,
    "lr_schedule": "cosine_0.1x"
  }
}
