{"operating_system": "macOS-26.2-arm64-arm-64bit", "machine": "arm64", "python": "3.10.19", "python_executable": "/opt/anaconda3/envs/kcc2/bin/python3.10", "pytorch": "2.8.0", "pytorch_cuda": null, "device": "cpu", "gpu": null}
{"epoch": 1, "train_rmse": 1.3818063303201973, "validation_rmse": 0.9859193563461304, "mean_raw_gradient_norm": 40.742606735229494, "fraction_gradients_clipped": 1.0}
{"epoch": 2, "train_rmse": 1.37993041908056, "validation_rmse": 0.9848266839981079, "mean_raw_gradient_norm": 35.88795356750488, "fraction_gradients_clipped": 1.0}
{"epoch": 3, "train_rmse": 1.5666892782269204, "validation_rmse": 0.9855098128318787, "mean_raw_gradient_norm": 48.783855247497556, "fraction_gradients_clipped": 1.0}
{
  "seed": 1701,
  "best_validation_rmse": 0.9859193563461304,
  "restored_fit_rmse": 0.8409470319747925,
  "restored_validation_rmse": 0.9859193563461304,
  "epochs_run": 3,
  "fit_observations": 791,
  "validation_observations": 273,
  "rule": "delayed_memory",
  "generations": 64,
  "hidden_channels": 16,
  "device": "cpu",
  "gpu": null,
  "training_seconds": 9.396105875028297,
  "peak_gpu_memory_bytes": 0,
  "runtime": {
    "operating_system": "macOS-26.2-arm64-arm-64bit",
    "machine": "arm64",
    "python": "3.10.19",
    "python_executable": "/opt/anaconda3/envs/kcc2/bin/python3.10",
    "pytorch": "2.8.0",
    "pytorch_cuda": null,
    "device": "cpu",
    "gpu": null
  },
  "readout": "differentiable_closed_form_ridge",
  "hyperparameters": {
    "ca_lr": 0.0003,
    "ridge": 0.1,
    "ca_l2": 1e-06,
    "gradient_clip": 1.0,
    "update_scale": 0.08,
    "init_scale": 1.0,
    "initial_noise": 0.0,
    "support_fraction": 0.85,
    "bond_temperature": 1.0,
    "dyn_a": 0.8,
    "dyn_b": 0.8,
    "dyn_c": 0.2,
    "dyn_d": 0.15,
    "lr_schedule": "cosine_0.1x"
  }
}
