{"device": "cuda", "gpu": "NVIDIA GeForce RTX 5070 Ti", "pytorch": "2.11.0+cu128", "pytorch_cuda": "12.8"}
{"epoch": 1, "train_rmse": 1.3617782567497638, "validation_rmse": 0.9353299140930176, "mean_raw_gradient_norm": 20.58248780667782, "fraction_gradients_clipped": 1.0}
{"epoch": 2, "train_rmse": 1.4499591943121979, "validation_rmse": 0.9349243640899658, "mean_raw_gradient_norm": 42.83027333021164, "fraction_gradients_clipped": 1.0}
{"epoch": 3, "train_rmse": 1.3098135946145306, "validation_rmse": 0.9355207085609436, "mean_raw_gradient_norm": 18.231656208634377, "fraction_gradients_clipped": 1.0}
{"epoch": 4, "train_rmse": 1.381527410537902, "validation_rmse": 0.9355297088623047, "mean_raw_gradient_norm": 31.122734129428864, "fraction_gradients_clipped": 1.0}
{
  "seed": 1701,
  "best_validation_rmse": 0.9353299140930176,
  "restored_fit_rmse": 0.8565586805343628,
  "restored_validation_rmse": 0.9353294372558594,
  "epochs_run": 4,
  "fit_observations": 2643,
  "validation_observations": 670,
  "rule": "gated_residual",
  "generations": 64,
  "hidden_channels": 16,
  "device": "cuda",
  "gpu": "NVIDIA GeForce RTX 5070 Ti",
  "training_seconds": 25.15010990004521,
  "peak_gpu_memory_bytes": 214736384,
  "readout": "differentiable_closed_form_ridge",
  "hyperparameters": {
    "ca_lr": 0.0003,
    "ridge": 0.1,
    "ca_l2": 1e-06,
    "gradient_clip": 1.0,
    "update_scale": 0.08,
    "init_scale": 1.0,
    "initial_noise": 0.0,
    "support_fraction": 0.85,
    "bond_temperature": 1.0,
    "dyn_a": 0.8,
    "dyn_b": 0.8,
    "dyn_c": 0.2,
    "dyn_d": 0.15,
    "lr_schedule": "cosine_0.1x"
  }
}
