{"operating_system": "Windows-10-10.0.26200-SP0", "machine": "AMD64", "python": "3.11.16", "python_executable": "C:\\Users\\Anthony\\anaconda3\\envs\\strange-matter-gpu\\python.exe", "pytorch": "2.11.0+cu128", "pytorch_cuda": "12.8", "device": "cuda", "gpu": "NVIDIA GeForce RTX 5070 Ti"}
{"epoch": 1, "train_rmse": 1.0265164840012821, "validation_rmse": 0.8094777464866638, "validation_ma_st_rae": 0.8646314987362412, "validation_CYP1A2_st_rae": 0.8652586484955026, "validation_CYP2C9_st_rae": 0.7992720887369938, "validation_CYP2D6_st_rae": 1.0199362158598133, "validation_CYP3A4_st_rae": 0.7740590418526555, "mean_raw_gradient_norm": 5.009004592895508, "fraction_gradients_clipped": 1.0}
{"epoch": 2, "train_rmse": 0.9988674055300134, "validation_rmse": 0.8081853985786438, "validation_ma_st_rae": 0.8714554262057994, "validation_CYP1A2_st_rae": 0.892984395566675, "validation_CYP2C9_st_rae": 0.7449900219826338, "validation_CYP2D6_st_rae": 1.0749546971301618, "validation_CYP3A4_st_rae": 0.7728925901437272, "mean_raw_gradient_norm": 4.149581268429756, "fraction_gradients_clipped": 1.0}
{"epoch": 3, "train_rmse": 1.026394065849644, "validation_rmse": 0.8023809194564819, "validation_ma_st_rae": 0.8593345397590487, "validation_CYP1A2_st_rae": 0.8792639645342529, "validation_CYP2C9_st_rae": 0.7332823936772055, "validation_CYP2D6_st_rae": 1.062589575664914, "validation_CYP3A4_st_rae": 0.7622022251598226, "mean_raw_gradient_norm": 5.0114776492118835, "fraction_gradients_clipped": 1.0}
{"epoch": 4, "train_rmse": 1.0066787133594763, "validation_rmse": 0.8053247928619385, "validation_ma_st_rae": 0.8654371770349876, "validation_CYP1A2_st_rae": 0.9027943983316385, "validation_CYP2C9_st_rae": 0.7355105116796024, "validation_CYP2D6_st_rae": 1.0661436070529866, "validation_CYP3A4_st_rae": 0.757300191075723, "mean_raw_gradient_norm": 4.347713574767113, "fraction_gradients_clipped": 1.0}
{"epoch": 5, "train_rmse": 1.0785614810532134, "validation_rmse": 0.8034810423851013, "validation_ma_st_rae": 0.8633124937678719, "validation_CYP1A2_st_rae": 0.8937521324411084, "validation_CYP2C9_st_rae": 0.7292214635582198, "validation_CYP2D6_st_rae": 1.0718822313885228, "validation_CYP3A4_st_rae": 0.7583941476836366, "mean_raw_gradient_norm": 3.815069280564785, "fraction_gradients_clipped": 1.0}
{
  "seed": 1701,
  "selection_metric": "validation_ma_st_rae",
  "best_validation_ma_st_rae": 0.8593345397590487,
  "best_validation_rmse": 0.8023809194564819,
  "restored_fit_rmse": 0.8550690412521362,
  "restored_validation_rmse": 0.8023667335510254,
  "restored_fit_ma_st_rae": 0.8408523779010441,
  "restored_validation_ma_st_rae": 0.8635990265893406,
  "restored_validation_point_ma_st_rae": 0.8593113245316812,
  "restored_validation_point_st_rae_by_cyp": {
    "CYP1A2": 0.8792996887265782,
    "CYP2C9": 0.7332439712298864,
    "CYP2D6": 1.0625314914360169,
    "CYP3A4": 0.7621701467342438
  },
  "restored_fit_st_rae_by_cyp": {
    "CYP1A2": 0.8671127694190959,
    "CYP2C9": 0.7723008045598746,
    "CYP2D6": 1.0061008509299307,
    "CYP3A4": 0.7178950866952756
  },
  "restored_validation_st_rae_by_cyp": {
    "CYP1A2": 0.8820345661530582,
    "CYP2C9": 0.738112891316754,
    "CYP2D6": 1.0696691377454406,
    "CYP3A4": 0.7645795111421099
  },
  "validation_bootstrap_metrics": {
    "n_bootstrap_samples": 1000,
    "seed": 0,
    "macro": {
      "st_rae": {
        "mean": 0.8635990265893406,
        "ci_low": 0.7983871320492172,
        "ci_high": 0.9351595352634038
      },
      "mae": {
        "mean": 0.5898898797644763,
        "ci_low": 0.5512210582113956,
        "ci_high": 0.6293913704201635
      },
      "r2": {
        "mean": 0.19589660759586552,
        "ci_low": 0.1292139568708377,
        "ci_high": 0.2577508571727095
      },
      "spearman_rho": {
        "mean": 0.4497806564089367,
        "ci_low": 0.38344540067735383,
        "ci_high": 0.5133737425682992
      },
      "kendall_tau": {
        "mean": 0.32063341269247253,
        "ci_low": 0.2712328278809368,
        "ci_high": 0.3680349156999864
      }
    },
    "per_endpoint": {
      "CYP1A2": {
        "st_rae": {
          "mean": 0.8820345661530582,
          "ci_low": 0.7540543648326374,
          "ci_high": 1.0350072705869378
        },
        "mae": {
          "mean": 0.6108676749140444,
          "ci_low": 0.509208877552563,
          "ci_high": 0.7233679335511906
        },
        "r2": {
          "mean": 0.17342948302320785,
          "ci_low": 0.03640428095390606,
          "ci_high": 0.28137114724340834
        },
        "spearman_rho": {
          "mean": 0.5048710985628946,
          "ci_low": 0.3602692699853613,
          "ci_high": 0.6271704811654129
        },
        "kendall_tau": {
          "mean": 0.36160389279691474,
          "ci_low": 0.25355327327663624,
          "ci_high": 0.45231657896224386
        }
      },
      "CYP2C9": {
        "st_rae": {
          "mean": 0.738112891316754,
          "ci_low": 0.5704294036598018,
          "ci_high": 0.924520069608845
        },
        "mae": {
          "mean": 0.5046750835641457,
          "ci_low": 0.43300684951517704,
          "ci_high": 0.5801470545956687
        },
        "r2": {
          "mean": 0.3187276873370716,
          "ci_low": 0.17461531205414169,
          "ci_high": 0.45357998849827535
        },
        "spearman_rho": {
          "mean": 0.5047733372192199,
          "ci_low": 0.35890710925223274,
          "ci_high": 0.6382078023894907
        },
        "kendall_tau": {
          "mean": 0.36386312747093275,
          "ci_low": 0.25479984309809767,
          "ci_high": 0.47128199704582685
        }
      },
      "CYP2D6": {
        "st_rae": {
          "mean": 1.0696691377454406,
          "ci_low": 0.9541699750947735,
          "ci_high": 1.2115662237006195
        },
        "mae": {
          "mean": 0.56952400618979,
          "ci_low": 0.49268259053710123,
          "ci_high": 0.6521991343243316
        },
        "r2": {
          "mean": -0.059488997412692673,
          "ci_low": -0.23910785185887692,
          "ci_high": 0.07758447790741002
        },
        "spearman_rho": {
          "mean": 0.19855126830504632,
          "ci_low": 0.04509622880899047,
          "ci_high": 0.35024801596691846
        },
        "kendall_tau": {
          "mean": 0.134263183254203,
          "ci_low": 0.026983384337650712,
          "ci_high": 0.2409480342701577
        }
      },
      "CYP3A4": {
        "st_rae": {
          "mean": 0.7645795111421099,
          "ci_low": 0.6631655683121127,
          "ci_high": 0.8705327154861826
        },
        "mae": {
          "mean": 0.6744927543899244,
          "ci_low": 0.6140486580404368,
          "ci_high": 0.7386696802436813
        },
        "r2": {
          "mean": 0.3509182574358754,
          "ci_low": 0.23151239633874535,
          "ci_high": 0.4471566842140646
        },
        "spearman_rho": {
          "mean": 0.5909269215485863,
          "ci_low": 0.5021637328821646,
          "ci_high": 0.6710065118981293
        },
        "kendall_tau": {
          "mean": 0.42280344724783947,
          "ci_low": 0.3546933106095305,
          "ci_high": 0.48885584000925125
        }
      }
    }
  },
  "epochs_run": 5,
  "fit_observations": 2652,
  "validation_observations": 680,
  "rule": "gray_scott",
  "generations": 125,
  "hidden_channels": 16,
  "atom_feature_profile": "periodic_electronic",
  "atom_feature_count": 41,
  "atom_feature_names": [
    "element_H",
    "element_C",
    "element_N",
    "element_O",
    "element_F",
    "element_P",
    "element_S",
    "element_Cl",
    "element_Br",
    "element_I",
    "element_other",
    "formal_charge",
    "aromatic",
    "hybrid_sp",
    "hybrid_sp2",
    "hybrid_sp3",
    "hybrid_other",
    "degree",
    "total_hydrogens",
    "in_ring",
    "hbond_donor",
    "hbond_acceptor",
    "chiral_cw",
    "chiral_ccw",
    "chiral_other",
    "atomic_number",
    "atomic_mass",
    "covalent_radius",
    "vdw_radius",
    "outer_electrons",
    "period",
    "periodic_group",
    "atomic_volume",
    "electronegativity",
    "polarizability",
    "heteroatom",
    "halogen",
    "conjugated_bond_fraction",
    "first_ionization_energy",
    "electron_affinity",
    "electronic_property_missing"
  ],
  "device": "cuda",
  "gpu": "NVIDIA GeForce RTX 5070 Ti",
  "training_seconds": 51.571200700011104,
  "peak_gpu_memory_bytes": 688372736,
  "runtime": {
    "operating_system": "Windows-10-10.0.26200-SP0",
    "machine": "AMD64",
    "python": "3.11.16",
    "python_executable": "C:\\Users\\Anthony\\anaconda3\\envs\\strange-matter-gpu\\python.exe",
    "pytorch": "2.11.0+cu128",
    "pytorch_cuda": "12.8",
    "device": "cuda",
    "gpu": "NVIDIA GeForce RTX 5070 Ti"
  },
  "validation_protocol": {
    "kind": "scaffold_cross_validation",
    "fold": 0,
    "folds": 5
  },
  "readout": "differentiable_closed_form_ridge",
  "hyperparameters": {
    "ca_lr": 0.003,
    "ridge": 1.0,
    "ca_l2": 1e-06,
    "gradient_clip": 1.0,
    "update_scale": 0.4,
    "init_scale": 0.5,
    "initial_noise": 0.0,
    "support_fraction": 0.75,
    "bond_temperature": 2.0,
    "dyn_a": 0.5,
    "dyn_b": 0.5,
    "dyn_c": 0.2,
    "dyn_d": 0.3,
    "lr_schedule": "cosine_0.1x"
  }
}
