{"operating_system": "Windows-10-10.0.26200-SP0", "machine": "AMD64", "python": "3.11.16", "python_executable": "C:\\Users\\Anthony\\anaconda3\\envs\\strange-matter-gpu\\python.exe", "pytorch": "2.11.0+cu128", "pytorch_cuda": "12.8", "device": "cuda", "gpu": "NVIDIA GeForce RTX 5070 Ti"}
{"epoch": 1, "train_rmse": 1.2969741489621998, "validation_rmse": 0.8337728381156921, "validation_ma_st_rae": 0.9763387340546594, "validation_CYP1A2_st_rae": 0.9708213535760803, "validation_CYP2C9_st_rae": 0.8845697290156979, "validation_CYP2D6_st_rae": 1.1900786894714708, "validation_CYP3A4_st_rae": 0.8598851641553885, "mean_raw_gradient_norm": 26.914375734329223, "fraction_gradients_clipped": 1.0}
{"epoch": 2, "train_rmse": 1.1667748542652427, "validation_rmse": 0.8359184265136719, "validation_ma_st_rae": 0.9594551758594524, "validation_CYP1A2_st_rae": 0.9747665340062068, "validation_CYP2C9_st_rae": 0.8019015693833964, "validation_CYP2D6_st_rae": 1.1773678472462208, "validation_CYP3A4_st_rae": 0.8837847528019854, "mean_raw_gradient_norm": 14.807690143585205, "fraction_gradients_clipped": 1.0}
{"epoch": 3, "train_rmse": 1.3220390447975714, "validation_rmse": 0.8293484449386597, "validation_ma_st_rae": 0.9542424955408144, "validation_CYP1A2_st_rae": 0.9616641315054498, "validation_CYP2C9_st_rae": 0.7814751261715879, "validation_CYP2D6_st_rae": 1.206797847541931, "validation_CYP3A4_st_rae": 0.8670328769442887, "mean_raw_gradient_norm": 15.345378828048705, "fraction_gradients_clipped": 1.0}
{
  "seed": 1701,
  "selection_metric": "validation_ma_st_rae",
  "best_validation_ma_st_rae": 0.9542424955408144,
  "best_validation_rmse": 0.8293484449386597,
  "restored_fit_rmse": 0.8817005157470703,
  "restored_validation_rmse": 0.829334557056427,
  "restored_fit_ma_st_rae": 0.8180867278030137,
  "restored_validation_ma_st_rae": 0.9727917876447922,
  "restored_validation_point_ma_st_rae": 0.9542719750856397,
  "restored_validation_point_st_rae_by_cyp": {
    "CYP1A2": 0.9615203574676666,
    "CYP2C9": 0.7816341276301064,
    "CYP2D6": 1.206928209657152,
    "CYP3A4": 0.8670052055876336
  },
  "restored_fit_st_rae_by_cyp": {
    "CYP1A2": 0.7981968754900869,
    "CYP2C9": 0.7449630550980197,
    "CYP2D6": 0.9847674993419689,
    "CYP3A4": 0.744419481281979
  },
  "restored_validation_st_rae_by_cyp": {
    "CYP1A2": 0.9663135166770979,
    "CYP2C9": 0.8116364375114568,
    "CYP2D6": 1.2287539705447286,
    "CYP3A4": 0.8844632258458858
  },
  "validation_bootstrap_metrics": {
    "n_bootstrap_samples": 1000,
    "seed": 0,
    "macro": {
      "st_rae": {
        "mean": 0.9727917876447922,
        "ci_low": 0.8382765288419471,
        "ci_high": 1.1149804241296428
      },
      "mae": {
        "mean": 0.6433631655730997,
        "ci_low": 0.5847697679564681,
        "ci_high": 0.7080530893597545
      },
      "r2": {
        "mean": 0.10561284121039415,
        "ci_low": -0.03930236589942868,
        "ci_high": 0.23173627980103925
      },
      "spearman_rho": {
        "mean": 0.4347705445789386,
        "ci_low": 0.3347081873104425,
        "ci_high": 0.533243008104524
      },
      "kendall_tau": {
        "mean": 0.3098738561229077,
        "ci_low": 0.235998568989602,
        "ci_high": 0.38197077223622816
      }
    },
    "per_endpoint": {
      "CYP1A2": {
        "st_rae": {
          "mean": 0.9663135166770979,
          "ci_low": 0.7340522070962958,
          "ci_high": 1.2337491435084629
        },
        "mae": {
          "mean": 0.6482773025504878,
          "ci_low": 0.5040835051262965,
          "ci_high": 0.8138522883907693
        },
        "r2": {
          "mean": 0.18187103217983105,
          "ci_low": -0.024008369093104318,
          "ci_high": 0.3330441378674884
        },
        "spearman_rho": {
          "mean": 0.537385757012375,
          "ci_low": 0.3452917469609,
          "ci_high": 0.6999313969622019
        },
        "kendall_tau": {
          "mean": 0.38230454621501403,
          "ci_low": 0.23194957648095862,
          "ci_high": 0.5246814404432133
        }
      },
      "CYP2C9": {
        "st_rae": {
          "mean": 0.8116364375114568,
          "ci_low": 0.5580801825149427,
          "ci_high": 1.1394202714499881
        },
        "mae": {
          "mean": 0.5197346254865329,
          "ci_low": 0.42584375709295275,
          "ci_high": 0.6292473183075586
        },
        "r2": {
          "mean": 0.1586994344373997,
          "ci_low": -0.1298168528271898,
          "ci_high": 0.3865401279700584
        },
        "spearman_rho": {
          "mean": 0.4799607932806331,
          "ci_low": 0.2397843694368751,
          "ci_high": 0.6786742331573263
        },
        "kendall_tau": {
          "mean": 0.34355212094105253,
          "ci_low": 0.16349716434963082,
          "ci_high": 0.5002878859164651
        }
      },
      "CYP2D6": {
        "st_rae": {
          "mean": 1.2287539705447286,
          "ci_low": 0.9777925391995665,
          "ci_high": 1.5630375962390717
        },
        "mae": {
          "mean": 0.6606209071672879,
          "ci_low": 0.5399144568810097,
          "ci_high": 0.7942417893042931
        },
        "r2": {
          "mean": -0.19306398677853226,
          "ci_low": -0.6596389371282627,
          "ci_high": 0.10025751344451408
        },
        "spearman_rho": {
          "mean": 0.21063710430823043,
          "ci_low": -0.042477118239481707,
          "ci_high": 0.4443554604559362
        },
        "kendall_tau": {
          "mean": 0.14822690855187728,
          "ci_low": -0.031021761793723776,
          "ci_high": 0.3238925609382696
        }
      },
      "CYP3A4": {
        "st_rae": {
          "mean": 0.8844632258458858,
          "ci_low": 0.6753463360764538,
          "ci_high": 1.1507707211029847
        },
        "mae": {
          "mean": 0.7448198270880898,
          "ci_low": 0.6532603321380394,
          "ci_high": 0.8452032159234202
        },
        "r2": {
          "mean": 0.2749448850028781,
          "ci_low": 0.059955735846861535,
          "ci_high": 0.43576094617367006
        },
        "spearman_rho": {
          "mean": 0.5110985237145159,
          "ci_low": 0.3354325362441285,
          "ci_high": 0.6602669216282707
        },
        "kendall_tau": {
          "mean": 0.3654118487836869,
          "ci_low": 0.2308322006215932,
          "ci_high": 0.48329514630029585
        }
      }
    }
  },
  "epochs_run": 3,
  "fit_observations": 806,
  "validation_observations": 272,
  "rule": "damped_symplectic",
  "generations": 500,
  "hidden_channels": 16,
  "atom_feature_profile": "periodic_valence",
  "atom_feature_count": 38,
  "atom_feature_names": [
    "element_H",
    "element_C",
    "element_N",
    "element_O",
    "element_F",
    "element_P",
    "element_S",
    "element_Cl",
    "element_Br",
    "element_I",
    "element_other",
    "formal_charge",
    "aromatic",
    "hybrid_sp",
    "hybrid_sp2",
    "hybrid_sp3",
    "hybrid_other",
    "degree",
    "total_hydrogens",
    "in_ring",
    "hbond_donor",
    "hbond_acceptor",
    "chiral_cw",
    "chiral_ccw",
    "chiral_other",
    "atomic_number",
    "atomic_mass",
    "covalent_radius",
    "vdw_radius",
    "outer_electrons",
    "period",
    "periodic_group",
    "atomic_volume",
    "total_valence",
    "implicit_valence",
    "heavy_atom_degree",
    "radical_electrons",
    "absolute_formal_charge"
  ],
  "device": "cuda",
  "gpu": "NVIDIA GeForce RTX 5070 Ti",
  "training_seconds": 42.095174000016414,
  "peak_gpu_memory_bytes": 1219481088,
  "runtime": {
    "operating_system": "Windows-10-10.0.26200-SP0",
    "machine": "AMD64",
    "python": "3.11.16",
    "python_executable": "C:\\Users\\Anthony\\anaconda3\\envs\\strange-matter-gpu\\python.exe",
    "pytorch": "2.11.0+cu128",
    "pytorch_cuda": "12.8",
    "device": "cuda",
    "gpu": "NVIDIA GeForce RTX 5070 Ti"
  },
  "validation_protocol": {
    "kind": "scaffold_cross_validation",
    "fold": 0,
    "folds": 5
  },
  "readout": "differentiable_closed_form_ridge",
  "hyperparameters": {
    "ca_lr": 0.003,
    "ridge": 1.0,
    "ca_l2": 1e-05,
    "gradient_clip": 0.5,
    "update_scale": 0.15,
    "init_scale": 1.0,
    "initial_noise": 0.0,
    "support_fraction": 0.75,
    "bond_temperature": 2.0,
    "dyn_a": 0.2,
    "dyn_b": 0.5,
    "dyn_c": 0.5,
    "dyn_d": 0.3,
    "lr_schedule": "cosine_0.1x"
  }
}
