{"device": "cuda", "gpu": "NVIDIA GeForce RTX 5070 Ti", "pytorch": "2.11.0+cu128", "pytorch_cuda": "12.8"}
{"epoch": 1, "train_rmse": 1.034432018496232, "validation_rmse": 0.914820671081543, "mean_raw_gradient_norm": 7.815183647217289, "fraction_gradients_clipped": 1.0}
{"epoch": 2, "train_rmse": 1.0134985751649723, "validation_rmse": 0.894290030002594, "mean_raw_gradient_norm": 4.216102184787873, "fraction_gradients_clipped": 1.0}
{"epoch": 3, "train_rmse": 0.9650161223000752, "validation_rmse": 0.8969552516937256, "mean_raw_gradient_norm": 5.194510083044729, "fraction_gradients_clipped": 1.0}
{"epoch": 4, "train_rmse": 1.0031027155354357, "validation_rmse": 0.8897663354873657, "mean_raw_gradient_norm": 5.432434312758907, "fraction_gradients_clipped": 1.0}
{"epoch": 5, "train_rmse": 1.0527836996201227, "validation_rmse": 0.88694167137146, "mean_raw_gradient_norm": 5.5368010382498465, "fraction_gradients_clipped": 1.0}
{"epoch": 6, "train_rmse": 1.0196676231655892, "validation_rmse": 0.885127067565918, "mean_raw_gradient_norm": 4.129736673447393, "fraction_gradients_clipped": 1.0}
{"epoch": 7, "train_rmse": 0.9857047915159096, "validation_rmse": 0.8804656863212585, "mean_raw_gradient_norm": 3.5168107863395446, "fraction_gradients_clipped": 1.0}
{"epoch": 8, "train_rmse": 0.9679862743187136, "validation_rmse": 0.8791934251785278, "mean_raw_gradient_norm": 3.9479554237857943, "fraction_gradients_clipped": 1.0}
{"epoch": 9, "train_rmse": 0.9147664854006065, "validation_rmse": 0.8779492378234863, "mean_raw_gradient_norm": 2.8707006746722805, "fraction_gradients_clipped": 1.0}
{"epoch": 10, "train_rmse": 0.9651311604779619, "validation_rmse": 0.8772557377815247, "mean_raw_gradient_norm": 3.741225657924529, "fraction_gradients_clipped": 1.0}
{
  "seed": 4211,
  "best_validation_rmse": 0.8772557377815247,
  "restored_fit_rmse": 0.8124324083328247,
  "restored_validation_rmse": 0.8772557973861694,
  "epochs_run": 10,
  "fit_observations": 5216,
  "validation_observations": 1309,
  "rule": "inertial_reaction_diffusion",
  "generations": 500,
  "hidden_channels": 16,
  "device": "cuda",
  "gpu": "NVIDIA GeForce RTX 5070 Ti",
  "training_seconds": 538.9638892000075,
  "peak_gpu_memory_bytes": 2014382080,
  "readout": "differentiable_closed_form_ridge",
  "hyperparameters": {
    "ca_lr": 0.003,
    "ridge": 1.0,
    "ca_l2": 1e-05,
    "gradient_clip": 1.0
  }
}
