{"device": "cuda", "gpu": "NVIDIA GeForce RTX 5070 Ti", "pytorch": "2.11.0+cu128", "pytorch_cuda": "12.8"}
{"epoch": 1, "train_rmse": 1.0028021613816005, "validation_rmse": 1.0217608213424683, "mean_raw_gradient_norm": 4.356169700622559, "fraction_gradients_clipped": 1.0}
{"epoch": 2, "train_rmse": 1.059848564774764, "validation_rmse": 1.0221918821334839, "mean_raw_gradient_norm": 4.616299819946289, "fraction_gradients_clipped": 1.0}
{"epoch": 3, "train_rmse": 1.096366423420742, "validation_rmse": 1.0223815441131592, "mean_raw_gradient_norm": 3.642386722564697, "fraction_gradients_clipped": 1.0}
{
  "seed": 1701,
  "best_validation_rmse": 1.0217608213424683,
  "restored_fit_rmse": 0.9040173888206482,
  "restored_validation_rmse": 1.0217574834823608,
  "epochs_run": 3,
  "fit_observations": 791,
  "validation_observations": 273,
  "rule": "gated_residual",
  "generations": 250,
  "hidden_channels": 8,
  "device": "cuda",
  "gpu": "NVIDIA GeForce RTX 5070 Ti",
  "training_seconds": 14.407418699935079,
  "peak_gpu_memory_bytes": 778360832,
  "readout": "differentiable_closed_form_ridge",
  "hyperparameters": {
    "ca_lr": 0.0003,
    "ridge": 0.1,
    "ca_l2": 1e-06,
    "gradient_clip": 2.0,
    "update_scale": 0.08,
    "init_scale": 1.0,
    "initial_noise": 0.0,
    "support_fraction": 0.75,
    "bond_temperature": 2.0,
    "dyn_a": 0.8,
    "dyn_b": 0.8,
    "dyn_c": 0.8,
    "dyn_d": 0.3,
    "lr_schedule": "cosine_0.1x"
  }
}
