{"device": "cuda", "gpu": "NVIDIA GeForce RTX 5070 Ti", "pytorch": "2.11.0+cu128", "pytorch_cuda": "12.8"}
{"epoch": 1, "train_rmse": 1.202614901239703, "validation_rmse": 0.9015348553657532, "mean_raw_gradient_norm": 7.100756260656541, "fraction_gradients_clipped": 1.0}
{"epoch": 2, "train_rmse": 1.210061287428151, "validation_rmse": 0.9008706212043762, "mean_raw_gradient_norm": 7.821329624422135, "fraction_gradients_clipped": 1.0}
{"epoch": 3, "train_rmse": 1.1579182917637028, "validation_rmse": 0.9000333547592163, "mean_raw_gradient_norm": 6.595023462849278, "fraction_gradients_clipped": 1.0}
{"epoch": 4, "train_rmse": 1.2230119542687623, "validation_rmse": 0.8994654417037964, "mean_raw_gradient_norm": 7.482342666195285, "fraction_gradients_clipped": 1.0}
{"epoch": 5, "train_rmse": 1.1991548564333496, "validation_rmse": 0.898446261882782, "mean_raw_gradient_norm": 8.053561379832606, "fraction_gradients_clipped": 1.0}
{"epoch": 6, "train_rmse": 1.2290463704527939, "validation_rmse": 0.898209273815155, "mean_raw_gradient_norm": 6.624305986589001, "fraction_gradients_clipped": 1.0}
{"epoch": 7, "train_rmse": 1.1564154542242928, "validation_rmse": 0.8982186317443848, "mean_raw_gradient_norm": 5.859763276192449, "fraction_gradients_clipped": 1.0}
{"epoch": 8, "train_rmse": 1.183210833260888, "validation_rmse": 0.8978309631347656, "mean_raw_gradient_norm": 7.344469016598117, "fraction_gradients_clipped": 1.0}
{"epoch": 9, "train_rmse": 1.1954770645308066, "validation_rmse": 0.89764004945755, "mean_raw_gradient_norm": 7.042819361532888, "fraction_gradients_clipped": 1.0}
{
  "seed": 2909,
  "best_validation_rmse": 0.898446261882782,
  "restored_fit_rmse": 0.8312642574310303,
  "restored_validation_rmse": 0.8984391689300537,
  "epochs_run": 9,
  "fit_observations": 5216,
  "validation_observations": 1309,
  "rule": "inertial_reaction_diffusion",
  "generations": 16,
  "hidden_channels": 16,
  "device": "cuda",
  "gpu": "NVIDIA GeForce RTX 5070 Ti",
  "training_seconds": 41.05411729996558,
  "peak_gpu_memory_bytes": 107430400,
  "readout": "differentiable_closed_form_ridge",
  "hyperparameters": {
    "ca_lr": 0.0003,
    "ridge": 0.1,
    "ca_l2": 0.0001,
    "gradient_clip": 1.0,
    "update_scale": 0.25,
    "init_scale": 0.5,
    "initial_noise": 0.01,
    "support_fraction": 0.6,
    "bond_temperature": 2.0,
    "dyn_a": 0.5,
    "dyn_b": 0.8,
    "dyn_c": 0.8,
    "dyn_d": 0.3,
    "lr_schedule": "cosine_0.1x"
  }
}
