{"device": "cuda", "gpu": "NVIDIA GeForce RTX 5070 Ti", "pytorch": "2.11.0+cu128", "pytorch_cuda": "12.8"}
{"epoch": 1, "train_rmse": 1.0073095243460928, "validation_rmse": 1.0237962007522583, "mean_raw_gradient_norm": 5.546823501586914, "fraction_gradients_clipped": 1.0}
{"epoch": 2, "train_rmse": 1.035827299444701, "validation_rmse": 1.0241514444351196, "mean_raw_gradient_norm": 7.002413272857666, "fraction_gradients_clipped": 1.0}
{"epoch": 3, "train_rmse": 0.9990704405873776, "validation_rmse": 1.0175637006759644, "mean_raw_gradient_norm": 4.029582786560058, "fraction_gradients_clipped": 1.0}
{
  "seed": 1701,
  "best_validation_rmse": 1.0175637006759644,
  "restored_fit_rmse": 0.8807404041290283,
  "restored_validation_rmse": 1.0175650119781494,
  "epochs_run": 3,
  "fit_observations": 791,
  "validation_observations": 273,
  "rule": "gated_residual",
  "generations": 64,
  "hidden_channels": 8,
  "device": "cuda",
  "gpu": "NVIDIA GeForce RTX 5070 Ti",
  "training_seconds": 4.334387900074944,
  "peak_gpu_memory_bytes": 158287872,
  "readout": "differentiable_closed_form_ridge",
  "hyperparameters": {
    "ca_lr": 0.003,
    "ridge": 0.1,
    "ca_l2": 1e-06,
    "gradient_clip": 0.5
  }
}
