{"operating_system": "macOS-26.2-arm64-arm-64bit", "machine": "arm64", "python": "3.10.19", "python_executable": "/opt/anaconda3/envs/kcc2/bin/python3.10", "pytorch": "2.8.0", "pytorch_cuda": null, "device": "cpu", "gpu": null}
{"epoch": 1, "train_rmse": 1.1203730550268585, "validation_rmse": 0.970845639705658, "mean_raw_gradient_norm": 8.86046039685607, "fraction_gradients_clipped": 1.0}
{"epoch": 2, "train_rmse": 1.1621252620793796, "validation_rmse": 0.9683699607849121, "mean_raw_gradient_norm": 16.166232347488403, "fraction_gradients_clipped": 1.0}
{"epoch": 3, "train_rmse": 1.0897804636130437, "validation_rmse": 0.9663830399513245, "mean_raw_gradient_norm": 8.110101331025362, "fraction_gradients_clipped": 1.0}
{"epoch": 4, "train_rmse": 1.1464195329373952, "validation_rmse": 0.9655799865722656, "mean_raw_gradient_norm": 40.87711061537266, "fraction_gradients_clipped": 1.0}
{"epoch": 5, "train_rmse": 1.084416103646925, "validation_rmse": 0.9653011560440063, "mean_raw_gradient_norm": 6.696067109704018, "fraction_gradients_clipped": 1.0}
{
  "seed": 1701,
  "best_validation_rmse": 0.9663830399513245,
  "restored_fit_rmse": 0.9017601609230042,
  "restored_validation_rmse": 0.9663830399513245,
  "epochs_run": 5,
  "fit_observations": 2643,
  "validation_observations": 670,
  "rule": "kuramoto_sakaguchi",
  "generations": 64,
  "hidden_channels": 4,
  "device": "cpu",
  "gpu": null,
  "training_seconds": 32.494400332914665,
  "peak_gpu_memory_bytes": 0,
  "runtime": {
    "operating_system": "macOS-26.2-arm64-arm-64bit",
    "machine": "arm64",
    "python": "3.10.19",
    "python_executable": "/opt/anaconda3/envs/kcc2/bin/python3.10",
    "pytorch": "2.8.0",
    "pytorch_cuda": null,
    "device": "cpu",
    "gpu": null
  },
  "readout": "differentiable_closed_form_ridge",
  "hyperparameters": {
    "ca_lr": 0.0003,
    "ridge": 0.01,
    "ca_l2": 1e-06,
    "gradient_clip": 1.0,
    "update_scale": 0.08,
    "init_scale": 0.5,
    "initial_noise": 0.005,
    "support_fraction": 0.75,
    "bond_temperature": 2.0,
    "dyn_a": 0.2,
    "dyn_b": 0.8,
    "dyn_c": 0.2,
    "dyn_d": 0.15,
    "lr_schedule": "cosine_0.1x"
  }
}
