{"device": "cuda", "gpu": "NVIDIA GeForce RTX 5070 Ti", "pytorch": "2.11.0+cu128", "pytorch_cuda": "12.8"}
{"epoch": 1, "train_rmse": 0.9839706592473043, "validation_rmse": 1.0125471353530884, "mean_raw_gradient_norm": 9.062744069099427, "fraction_gradients_clipped": 1.0}
{"epoch": 2, "train_rmse": 1.1212888668812973, "validation_rmse": 1.0101042985916138, "mean_raw_gradient_norm": 8.670886707305907, "fraction_gradients_clipped": 1.0}
{"epoch": 3, "train_rmse": 1.0794548728182778, "validation_rmse": 1.0075292587280273, "mean_raw_gradient_norm": 7.108076858520508, "fraction_gradients_clipped": 1.0}
{
  "seed": 1701,
  "best_validation_rmse": 1.0075292587280273,
  "restored_fit_rmse": 0.8995845317840576,
  "restored_validation_rmse": 1.0075292587280273,
  "epochs_run": 3,
  "fit_observations": 791,
  "validation_observations": 273,
  "rule": "gated_residual",
  "generations": 64,
  "hidden_channels": 8,
  "device": "cuda",
  "gpu": "NVIDIA GeForce RTX 5070 Ti",
  "training_seconds": 5.522804800071754,
  "peak_gpu_memory_bytes": 91179008,
  "readout": "differentiable_closed_form_ridge",
  "hyperparameters": {
    "ca_lr": 0.0003,
    "ridge": 1.0,
    "ca_l2": 1e-06,
    "gradient_clip": 1.0
  }
}
