{"operating_system": "macOS-26.2-arm64-arm-64bit", "machine": "arm64", "python": "3.10.19", "python_executable": "/opt/anaconda3/envs/kcc2/bin/python3.10", "pytorch": "2.8.0", "pytorch_cuda": null, "device": "cpu", "gpu": null}
{"epoch": 1, "train_rmse": 1.7232075393463615, "validation_rmse": 0.950814425945282, "mean_raw_gradient_norm": 541.1888499259949, "fraction_gradients_clipped": 1.0}
{"epoch": 2, "train_rmse": 1.5724176121479407, "validation_rmse": 0.9576249718666077, "mean_raw_gradient_norm": 684.1484107971191, "fraction_gradients_clipped": 1.0}
{"epoch": 3, "train_rmse": 1.525567313687255, "validation_rmse": 0.9495126605033875, "mean_raw_gradient_norm": 381.0504584312439, "fraction_gradients_clipped": 1.0}
{"epoch": 4, "train_rmse": 1.4383490998666346, "validation_rmse": 0.9564765095710754, "mean_raw_gradient_norm": 354.8122544288635, "fraction_gradients_clipped": 1.0}
{
  "seed": 1701,
  "best_validation_rmse": 0.950814425945282,
  "restored_fit_rmse": 0.8810369372367859,
  "restored_validation_rmse": 0.950814425945282,
  "epochs_run": 4,
  "fit_observations": 2643,
  "validation_observations": 670,
  "rule": "fitzhugh_nagumo",
  "generations": 32,
  "hidden_channels": 16,
  "device": "cpu",
  "gpu": null,
  "training_seconds": 24.500829834025353,
  "peak_gpu_memory_bytes": 0,
  "runtime": {
    "operating_system": "macOS-26.2-arm64-arm-64bit",
    "machine": "arm64",
    "python": "3.10.19",
    "python_executable": "/opt/anaconda3/envs/kcc2/bin/python3.10",
    "pytorch": "2.8.0",
    "pytorch_cuda": null,
    "device": "cpu",
    "gpu": null
  },
  "readout": "differentiable_closed_form_ridge",
  "hyperparameters": {
    "ca_lr": 0.001,
    "ridge": 0.01,
    "ca_l2": 0.0001,
    "gradient_clip": 0.5,
    "update_scale": 0.4,
    "init_scale": 1.0,
    "initial_noise": 0.0,
    "support_fraction": 0.75,
    "bond_temperature": 2.0,
    "dyn_a": 0.5,
    "dyn_b": 0.8,
    "dyn_c": 0.5,
    "dyn_d": 0.05,
    "lr_schedule": "cosine_0.1x"
  }
}
