{"operating_system": "Windows-10-10.0.26200-SP0", "machine": "AMD64", "python": "3.11.16", "python_executable": "C:\\Users\\Anthony\\anaconda3\\envs\\strange-matter-gpu\\python.exe", "pytorch": "2.11.0+cu128", "pytorch_cuda": "12.8", "device": "cuda", "gpu": "NVIDIA GeForce RTX 5070 Ti"}
{"epoch": 1, "train_rmse": 0.9738907444839955, "validation_rmse": 0.8866400122642517, "validation_ma_st_rae": 0.9690336643081809, "validation_CYP1A2_st_rae": 1.0402058854733052, "validation_CYP2C9_st_rae": 0.8767907380798815, "validation_CYP2D6_st_rae": 1.070984003415806, "validation_CYP3A4_st_rae": 0.8881540302637313, "mean_raw_gradient_norm": 4.137673377990723, "fraction_gradients_clipped": 1.0}
{"epoch": 2, "train_rmse": 1.0865914748481282, "validation_rmse": 0.8859705924987793, "validation_ma_st_rae": 0.9672695908041916, "validation_CYP1A2_st_rae": 1.0339557017801586, "validation_CYP2C9_st_rae": 0.8932241538261986, "validation_CYP2D6_st_rae": 1.0605904081940472, "validation_CYP3A4_st_rae": 0.8813080994163626, "mean_raw_gradient_norm": 4.711183166503906, "fraction_gradients_clipped": 1.0}
{"epoch": 3, "train_rmse": 1.1532601931129973, "validation_rmse": 0.884907603263855, "validation_ma_st_rae": 0.9668976287265679, "validation_CYP1A2_st_rae": 1.026148918725115, "validation_CYP2C9_st_rae": 0.9041401423638183, "validation_CYP2D6_st_rae": 1.0571716285419759, "validation_CYP3A4_st_rae": 0.8801298252753623, "mean_raw_gradient_norm": 91.13965816497803, "fraction_gradients_clipped": 1.0}
{
  "seed": 1701,
  "selection_metric": "validation_ma_st_rae",
  "best_validation_ma_st_rae": 0.9690336643081809,
  "best_validation_rmse": 0.8866400122642517,
  "restored_fit_rmse": 0.9705192446708679,
  "restored_validation_rmse": 0.8866354823112488,
  "restored_fit_ma_st_rae": 0.919993080847296,
  "restored_validation_ma_st_rae": 0.9803826790641934,
  "restored_validation_point_ma_st_rae": 0.9690086277110127,
  "restored_validation_point_st_rae_by_cyp": {
    "CYP1A2": 1.040151052488102,
    "CYP2C9": 0.8767621850514332,
    "CYP2D6": 1.0709736253232058,
    "CYP3A4": 0.8881476479813099
  },
  "restored_fit_st_rae_by_cyp": {
    "CYP1A2": 0.9040409758122522,
    "CYP2C9": 0.8609316584520411,
    "CYP2D6": 1.03125997619135,
    "CYP3A4": 0.883739712933541
  },
  "restored_validation_st_rae_by_cyp": {
    "CYP1A2": 1.0403323464687755,
    "CYP2C9": 0.8995519497716811,
    "CYP2D6": 1.0829884343355458,
    "CYP3A4": 0.8986579856807716
  },
  "validation_bootstrap_metrics": {
    "n_bootstrap_samples": 1000,
    "seed": 0,
    "macro": {
      "st_rae": {
        "mean": 0.9803826790641934,
        "ci_low": 0.8926075474959517,
        "ci_high": 1.0761544817164703
      },
      "mae": {
        "mean": 0.6567562287617155,
        "ci_low": 0.5892900970923538,
        "ci_high": 0.7287391180644313
      },
      "r2": {
        "mean": 0.002897764935958736,
        "ci_low": -0.09881373201341168,
        "ci_high": 0.0876843700516515
      },
      "spearman_rho": {
        "mean": 0.26506608030328765,
        "ci_low": 0.1513645492229122,
        "ci_high": 0.3735863788851017
      },
      "kendall_tau": {
        "mean": 0.1832545130416218,
        "ci_low": 0.101015981382025,
        "ci_high": 0.26090684234750583
      }
    },
    "per_endpoint": {
      "CYP1A2": {
        "st_rae": {
          "mean": 1.0403323464687755,
          "ci_low": 0.8330316365485179,
          "ci_high": 1.2646267796778663
        },
        "mae": {
          "mean": 0.7134820695392422,
          "ci_low": 0.5557173816884151,
          "ci_high": 0.8956471242865578
        },
        "r2": {
          "mean": 0.018215459201298887,
          "ci_low": -0.18081518064786917,
          "ci_high": 0.13914182747718848
        },
        "spearman_rho": {
          "mean": 0.28462951928138625,
          "ci_low": 0.05060051481135259,
          "ci_high": 0.50000794133874
        },
        "kendall_tau": {
          "mean": 0.19585087017971448,
          "ci_low": 0.04013154712966098,
          "ci_high": 0.3437607386527336
        }
      },
      "CYP2C9": {
        "st_rae": {
          "mean": 0.8995519497716811,
          "ci_low": 0.6967138846134819,
          "ci_high": 1.1393684396574157
        },
        "mae": {
          "mean": 0.5297556635260583,
          "ci_low": 0.41081848680973054,
          "ci_high": 0.6549792727828025
        },
        "r2": {
          "mean": 0.005122513153463206,
          "ci_low": -0.28724387951637875,
          "ci_high": 0.23612899180607147
        },
        "spearman_rho": {
          "mean": 0.34131813038427866,
          "ci_low": 0.0740801274693408,
          "ci_high": 0.5689868843158412
        },
        "kendall_tau": {
          "mean": 0.24171796838747217,
          "ci_low": 0.047474340475706873,
          "ci_high": 0.4117901046428934
        }
      },
      "CYP2D6": {
        "st_rae": {
          "mean": 1.0829884343355458,
          "ci_low": 0.9302642159836675,
          "ci_high": 1.258713256333653
        },
        "mae": {
          "mean": 0.5978336431063138,
          "ci_low": 0.4563226409141834,
          "ci_high": 0.7514080189741574
        },
        "r2": {
          "mean": -0.1787911700950312,
          "ci_low": -0.3836558440729352,
          "ci_high": -0.030427621325739243
        },
        "spearman_rho": {
          "mean": 0.009960947862861209,
          "ci_low": -0.25212061880650133,
          "ci_high": 0.25863499791986744
        },
        "kendall_tau": {
          "mean": 0.009167850848548596,
          "ci_low": -0.16661164867333073,
          "ci_high": 0.18309884705313229
        }
      },
      "CYP3A4": {
        "st_rae": {
          "mean": 0.8986579856807716,
          "ci_low": 0.7719706441565491,
          "ci_high": 1.0635194143381999
        },
        "mae": {
          "mean": 0.7859535388752472,
          "ci_low": 0.6779104691605236,
          "ci_high": 0.8983024455780205
        },
        "r2": {
          "mean": 0.16704425748410404,
          "ci_low": 0.06761915413558917,
          "ci_high": 0.25458280544836237
        },
        "spearman_rho": {
          "mean": 0.42435572368462443,
          "ci_low": 0.23763290153163671,
          "ci_high": 0.5899417823079786
        },
        "kendall_tau": {
          "mean": 0.28628136275075194,
          "ci_low": 0.14630504636358735,
          "ci_high": 0.4163932666670352
        }
      }
    }
  },
  "epochs_run": 3,
  "fit_observations": 806,
  "validation_observations": 272,
  "rule": "kuramoto_sakaguchi",
  "generations": 32,
  "hidden_channels": 4,
  "atom_feature_profile": "periodic_valence",
  "atom_feature_count": 38,
  "atom_feature_names": [
    "element_H",
    "element_C",
    "element_N",
    "element_O",
    "element_F",
    "element_P",
    "element_S",
    "element_Cl",
    "element_Br",
    "element_I",
    "element_other",
    "formal_charge",
    "aromatic",
    "hybrid_sp",
    "hybrid_sp2",
    "hybrid_sp3",
    "hybrid_other",
    "degree",
    "total_hydrogens",
    "in_ring",
    "hbond_donor",
    "hbond_acceptor",
    "chiral_cw",
    "chiral_ccw",
    "chiral_other",
    "atomic_number",
    "atomic_mass",
    "covalent_radius",
    "vdw_radius",
    "outer_electrons",
    "period",
    "periodic_group",
    "atomic_volume",
    "total_valence",
    "implicit_valence",
    "heavy_atom_degree",
    "radical_electrons",
    "absolute_formal_charge"
  ],
  "device": "cuda",
  "gpu": "NVIDIA GeForce RTX 5070 Ti",
  "training_seconds": 3.5242208000272512,
  "peak_gpu_memory_bytes": 75953664,
  "runtime": {
    "operating_system": "Windows-10-10.0.26200-SP0",
    "machine": "AMD64",
    "python": "3.11.16",
    "python_executable": "C:\\Users\\Anthony\\anaconda3\\envs\\strange-matter-gpu\\python.exe",
    "pytorch": "2.11.0+cu128",
    "pytorch_cuda": "12.8",
    "device": "cuda",
    "gpu": "NVIDIA GeForce RTX 5070 Ti"
  },
  "validation_protocol": {
    "kind": "scaffold_cross_validation",
    "fold": 0,
    "folds": 5
  },
  "readout": "differentiable_closed_form_ridge",
  "prediction_mode": "direct",
  "residual_alpha": null,
  "trajectory_pooling": "legacy",
  "ridge_mode": "shared",
  "loss_mode": "hybrid_interval",
  "interval_loss_beta": 0.5,
  "interval_temperature": 0.05,
  "hyperparameters": {
    "ca_lr": 0.003,
    "ridge": 0.1,
    "ca_l2": 0.0001,
    "gradient_clip": 2.0,
    "update_scale": 0.15,
    "init_scale": 1.5,
    "initial_noise": 0.01,
    "support_fraction": 0.85,
    "bond_temperature": 1.0,
    "dyn_a": 0.2,
    "dyn_b": 0.5,
    "dyn_c": 0.8,
    "dyn_d": 0.3,
    "lr_schedule": "cosine_0.1x"
  }
}
