{"operating_system": "Windows-10-10.0.26200-SP0", "machine": "AMD64", "python": "3.11.16", "python_executable": "C:\\Users\\Anthony\\anaconda3\\envs\\strange-matter-gpu\\python.exe", "pytorch": "2.11.0+cu128", "pytorch_cuda": "12.8", "device": "cuda", "gpu": "NVIDIA GeForce RTX 5070 Ti"}
{"epoch": 1, "train_rmse": 1.2594476186399457, "validation_rmse": 0.8731685876846313, "validation_ma_st_rae": 0.9919742475008868, "validation_CYP1A2_st_rae": 1.0787112826565588, "validation_CYP2C9_st_rae": 1.0689327388179122, "validation_CYP2D6_st_rae": 0.9309738045107638, "validation_CYP3A4_st_rae": 0.889279164018313, "mean_raw_gradient_norm": 101.21653261184693, "fraction_gradients_clipped": 1.0}
{"epoch": 2, "train_rmse": 1.2371852157475092, "validation_rmse": 0.8696278929710388, "validation_ma_st_rae": 0.9905451548709566, "validation_CYP1A2_st_rae": 1.0719922289284811, "validation_CYP2C9_st_rae": 1.066538074924606, "validation_CYP2D6_st_rae": 0.9315541774357987, "validation_CYP3A4_st_rae": 0.8920961381949407, "mean_raw_gradient_norm": 184.86582880020143, "fraction_gradients_clipped": 1.0}
{"epoch": 3, "train_rmse": 1.360636481401805, "validation_rmse": 0.8717433214187622, "validation_ma_st_rae": 0.9953205675969005, "validation_CYP1A2_st_rae": 1.0867319890712424, "validation_CYP2C9_st_rae": 1.0708512277719566, "validation_CYP2D6_st_rae": 0.9324282166140954, "validation_CYP3A4_st_rae": 0.8912708369303073, "mean_raw_gradient_norm": 361.9997850418091, "fraction_gradients_clipped": 1.0}
{
  "seed": 1701,
  "selection_metric": "validation_ma_st_rae",
  "best_validation_ma_st_rae": 0.9919742475008868,
  "best_validation_rmse": 0.8731685876846313,
  "restored_fit_rmse": 0.973950982093811,
  "restored_validation_rmse": 0.8731646537780762,
  "restored_fit_ma_st_rae": 0.951172948387563,
  "restored_validation_ma_st_rae": 1.0079933472353133,
  "restored_validation_point_ma_st_rae": 0.9919681623374783,
  "restored_validation_point_st_rae_by_cyp": {
    "CYP1A2": 1.0786778518740783,
    "CYP2C9": 1.068930278336503,
    "CYP2D6": 0.930978578802031,
    "CYP3A4": 0.8892859403373014
  },
  "restored_fit_st_rae_by_cyp": {
    "CYP1A2": 1.011293897353825,
    "CYP2C9": 0.9275055813698679,
    "CYP2D6": 0.9808618790723842,
    "CYP3A4": 0.8850304357541756
  },
  "restored_validation_st_rae_by_cyp": {
    "CYP1A2": 1.0840160182991463,
    "CYP2C9": 1.1027379680942158,
    "CYP2D6": 0.9454861665042119,
    "CYP3A4": 0.8997332360436794
  },
  "validation_bootstrap_metrics": {
    "n_bootstrap_samples": 1000,
    "seed": 0,
    "macro": {
      "st_rae": {
        "mean": 1.0079933472353133,
        "ci_low": 0.886930159871333,
        "ci_high": 1.1303486148179636
      },
      "mae": {
        "mean": 0.6643878116380232,
        "ci_low": 0.6017223682832037,
        "ci_high": 0.7308668297247611
      },
      "r2": {
        "mean": 0.028342802711476142,
        "ci_low": -0.10799094508366962,
        "ci_high": 0.1464073493731954
      },
      "spearman_rho": {
        "mean": 0.3420139729981314,
        "ci_low": 0.2313101174361585,
        "ci_high": 0.4577779288423257
      },
      "kendall_tau": {
        "mean": 0.24152443059328504,
        "ci_low": 0.16302387650394834,
        "ci_high": 0.32745580022790616
      }
    },
    "per_endpoint": {
      "CYP1A2": {
        "st_rae": {
          "mean": 1.0840160182991463,
          "ci_low": 0.7996429824190061,
          "ci_high": 1.4151859425240005
        },
        "mae": {
          "mean": 0.7065516016209712,
          "ci_low": 0.5516890389997451,
          "ci_high": 0.8889654461477624
        },
        "r2": {
          "mean": 0.05589506680871522,
          "ci_low": -0.296563731995114,
          "ci_high": 0.2723032968498525
        },
        "spearman_rho": {
          "mean": 0.3901948268930953,
          "ci_low": 0.14018110372390624,
          "ci_high": 0.6094128951117188
        },
        "kendall_tau": {
          "mean": 0.2760361855196536,
          "ci_low": 0.09642990884454299,
          "ci_high": 0.44111685288640595
        }
      },
      "CYP2C9": {
        "st_rae": {
          "mean": 1.1027379680942158,
          "ci_low": 0.8258600541910563,
          "ci_high": 1.4448246378998173
        },
        "mae": {
          "mean": 0.6095501868367196,
          "ci_low": 0.4934903414050738,
          "ci_high": 0.7352892343203226
        },
        "r2": {
          "mean": -0.1644819061410879,
          "ci_low": -0.5565746185558887,
          "ci_high": 0.14407662296381546
        },
        "spearman_rho": {
          "mean": 0.2306889039029929,
          "ci_low": -0.033271954374464424,
          "ci_high": 0.48855257043119094
        },
        "kendall_tau": {
          "mean": 0.160534507318684,
          "ci_low": -0.033929922321032376,
          "ci_high": 0.3495736429092624
        }
      },
      "CYP2D6": {
        "st_rae": {
          "mean": 0.9454861665042119,
          "ci_low": 0.7985697606580054,
          "ci_high": 1.1267276006635474
        },
        "mae": {
          "mean": 0.549369011776264,
          "ci_low": 0.4381504052418929,
          "ci_high": 0.6731909310817719
        },
        "r2": {
          "mean": 0.08129805107446386,
          "ci_low": -0.09411099477071969,
          "ci_high": 0.21548974304722585
        },
        "spearman_rho": {
          "mean": 0.3566316521637056,
          "ci_low": 0.13438448428708621,
          "ci_high": 0.5623580023633766
        },
        "kendall_tau": {
          "mean": 0.2589419741400716,
          "ci_low": 0.0960737308622079,
          "ci_high": 0.41656782179217544
        }
      },
      "CYP3A4": {
        "st_rae": {
          "mean": 0.8997332360436794,
          "ci_low": 0.7619163482795956,
          "ci_high": 1.0745219094639895
        },
        "mae": {
          "mean": 0.7920804463181385,
          "ci_low": 0.6770790284456208,
          "ci_high": 0.916636608506358
        },
        "r2": {
          "mean": 0.14065999910381335,
          "ci_low": 0.007271529981854594,
          "ci_high": 0.25777150459600606
        },
        "spearman_rho": {
          "mean": 0.39054050903273174,
          "ci_low": 0.18998176938240596,
          "ci_high": 0.5680596422360978
        },
        "kendall_tau": {
          "mean": 0.270585055394731,
          "ci_low": 0.12481145578878179,
          "ci_high": 0.40002790444565245
        }
      }
    }
  },
  "epochs_run": 3,
  "fit_observations": 806,
  "validation_observations": 272,
  "rule": "delayed_memory",
  "generations": 500,
  "hidden_channels": 4,
  "atom_feature_profile": "electronic",
  "atom_feature_count": 33,
  "atom_feature_names": [
    "element_H",
    "element_C",
    "element_N",
    "element_O",
    "element_F",
    "element_P",
    "element_S",
    "element_Cl",
    "element_Br",
    "element_I",
    "element_other",
    "formal_charge",
    "aromatic",
    "hybrid_sp",
    "hybrid_sp2",
    "hybrid_sp3",
    "hybrid_other",
    "degree",
    "total_hydrogens",
    "in_ring",
    "hbond_donor",
    "hbond_acceptor",
    "chiral_cw",
    "chiral_ccw",
    "chiral_other",
    "electronegativity",
    "polarizability",
    "heteroatom",
    "halogen",
    "conjugated_bond_fraction",
    "first_ionization_energy",
    "electron_affinity",
    "electronic_property_missing"
  ],
  "device": "cuda",
  "gpu": "NVIDIA GeForce RTX 5070 Ti",
  "training_seconds": 69.22325969999656,
  "peak_gpu_memory_bytes": 309571584,
  "runtime": {
    "operating_system": "Windows-10-10.0.26200-SP0",
    "machine": "AMD64",
    "python": "3.11.16",
    "python_executable": "C:\\Users\\Anthony\\anaconda3\\envs\\strange-matter-gpu\\python.exe",
    "pytorch": "2.11.0+cu128",
    "pytorch_cuda": "12.8",
    "device": "cuda",
    "gpu": "NVIDIA GeForce RTX 5070 Ti"
  },
  "validation_protocol": {
    "kind": "scaffold_cross_validation",
    "fold": 0,
    "folds": 5
  },
  "readout": "differentiable_closed_form_ridge",
  "hyperparameters": {
    "ca_lr": 0.0003,
    "ridge": 0.01,
    "ca_l2": 1e-05,
    "gradient_clip": 2.0,
    "update_scale": 0.08,
    "init_scale": 0.5,
    "initial_noise": 0.005,
    "support_fraction": 0.85,
    "bond_temperature": 0.5,
    "dyn_a": 0.5,
    "dyn_b": 0.2,
    "dyn_c": 0.8,
    "dyn_d": 0.05,
    "lr_schedule": "cosine_0.1x"
  }
}
