{"operating_system": "Windows-10-10.0.26200-SP0", "machine": "AMD64", "python": "3.11.16", "python_executable": "C:\\Users\\Anthony\\anaconda3\\envs\\strange-matter-gpu\\python.exe", "pytorch": "2.11.0+cu128", "pytorch_cuda": "12.8", "device": "cuda", "gpu": "NVIDIA GeForce RTX 5070 Ti"}
{"epoch": 1, "train_rmse": 1.1283157554882428, "validation_rmse": 0.9006255865097046, "validation_ma_st_rae": 0.9143958495312808, "validation_CYP1A2_st_rae": 0.8983368105670609, "validation_CYP2C9_st_rae": 0.9829144116576899, "validation_CYP2D6_st_rae": 1.0755745672136068, "validation_CYP3A4_st_rae": 0.7007576086867657, "mean_raw_gradient_norm": 7.038952131271362, "fraction_gradients_clipped": 1.0}
{"epoch": 2, "train_rmse": 1.1293935277379537, "validation_rmse": 0.8865919709205627, "validation_ma_st_rae": 0.8960216927742045, "validation_CYP1A2_st_rae": 0.9054886789002012, "validation_CYP2C9_st_rae": 0.8999555144221498, "validation_CYP2D6_st_rae": 1.083207113564961, "validation_CYP3A4_st_rae": 0.6954354642095059, "mean_raw_gradient_norm": 5.6546798515319825, "fraction_gradients_clipped": 1.0}
{"epoch": 3, "train_rmse": 1.120305643369457, "validation_rmse": 0.8813819289207458, "validation_ma_st_rae": 0.889979124037348, "validation_CYP1A2_st_rae": 0.8852117585756926, "validation_CYP2C9_st_rae": 0.910029716358784, "validation_CYP2D6_st_rae": 1.063609093660869, "validation_CYP3A4_st_rae": 0.7010659275540467, "mean_raw_gradient_norm": 4.280218663215638, "fraction_gradients_clipped": 1.0}
{"epoch": 4, "train_rmse": 1.083626861842554, "validation_rmse": 0.8738878965377808, "validation_ma_st_rae": 0.8753059540781899, "validation_CYP1A2_st_rae": 0.8607605781183381, "validation_CYP2C9_st_rae": 0.9147667470942057, "validation_CYP2D6_st_rae": 1.0437889939758467, "validation_CYP3A4_st_rae": 0.6819074971243689, "mean_raw_gradient_norm": 4.818680753707886, "fraction_gradients_clipped": 1.0}
{"epoch": 5, "train_rmse": 1.0564777692583938, "validation_rmse": 0.8706934452056885, "validation_ma_st_rae": 0.8732110515730527, "validation_CYP1A2_st_rae": 0.8572136884945338, "validation_CYP2C9_st_rae": 0.9342491941019362, "validation_CYP2D6_st_rae": 1.024905014628188, "validation_CYP3A4_st_rae": 0.6764763090675527, "mean_raw_gradient_norm": 4.635813603401184, "fraction_gradients_clipped": 1.0}
{"epoch": 6, "train_rmse": 1.0430851937807708, "validation_rmse": 0.873673677444458, "validation_ma_st_rae": 0.8710215999808659, "validation_CYP1A2_st_rae": 0.8553616985342193, "validation_CYP2C9_st_rae": 0.9126392574521992, "validation_CYP2D6_st_rae": 1.0325918865449282, "validation_CYP3A4_st_rae": 0.6834935573921169, "mean_raw_gradient_norm": 4.25385142326355, "fraction_gradients_clipped": 1.0}
{"epoch": 7, "train_rmse": 1.0095251199790043, "validation_rmse": 0.8758865594863892, "validation_ma_st_rae": 0.8729236712060533, "validation_CYP1A2_st_rae": 0.8609225158116145, "validation_CYP2C9_st_rae": 0.9158543251582533, "validation_CYP2D6_st_rae": 1.0311406037793314, "validation_CYP3A4_st_rae": 0.6837772400750143, "mean_raw_gradient_norm": 3.7804958200454712, "fraction_gradients_clipped": 1.0}
{"epoch": 8, "train_rmse": 0.9788294875576128, "validation_rmse": 0.8752719163894653, "validation_ma_st_rae": 0.8726257837902502, "validation_CYP1A2_st_rae": 0.8626351037635382, "validation_CYP2C9_st_rae": 0.9183805209947198, "validation_CYP2D6_st_rae": 1.0304631415652221, "validation_CYP3A4_st_rae": 0.6790243688375204, "mean_raw_gradient_norm": 3.4182843446731566, "fraction_gradients_clipped": 1.0}
{
  "seed": 2909,
  "selection_metric": "validation_ma_st_rae",
  "best_validation_ma_st_rae": 0.8710215999808659,
  "best_validation_rmse": 0.873673677444458,
  "restored_fit_rmse": 0.8060339093208313,
  "restored_validation_rmse": 0.8736727237701416,
  "restored_fit_ma_st_rae": 0.8089000319509462,
  "restored_validation_ma_st_rae": 0.8751207251750355,
  "restored_validation_point_ma_st_rae": 0.8710163106414555,
  "restored_validation_point_st_rae_by_cyp": {
    "CYP1A2": 0.8553948052383454,
    "CYP2C9": 0.9126695036838621,
    "CYP2D6": 1.0325160372054676,
    "CYP3A4": 0.6834848964381468
  },
  "restored_fit_st_rae_by_cyp": {
    "CYP1A2": 0.8480312352052315,
    "CYP2C9": 0.7696717811081244,
    "CYP2D6": 0.9550264864036103,
    "CYP3A4": 0.6628706250868184
  },
  "restored_validation_st_rae_by_cyp": {
    "CYP1A2": 0.8611861704745806,
    "CYP2C9": 0.9163527684282804,
    "CYP2D6": 1.0352241550301082,
    "CYP3A4": 0.6877198067671725
  },
  "validation_bootstrap_metrics": {
    "n_bootstrap_samples": 1000,
    "seed": 0,
    "macro": {
      "st_rae": {
        "mean": 0.8751207251750355,
        "ci_low": 0.8132075712875607,
        "ci_high": 0.9402206253170625
      },
      "mae": {
        "mean": 0.6423929516226364,
        "ci_low": 0.609117294076843,
        "ci_high": 0.6751212841695967
      },
      "r2": {
        "mean": 0.17179252247869503,
        "ci_low": 0.09888015596047373,
        "ci_high": 0.23536726883210232
      },
      "spearman_rho": {
        "mean": 0.4464321895485515,
        "ci_low": 0.39002007998161664,
        "ci_high": 0.5025805864908328
      },
      "kendall_tau": {
        "mean": 0.3147664899622669,
        "ci_low": 0.2741920892276392,
        "ci_high": 0.3557602525023197
      }
    },
    "per_endpoint": {
      "CYP1A2": {
        "st_rae": {
          "mean": 0.8611861704745806,
          "ci_low": 0.7567658567762277,
          "ci_high": 0.9861055827810923
        },
        "mae": {
          "mean": 0.7114255638376872,
          "ci_low": 0.6403950027359856,
          "ci_high": 0.7950327859984503
        },
        "r2": {
          "mean": 0.2085289440369613,
          "ci_low": 0.11073415942085292,
          "ci_high": 0.292087805165262
        },
        "spearman_rho": {
          "mean": 0.4794466606007065,
          "ci_low": 0.3708696537332243,
          "ci_high": 0.5780357333280046
        },
        "kendall_tau": {
          "mean": 0.3312386875859405,
          "ci_low": 0.2516672138533556,
          "ci_high": 0.40862242037828456
        }
      },
      "CYP2C9": {
        "st_rae": {
          "mean": 0.9163527684282804,
          "ci_low": 0.7417555091215865,
          "ci_high": 1.1118451857628697
        },
        "mae": {
          "mean": 0.49835733489637024,
          "ci_low": 0.44488849419134635,
          "ci_high": 0.5556848417829584
        },
        "r2": {
          "mean": 0.13613726865219597,
          "ci_low": -0.082470000168119,
          "ci_high": 0.307163285055744
        },
        "spearman_rho": {
          "mean": 0.41047461978540506,
          "ci_low": 0.2752201060364029,
          "ci_high": 0.5406986759848448
        },
        "kendall_tau": {
          "mean": 0.2914688813382591,
          "ci_low": 0.1942761574126255,
          "ci_high": 0.3881773741235378
        }
      },
      "CYP2D6": {
        "st_rae": {
          "mean": 1.0352241550301082,
          "ci_low": 0.9326995370821887,
          "ci_high": 1.1534817062365488
        },
        "mae": {
          "mean": 0.6665792528603036,
          "ci_low": 0.5870944625745385,
          "ci_high": 0.7482872416407375
        },
        "r2": {
          "mean": 0.0012969646507360755,
          "ci_low": -0.09961236795282945,
          "ci_high": 0.09399050966775215
        },
        "spearman_rho": {
          "mean": 0.2486889718863333,
          "ci_low": 0.11801008260447984,
          "ci_high": 0.37352630384347124
        },
        "kendall_tau": {
          "mean": 0.17036238063797496,
          "ci_low": 0.0822300414556728,
          "ci_high": 0.2597885489400599
        }
      },
      "CYP3A4": {
        "st_rae": {
          "mean": 0.6877198067671725,
          "ci_low": 0.6078733429778527,
          "ci_high": 0.7775605088693661
        },
        "mae": {
          "mean": 0.693209654896185,
          "ci_low": 0.6345985400524761,
          "ci_high": 0.7579883809214611
        },
        "r2": {
          "mean": 0.34120691257488683,
          "ci_low": 0.16256847279563205,
          "ci_high": 0.4567655884497762
        },
        "spearman_rho": {
          "mean": 0.647118505921761,
          "ci_low": 0.5832778225377969,
          "ci_high": 0.7080672365223324
        },
        "kendall_tau": {
          "mean": 0.46599601028689325,
          "ci_low": 0.4134983609572594,
          "ci_high": 0.517885672504722
        }
      }
    }
  },
  "epochs_run": 8,
  "fit_observations": 4213,
  "validation_observations": 1003,
  "rule": "gated_residual",
  "generations": 64,
  "hidden_channels": 16,
  "atom_feature_profile": "local_environment",
  "atom_feature_count": 29,
  "atom_feature_names": [
    "element_H",
    "element_C",
    "element_N",
    "element_O",
    "element_F",
    "element_P",
    "element_S",
    "element_Cl",
    "element_Br",
    "element_I",
    "element_other",
    "formal_charge",
    "aromatic",
    "hybrid_sp",
    "hybrid_sp2",
    "hybrid_sp3",
    "hybrid_other",
    "degree",
    "total_hydrogens",
    "in_ring",
    "hbond_donor",
    "hbond_acceptor",
    "chiral_cw",
    "chiral_ccw",
    "chiral_other",
    "mean_neighbour_electronegativity",
    "electronegativity_difference",
    "mean_neighbour_atomic_number",
    "neighbour_formal_charge"
  ],
  "device": "cuda",
  "gpu": "NVIDIA GeForce RTX 5070 Ti",
  "training_seconds": 61.46636960003525,
  "peak_gpu_memory_bytes": 409829376,
  "runtime": {
    "operating_system": "Windows-10-10.0.26200-SP0",
    "machine": "AMD64",
    "python": "3.11.16",
    "python_executable": "C:\\Users\\Anthony\\anaconda3\\envs\\strange-matter-gpu\\python.exe",
    "pytorch": "2.11.0+cu128",
    "pytorch_cuda": "12.8",
    "device": "cuda",
    "gpu": "NVIDIA GeForce RTX 5070 Ti"
  },
  "validation_protocol": {
    "kind": "scaffold_cross_validation",
    "fold": 3,
    "folds": 5
  },
  "readout": "differentiable_closed_form_ridge",
  "hyperparameters": {
    "ca_lr": 0.003,
    "ridge": 0.1,
    "ca_l2": 1e-05,
    "gradient_clip": 1.0,
    "update_scale": 0.15,
    "init_scale": 0.5,
    "initial_noise": 0.01,
    "support_fraction": 0.6,
    "bond_temperature": 0.5,
    "dyn_a": 0.2,
    "dyn_b": 0.8,
    "dyn_c": 0.5,
    "dyn_d": 0.05,
    "lr_schedule": "cosine_0.1x"
  }
}
