{"operating_system": "Windows-10-10.0.26200-SP0", "machine": "AMD64", "python": "3.11.16", "python_executable": "C:\\Users\\Anthony\\anaconda3\\envs\\strange-matter-gpu\\python.exe", "pytorch": "2.11.0+cu128", "pytorch_cuda": "12.8", "device": "cuda", "gpu": "NVIDIA GeForce RTX 5070 Ti"}
{"epoch": 1, "train_rmse": 1.2616806010478414, "validation_rmse": 0.8704525232315063, "validation_ma_st_rae": 0.8687280294619764, "validation_CYP1A2_st_rae": 0.9787591659976865, "validation_CYP2C9_st_rae": 0.7094862795324168, "validation_CYP2D6_st_rae": 1.027102602198746, "validation_CYP3A4_st_rae": 0.7595640701190562, "mean_raw_gradient_norm": 10.581819370388985, "fraction_gradients_clipped": 1.0{"e{"epoch": 2, "train_rmse": 1.1548613979820987, "validation_rmse": 0.8721306920051575, "validation_ma_st_rae": 0.867135432176254, "validation_CYP1A2_st_rae": 0.9841994496289717, "validation_CYP2C9_st_rae": 0.7079860448803663, "validation_CYP2D6_st_rae": 1.031837837644687, "validation_CYP3A4_st_rae": 0.7445183965509908, "mean_raw_gradient_norm": 7.0265935361385345, "fraction_gradients_clipped": 1.0{"e{"epoch": 3, "train_rmse": 1.1699924131756585, "validation_rmse": 0.8757339715957642, "validation_ma_st_rae": 0.8818600766193737, "validation_CYP1A2_st_rae": 1.001404596648684, "validation_CYP2C9_st_rae": 0.7422587551296679, "validation_CYP2D6_st_rae": 1.0322970682925106, "validation_CYP3A4_st_rae": 0.7514798864066322, "mean_raw_gradient_norm": 7.345139856139819, "fraction_gradients_clipped": 1.{"ep{"epoch": 4, "train_rmse": 1.137019960868554, "validation_rmse": 0.8751949071884155, "validation_ma_st_rae": 0.8788818426505548, "validation_CYP1A2_st_rae": 0.9887655239694645, "validation_CYP2C9_st_rae": 0.7592668675154324, "validation_CYP2D6_st_rae": 1.011522953174713, "validation_CYP3A4_st_rae": 0.7559720259426091, "mean_raw_gradient_norm": 6.151333133379619, "fraction_gradients_clipped": 1.0}{{
  "seed": 1701,
  "selection_metric": "validation_ma_st_rae",
  "best_validation_ma_st_rae": 0.8687280294619764,
  "best_validation_rmse": 0.8704525232315063,
  "restored_fit_rmse": 0.8234891295433044,
  "restored_validation_rmse": 0.870456337928772,
  "restored_fit_ma_st_rae": 0.8235691621408497,
  "restored_validation_ma_st_rae": 0.8719163471808934,
  "restored_validation_point_ma_st_rae": 0.8687323761114994,
  "restored_validation_point_st_rae_by_cyp": {
    "CYP1A2": 0.9787570347703074,
    "CYP2C9": 0.7094896646655036,
    "CYP2D6": 1.027117770566877,
    "CYP3A4": 0.7595650344433097
  },
  "restored_fit_st_rae_by_cyp": {
    "CYP1A2": 0.857735395046702,
    "CYP2C9": 0.7486389526767953,
    "CYP2D6": 0.9919287119170384,
    "CYP3A4": 0.6959735889228629
  },
  "restored_validation_st_rae_by_cyp": {
    "CYP1A2": 0.9805898986272806,
    "CYP2C9": 0.7146872819020441,
    "CYP2D6": 1.0293559712927545,
    "CYP3A4": 0.7630322369014944
  },
  "validation_bootstrap_metrics": {
    "n_bootstrap_samples": 1000,
    "seed": 0,
    "macro": {
      "st_rae": {
        "mean": 0.8719163471808934,
        "ci_low": 0.8278166039084573,
        "ci_high": 0.9228242705904472
      },
      "mae": {
        "mean": 0.6451798865444034,
        "ci_low": 0.6106321209786625,
        "ci_high": 0.6809635275628272
      },
      "r2": {
        "mean": 0.2093902565345847,
        "ci_low": 0.16146029176707957,
        "ci_high": 0.2491378145802653
      },
      "spearman_rho": {
        "mean": 0.4256141131524509,
        "ci_low": 0.3740995775056663,
        "ci_high": 0.4726607860784272
      },
      "kendall_tau": {
        "mean": 0.2963029429369785,
        "ci_low": 0.25963046904729814,
        "ci_high": 0.3310798114072656
      }
    },
    "per_endpoint": {
      "CYP1A2": {
        "st_rae": {
          "mean": 0.9805898986272806,
          "ci_low": 0.8645796380655751,
          "ci_high": 1.1028314307160312
        },
        "mae": {
          "mean": 0.7096409847259522,
          "ci_low": 0.6307221096145863,
          "ci_high": 0.7892433762063785
        },
        "r2": {
          "mean": 0.11730297820308909,
          "ci_low": 0.009168292501884858,
          "ci_high": 0.20903099513492257
        },
        "spearman_rho": {
          "mean": 0.3344995873377867,
          "ci_low": 0.2080240085012245,
          "ci_high": 0.44474140738655776
        },
        "kendall_tau": {
          "mean": 0.22697528789833024,
          "ci_low": 0.14066280720320154,
          "ci_high": 0.30502010432174503
        }
      },
      "CYP2C9": {
        "st_rae": {
          "mean": 0.7146872819020441,
          "ci_low": 0.6202223167680244,
          "ci_high": 0.831179593424443
        },
        "mae": {
          "mean": 0.515351063623763,
          "ci_low": 0.4589226718534503,
          "ci_high": 0.5718110978341939
        },
        "r2": {
          "mean": 0.3465543033980754,
          "ci_low": 0.2515821847982772,
          "ci_high": 0.43913489715283677
        },
        "spearman_rho": {
          "mean": 0.5579125814010668,
          "ci_low": 0.44936371627614696,
          "ci_high": 0.646819301910285
        },
        "kendall_tau": {
          "mean": 0.39876311399546954,
          "ci_low": 0.31984670189508435,
          "ci_high": 0.4690147316739981
        }
      },
      "CYP2D6": {
        "st_rae": {
          "mean": 1.0293559712927545,
          "ci_low": 0.9503470696883931,
          "ci_high": 1.1097093996524847
        },
        "mae": {
          "mean": 0.6504056529066053,
          "ci_low": 0.5649880010712596,
          "ci_high": 0.731709538007381
        },
        "r2": {
          "mean": 0.019543713988930848,
          "ci_low": -0.0708907385161496,
          "ci_high": 0.10154539003910726
        },
        "spearman_rho": {
          "mean": 0.2091684350149368,
          "ci_low": 0.08195957399763056,
          "ci_high": 0.33098627488379345
        },
        "kendall_tau": {
          "mean": 0.13835384165449655,
          "ci_low": 0.051857878227985404,
          "ci_high": 0.2217908573851418
        }
      },
      "CYP3A4": {
        "st_rae": {
          "mean": 0.7630322369014944,
          "ci_low": 0.692932421622117,
          "ci_high": 0.841608793548718
        },
        "mae": {
          "mean": 0.7053218449212928,
          "ci_low": 0.6554521941460705,
          "ci_high": 0.7553508193995716
        },
        "r2": {
          "mean": 0.3541600305482434,
          "ci_low": 0.2837560600476026,
          "ci_high": 0.41549924629113594
        },
        "spearman_rho": {
          "mean": 0.6008758488560131,
          "ci_low": 0.540315137608737,
          "ci_high": 0.66123958795834
        },
        "kendall_tau": {
          "mean": 0.4211195281996177,
          "ci_low": 0.37246614759647934,
          "ci_high": 0.4698117994450268
        }
      }
    }
  },
  "epochs_run": 4,
  "fit_observations": 4082,
  "validation_observations": 1134,
  "rule": "inertial_reaction_diffusion",
  "generations": 32,
  "hidden_channels": 16,
  "atom_feature_profile": "electronic",
  "atom_feature_count": 33,
  "atom_feature_names": [
    "element_H",
    "element_C",
    "element_N",
    "element_O",
    "element_F",
    "element_P",
    "element_S",
    "element_Cl",
    "element_Br",
    "element_I",
    "element_other",
    "formal_charge",
    "aromatic",
    "hybrid_sp",
    "hybrid_sp2",
    "hybrid_sp3",
    "hybrid_other",
    "degree",
    "total_hydrogens",
    "in_ring",
    "hbond_donor",
    "hbond_acceptor",
    "chiral_cw",
    "chiral_ccw",
    "chiral_other",
    "electronegativity",
    "polarizability",
    "heteroatom",
    "halogen",
    "conjugated_bond_fraction",
    "first_ionization_energy",
    "electron_affinity",
    "electronic_property_missing"
  ],
  "device": "cuda",
  "gpu": "NVIDIA GeForce RTX 5070 Ti",
  "training_seconds": 53.9017593000317,
  "peak_gpu_memory_bytes": 106871808,
  "runtime": {
    "operating_system": "Windows-10-10.0.26200-SP0",
    "machine": "AMD64",
    "python": "3.11.16",
    "python_executable": "C:\\Users\\Anthony\\anaconda3\\envs\\strange-matter-gpu\\python.exe",
    "pytorch": "2.11.0+cu128",
    "pytorch_cuda": "12.8",
    "device": "cuda",
    "gpu": "NVIDIA GeForce RTX 5070 Ti"
  },
  "validation_protocol": {
    "kind": "scaffold_cross_validation",
    "fold": 4,
    "folds": 5
  },
  "readout": "differentiable_closed_form_ridge",
  "hyperparameters": {
    "ca_lr": 0.003,
    "ridge": 1.0,
    "ca_l2": 0.0001,
    "gradient_clip": 1.0,
    "update_scale": 0.08,
    "init_scale": 0.5,
    "initial_noise": 0.01,
    "support_fraction": 0.6,
    "bond_temperature": 1.0,
    "dyn_a": 0.8,
    "dyn_b": 0.8,
    "dyn_c": 0.8,
    "dyn_d": 0.15,
    "lr_schedule": "cosine_0.1x"
  }
}
x"
  }
}
