{"operating_system": "Windows-10-10.0.26200-SP0", "machine": "AMD64", "python": "3.11.16", "python_executable": "C:\\Users\\Anthony\\anaconda3\\envs\\strange-matter-gpu\\python.exe", "pytorch": "2.11.0+cu128", "pytorch_cuda": "12.8", "device": "cuda", "gpu": "NVIDIA GeForce RTX 5070 Ti"}
{"epoch": 1, "train_rmse": 1.2186331946926101, "validation_rmse": 0.8463383913040161, "validation_ma_st_rae": 0.8517315061392402, "validation_CYP1A2_st_rae": 0.8667589654438381, "validation_CYP2C9_st_rae": 0.8237142722992089, "validation_CYP2D6_st_rae": 0.9923901197063807, "validation_CYP3A4_st_rae": 0.7240626671075331, "mean_raw_gradient_norm": 82.01358787536621, "fraction_gradients_clipped": 1.0}
{"epoch": 2, "train_rmse": 2.6171522215573413, "validation_rmse": 0.839654266834259, "validation_ma_st_rae": 0.8395422113981943, "validation_CYP1A2_st_rae": 0.8737046817633712, "validation_CYP2C9_st_rae": 0.7903668223202052, "validation_CYP2D6_st_rae": 0.9825871204574567, "validation_CYP3A4_st_rae": 0.7115102210517439, "mean_raw_gradient_norm": 2539.4445124816893, "fraction_gradients_clipped": 1.0}
{"epoch": 3, "train_rmse": 1.1529047340258922, "validation_rmse": 0.8405544757843018, "validation_ma_st_rae": 0.8382984151901581, "validation_CYP1A2_st_rae": 0.8699044207984706, "validation_CYP2C9_st_rae": 0.781227044701745, "validation_CYP2D6_st_rae": 0.9820205644116483, "validation_CYP3A4_st_rae": 0.7200416308487685, "mean_raw_gradient_norm": 59.10090885162354, "fraction_gradients_clipped": 1.0}
{"epoch": 4, "train_rmse": 1.2071051066281357, "validation_rmse": 0.8386431336402893, "validation_ma_st_rae": 0.8336470211555613, "validation_CYP1A2_st_rae": 0.8790455576551484, "validation_CYP2C9_st_rae": 0.7748159418575428, "validation_CYP2D6_st_rae": 0.9658406349964747, "validation_CYP3A4_st_rae": 0.7148859501130795, "mean_raw_gradient_norm": 47.136396408081055, "fraction_gradients_clipped": 1.0}
{"epoch": 5, "train_rmse": 1.1064638613926774, "validation_rmse": 0.8381954431533813, "validation_ma_st_rae": 0.8337871015257733, "validation_CYP1A2_st_rae": 0.8813924845743875, "validation_CYP2C9_st_rae": 0.7602505818881403, "validation_CYP2D6_st_rae": 0.9784720812892789, "validation_CYP3A4_st_rae": 0.7150332583512867, "mean_raw_gradient_norm": 60.72816200256348, "fraction_gradients_clipped": 1.0}
{"epoch": 6, "train_rmse": 1.15598745979278, "validation_rmse": 0.8412544131278992, "validation_ma_st_rae": 0.8387936605263809, "validation_CYP1A2_st_rae": 0.8818617573979722, "validation_CYP2C9_st_rae": 0.770012037626272, "validation_CYP2D6_st_rae": 0.9838859849874119, "validation_CYP3A4_st_rae": 0.7194148620938673, "mean_raw_gradient_norm": 42.14235656738281, "fraction_gradients_clipped": 1.0}
{"epoch": 7, "train_rmse": 1.1754943242522893, "validation_rmse": 0.8390310406684875, "validation_ma_st_rae": 0.8354277391265534, "validation_CYP1A2_st_rae": 0.87655156076751, "validation_CYP2C9_st_rae": 0.7805894715690144, "validation_CYP2D6_st_rae": 0.9654919507690503, "validation_CYP3A4_st_rae": 0.7190779734006392, "mean_raw_gradient_norm": 56.14505149841309, "fraction_gradients_clipped": 1.0}
{
  "seed": 2909,
  "selection_metric": "validation_ma_st_rae",
  "best_validation_ma_st_rae": 0.8336470211555613,
  "best_validation_rmse": 0.8386431336402893,
  "restored_fit_rmse": 0.8551308512687683,
  "restored_validation_rmse": 0.8386484980583191,
  "restored_fit_ma_st_rae": 0.870916611974703,
  "restored_validation_ma_st_rae": 0.8369841959835216,
  "restored_validation_point_ma_st_rae": 0.8336513463699141,
  "restored_validation_point_st_rae_by_cyp": {
    "CYP1A2": 0.8790602017898397,
    "CYP2C9": 0.7748037716570763,
    "CYP2D6": 0.9658611897826129,
    "CYP3A4": 0.7148802222501276
  },
  "restored_fit_st_rae_by_cyp": {
    "CYP1A2": 0.9005603500689573,
    "CYP2C9": 0.8057215703050045,
    "CYP2D6": 1.0386791460681655,
    "CYP3A4": 0.7387053814566855
  },
  "restored_validation_st_rae_by_cyp": {
    "CYP1A2": 0.8846221695642797,
    "CYP2C9": 0.7795621507340819,
    "CYP2D6": 0.9678907160658643,
    "CYP3A4": 0.7158617475698604
  },
  "validation_bootstrap_metrics": {
    "n_bootstrap_samples": 1000,
    "seed": 0,
    "macro": {
      "st_rae": {
        "mean": 0.8369841959835216,
        "ci_low": 0.7878673235651161,
        "ci_high": 0.8894991443618736
      },
      "mae": {
        "mean": 0.6122349475578028,
        "ci_low": 0.5779508640557565,
        "ci_high": 0.6449752585051987
      },
      "r2": {
        "mean": 0.2050790354581055,
        "ci_low": 0.1433971061384788,
        "ci_high": 0.2570247277315024
      },
      "spearman_rho": {
        "mean": 0.465220009354616,
        "ci_low": 0.41718220681264756,
        "ci_high": 0.5184150587495925
      },
      "kendall_tau": {
        "mean": 0.32713317951848164,
        "ci_low": 0.29047753819093475,
        "ci_high": 0.36662753325151337
      }
    },
    "per_endpoint": {
      "CYP1A2": {
        "st_rae": {
          "mean": 0.8846221695642797,
          "ci_low": 0.7664845833324624,
          "ci_high": 1.0060267405242336
        },
        "mae": {
          "mean": 0.6766492393589838,
          "ci_low": 0.595346275266148,
          "ci_high": 0.7608976672391523
        },
        "r2": {
          "mean": 0.15359390709830845,
          "ci_low": -0.009403508294978635,
          "ci_high": 0.2857542702838087
        },
        "spearman_rho": {
          "mean": 0.40917226679092683,
          "ci_low": 0.30061695548427114,
          "ci_high": 0.52368625408996
        },
        "kendall_tau": {
          "mean": 0.28585986522675044,
          "ci_low": 0.2044898540261158,
          "ci_high": 0.37221384323650597
        }
      },
      "CYP2C9": {
        "st_rae": {
          "mean": 0.7795621507340819,
          "ci_low": 0.6595110147222569,
          "ci_high": 0.905010696061981
        },
        "mae": {
          "mean": 0.4762864732104953,
          "ci_low": 0.42060750749441655,
          "ci_high": 0.5333556408339207
        },
        "r2": {
          "mean": 0.2639417492029395,
          "ci_low": 0.14396050015312722,
          "ci_high": 0.384354594537308
        },
        "spearman_rho": {
          "mean": 0.5185179292304183,
          "ci_low": 0.40927863946821275,
          "ci_high": 0.6124564619327502
        },
        "kendall_tau": {
          "mean": 0.36304910025487297,
          "ci_low": 0.2834921338706572,
          "ci_high": 0.4358755109202208
        }
      },
      "CYP2D6": {
        "st_rae": {
          "mean": 0.9678907160658643,
          "ci_low": 0.8776785106921602,
          "ci_high": 1.057590609617535
        },
        "mae": {
          "mean": 0.6076675679501488,
          "ci_low": 0.5277034200695404,
          "ci_high": 0.6860629648881188
        },
        "r2": {
          "mean": 0.048386443581824076,
          "ci_low": -0.0492771800818312,
          "ci_high": 0.1403599811100107
        },
        "spearman_rho": {
          "mean": 0.3388845331675178,
          "ci_low": 0.22492710477684857,
          "ci_high": 0.45099911758063194
        },
        "kendall_tau": {
          "mean": 0.23164012096362807,
          "ci_low": 0.15497249079223746,
          "ci_high": 0.31072844115050346
        }
      },
      "CYP3A4": {
        "st_rae": {
          "mean": 0.7158617475698604,
          "ci_low": 0.6478047762981484,
          "ci_high": 0.7889064641876647
        },
        "mae": {
          "mean": 0.6883365097115834,
          "ci_low": 0.6410712547699611,
          "ci_high": 0.7358331816196442
        },
        "r2": {
          "mean": 0.35439404194935,
          "ci_low": 0.2801672734330378,
          "ci_high": 0.42235481440837797
        },
        "spearman_rho": {
          "mean": 0.5943053082296008,
          "ci_low": 0.5214819035021847,
          "ci_high": 0.6647206738461755
        },
        "kendall_tau": {
          "mean": 0.4279836316286752,
          "ci_low": 0.36918175076004534,
          "ci_high": 0.4854599201667378
        }
      }
    }
  },
  "epochs_run": 7,
  "fit_observations": 4177,
  "validation_observations": 1039,
  "rule": "fitzhugh_nagumo",
  "generations": 125,
  "hidden_channels": 16,
  "atom_feature_profile": "electronic",
  "atom_feature_count": 33,
  "atom_feature_names": [
    "element_H",
    "element_C",
    "element_N",
    "element_O",
    "element_F",
    "element_P",
    "element_S",
    "element_Cl",
    "element_Br",
    "element_I",
    "element_other",
    "formal_charge",
    "aromatic",
    "hybrid_sp",
    "hybrid_sp2",
    "hybrid_sp3",
    "hybrid_other",
    "degree",
    "total_hydrogens",
    "in_ring",
    "hbond_donor",
    "hbond_acceptor",
    "chiral_cw",
    "chiral_ccw",
    "chiral_other",
    "electronegativity",
    "polarizability",
    "heteroatom",
    "halogen",
    "conjugated_bond_fraction",
    "first_ionization_energy",
    "electron_affinity",
    "electronic_property_missing"
  ],
  "device": "cuda",
  "gpu": "NVIDIA GeForce RTX 5070 Ti",
  "training_seconds": 103.64090429991484,
  "peak_gpu_memory_bytes": 597745152,
  "runtime": {
    "operating_system": "Windows-10-10.0.26200-SP0",
    "machine": "AMD64",
    "python": "3.11.16",
    "python_executable": "C:\\Users\\Anthony\\anaconda3\\envs\\strange-matter-gpu\\python.exe",
    "pytorch": "2.11.0+cu128",
    "pytorch_cuda": "12.8",
    "device": "cuda",
    "gpu": "NVIDIA GeForce RTX 5070 Ti"
  },
  "validation_protocol": {
    "kind": "scaffold_cross_validation",
    "fold": 2,
    "folds": 5
  },
  "readout": "differentiable_closed_form_ridge",
  "hyperparameters": {
    "ca_lr": 0.0003,
    "ridge": 1.0,
    "ca_l2": 1e-05,
    "gradient_clip": 1.0,
    "update_scale": 0.08,
    "init_scale": 1.0,
    "initial_noise": 0.0,
    "support_fraction": 0.6,
    "bond_temperature": 2.0,
    "dyn_a": 0.5,
    "dyn_b": 0.2,
    "dyn_c": 0.5,
    "dyn_d": 0.05,
    "lr_schedule": "cosine_0.1x"
  }
}
