{"operating_system": "Windows-10-10.0.26200-SP0", "machine": "AMD64", "python": "3.11.16", "python_executable": "C:\\Users\\Anthony\\anaconda3\\envs\\strange-matter-gpu\\python.exe", "pytorch": "2.11.0+cu128", "pytorch_cuda": "12.8", "device": "cuda", "gpu": "NVIDIA GeForce RTX 5070 Ti"}
{"epoch": 1, "train_rmse": 1.0476701130914192, "validation_rmse": 0.8907099366188049, "validation_ma_st_rae": 0.8978105047283647, "validation_CYP1A2_st_rae": 0.9518248902083429, "validation_CYP2C9_st_rae": 0.7723470203165242, "validation_CYP2D6_st_rae": 1.0829977746467012, "validation_CYP3A4_st_rae": 0.7840723337418904, "mean_raw_gradient_norm": 6.7351037959257765, "fraction_gradients_clipped": 1.0}
{"epoch": 2, "train_rmse": 1.0800774303983602, "validation_rmse": 0.8866252303123474, "validation_ma_st_rae": 0.8968768292347672, "validation_CYP1A2_st_rae": 0.9564879205317905, "validation_CYP2C9_st_rae": 0.7714707360811682, "validation_CYP2D6_st_rae": 1.07397424261968, "validation_CYP3A4_st_rae": 0.7855744177064299, "mean_raw_gradient_norm": 7.269899815320969, "fraction_gradients_clipped": 1.0}
{"epoch": 3, "train_rmse": 0.983947668309468, "validation_rmse": 0.8855010867118835, "validation_ma_st_rae": 0.8941777407524805, "validation_CYP1A2_st_rae": 0.9564575061793466, "validation_CYP2C9_st_rae": 0.7711660827511979, "validation_CYP2D6_st_rae": 1.066329546190434, "validation_CYP3A4_st_rae": 0.7827578278889434, "mean_raw_gradient_norm": 5.582998971144359, "fraction_gradients_clipped": 1.0}
{"epoch": 4, "train_rmse": 0.979679182134885, "validation_rmse": 0.8838484883308411, "validation_ma_st_rae": 0.8923181004676812, "validation_CYP1A2_st_rae": 0.9548986219872613, "validation_CYP2C9_st_rae": 0.7717883856811163, "validation_CYP2D6_st_rae": 1.0598023527483975, "validation_CYP3A4_st_rae": 0.7827830414539497, "mean_raw_gradient_norm": 5.823143521944682, "fraction_gradients_clipped": 1.0}
{"epoch": 5, "train_rmse": 0.9972837137738924, "validation_rmse": 0.8839197754859924, "validation_ma_st_rae": 0.8912515602145741, "validation_CYP1A2_st_rae": 0.9560376209542668, "validation_CYP2C9_st_rae": 0.7683539263383582, "validation_CYP2D6_st_rae": 1.0567433536891684, "validation_CYP3A4_st_rae": 0.7838713398765031, "mean_raw_gradient_norm": 5.834697852532069, "fraction_gradients_clipped": 1.0}
{"epoch": 6, "train_rmse": 0.9877474389635224, "validation_rmse": 0.8841097354888916, "validation_ma_st_rae": 0.8918257285932665, "validation_CYP1A2_st_rae": 0.9587414658831753, "validation_CYP2C9_st_rae": 0.7622553063335756, "validation_CYP2D6_st_rae": 1.059835691121831, "validation_CYP3A4_st_rae": 0.786470451034484, "mean_raw_gradient_norm": 6.1596272985140486, "fraction_gradients_clipped": 1.0}
{
  "seed": 1701,
  "selection_metric": "validation_ma_st_rae",
  "best_validation_ma_st_rae": 0.8941777407524805,
  "best_validation_rmse": 0.8855010867118835,
  "restored_fit_rmse": 0.814787745475769,
  "restored_validation_rmse": 0.8855250477790833,
  "restored_fit_ma_st_rae": 0.8248254806430336,
  "restored_validation_ma_st_rae": 0.8975024420084897,
  "restored_validation_point_ma_st_rae": 0.8941977494374365,
  "restored_validation_point_st_rae_by_cyp": {
    "CYP1A2": 0.9564679016339015,
    "CYP2C9": 0.7711781737748603,
    "CYP2D6": 1.0663399560747897,
    "CYP3A4": 0.7828049662661944
  },
  "restored_fit_st_rae_by_cyp": {
    "CYP1A2": 0.8633369742944013,
    "CYP2C9": 0.7682858548128897,
    "CYP2D6": 0.9851221888900935,
    "CYP3A4": 0.68255690457475
  },
  "restored_validation_st_rae_by_cyp": {
    "CYP1A2": 0.9592436722414455,
    "CYP2C9": 0.7766350590874405,
    "CYP2D6": 1.069051518650072,
    "CYP3A4": 0.785079518055001
  },
  "validation_bootstrap_metrics": {
    "n_bootstrap_samples": 1000,
    "seed": 0,
    "macro": {
      "st_rae": {
        "mean": 0.8975024420084897,
        "ci_low": 0.8482530329357711,
        "ci_high": 0.9497769430689045
      },
      "mae": {
        "mean": 0.663436679089734,
        "ci_low": 0.6276124021000311,
        "ci_high": 0.6992411747078989
      },
      "r2": {
        "mean": 0.1788051555534679,
        "ci_low": 0.12870497704446865,
        "ci_high": 0.22336113558527754
      },
      "spearman_rho": {
        "mean": 0.41818555261284723,
        "ci_low": 0.36650846453620767,
        "ci_high": 0.4670793888980077
      },
      "kendall_tau": {
        "mean": 0.28909387690715876,
        "ci_low": 0.2534941410228723,
        "ci_high": 0.32511561100982034
      }
    },
    "per_endpoint": {
      "CYP1A2": {
        "st_rae": {
          "mean": 0.9592436722414455,
          "ci_low": 0.8452550711859966,
          "ci_high": 1.083492525026966
        },
        "mae": {
          "mean": 0.7019306756545086,
          "ci_low": 0.6253511845092384,
          "ci_high": 0.7743822419156833
        },
        "r2": {
          "mean": 0.14208495598331813,
          "ci_low": 0.040441001050373675,
          "ci_high": 0.23418388049645047
        },
        "spearman_rho": {
          "mean": 0.3962093696884093,
          "ci_low": 0.2817978017500157,
          "ci_high": 0.5030331261435886
        },
        "kendall_tau": {
          "mean": 0.2679543205878823,
          "ci_low": 0.1864439459544278,
          "ci_high": 0.34838561734476553
        }
      },
      "CYP2C9": {
        "st_rae": {
          "mean": 0.7766350590874405,
          "ci_low": 0.6773186912853698,
          "ci_high": 0.8862690460180641
        },
        "mae": {
          "mean": 0.5620939664579274,
          "ci_low": 0.5017075456025307,
          "ci_high": 0.6225600569656021
        },
        "r2": {
          "mean": 0.25913357061123454,
          "ci_low": 0.1446552898032776,
          "ci_high": 0.363536887627883
        },
        "spearman_rho": {
          "mean": 0.4821267369982416,
          "ci_low": 0.3713484906542871,
          "ci_high": 0.5809075027202577
        },
        "kendall_tau": {
          "mean": 0.34017189141445225,
          "ci_low": 0.25757759680721576,
          "ci_high": 0.4167659800851295
        }
      },
      "CYP2D6": {
        "st_rae": {
          "mean": 1.069051518650072,
          "ci_low": 0.9778378518135252,
          "ci_high": 1.1681242808456198
        },
        "mae": {
          "mean": 0.6712729342836715,
          "ci_low": 0.5881358844964574,
          "ci_high": 0.7535843133677
        },
        "r2": {
          "mean": -0.01102087177636153,
          "ci_low": -0.1302566480413206,
          "ci_high": 0.08666811096252175
        },
        "spearman_rho": {
          "mean": 0.22634855148936395,
          "ci_low": 0.10944966823593931,
          "ci_high": 0.3418280497209836
        },
        "kendall_tau": {
          "mean": 0.15115442073843963,
          "ci_low": 0.07056374156486503,
          "ci_high": 0.23021596355418358
        }
      },
      "CYP3A4": {
        "st_rae": {
          "mean": 0.785079518055001,
          "ci_low": 0.7096720781383378,
          "ci_high": 0.8644585992397793
        },
        "mae": {
          "mean": 0.7184491399628291,
          "ci_low": 0.6638792219108315,
          "ci_high": 0.7698578818926314
        },
        "r2": {
          "mean": 0.32502296739568054,
          "ci_low": 0.25803838569076243,
          "ci_high": 0.38846736464257137
        },
        "spearman_rho": {
          "mean": 0.568057552275374,
          "ci_low": 0.5017582711745626,
          "ci_high": 0.6293500264669226
        },
        "kendall_tau": {
          "mean": 0.39709487488786066,
          "ci_low": 0.34590748032398994,
          "ci_high": 0.4457038948526904
        }
      }
    }
  },
  "epochs_run": 6,
  "fit_observations": 4082,
  "validation_observations": 1134,
  "rule": "kuramoto_sakaguchi",
  "generations": 32,
  "hidden_channels": 16,
  "atom_feature_profile": "periodic",
  "atom_feature_count": 33,
  "atom_feature_names": [
    "element_H",
    "element_C",
    "element_N",
    "element_O",
    "element_F",
    "element_P",
    "element_S",
    "element_Cl",
    "element_Br",
    "element_I",
    "element_other",
    "formal_charge",
    "aromatic",
    "hybrid_sp",
    "hybrid_sp2",
    "hybrid_sp3",
    "hybrid_other",
    "degree",
    "total_hydrogens",
    "in_ring",
    "hbond_donor",
    "hbond_acceptor",
    "chiral_cw",
    "chiral_ccw",
    "chiral_other",
    "atomic_number",
    "atomic_mass",
    "covalent_radius",
    "vdw_radius",
    "outer_electrons",
    "period",
    "periodic_group",
    "atomic_volume"
  ],
  "device": "cuda",
  "gpu": "NVIDIA GeForce RTX 5070 Ti",
  "training_seconds": 32.83893410000019,
  "peak_gpu_memory_bytes": 243740672,
  "runtime": {
    "operating_system": "Windows-10-10.0.26200-SP0",
    "machine": "AMD64",
    "python": "3.11.16",
    "python_executable": "C:\\Users\\Anthony\\anaconda3\\envs\\strange-matter-gpu\\python.exe",
    "pytorch": "2.11.0+cu128",
    "pytorch_cuda": "12.8",
    "device": "cuda",
    "gpu": "NVIDIA GeForce RTX 5070 Ti"
  },
  "validation_protocol": {
    "kind": "scaffold_cross_validation",
    "fold": 4,
    "folds": 5
  },
  "readout": "differentiable_closed_form_ridge",
  "hyperparameters": {
    "ca_lr": 0.001,
    "ridge": 0.1,
    "ca_l2": 1e-06,
    "gradient_clip": 2.0,
    "update_scale": 0.08,
    "init_scale": 0.5,
    "initial_noise": 0.005,
    "support_fraction": 0.85,
    "bond_temperature": 1.0,
    "dyn_a": 0.5,
    "dyn_b": 0.2,
    "dyn_c": 0.5,
    "dyn_d": 0.05,
    "lr_schedule": "cosine_0.1x"
  }
}
