{"operating_system": "Windows-10-10.0.26200-SP0", "machine": "AMD64", "python": "3.11.16", "python_executable": "C:\\Users\\Anthony\\anaconda3\\envs\\strange-matter-gpu\\python.exe", "pytorch": "2.11.0+cu128", "pytorch_cuda": "12.8", "device": "cuda", "gpu": "NVIDIA GeForce RTX 5070 Ti"}
{"epoch": 1, "train_rmse": 1.0657678026507869, "validation_rmse": 0.882778525352478, "validation_ma_st_rae": 0.985247951269838, "validation_CYP1A2_st_rae": 1.1086057285121473, "validation_CYP2C9_st_rae": 0.92233550037143, "validation_CYP2D6_st_rae": 1.0035261112817255, "validation_CYP3A4_st_rae": 0.9065244649140491, "mean_raw_gradient_norm": 4.276584124565124, "fraction_gradients_clipped": 1.0}
{"epoch": 2, "train_rmse": 1.2235141426322667, "validation_rmse": 0.8829191327095032, "validation_ma_st_rae": 0.9863420188693668, "validation_CYP1A2_st_rae": 1.10772182657017, "validation_CYP2C9_st_rae": 0.92445099939901, "validation_CYP2D6_st_rae": 1.0040461219251617, "validation_CYP3A4_st_rae": 0.9091491275831253, "mean_raw_gradient_norm": 12.818040752410889, "fraction_gradients_clipped": 1.0}
{"epoch": 3, "train_rmse": 1.108703239016733, "validation_rmse": 0.8830080628395081, "validation_ma_st_rae": 0.9872155649384889, "validation_CYP1A2_st_rae": 1.1035428934812952, "validation_CYP2C9_st_rae": 0.9286456052175104, "validation_CYP2D6_st_rae": 1.0055218565987427, "validation_CYP3A4_st_rae": 0.9111519044564075, "mean_raw_gradient_norm": 5.863686990737915, "fraction_gradients_clipped": 1.0}
{
  "seed": 1701,
  "selection_metric": "validation_ma_st_rae",
  "best_validation_ma_st_rae": 0.985247951269838,
  "best_validation_rmse": 0.882778525352478,
  "restored_fit_rmse": 0.9663428664207458,
  "restored_validation_rmse": 0.8827778697013855,
  "restored_fit_ma_st_rae": 0.9099305890842823,
  "restored_validation_ma_st_rae": 0.9994461199146927,
  "restored_validation_point_ma_st_rae": 0.9852464131572977,
  "restored_validation_point_st_rae_by_cyp": {
    "CYP1A2": 1.108604193333049,
    "CYP2C9": 0.9223309227315986,
    "CYP2D6": 1.003526848624006,
    "CYP3A4": 0.906523687940537
  },
  "restored_fit_st_rae_by_cyp": {
    "CYP1A2": 0.9283401476343867,
    "CYP2C9": 0.9005187428501177,
    "CYP2D6": 0.9206985609686485,
    "CYP3A4": 0.8901649048839764
  },
  "restored_validation_st_rae_by_cyp": {
    "CYP1A2": 1.1113758317678744,
    "CYP2C9": 0.947825902827818,
    "CYP2D6": 1.018289414479701,
    "CYP3A4": 0.9202933305833769
  },
  "validation_bootstrap_metrics": {
    "n_bootstrap_samples": 1000,
    "seed": 0,
    "macro": {
      "st_rae": {
        "mean": 0.9994461199146927,
        "ci_low": 0.8977897485646308,
        "ci_high": 1.102758303580395
      },
      "mae": {
        "mean": 0.6648361652959253,
        "ci_low": 0.6029246816654225,
        "ci_high": 0.731860429197598
      },
      "r2": {
        "mean": 0.020037674754360222,
        "ci_low": -0.07278340389955898,
        "ci_high": 0.10795245929129133
      },
      "spearman_rho": {
        "mean": 0.27216626939747673,
        "ci_low": 0.16191058533647962,
        "ci_high": 0.389287372450641
      },
      "kendall_tau": {
        "mean": 0.18882787115690047,
        "ci_low": 0.10795868417988919,
        "ci_high": 0.2718226448462487
      }
    },
    "per_endpoint": {
      "CYP1A2": {
        "st_rae": {
          "mean": 1.1113758317678744,
          "ci_low": 0.8723773227615722,
          "ci_high": 1.4089188924286338
        },
        "mae": {
          "mean": 0.7423311761715373,
          "ci_low": 0.5871753691649828,
          "ci_high": 0.9173163708116188
        },
        "r2": {
          "mean": -0.007797452221642266,
          "ci_low": -0.28533966746261846,
          "ci_high": 0.18089715953973673
        },
        "spearman_rho": {
          "mean": 0.23867240189635264,
          "ci_low": -0.01866149651941452,
          "ci_high": 0.46926001666275347
        },
        "kendall_tau": {
          "mean": 0.1622501267021379,
          "ci_low": -0.020477062609479804,
          "ci_high": 0.3294308078706436
        }
      },
      "CYP2C9": {
        "st_rae": {
          "mean": 0.947825902827818,
          "ci_low": 0.7499900833049746,
          "ci_high": 1.1842174798966234
        },
        "mae": {
          "mean": 0.55471571555535,
          "ci_low": 0.4409259936213493,
          "ci_high": 0.6793841223915418
        },
        "r2": {
          "mean": -0.007548886051860072,
          "ci_low": -0.24526958501810409,
          "ci_high": 0.18759685319971092
        },
        "spearman_rho": {
          "mean": 0.3060189377101771,
          "ci_low": 0.06945969542606913,
          "ci_high": 0.5281050110442645
        },
        "kendall_tau": {
          "mean": 0.21100970953712025,
          "ci_low": 0.0394847621344644,
          "ci_high": 0.38032586560064086
        }
      },
      "CYP2D6": {
        "st_rae": {
          "mean": 1.018289414479701,
          "ci_low": 0.8686473922939711,
          "ci_high": 1.1843593922277726
        },
        "mae": {
          "mean": 0.5769093775822567,
          "ci_low": 0.4523898520836463,
          "ci_high": 0.7227377238640418
        },
        "r2": {
          "mean": -0.04853641327449713,
          "ci_low": -0.22570036894947593,
          "ci_high": 0.11187200332783799
        },
        "spearman_rho": {
          "mean": 0.16291402839918828,
          "ci_low": -0.08805550104436068,
          "ci_high": 0.38217078066260163
        },
        "kendall_tau": {
          "mean": 0.12109816412208357,
          "ci_low": -0.05065922209327902,
          "ci_high": 0.2768186820863307
        }
      },
      "CYP3A4": {
        "st_rae": {
          "mean": 0.9202933305833769,
          "ci_low": 0.7929497578448162,
          "ci_high": 1.0986149759533503
        },
        "mae": {
          "mean": 0.7853883918745573,
          "ci_low": 0.6739900473938433,
          "ci_high": 0.910781176561533
        },
        "r2": {
          "mean": 0.14403345056544037,
          "ci_low": 0.02630873276142547,
          "ci_high": 0.2599412752892734
        },
        "spearman_rho": {
          "mean": 0.38105970958418933,
          "ci_low": 0.1935392217227692,
          "ci_high": 0.5569572226278857
        },
        "kendall_tau": {
          "mean": 0.2609534842662602,
          "ci_low": 0.12636672855132233,
          "ci_high": 0.3897516994544347
        }
      }
    }
  },
  "epochs_run": 3,
  "fit_observations": 806,
  "validation_observations": 272,
  "rule": "inertial_reaction_diffusion",
  "generations": 125,
  "hidden_channels": 4,
  "atom_feature_profile": "valence_electronic",
  "atom_feature_count": 38,
  "atom_feature_names": [
    "element_H",
    "element_C",
    "element_N",
    "element_O",
    "element_F",
    "element_P",
    "element_S",
    "element_Cl",
    "element_Br",
    "element_I",
    "element_other",
    "formal_charge",
    "aromatic",
    "hybrid_sp",
    "hybrid_sp2",
    "hybrid_sp3",
    "hybrid_other",
    "degree",
    "total_hydrogens",
    "in_ring",
    "hbond_donor",
    "hbond_acceptor",
    "chiral_cw",
    "chiral_ccw",
    "chiral_other",
    "total_valence",
    "implicit_valence",
    "heavy_atom_degree",
    "radical_electrons",
    "absolute_formal_charge",
    "electronegativity",
    "polarizability",
    "heteroatom",
    "halogen",
    "conjugated_bond_fraction",
    "first_ionization_energy",
    "electron_affinity",
    "electronic_property_missing"
  ],
  "device": "cuda",
  "gpu": "NVIDIA GeForce RTX 5070 Ti",
  "training_seconds": 9.170115199987777,
  "peak_gpu_memory_bytes": 182832128,
  "runtime": {
    "operating_system": "Windows-10-10.0.26200-SP0",
    "machine": "AMD64",
    "python": "3.11.16",
    "python_executable": "C:\\Users\\Anthony\\anaconda3\\envs\\strange-matter-gpu\\python.exe",
    "pytorch": "2.11.0+cu128",
    "pytorch_cuda": "12.8",
    "device": "cuda",
    "gpu": "NVIDIA GeForce RTX 5070 Ti"
  },
  "validation_protocol": {
    "kind": "scaffold_cross_validation",
    "fold": 0,
    "folds": 5
  },
  "readout": "differentiable_closed_form_ridge",
  "hyperparameters": {
    "ca_lr": 0.001,
    "ridge": 0.01,
    "ca_l2": 1e-05,
    "gradient_clip": 0.5,
    "update_scale": 0.15,
    "init_scale": 1.5,
    "initial_noise": 0.01,
    "support_fraction": 0.6,
    "bond_temperature": 2.0,
    "dyn_a": 0.8,
    "dyn_b": 0.2,
    "dyn_c": 0.5,
    "dyn_d": 0.05,
    "lr_schedule": "cosine_0.1x"
  }
}
