{"operating_system": "Windows-10-10.0.26200-SP0", "machine": "AMD64", "python": "3.11.16", "python_executable": "C:\\Users\\Anthony\\anaconda3\\envs\\strange-matter-gpu\\python.exe", "pytorch": "2.11.0+cu128", "pytorch_cuda": "12.8", "device": "cuda", "gpu": "NVIDIA GeForce RTX 5070 Ti"}
{"epoch": 1, "train_rmse": 1.1973570208943034, "validation_rmse": 0.8861479759216309, "validation_ma_st_rae": 0.9004801699926069, "validation_CYP1A2_st_rae": 0.981881814479316, "validation_CYP2C9_st_rae": 0.7480703125446606, "validation_CYP2D6_st_rae": 1.1050844652837357, "validation_CYP3A4_st_rae": 0.7668840876627155, "mean_raw_gradient_norm": 10.041246210535368, "fraction_gradients_clipped": 1.0{"e{"epoch": 2, "train_rmse": 1.148741960334717, "validation_rmse": 0.8740198016166687, "validation_ma_st_rae": 0.887063038343708, "validation_CYP1A2_st_rae": 0.9855983204235351, "validation_CYP2C9_st_rae": 0.7291351346222223, "validation_CYP2D6_st_rae": 1.0877112266110105, "validation_CYP3A4_st_rae": 0.7458074717180642, "mean_raw_gradient_norm": 8.251656423012415, "fraction_gradients_clipped": 1.{"ep{"epoch": 3, "train_rmse": 1.154663470292896, "validation_rmse": 0.8744856715202332, "validation_ma_st_rae": 0.8870866753952292, "validation_CYP1A2_st_rae": 1.0117543696390932, "validation_CYP2C9_st_rae": 0.71276113734077, "validation_CYP2D6_st_rae": 1.0604593368077346, "validation_CYP3A4_st_rae": 0.763371857793319, "mean_raw_gradient_norm": 6.94259512424469, "fraction_gradients_clipped": 1.0}
{"epoch": 4, "train_rmse": 1.1949129385979016, "validation_rmse": 0.8699236512184143, "validation_ma_st_rae": 0.8869649977005196, "validation_CYP1A2_st_rae": 0.9918506625722223, "validation_CYP2C9_st_rae": 0.7209078895030666, "validation_CYP2D6_st_rae": 1.0797399242939867, "validation_CYP3A4_st_rae": 0.7553615144328026, "mean_raw_gradient_norm": 8.289457897345224, "fraction_gradients_clipped": 1.0}{{"epoch": 5, "train_rmse": 1.1254358356200866, "validation_rmse": 0.8638039231300354, "validation_ma_st_rae": 0.8817318267075993, "validation_CYP1A2_st_rae": 0.973074500067201, "validation_CYP2C9_st_rae": 0.7178017820209143, "validation_CYP2D6_st_rae": 1.092752634744992, "validation_CYP3A4_st_rae": 0.7432983899972896, "mean_raw_gradient_norm": 6.226959849397342, "fraction_gradients_clipped": 1.0}
{"epoch": 6, "train_rmse": 1.128244843550972, "validation_rmse": 0.8625468015670776, "validation_ma_st_rae": 0.878530187181546, "validation_CYP1A2_st_rae": 0.9836125875432875, "validation_CYP2C9_st_rae": 0.7164617107036091, "validation_CYP2D6_st_rae": 1.0746988123978893, "validation_CYP3A4_st_rae": 0.7393476380813978, "mean_raw_gradient_norm": 6.350067009528478, "fraction_gradients_clipped": 1.0}
{"epoch": 7, "train_rmse": 1.157377129357206, "validation_rmse": 0.8617966771125793, "validation_ma_st_rae": 0.8733741157064985, "validation_CYP1A2_st_rae": 0.9828684137715397, "validation_CYP2C9_st_rae": 0.7135317874578302, "validation_CYP2D6_st_rae": 1.0566921774342748, "validation_CYP3A4_st_rae": 0.7404040841623493, "mean_raw_gradient_norm": 7.906138238807519, "fraction_gradients_clipped": 1.0}
{"epoch": 8, "train_rmse": 1.0765698353720332, "validation_rmse": 0.8610644936561584, "validation_ma_st_rae": 0.8708653501884525, "validation_CYP1A2_st_rae": 0.9814127881897887, "validation_CYP2C9_st_rae": 0.7083557699279232, "validation_CYP2D6_st_rae": 1.0497550390465697, "validation_CYP3A4_st_rae": 0.7439378035895282, "mean_raw_gradient_norm": 5.996183534463246, "fraction_gradients_clipped": 1.0}
{
  "seed": 2909,
  "selection_metric": "validation_ma_st_rae",
  "best_validation_ma_st_rae": 0.8733741157064985,
  "best_validation_rmse": 0.8617966771125793,
  "restored_fit_rmse": 0.8135156631469727,
  "restored_validation_rmse": 0.8617981672286987,
  "restored_fit_ma_st_rae": 0.8182472648506398,
  "restored_validation_ma_st_rae": 0.8776011851431045,
  "restored_validation_point_ma_st_rae": 0.8733776133347759,
  "restored_validation_point_st_rae_by_cyp": {
    "CYP1A2": 0.9828690425930633,
    "CYP2C9": 0.7135370787537604,
    "CYP2D6": 1.0567023921332988,
    "CYP3A4": 0.7404019398589813
  },
  "restored_fit_st_rae_by_cyp": {
    "CYP1A2": 0.8567848960027398,
    "CYP2C9": 0.7617288472590128,
    "CYP2D6": 0.9720486382175879,
    "CYP3A4": 0.6824266779232182
  },
  "restored_validation_st_rae_by_cyp": {
    "CYP1A2": 0.9868836232872399,
    "CYP2C9": 0.7182526952357604,
    "CYP2D6": 1.0612759409170152,
    "CYP3A4": 0.743992481132402
  },
  "validation_bootstrap_metrics": {
    "n_bootstrap_samples": 1000,
    "seed": 0,
    "macro": {
      "st_rae": {
        "mean": 0.8776011851431045,
        "ci_low": 0.8272148665746678,
        "ci_high": 0.9312092506724335
      },
      "mae": {
        "mean": 0.6471304600127064,
        "ci_low": 0.6130663740218631,
        "ci_high": 0.68103557670153
      },
      "r2": {
        "mean": 0.21759613777122877,
        "ci_low": 0.16760243999128022,
        "ci_high": 0.26293273496942254
      },
      "spearman_rho": {
        "mean": 0.4391429114131196,
        "ci_low": 0.389560725410817,
        "ci_high": 0.4881841485074559
      },
      "kendall_tau": {
        "mean": 0.30689726231963516,
        "ci_low": 0.2714249069433153,
        "ci_high": 0.34248117776976145
      }
    },
    "per_endpoint": {
      "CYP1A2": {
        "st_rae": {
          "mean": 0.9868836232872399,
          "ci_low": 0.8802919446716739,
          "ci_high": 1.1105423878184912
        },
        "mae": {
          "mean": 0.718812985291773,
          "ci_low": 0.6453294920434757,
          "ci_high": 0.7956048272093948
        },
        "r2": {
          "mean": 0.10811575376673879,
          "ci_low": -0.0035468541036624336,
          "ci_high": 0.1946516521417632
        },
        "spearman_rho": {
          "mean": 0.33825591785880965,
          "ci_low": 0.21634664150221547,
          "ci_high": 0.4485736489366491
        },
        "kendall_tau": {
          "mean": 0.23043826636969442,
          "ci_low": 0.1457226813357257,
          "ci_high": 0.3083369035926806
        }
      },
      "CYP2C9": {
        "st_rae": {
          "mean": 0.7182526952357604,
          "ci_low": 0.6073544653228926,
          "ci_high": 0.8604261364320028
        },
        "mae": {
          "mean": 0.5118635222064821,
          "ci_low": 0.45586927588048737,
          "ci_high": 0.5706133653197373
        },
        "r2": {
          "mean": 0.34824130716582746,
          "ci_low": 0.2337363130298443,
          "ci_high": 0.4537749733346652
        },
        "spearman_rho": {
          "mean": 0.5612780438013606,
          "ci_low": 0.45270445686287236,
          "ci_high": 0.6498809192865055
        },
        "kendall_tau": {
          "mean": 0.3996653224700115,
          "ci_low": 0.3157490121116214,
          "ci_high": 0.4708656916923806
        }
      },
      "CYP2D6": {
        "st_rae": {
          "mean": 1.0612759409170152,
          "ci_low": 0.9734783836471358,
          "ci_high": 1.1537215851806317
        },
        "mae": {
          "mean": 0.6667351631514697,
          "ci_low": 0.5893376903927975,
          "ci_high": 0.7522416516203262
        },
        "r2": {
          "mean": 0.030509120259172774,
          "ci_low": -0.0690919741066455,
          "ci_high": 0.11630243070751607
        },
        "spearman_rho": {
          "mean": 0.24296043176785836,
          "ci_low": 0.12727439210690347,
          "ci_high": 0.3622867226025546
        },
        "kendall_tau": {
          "mean": 0.16429069358447213,
          "ci_low": 0.08622181535888082,
          "ci_high": 0.24336506009811149
        }
      },
      "CYP3A4": {
        "st_rae": {
          "mean": 0.743992481132402,
          "ci_low": 0.6669323537914946,
          "ci_high": 0.8192614369184842
        },
        "mae": {
          "mean": 0.691110169401101,
          "ci_low": 0.6435894693737911,
          "ci_high": 0.7386257108142025
        },
        "r2": {
          "mean": 0.3835183698931761,
          "ci_low": 0.31778903640660383,
          "ci_high": 0.44795969922614165
        },
        "spearman_rho": {
          "mean": 0.6140772522244496,
          "ci_low": 0.5527108612611713,
          "ci_high": 0.6784330996854426
        },
        "kendall_tau": {
          "mean": 0.43319476685436276,
          "ci_low": 0.3844480085549363,
          "ci_high": 0.4855993082831425
        }
      }
    }
  },
  "epochs_run": 8,
  "fit_observations": 4082,
  "validation_observations": 1134,
  "rule": "inertial_reaction_diffusion",
  "generations": 32,
  "hidden_channels": 16,
  "atom_feature_profile": "electronic",
  "atom_feature_count": 33,
  "atom_feature_names": [
    "element_H",
    "element_C",
    "element_N",
    "element_O",
    "element_F",
    "element_P",
    "element_S",
    "element_Cl",
    "element_Br",
    "element_I",
    "element_other",
    "formal_charge",
    "aromatic",
    "hybrid_sp",
    "hybrid_sp2",
    "hybrid_sp3",
    "hybrid_other",
    "degree",
    "total_hydrogens",
    "in_ring",
    "hbond_donor",
    "hbond_acceptor",
    "chiral_cw",
    "chiral_ccw",
    "chiral_other",
    "electronegativity",
    "polarizability",
    "heteroatom",
    "halogen",
    "conjugated_bond_fraction",
    "first_ionization_energy",
    "electron_affinity",
    "electronic_property_missing"
  ],
  "device": "cuda",
  "gpu": "NVIDIA GeForce RTX 5070 Ti",
  "training_seconds": 107.88157520000823,
  "peak_gpu_memory_bytes": 108258304,
  "runtime": {
    "operating_system": "Windows-10-10.0.26200-SP0",
    "machine": "AMD64",
    "python": "3.11.16",
    "python_executable": "C:\\Users\\Anthony\\anaconda3\\envs\\strange-matter-gpu\\python.exe",
    "pytorch": "2.11.0+cu128",
    "pytorch_cuda": "12.8",
    "device": "cuda",
    "gpu": "NVIDIA GeForce RTX 5070 Ti"
  },
  "validation_protocol": {
    "kind": "scaffold_cross_validation",
    "fold": 4,
    "folds": 5
  },
  "readout": "differentiable_closed_form_ridge",
  "hyperparameters": {
    "ca_lr": 0.003,
    "ridge": 1.0,
    "ca_l2": 0.0001,
    "gradient_clip": 1.0,
    "update_scale": 0.08,
    "init_scale": 0.5,
    "initial_noise": 0.01,
    "support_fraction": 0.6,
    "bond_temperature": 1.0,
    "dyn_a": 0.8,
    "dyn_b": 0.8,
    "dyn_c": 0.8,
    "dyn_d": 0.15,
    "lr_schedule": "cosine_0.1x"
  }
}
