{"operating_system": "Windows-10-10.0.26200-SP0", "machine": "AMD64", "python": "3.11.16", "python_executable": "C:\\Users\\Anthony\\anaconda3\\envs\\strange-matter-gpu\\python.exe", "pytorch": "2.11.0+cu128", "pytorch_cuda": "12.8", "device": "cuda", "gpu": "NVIDIA GeForce RTX 5070 Ti"}
{"epoch": 1, "train_rmse": 1.142263076697443, "validation_rmse": 0.8865059614181519, "validation_ma_st_rae": 0.9010269473925032, "validation_CYP1A2_st_rae": 0.9235668199512702, "validation_CYP2C9_st_rae": 0.8464440738536213, "validation_CYP2D6_st_rae": 1.0655046945317592, "validation_CYP3A4_st_rae": 0.7685922012333626, "mean_raw_gradient_norm": 13.121019859313964, "fraction_gradients_clipped": 1.0}
{"epoch": 2, "train_rmse": 1.1716660940226664, "validation_rmse": 0.8831737041473389, "validation_ma_st_rae": 0.8991376024430033, "validation_CYP1A2_st_rae": 0.9097592858420646, "validation_CYP2C9_st_rae": 0.854727180495187, "validation_CYP2D6_st_rae": 1.0697844769072764, "validation_CYP3A4_st_rae": 0.7622794665274856, "mean_raw_gradient_norm": 13.51005935192108, "fraction_gradients_clipped": 1.0}
{"epoch": 3, "train_rmse": 1.1426239088086678, "validation_rmse": 0.8802872896194458, "validation_ma_st_rae": 0.8946376305937287, "validation_CYP1A2_st_rae": 0.8957028678837964, "validation_CYP2C9_st_rae": 0.8535667172520016, "validation_CYP2D6_st_rae": 1.0713941318948377, "validation_CYP3A4_st_rae": 0.7578868053442791, "mean_raw_gradient_norm": 12.34369909286499, "fraction_gradients_clipped": 1.0}
{"epoch": 4, "train_rmse": 1.0940758080993214, "validation_rmse": 0.879879355430603, "validation_ma_st_rae": 0.8947519168486645, "validation_CYP1A2_st_rae": 0.9023947202044843, "validation_CYP2C9_st_rae": 0.8529352893627521, "validation_CYP2D6_st_rae": 1.069525937619662, "validation_CYP3A4_st_rae": 0.7541517202077598, "mean_raw_gradient_norm": 11.163690552711486, "fraction_gradients_clipped": 1.0}
{"epoch": 5, "train_rmse": 1.0710076708049487, "validation_rmse": 0.8799670338630676, "validation_ma_st_rae": 0.895017382477125, "validation_CYP1A2_st_rae": 0.9060064688253626, "validation_CYP2C9_st_rae": 0.8525113875735559, "validation_CYP2D6_st_rae": 1.0662591825543186, "validation_CYP3A4_st_rae": 0.7552924909552631, "mean_raw_gradient_norm": 10.263492097854614, "fraction_gradients_clipped": 1.0}
{"epoch": 6, "train_rmse": 1.0834335983001413, "validation_rmse": 0.8796528577804565, "validation_ma_st_rae": 0.8948215618939521, "validation_CYP1A2_st_rae": 0.9054879098321748, "validation_CYP2C9_st_rae": 0.8487840694468612, "validation_CYP2D6_st_rae": 1.0695005153516681, "validation_CYP3A4_st_rae": 0.7555137529451041, "mean_raw_gradient_norm": 10.10284243106842, "fraction_gradients_clipped": 1.0}
{
  "seed": 2909,
  "selection_metric": "validation_ma_st_rae",
  "best_validation_ma_st_rae": 0.8946376305937287,
  "best_validation_rmse": 0.8802872896194458,
  "restored_fit_rmse": 0.8392915725708008,
  "restored_validation_rmse": 0.8802884817123413,
  "restored_fit_ma_st_rae": 0.846214275716274,
  "restored_validation_ma_st_rae": 0.8978479768366388,
  "restored_validation_point_ma_st_rae": 0.8946368330673806,
  "restored_validation_point_st_rae_by_cyp": {
    "CYP1A2": 0.8957082679658102,
    "CYP2C9": 0.8535485545208363,
    "CYP2D6": 1.0713926807918173,
    "CYP3A4": 0.7578978289910588
  },
  "restored_fit_st_rae_by_cyp": {
    "CYP1A2": 0.8693036729487948,
    "CYP2C9": 0.7910890698599031,
    "CYP2D6": 1.0067360178077762,
    "CYP3A4": 0.7177283422486223
  },
  "restored_validation_st_rae_by_cyp": {
    "CYP1A2": 0.9014590723673176,
    "CYP2C9": 0.8560647988652681,
    "CYP2D6": 1.0735659370396926,
    "CYP3A4": 0.7603020990742764
  },
  "validation_bootstrap_metrics": {
    "n_bootstrap_samples": 1000,
    "seed": 0,
    "macro": {
      "st_rae": {
        "mean": 0.8978479768366388,
        "ci_low": 0.8501837262234916,
        "ci_high": 0.9479922023027125
      },
      "mae": {
        "mean": 0.6515861627291968,
        "ci_low": 0.6143950067365151,
        "ci_high": 0.6896573395631377
      },
      "r2": {
        "mean": 0.13707828392203714,
        "ci_low": 0.08510969228913054,
        "ci_high": 0.1889190111036712
      },
      "spearman_rho": {
        "mean": 0.39295022523372297,
        "ci_low": 0.34042405187791175,
        "ci_high": 0.44608232721600594
      },
      "kendall_tau": {
        "mean": 0.27647235302865913,
        "ci_low": 0.23824270614804693,
        "ci_high": 0.3147422660955354
      }
    },
    "per_endpoint": {
      "CYP1A2": {
        "st_rae": {
          "mean": 0.9014590723673176,
          "ci_low": 0.8094665757069461,
          "ci_high": 0.9978680748644587
        },
        "mae": {
          "mean": 0.702531084973313,
          "ci_low": 0.6229635734613552,
          "ci_high": 0.7893212884664534
        },
        "r2": {
          "mean": 0.12194492134419226,
          "ci_low": 0.028198427530547424,
          "ci_high": 0.21647704288301828
        },
        "spearman_rho": {
          "mean": 0.4009000757808817,
          "ci_low": 0.28761724721923065,
          "ci_high": 0.5142975584992727
        },
        "kendall_tau": {
          "mean": 0.28059863661654105,
          "ci_low": 0.20116224411936315,
          "ci_high": 0.3607529305978485
        }
      },
      "CYP2C9": {
        "st_rae": {
          "mean": 0.8560647988652681,
          "ci_low": 0.7420014007897427,
          "ci_high": 0.9867351558037886
        },
        "mae": {
          "mean": 0.5472532545515728,
          "ci_low": 0.4840283261942984,
          "ci_high": 0.6204041973588431
        },
        "r2": {
          "mean": 0.1553097209338006,
          "ci_low": 0.025465034690860783,
          "ci_high": 0.27255862119599494
        },
        "spearman_rho": {
          "mean": 0.43970958311735275,
          "ci_low": 0.3174192006268717,
          "ci_high": 0.5521448974955908
        },
        "kendall_tau": {
          "mean": 0.3102650781978788,
          "ci_low": 0.2239877517868368,
          "ci_high": 0.3949510140462727
        }
      },
      "CYP2D6": {
        "st_rae": {
          "mean": 1.0735659370396926,
          "ci_low": 0.9718762371415495,
          "ci_high": 1.185807340779933
        },
        "mae": {
          "mean": 0.6067240737935772,
          "ci_low": 0.5314162318602852,
          "ci_high": 0.6794337383560511
        },
        "r2": {
          "mean": 0.010724336559747066,
          "ci_low": -0.10657837957282466,
          "ci_high": 0.10398918433788393
        },
        "spearman_rho": {
          "mean": 0.2039741830486044,
          "ci_low": 0.06866345077155825,
          "ci_high": 0.32787363185532875
        },
        "kendall_tau": {
          "mean": 0.13681117704200976,
          "ci_low": 0.044464995110420326,
          "ci_high": 0.2233762735748644
        }
      },
      "CYP3A4": {
        "st_rae": {
          "mean": 0.7603020990742764,
          "ci_low": 0.6666139115826565,
          "ci_high": 0.8484945027972673
        },
        "mae": {
          "mean": 0.7498362375983241,
          "ci_low": 0.6907538809026708,
          "ci_high": 0.8094184046059104
        },
        "r2": {
          "mean": 0.2603341568504086,
          "ci_low": 0.15864170669242117,
          "ci_high": 0.3539012809712775
        },
        "spearman_rho": {
          "mean": 0.5272170589880529,
          "ci_low": 0.44305263974309095,
          "ci_high": 0.608871400945628
        },
        "kendall_tau": {
          "mean": 0.37821452025820695,
          "ci_low": 0.31732435471932774,
          "ci_high": 0.4411771522564486
        }
      }
    }
  },
  "epochs_run": 6,
  "fit_observations": 4213,
  "validation_observations": 1003,
  "rule": "damped_symplectic",
  "generations": 32,
  "hidden_channels": 16,
  "atom_feature_profile": "electronic_local",
  "atom_feature_count": 37,
  "atom_feature_names": [
    "element_H",
    "element_C",
    "element_N",
    "element_O",
    "element_F",
    "element_P",
    "element_S",
    "element_Cl",
    "element_Br",
    "element_I",
    "element_other",
    "formal_charge",
    "aromatic",
    "hybrid_sp",
    "hybrid_sp2",
    "hybrid_sp3",
    "hybrid_other",
    "degree",
    "total_hydrogens",
    "in_ring",
    "hbond_donor",
    "hbond_acceptor",
    "chiral_cw",
    "chiral_ccw",
    "chiral_other",
    "electronegativity",
    "polarizability",
    "heteroatom",
    "halogen",
    "conjugated_bond_fraction",
    "first_ionization_energy",
    "electron_affinity",
    "electronic_property_missing",
    "mean_neighbour_electronegativity",
    "electronegativity_difference",
    "mean_neighbour_atomic_number",
    "neighbour_formal_charge"
  ],
  "device": "cuda",
  "gpu": "NVIDIA GeForce RTX 5070 Ti",
  "training_seconds": 37.47449409996625,
  "peak_gpu_memory_bytes": 97603072,
  "runtime": {
    "operating_system": "Windows-10-10.0.26200-SP0",
    "machine": "AMD64",
    "python": "3.11.16",
    "python_executable": "C:\\Users\\Anthony\\anaconda3\\envs\\strange-matter-gpu\\python.exe",
    "pytorch": "2.11.0+cu128",
    "pytorch_cuda": "12.8",
    "device": "cuda",
    "gpu": "NVIDIA GeForce RTX 5070 Ti"
  },
  "validation_protocol": {
    "kind": "scaffold_cross_validation",
    "fold": 1,
    "folds": 5
  },
  "readout": "differentiable_closed_form_ridge",
  "hyperparameters": {
    "ca_lr": 0.0003,
    "ridge": 1.0,
    "ca_l2": 0.0001,
    "gradient_clip": 0.5,
    "update_scale": 0.08,
    "init_scale": 0.5,
    "initial_noise": 0.0,
    "support_fraction": 0.75,
    "bond_temperature": 0.5,
    "dyn_a": 0.5,
    "dyn_b": 0.8,
    "dyn_c": 0.8,
    "dyn_d": 0.05,
    "lr_schedule": "cosine_0.1x"
  }
}
