{"operating_system": "macOS-26.2-arm64-arm-64bit", "machine": "arm64", "python": "3.10.19", "python_executable": "/opt/anaconda3/envs/kcc2/bin/python3.10", "pytorch": "2.8.0", "pytorch_cuda": null, "device": "cpu", "gpu": null}
{"epoch": 1, "train_rmse": 1.1863790458475258, "validation_rmse": 0.9663875699043274, "mean_raw_gradient_norm": 42.496610805392265, "fraction_gradients_clipped": 1.0}
{"epoch": 2, "train_rmse": 1.2093188937971346, "validation_rmse": 0.9634062647819519, "mean_raw_gradient_norm": 55.69273493438959, "fraction_gradients_clipped": 1.0}
{"epoch": 3, "train_rmse": 1.2010516141979868, "validation_rmse": 0.9612525105476379, "mean_raw_gradient_norm": 33.28426165878773, "fraction_gradients_clipped": 1.0}
{"epoch": 4, "train_rmse": 1.1642226597005736, "validation_rmse": 0.959837794303894, "mean_raw_gradient_norm": 16.530226953327656, "fraction_gradients_clipped": 1.0}
{"epoch": 5, "train_rmse": 1.2436519709436809, "validation_rmse": 0.9596911668777466, "mean_raw_gradient_norm": 41.042939968407154, "fraction_gradients_clipped": 1.0}
{
  "seed": 1701,
  "best_validation_rmse": 0.9612525105476379,
  "restored_fit_rmse": 0.9142563939094543,
  "restored_validation_rmse": 0.9612525105476379,
  "epochs_run": 5,
  "fit_observations": 2643,
  "validation_observations": 670,
  "rule": "gray_scott",
  "generations": 250,
  "hidden_channels": 4,
  "device": "cpu",
  "gpu": null,
  "training_seconds": 107.44131579203531,
  "peak_gpu_memory_bytes": 0,
  "runtime": {
    "operating_system": "macOS-26.2-arm64-arm-64bit",
    "machine": "arm64",
    "python": "3.10.19",
    "python_executable": "/opt/anaconda3/envs/kcc2/bin/python3.10",
    "pytorch": "2.8.0",
    "pytorch_cuda": null,
    "device": "cpu",
    "gpu": null
  },
  "readout": "differentiable_closed_form_ridge",
  "hyperparameters": {
    "ca_lr": 0.0003,
    "ridge": 0.01,
    "ca_l2": 1e-06,
    "gradient_clip": 1.0,
    "update_scale": 0.25,
    "init_scale": 0.5,
    "initial_noise": 0.005,
    "support_fraction": 0.6,
    "bond_temperature": 0.5,
    "dyn_a": 0.5,
    "dyn_b": 0.5,
    "dyn_c": 0.8,
    "dyn_d": 0.05,
    "lr_schedule": "cosine_0.1x"
  }
}
