{"operating_system": "Windows-10-10.0.26200-SP0", "machine": "AMD64", "python": "3.11.16", "python_executable": "C:\\Users\\Anthony\\anaconda3\\envs\\strange-matter-gpu\\python.exe", "pytorch": "2.11.0+cu128", "pytorch_cuda": "12.8", "device": "cuda", "gpu": "NVIDIA GeForce RTX 5070 Ti"}
{"epoch": 1, "train_rmse": 1.0809322660641858, "validation_rmse": 0.9012491106987, "validation_ma_st_rae": 0.8993087094345391, "validation_CYP1A2_st_rae": 0.8525168248394547, "validation_CYP2C9_st_rae": 0.9628364427481546, "validation_CYP2D6_st_rae": 0.9811618575688905, "validation_CYP3A4_st_rae": 0.800719712581657, "mean_raw_gradient_norm": 7.166720247268676, "fraction_gradients_clipped": 1.0}
{"epoch": 2, "train_rmse": 1.0486109019204017, "validation_rmse": 0.8982367515563965, "validation_ma_st_rae": 0.9040848350232472, "validation_CYP1A2_st_rae": 0.8669617278592823, "validation_CYP2C9_st_rae": 0.9812490117586151, "validation_CYP2D6_st_rae": 0.9806878443456495, "validation_CYP3A4_st_rae": 0.7874407561294419, "mean_raw_gradient_norm": 6.545219802856446, "fraction_gradients_clipped": 1.0}
{"epoch": 3, "train_rmse": 1.0347544404682905, "validation_rmse": 0.8965816497802734, "validation_ma_st_rae": 0.9043207745457914, "validation_CYP1A2_st_rae": 0.8786955807008837, "validation_CYP2C9_st_rae": 0.9809117410836162, "validation_CYP2D6_st_rae": 0.9806125359358103, "validation_CYP3A4_st_rae": 0.7770632404628556, "mean_raw_gradient_norm": 6.389160404205322, "fraction_gradients_clipped": 1.0}
{"epoch": 4, "train_rmse": 1.0144083780956328, "validation_rmse": 0.8963578939437866, "validation_ma_st_rae": 0.9057365356320235, "validation_CYP1A2_st_rae": 0.8859149049169529, "validation_CYP2C9_st_rae": 0.9824158970187412, "validation_CYP2D6_st_rae": 0.9884887207111303, "validation_CYP3A4_st_rae": 0.7661266198812697, "mean_raw_gradient_norm": 6.83319531917572, "fraction_gradients_clipped": 1.0}
{
  "seed": 1701,
  "selection_metric": "validation_ma_st_rae",
  "best_validation_ma_st_rae": 0.8993087094345391,
  "best_validation_rmse": 0.9012491106987,
  "restored_fit_rmse": 0.8732913136482239,
  "restored_validation_rmse": 0.901248037815094,
  "restored_fit_ma_st_rae": 0.883169902235521,
  "restored_validation_ma_st_rae": 0.9024401449940492,
  "restored_validation_point_ma_st_rae": 0.8993036964590508,
  "restored_validation_point_st_rae_by_cyp": {
    "CYP1A2": 0.852512792321483,
    "CYP2C9": 0.9628286589978473,
    "CYP2D6": 0.9811564162459566,
    "CYP3A4": 0.800716918270916
  },
  "restored_fit_st_rae_by_cyp": {
    "CYP1A2": 0.9203476050141244,
    "CYP2C9": 0.7982787648973231,
    "CYP2D6": 1.0070491083056377,
    "CYP3A4": 0.807004130724999
  },
  "restored_validation_st_rae_by_cyp": {
    "CYP1A2": 0.856213710940946,
    "CYP2C9": 0.9710806414350223,
    "CYP2D6": 0.9812994609330221,
    "CYP3A4": 0.8011667666672064
  },
  "validation_bootstrap_metrics": {
    "n_bootstrap_samples": 1000,
    "seed": 0,
    "macro": {
      "st_rae": {
        "mean": 0.9024401449940492,
        "ci_low": 0.8491103188704402,
        "ci_high": 0.9605011721801167
      },
      "mae": {
        "mean": 0.6652552174145769,
        "ci_low": 0.6294443008193819,
        "ci_high": 0.6995093199276384
      },
      "r2": {
        "mean": 0.14128258832717075,
        "ci_low": 0.09164179654436362,
        "ci_high": 0.1884072709732189
      },
      "spearman_rho": {
        "mean": 0.3943394467987838,
        "ci_low": 0.3404195662832179,
        "ci_high": 0.45050010355097214
      },
      "kendall_tau": {
        "mean": 0.27318601084639055,
        "ci_low": 0.23406429906196582,
        "ci_high": 0.3132314900954581
      }
    },
    "per_endpoint": {
      "CYP1A2": {
        "st_rae": {
          "mean": 0.856213710940946,
          "ci_low": 0.7386787246674006,
          "ci_high": 0.9917865218903456
        },
        "mae": {
          "mean": 0.7080040205372704,
          "ci_low": 0.6356237679322561,
          "ci_high": 0.7818622932434082
        },
        "r2": {
          "mean": 0.21383985002951333,
          "ci_low": 0.10565072332455734,
          "ci_high": 0.30908051504604617
        },
        "spearman_rho": {
          "mean": 0.48436698019021707,
          "ci_low": 0.379892084650857,
          "ci_high": 0.5824596852069103
        },
        "kendall_tau": {
          "mean": 0.33502406789382877,
          "ci_low": 0.25722577740466246,
          "ci_high": 0.4086222607449812
        }
      },
      "CYP2C9": {
        "st_rae": {
          "mean": 0.9710806414350223,
          "ci_low": 0.8331206989645822,
          "ci_high": 1.1231700502160453
        },
        "mae": {
          "mean": 0.5169341332571846,
          "ci_low": 0.4618404076528297,
          "ci_high": 0.5750390584191318
        },
        "r2": {
          "mean": 0.09946017832824579,
          "ci_low": -0.042011760970372916,
          "ci_high": 0.22151982293690695
        },
        "spearman_rho": {
          "mean": 0.34418040789200777,
          "ci_low": 0.20169019516363954,
          "ci_high": 0.4795193147091491
        },
        "kendall_tau": {
          "mean": 0.23825401212828962,
          "ci_low": 0.13748019802246672,
          "ci_high": 0.33688122623861166
        }
      },
      "CYP2D6": {
        "st_rae": {
          "mean": 0.9812994609330221,
          "ci_low": 0.9011402988435272,
          "ci_high": 1.0751918848631836
        },
        "mae": {
          "mean": 0.6434547852388882,
          "ci_low": 0.562601195705139,
          "ci_high": 0.7303599634665553
        },
        "r2": {
          "mean": 0.01896424205067627,
          "ci_low": -0.06598124977633184,
          "ci_high": 0.10055112686322848
        },
        "spearman_rho": {
          "mean": 0.26062250653055846,
          "ci_low": 0.12763519479477345,
          "ci_high": 0.3789075472689122
        },
        "kendall_tau": {
          "mean": 0.17702438457433334,
          "ci_low": 0.08936814983729087,
          "ci_high": 0.2602895421925395
        }
      },
      "CYP3A4": {
        "st_rae": {
          "mean": 0.8011667666672064,
          "ci_low": 0.736237348548542,
          "ci_high": 0.8672382681604287
        },
        "mae": {
          "mean": 0.7926279306249645,
          "ci_low": 0.7308941275894473,
          "ci_high": 0.8489331546653769
        },
        "r2": {
          "mean": 0.23286608290024763,
          "ci_low": 0.1687349290867175,
          "ci_high": 0.2983342570502369
        },
        "spearman_rho": {
          "mean": 0.4881878925823519,
          "ci_low": 0.40585608301706727,
          "ci_high": 0.5685774844574609
        },
        "kendall_tau": {
          "mean": 0.3424415787891105,
          "ci_low": 0.2801572265713059,
          "ci_high": 0.4035377250044307
        }
      }
    }
  },
  "epochs_run": 4,
  "fit_observations": 4213,
  "validation_observations": 1003,
  "rule": "gray_scott",
  "generations": 250,
  "hidden_channels": 8,
  "atom_feature_profile": "electronic_local",
  "atom_feature_count": 37,
  "atom_feature_names": [
    "element_H",
    "element_C",
    "element_N",
    "element_O",
    "element_F",
    "element_P",
    "element_S",
    "element_Cl",
    "element_Br",
    "element_I",
    "element_other",
    "formal_charge",
    "aromatic",
    "hybrid_sp",
    "hybrid_sp2",
    "hybrid_sp3",
    "hybrid_other",
    "degree",
    "total_hydrogens",
    "in_ring",
    "hbond_donor",
    "hbond_acceptor",
    "chiral_cw",
    "chiral_ccw",
    "chiral_other",
    "electronegativity",
    "polarizability",
    "heteroatom",
    "halogen",
    "conjugated_bond_fraction",
    "first_ionization_energy",
    "electron_affinity",
    "electronic_property_missing",
    "mean_neighbour_electronegativity",
    "electronegativity_difference",
    "mean_neighbour_atomic_number",
    "neighbour_formal_charge"
  ],
  "device": "cuda",
  "gpu": "NVIDIA GeForce RTX 5070 Ti",
  "training_seconds": 182.56561759999022,
  "peak_gpu_memory_bytes": 371101184,
  "runtime": {
    "operating_system": "Windows-10-10.0.26200-SP0",
    "machine": "AMD64",
    "python": "3.11.16",
    "python_executable": "C:\\Users\\Anthony\\anaconda3\\envs\\strange-matter-gpu\\python.exe",
    "pytorch": "2.11.0+cu128",
    "pytorch_cuda": "12.8",
    "device": "cuda",
    "gpu": "NVIDIA GeForce RTX 5070 Ti"
  },
  "validation_protocol": {
    "kind": "scaffold_cross_validation",
    "fold": 3,
    "folds": 5
  },
  "readout": "differentiable_closed_form_ridge",
  "hyperparameters": {
    "ca_lr": 0.0003,
    "ridge": 1.0,
    "ca_l2": 0.0001,
    "gradient_clip": 1.0,
    "update_scale": 0.25,
    "init_scale": 0.5,
    "initial_noise": 0.0,
    "support_fraction": 0.6,
    "bond_temperature": 2.0,
    "dyn_a": 0.5,
    "dyn_b": 0.2,
    "dyn_c": 0.5,
    "dyn_d": 0.05,
    "lr_schedule": "cosine_0.1x"
  }
}
