{"operating_system": "Windows-10-10.0.26200-SP0", "machine": "AMD64", "python": "3.11.16", "python_executable": "C:\\Users\\Anthony\\anaconda3\\envs\\strange-matter-gpu\\python.exe", "pytorch": "2.11.0+cu128", "pytorch_cuda": "12.8", "device": "cuda", "gpu": "NVIDIA GeForce RTX 5070 Ti"}
{"epoch": 1, "train_rmse": 1.3882053675825656, "validation_rmse": 0.8983392119407654, "validation_ma_st_rae": 0.9916147665214868, "validation_CYP1A2_st_rae": 1.047083828892006, "validation_CYP2C9_st_rae": 0.8378292898039515, "validation_CYP2D6_st_rae": 1.2005617695787913, "validation_CYP3A4_st_rae": 0.8809841778111984, "mean_raw_gradient_norm": 56.19918775558472, "fraction_gradients_clipped": 1.0}
{"epoch": 2, "train_rmse": 1.258527302451354, "validation_rmse": 0.8979451060295105, "validation_ma_st_rae": 0.999239999273963, "validation_CYP1A2_st_rae": 1.071824494522165, "validation_CYP2C9_st_rae": 0.8102260031568314, "validation_CYP2D6_st_rae": 1.2297220750322857, "validation_CYP3A4_st_rae": 0.8851874243845699, "mean_raw_gradient_norm": 47.688621520996094, "fraction_gradients_clipped": 1.0}
{"epoch": 3, "train_rmse": 1.4523637162275365, "validation_rmse": 0.9001973867416382, "validation_ma_st_rae": 1.0042558798303725, "validation_CYP1A2_st_rae": 1.0893298045971849, "validation_CYP2C9_st_rae": 0.8073835177035283, "validation_CYP2D6_st_rae": 1.237801022531921, "validation_CYP3A4_st_rae": 0.8825091744888558, "mean_raw_gradient_norm": 75.39358386993408, "fraction_gradients_clipped": 1.0}
{
  "seed": 1701,
  "selection_metric": "validation_ma_st_rae",
  "best_validation_ma_st_rae": 0.9916147665214868,
  "best_validation_rmse": 0.8983392119407654,
  "restored_fit_rmse": 0.9491511583328247,
  "restored_validation_rmse": 0.898342490196228,
  "restored_fit_ma_st_rae": 0.9212039977352865,
  "restored_validation_ma_st_rae": 1.0056464835801433,
  "restored_validation_point_ma_st_rae": 0.9916326619452288,
  "restored_validation_point_st_rae_by_cyp": {
    "CYP1A2": 1.047045738389439,
    "CYP2C9": 0.8378591875141004,
    "CYP2D6": 1.2006358000119983,
    "CYP3A4": 0.8809899218653777
  },
  "restored_fit_st_rae_by_cyp": {
    "CYP1A2": 0.9215792611287852,
    "CYP2C9": 0.8886328769067997,
    "CYP2D6": 1.0412794873867142,
    "CYP3A4": 0.8333243655188473
  },
  "restored_validation_st_rae_by_cyp": {
    "CYP1A2": 1.0474469232968677,
    "CYP2C9": 0.8633637045607757,
    "CYP2D6": 1.217757675394998,
    "CYP3A4": 0.8940176310679318
  },
  "validation_bootstrap_metrics": {
    "n_bootstrap_samples": 1000,
    "seed": 0,
    "macro": {
      "st_rae": {
        "mean": 1.0056464835801433,
        "ci_low": 0.9032193628181002,
        "ci_high": 1.1197109206232645
      },
      "mae": {
        "mean": 0.6784331624449768,
        "ci_low": 0.6127515705689847,
        "ci_high": 0.7495797393275702
      },
      "r2": {
        "mean": -0.014727132361907359,
        "ci_low": -0.12558883699435192,
        "ci_high": 0.07781009440240694
      },
      "spearman_rho": {
        "mean": 0.21417235342311408,
        "ci_low": 0.08667800975558551,
        "ci_high": 0.3220615955874511
      },
      "kendall_tau": {
        "mean": 0.15253882937466562,
        "ci_low": 0.06452733953251673,
        "ci_high": 0.2280966484542632
      }
    },
    "per_endpoint": {
      "CYP1A2": {
        "st_rae": {
          "mean": 1.0474469232968677,
          "ci_low": 0.8128119907993983,
          "ci_high": 1.3001448963804283
        },
        "mae": {
          "mean": 0.7116300811376728,
          "ci_low": 0.5415987911771556,
          "ci_high": 0.8881458317647214
        },
        "r2": {
          "mean": -0.004869435586680401,
          "ci_low": -0.2537743459939651,
          "ci_high": 0.19328969764173298
        },
        "spearman_rho": {
          "mean": 0.22347673756111414,
          "ci_low": -0.02044208114103312,
          "ci_high": 0.4529092686197234
        },
        "kendall_tau": {
          "mean": 0.15766525696189754,
          "ci_low": -0.015066955649108309,
          "ci_high": 0.31967759866592543
        }
      },
      "CYP2C9": {
        "st_rae": {
          "mean": 0.8633637045607757,
          "ci_low": 0.6578445762914741,
          "ci_high": 1.1192700378370664
        },
        "mae": {
          "mean": 0.5530787081281344,
          "ci_low": 0.458822259704272,
          "ci_high": 0.654405294060707
        },
        "r2": {
          "mean": 0.11612665542900476,
          "ci_low": -0.1226602769773245,
          "ci_high": 0.30576061815757816
        },
        "spearman_rho": {
          "mean": 0.36116694305679364,
          "ci_low": 0.10438285936094192,
          "ci_high": 0.5843292863227955
        },
        "kendall_tau": {
          "mean": 0.25446375531027654,
          "ci_low": 0.0663576697243597,
          "ci_high": 0.42237428064351956
        }
      },
      "CYP2D6": {
        "st_rae": {
          "mean": 1.217757675394998,
          "ci_low": 1.0250366432210032,
          "ci_high": 1.4528016961650507
        },
        "mae": {
          "mean": 0.657574476667551,
          "ci_low": 0.5212375293328212,
          "ci_high": 0.8065227293051206
        },
        "r2": {
          "mean": -0.2882049243260927,
          "ci_low": -0.5472152557676521,
          "ci_high": -0.09981291917500189
        },
        "spearman_rho": {
          "mean": -0.013799980503457198,
          "ci_low": -0.24599991251858982,
          "ci_high": 0.2197966736990938
        },
        "kendall_tau": {
          "mean": -0.004446081898850471,
          "ci_low": -0.15862034397038635,
          "ci_high": 0.15064709332442858
        }
      },
      "CYP3A4": {
        "st_rae": {
          "mean": 0.8940176310679318,
          "ci_low": 0.7529187361592167,
          "ci_high": 1.0661827935589845
        },
        "mae": {
          "mean": 0.7914493838465492,
          "ci_low": 0.6738586163104967,
          "ci_high": 0.9130798136079034
        },
        "r2": {
          "mean": 0.11803917503613891,
          "ci_low": -0.03176390907250539,
          "ci_high": 0.26251872723168707
        },
        "spearman_rho": {
          "mean": 0.2858457135780058,
          "ci_low": 0.06573616470183297,
          "ci_high": 0.4874206071807709
        },
        "kendall_tau": {
          "mean": 0.20247238712533877,
          "ci_low": 0.05048507404884363,
          "ci_high": 0.3475767398853874
        }
      }
    }
  },
  "epochs_run": 3,
  "fit_observations": 806,
  "validation_observations": 272,
  "rule": "gray_scott",
  "generations": 32,
  "hidden_channels": 4,
  "atom_feature_profile": "ring_geometry",
  "atom_feature_count": 32,
  "atom_feature_names": [
    "element_H",
    "element_C",
    "element_N",
    "element_O",
    "element_F",
    "element_P",
    "element_S",
    "element_Cl",
    "element_Br",
    "element_I",
    "element_other",
    "formal_charge",
    "aromatic",
    "hybrid_sp",
    "hybrid_sp2",
    "hybrid_sp3",
    "hybrid_other",
    "degree",
    "total_hydrogens",
    "in_ring",
    "hbond_donor",
    "hbond_acceptor",
    "chiral_cw",
    "chiral_ccw",
    "chiral_other",
    "ring_count",
    "ring_size_3",
    "ring_size_4",
    "ring_size_5",
    "ring_size_6",
    "ring_size_7",
    "ring_size_8_plus"
  ],
  "device": "cuda",
  "gpu": "NVIDIA GeForce RTX 5070 Ti",
  "training_seconds": 4.800914300023578,
  "peak_gpu_memory_bytes": 42229760,
  "runtime": {
    "operating_system": "Windows-10-10.0.26200-SP0",
    "machine": "AMD64",
    "python": "3.11.16",
    "python_executable": "C:\\Users\\Anthony\\anaconda3\\envs\\strange-matter-gpu\\python.exe",
    "pytorch": "2.11.0+cu128",
    "pytorch_cuda": "12.8",
    "device": "cuda",
    "gpu": "NVIDIA GeForce RTX 5070 Ti"
  },
  "validation_protocol": {
    "kind": "scaffold_cross_validation",
    "fold": 0,
    "folds": 5
  },
  "readout": "differentiable_closed_form_ridge",
  "hyperparameters": {
    "ca_lr": 0.001,
    "ridge": 0.01,
    "ca_l2": 1e-06,
    "gradient_clip": 2.0,
    "update_scale": 0.4,
    "init_scale": 1.5,
    "initial_noise": 0.005,
    "support_fraction": 0.75,
    "bond_temperature": 1.0,
    "dyn_a": 0.2,
    "dyn_b": 0.2,
    "dyn_c": 0.5,
    "dyn_d": 0.05,
    "lr_schedule": "cosine_0.1x"
  }
}
