{"operating_system": "Windows-10-10.0.26200-SP0", "machine": "AMD64", "python": "3.11.16", "python_executable": "C:\\Users\\Anthony\\anaconda3\\envs\\strange-matter-gpu\\python.exe", "pytorch": "2.11.0+cu128", "pytorch_cuda": "12.8", "device": "cuda", "gpu": "NVIDIA GeForce RTX 5070 Ti"}
{"epoch": 1, "train_rmse": 0.9943156066193803, "validation_rmse": 0.9277852177619934, "validation_ma_st_rae": 0.9262949706796729, "validation_CYP1A2_st_rae": 0.8714662943840749, "validation_CYP2C9_st_rae": 0.8794250967896806, "validation_CYP2D6_st_rae": 1.1368562552696881, "validation_CYP3A4_st_rae": 0.8174322362752479, "mean_raw_gradient_norm": 4.9598599672317505, "fraction_gradients_clipped": 1.0}
{"epoch": 2, "train_rmse": 1.0617581165889085, "validation_rmse": 0.9102500081062317, "validation_ma_st_rae": 0.9121375918366751, "validation_CYP1A2_st_rae": 0.8570148783905402, "validation_CYP2C9_st_rae": 0.8668174124381576, "validation_CYP2D6_st_rae": 1.1373409013590658, "validation_CYP3A4_st_rae": 0.7873771751589369, "mean_raw_gradient_norm": 7.330524250864983, "fraction_gradients_clipped": 1.0}
{"epoch": 3, "train_rmse": 0.9790448882349577, "validation_rmse": 0.9076772928237915, "validation_ma_st_rae": 0.9106651418995704, "validation_CYP1A2_st_rae": 0.8553723832224761, "validation_CYP2C9_st_rae": 0.8667038080981194, "validation_CYP2D6_st_rae": 1.130727904269441, "validation_CYP3A4_st_rae": 0.7898564720082454, "mean_raw_gradient_norm": 5.442314341664314, "fraction_gradients_clipped": 1.0}
{"epoch": 4, "train_rmse": 0.9669061764948462, "validation_rmse": 0.9072520136833191, "validation_ma_st_rae": 0.9085351526053923, "validation_CYP1A2_st_rae": 0.8542875188769563, "validation_CYP2C9_st_rae": 0.8638834317567384, "validation_CYP2D6_st_rae": 1.124832642401326, "validation_CYP3A4_st_rae": 0.7911370173865485, "mean_raw_gradient_norm": 5.740033410489559, "fraction_gradients_clipped": 1.0}
{"epoch": 5, "train_rmse": 1.0042788083277574, "validation_rmse": 0.9070847630500793, "validation_ma_st_rae": 0.9083134805063517, "validation_CYP1A2_st_rae": 0.8532282234919627, "validation_CYP2C9_st_rae": 0.8643818778721503, "validation_CYP2D6_st_rae": 1.123569851031006, "validation_CYP3A4_st_rae": 0.7920739696302885, "mean_raw_gradient_norm": 6.589375987648964, "fraction_gradients_clipped": 1.0}
{
  "seed": 1701,
  "selection_metric": "validation_ma_st_rae",
  "best_validation_ma_st_rae": 0.9085351526053923,
  "best_validation_rmse": 0.9072520136833191,
  "restored_fit_rmse": 0.8977710604667664,
  "restored_validation_rmse": 0.9072732329368591,
  "restored_fit_ma_st_rae": 0.9110937625378274,
  "restored_validation_ma_st_rae": 0.9145037286435002,
  "restored_validation_point_ma_st_rae": 0.9085368281586361,
  "restored_validation_point_st_rae_by_cyp": {
    "CYP1A2": 0.8543951697984008,
    "CYP2C9": 0.8637851530288593,
    "CYP2D6": 1.1248313468555955,
    "CYP3A4": 0.7911356429516889
  },
  "restored_fit_st_rae_by_cyp": {
    "CYP1A2": 0.9438180151643414,
    "CYP2C9": 0.7875355604754618,
    "CYP2D6": 1.1146523038943164,
    "CYP3A4": 0.79836917061719
  },
  "restored_validation_st_rae_by_cyp": {
    "CYP1A2": 0.8569882218240467,
    "CYP2C9": 0.8763337042880214,
    "CYP2D6": 1.1305602556421,
    "CYP3A4": 0.7941327328198327
  },
  "validation_bootstrap_metrics": {
    "n_bootstrap_samples": 1000,
    "seed": 0,
    "macro": {
      "st_rae": {
        "mean": 0.9145037286435002,
        "ci_low": 0.8559115601037554,
        "ci_high": 0.9823610626925976
      },
      "mae": {
        "mean": 0.6644550179914049,
        "ci_low": 0.6186984096665427,
        "ci_high": 0.7107174287199658
      },
      "r2": {
        "mean": 0.11108946888624775,
        "ci_low": 0.03721899865170695,
        "ci_high": 0.1771942426672769
      },
      "spearman_rho": {
        "mean": 0.3619432718526197,
        "ci_low": 0.2961915382459877,
        "ci_high": 0.42348646557349395
      },
      "kendall_tau": {
        "mean": 0.25248527604729615,
        "ci_low": 0.20777158864502743,
        "ci_high": 0.2990581243039201
      }
    },
    "per_endpoint": {
      "CYP1A2": {
        "st_rae": {
          "mean": 0.8569882218240467,
          "ci_low": 0.7412308508476201,
          "ci_high": 0.9903451704381951
        },
        "mae": {
          "mean": 0.7296997142237953,
          "ci_low": 0.6203025266150886,
          "ci_high": 0.8400412565356569
        },
        "r2": {
          "mean": 0.13618785230504574,
          "ci_low": -0.020845843459761402,
          "ci_high": 0.25380767545022526
        },
        "spearman_rho": {
          "mean": 0.40284522273112716,
          "ci_low": 0.2526560303260572,
          "ci_high": 0.5359880724978161
        },
        "kendall_tau": {
          "mean": 0.28436391986840287,
          "ci_low": 0.17933078069880837,
          "ci_high": 0.38315868226166405
        }
      },
      "CYP2C9": {
        "st_rae": {
          "mean": 0.8763337042880214,
          "ci_low": 0.7327847265100429,
          "ci_high": 1.0389627166353825
        },
        "mae": {
          "mean": 0.5059556285123356,
          "ci_low": 0.4447857351088133,
          "ci_high": 0.5716947144660793
        },
        "r2": {
          "mean": 0.20510041606210194,
          "ci_low": 0.040387050605870334,
          "ci_high": 0.3453481974848413
        },
        "spearman_rho": {
          "mean": 0.4369746597846607,
          "ci_low": 0.29806742961743915,
          "ci_high": 0.5650817793416459
        },
        "kendall_tau": {
          "mean": 0.2932693446252773,
          "ci_low": 0.19305651180246536,
          "ci_high": 0.3900547696662795
        }
      },
      "CYP2D6": {
        "st_rae": {
          "mean": 1.1305602556421,
          "ci_low": 1.0027717800741374,
          "ci_high": 1.2562816626740119
        },
        "mae": {
          "mean": 0.7063913894528193,
          "ci_low": 0.5977160785215121,
          "ci_high": 0.8284128426660037
        },
        "r2": {
          "mean": -0.1525240966394277,
          "ci_low": -0.28792483972179517,
          "ci_high": -0.035063633098053375
        },
        "spearman_rho": {
          "mean": 0.0750287054826012,
          "ci_low": -0.08798971622796382,
          "ci_high": 0.24501806953082503
        },
        "kendall_tau": {
          "mean": 0.04895459791669884,
          "ci_low": -0.06250030085503626,
          "ci_high": 0.16379723990677666
        }
      },
      "CYP3A4": {
        "st_rae": {
          "mean": 0.7941327328198327,
          "ci_low": 0.6971791673790712,
          "ci_high": 0.9095247844435478
        },
        "mae": {
          "mean": 0.7157733397766695,
          "ci_low": 0.6506433128047798,
          "ci_high": 0.7884285894743467
        },
        "r2": {
          "mean": 0.2555937038172711,
          "ci_low": 0.07386075618817471,
          "ci_high": 0.3831473319793719
        },
        "spearman_rho": {
          "mean": 0.5329244994120897,
          "ci_low": 0.4203116563781857,
          "ci_high": 0.6319142203266317
        },
        "kendall_tau": {
          "mean": 0.3833532417788057,
          "ci_low": 0.30008138054778727,
          "ci_high": 0.45998241338802076
        }
      }
    }
  },
  "epochs_run": 5,
  "fit_observations": 2636,
  "validation_observations": 657,
  "rule": "fitzhugh_nagumo",
  "generations": 32,
  "hidden_channels": 4,
  "atom_feature_profile": "periodic",
  "atom_feature_count": 33,
  "atom_feature_names": [
    "element_H",
    "element_C",
    "element_N",
    "element_O",
    "element_F",
    "element_P",
    "element_S",
    "element_Cl",
    "element_Br",
    "element_I",
    "element_other",
    "formal_charge",
    "aromatic",
    "hybrid_sp",
    "hybrid_sp2",
    "hybrid_sp3",
    "hybrid_other",
    "degree",
    "total_hydrogens",
    "in_ring",
    "hbond_donor",
    "hbond_acceptor",
    "chiral_cw",
    "chiral_ccw",
    "chiral_other",
    "atomic_number",
    "atomic_mass",
    "covalent_radius",
    "vdw_radius",
    "outer_electrons",
    "period",
    "periodic_group",
    "atomic_volume"
  ],
  "device": "cuda",
  "gpu": "NVIDIA GeForce RTX 5070 Ti",
  "training_seconds": 17.045616299961694,
  "peak_gpu_memory_bytes": 57490944,
  "runtime": {
    "operating_system": "Windows-10-10.0.26200-SP0",
    "machine": "AMD64",
    "python": "3.11.16",
    "python_executable": "C:\\Users\\Anthony\\anaconda3\\envs\\strange-matter-gpu\\python.exe",
    "pytorch": "2.11.0+cu128",
    "pytorch_cuda": "12.8",
    "device": "cuda",
    "gpu": "NVIDIA GeForce RTX 5070 Ti"
  },
  "validation_protocol": {
    "kind": "scaffold_cross_validation",
    "fold": 2,
    "folds": 5
  },
  "readout": "differentiable_closed_form_ridge",
  "hyperparameters": {
    "ca_lr": 0.001,
    "ridge": 0.1,
    "ca_l2": 0.0001,
    "gradient_clip": 0.5,
    "update_scale": 0.4,
    "init_scale": 1.5,
    "initial_noise": 0.0,
    "support_fraction": 0.75,
    "bond_temperature": 2.0,
    "dyn_a": 0.2,
    "dyn_b": 0.8,
    "dyn_c": 0.8,
    "dyn_d": 0.05,
    "lr_schedule": "cosine_0.1x"
  }
}
