{"operating_system": "macOS-26.2-arm64-arm-64bit", "machine": "arm64", "python": "3.10.19", "python_executable": "/opt/anaconda3/envs/kcc2/bin/python3.10", "pytorch": "2.8.0", "pytorch_cuda": null, "device": "cpu", "gpu": null}
{"epoch": 1, "train_rmse": 1.3393661062477193, "validation_rmse": 0.962094247341156, "mean_raw_gradient_norm": 17.29165034909402, "fraction_gradients_clipped": 1.0}
{"epoch": 2, "train_rmse": 1.353163948414435, "validation_rmse": 0.9644410014152527, "mean_raw_gradient_norm": 19.636175470967448, "fraction_gradients_clipped": 1.0}
{"epoch": 3, "train_rmse": 1.248152834370587, "validation_rmse": 0.9596859216690063, "mean_raw_gradient_norm": 13.725741405640878, "fraction_gradients_clipped": 1.0}
{"epoch": 4, "train_rmse": 1.337379605299282, "validation_rmse": 0.9620175957679749, "mean_raw_gradient_norm": 19.650797244041197, "fraction_gradients_clipped": 1.0}
{"epoch": 5, "train_rmse": 1.2786856602332297, "validation_rmse": 0.9581047892570496, "mean_raw_gradient_norm": 14.69904287015238, "fraction_gradients_clipped": 1.0}
{"epoch": 6, "train_rmse": 1.2823827593926513, "validation_rmse": 0.9574495553970337, "mean_raw_gradient_norm": 16.90827280090701, "fraction_gradients_clipped": 1.0}
{"epoch": 7, "train_rmse": 1.3014364934123837, "validation_rmse": 0.9573729038238525, "mean_raw_gradient_norm": 14.078784265825826, "fraction_gradients_clipped": 1.0}
{"epoch": 8, "train_rmse": 1.3250349703819901, "validation_rmse": 0.9579874277114868, "mean_raw_gradient_norm": 16.06849116279233, "fraction_gradients_clipped": 1.0}
{"epoch": 9, "train_rmse": 1.3145843047576775, "validation_rmse": 0.9575231671333313, "mean_raw_gradient_norm": 17.22221601009369, "fraction_gradients_clipped": 1.0}
{
  "seed": 4211,
  "best_validation_rmse": 0.9581047892570496,
  "restored_fit_rmse": 0.9252835512161255,
  "restored_validation_rmse": 0.9581047892570496,
  "epochs_run": 9,
  "fit_observations": 5216,
  "validation_observations": 1309,
  "rule": "conservative_graph_flux",
  "generations": 64,
  "hidden_channels": 8,
  "device": "cpu",
  "gpu": null,
  "training_seconds": 121.34078850003425,
  "peak_gpu_memory_bytes": 0,
  "runtime": {
    "operating_system": "macOS-26.2-arm64-arm-64bit",
    "machine": "arm64",
    "python": "3.10.19",
    "python_executable": "/opt/anaconda3/envs/kcc2/bin/python3.10",
    "pytorch": "2.8.0",
    "pytorch_cuda": null,
    "device": "cpu",
    "gpu": null
  },
  "readout": "differentiable_closed_form_ridge",
  "hyperparameters": {
    "ca_lr": 0.0003,
    "ridge": 0.1,
    "ca_l2": 0.0001,
    "gradient_clip": 0.5,
    "update_scale": 0.08,
    "init_scale": 1.5,
    "initial_noise": 0.005,
    "support_fraction": 0.6,
    "bond_temperature": 0.5,
    "dyn_a": 0.2,
    "dyn_b": 0.8,
    "dyn_c": 0.8,
    "dyn_d": 0.05,
    "lr_schedule": "cosine_0.1x"
  }
}
