{"operating_system": "Windows-10-10.0.26200-SP0", "machine": "AMD64", "python": "3.11.16", "python_executable": "C:\\Users\\Anthony\\anaconda3\\envs\\strange-matter-gpu\\python.exe", "pytorch": "2.11.0+cu128", "pytorch_cuda": "12.8", "device": "cuda", "gpu": "NVIDIA GeForce RTX 5070 Ti"}
{"epoch": 1, "train_rmse": 1.0997097302609722, "validation_rmse": 0.9458703994750977, "validation_ma_st_rae": 0.9882240337623949, "validation_CYP1A2_st_rae": 1.0205925028554617, "validation_CYP2C9_st_rae": 0.9545572551477085, "validation_CYP2D6_st_rae": 1.208337699443401, "validation_CYP3A4_st_rae": 0.7694086776030086, "mean_raw_gradient_norm": 17.805447692871095, "fraction_gradients_clipped": 1.0}
{"epoch": 2, "train_rmse": 1.094720166165343, "validation_rmse": 0.9484328627586365, "validation_ma_st_rae": 0.9887192100773944, "validation_CYP1A2_st_rae": 1.0402998676674073, "validation_CYP2C9_st_rae": 0.9245250468155235, "validation_CYP2D6_st_rae": 1.2437550800944144, "validation_CYP3A4_st_rae": 0.7462968457322323, "mean_raw_gradient_norm": 14.608418083190918, "fraction_gradients_clipped": 1.0}
{"epoch": 3, "train_rmse": 1.051516994779488, "validation_rmse": 0.957575261592865, "validation_ma_st_rae": 1.0020515209896133, "validation_CYP1A2_st_rae": 1.0480111680829647, "validation_CYP2C9_st_rae": 0.9522694128988171, "validation_CYP2D6_st_rae": 1.271396897262438, "validation_CYP3A4_st_rae": 0.736528605714233, "mean_raw_gradient_norm": 8.782606763839722, "fraction_gradients_clipped": 1.0}
{"epoch": 4, "train_rmse": 1.010561511634329, "validation_rmse": 0.9585582613945007, "validation_ma_st_rae": 1.0082045767716912, "validation_CYP1A2_st_rae": 1.0366108897659114, "validation_CYP2C9_st_rae": 1.000013130542114, "validation_CYP2D6_st_rae": 1.2594561874578314, "validation_CYP3A4_st_rae": 0.7367380993209075, "mean_raw_gradient_norm": 5.39922685623169, "fraction_gradients_clipped": 1.0}
{
  "seed": 1701,
  "selection_metric": "validation_ma_st_rae",
  "best_validation_ma_st_rae": 0.9882240337623949,
  "best_validation_rmse": 0.9458703994750977,
  "restored_fit_rmse": 0.8983574509620667,
  "restored_validation_rmse": 0.9459241628646851,
  "restored_fit_ma_st_rae": 0.961313357820974,
  "restored_validation_ma_st_rae": 0.9915065872893888,
  "restored_validation_point_ma_st_rae": 0.9886309180873646,
  "restored_validation_point_st_rae_by_cyp": {
    "CYP1A2": 1.0209166956635929,
    "CYP2C9": 0.9556052737866174,
    "CYP2D6": 1.209543653299133,
    "CYP3A4": 0.768458049600115
  },
  "restored_fit_st_rae_by_cyp": {
    "CYP1A2": 1.0448481380038088,
    "CYP2C9": 0.8682932831602,
    "CYP2D6": 1.2097387875278183,
    "CYP3A4": 0.7223732225920688
  },
  "restored_validation_st_rae_by_cyp": {
    "CYP1A2": 1.0245346282342997,
    "CYP2C9": 0.9636411280787521,
    "CYP2D6": 1.2099287531418936,
    "CYP3A4": 0.7679218397026093
  },
  "validation_bootstrap_metrics": {
    "n_bootstrap_samples": 1000,
    "seed": 0,
    "macro": {
      "st_rae": {
        "mean": 0.9915065872893888,
        "ci_low": 0.919697187645148,
        "ci_high": 1.0671964797629685
      },
      "mae": {
        "mean": 0.7040810671747547,
        "ci_low": 0.6694748830930125,
        "ci_high": 0.7397508087819398
      },
      "r2": {
        "mean": 0.07162531828553316,
        "ci_low": -0.0030533455217531713,
        "ci_high": 0.1392235270460587
      },
      "spearman_rho": {
        "mean": 0.39187603886670164,
        "ci_low": 0.33852952681025017,
        "ci_high": 0.44521260802474627
      },
      "kendall_tau": {
        "mean": 0.27091033664299735,
        "ci_low": 0.23317609758238883,
        "ci_high": 0.3096188173876051
      }
    },
    "per_endpoint": {
      "CYP1A2": {
        "st_rae": {
          "mean": 1.0245346282342997,
          "ci_low": 0.8814802675776695,
          "ci_high": 1.194054490098016
        },
        "mae": {
          "mean": 0.7814531343513064,
          "ci_low": 0.7076233843167623,
          "ci_high": 0.8571691466702355
        },
        "r2": {
          "mean": 0.08922306710413222,
          "ci_low": -0.046863850918173744,
          "ci_high": 0.21259592526974008
        },
        "spearman_rho": {
          "mean": 0.364759162541851,
          "ci_low": 0.2522363842702142,
          "ci_high": 0.4760346278110863
        },
        "kendall_tau": {
          "mean": 0.2493365476772346,
          "ci_low": 0.16773980744569292,
          "ci_high": 0.3287188084617864
        }
      },
      "CYP2C9": {
        "st_rae": {
          "mean": 0.9636411280787521,
          "ci_low": 0.7925324011958439,
          "ci_high": 1.16682019603438
        },
        "mae": {
          "mean": 0.4991825260283455,
          "ci_low": 0.44710663068231454,
          "ci_high": 0.5550164871430271
        },
        "r2": {
          "mean": 0.15489016950667434,
          "ci_low": -0.06472264144447643,
          "ci_high": 0.31649832217495394
        },
        "spearman_rho": {
          "mean": 0.4545460281755726,
          "ci_low": 0.3184282055999837,
          "ci_high": 0.5764931181692471
        },
        "kendall_tau": {
          "mean": 0.3204151217840308,
          "ci_low": 0.22233243517239684,
          "ci_high": 0.4095248610136856
        }
      },
      "CYP2D6": {
        "st_rae": {
          "mean": 1.2099287531418936,
          "ci_low": 1.0768355451841893,
          "ci_high": 1.3653352528048186
        },
        "mae": {
          "mean": 0.7376556100107856,
          "ci_low": 0.6566413315928589,
          "ci_high": 0.8238568032444534
        },
        "r2": {
          "mean": -0.12980174011200393,
          "ci_low": -0.2782812412072553,
          "ci_high": 0.006878123582162935
        },
        "spearman_rho": {
          "mean": 0.22331163473962298,
          "ci_low": 0.10785377726656334,
          "ci_high": 0.3355909977187945
        },
        "kendall_tau": {
          "mean": 0.1477326220929249,
          "ci_low": 0.07218611123694722,
          "ci_high": 0.22322959981656887
        }
      },
      "CYP3A4": {
        "st_rae": {
          "mean": 0.7679218397026093,
          "ci_low": 0.7021481759194383,
          "ci_high": 0.8335501958453134
        },
        "mae": {
          "mean": 0.7980329983085817,
          "ci_low": 0.7333328360116516,
          "ci_high": 0.863073032081296
        },
        "r2": {
          "mean": 0.17218977664332996,
          "ci_low": 0.09059382870623457,
          "ci_high": 0.25271190991250864
        },
        "spearman_rho": {
          "mean": 0.5248873300097603,
          "ci_low": 0.44488860057495383,
          "ci_high": 0.6027557060703439
        },
        "kendall_tau": {
          "mean": 0.3661570550177992,
          "ci_low": 0.3060206985027757,
          "ci_high": 0.42562814150024475
        }
      }
    }
  },
  "epochs_run": 4,
  "fit_observations": 4213,
  "validation_observations": 1003,
  "rule": "conservative_graph_flux",
  "generations": 250,
  "hidden_channels": 16,
  "atom_feature_profile": "comprehensive",
  "atom_feature_count": 57,
  "atom_feature_names": [
    "element_H",
    "element_C",
    "element_N",
    "element_O",
    "element_F",
    "element_P",
    "element_S",
    "element_Cl",
    "element_Br",
    "element_I",
    "element_other",
    "formal_charge",
    "aromatic",
    "hybrid_sp",
    "hybrid_sp2",
    "hybrid_sp3",
    "hybrid_other",
    "degree",
    "total_hydrogens",
    "in_ring",
    "hbond_donor",
    "hbond_acceptor",
    "chiral_cw",
    "chiral_ccw",
    "chiral_other",
    "atomic_number",
    "atomic_mass",
    "covalent_radius",
    "vdw_radius",
    "outer_electrons",
    "period",
    "periodic_group",
    "atomic_volume",
    "total_valence",
    "implicit_valence",
    "heavy_atom_degree",
    "radical_electrons",
    "absolute_formal_charge",
    "electronegativity",
    "polarizability",
    "heteroatom",
    "halogen",
    "conjugated_bond_fraction",
    "first_ionization_energy",
    "electron_affinity",
    "electronic_property_missing",
    "ring_count",
    "ring_size_3",
    "ring_size_4",
    "ring_size_5",
    "ring_size_6",
    "ring_size_7",
    "ring_size_8_plus",
    "mean_neighbour_electronegativity",
    "electronegativity_difference",
    "mean_neighbour_atomic_number",
    "neighbour_formal_charge"
  ],
  "device": "cuda",
  "gpu": "NVIDIA GeForce RTX 5070 Ti",
  "training_seconds": 93.31506359996274,
  "peak_gpu_memory_bytes": 825011712,
  "runtime": {
    "operating_system": "Windows-10-10.0.26200-SP0",
    "machine": "AMD64",
    "python": "3.11.16",
    "python_executable": "C:\\Users\\Anthony\\anaconda3\\envs\\strange-matter-gpu\\python.exe",
    "pytorch": "2.11.0+cu128",
    "pytorch_cuda": "12.8",
    "device": "cuda",
    "gpu": "NVIDIA GeForce RTX 5070 Ti"
  },
  "validation_protocol": {
    "kind": "scaffold_cross_validation",
    "fold": 3,
    "folds": 5
  },
  "readout": "differentiable_closed_form_ridge",
  "hyperparameters": {
    "ca_lr": 0.003,
    "ridge": 1.0,
    "ca_l2": 1e-06,
    "gradient_clip": 2.0,
    "update_scale": 0.15,
    "init_scale": 1.5,
    "initial_noise": 0.0,
    "support_fraction": 0.85,
    "bond_temperature": 0.5,
    "dyn_a": 0.5,
    "dyn_b": 0.2,
    "dyn_c": 0.5,
    "dyn_d": 0.05,
    "lr_schedule": "cosine_0.1x"
  }
}
