{"operating_system": "Windows-10-10.0.26200-SP0", "machine": "AMD64", "python": "3.11.16", "python_executable": "C:\\Users\\Anthony\\anaconda3\\envs\\strange-matter-gpu\\python.exe", "pytorch": "2.11.0+cu128", "pytorch_cuda": "12.8", "device": "cuda", "gpu": "NVIDIA GeForce RTX 5070 Ti"}
{"epoch": 1, "train_rmse": 1.1076134451876065, "validation_rmse": 0.9151026606559753, "validation_ma_st_rae": 0.9292411615107786, "validation_CYP1A2_st_rae": 0.9890406438398245, "validation_CYP2C9_st_rae": 0.86207588481092, "validation_CYP2D6_st_rae": 1.022857858324984, "validation_CYP3A4_st_rae": 0.842990259067386, "mean_raw_gradient_norm": 7.584976744651795, "fraction_gradients_clipped": 1.0}
{"epoch": 2, "train_rmse": 1.069585740955722, "validation_rmse": 0.9046594500541687, "validation_ma_st_rae": 0.9183075413878958, "validation_CYP1A2_st_rae": 0.9883404782721016, "validation_CYP2C9_st_rae": 0.8552306963614881, "validation_CYP2D6_st_rae": 1.0130637282707178, "validation_CYP3A4_st_rae": 0.8165952626472758, "mean_raw_gradient_norm": 6.8723425817489625, "fraction_gradients_clipped": 1.0}
{"epoch": 3, "train_rmse": 1.0621493362083299, "validation_rmse": 0.9009698033332825, "validation_ma_st_rae": 0.9160553581528206, "validation_CYP1A2_st_rae": 0.9914351353180076, "validation_CYP2C9_st_rae": 0.8616341574770725, "validation_CYP2D6_st_rae": 1.0045481235105944, "validation_CYP3A4_st_rae": 0.8066040163056076, "mean_raw_gradient_norm": 6.878762674331665, "fraction_gradients_clipped": 1.0}
{"epoch": 4, "train_rmse": 1.0452525657404812, "validation_rmse": 0.8978697657585144, "validation_ma_st_rae": 0.9132976314039996, "validation_CYP1A2_st_rae": 0.993609187796205, "validation_CYP2C9_st_rae": 0.854880216153997, "validation_CYP2D6_st_rae": 1.0028635713047358, "validation_CYP3A4_st_rae": 0.8018375503610607, "mean_raw_gradient_norm": 6.584157509803772, "fraction_gradients_clipped": 1.0}
{"epoch": 5, "train_rmse": 1.0353138838522118, "validation_rmse": 0.8964962363243103, "validation_ma_st_rae": 0.9112589765762861, "validation_CYP1A2_st_rae": 0.9917974700097812, "validation_CYP2C9_st_rae": 0.8503274243387839, "validation_CYP2D6_st_rae": 1.002462179365422, "validation_CYP3A4_st_rae": 0.8004488325911571, "mean_raw_gradient_norm": 6.389081935882569, "fraction_gradients_clipped": 1.0}
{"epoch": 6, "train_rmse": 1.0200445263304279, "validation_rmse": 0.8953930139541626, "validation_ma_st_rae": 0.909622198218875, "validation_CYP1A2_st_rae": 0.9923472462154834, "validation_CYP2C9_st_rae": 0.8452632659548066, "validation_CYP2D6_st_rae": 1.0014080631660058, "validation_CYP3A4_st_rae": 0.7994702175392044, "mean_raw_gradient_norm": 5.33928074836731, "fraction_gradients_clipped": 1.0}
{"epoch": 7, "train_rmse": 1.005459913143171, "validation_rmse": 0.8942994475364685, "validation_ma_st_rae": 0.9079050464540194, "validation_CYP1A2_st_rae": 0.9911033390245729, "validation_CYP2C9_st_rae": 0.8403700824105278, "validation_CYP2D6_st_rae": 1.0016359296567092, "validation_CYP3A4_st_rae": 0.7985108347242672, "mean_raw_gradient_norm": 5.889667375087738, "fraction_gradients_clipped": 1.0}
{"epoch": 8, "train_rmse": 1.025825660545812, "validation_rmse": 0.8939335346221924, "validation_ma_st_rae": 0.9071278258124134, "validation_CYP1A2_st_rae": 0.9902872715485698, "validation_CYP2C9_st_rae": 0.8371017211340839, "validation_CYP2D6_st_rae": 1.0023780848203665, "validation_CYP3A4_st_rae": 0.7987442257466332, "mean_raw_gradient_norm": 5.767879948616028, "fraction_gradients_clipped": 1.0}
{
  "seed": 1701,
  "selection_metric": "validation_ma_st_rae",
  "best_validation_ma_st_rae": 0.909622198218875,
  "best_validation_rmse": 0.8953930139541626,
  "restored_fit_rmse": 0.8570511937141418,
  "restored_validation_rmse": 0.8953928351402283,
  "restored_fit_ma_st_rae": 0.8669928661766173,
  "restored_validation_ma_st_rae": 0.9113642507353975,
  "restored_validation_point_ma_st_rae": 0.9096220911130058,
  "restored_validation_point_st_rae_by_cyp": {
    "CYP1A2": 0.9923428951657952,
    "CYP2C9": 0.8452598380046951,
    "CYP2D6": 1.0014143278159855,
    "CYP3A4": 0.7994713034655478
  },
  "restored_fit_st_rae_by_cyp": {
    "CYP1A2": 0.8992135459143057,
    "CYP2C9": 0.8172314872186667,
    "CYP2D6": 0.9780710522482889,
    "CYP3A4": 0.7734553793252082
  },
  "restored_validation_st_rae_by_cyp": {
    "CYP1A2": 0.9959982366836303,
    "CYP2C9": 0.8462632269842946,
    "CYP2D6": 1.0035184601067002,
    "CYP3A4": 0.7996770791669648
  },
  "validation_bootstrap_metrics": {
    "n_bootstrap_samples": 1000,
    "seed": 0,
    "macro": {
      "st_rae": {
        "mean": 0.9113642507353975,
        "ci_low": 0.8607114257999984,
        "ci_high": 0.9661845821033377
      },
      "mae": {
        "mean": 0.6636876873268366,
        "ci_low": 0.6290332737967,
        "ci_high": 0.7007261887585318
      },
      "r2": {
        "mean": 0.11952748972674275,
        "ci_low": 0.06119857093561701,
        "ci_high": 0.17484688149901598
      },
      "spearman_rho": {
        "mean": 0.38864612531158016,
        "ci_low": 0.33225675714588465,
        "ci_high": 0.44217097796153887
      },
      "kendall_tau": {
        "mean": 0.26793068145949844,
        "ci_low": 0.22840749488284354,
        "ci_high": 0.30583461428432607
      }
    },
    "per_endpoint": {
      "CYP1A2": {
        "st_rae": {
          "mean": 0.9959982366836303,
          "ci_low": 0.8748208887963039,
          "ci_high": 1.1464355257565444
        },
        "mae": {
          "mean": 0.7488513711513475,
          "ci_low": 0.6708093156786853,
          "ci_high": 0.8425126066318778
        },
        "r2": {
          "mean": 0.04565706095759228,
          "ci_low": -0.10541935946285183,
          "ci_high": 0.17706151930307398
        },
        "spearman_rho": {
          "mean": 0.37323283764442927,
          "ci_low": 0.2588503117893937,
          "ci_high": 0.48047365775112383
        },
        "kendall_tau": {
          "mean": 0.24881210808617807,
          "ci_low": 0.1702732619383504,
          "ci_high": 0.3223842683555025
        }
      },
      "CYP2C9": {
        "st_rae": {
          "mean": 0.8462632269842946,
          "ci_low": 0.7345952759485904,
          "ci_high": 0.9684787526911208
        },
        "mae": {
          "mean": 0.5485447896652416,
          "ci_low": 0.4854487540455639,
          "ci_high": 0.6158565044403077
        },
        "r2": {
          "mean": 0.14375391766418136,
          "ci_low": -0.008429730227986196,
          "ci_high": 0.2726457191456897
        },
        "spearman_rho": {
          "mean": 0.4494260644751688,
          "ci_low": 0.3284010305227549,
          "ci_high": 0.5524591279353209
        },
        "kendall_tau": {
          "mean": 0.3107010751894778,
          "ci_low": 0.2269462766043999,
          "ci_high": 0.38722576856126106
        }
      },
      "CYP2D6": {
        "st_rae": {
          "mean": 1.0035184601067002,
          "ci_low": 0.9189653650825418,
          "ci_high": 1.098128849758699
        },
        "mae": {
          "mean": 0.5822291370775388,
          "ci_low": 0.512578161643899,
          "ci_high": 0.661272609570752
        },
        "r2": {
          "mean": 0.06581192430491353,
          "ci_low": -0.01063328715754529,
          "ci_high": 0.138250657833153
        },
        "spearman_rho": {
          "mean": 0.2601829283531928,
          "ci_low": 0.13675165248935,
          "ci_high": 0.3842024630995601
        },
        "kendall_tau": {
          "mean": 0.1772250128313218,
          "ci_low": 0.09407670662286151,
          "ci_high": 0.26300214632685937
        }
      },
      "CYP3A4": {
        "st_rae": {
          "mean": 0.7996770791669648,
          "ci_low": 0.7234474217894089,
          "ci_high": 0.8801113882584153
        },
        "mae": {
          "mean": 0.7751254514132181,
          "ci_low": 0.7198812023919705,
          "ci_high": 0.8353527144877203
        },
        "r2": {
          "mean": 0.2228870559802838,
          "ci_low": 0.14335476181846377,
          "ci_high": 0.2956755144010793
        },
        "spearman_rho": {
          "mean": 0.4717426707735297,
          "ci_low": 0.3804001205530756,
          "ci_high": 0.5535145732107383
        },
        "kendall_tau": {
          "mean": 0.334984529731016,
          "ci_low": 0.2687254075018884,
          "ci_high": 0.3948483479753801
        }
      }
    }
  },
  "epochs_run": 8,
  "fit_observations": 4213,
  "validation_observations": 1003,
  "rule": "gray_scott",
  "generations": 250,
  "hidden_channels": 8,
  "atom_feature_profile": "electronic_local",
  "atom_feature_count": 37,
  "atom_feature_names": [
    "element_H",
    "element_C",
    "element_N",
    "element_O",
    "element_F",
    "element_P",
    "element_S",
    "element_Cl",
    "element_Br",
    "element_I",
    "element_other",
    "formal_charge",
    "aromatic",
    "hybrid_sp",
    "hybrid_sp2",
    "hybrid_sp3",
    "hybrid_other",
    "degree",
    "total_hydrogens",
    "in_ring",
    "hbond_donor",
    "hbond_acceptor",
    "chiral_cw",
    "chiral_ccw",
    "chiral_other",
    "electronegativity",
    "polarizability",
    "heteroatom",
    "halogen",
    "conjugated_bond_fraction",
    "first_ionization_energy",
    "electron_affinity",
    "electronic_property_missing",
    "mean_neighbour_electronegativity",
    "electronegativity_difference",
    "mean_neighbour_atomic_number",
    "neighbour_formal_charge"
  ],
  "device": "cuda",
  "gpu": "NVIDIA GeForce RTX 5070 Ti",
  "training_seconds": 376.65815589996055,
  "peak_gpu_memory_bytes": 374065664,
  "runtime": {
    "operating_system": "Windows-10-10.0.26200-SP0",
    "machine": "AMD64",
    "python": "3.11.16",
    "python_executable": "C:\\Users\\Anthony\\anaconda3\\envs\\strange-matter-gpu\\python.exe",
    "pytorch": "2.11.0+cu128",
    "pytorch_cuda": "12.8",
    "device": "cuda",
    "gpu": "NVIDIA GeForce RTX 5070 Ti"
  },
  "validation_protocol": {
    "kind": "scaffold_cross_validation",
    "fold": 1,
    "folds": 5
  },
  "readout": "differentiable_closed_form_ridge",
  "hyperparameters": {
    "ca_lr": 0.0003,
    "ridge": 1.0,
    "ca_l2": 0.0001,
    "gradient_clip": 1.0,
    "update_scale": 0.25,
    "init_scale": 0.5,
    "initial_noise": 0.0,
    "support_fraction": 0.6,
    "bond_temperature": 2.0,
    "dyn_a": 0.5,
    "dyn_b": 0.2,
    "dyn_c": 0.5,
    "dyn_d": 0.05,
    "lr_schedule": "cosine_0.1x"
  }
}
