{"operating_system": "macOS-26.2-arm64-arm-64bit", "machine": "arm64", "python": "3.10.19", "python_executable": "/opt/anaconda3/envs/kcc2/bin/python3.10", "pytorch": "2.8.0", "pytorch_cuda": null, "device": "cpu", "gpu": null}
{"epoch": 1, "train_rmse": 3.708486689479487, "validation_rmse": 0.9402151107788086, "mean_raw_gradient_norm": 1359.8807117640972, "fraction_gradients_clipped": 1.0}
{"epoch": 2, "train_rmse": 1.183492184592864, "validation_rmse": 0.9410334229469299, "mean_raw_gradient_norm": 35.69358913600445, "fraction_gradients_clipped": 1.0}
{"epoch": 3, "train_rmse": 1.16579106097225, "validation_rmse": 0.9386194348335266, "mean_raw_gradient_norm": 10.802552878856659, "fraction_gradients_clipped": 1.0}
{"epoch": 4, "train_rmse": 10.925748221285447, "validation_rmse": 0.9417710304260254, "mean_raw_gradient_norm": 6148.033759191632, "fraction_gradients_clipped": 1.0}
{
  "seed": 1701,
  "best_validation_rmse": 0.9402151107788086,
  "restored_fit_rmse": 0.8945299983024597,
  "restored_validation_rmse": 0.9402151107788086,
  "epochs_run": 4,
  "fit_observations": 2643,
  "validation_observations": 670,
  "rule": "kuramoto_sakaguchi",
  "generations": 64,
  "hidden_channels": 8,
  "device": "cpu",
  "gpu": null,
  "training_seconds": 46.207916499930434,
  "peak_gpu_memory_bytes": 0,
  "runtime": {
    "operating_system": "macOS-26.2-arm64-arm-64bit",
    "machine": "arm64",
    "python": "3.10.19",
    "python_executable": "/opt/anaconda3/envs/kcc2/bin/python3.10",
    "pytorch": "2.8.0",
    "pytorch_cuda": null,
    "device": "cpu",
    "gpu": null
  },
  "readout": "differentiable_closed_form_ridge",
  "hyperparameters": {
    "ca_lr": 0.003,
    "ridge": 0.01,
    "ca_l2": 0.0001,
    "gradient_clip": 1.0,
    "update_scale": 0.4,
    "init_scale": 1.5,
    "initial_noise": 0.0,
    "support_fraction": 0.75,
    "bond_temperature": 0.5,
    "dyn_a": 0.2,
    "dyn_b": 0.8,
    "dyn_c": 0.5,
    "dyn_d": 0.05,
    "lr_schedule": "cosine_0.1x"
  }
}
