{"operating_system": "Windows-10-10.0.26200-SP0", "machine": "AMD64", "python": "3.11.16", "python_executable": "C:\\Users\\Anthony\\anaconda3\\envs\\strange-matter-gpu\\python.exe", "pytorch": "2.11.0+cu128", "pytorch_cuda": "12.8", "device": "cuda", "gpu": "NVIDIA GeForce RTX 5070 Ti"}
{"epoch": 1, "train_rmse": 1.7821015076979556, "validation_rmse": 0.8827998042106628, "validation_ma_st_rae": 0.9624112461279137, "validation_CYP1A2_st_rae": 1.0038400264838978, "validation_CYP2C9_st_rae": 0.844916386429581, "validation_CYP2D6_st_rae": 1.112976072942228, "validation_CYP3A4_st_rae": 0.8879124986559481, "mean_raw_gradient_norm": 70.56767473220825, "fraction_gradients_clipped": 1.0}
{"epoch": 2, "train_rmse": 1.6025331276144714, "validation_rmse": 0.8828965425491333, "validation_ma_st_rae": 0.9616498801957616, "validation_CYP1A2_st_rae": 1.004302455823383, "validation_CYP2C9_st_rae": 0.8440709443007535, "validation_CYP2D6_st_rae": 1.1131924829016022, "validation_CYP3A4_st_rae": 0.8850336377573074, "mean_raw_gradient_norm": 54.449814033508304, "fraction_gradients_clipped": 1.0}
{"epoch": 3, "train_rmse": 1.7737762530953338, "validation_rmse": 0.8833629488945007, "validation_ma_st_rae": 0.9629580438765715, "validation_CYP1A2_st_rae": 1.0060931158149709, "validation_CYP2C9_st_rae": 0.8466723597964357, "validation_CYP2D6_st_rae": 1.1143543684339112, "validation_CYP3A4_st_rae": 0.8847123314609686, "mean_raw_gradient_norm": 59.68478202819824, "fraction_gradients_clipped": 1.0}
{
  "seed": 1701,
  "selection_metric": "validation_ma_st_rae",
  "best_validation_ma_st_rae": 0.9624112461279137,
  "best_validation_rmse": 0.8827998042106628,
  "restored_fit_rmse": 0.9358133673667908,
  "restored_validation_rmse": 0.882801353931427,
  "restored_fit_ma_st_rae": 0.9015236891185219,
  "restored_validation_ma_st_rae": 0.9770448339063534,
  "restored_validation_point_ma_st_rae": 0.96240900027262,
  "restored_validation_point_st_rae_by_cyp": {
    "CYP1A2": 1.0038516757841138,
    "CYP2C9": 0.8448917530052383,
    "CYP2D6": 1.1129819716804734,
    "CYP3A4": 0.8879106006206542
  },
  "restored_fit_st_rae_by_cyp": {
    "CYP1A2": 0.9081634554114919,
    "CYP2C9": 0.8943859018904934,
    "CYP2D6": 0.9857272915484516,
    "CYP3A4": 0.8178181076236505
  },
  "restored_validation_st_rae_by_cyp": {
    "CYP1A2": 1.0066891535394142,
    "CYP2C9": 0.8717630782215008,
    "CYP2D6": 1.1267875927509252,
    "CYP3A4": 0.9029395111135738
  },
  "validation_bootstrap_metrics": {
    "n_bootstrap_samples": 1000,
    "seed": 0,
    "macro": {
      "st_rae": {
        "mean": 0.9770448339063534,
        "ci_low": 0.8677215194203186,
        "ci_high": 1.0929881444167961
      },
      "mae": {
        "mean": 0.6529266079270151,
        "ci_low": 0.5890231195802897,
        "ci_high": 0.7234396594713953
      },
      "r2": {
        "mean": 0.01073759108802897,
        "ci_low": -0.11207920773114473,
        "ci_high": 0.12117699507274597
      },
      "spearman_rho": {
        "mean": 0.26799786857777097,
        "ci_low": 0.1519764422080594,
        "ci_high": 0.3797603297181458
      },
      "kendall_tau": {
        "mean": 0.18753616759608252,
        "ci_low": 0.10145929880207438,
        "ci_high": 0.2671683945910471
      }
    },
    "per_endpoint": {
      "CYP1A2": {
        "st_rae": {
          "mean": 1.0066891535394142,
          "ci_low": 0.7452248617764261,
          "ci_high": 1.2740707166664837
        },
        "mae": {
          "mean": 0.6916595801877193,
          "ci_low": 0.5254362072123856,
          "ci_high": 0.8687448494747035
        },
        "r2": {
          "mean": 0.036090853485925445,
          "ci_low": -0.2618594485942312,
          "ci_high": 0.27658891555386006
        },
        "spearman_rho": {
          "mean": 0.28819061141361474,
          "ci_low": 0.03298614985417948,
          "ci_high": 0.5402473392779332
        },
        "kendall_tau": {
          "mean": 0.19952879116917258,
          "ci_low": 0.021496686913307566,
          "ci_high": 0.37463417104007724
        }
      },
      "CYP2C9": {
        "st_rae": {
          "mean": 0.8717630782215008,
          "ci_low": 0.6114317290951908,
          "ci_high": 1.185202371053696
        },
        "mae": {
          "mean": 0.51803049989144,
          "ci_low": 0.3957923035820325,
          "ci_high": 0.6414751807848612
        },
        "r2": {
          "mean": 0.021312909969140304,
          "ci_low": -0.2991892363217926,
          "ci_high": 0.298703038979975
        },
        "spearman_rho": {
          "mean": 0.3509982161498438,
          "ci_low": 0.10448291499775753,
          "ci_high": 0.5966787345744754
        },
        "kendall_tau": {
          "mean": 0.25327174088691173,
          "ci_low": 0.05666576095906202,
          "ci_high": 0.43948202161934535
        }
      },
      "CYP2D6": {
        "st_rae": {
          "mean": 1.1267875927509252,
          "ci_low": 0.9591063279973688,
          "ci_high": 1.3356847085990082
        },
        "mae": {
          "mean": 0.6164093656246478,
          "ci_low": 0.4920281699070564,
          "ci_high": 0.7598588374027839
        },
        "r2": {
          "mean": -0.16520212909881377,
          "ci_low": -0.40023454463675673,
          "ci_high": 0.0037098946767924993
        },
        "spearman_rho": {
          "mean": 0.06812101548198761,
          "ci_low": -0.1758956301124185,
          "ci_high": 0.2935755046047319
        },
        "kendall_tau": {
          "mean": 0.043224168966809355,
          "ci_low": -0.12167356154753535,
          "ci_high": 0.1929410891171189
        }
      },
      "CYP3A4": {
        "st_rae": {
          "mean": 0.9029395111135738,
          "ci_low": 0.7589776694903667,
          "ci_high": 1.094103573806206
        },
        "mae": {
          "mean": 0.7856069860042528,
          "ci_low": 0.6744065209183582,
          "ci_high": 0.8994403380987256
        },
        "r2": {
          "mean": 0.1507487299958639,
          "ci_low": -0.004704934282136432,
          "ci_high": 0.28990500703254307
        },
        "spearman_rho": {
          "mean": 0.3646816312656378,
          "ci_low": 0.16767087639813788,
          "ci_high": 0.5408268440533857
        },
        "kendall_tau": {
          "mean": 0.2541199693614363,
          "ci_low": 0.11480149739206183,
          "ci_high": 0.3818857490605559
        }
      }
    }
  },
  "epochs_run": 3,
  "fit_observations": 806,
  "validation_observations": 272,
  "rule": "inertial_reaction_diffusion",
  "generations": 32,
  "hidden_channels": 8,
  "atom_feature_profile": "ring_geometry",
  "atom_feature_count": 32,
  "atom_feature_names": [
    "element_H",
    "element_C",
    "element_N",
    "element_O",
    "element_F",
    "element_P",
    "element_S",
    "element_Cl",
    "element_Br",
    "element_I",
    "element_other",
    "formal_charge",
    "aromatic",
    "hybrid_sp",
    "hybrid_sp2",
    "hybrid_sp3",
    "hybrid_other",
    "degree",
    "total_hydrogens",
    "in_ring",
    "hbond_donor",
    "hbond_acceptor",
    "chiral_cw",
    "chiral_ccw",
    "chiral_other",
    "ring_count",
    "ring_size_3",
    "ring_size_4",
    "ring_size_5",
    "ring_size_6",
    "ring_size_7",
    "ring_size_8_plus"
  ],
  "device": "cuda",
  "gpu": "NVIDIA GeForce RTX 5070 Ti",
  "training_seconds": 4.598504499997944,
  "peak_gpu_memory_bytes": 62606336,
  "runtime": {
    "operating_system": "Windows-10-10.0.26200-SP0",
    "machine": "AMD64",
    "python": "3.11.16",
    "python_executable": "C:\\Users\\Anthony\\anaconda3\\envs\\strange-matter-gpu\\python.exe",
    "pytorch": "2.11.0+cu128",
    "pytorch_cuda": "12.8",
    "device": "cuda",
    "gpu": "NVIDIA GeForce RTX 5070 Ti"
  },
  "validation_protocol": {
    "kind": "scaffold_cross_validation",
    "fold": 0,
    "folds": 5
  },
  "readout": "differentiable_closed_form_ridge",
  "prediction_mode": "direct",
  "residual_alpha": null,
  "trajectory_pooling": "legacy",
  "ridge_mode": "shared",
  "loss_mode": "hybrid_interval",
  "interval_loss_beta": 0.75,
  "interval_temperature": 0.02,
  "hyperparameters": {
    "ca_lr": 0.0003,
    "ridge": 0.01,
    "ca_l2": 1e-05,
    "gradient_clip": 1.0,
    "update_scale": 0.08,
    "init_scale": 1.0,
    "initial_noise": 0.0,
    "support_fraction": 0.85,
    "bond_temperature": 2.0,
    "dyn_a": 0.2,
    "dyn_b": 0.5,
    "dyn_c": 0.2,
    "dyn_d": 0.3,
    "lr_schedule": "cosine_0.1x"
  }
}
