{"device": "cuda", "gpu": "NVIDIA GeForce RTX 5070 Ti", "pytorch": "2.11.0+cu128", "pytorch_cuda": "12.8"}
{"epoch": 1, "train_rmse": 1.2218994334946938, "validation_rmse": 0.9974801540374756, "mean_raw_gradient_norm": 16.958981418609618, "fraction_gradients_clipped": 1.0}
{"epoch": 2, "train_rmse": 1.3819771101373253, "validation_rmse": 0.9972752928733826, "mean_raw_gradient_norm": 21.60988473892212, "fraction_gradients_clipped": 1.0}
{"epoch": 3, "train_rmse": 1.5450919020200595, "validation_rmse": 0.9969138503074646, "mean_raw_gradient_norm": 24.2019061088562, "fraction_gradients_clipped": 1.0}
{
  "seed": 1701,
  "best_validation_rmse": 0.9974801540374756,
  "restored_fit_rmse": 0.8472133874893188,
  "restored_validation_rmse": 0.997480034828186,
  "epochs_run": 3,
  "fit_observations": 791,
  "validation_observations": 273,
  "rule": "gated_residual",
  "generations": 125,
  "hidden_channels": 16,
  "device": "cuda",
  "gpu": "NVIDIA GeForce RTX 5070 Ti",
  "training_seconds": 11.117066500009969,
  "peak_gpu_memory_bytes": 380908032,
  "readout": "differentiable_closed_form_ridge",
  "hyperparameters": {
    "ca_lr": 0.0003,
    "ridge": 0.1,
    "ca_l2": 0.0001,
    "gradient_clip": 0.5,
    "update_scale": 0.4,
    "init_scale": 1.5,
    "initial_noise": 0.0,
    "support_fraction": 0.85,
    "bond_temperature": 1.0,
    "dyn_a": 0.5,
    "dyn_b": 0.2,
    "dyn_c": 0.8,
    "dyn_d": 0.15,
    "lr_schedule": "cosine_0.1x"
  }
}
