{"operating_system": "Windows-10-10.0.26200-SP0", "machine": "AMD64", "python": "3.11.16", "python_executable": "C:\\Users\\Anthony\\anaconda3\\envs\\strange-matter-gpu\\python.exe", "pytorch": "2.11.0+cu128", "pytorch_cuda": "12.8", "device": "cuda", "gpu": "NVIDIA GeForce RTX 5070 Ti"}
{"epoch": 1, "train_rmse": 1.4933583257906404, "validation_rmse": 0.9891302585601807, "mean_raw_gradient_norm": 58.429145676749094, "fraction_gradients_clipped": 1.0}
{"epoch": 2, "train_rmse": 1.1713322756542728, "validation_rmse": 0.9867085218429565, "mean_raw_gradient_norm": 26.90699018750872, "fraction_gradients_clipped": 1.0}
{"epoch": 3, "train_rmse": 1.269814689985991, "validation_rmse": 0.9833150506019592, "mean_raw_gradient_norm": 40.96364539010184, "fraction_gradients_clipped": 1.0}
{"epoch": 4, "train_rmse": 1.3718350599175557, "validation_rmse": 0.9832927584648132, "mean_raw_gradient_norm": 56.720116819654194, "fraction_gradients_clipped": 1.0}
{
  "seed": 1701,
  "best_validation_rmse": 0.9833150506019592,
  "restored_fit_rmse": 0.7854703068733215,
  "restored_validation_rmse": 0.9834682941436768,
  "epochs_run": 4,
  "fit_observations": 1053,
  "validation_observations": 337,
  "rule": "gray_scott",
  "generations": 125,
  "hidden_channels": 16,
  "atom_feature_profile": "periodic",
  "atom_feature_count": 30,
  "atom_feature_names": [
    "element_H",
    "element_C",
    "element_N",
    "element_O",
    "element_F",
    "element_P",
    "element_S",
    "element_Cl",
    "element_Br",
    "element_I",
    "element_other",
    "formal_charge",
    "aromatic",
    "hybrid_sp",
    "hybrid_sp2",
    "hybrid_sp3",
    "hybrid_other",
    "degree",
    "total_hydrogens",
    "in_ring",
    "hbond_donor",
    "hbond_acceptor",
    "chiral_cw",
    "chiral_ccw",
    "chiral_other",
    "atomic_number",
    "atomic_mass",
    "covalent_radius",
    "vdw_radius",
    "outer_electrons"
  ],
  "device": "cuda",
  "gpu": "NVIDIA GeForce RTX 5070 Ti",
  "training_seconds": 19.54237749997992,
  "peak_gpu_memory_bytes": 660867072,
  "runtime": {
    "operating_system": "Windows-10-10.0.26200-SP0",
    "machine": "AMD64",
    "python": "3.11.16",
    "python_executable": "C:\\Users\\Anthony\\anaconda3\\envs\\strange-matter-gpu\\python.exe",
    "pytorch": "2.11.0+cu128",
    "pytorch_cuda": "12.8",
    "device": "cuda",
    "gpu": "NVIDIA GeForce RTX 5070 Ti"
  },
  "readout": "differentiable_closed_form_ridge",
  "hyperparameters": {
    "ca_lr": 0.003,
    "ridge": 0.03,
    "ca_l2": 1e-05,
    "gradient_clip": 2.0,
    "update_scale": 0.25,
    "init_scale": 1.5,
    "initial_noise": 0.0,
    "support_fraction": 0.75,
    "bond_temperature": 2.0,
    "dyn_a": 0.5,
    "dyn_b": 0.8,
    "dyn_c": 0.2,
    "dyn_d": 0.05,
    "lr_schedule": "cosine_0.1x"
  }
}
