{"device": "cuda", "gpu": "NVIDIA GeForce RTX 5070 Ti", "pytorch": "2.11.0+cu128", "pytorch_cuda": "12.8"}
{"epoch": 1, "train_rmse": 1.0354241924529735, "validation_rmse": 1.039679765701294, "mean_raw_gradient_norm": 3.3809558868408205, "fraction_gradients_clipped": 1.0}
{"epoch": 2, "train_rmse": 1.0597331294116032, "validation_rmse": 1.037917971611023, "mean_raw_gradient_norm": 3.3364118337631226, "fraction_gradients_clipped": 1.0}
{"epoch": 3, "train_rmse": 1.0809583155083333, "validation_rmse": 1.0362060070037842, "mean_raw_gradient_norm": 3.949146342277527, "fraction_gradients_clipped": 1.0}
{
  "seed": 1701,
  "best_validation_rmse": 1.0362060070037842,
  "restored_fit_rmse": 0.9418687224388123,
  "restored_validation_rmse": 1.0361806154251099,
  "epochs_run": 3,
  "fit_observations": 791,
  "validation_observations": 273,
  "rule": "gated_residual",
  "generations": 125,
  "hidden_channels": 4,
  "device": "cuda",
  "gpu": "NVIDIA GeForce RTX 5070 Ti",
  "training_seconds": 6.927630300051533,
  "peak_gpu_memory_bytes": 187308032,
  "readout": "differentiable_closed_form_ridge",
  "hyperparameters": {
    "ca_lr": 0.0003,
    "ridge": 0.01,
    "ca_l2": 0.0001,
    "gradient_clip": 0.5
  }
}
