{"device": "cuda", "gpu": "NVIDIA GeForce RTX 5070 Ti", "pytorch": "2.11.0+cu128", "pytorch_cuda": "12.8"}
{"epoch": 1, "train_rmse": 1.3668778550804834, "validation_rmse": 1.0338990688323975, "mean_raw_gradient_norm": 41.8015323638916, "fraction_gradients_clipped": 1.0}
{"epoch": 2, "train_rmse": 1.209850435937059, "validation_rmse": 1.0331851243972778, "mean_raw_gradient_norm": 14.966606330871581, "fraction_gradients_clipped": 1.0}
{"epoch": 3, "train_rmse": 1.3484949150141519, "validation_rmse": 1.0330801010131836, "mean_raw_gradient_norm": 25.336135864257812, "fraction_gradients_clipped": 1.0}
{
  "seed": 1701,
  "best_validation_rmse": 1.0338990688323975,
  "restored_fit_rmse": 0.9260373711585999,
  "restored_validation_rmse": 1.0338979959487915,
  "epochs_run": 3,
  "fit_observations": 791,
  "validation_observations": 273,
  "rule": "damped_symplectic",
  "generations": 32,
  "hidden_channels": 4,
  "device": "cuda",
  "gpu": "NVIDIA GeForce RTX 5070 Ti",
  "training_seconds": 4.258537600049749,
  "peak_gpu_memory_bytes": 38488064,
  "readout": "differentiable_closed_form_ridge",
  "hyperparameters": {
    "ca_lr": 0.0003,
    "ridge": 0.01,
    "ca_l2": 1e-05,
    "gradient_clip": 2.0,
    "update_scale": 0.08,
    "init_scale": 1.5,
    "initial_noise": 0.0,
    "support_fraction": 0.6,
    "bond_temperature": 0.5,
    "dyn_a": 0.2,
    "dyn_b": 0.8,
    "dyn_c": 0.2,
    "dyn_d": 0.15,
    "lr_schedule": "cosine_0.1x"
  }
}
