{"operating_system": "macOS-26.2-arm64-arm-64bit", "machine": "arm64", "python": "3.10.19", "python_executable": "/opt/anaconda3/envs/kcc2/bin/python3.10", "pytorch": "2.8.0", "pytorch_cuda": null, "device": "cpu", "gpu": null}
{"epoch": 1, "train_rmse": 1.6306270809033279, "validation_rmse": 0.9955272674560547, "mean_raw_gradient_norm": 66.3602081298828, "fraction_gradients_clipped": 1.0}
{"epoch": 2, "train_rmse": 1.4132156820781658, "validation_rmse": 0.9963878989219666, "mean_raw_gradient_norm": 27.257237052917482, "fraction_gradients_clipped": 1.0}
{"epoch": 3, "train_rmse": 1.2991151807699535, "validation_rmse": 0.9928828477859497, "mean_raw_gradient_norm": 20.57711443901062, "fraction_gradients_clipped": 1.0}
{
  "seed": 1701,
  "best_validation_rmse": 0.9955272674560547,
  "restored_fit_rmse": 0.9514727592468262,
  "restored_validation_rmse": 0.9955272674560547,
  "epochs_run": 3,
  "fit_observations": 791,
  "validation_observations": 273,
  "rule": "conservative_graph_flux",
  "generations": 64,
  "hidden_channels": 8,
  "device": "cpu",
  "gpu": null,
  "training_seconds": 6.230771249975078,
  "peak_gpu_memory_bytes": 0,
  "runtime": {
    "operating_system": "macOS-26.2-arm64-arm-64bit",
    "machine": "arm64",
    "python": "3.10.19",
    "python_executable": "/opt/anaconda3/envs/kcc2/bin/python3.10",
    "pytorch": "2.8.0",
    "pytorch_cuda": null,
    "device": "cpu",
    "gpu": null
  },
  "readout": "differentiable_closed_form_ridge",
  "hyperparameters": {
    "ca_lr": 0.0003,
    "ridge": 0.01,
    "ca_l2": 0.0001,
    "gradient_clip": 2.0,
    "update_scale": 0.08,
    "init_scale": 1.5,
    "initial_noise": 0.005,
    "support_fraction": 0.75,
    "bond_temperature": 0.5,
    "dyn_a": 0.2,
    "dyn_b": 0.2,
    "dyn_c": 0.5,
    "dyn_d": 0.3,
    "lr_schedule": "cosine_0.1x"
  }
}
