{"operating_system": "Windows-10-10.0.26200-SP0", "machine": "AMD64", "python": "3.11.16", "python_executable": "C:\\Users\\Anthony\\anaconda3\\envs\\strange-matter-gpu\\python.exe", "pytorch": "2.11.0+cu128", "pytorch_cuda": "12.8", "device": "cuda", "gpu": "NVIDIA GeForce RTX 5070 Ti"}
{"epoch": 1, "train_rmse": 1.0998551192198018, "validation_rmse": 0.872765064239502, "validation_ma_st_rae": 0.9966213217667541, "validation_CYP1A2_st_rae": 0.9964824872319547, "validation_CYP2C9_st_rae": 0.8664285353271429, "validation_CYP2D6_st_rae": 1.2214689602440447, "validation_CYP3A4_st_rae": 0.902105304263874, "mean_raw_gradient_norm": 10.684852933883667, "fraction_gradients_clipped": 1.0}
{"epoch": 2, "train_rmse": 1.2590539689249258, "validation_rmse": 0.8771594166755676, "validation_ma_st_rae": 1.0039058707871893, "validation_CYP1A2_st_rae": 1.0082686351189527, "validation_CYP2C9_st_rae": 0.867182232900179, "validation_CYP2D6_st_rae": 1.2300268789079425, "validation_CYP3A4_st_rae": 0.9101457362216827, "mean_raw_gradient_norm": 9.194799518585205, "fraction_gradients_clipped": 1.0}
{"epoch": 3, "train_rmse": 1.2268768812971096, "validation_rmse": 0.8785318732261658, "validation_ma_st_rae": 1.0055413238705817, "validation_CYP1A2_st_rae": 1.0131943580102318, "validation_CYP2C9_st_rae": 0.865184836980249, "validation_CYP2D6_st_rae": 1.2315579087632074, "validation_CYP3A4_st_rae": 0.9122281917286387, "mean_raw_gradient_norm": 9.10163106918335, "fraction_gradients_clipped": 1.0}
{
  "seed": 1701,
  "selection_metric": "validation_ma_st_rae",
  "best_validation_ma_st_rae": 0.9966213217667541,
  "best_validation_rmse": 0.872765064239502,
  "restored_fit_rmse": 0.9017309546470642,
  "restored_validation_rmse": 0.8727756142616272,
  "restored_fit_ma_st_rae": 0.8556295324747449,
  "restored_validation_ma_st_rae": 1.0156618198305778,
  "restored_validation_point_ma_st_rae": 0.9966263391521648,
  "restored_validation_point_st_rae_by_cyp": {
    "CYP1A2": 0.9963230633978346,
    "CYP2C9": 0.8664631823386167,
    "CYP2D6": 1.221537874096951,
    "CYP3A4": 0.9021812367752569
  },
  "restored_fit_st_rae_by_cyp": {
    "CYP1A2": 0.8371011215209906,
    "CYP2C9": 0.7832162375156159,
    "CYP2D6": 1.0382739616759304,
    "CYP3A4": 0.7639268091864428
  },
  "restored_validation_st_rae_by_cyp": {
    "CYP1A2": 1.0037022860399647,
    "CYP2C9": 0.8990573269219879,
    "CYP2D6": 1.2430272666161208,
    "CYP3A4": 0.9168603997442378
  },
  "validation_bootstrap_metrics": {
    "n_bootstrap_samples": 1000,
    "seed": 0,
    "macro": {
      "st_rae": {
        "mean": 1.0156618198305778,
        "ci_low": 0.887817445610281,
        "ci_high": 1.1513429142429137
      },
      "mae": {
        "mean": 0.6599092787731937,
        "ci_low": 0.5962952052098938,
        "ci_high": 0.7261337622052436
      },
      "r2": {
        "mean": 0.010919832079574967,
        "ci_low": -0.12456047345463246,
        "ci_high": 0.12390307137683121
      },
      "spearman_rho": {
        "mean": 0.37021097503817735,
        "ci_low": 0.2652574998618921,
        "ci_high": 0.46710582481506474
      },
      "kendall_tau": {
        "mean": 0.2539278667485507,
        "ci_low": 0.17943010943395976,
        "ci_high": 0.32294839192053226
      }
    },
    "per_endpoint": {
      "CYP1A2": {
        "st_rae": {
          "mean": 1.0037022860399647,
          "ci_low": 0.7506627714370933,
          "ci_high": 1.3052867252380762
        },
        "mae": {
          "mean": 0.6672125747164741,
          "ci_low": 0.5170748810299107,
          "ci_high": 0.8479898437124784
        },
        "r2": {
          "mean": 0.11441747797505844,
          "ci_low": -0.14495180224962692,
          "ci_high": 0.2897016482981447
        },
        "spearman_rho": {
          "mean": 0.5135746168934366,
          "ci_low": 0.3131933359871293,
          "ci_high": 0.6790548792765125
        },
        "kendall_tau": {
          "mean": 0.34464658797192654,
          "ci_low": 0.20532924107142855,
          "ci_high": 0.4692724385944439
        }
      },
      "CYP2C9": {
        "st_rae": {
          "mean": 0.8990573269219879,
          "ci_low": 0.619634681005859,
          "ci_high": 1.209338114825392
        },
        "mae": {
          "mean": 0.5435820263504981,
          "ci_low": 0.43479987839857737,
          "ci_high": 0.6597401050726571
        },
        "r2": {
          "mean": 0.02243681571556839,
          "ci_low": -0.2941664139987065,
          "ci_high": 0.2905596910776434
        },
        "spearman_rho": {
          "mean": 0.42029033107161384,
          "ci_low": 0.18490159346562213,
          "ci_high": 0.6192602670367665
        },
        "kendall_tau": {
          "mean": 0.2977930891841412,
          "ci_low": 0.12521456590278665,
          "ci_high": 0.45194709258945476
        }
      },
      "CYP2D6": {
        "st_rae": {
          "mean": 1.2430272666161208,
          "ci_low": 1.0254043442463554,
          "ci_high": 1.5199551708775645
        },
        "mae": {
          "mean": 0.661077885066546,
          "ci_low": 0.5256607166620402,
          "ci_high": 0.8098148259749779
        },
        "r2": {
          "mean": -0.29675645397858674,
          "ci_low": -0.6528716920235486,
          "ci_high": -0.06736537510123834
        },
        "spearman_rho": {
          "mean": 0.08530288591363819,
          "ci_low": -0.14479919828324064,
          "ci_high": 0.3196590739495137
        },
        "kendall_tau": {
          "mean": 0.053336724335328496,
          "ci_low": -0.10122745334338003,
          "ci_high": 0.2148992744023064
        }
      },
      "CYP3A4": {
        "st_rae": {
          "mean": 0.9168603997442378,
          "ci_low": 0.7208322350272236,
          "ci_high": 1.1724272292925801
        },
        "mae": {
          "mean": 0.7677646289592565,
          "ci_low": 0.6685689828423567,
          "ci_high": 0.8727145327385082
        },
        "r2": {
          "mean": 0.20358148860625977,
          "ci_low": 0.018405151632378172,
          "ci_high": 0.3381170801333124
        },
        "spearman_rho": {
          "mean": 0.46167606627402086,
          "ci_low": 0.2715259735576199,
          "ci_high": 0.6237871761901403
        },
        "kendall_tau": {
          "mean": 0.31993506550280665,
          "ci_low": 0.1914360819037078,
          "ci_high": 0.4353614272934789
        }
      }
    }
  },
  "epochs_run": 3,
  "fit_observations": 806,
  "validation_observations": 272,
  "rule": "coupled_map",
  "generations": 32,
  "hidden_channels": 16,
  "atom_feature_profile": "electronic",
  "atom_feature_count": 33,
  "atom_feature_names": [
    "element_H",
    "element_C",
    "element_N",
    "element_O",
    "element_F",
    "element_P",
    "element_S",
    "element_Cl",
    "element_Br",
    "element_I",
    "element_other",
    "formal_charge",
    "aromatic",
    "hybrid_sp",
    "hybrid_sp2",
    "hybrid_sp3",
    "hybrid_other",
    "degree",
    "total_hydrogens",
    "in_ring",
    "hbond_donor",
    "hbond_acceptor",
    "chiral_cw",
    "chiral_ccw",
    "chiral_other",
    "electronegativity",
    "polarizability",
    "heteroatom",
    "halogen",
    "conjugated_bond_fraction",
    "first_ionization_energy",
    "electron_affinity",
    "electronic_property_missing"
  ],
  "device": "cuda",
  "gpu": "NVIDIA GeForce RTX 5070 Ti",
  "training_seconds": 3.349367600050755,
  "peak_gpu_memory_bytes": 213939200,
  "runtime": {
    "operating_system": "Windows-10-10.0.26200-SP0",
    "machine": "AMD64",
    "python": "3.11.16",
    "python_executable": "C:\\Users\\Anthony\\anaconda3\\envs\\strange-matter-gpu\\python.exe",
    "pytorch": "2.11.0+cu128",
    "pytorch_cuda": "12.8",
    "device": "cuda",
    "gpu": "NVIDIA GeForce RTX 5070 Ti"
  },
  "validation_protocol": {
    "kind": "scaffold_cross_validation",
    "fold": 0,
    "folds": 5
  },
  "readout": "differentiable_closed_form_ridge",
  "hyperparameters": {
    "ca_lr": 0.001,
    "ridge": 0.1,
    "ca_l2": 0.0001,
    "gradient_clip": 2.0,
    "update_scale": 0.25,
    "init_scale": 0.5,
    "initial_noise": 0.01,
    "support_fraction": 0.6,
    "bond_temperature": 0.5,
    "dyn_a": 0.8,
    "dyn_b": 0.2,
    "dyn_c": 0.8,
    "dyn_d": 0.05,
    "lr_schedule": "cosine_0.1x"
  }
}
