{"device": "cuda", "gpu": "NVIDIA GeForce RTX 5070 Ti", "pytorch": "2.11.0+cu128", "pytorch_cuda": "12.8"}
{"epoch": 1, "train_rmse": 0.9713256536342152, "validation_rmse": 0.9985405206680298, "mean_raw_gradient_norm": 19.31890184879303, "fraction_gradients_clipped": 1.0}
{"epoch": 2, "train_rmse": 1.2641954653242324, "validation_rmse": 1.002090573310852, "mean_raw_gradient_norm": 20.844535255432127, "fraction_gradients_clipped": 1.0}
{"epoch": 3, "train_rmse": 1.1787584511236007, "validation_rmse": 1.0052151679992676, "mean_raw_gradient_norm": 16.003856134414672, "fraction_gradients_clipped": 1.0}
{
  "seed": 1701,
  "best_validation_rmse": 0.9985405206680298,
  "restored_fit_rmse": 0.8974352478981018,
  "restored_validation_rmse": 0.9985373020172119,
  "epochs_run": 3,
  "fit_observations": 791,
  "validation_observations": 273,
  "rule": "damped_symplectic",
  "generations": 250,
  "hidden_channels": 8,
  "device": "cuda",
  "gpu": "NVIDIA GeForce RTX 5070 Ti",
  "training_seconds": 22.375590400071815,
  "peak_gpu_memory_bytes": 308298240,
  "readout": "differentiable_closed_form_ridge",
  "hyperparameters": {
    "ca_lr": 0.001,
    "ridge": 0.1,
    "ca_l2": 1e-05,
    "gradient_clip": 0.5,
    "update_scale": 0.15,
    "init_scale": 0.5,
    "initial_noise": 0.0,
    "support_fraction": 0.85,
    "bond_temperature": 1.0,
    "dyn_a": 0.2,
    "dyn_b": 0.8,
    "dyn_c": 0.8,
    "dyn_d": 0.15,
    "lr_schedule": "cosine_0.1x"
  }
}
