{"operating_system": "Windows-10-10.0.26200-SP0", "machine": "AMD64", "python": "3.11.16", "python_executable": "C:\\Users\\Anthony\\anaconda3\\envs\\strange-matter-gpu\\python.exe", "pytorch": "2.11.0+cu128", "pytorch_cuda": "12.8", "device": "cuda", "gpu": "NVIDIA GeForce RTX 5070 Ti"}
{"epoch": 1, "train_rmse": 1.130973292838731, "validation_rmse": 0.9537849426269531, "validation_ma_st_rae": 0.9792029626228193, "validation_CYP1A2_st_rae": 0.9882639060227391, "validation_CYP2C9_st_rae": 0.9013566694498718, "validation_CYP2D6_st_rae": 1.2230105069546007, "validation_CYP3A4_st_rae": 0.8041807680640659, "mean_raw_gradient_norm": 12.85525158047676, "fraction_gradients_clipped": 1.0}
{"epoch": 2, "train_rmse": 1.137811255991411, "validation_rmse": 0.947084903717041, "validation_ma_st_rae": 0.9641878338945155, "validation_CYP1A2_st_rae": 0.9707105958856308, "validation_CYP2C9_st_rae": 0.8941524573616735, "validation_CYP2D6_st_rae": 1.1901472369325479, "validation_CYP3A4_st_rae": 0.80174104539821, "mean_raw_gradient_norm": 11.850138083100319, "fraction_gradients_clipped": 1.0}
{"epoch": 3, "train_rmse": 1.0602195216120762, "validation_rmse": 0.9433051347732544, "validation_ma_st_rae": 0.9643127183907773, "validation_CYP1A2_st_rae": 0.9758255361217018, "validation_CYP2C9_st_rae": 0.9052046992045962, "validation_CYP2D6_st_rae": 1.1883552580874002, "validation_CYP3A4_st_rae": 0.787865380149411, "mean_raw_gradient_norm": 13.53649777173996, "fraction_gradients_clipped": 1.0}
{"epoch": 4, "train_rmse": 1.1125822083105192, "validation_rmse": 0.9428890347480774, "validation_ma_st_rae": 0.9724092226852284, "validation_CYP1A2_st_rae": 0.9742258357918971, "validation_CYP2C9_st_rae": 0.9264781290379505, "validation_CYP2D6_st_rae": 1.2000981415481495, "validation_CYP3A4_st_rae": 0.7888347843629168, "mean_raw_gradient_norm": 15.236757665872574, "fraction_gradients_clipped": 1.0}
{"epoch": 5, "train_rmse": 1.109319543461806, "validation_rmse": 0.9457059502601624, "validation_ma_st_rae": 0.972101510533589, "validation_CYP1A2_st_rae": 0.9621202519279323, "validation_CYP2C9_st_rae": 0.9258422023247354, "validation_CYP2D6_st_rae": 1.2062921910088822, "validation_CYP3A4_st_rae": 0.7941513968728059, "mean_raw_gradient_norm": 12.369161397218704, "fraction_gradients_clipped": 1.0}
{
  "seed": 1701,
  "selection_metric": "validation_ma_st_rae",
  "best_validation_ma_st_rae": 0.9641878338945155,
  "best_validation_rmse": 0.947084903717041,
  "restored_fit_rmse": 0.9295750856399536,
  "restored_validation_rmse": 0.9467255473136902,
  "restored_fit_ma_st_rae": 0.9618680746559107,
  "restored_validation_ma_st_rae": 0.9684778900388156,
  "restored_validation_point_ma_st_rae": 0.9633197193198659,
  "restored_validation_point_st_rae_by_cyp": {
    "CYP1A2": 0.9691222919496602,
    "CYP2C9": 0.8934245728989121,
    "CYP2D6": 1.1877691017394363,
    "CYP3A4": 0.8029629106914553
  },
  "restored_fit_st_rae_by_cyp": {
    "CYP1A2": 1.081937556676176,
    "CYP2C9": 0.8575851110559536,
    "CYP2D6": 1.1545380921873933,
    "CYP3A4": 0.7534115387041201
  },
  "restored_validation_st_rae_by_cyp": {
    "CYP1A2": 0.9732136137159837,
    "CYP2C9": 0.9003721074164829,
    "CYP2D6": 1.1929777323185105,
    "CYP3A4": 0.8073481067042849
  },
  "validation_bootstrap_metrics": {
    "n_bootstrap_samples": 1000,
    "seed": 0,
    "macro": {
      "st_rae": {
        "mean": 0.9684778900388156,
        "ci_low": 0.896151377680223,
        "ci_high": 1.043245525514827
      },
      "mae": {
        "mean": 0.6903399907168489,
        "ci_low": 0.6437736355834213,
        "ci_high": 0.7407240026570826
      },
      "r2": {
        "mean": 0.057390155282853794,
        "ci_low": -0.03250872363338332,
        "ci_high": 0.136010473836183
      },
      "spearman_rho": {
        "mean": 0.3653454351762819,
        "ci_low": 0.29721257692790537,
        "ci_high": 0.4293054967049135
      },
      "kendall_tau": {
        "mean": 0.25464493464176546,
        "ci_low": 0.20656157132846095,
        "ci_high": 0.30007830838566896
      }
    },
    "per_endpoint": {
      "CYP1A2": {
        "st_rae": {
          "mean": 0.9732136137159837,
          "ci_low": 0.8187522687556044,
          "ci_high": 1.1539620875008216
        },
        "mae": {
          "mean": 0.7836614158206349,
          "ci_low": 0.6771130293796334,
          "ci_high": 0.8862643577630006
        },
        "r2": {
          "mean": 0.09887318379992123,
          "ci_low": -0.07672543420432841,
          "ci_high": 0.23534343545395947
        },
        "spearman_rho": {
          "mean": 0.433844734674586,
          "ci_low": 0.28942037781723273,
          "ci_high": 0.5577212304680207
        },
        "kendall_tau": {
          "mean": 0.30115235177128535,
          "ci_low": 0.1966153252356696,
          "ci_high": 0.3933515148823184
        }
      },
      "CYP2C9": {
        "st_rae": {
          "mean": 0.9003721074164829,
          "ci_low": 0.7303583516644869,
          "ci_high": 1.0932212313033702
        },
        "mae": {
          "mean": 0.4924530162225004,
          "ci_low": 0.42274716594180123,
          "ci_high": 0.5617800290467309
        },
        "r2": {
          "mean": 0.21138800706461705,
          "ci_low": 0.02810187226967675,
          "ci_high": 0.35213744002102665
        },
        "spearman_rho": {
          "mean": 0.40792013201310845,
          "ci_low": 0.2391305011648257,
          "ci_high": 0.5510372220144865
        },
        "kendall_tau": {
          "mean": 0.28845654523910963,
          "ci_low": 0.16709477957771873,
          "ci_high": 0.39348073680812135
        }
      },
      "CYP2D6": {
        "st_rae": {
          "mean": 1.1929777323185105,
          "ci_low": 1.0563312724368492,
          "ci_high": 1.3554086388313258
        },
        "mae": {
          "mean": 0.7315673543747434,
          "ci_low": 0.6135266341638903,
          "ci_high": 0.8499690430806883
        },
        "r2": {
          "mean": -0.19341114332677564,
          "ci_low": -0.37412699041316205,
          "ci_high": -0.030431475351084203
        },
        "spearman_rho": {
          "mean": 0.1065890431459625,
          "ci_low": -0.05776045908529064,
          "ci_high": 0.2742328540854335
        },
        "kendall_tau": {
          "mean": 0.07055984498047133,
          "ci_low": -0.04392010444434733,
          "ci_high": 0.18886546389347433
        }
      },
      "CYP3A4": {
        "st_rae": {
          "mean": 0.8073481067042849,
          "ci_low": 0.6958100573522482,
          "ci_high": 0.9268795789608877
        },
        "mae": {
          "mean": 0.7536781764495172,
          "ci_low": 0.6700562817691746,
          "ci_high": 0.8350357865504289
        },
        "r2": {
          "mean": 0.11271057359365252,
          "ci_low": -0.06504408017343068,
          "ci_high": 0.26554464976761083
        },
        "spearman_rho": {
          "mean": 0.5130278308714703,
          "ci_low": 0.4136615992263946,
          "ci_high": 0.6117604572904837
        },
        "kendall_tau": {
          "mean": 0.35841099657619546,
          "ci_low": 0.2819947271197091,
          "ci_high": 0.4316443604123472
        }
      }
    }
  },
  "epochs_run": 5,
  "fit_observations": 2636,
  "validation_observations": 657,
  "rule": "conservative_graph_flux",
  "generations": 125,
  "hidden_channels": 8,
  "atom_feature_profile": "valence_electronic",
  "atom_feature_count": 38,
  "atom_feature_names": [
    "element_H",
    "element_C",
    "element_N",
    "element_O",
    "element_F",
    "element_P",
    "element_S",
    "element_Cl",
    "element_Br",
    "element_I",
    "element_other",
    "formal_charge",
    "aromatic",
    "hybrid_sp",
    "hybrid_sp2",
    "hybrid_sp3",
    "hybrid_other",
    "degree",
    "total_hydrogens",
    "in_ring",
    "hbond_donor",
    "hbond_acceptor",
    "chiral_cw",
    "chiral_ccw",
    "chiral_other",
    "total_valence",
    "implicit_valence",
    "heavy_atom_degree",
    "radical_electrons",
    "absolute_formal_charge",
    "electronegativity",
    "polarizability",
    "heteroatom",
    "halogen",
    "conjugated_bond_fraction",
    "first_ionization_energy",
    "electron_affinity",
    "electronic_property_missing"
  ],
  "device": "cuda",
  "gpu": "NVIDIA GeForce RTX 5070 Ti",
  "training_seconds": 38.42034920002334,
  "peak_gpu_memory_bytes": 219534848,
  "runtime": {
    "operating_system": "Windows-10-10.0.26200-SP0",
    "machine": "AMD64",
    "python": "3.11.16",
    "python_executable": "C:\\Users\\Anthony\\anaconda3\\envs\\strange-matter-gpu\\python.exe",
    "pytorch": "2.11.0+cu128",
    "pytorch_cuda": "12.8",
    "device": "cuda",
    "gpu": "NVIDIA GeForce RTX 5070 Ti"
  },
  "validation_protocol": {
    "kind": "scaffold_cross_validation",
    "fold": 2,
    "folds": 5
  },
  "readout": "differentiable_closed_form_ridge",
  "hyperparameters": {
    "ca_lr": 0.001,
    "ridge": 0.01,
    "ca_l2": 1e-05,
    "gradient_clip": 1.0,
    "update_scale": 0.25,
    "init_scale": 1.0,
    "initial_noise": 0.005,
    "support_fraction": 0.75,
    "bond_temperature": 0.5,
    "dyn_a": 0.8,
    "dyn_b": 0.5,
    "dyn_c": 0.2,
    "dyn_d": 0.3,
    "lr_schedule": "cosine_0.1x"
  }
}
