{"operating_system": "Windows-10-10.0.26200-SP0", "machine": "AMD64", "python": "3.11.16", "python_executable": "C:\\Users\\Anthony\\anaconda3\\envs\\strange-matter-gpu\\python.exe", "pytorch": "2.11.0+cu128", "pytorch_cuda": "12.8", "device": "cuda", "gpu": "NVIDIA GeForce RTX 5070 Ti"}
{"epoch": 1, "train_rmse": 1.142390040474327, "validation_rmse": 0.9030274748802185, "validation_ma_st_rae": 0.9334520735667058, "validation_CYP1A2_st_rae": 0.8594012563918746, "validation_CYP2C9_st_rae": 1.0177061722272382, "validation_CYP2D6_st_rae": 1.10854240469111, "validation_CYP3A4_st_rae": 0.7481584609566, "mean_raw_gradient_norm": 20.295789804458618, "fraction_gradients_clipped": 1.0}
{"epoch": 2, "train_rmse": 1.184855588192192, "validation_rmse": 0.8948177099227905, "validation_ma_st_rae": 0.92070909823419, "validation_CYP1A2_st_rae": 0.9073688474898824, "validation_CYP2C9_st_rae": 0.9743265425474709, "validation_CYP2D6_st_rae": 1.0991801290559475, "validation_CYP3A4_st_rae": 0.7019608738434591, "mean_raw_gradient_norm": 45.72420765399933, "fraction_gradients_clipped": 1.0}
{"epoch": 3, "train_rmse": 1.2573987713219739, "validation_rmse": 0.8937577605247498, "validation_ma_st_rae": 0.9201853683539374, "validation_CYP1A2_st_rae": 0.8845226300882557, "validation_CYP2C9_st_rae": 0.9905323828626885, "validation_CYP2D6_st_rae": 1.0899082681117123, "validation_CYP3A4_st_rae": 0.7157781923530927, "mean_raw_gradient_norm": 40.80999917984009, "fraction_gradients_clipped": 1.0}
{"epoch": 4, "train_rmse": 1.2891594028762123, "validation_rmse": 0.902292013168335, "validation_ma_st_rae": 0.9229818958898124, "validation_CYP1A2_st_rae": 0.8898528385911584, "validation_CYP2C9_st_rae": 0.9505188760189737, "validation_CYP2D6_st_rae": 1.1251086074727488, "validation_CYP3A4_st_rae": 0.7264472614763688, "mean_raw_gradient_norm": 34.26049494504929, "fraction_gradients_clipped": 1.0}
{"epoch": 5, "train_rmse": 1.0642198654594102, "validation_rmse": 0.8976511359214783, "validation_ma_st_rae": 0.9256311794786042, "validation_CYP1A2_st_rae": 0.871820315543403, "validation_CYP2C9_st_rae": 0.9937103613464021, "validation_CYP2D6_st_rae": 1.1193642616429715, "validation_CYP3A4_st_rae": 0.7176297793816403, "mean_raw_gradient_norm": 11.738029022216796, "fraction_gradients_clipped": 1.0}
{
  "seed": 2909,
  "selection_metric": "validation_ma_st_rae",
  "best_validation_ma_st_rae": 0.92070909823419,
  "best_validation_rmse": 0.8948177099227905,
  "restored_fit_rmse": 0.8362981677055359,
  "restored_validation_rmse": 0.8948108553886414,
  "restored_fit_ma_st_rae": 0.8426011651102499,
  "restored_validation_ma_st_rae": 0.9250312117975963,
  "restored_validation_point_ma_st_rae": 0.9206967780276836,
  "restored_validation_point_st_rae_by_cyp": {
    "CYP1A2": 0.9073675879732604,
    "CYP2C9": 0.9743020078297053,
    "CYP2D6": 1.0991586462708203,
    "CYP3A4": 0.7019588700369488
  },
  "restored_fit_st_rae_by_cyp": {
    "CYP1A2": 0.8624014288901118,
    "CYP2C9": 0.7818241890395502,
    "CYP2D6": 1.008327845267816,
    "CYP3A4": 0.7178511972435215
  },
  "restored_validation_st_rae_by_cyp": {
    "CYP1A2": 0.9148172092501905,
    "CYP2C9": 0.9786411128202356,
    "CYP2D6": 1.1026952884975127,
    "CYP3A4": 0.703971236622446
  },
  "validation_bootstrap_metrics": {
    "n_bootstrap_samples": 1000,
    "seed": 0,
    "macro": {
      "st_rae": {
        "mean": 0.9250312117975963,
        "ci_low": 0.864360369943726,
        "ci_high": 0.9947904247897559
      },
      "mae": {
        "mean": 0.666899172639524,
        "ci_low": 0.6324345932949235,
        "ci_high": 0.70029116502969
      },
      "r2": {
        "mean": 0.12315744587850974,
        "ci_low": 0.039339197866208916,
        "ci_high": 0.18872856806149646
      },
      "spearman_rho": {
        "mean": 0.3974468255043404,
        "ci_low": 0.3454146691594739,
        "ci_high": 0.4519116883375801
      },
      "kendall_tau": {
        "mean": 0.2778398063629346,
        "ci_low": 0.24090257354862596,
        "ci_high": 0.3171167382972905
      }
    },
    "per_endpoint": {
      "CYP1A2": {
        "st_rae": {
          "mean": 0.9148172092501905,
          "ci_low": 0.7959007023081026,
          "ci_high": 1.058953366356152
        },
        "mae": {
          "mean": 0.7369980118232304,
          "ci_low": 0.6647160930633544,
          "ci_high": 0.8112526166703966
        },
        "r2": {
          "mean": 0.1792832300110949,
          "ci_low": 0.07191492749526283,
          "ci_high": 0.2722195188693188
        },
        "spearman_rho": {
          "mean": 0.41779586395324914,
          "ci_low": 0.3096727082758178,
          "ci_high": 0.5168890734457187
        },
        "kendall_tau": {
          "mean": 0.28416843035051337,
          "ci_low": 0.20565622940079176,
          "ci_high": 0.35566383369242943
        }
      },
      "CYP2C9": {
        "st_rae": {
          "mean": 0.9786411128202356,
          "ci_low": 0.8176580260100805,
          "ci_high": 1.1751856572665895
        },
        "mae": {
          "mean": 0.517171187227996,
          "ci_low": 0.46344298515370286,
          "ci_high": 0.5761831065649708
        },
        "r2": {
          "mean": 0.06707962553593817,
          "ci_low": -0.20016491062002625,
          "ci_high": 0.26108659028916037
        },
        "spearman_rho": {
          "mean": 0.38913502873273637,
          "ci_low": 0.2620703604593739,
          "ci_high": 0.5108813739563778
        },
        "kendall_tau": {
          "mean": 0.2742469555969309,
          "ci_low": 0.18132749286479524,
          "ci_high": 0.36518281639121575
        }
      },
      "CYP2D6": {
        "st_rae": {
          "mean": 1.1026952884975127,
          "ci_low": 0.9928181423669865,
          "ci_high": 1.2233416685302614
        },
        "mae": {
          "mean": 0.6913500879901952,
          "ci_low": 0.6060278082045457,
          "ci_high": 0.7757724838994317
        },
        "r2": {
          "mean": -0.08081308319651086,
          "ci_low": -0.214413586734567,
          "ci_high": 0.029786428288226006
        },
        "spearman_rho": {
          "mean": 0.1637600308836765,
          "ci_low": 0.046024552567479574,
          "ci_high": 0.29047476154794766
        },
        "kendall_tau": {
          "mean": 0.1121200716945414,
          "ci_low": 0.0333009407228821,
          "ci_high": 0.19666786805977138
        }
      },
      "CYP3A4": {
        "st_rae": {
          "mean": 0.703971236622446,
          "ci_low": 0.6347956979284871,
          "ci_high": 0.7783320523811696
        },
        "mae": {
          "mean": 0.7220774035166748,
          "ci_low": 0.6615336460871332,
          "ci_high": 0.7817575446860311
        },
        "r2": {
          "mean": 0.32708001116351676,
          "ci_low": 0.2289274785192749,
          "ci_high": 0.40125654217404416
        },
        "spearman_rho": {
          "mean": 0.6190963784476996,
          "ci_low": 0.5479889097154991,
          "ci_high": 0.6810271135844183
        },
        "kendall_tau": {
          "mean": 0.4408237678097529,
          "ci_low": 0.38642472651777343,
          "ci_high": 0.49248318242239986
        }
      }
    }
  },
  "epochs_run": 5,
  "fit_observations": 4213,
  "validation_observations": 1003,
  "rule": "delayed_memory",
  "generations": 500,
  "hidden_channels": 16,
  "atom_feature_profile": "periodic_valence",
  "atom_feature_count": 38,
  "atom_feature_names": [
    "element_H",
    "element_C",
    "element_N",
    "element_O",
    "element_F",
    "element_P",
    "element_S",
    "element_Cl",
    "element_Br",
    "element_I",
    "element_other",
    "formal_charge",
    "aromatic",
    "hybrid_sp",
    "hybrid_sp2",
    "hybrid_sp3",
    "hybrid_other",
    "degree",
    "total_hydrogens",
    "in_ring",
    "hbond_donor",
    "hbond_acceptor",
    "chiral_cw",
    "chiral_ccw",
    "chiral_other",
    "atomic_number",
    "atomic_mass",
    "covalent_radius",
    "vdw_radius",
    "outer_electrons",
    "period",
    "periodic_group",
    "atomic_volume",
    "total_valence",
    "implicit_valence",
    "heavy_atom_degree",
    "radical_electrons",
    "absolute_formal_charge"
  ],
  "device": "cuda",
  "gpu": "NVIDIA GeForce RTX 5070 Ti",
  "training_seconds": 334.5196019000141,
  "peak_gpu_memory_bytes": 1252098560,
  "runtime": {
    "operating_system": "Windows-10-10.0.26200-SP0",
    "machine": "AMD64",
    "python": "3.11.16",
    "python_executable": "C:\\Users\\Anthony\\anaconda3\\envs\\strange-matter-gpu\\python.exe",
    "pytorch": "2.11.0+cu128",
    "pytorch_cuda": "12.8",
    "device": "cuda",
    "gpu": "NVIDIA GeForce RTX 5070 Ti"
  },
  "validation_protocol": {
    "kind": "scaffold_cross_validation",
    "fold": 3,
    "folds": 5
  },
  "readout": "differentiable_closed_form_ridge",
  "hyperparameters": {
    "ca_lr": 0.003,
    "ridge": 1.0,
    "ca_l2": 1e-05,
    "gradient_clip": 0.5,
    "update_scale": 0.15,
    "init_scale": 1.0,
    "initial_noise": 0.0,
    "support_fraction": 0.75,
    "bond_temperature": 2.0,
    "dyn_a": 0.2,
    "dyn_b": 0.5,
    "dyn_c": 0.5,
    "dyn_d": 0.3,
    "lr_schedule": "cosine_0.1x"
  }
}
