{"operating_system": "Windows-10-10.0.26200-SP0", "machine": "AMD64", "python": "3.11.16", "python_executable": "C:\\Users\\Anthony\\anaconda3\\envs\\strange-matter-gpu\\python.exe", "pytorch": "2.11.0+cu128", "pytorch_cuda": "12.8", "device": "cuda", "gpu": "NVIDIA GeForce RTX 5070 Ti"}
{"epoch": 1, "train_rmse": 0.998984683784592, "validation_rmse": 0.8824672102928162, "validation_ma_st_rae": 0.9894674323637059, "validation_CYP1A2_st_rae": 1.0270644026448714, "validation_CYP2C9_st_rae": 0.9741379002181336, "validation_CYP2D6_st_rae": 1.0871196973858517, "validation_CYP3A4_st_rae": 0.8695477292059671, "mean_raw_gradient_norm": 3.1704655647277833, "fraction_gradients_clipped": 1.0}
{"epoch": 2, "train_rmse": 1.0295411623573123, "validation_rmse": 0.8820120692253113, "validation_ma_st_rae": 0.9977895865972025, "validation_CYP1A2_st_rae": 1.006660732420958, "validation_CYP2C9_st_rae": 1.032139579188587, "validation_CYP2D6_st_rae": 1.07923108076641, "validation_CYP3A4_st_rae": 0.873126954012855, "mean_raw_gradient_norm": 3.3180246353149414, "fraction_gradients_clipped": 1.0}
{"epoch": 3, "train_rmse": 1.0675876024635838, "validation_rmse": 0.87820965051651, "validation_ma_st_rae": 0.9967085745123895, "validation_CYP1A2_st_rae": 0.9936698491611267, "validation_CYP2C9_st_rae": 1.059109932627929, "validation_CYP2D6_st_rae": 1.066575145583508, "validation_CYP3A4_st_rae": 0.8674793706769938, "mean_raw_gradient_norm": 2.6307183265686036, "fraction_gradients_clipped": 1.0}
{
  "seed": 1701,
  "selection_metric": "validation_ma_st_rae",
  "best_validation_ma_st_rae": 0.9894674323637059,
  "best_validation_rmse": 0.8824672102928162,
  "restored_fit_rmse": 0.9610680341720581,
  "restored_validation_rmse": 0.8824654817581177,
  "restored_fit_ma_st_rae": 0.9184038586869739,
  "restored_validation_ma_st_rae": 1.0042626367539114,
  "restored_validation_point_ma_st_rae": 0.9894667348479222,
  "restored_validation_point_st_rae_by_cyp": {
    "CYP1A2": 1.027061874114592,
    "CYP2C9": 0.9741439083704123,
    "CYP2D6": 1.0871208033992725,
    "CYP3A4": 0.8695403535074122
  },
  "restored_fit_st_rae_by_cyp": {
    "CYP1A2": 0.9246308821718064,
    "CYP2C9": 0.8936226723355574,
    "CYP2D6": 0.9828540739559621,
    "CYP3A4": 0.8725078062845705
  },
  "restored_validation_st_rae_by_cyp": {
    "CYP1A2": 1.0274313205587,
    "CYP2C9": 1.0025550097279525,
    "CYP2D6": 1.1013599259286804,
    "CYP3A4": 0.8857042908003125
  },
  "validation_bootstrap_metrics": {
    "n_bootstrap_samples": 1000,
    "seed": 0,
    "macro": {
      "st_rae": {
        "mean": 1.0042626367539114,
        "ci_low": 0.911268333972016,
        "ci_high": 1.1097294343868342
      },
      "mae": {
        "mean": 0.66424757476329,
        "ci_low": 0.5998649436574166,
        "ci_high": 0.7314943734761382
      },
      "r2": {
        "mean": 0.0051984317143378865,
        "ci_low": -0.08151739534001531,
        "ci_high": 0.08388247851507027
      },
      "spearman_rho": {
        "mean": 0.2512291512373222,
        "ci_low": 0.13025042904263032,
        "ci_high": 0.35887381123217055
      },
      "kendall_tau": {
        "mean": 0.17368225042126328,
        "ci_low": 0.09263989404885098,
        "ci_high": 0.25150019504633664
      }
    },
    "per_endpoint": {
      "CYP1A2": {
        "st_rae": {
          "mean": 1.0274313205587,
          "ci_low": 0.8141748701187994,
          "ci_high": 1.29155775360298
        },
        "mae": {
          "mean": 0.7001723022070087,
          "ci_low": 0.5429549133191344,
          "ci_high": 0.877752001363723
        },
        "r2": {
          "mean": 0.06730696433787162,
          "ci_low": -0.13195193103285124,
          "ci_high": 0.20364712104829477
        },
        "spearman_rho": {
          "mean": 0.3793267150041215,
          "ci_low": 0.12998079741216595,
          "ci_high": 0.5779611266086928
        },
        "kendall_tau": {
          "mean": 0.25821516074289663,
          "ci_low": 0.0855107535985926,
          "ci_high": 0.40255953525357563
        }
      },
      "CYP2C9": {
        "st_rae": {
          "mean": 1.0025550097279525,
          "ci_low": 0.7829360262002001,
          "ci_high": 1.2807227573127822
        },
        "mae": {
          "mean": 0.567795134015878,
          "ci_low": 0.45019366075595224,
          "ci_high": 0.6926681561271348
        },
        "r2": {
          "mean": -0.0560919421919088,
          "ci_low": -0.2985191327042088,
          "ci_high": 0.15703978991496764
        },
        "spearman_rho": {
          "mean": 0.285897018342698,
          "ci_low": 0.05488317663322416,
          "ci_high": 0.5132058217168556
        },
        "kendall_tau": {
          "mean": 0.20813347668972465,
          "ci_low": 0.03863868491696388,
          "ci_high": 0.3735739653188365
        }
      },
      "CYP2D6": {
        "st_rae": {
          "mean": 1.1013599259286804,
          "ci_low": 0.9434772841744871,
          "ci_high": 1.27608745531731
        },
        "mae": {
          "mean": 0.60838274974823,
          "ci_low": 0.4751999909144181,
          "ci_high": 0.7516478022245261
        },
        "r2": {
          "mean": -0.1465521735144317,
          "ci_low": -0.32223078689198925,
          "ci_high": -0.0015353605615263059
        },
        "spearman_rho": {
          "mean": -0.024826942286417568,
          "ci_low": -0.2660632530568504,
          "ci_high": 0.21223041684215274
        },
        "kendall_tau": {
          "mean": -0.015039073679108401,
          "ci_low": -0.17743664717348925,
          "ci_high": 0.1477336510058793
        }
      },
      "CYP3A4": {
        "st_rae": {
          "mean": 0.8857042908003125,
          "ci_low": 0.752970833516437,
          "ci_high": 1.0529073996270661
        },
        "mae": {
          "mean": 0.780640113082043,
          "ci_low": 0.6642994404532188,
          "ci_high": 0.8963946797820025
        },
        "r2": {
          "mean": 0.15613087822582042,
          "ci_low": 0.039084417255243135,
          "ci_high": 0.26312607523858084
        },
        "spearman_rho": {
          "mean": 0.3645198138888868,
          "ci_low": 0.16647112228880517,
          "ci_high": 0.5340717466362133
        },
        "kendall_tau": {
          "mean": 0.2434194379315403,
          "ci_low": 0.10335717247097845,
          "ci_high": 0.37992996994301476
        }
      }
    }
  },
  "epochs_run": 3,
  "fit_observations": 806,
  "validation_observations": 272,
  "rule": "gated_residual",
  "generations": 32,
  "hidden_channels": 4,
  "atom_feature_profile": "electronic_local",
  "atom_feature_count": 37,
  "atom_feature_names": [
    "element_H",
    "element_C",
    "element_N",
    "element_O",
    "element_F",
    "element_P",
    "element_S",
    "element_Cl",
    "element_Br",
    "element_I",
    "element_other",
    "formal_charge",
    "aromatic",
    "hybrid_sp",
    "hybrid_sp2",
    "hybrid_sp3",
    "hybrid_other",
    "degree",
    "total_hydrogens",
    "in_ring",
    "hbond_donor",
    "hbond_acceptor",
    "chiral_cw",
    "chiral_ccw",
    "chiral_other",
    "electronegativity",
    "polarizability",
    "heteroatom",
    "halogen",
    "conjugated_bond_fraction",
    "first_ionization_energy",
    "electron_affinity",
    "electronic_property_missing",
    "mean_neighbour_electronegativity",
    "electronegativity_difference",
    "mean_neighbour_atomic_number",
    "neighbour_formal_charge"
  ],
  "device": "cuda",
  "gpu": "NVIDIA GeForce RTX 5070 Ti",
  "training_seconds": 3.4072931999107823,
  "peak_gpu_memory_bytes": 88296448,
  "runtime": {
    "operating_system": "Windows-10-10.0.26200-SP0",
    "machine": "AMD64",
    "python": "3.11.16",
    "python_executable": "C:\\Users\\Anthony\\anaconda3\\envs\\strange-matter-gpu\\python.exe",
    "pytorch": "2.11.0+cu128",
    "pytorch_cuda": "12.8",
    "device": "cuda",
    "gpu": "NVIDIA GeForce RTX 5070 Ti"
  },
  "validation_protocol": {
    "kind": "scaffold_cross_validation",
    "fold": 0,
    "folds": 5
  },
  "readout": "differentiable_closed_form_ridge",
  "hyperparameters": {
    "ca_lr": 0.003,
    "ridge": 1.0,
    "ca_l2": 1e-06,
    "gradient_clip": 1.0,
    "update_scale": 0.4,
    "init_scale": 1.5,
    "initial_noise": 0.005,
    "support_fraction": 0.75,
    "bond_temperature": 2.0,
    "dyn_a": 0.2,
    "dyn_b": 0.2,
    "dyn_c": 0.5,
    "dyn_d": 0.3,
    "lr_schedule": "cosine_0.1x"
  }
}
