{"device": "cuda", "gpu": "NVIDIA GeForce RTX 5070 Ti", "pytorch": "2.11.0+cu128", "pytorch_cuda": "12.8"}
{"epoch": 1, "train_rmse": 1.3036344660986963, "validation_rmse": 0.8963639736175537, "mean_raw_gradient_norm": 26.610457681840465, "fraction_gradients_clipped": 1.0}
{"epoch": 2, "train_rmse": 1.2222373660392587, "validation_rmse": 0.9026819467544556, "mean_raw_gradient_norm": 14.54416113515054, "fraction_gradients_clipped": 1.0}
{"epoch": 3, "train_rmse": 1.154029963311475, "validation_rmse": 0.9094451069831848, "mean_raw_gradient_norm": 9.080184467377201, "fraction_gradients_clipped": 1.0}
{"epoch": 4, "train_rmse": 1.1160199602550593, "validation_rmse": 0.8942050337791443, "mean_raw_gradient_norm": 6.298051868715594, "fraction_gradients_clipped": 1.0}
{"epoch": 5, "train_rmse": 1.1118124392984818, "validation_rmse": 0.8894243836402893, "mean_raw_gradient_norm": 6.471451497847034, "fraction_gradients_clipped": 1.0}
{"epoch": 6, "train_rmse": 1.0732591392915924, "validation_rmse": 0.8889021277427673, "mean_raw_gradient_norm": 4.458216001910548, "fraction_gradients_clipped": 1.0}
{"epoch": 7, "train_rmse": 1.0306748448356449, "validation_rmse": 0.8864981532096863, "mean_raw_gradient_norm": 4.0911517720068655, "fraction_gradients_clipped": 1.0}
{"epoch": 8, "train_rmse": 1.002494871753618, "validation_rmse": 0.8854259848594666, "mean_raw_gradient_norm": 3.528551436239673, "fraction_gradients_clipped": 1.0}
{"epoch": 9, "train_rmse": 0.9726440754571268, "validation_rmse": 0.8840537667274475, "mean_raw_gradient_norm": 4.469941677585725, "fraction_gradients_clipped": 1.0}
{"epoch": 10, "train_rmse": 1.0509108869648722, "validation_rmse": 0.8840940594673157, "mean_raw_gradient_norm": 4.653290825505411, "fraction_gradients_clipped": 1.0}
{
  "seed": 4211,
  "best_validation_rmse": 0.8854259848594666,
  "restored_fit_rmse": 0.8141533732414246,
  "restored_validation_rmse": 0.8854103088378906,
  "epochs_run": 10,
  "fit_observations": 5216,
  "validation_observations": 1309,
  "rule": "coupled_map",
  "generations": 125,
  "hidden_channels": 16,
  "device": "cuda",
  "gpu": "NVIDIA GeForce RTX 5070 Ti",
  "training_seconds": 179.6148543000454,
  "peak_gpu_memory_bytes": 810568704,
  "readout": "differentiable_closed_form_ridge",
  "hyperparameters": {
    "ca_lr": 0.003,
    "ridge": 0.1,
    "ca_l2": 1e-05,
    "gradient_clip": 0.5,
    "update_scale": 0.25,
    "init_scale": 1.5,
    "initial_noise": 0.005,
    "support_fraction": 0.6,
    "bond_temperature": 1.0,
    "dyn_a": 0.5,
    "dyn_b": 0.2,
    "dyn_c": 0.8,
    "dyn_d": 0.15,
    "lr_schedule": "cosine_0.1x"
  }
}
