{"operating_system": "Windows-10-10.0.26200-SP0", "machine": "AMD64", "python": "3.11.16", "python_executable": "C:\\Users\\Anthony\\anaconda3\\envs\\strange-matter-gpu\\python.exe", "pytorch": "2.11.0+cu128", "pytorch_cuda": "12.8", "device": "cuda", "gpu": "NVIDIA GeForce RTX 5070 Ti"}
{"epoch": 1, "train_rmse": 0.977623473070013, "validation_rmse": 0.8708347678184509, "validation_ma_st_rae": 0.9931953244361642, "validation_CYP1A2_st_rae": 1.0658149931246792, "validation_CYP2C9_st_rae": 1.0799693238138761, "validation_CYP2D6_st_rae": 0.9591018413843423, "validation_CYP3A4_st_rae": 0.8678951394217594, "mean_raw_gradient_norm": 2.989679718017578, "fraction_gradients_clipped": 1.0}
{"epoch": 2, "train_rmse": 1.042211441377083, "validation_rmse": 0.870611310005188, "validation_ma_st_rae": 0.9924920599982099, "validation_CYP1A2_st_rae": 1.0609190541273508, "validation_CYP2C9_st_rae": 1.0792102080785866, "validation_CYP2D6_st_rae": 0.960148535618855, "validation_CYP3A4_st_rae": 0.8696904421680475, "mean_raw_gradient_norm": 4.224838542938232, "fraction_gradients_clipped": 1.0}
{"epoch": 3, "train_rmse": 1.0385295876810652, "validation_rmse": 0.8704462647438049, "validation_ma_st_rae": 0.9921519029472787, "validation_CYP1A2_st_rae": 1.0592312308267682, "validation_CYP2C9_st_rae": 1.0791830855625855, "validation_CYP2D6_st_rae": 0.9600519069129744, "validation_CYP3A4_st_rae": 0.8701413884867865, "mean_raw_gradient_norm": 4.308360385894775, "fraction_gradients_clipped": 1.0}
{
  "seed": 1701,
  "selection_metric": "validation_ma_st_rae",
  "best_validation_ma_st_rae": 0.9931953244361642,
  "best_validation_rmse": 0.8708347678184509,
  "restored_fit_rmse": 0.9496896266937256,
  "restored_validation_rmse": 0.8708378076553345,
  "restored_fit_ma_st_rae": 0.9067474866634982,
  "restored_validation_ma_st_rae": 1.0107118433374307,
  "restored_validation_point_ma_st_rae": 0.9932012866396719,
  "restored_validation_point_st_rae_by_cyp": {
    "CYP1A2": 1.0658190748949876,
    "CYP2C9": 1.0799870335579738,
    "CYP2D6": 0.9590950578353602,
    "CYP3A4": 0.8679039802703659
  },
  "restored_fit_st_rae_by_cyp": {
    "CYP1A2": 0.9332389433853264,
    "CYP2C9": 0.9016612112908059,
    "CYP2D6": 0.9702963684466904,
    "CYP3A4": 0.82179342353117
  },
  "restored_validation_st_rae_by_cyp": {
    "CYP1A2": 1.0663717477829524,
    "CYP2C9": 1.124536533248794,
    "CYP2D6": 0.9699745805137756,
    "CYP3A4": 0.881964511804201
  },
  "validation_bootstrap_metrics": {
    "n_bootstrap_samples": 1000,
    "seed": 0,
    "macro": {
      "st_rae": {
        "mean": 1.0107118433374307,
        "ci_low": 0.8924598958153797,
        "ci_high": 1.1506141178297526
      },
      "mae": {
        "mean": 0.6659000615201337,
        "ci_low": 0.6030661866462472,
        "ci_high": 0.7311610877929026
      },
      "r2": {
        "mean": 0.03121112681668886,
        "ci_low": -0.10396847083620385,
        "ci_high": 0.1484844869349745
      },
      "spearman_rho": {
        "mean": 0.3610370808259215,
        "ci_low": 0.2557076649250158,
        "ci_high": 0.46271250002566205
      },
      "kendall_tau": {
        "mean": 0.2546809591756087,
        "ci_low": 0.1786006262339897,
        "ci_high": 0.3281011087191199
      }
    },
    "per_endpoint": {
      "CYP1A2": {
        "st_rae": {
          "mean": 1.0663717477829524,
          "ci_low": 0.864425610312466,
          "ci_high": 1.3277356524558157
        },
        "mae": {
          "mean": 0.732414167841927,
          "ci_low": 0.5841118075808541,
          "ci_high": 0.9163900533660514
        },
        "r2": {
          "mean": 0.02614289958030169,
          "ci_low": -0.17544633774617416,
          "ci_high": 0.1694725067719175
        },
        "spearman_rho": {
          "mean": 0.40065284189664485,
          "ci_low": 0.18394795361889132,
          "ci_high": 0.5844197782856639
        },
        "kendall_tau": {
          "mean": 0.26686255401498876,
          "ci_low": 0.10958692289673584,
          "ci_high": 0.4064796076922507
        }
      },
      "CYP2C9": {
        "st_rae": {
          "mean": 1.124536533248794,
          "ci_low": 0.7415086219592094,
          "ci_high": 1.5919917528428187
        },
        "mae": {
          "mean": 0.5894958854635556,
          "ci_low": 0.4719081026315689,
          "ci_high": 0.7165342756112417
        },
        "r2": {
          "mean": -0.10584888650313294,
          "ci_low": -0.6227268898720478,
          "ci_high": 0.2888815021450403
        },
        "spearman_rho": {
          "mean": 0.388269933684707,
          "ci_low": 0.1468937310466717,
          "ci_high": 0.6053259927077727
        },
        "kendall_tau": {
          "mean": 0.267547448766492,
          "ci_low": 0.0880434587733295,
          "ci_high": 0.4318445446982407
        }
      },
      "CYP2D6": {
        "st_rae": {
          "mean": 0.9699745805137756,
          "ci_low": 0.8551576647106551,
          "ci_high": 1.1078164698595492
        },
        "mae": {
          "mean": 0.5597484604321994,
          "ci_low": 0.44253585173533516,
          "ci_high": 0.6894755251591023
        },
        "r2": {
          "mean": 0.02112713892109419,
          "ci_low": -0.1124397533977885,
          "ci_high": 0.13630616161372971
        },
        "spearman_rho": {
          "mean": 0.2118441432390941,
          "ci_low": -0.026670986436164903,
          "ci_high": 0.44721147027499325
        },
        "kendall_tau": {
          "mean": 0.17165151625947261,
          "ci_low": -0.0020430146246843118,
          "ci_high": 0.3451069008855438
        }
      },
      "CYP3A4": {
        "st_rae": {
          "mean": 0.881964511804201,
          "ci_low": 0.7204770597674068,
          "ci_high": 1.094238819659451
        },
        "mae": {
          "mean": 0.781941732342853,
          "ci_low": 0.6764191456312357,
          "ci_high": 0.8944649633280066
        },
        "r2": {
          "mean": 0.18342335526849252,
          "ci_low": 0.04551985816924819,
          "ci_high": 0.2997832859829988
        },
        "spearman_rho": {
          "mean": 0.44338140448324,
          "ci_low": 0.2571824999529824,
          "ci_high": 0.6057078967880284
        },
        "kendall_tau": {
          "mean": 0.3126623176614814,
          "ci_low": 0.17527902103339535,
          "ci_high": 0.44261130769336626
        }
      }
    }
  },
  "epochs_run": 3,
  "fit_observations": 806,
  "validation_observations": 272,
  "rule": "inertial_reaction_diffusion",
  "generations": 16,
  "hidden_channels": 4,
  "atom_feature_profile": "local_environment",
  "atom_feature_count": 29,
  "atom_feature_names": [
    "element_H",
    "element_C",
    "element_N",
    "element_O",
    "element_F",
    "element_P",
    "element_S",
    "element_Cl",
    "element_Br",
    "element_I",
    "element_other",
    "formal_charge",
    "aromatic",
    "hybrid_sp",
    "hybrid_sp2",
    "hybrid_sp3",
    "hybrid_other",
    "degree",
    "total_hydrogens",
    "in_ring",
    "hbond_donor",
    "hbond_acceptor",
    "chiral_cw",
    "chiral_ccw",
    "chiral_other",
    "mean_neighbour_electronegativity",
    "electronegativity_difference",
    "mean_neighbour_atomic_number",
    "neighbour_formal_charge"
  ],
  "device": "cuda",
  "gpu": "NVIDIA GeForce RTX 5070 Ti",
  "training_seconds": 2.3724253000691533,
  "peak_gpu_memory_bytes": 42028544,
  "runtime": {
    "operating_system": "Windows-10-10.0.26200-SP0",
    "machine": "AMD64",
    "python": "3.11.16",
    "python_executable": "C:\\Users\\Anthony\\anaconda3\\envs\\strange-matter-gpu\\python.exe",
    "pytorch": "2.11.0+cu128",
    "pytorch_cuda": "12.8",
    "device": "cuda",
    "gpu": "NVIDIA GeForce RTX 5070 Ti"
  },
  "validation_protocol": {
    "kind": "scaffold_cross_validation",
    "fold": 0,
    "folds": 5
  },
  "readout": "differentiable_closed_form_ridge",
  "prediction_mode": "direct",
  "residual_alpha": null,
  "trajectory_pooling": "legacy",
  "ridge_mode": "shared",
  "loss_mode": "hybrid_interval",
  "interval_loss_beta": 0.25,
  "interval_temperature": 0.02,
  "hyperparameters": {
    "ca_lr": 0.0003,
    "ridge": 0.1,
    "ca_l2": 1e-06,
    "gradient_clip": 1.0,
    "update_scale": 0.25,
    "init_scale": 1.0,
    "initial_noise": 0.005,
    "support_fraction": 0.75,
    "bond_temperature": 1.0,
    "dyn_a": 0.5,
    "dyn_b": 0.5,
    "dyn_c": 0.2,
    "dyn_d": 0.15,
    "lr_schedule": "cosine_0.1x"
  }
}
