{"device": "cuda", "gpu": "NVIDIA GeForce RTX 5070 Ti", "pytorch": "2.11.0+cu128", "pytorch_cuda": "12.8"}
{"epoch": 1, "train_rmse": 1.2937616765374145, "validation_rmse": 1.0229432582855225, "mean_raw_gradient_norm": 44.94925861358642, "fraction_gradients_clipped": 1.0}
{"epoch": 2, "train_rmse": 1.3025146811567638, "validation_rmse": 1.0217300653457642, "mean_raw_gradient_norm": 24.76754140853882, "fraction_gradients_clipped": 1.0}
{"epoch": 3, "train_rmse": 1.3723540218998538, "validation_rmse": 1.0171440839767456, "mean_raw_gradient_norm": 35.17726364135742, "fraction_gradients_clipped": 1.0}
{
  "seed": 1701,
  "best_validation_rmse": 1.0171440839767456,
  "restored_fit_rmse": 0.8915308713912964,
  "restored_validation_rmse": 1.0171369314193726,
  "epochs_run": 3,
  "fit_observations": 791,
  "validation_observations": 273,
  "rule": "gated_residual",
  "generations": 125,
  "hidden_channels": 8,
  "device": "cuda",
  "gpu": "NVIDIA GeForce RTX 5070 Ti",
  "training_seconds": 9.43232809996698,
  "peak_gpu_memory_bytes": 158889984,
  "readout": "differentiable_closed_form_ridge",
  "hyperparameters": {
    "ca_lr": 0.0003,
    "ridge": 0.01,
    "ca_l2": 0.0001,
    "gradient_clip": 1.0
  }
}
