{"device": "cuda", "gpu": "NVIDIA GeForce RTX 5070 Ti", "pytorch": "2.11.0+cu128", "pytorch_cuda": "12.8"}
{"epoch": 1, "train_rmse": 1.2334613596327624, "validation_rmse": 0.9696667790412903, "mean_raw_gradient_norm": 24.36231990158558, "fraction_gradients_clipped": 1.0}
{"epoch": 2, "train_rmse": 1.197993651058281, "validation_rmse": 0.9664241075515747, "mean_raw_gradient_norm": 18.48008292913437, "fraction_gradients_clipped": 1.0}
{"epoch": 3, "train_rmse": 1.1377498766573206, "validation_rmse": 0.9646735191345215, "mean_raw_gradient_norm": 15.794632188975811, "fraction_gradients_clipped": 1.0}
{"epoch": 4, "train_rmse": 1.1529226533571302, "validation_rmse": 0.9633961319923401, "mean_raw_gradient_norm": 27.013808965682983, "fraction_gradients_clipped": 1.0}
{"epoch": 5, "train_rmse": 1.1639054153006232, "validation_rmse": 0.9626900553703308, "mean_raw_gradient_norm": 17.913135766983032, "fraction_gradients_clipped": 1.0}
{
  "seed": 1701,
  "best_validation_rmse": 0.9633961319923401,
  "restored_fit_rmse": 0.8981402516365051,
  "restored_validation_rmse": 0.9633921980857849,
  "epochs_run": 5,
  "fit_observations": 2643,
  "validation_observations": 670,
  "rule": "damped_symplectic",
  "generations": 250,
  "hidden_channels": 8,
  "device": "cuda",
  "gpu": "NVIDIA GeForce RTX 5070 Ti",
  "training_seconds": 115.31702479999512,
  "peak_gpu_memory_bytes": 323370496,
  "readout": "differentiable_closed_form_ridge",
  "hyperparameters": {
    "ca_lr": 0.001,
    "ridge": 0.1,
    "ca_l2": 1e-05,
    "gradient_clip": 0.5,
    "update_scale": 0.15,
    "init_scale": 0.5,
    "initial_noise": 0.0,
    "support_fraction": 0.85,
    "bond_temperature": 1.0,
    "dyn_a": 0.2,
    "dyn_b": 0.8,
    "dyn_c": 0.8,
    "dyn_d": 0.15,
    "lr_schedule": "cosine_0.1x"
  }
}
