{"operating_system": "Windows-10-10.0.26200-SP0", "machine": "AMD64", "python": "3.11.16", "python_executable": "C:\\Users\\Anthony\\anaconda3\\envs\\strange-matter-gpu\\python.exe", "pytorch": "2.11.0+cu128", "pytorch_cuda": "12.8", "device": "cuda", "gpu": "NVIDIA GeForce RTX 5070 Ti"}
{"epoch": 1, "train_rmse": 1.3321357099999795, "validation_rmse": 0.800478458404541, "validation_ma_st_rae": 0.869296823168324, "validation_CYP1A2_st_rae": 0.9164101205417949, "validation_CYP2C9_st_rae": 0.8043752210667598, "validation_CYP2D6_st_rae": 1.0202765454563179, "validation_CYP3A4_st_rae": 0.7361254056084237, "mean_raw_gradient_norm": 161.76663177490235, "fraction_gradients_clipped": 1.0}
{"epoch": 2, "train_rmse": 1.0906979268863068, "validation_rmse": 0.7954293489456177, "validation_ma_st_rae": 0.8582720615725781, "validation_CYP1A2_st_rae": 0.8804692313761561, "validation_CYP2C9_st_rae": 0.7508555468103106, "validation_CYP2D6_st_rae": 1.0746437970717067, "validation_CYP3A4_st_rae": 0.7271196710321394, "mean_raw_gradient_norm": 37.14227010726929, "fraction_gradients_clipped": 1.0}
{"epoch": 3, "train_rmse": 1.0975905703435305, "validation_rmse": 0.7950360774993896, "validation_ma_st_rae": 0.8625541331890376, "validation_CYP1A2_st_rae": 0.8329828060711653, "validation_CYP2C9_st_rae": 0.783541469777481, "validation_CYP2D6_st_rae": 1.120104981350741, "validation_CYP3A4_st_rae": 0.7135872755567634, "mean_raw_gradient_norm": 12.277634372711182, "fraction_gradients_clipped": 1.0}
{"epoch": 4, "train_rmse": 1.17610384931947, "validation_rmse": 0.7908532023429871, "validation_ma_st_rae": 0.85097778923958, "validation_CYP1A2_st_rae": 0.8497474979561821, "validation_CYP2C9_st_rae": 0.776358954055597, "validation_CYP2D6_st_rae": 1.074962722731928, "validation_CYP3A4_st_rae": 0.7028419822146129, "mean_raw_gradient_norm": 27.949483547210694, "fraction_gradients_clipped": 1.0}
{"epoch": 5, "train_rmse": 1.1151708765880735, "validation_rmse": 0.7868994474411011, "validation_ma_st_rae": 0.8407944773858219, "validation_CYP1A2_st_rae": 0.844063125661554, "validation_CYP2C9_st_rae": 0.741516688184203, "validation_CYP2D6_st_rae": 1.05779113650545, "validation_CYP3A4_st_rae": 0.7198069591920805, "mean_raw_gradient_norm": 13.324149351119996, "fraction_gradients_clipped": 1.0}
{"epoch": 6, "train_rmse": 1.059750105253987, "validation_rmse": 0.8804630637168884, "validation_ma_st_rae": 0.8597597322321494, "validation_CYP1A2_st_rae": 0.8643169166978774, "validation_CYP2C9_st_rae": 0.7414521586879713, "validation_CYP2D6_st_rae": 1.0587245556727156, "validation_CYP3A4_st_rae": 0.7745452978700332, "mean_raw_gradient_norm": 6.800047588348389, "fraction_gradients_clipped": 1.0}
{"epoch": 7, "train_rmse": 1.0624871614113212, "validation_rmse": 1.0368572473526, "validation_ma_st_rae": 0.8784121380609561, "validation_CYP1A2_st_rae": 0.8674552541806961, "validation_CYP2C9_st_rae": 0.755612218954882, "validation_CYP2D6_st_rae": 1.073401678279601, "validation_CYP3A4_st_rae": 0.8171794008286453, "mean_raw_gradient_norm": 7.589245138168335, "fraction_gradients_clipped": 1.0}
{"epoch": 8, "train_rmse": 1.1084088611436285, "validation_rmse": 1.0349793434143066, "validation_ma_st_rae": 0.8833420386198193, "validation_CYP1A2_st_rae": 0.8717663977654249, "validation_CYP2C9_st_rae": 0.7704788293508258, "validation_CYP2D6_st_rae": 1.0800486782643433, "validation_CYP3A4_st_rae": 0.8110742490986832, "mean_raw_gradient_norm": 7.536104822158814, "fraction_gradients_clipped": 1.0}
{
  "seed": 4211,
  "selection_metric": "validation_ma_st_rae",
  "best_validation_ma_st_rae": 0.8407944773858219,
  "best_validation_rmse": 0.7868994474411011,
  "restored_fit_rmse": 0.8517582416534424,
  "restored_validation_rmse": 0.7869075536727905,
  "restored_fit_ma_st_rae": 0.8511858389943914,
  "restored_validation_ma_st_rae": 0.8437235707237933,
  "restored_validation_point_ma_st_rae": 0.840800727918292,
  "restored_validation_point_st_rae_by_cyp": {
    "CYP1A2": 0.8439956181706574,
    "CYP2C9": 0.7415039083489402,
    "CYP2D6": 1.057876098420862,
    "CYP3A4": 0.7198272867327082
  },
  "restored_fit_st_rae_by_cyp": {
    "CYP1A2": 0.8780981017742476,
    "CYP2C9": 0.7820022385207809,
    "CYP2D6": 1.0368000535423125,
    "CYP3A4": 0.7078429621402239
  },
  "restored_validation_st_rae_by_cyp": {
    "CYP1A2": 0.8464742262701617,
    "CYP2C9": 0.7418385329231852,
    "CYP2D6": 1.0630064324787738,
    "CYP3A4": 0.7235750912230524
  },
  "validation_bootstrap_metrics": {
    "n_bootstrap_samples": 1000,
    "seed": 0,
    "macro": {
      "st_rae": {
        "mean": 0.8437235707237933,
        "ci_low": 0.7881697115374471,
        "ci_high": 0.9017422292089114
      },
      "mae": {
        "mean": 0.5776545686571029,
        "ci_low": 0.5464097125324163,
        "ci_high": 0.6080650053759499
      },
      "r2": {
        "mean": 0.21080701673887037,
        "ci_low": 0.15502405634251623,
        "ci_high": 0.261781658284445
      },
      "spearman_rho": {
        "mean": 0.48639591719558384,
        "ci_low": 0.43723797713955553,
        "ci_high": 0.5369039163523445
      },
      "kendall_tau": {
        "mean": 0.346268907151491,
        "ci_low": 0.30828102513035266,
        "ci_high": 0.3843738813846224
      }
    },
    "per_endpoint": {
      "CYP1A2": {
        "st_rae": {
          "mean": 0.8464742262701617,
          "ci_low": 0.7295047888251261,
          "ci_high": 0.968107180293302
        },
        "mae": {
          "mean": 0.5856405882196384,
          "ci_low": 0.5132355571732864,
          "ci_high": 0.6651692935072624
        },
        "r2": {
          "mean": 0.22185715082806665,
          "ci_low": 0.0991864638602338,
          "ci_high": 0.3245062971231093
        },
        "spearman_rho": {
          "mean": 0.5534465222479102,
          "ci_low": 0.45138804353493645,
          "ci_high": 0.6434293942128831
        },
        "kendall_tau": {
          "mean": 0.39384282674753696,
          "ci_low": 0.31365346730993376,
          "ci_high": 0.4611427561059601
        }
      },
      "CYP2C9": {
        "st_rae": {
          "mean": 0.7418385329231852,
          "ci_low": 0.6112310481120663,
          "ci_high": 0.8813829796029963
        },
        "mae": {
          "mean": 0.4794779801236869,
          "ci_low": 0.42562515018722424,
          "ci_high": 0.5394860473096645
        },
        "r2": {
          "mean": 0.3011170995921833,
          "ci_low": 0.17989637739826111,
          "ci_high": 0.41376499496513186
        },
        "spearman_rho": {
          "mean": 0.5342721664824192,
          "ci_low": 0.4172403096054319,
          "ci_high": 0.6342966726622828
        },
        "kendall_tau": {
          "mean": 0.38336220324543185,
          "ci_low": 0.2950398299967699,
          "ci_high": 0.46176369716196514
        }
      },
      "CYP2D6": {
        "st_rae": {
          "mean": 1.0630064324787738,
          "ci_low": 0.9686921046716219,
          "ci_high": 1.170651060826685
        },
        "mae": {
          "mean": 0.5824155566529332,
          "ci_low": 0.5176448602452238,
          "ci_high": 0.6523672254931213
        },
        "r2": {
          "mean": -0.059556111768445656,
          "ci_low": -0.18841218634587112,
          "ci_high": 0.04817441639193011
        },
        "spearman_rho": {
          "mean": 0.23727122450719393,
          "ci_low": 0.11361301876316696,
          "ci_high": 0.36051988826933345
        },
        "kendall_tau": {
          "mean": 0.1589485383574762,
          "ci_low": 0.07715045758738867,
          "ci_high": 0.24143841928705714
        }
      },
      "CYP3A4": {
        "st_rae": {
          "mean": 0.7235750912230524,
          "ci_low": 0.6510860583558348,
          "ci_high": 0.8104862694264153
        },
        "mae": {
          "mean": 0.6630841496321526,
          "ci_low": 0.6137110435127556,
          "ci_high": 0.7151131092683299
        },
        "r2": {
          "mean": 0.3798099283036773,
          "ci_low": 0.28535895923931937,
          "ci_high": 0.45681977731706525
        },
        "spearman_rho": {
          "mean": 0.6205937555448118,
          "ci_low": 0.544816962670422,
          "ci_high": 0.6918507424239603
        },
        "kendall_tau": {
          "mean": 0.4489220602555189,
          "ci_low": 0.38923138124095136,
          "ci_high": 0.5052858841747324
        }
      }
    }
  },
  "epochs_run": 8,
  "fit_observations": 4179,
  "validation_observations": 1037,
  "rule": "fitzhugh_nagumo",
  "generations": 64,
  "hidden_channels": 16,
  "atom_feature_profile": "periodic_valence",
  "atom_feature_count": 38,
  "atom_feature_names": [
    "element_H",
    "element_C",
    "element_N",
    "element_O",
    "element_F",
    "element_P",
    "element_S",
    "element_Cl",
    "element_Br",
    "element_I",
    "element_other",
    "formal_charge",
    "aromatic",
    "hybrid_sp",
    "hybrid_sp2",
    "hybrid_sp3",
    "hybrid_other",
    "degree",
    "total_hydrogens",
    "in_ring",
    "hbond_donor",
    "hbond_acceptor",
    "chiral_cw",
    "chiral_ccw",
    "chiral_other",
    "atomic_number",
    "atomic_mass",
    "covalent_radius",
    "vdw_radius",
    "outer_electrons",
    "period",
    "periodic_group",
    "atomic_volume",
    "total_valence",
    "implicit_valence",
    "heavy_atom_degree",
    "radical_electrons",
    "absolute_formal_charge"
  ],
  "device": "cuda",
  "gpu": "NVIDIA GeForce RTX 5070 Ti",
  "training_seconds": 70.21304080006666,
  "peak_gpu_memory_bytes": 316665344,
  "runtime": {
    "operating_system": "Windows-10-10.0.26200-SP0",
    "machine": "AMD64",
    "python": "3.11.16",
    "python_executable": "C:\\Users\\Anthony\\anaconda3\\envs\\strange-matter-gpu\\python.exe",
    "pytorch": "2.11.0+cu128",
    "pytorch_cuda": "12.8",
    "device": "cuda",
    "gpu": "NVIDIA GeForce RTX 5070 Ti"
  },
  "validation_protocol": {
    "kind": "scaffold_cross_validation",
    "fold": 0,
    "folds": 5
  },
  "readout": "differentiable_closed_form_ridge",
  "prediction_mode": "direct",
  "residual_alpha": null,
  "trajectory_pooling": "legacy",
  "ridge_mode": "shared",
  "loss_mode": "mse",
  "interval_loss_beta": 0.0,
  "interval_temperature": 0.1,
  "hyperparameters": {
    "ca_lr": 0.003,
    "ridge": 1.0,
    "ca_l2": 1e-06,
    "gradient_clip": 2.0,
    "update_scale": 0.08,
    "init_scale": 1.0,
    "initial_noise": 0.01,
    "support_fraction": 0.6,
    "bond_temperature": 0.5,
    "dyn_a": 0.2,
    "dyn_b": 0.2,
    "dyn_c": 0.8,
    "dyn_d": 0.05,
    "lr_schedule": "cosine_0.1x"
  }
}
