{"operating_system": "Windows-10-10.0.26200-SP0", "machine": "AMD64", "python": "3.11.16", "python_executable": "C:\\Users\\Anthony\\anaconda3\\envs\\strange-matter-gpu\\python.exe", "pytorch": "2.11.0+cu128", "pytorch_cuda": "12.8", "device": "cuda", "gpu": "NVIDIA GeForce RTX 5070 Ti"}
{"epoch": 1, "train_rmse": 1.1693425114801352, "validation_rmse": 0.8654757142066956, "validation_ma_st_rae": 0.8523698976602707, "validation_CYP1A2_st_rae": 0.9067485817171049, "validation_CYP2C9_st_rae": 0.7903779614152268, "validation_CYP2D6_st_rae": 0.9883806435853979, "validation_CYP3A4_st_rae": 0.7239724039233533, "mean_raw_gradient_norm": 229.2684338760376, "fraction_gradients_clipped": 1.0}
{"epoch": 2, "train_rmse": 1.165049741778815, "validation_rmse": 0.8529141545295715, "validation_ma_st_rae": 0.8403780374453363, "validation_CYP1A2_st_rae": 0.8650163573534289, "validation_CYP2C9_st_rae": 0.7823963365719985, "validation_CYP2D6_st_rae": 0.9997345825804317, "validation_CYP3A4_st_rae": 0.7143648732754863, "mean_raw_gradient_norm": 17.46457426071167, "fraction_gradients_clipped": 1.0}
{"epoch": 3, "train_rmse": 1.110632244275056, "validation_rmse": 0.8485090732574463, "validation_ma_st_rae": 0.8358303417506525, "validation_CYP1A2_st_rae": 0.8719456958566929, "validation_CYP2C9_st_rae": 0.7608502842319377, "validation_CYP2D6_st_rae": 0.9809313775456184, "validation_CYP3A4_st_rae": 0.7295940093683614, "mean_raw_gradient_norm": 20.55963201522827, "fraction_gradients_clipped": 1.0}
{"epoch": 4, "train_rmse": 1.0955242446577793, "validation_rmse": 0.8390212655067444, "validation_ma_st_rae": 0.8374867101183187, "validation_CYP1A2_st_rae": 0.8383551044765847, "validation_CYP2C9_st_rae": 0.7842742521483465, "validation_CYP2D6_st_rae": 1.0070773014217511, "validation_CYP3A4_st_rae": 0.7202401824265919, "mean_raw_gradient_norm": 8.879281539916992, "fraction_gradients_clipped": 1.0}
{"epoch": 5, "train_rmse": 1.0602907099600478, "validation_rmse": 0.8292006254196167, "validation_ma_st_rae": 0.8369992822257077, "validation_CYP1A2_st_rae": 0.8547358719269778, "validation_CYP2C9_st_rae": 0.7990658712801803, "validation_CYP2D6_st_rae": 1.0117497409301024, "validation_CYP3A4_st_rae": 0.6824456447655705, "mean_raw_gradient_norm": 6.9669889640808105, "fraction_gradients_clipped": 1.0}
{"epoch": 6, "train_rmse": 1.047758856014471, "validation_rmse": 0.833372175693512, "validation_ma_st_rae": 0.8409739399004825, "validation_CYP1A2_st_rae": 0.875343088217357, "validation_CYP2C9_st_rae": 0.7806422235438035, "validation_CYP2D6_st_rae": 1.023477290119104, "validation_CYP3A4_st_rae": 0.6844331577216652, "mean_raw_gradient_norm": 7.252600765228271, "fraction_gradients_clipped": 1.0}
{
  "seed": 1701,
  "selection_metric": "validation_ma_st_rae",
  "best_validation_ma_st_rae": 0.8358303417506525,
  "best_validation_rmse": 0.8485090732574463,
  "restored_fit_rmse": 0.841788113117218,
  "restored_validation_rmse": 0.8485100269317627,
  "restored_fit_ma_st_rae": 0.8415839053703933,
  "restored_validation_ma_st_rae": 0.8383265022383559,
  "restored_validation_point_ma_st_rae": 0.8358253903500796,
  "restored_validation_point_st_rae_by_cyp": {
    "CYP1A2": 0.871928737448803,
    "CYP2C9": 0.7608230691102177,
    "CYP2D6": 0.9809394196489188,
    "CYP3A4": 0.7296103351923791
  },
  "restored_fit_st_rae_by_cyp": {
    "CYP1A2": 0.8838728952194395,
    "CYP2C9": 0.7550114243854079,
    "CYP2D6": 1.0160229673511336,
    "CYP3A4": 0.7114283345255922
  },
  "restored_validation_st_rae_by_cyp": {
    "CYP1A2": 0.8750804019685183,
    "CYP2C9": 0.7647130073424218,
    "CYP2D6": 0.9834322012559567,
    "CYP3A4": 0.7300803983865273
  },
  "validation_bootstrap_metrics": {
    "n_bootstrap_samples": 1000,
    "seed": 0,
    "macro": {
      "st_rae": {
        "mean": 0.8383265022383559,
        "ci_low": 0.7921981654581388,
        "ci_high": 0.8868901987195369
      },
      "mae": {
        "mean": 0.6095279296409488,
        "ci_low": 0.5731019265209032,
        "ci_high": 0.6455797129085913
      },
      "r2": {
        "mean": 0.19044444757520798,
        "ci_low": 0.13356442704760663,
        "ci_high": 0.24056966882468206
      },
      "spearman_rho": {
        "mean": 0.4349705981815406,
        "ci_low": 0.38023697093497216,
        "ci_high": 0.48844782795882846
      },
      "kendall_tau": {
        "mean": 0.30488334868328865,
        "ci_low": 0.2653477251504819,
        "ci_high": 0.3438636664967741
      }
    },
    "per_endpoint": {
      "CYP1A2": {
        "st_rae": {
          "mean": 0.8750804019685183,
          "ci_low": 0.7787469742521486,
          "ci_high": 0.9760256041060017
        },
        "mae": {
          "mean": 0.6756435739845676,
          "ci_low": 0.5951507093824543,
          "ci_high": 0.7663476422109318
        },
        "r2": {
          "mean": 0.18003271576825994,
          "ci_low": 0.0807267404471603,
          "ci_high": 0.267469162745406
        },
        "spearman_rho": {
          "mean": 0.42584460050337525,
          "ci_low": 0.3074590485791511,
          "ci_high": 0.533911807756582
        },
        "kendall_tau": {
          "mean": 0.2885389236941162,
          "ci_low": 0.20607419065958918,
          "ci_high": 0.3690590303759363
        }
      },
      "CYP2C9": {
        "st_rae": {
          "mean": 0.7647130073424218,
          "ci_low": 0.655367234751304,
          "ci_high": 0.8904278906891132
        },
        "mae": {
          "mean": 0.47612096436425017,
          "ci_low": 0.4198118842179232,
          "ci_high": 0.5354750749793383
        },
        "r2": {
          "mean": 0.2741495874866025,
          "ci_low": 0.14741939261568063,
          "ci_high": 0.3952353416733596
        },
        "spearman_rho": {
          "mean": 0.4863159484615459,
          "ci_low": 0.36220459440334885,
          "ci_high": 0.5940677823678837
        },
        "kendall_tau": {
          "mean": 0.34306141995842493,
          "ci_low": 0.24863220901934419,
          "ci_high": 0.4236405586179715
        }
      },
      "CYP2D6": {
        "st_rae": {
          "mean": 0.9834322012559567,
          "ci_low": 0.9000519418844671,
          "ci_high": 1.071333370661049
        },
        "mae": {
          "mean": 0.6111622711544994,
          "ci_low": 0.5281404133577013,
          "ci_high": 0.697287603757267
        },
        "r2": {
          "mean": -0.01836287336460218,
          "ci_low": -0.13120084035315438,
          "ci_high": 0.08642408943258122
        },
        "spearman_rho": {
          "mean": 0.22981262110672213,
          "ci_low": 0.08961856669872809,
          "ci_high": 0.3571936885453015
        },
        "kendall_tau": {
          "mean": 0.15991281913268243,
          "ci_low": 0.0632425397518483,
          "ci_high": 0.2500971100618219
        }
      },
      "CYP3A4": {
        "st_rae": {
          "mean": 0.7300803983865273,
          "ci_low": 0.6489920538228642,
          "ci_high": 0.8170402509444108
        },
        "mae": {
          "mean": 0.6751849090604781,
          "ci_low": 0.61921262216568,
          "ci_high": 0.7339020178079605
        },
        "r2": {
          "mean": 0.3259583604105717,
          "ci_low": 0.19731398336023817,
          "ci_high": 0.4291126571267799
        },
        "spearman_rho": {
          "mean": 0.5979092226545188,
          "ci_low": 0.5191168050053615,
          "ci_high": 0.6711959751534478
        },
        "kendall_tau": {
          "mean": 0.42802023194793115,
          "ci_low": 0.36804217217180946,
          "ci_high": 0.4864858396867205
        }
      }
    }
  },
  "epochs_run": 6,
  "fit_observations": 4177,
  "validation_observations": 1039,
  "rule": "fitzhugh_nagumo",
  "generations": 64,
  "hidden_channels": 16,
  "atom_feature_profile": "periodic_valence",
  "atom_feature_count": 38,
  "atom_feature_names": [
    "element_H",
    "element_C",
    "element_N",
    "element_O",
    "element_F",
    "element_P",
    "element_S",
    "element_Cl",
    "element_Br",
    "element_I",
    "element_other",
    "formal_charge",
    "aromatic",
    "hybrid_sp",
    "hybrid_sp2",
    "hybrid_sp3",
    "hybrid_other",
    "degree",
    "total_hydrogens",
    "in_ring",
    "hbond_donor",
    "hbond_acceptor",
    "chiral_cw",
    "chiral_ccw",
    "chiral_other",
    "atomic_number",
    "atomic_mass",
    "covalent_radius",
    "vdw_radius",
    "outer_electrons",
    "period",
    "periodic_group",
    "atomic_volume",
    "total_valence",
    "implicit_valence",
    "heavy_atom_degree",
    "radical_electrons",
    "absolute_formal_charge"
  ],
  "device": "cuda",
  "gpu": "NVIDIA GeForce RTX 5070 Ti",
  "training_seconds": 52.2920467001386,
  "peak_gpu_memory_bytes": 314642432,
  "runtime": {
    "operating_system": "Windows-10-10.0.26200-SP0",
    "machine": "AMD64",
    "python": "3.11.16",
    "python_executable": "C:\\Users\\Anthony\\anaconda3\\envs\\strange-matter-gpu\\python.exe",
    "pytorch": "2.11.0+cu128",
    "pytorch_cuda": "12.8",
    "device": "cuda",
    "gpu": "NVIDIA GeForce RTX 5070 Ti"
  },
  "validation_protocol": {
    "kind": "scaffold_cross_validation",
    "fold": 2,
    "folds": 5
  },
  "readout": "differentiable_closed_form_ridge",
  "prediction_mode": "direct",
  "residual_alpha": null,
  "trajectory_pooling": "legacy",
  "ridge_mode": "shared",
  "loss_mode": "mse",
  "interval_loss_beta": 0.0,
  "interval_temperature": 0.1,
  "hyperparameters": {
    "ca_lr": 0.003,
    "ridge": 1.0,
    "ca_l2": 1e-06,
    "gradient_clip": 2.0,
    "update_scale": 0.08,
    "init_scale": 1.0,
    "initial_noise": 0.01,
    "support_fraction": 0.6,
    "bond_temperature": 0.5,
    "dyn_a": 0.2,
    "dyn_b": 0.2,
    "dyn_c": 0.8,
    "dyn_d": 0.05,
    "lr_schedule": "cosine_0.1x"
  }
}
