{"device": "cuda", "gpu": "NVIDIA GeForce RTX 5070 Ti", "pytorch": "2.11.0+cu128", "pytorch_cuda": "12.8"}
{"epoch": 1, "train_rmse": 1.0746524328624396, "validation_rmse": 0.9947389364242554, "mean_raw_gradient_norm": 4.509365177154541, "fraction_gradients_clipped": 1.0}
{"epoch": 2, "train_rmse": 1.0353910590113122, "validation_rmse": 0.9944658875465393, "mean_raw_gradient_norm": 3.2202760219573974, "fraction_gradients_clipped": 0.8}
{"epoch": 3, "train_rmse": 1.0518129096768214, "validation_rmse": 0.9943163394927979, "mean_raw_gradient_norm": 2.9063266277313233, "fraction_gradients_clipped": 1.0}
{
  "seed": 1701,
  "best_validation_rmse": 0.9947389364242554,
  "restored_fit_rmse": 0.9367216229438782,
  "restored_validation_rmse": 0.9947379231452942,
  "epochs_run": 3,
  "fit_observations": 791,
  "validation_observations": 273,
  "rule": "inertial_reaction_diffusion",
  "generations": 16,
  "hidden_channels": 4,
  "device": "cuda",
  "gpu": "NVIDIA GeForce RTX 5070 Ti",
  "training_seconds": 2.3355289000319317,
  "peak_gpu_memory_bytes": 35859968,
  "readout": "differentiable_closed_form_ridge",
  "hyperparameters": {
    "ca_lr": 0.0003,
    "ridge": 0.01,
    "ca_l2": 1e-05,
    "gradient_clip": 2.0
  }
}
