{"device": "cuda", "gpu": "NVIDIA GeForce RTX 5070 Ti", "pytorch": "2.11.0+cu128", "pytorch_cuda": "12.8"}
{"epoch": 1, "train_rmse": 1.0926717709146647, "validation_rmse": 1.0526055097579956, "mean_raw_gradient_norm": 7.801959133148193, "fraction_gradients_clipped": 1.0}
{"epoch": 2, "train_rmse": 1.1294621792929256, "validation_rmse": 1.0499013662338257, "mean_raw_gradient_norm": 11.928229141235352, "fraction_gradients_clipped": 1.0}
{"epoch": 3, "train_rmse": 1.1306062073114298, "validation_rmse": 1.0491117238998413, "mean_raw_gradient_norm": 8.906768131256104, "fraction_gradients_clipped": 1.0}
{
  "seed": 1701,
  "best_validation_rmse": 1.0491117238998413,
  "restored_fit_rmse": 0.9046803712844849,
  "restored_validation_rmse": 1.0491106510162354,
  "epochs_run": 3,
  "fit_observations": 791,
  "validation_observations": 273,
  "rule": "inertial_reaction_diffusion",
  "generations": 125,
  "hidden_channels": 8,
  "device": "cuda",
  "gpu": "NVIDIA GeForce RTX 5070 Ti",
  "training_seconds": 7.80056100001093,
  "peak_gpu_memory_bytes": 247855616,
  "readout": "differentiable_closed_form_ridge",
  "hyperparameters": {
    "ca_lr": 0.001,
    "ridge": 0.1,
    "ca_l2": 0.0001,
    "gradient_clip": 1.0
  }
}
