{"operating_system": "Windows-10-10.0.26200-SP0", "machine": "AMD64", "python": "3.11.16", "python_executable": "C:\\Users\\Anthony\\anaconda3\\envs\\strange-matter-gpu\\python.exe", "pytorch": "2.11.0+cu128", "pytorch_cuda": "12.8", "device": "cuda", "gpu": "NVIDIA GeForce RTX 5070 Ti"}
{"epoch": 1, "train_rmse": 1.079067141137993, "validation_rmse": 0.8934488296508789, "validation_ma_st_rae": 0.8898604449710931, "validation_CYP1A2_st_rae": 0.8421231851321995, "validation_CYP2C9_st_rae": 0.9470262235893961, "validation_CYP2D6_st_rae": 1.0046354601175103, "validation_CYP3A4_st_rae": 0.7656569110452663, "mean_raw_gradient_norm": 4.415654830634594, "fraction_gradients_clipped": 1.0}
{"epoch": 2, "train_rmse": 1.1036462947309913, "validation_rmse": 0.8935418725013733, "validation_ma_st_rae": 0.8870711103273546, "validation_CYP1A2_st_rae": 0.8363132990516923, "validation_CYP2C9_st_rae": 0.9492443940464027, "validation_CYP2D6_st_rae": 0.9978429943254764, "validation_CYP3A4_st_rae": 0.7648837538858473, "mean_raw_gradient_norm": 3.9098366275429726, "fraction_gradients_clipped": 0.90625}
{"epoch": 3, "train_rmse": 1.0630927038977505, "validation_rmse": 0.8942703008651733, "validation_ma_st_rae": 0.8859325022448492, "validation_CYP1A2_st_rae": 0.8372938866303027, "validation_CYP2C9_st_rae": 0.9520682290976642, "validation_CYP2D6_st_rae": 0.9861126742782608, "validation_CYP3A4_st_rae": 0.7682552189731694, "mean_raw_gradient_norm": 3.8190792091190815, "fraction_gradients_clipped": 0.9375}
{"epoch": 4, "train_rmse": 1.080239801022673, "validation_rmse": 0.894260048866272, "validation_ma_st_rae": 0.8837925668976322, "validation_CYP1A2_st_rae": 0.8364086783796503, "validation_CYP2C9_st_rae": 0.9476758139966805, "validation_CYP2D6_st_rae": 0.9824355755558865, "validation_CYP3A4_st_rae": 0.7686501996583117, "mean_raw_gradient_norm": 4.0818325355648994, "fraction_gradients_clipped": 0.9375}
{"epoch": 5, "train_rmse": 1.0668839750643906, "validation_rmse": 0.8933489322662354, "validation_ma_st_rae": 0.8826717686450809, "validation_CYP1A2_st_rae": 0.8365035278849458, "validation_CYP2C9_st_rae": 0.9476992257420475, "validation_CYP2D6_st_rae": 0.9783370377478922, "validation_CYP3A4_st_rae": 0.7681472832054381, "mean_raw_gradient_norm": 3.188863594084978, "fraction_gradients_clipped": 0.78125}
{
  "seed": 1701,
  "selection_metric": "validation_ma_st_rae",
  "best_validation_ma_st_rae": 0.8826717686450809,
  "best_validation_rmse": 0.8933489322662354,
  "restored_fit_rmse": 0.8833851218223572,
  "restored_validation_rmse": 0.8933486342430115,
  "restored_fit_ma_st_rae": 0.8813120911326373,
  "restored_validation_ma_st_rae": 0.8878167755249972,
  "restored_validation_point_ma_st_rae": 0.8826739930392373,
  "restored_validation_point_st_rae_by_cyp": {
    "CYP1A2": 0.8365025276141368,
    "CYP2C9": 0.9477146934784656,
    "CYP2D6": 0.9783337743324078,
    "CYP3A4": 0.7681449767319395
  },
  "restored_fit_st_rae_by_cyp": {
    "CYP1A2": 0.8958984865125948,
    "CYP2C9": 0.8279798269341595,
    "CYP2D6": 1.0136421127732653,
    "CYP3A4": 0.7877279383105295
  },
  "restored_validation_st_rae_by_cyp": {
    "CYP1A2": 0.8379050934213421,
    "CYP2C9": 0.9581542297327555,
    "CYP2D6": 0.9842484673825493,
    "CYP3A4": 0.7709593115633415
  },
  "validation_bootstrap_metrics": {
    "n_bootstrap_samples": 1000,
    "seed": 0,
    "macro": {
      "st_rae": {
        "mean": 0.8878167755249972,
        "ci_low": 0.8303075285068272,
        "ci_high": 0.949341556378202
      },
      "mae": {
        "mean": 0.6529085839019526,
        "ci_low": 0.6098916048773875,
        "ci_high": 0.6985343396086613
      },
      "r2": {
        "mean": 0.1392286036194659,
        "ci_low": 0.07177355068626036,
        "ci_high": 0.2018994719398711
      },
      "spearman_rho": {
        "mean": 0.4143443744407463,
        "ci_low": 0.3506339113738135,
        "ci_high": 0.48378719323437136
      },
      "kendall_tau": {
        "mean": 0.28950713689772656,
        "ci_low": 0.24338019136250164,
        "ci_high": 0.33986551466989157
      }
    },
    "per_endpoint": {
      "CYP1A2": {
        "st_rae": {
          "mean": 0.8379050934213421,
          "ci_low": 0.7343059652503109,
          "ci_high": 0.9721181822150788
        },
        "mae": {
          "mean": 0.725747477578966,
          "ci_low": 0.6216403105402294,
          "ci_high": 0.8304239230254028
        },
        "r2": {
          "mean": 0.16939558466199695,
          "ci_low": 0.011833869537092622,
          "ci_high": 0.28242539690787816
        },
        "spearman_rho": {
          "mean": 0.47809974104505226,
          "ci_low": 0.34152867356903127,
          "ci_high": 0.5949045906313046
        },
        "kendall_tau": {
          "mean": 0.33385326037398677,
          "ci_low": 0.2348025724820686,
          "ci_high": 0.4205295682099279
        }
      },
      "CYP2C9": {
        "st_rae": {
          "mean": 0.9581542297327555,
          "ci_low": 0.7988885177491872,
          "ci_high": 1.1449645413196352
        },
        "mae": {
          "mean": 0.5177359177909914,
          "ci_low": 0.44872802877035295,
          "ci_high": 0.5834295506848663
        },
        "r2": {
          "mean": 0.1408593545162512,
          "ci_low": -0.02644092568616807,
          "ci_high": 0.2780365417532053
        },
        "spearman_rho": {
          "mean": 0.4152572682720638,
          "ci_low": 0.26525055396046066,
          "ci_high": 0.5506982442560249
        },
        "kendall_tau": {
          "mean": 0.28453937425924863,
          "ci_low": 0.1789449234508597,
          "ci_high": 0.3873606878981387
        }
      },
      "CYP2D6": {
        "st_rae": {
          "mean": 0.9842484673825493,
          "ci_low": 0.8747628659823748,
          "ci_high": 1.0995953876464346
        },
        "mae": {
          "mean": 0.6429836408550857,
          "ci_low": 0.5365736077440546,
          "ci_high": 0.7510638997909871
        },
        "r2": {
          "mean": 0.009252939471390277,
          "ci_low": -0.1095587342385576,
          "ci_high": 0.11493590495422369
        },
        "spearman_rho": {
          "mean": 0.23444815129212004,
          "ci_low": 0.07313464118161017,
          "ci_high": 0.3925158404045925
        },
        "kendall_tau": {
          "mean": 0.15908712835946648,
          "ci_low": 0.048986557304810024,
          "ci_high": 0.2720300379213588
        }
      },
      "CYP3A4": {
        "st_rae": {
          "mean": 0.7709593115633415,
          "ci_low": 0.6881410928349463,
          "ci_high": 0.8649385234275487
        },
        "mae": {
          "mean": 0.7251672993827675,
          "ci_low": 0.6532476294091192,
          "ci_high": 0.7998223070876073
        },
        "r2": {
          "mean": 0.23740653582822524,
          "ci_low": 0.09592536298251114,
          "ci_high": 0.34850970407547516
        },
        "spearman_rho": {
          "mean": 0.529572337153749,
          "ci_low": 0.42434562361711603,
          "ci_high": 0.6307807327078979
        },
        "kendall_tau": {
          "mean": 0.38054878459820446,
          "ci_low": 0.30153071431813494,
          "ci_high": 0.45643285906989045
        }
      }
    }
  },
  "epochs_run": 5,
  "fit_observations": 2636,
  "validation_observations": 657,
  "rule": "gated_residual",
  "generations": 64,
  "hidden_channels": 8,
  "atom_feature_profile": "electronic_local",
  "atom_feature_count": 37,
  "atom_feature_names": [
    "element_H",
    "element_C",
    "element_N",
    "element_O",
    "element_F",
    "element_P",
    "element_S",
    "element_Cl",
    "element_Br",
    "element_I",
    "element_other",
    "formal_charge",
    "aromatic",
    "hybrid_sp",
    "hybrid_sp2",
    "hybrid_sp3",
    "hybrid_other",
    "degree",
    "total_hydrogens",
    "in_ring",
    "hbond_donor",
    "hbond_acceptor",
    "chiral_cw",
    "chiral_ccw",
    "chiral_other",
    "electronegativity",
    "polarizability",
    "heteroatom",
    "halogen",
    "conjugated_bond_fraction",
    "first_ionization_energy",
    "electron_affinity",
    "electronic_property_missing",
    "mean_neighbour_electronegativity",
    "electronegativity_difference",
    "mean_neighbour_atomic_number",
    "neighbour_formal_charge"
  ],
  "device": "cuda",
  "gpu": "NVIDIA GeForce RTX 5070 Ti",
  "training_seconds": 32.535129900090396,
  "peak_gpu_memory_bytes": 130601472,
  "runtime": {
    "operating_system": "Windows-10-10.0.26200-SP0",
    "machine": "AMD64",
    "python": "3.11.16",
    "python_executable": "C:\\Users\\Anthony\\anaconda3\\envs\\strange-matter-gpu\\python.exe",
    "pytorch": "2.11.0+cu128",
    "pytorch_cuda": "12.8",
    "device": "cuda",
    "gpu": "NVIDIA GeForce RTX 5070 Ti"
  },
  "validation_protocol": {
    "kind": "scaffold_cross_validation",
    "fold": 2,
    "folds": 5
  },
  "readout": "differentiable_closed_form_ridge",
  "hyperparameters": {
    "ca_lr": 0.001,
    "ridge": 1.0,
    "ca_l2": 1e-06,
    "gradient_clip": 2.0,
    "update_scale": 0.15,
    "init_scale": 0.5,
    "initial_noise": 0.005,
    "support_fraction": 0.6,
    "bond_temperature": 0.5,
    "dyn_a": 0.8,
    "dyn_b": 0.2,
    "dyn_c": 0.2,
    "dyn_d": 0.05,
    "lr_schedule": "cosine_0.1x"
  }
}
