{"device": "cuda", "gpu": "NVIDIA GeForce RTX 5070 Ti", "pytorch": "2.11.0+cu128", "pytorch_cuda": "12.8"}
{"epoch": 1, "train_rmse": 1.1985964174266568, "validation_rmse": 0.9827004075050354, "mean_raw_gradient_norm": 33.83694960176945, "fraction_gradients_clipped": 1.0}
{"epoch": 2, "train_rmse": 1.183862059049433, "validation_rmse": 0.976917028427124, "mean_raw_gradient_norm": 21.192464783787727, "fraction_gradients_clipped": 1.0}
{"epoch": 3, "train_rmse": 1.1846751296906277, "validation_rmse": 0.9730691313743591, "mean_raw_gradient_norm": 44.26264800131321, "fraction_gradients_clipped": 1.0}
{"epoch": 4, "train_rmse": 1.1665120836535607, "validation_rmse": 0.9706260561943054, "mean_raw_gradient_norm": 89.20796640217304, "fraction_gradients_clipped": 1.0}
{"epoch": 5, "train_rmse": 1.04065542642746, "validation_rmse": 0.9704406261444092, "mean_raw_gradient_norm": 10.71793581545353, "fraction_gradients_clipped": 1.0}
{
  "seed": 1701,
  "best_validation_rmse": 0.9730691313743591,
  "restored_fit_rmse": 0.9097015857696533,
  "restored_validation_rmse": 0.9731214642524719,
  "epochs_run": 5,
  "fit_observations": 2643,
  "validation_observations": 670,
  "rule": "coupled_map",
  "generations": 32,
  "hidden_channels": 4,
  "device": "cuda",
  "gpu": "NVIDIA GeForce RTX 5070 Ti",
  "training_seconds": 21.998976700007915,
  "peak_gpu_memory_bytes": 45159424,
  "readout": "differentiable_closed_form_ridge",
  "hyperparameters": {
    "ca_lr": 0.001,
    "ridge": 0.01,
    "ca_l2": 1e-06,
    "gradient_clip": 2.0,
    "update_scale": 0.4,
    "init_scale": 1.5,
    "initial_noise": 0.005,
    "support_fraction": 0.75,
    "bond_temperature": 1.0,
    "dyn_a": 0.2,
    "dyn_b": 0.2,
    "dyn_c": 0.5,
    "dyn_d": 0.05,
    "lr_schedule": "cosine_0.1x"
  }
}
