{"operating_system": "Windows-10-10.0.26200-SP0", "machine": "AMD64", "python": "3.11.16", "python_executable": "C:\\Users\\Anthony\\anaconda3\\envs\\strange-matter-gpu\\python.exe", "pytorch": "2.11.0+cu128", "pytorch_cuda": "12.8", "device": "cuda", "gpu": "NVIDIA GeForce RTX 5070 Ti"}
{"epoch": 1, "train_rmse": 1.436416066533054, "validation_rmse": 0.9070869088172913, "validation_ma_st_rae": 1.061913498024871, "validation_CYP1A2_st_rae": 1.1680668525267557, "validation_CYP2C9_st_rae": 1.0533987906045896, "validation_CYP2D6_st_rae": 1.1307750534784407, "validation_CYP3A4_st_rae": 0.8954132954896977, "mean_raw_gradient_norm": 119.31162700653076, "fraction_gradients_clipped": 1.0}
{"epoch": 2, "train_rmse": 1.896676876503018, "validation_rmse": 0.912822425365448, "validation_ma_st_rae": 1.0593126959951122, "validation_CYP1A2_st_rae": 1.167561467674544, "validation_CYP2C9_st_rae": 1.031816927042925, "validation_CYP2D6_st_rae": 1.0835244668760755, "validation_CYP3A4_st_rae": 0.954347922386905, "mean_raw_gradient_norm": 390.1772575378418, "fraction_gradients_clipped": 1.0}
{"epoch": 3, "train_rmse": 1.7599059235832129, "validation_rmse": 0.9036259055137634, "validation_ma_st_rae": 1.0427105672146857, "validation_CYP1A2_st_rae": 1.1566419884658063, "validation_CYP2C9_st_rae": 0.9913675215046232, "validation_CYP2D6_st_rae": 1.0830303903868994, "validation_CYP3A4_st_rae": 0.9398023685014133, "mean_raw_gradient_norm": 176.36350984573363, "fraction_gradients_clipped": 1.0}
{
  "seed": 1701,
  "selection_metric": "validation_ma_st_rae",
  "best_validation_ma_st_rae": 1.0427105672146857,
  "best_validation_rmse": 0.9036259055137634,
  "restored_fit_rmse": 0.9391076564788818,
  "restored_validation_rmse": 0.9036311507225037,
  "restored_fit_ma_st_rae": 0.9172982183596439,
  "restored_validation_ma_st_rae": 1.058187489296773,
  "restored_validation_point_ma_st_rae": 1.0427264468506183,
  "restored_validation_point_st_rae_by_cyp": {
    "CYP1A2": 1.156648436218019,
    "CYP2C9": 0.9914146998051355,
    "CYP2D6": 1.0830270354795224,
    "CYP3A4": 0.9398156158997959
  },
  "restored_fit_st_rae_by_cyp": {
    "CYP1A2": 0.9269030760889998,
    "CYP2C9": 0.9090266610929145,
    "CYP2D6": 1.0255619031566794,
    "CYP3A4": 0.8077012330999823
  },
  "restored_validation_st_rae_by_cyp": {
    "CYP1A2": 1.161109660527218,
    "CYP2C9": 1.0193654677052755,
    "CYP2D6": 1.0984120330583969,
    "CYP3A4": 0.9538627958962018
  },
  "validation_bootstrap_metrics": {
    "n_bootstrap_samples": 1000,
    "seed": 0,
    "macro": {
      "st_rae": {
        "mean": 1.058187489296773,
        "ci_low": 0.9370942669643567,
        "ci_high": 1.183866292966777
      },
      "mae": {
        "mean": 0.6865584042295744,
        "ci_low": 0.6216963607306761,
        "ci_high": 0.7617394471511495
      },
      "r2": {
        "mean": -0.03460202676393749,
        "ci_low": -0.15350448343473308,
        "ci_high": 0.07610998588956434
      },
      "spearman_rho": {
        "mean": 0.28735297210617383,
        "ci_low": 0.17520653871685113,
        "ci_high": 0.39516046011912975
      },
      "kendall_tau": {
        "mean": 0.19604893945869625,
        "ci_low": 0.11615618543175989,
        "ci_high": 0.27658798943705937
      }
    },
    "per_endpoint": {
      "CYP1A2": {
        "st_rae": {
          "mean": 1.161109660527218,
          "ci_low": 0.9101693991175392,
          "ci_high": 1.493585403269671
        },
        "mae": {
          "mean": 0.756232548604246,
          "ci_low": 0.5916435212385459,
          "ci_high": 0.9445441628088715
        },
        "r2": {
          "mean": -0.0631469112178062,
          "ci_low": -0.32393361672197957,
          "ci_high": 0.13873059984164354
        },
        "spearman_rho": {
          "mean": 0.2658726336709774,
          "ci_low": 0.021081332506235166,
          "ci_high": 0.4852013402048306
        },
        "kendall_tau": {
          "mean": 0.18257859034782267,
          "ci_low": 0.014879372357850263,
          "ci_high": 0.3455742939594723
        }
      },
      "CYP2C9": {
        "st_rae": {
          "mean": 1.0193654677052755,
          "ci_low": 0.7427005802175427,
          "ci_high": 1.3720163989105683
        },
        "mae": {
          "mean": 0.5889565049529076,
          "ci_low": 0.47640917787949244,
          "ci_high": 0.7097605337699254
        },
        "r2": {
          "mean": -0.08244220129973288,
          "ci_low": -0.3972122849562273,
          "ci_high": 0.18713564768744873
        },
        "spearman_rho": {
          "mean": 0.3977870914102241,
          "ci_low": 0.16805675055947086,
          "ci_high": 0.6072505238563961
        },
        "kendall_tau": {
          "mean": 0.2681175719772193,
          "ci_low": 0.10051828275351592,
          "ci_high": 0.42910085131106535
        }
      },
      "CYP2D6": {
        "st_rae": {
          "mean": 1.0984120330583969,
          "ci_low": 0.9146310638680782,
          "ci_high": 1.3152461663766257
        },
        "mae": {
          "mean": 0.6064537234012897,
          "ci_low": 0.47851543481533343,
          "ci_high": 0.744557852928455
        },
        "r2": {
          "mean": -0.11624509209741109,
          "ci_low": -0.4010709991181453,
          "ci_high": 0.07215528021963956
        },
        "spearman_rho": {
          "mean": 0.1188578318572429,
          "ci_low": -0.15904747498917202,
          "ci_high": 0.3648208896470279
        },
        "kendall_tau": {
          "mean": 0.08386273871902955,
          "ci_low": -0.10280584282259508,
          "ci_high": 0.25737133360745607
        }
      },
      "CYP3A4": {
        "st_rae": {
          "mean": 0.9538627958962018,
          "ci_low": 0.7858403763789449,
          "ci_high": 1.1714872051052598
        },
        "mae": {
          "mean": 0.7945908399598542,
          "ci_low": 0.6822830522476241,
          "ci_high": 0.9168432729188786
        },
        "r2": {
          "mean": 0.12342609755920023,
          "ci_low": -0.046250784737730616,
          "ci_high": 0.2594351587533831
        },
        "spearman_rho": {
          "mean": 0.36689433148625084,
          "ci_low": 0.180194632360048,
          "ci_high": 0.5353295631451958
        },
        "kendall_tau": {
          "mean": 0.24963685679071346,
          "ci_low": 0.11781707544655783,
          "ci_high": 0.36988537288228923
        }
      }
    }
  },
  "epochs_run": 3,
  "fit_observations": 806,
  "validation_observations": 272,
  "rule": "fitzhugh_nagumo",
  "generations": 32,
  "hidden_channels": 8,
  "atom_feature_profile": "valence_electronic",
  "atom_feature_count": 38,
  "atom_feature_names": [
    "element_H",
    "element_C",
    "element_N",
    "element_O",
    "element_F",
    "element_P",
    "element_S",
    "element_Cl",
    "element_Br",
    "element_I",
    "element_other",
    "formal_charge",
    "aromatic",
    "hybrid_sp",
    "hybrid_sp2",
    "hybrid_sp3",
    "hybrid_other",
    "degree",
    "total_hydrogens",
    "in_ring",
    "hbond_donor",
    "hbond_acceptor",
    "chiral_cw",
    "chiral_ccw",
    "chiral_other",
    "total_valence",
    "implicit_valence",
    "heavy_atom_degree",
    "radical_electrons",
    "absolute_formal_charge",
    "electronegativity",
    "polarizability",
    "heteroatom",
    "halogen",
    "conjugated_bond_fraction",
    "first_ionization_energy",
    "electron_affinity",
    "electronic_property_missing"
  ],
  "device": "cuda",
  "gpu": "NVIDIA GeForce RTX 5070 Ti",
  "training_seconds": 4.500736199901439,
  "peak_gpu_memory_bytes": 57914880,
  "runtime": {
    "operating_system": "Windows-10-10.0.26200-SP0",
    "machine": "AMD64",
    "python": "3.11.16",
    "python_executable": "C:\\Users\\Anthony\\anaconda3\\envs\\strange-matter-gpu\\python.exe",
    "pytorch": "2.11.0+cu128",
    "pytorch_cuda": "12.8",
    "device": "cuda",
    "gpu": "NVIDIA GeForce RTX 5070 Ti"
  },
  "validation_protocol": {
    "kind": "scaffold_cross_validation",
    "fold": 0,
    "folds": 5
  },
  "readout": "differentiable_closed_form_ridge",
  "hyperparameters": {
    "ca_lr": 0.001,
    "ridge": 0.1,
    "ca_l2": 1e-05,
    "gradient_clip": 2.0,
    "update_scale": 0.15,
    "init_scale": 1.5,
    "initial_noise": 0.005,
    "support_fraction": 0.85,
    "bond_temperature": 0.5,
    "dyn_a": 0.2,
    "dyn_b": 0.2,
    "dyn_c": 0.2,
    "dyn_d": 0.15,
    "lr_schedule": "cosine_0.1x"
  }
}
