{"operating_system": "Windows-10-10.0.26200-SP0", "machine": "AMD64", "python": "3.11.16", "python_executable": "C:\\Users\\Anthony\\anaconda3\\envs\\strange-matter-gpu\\python.exe", "pytorch": "2.11.0+cu128", "pytorch_cuda": "12.8", "device": "cuda", "gpu": "NVIDIA GeForce RTX 5070 Ti"}
{"epoch": 1, "train_rmse": 1.0606214673707135, "validation_rmse": 0.850333571434021, "validation_ma_st_rae": 0.8562897307304747, "validation_CYP1A2_st_rae": 0.7756851882704228, "validation_CYP2C9_st_rae": 0.9441611800234005, "validation_CYP2D6_st_rae": 0.9971231969638082, "validation_CYP3A4_st_rae": 0.7081893576642673, "mean_raw_gradient_norm": 9.237998753786087, "fraction_gradients_clipped": 1.0}
{"epoch": 2, "train_rmse": 1.0896709412012462, "validation_rmse": 0.8536722660064697, "validation_ma_st_rae": 0.8590051397553494, "validation_CYP1A2_st_rae": 0.7730428565548877, "validation_CYP2C9_st_rae": 0.9089668209247158, "validation_CYP2D6_st_rae": 1.0115990154533014, "validation_CYP3A4_st_rae": 0.7424118660884925, "mean_raw_gradient_norm": 9.82938502728939, "fraction_gradients_clipped": 1.0}
{"epoch": 3, "train_rmse": 0.9884530886401107, "validation_rmse": 0.8545736074447632, "validation_ma_st_rae": 0.8518768393025344, "validation_CYP1A2_st_rae": 0.7862250663258876, "validation_CYP2C9_st_rae": 0.8989584694883176, "validation_CYP2D6_st_rae": 1.0102209361775998, "validation_CYP3A4_st_rae": 0.7121028852183326, "mean_raw_gradient_norm": 8.07920578122139, "fraction_gradients_clipped": 1.0}
{"epoch": 4, "train_rmse": 1.0159855588819522, "validation_rmse": 0.8563145399093628, "validation_ma_st_rae": 0.8504710817398003, "validation_CYP1A2_st_rae": 0.797757821555894, "validation_CYP2C9_st_rae": 0.8869250161744469, "validation_CYP2D6_st_rae": 1.0008803315083796, "validation_CYP3A4_st_rae": 0.7163211577204809, "mean_raw_gradient_norm": 7.7653341591358185, "fraction_gradients_clipped": 1.0}
{"epoch": 5, "train_rmse": 1.0648542217140768, "validation_rmse": 0.8499127626419067, "validation_ma_st_rae": 0.8528856231635176, "validation_CYP1A2_st_rae": 0.810757960741521, "validation_CYP2C9_st_rae": 0.8920713680934094, "validation_CYP2D6_st_rae": 1.004586133041791, "validation_CYP3A4_st_rae": 0.7041270307773494, "mean_raw_gradient_norm": 8.502012372016907, "fraction_gradients_clipped": 1.0}
{
  "seed": 1701,
  "selection_metric": "validation_ma_st_rae",
  "best_validation_ma_st_rae": 0.8518768393025344,
  "best_validation_rmse": 0.8545736074447632,
  "restored_fit_rmse": 0.8425054550170898,
  "restored_validation_rmse": 0.8545762300491333,
  "restored_fit_ma_st_rae": 0.8369753773458335,
  "restored_validation_ma_st_rae": 0.8579285005644696,
  "restored_validation_point_ma_st_rae": 0.8518816572332892,
  "restored_validation_point_st_rae_by_cyp": {
    "CYP1A2": 0.7862300734121433,
    "CYP2C9": 0.8989575806963364,
    "CYP2D6": 1.0102444070847996,
    "CYP3A4": 0.712094567739878
  },
  "restored_fit_st_rae_by_cyp": {
    "CYP1A2": 0.8628307910603802,
    "CYP2C9": 0.7942774150203304,
    "CYP2D6": 0.9941691321690173,
    "CYP3A4": 0.6966241711336061
  },
  "restored_validation_st_rae_by_cyp": {
    "CYP1A2": 0.7885247990357707,
    "CYP2C9": 0.910781663270126,
    "CYP2D6": 1.0177351050862857,
    "CYP3A4": 0.7146724348656959
  },
  "validation_bootstrap_metrics": {
    "n_bootstrap_samples": 1000,
    "seed": 0,
    "macro": {
      "st_rae": {
        "mean": 0.8579285005644696,
        "ci_low": 0.8014607850558761,
        "ci_high": 0.9248061946625828
      },
      "mae": {
        "mean": 0.6243651274013043,
        "ci_low": 0.5810153386237685,
        "ci_high": 0.6705611716499227
      },
      "r2": {
        "mean": 0.19542009691383574,
        "ci_low": 0.12435924557200957,
        "ci_high": 0.25750205154444883
      },
      "spearman_rho": {
        "mean": 0.4405943546974908,
        "ci_low": 0.37720701716416255,
        "ci_high": 0.5028063725580946
      },
      "kendall_tau": {
        "mean": 0.310927848384506,
        "ci_low": 0.26601874953842325,
        "ci_high": 0.35476896510601436
      }
    },
    "per_endpoint": {
      "CYP1A2": {
        "st_rae": {
          "mean": 0.7885247990357707,
          "ci_low": 0.6827460920858381,
          "ci_high": 0.9215454932020098
        },
        "mae": {
          "mean": 0.6904818686375136,
          "ci_low": 0.5944154107683821,
          "ci_high": 0.7947431852923164
        },
        "r2": {
          "mean": 0.24437534812201653,
          "ci_low": 0.059194506880073994,
          "ci_high": 0.36708250423124655
        },
        "spearman_rho": {
          "mean": 0.5777590842247823,
          "ci_low": 0.4508483277274626,
          "ci_high": 0.6795667382684555
        },
        "kendall_tau": {
          "mean": 0.4092998723516829,
          "ci_low": 0.31621057098420285,
          "ci_high": 0.4863018603190132
        }
      },
      "CYP2C9": {
        "st_rae": {
          "mean": 0.910781663270126,
          "ci_low": 0.7568426574758335,
          "ci_high": 1.0973608279659677
        },
        "mae": {
          "mean": 0.500953664568604,
          "ci_low": 0.4384675613680824,
          "ci_high": 0.563503242369558
        },
        "r2": {
          "mean": 0.22249578904152653,
          "ci_low": 0.05462730139424692,
          "ci_high": 0.3677982836317629
        },
        "spearman_rho": {
          "mean": 0.41356851018136637,
          "ci_low": 0.2642086355793941,
          "ci_high": 0.5487084534051986
        },
        "kendall_tau": {
          "mean": 0.28477583491898245,
          "ci_low": 0.1772447568803326,
          "ci_high": 0.3855402540211024
        }
      },
      "CYP2D6": {
        "st_rae": {
          "mean": 1.0177351050862857,
          "ci_low": 0.9124541626388264,
          "ci_high": 1.1318709294945626
        },
        "mae": {
          "mean": 0.652445479340587,
          "ci_low": 0.5478279040637591,
          "ci_high": 0.7677239377870627
        },
        "r2": {
          "mean": -0.04183281593746291,
          "ci_low": -0.16108321255508465,
          "ci_high": 0.07137984501323245
        },
        "spearman_rho": {
          "mean": 0.17117702169396143,
          "ci_low": 0.009628375182399902,
          "ci_high": 0.3307210064122081
        },
        "kendall_tau": {
          "mean": 0.11425320949370106,
          "ci_low": 0.006520257610759038,
          "ci_high": 0.22615289582767162
        }
      },
      "CYP3A4": {
        "st_rae": {
          "mean": 0.7146724348656959,
          "ci_low": 0.6136927649671663,
          "ci_high": 0.8231173639132014
        },
        "mae": {
          "mean": 0.6535794970585127,
          "ci_low": 0.5858070818802058,
          "ci_high": 0.7240143518326646
        },
        "r2": {
          "mean": 0.35664206642926277,
          "ci_low": 0.2363752453082605,
          "ci_high": 0.4678084759550341
        },
        "spearman_rho": {
          "mean": 0.599872802689853,
          "ci_low": 0.5048940942598206,
          "ci_high": 0.6936963887674229
        },
        "kendall_tau": {
          "mean": 0.43538247677365755,
          "ci_low": 0.3606354452627214,
          "ci_high": 0.5098296620878457
        }
      }
    }
  },
  "epochs_run": 5,
  "fit_observations": 2636,
  "validation_observations": 657,
  "rule": "inertial_reaction_diffusion",
  "generations": 125,
  "hidden_channels": 16,
  "atom_feature_profile": "periodic_electronic",
  "atom_feature_count": 41,
  "atom_feature_names": [
    "element_H",
    "element_C",
    "element_N",
    "element_O",
    "element_F",
    "element_P",
    "element_S",
    "element_Cl",
    "element_Br",
    "element_I",
    "element_other",
    "formal_charge",
    "aromatic",
    "hybrid_sp",
    "hybrid_sp2",
    "hybrid_sp3",
    "hybrid_other",
    "degree",
    "total_hydrogens",
    "in_ring",
    "hbond_donor",
    "hbond_acceptor",
    "chiral_cw",
    "chiral_ccw",
    "chiral_other",
    "atomic_number",
    "atomic_mass",
    "covalent_radius",
    "vdw_radius",
    "outer_electrons",
    "period",
    "periodic_group",
    "atomic_volume",
    "electronegativity",
    "polarizability",
    "heteroatom",
    "halogen",
    "conjugated_bond_fraction",
    "first_ionization_energy",
    "electron_affinity",
    "electronic_property_missing"
  ],
  "device": "cuda",
  "gpu": "NVIDIA GeForce RTX 5070 Ti",
  "training_seconds": 42.757115700049326,
  "peak_gpu_memory_bytes": 643644928,
  "runtime": {
    "operating_system": "Windows-10-10.0.26200-SP0",
    "machine": "AMD64",
    "python": "3.11.16",
    "python_executable": "C:\\Users\\Anthony\\anaconda3\\envs\\strange-matter-gpu\\python.exe",
    "pytorch": "2.11.0+cu128",
    "pytorch_cuda": "12.8",
    "device": "cuda",
    "gpu": "NVIDIA GeForce RTX 5070 Ti"
  },
  "validation_protocol": {
    "kind": "scaffold_cross_validation",
    "fold": 2,
    "folds": 5
  },
  "readout": "differentiable_closed_form_ridge",
  "hyperparameters": {
    "ca_lr": 0.003,
    "ridge": 1.0,
    "ca_l2": 1e-06,
    "gradient_clip": 1.0,
    "update_scale": 0.4,
    "init_scale": 0.5,
    "initial_noise": 0.0,
    "support_fraction": 0.75,
    "bond_temperature": 2.0,
    "dyn_a": 0.5,
    "dyn_b": 0.5,
    "dyn_c": 0.2,
    "dyn_d": 0.3,
    "lr_schedule": "cosine_0.1x"
  }
}
