{"operating_system": "Windows-10-10.0.26200-SP0", "machine": "AMD64", "python": "3.11.16", "python_executable": "C:\\Users\\Anthony\\anaconda3\\envs\\strange-matter-gpu\\python.exe", "pytorch": "2.11.0+cu128", "pytorch_cuda": "12.8", "device": "cuda", "gpu": "NVIDIA GeForce RTX 5070 Ti"}
{"epoch": 1, "train_rmse": 1.007855754650204, "validation_rmse": 0.8421940803527832, "validation_ma_st_rae": 0.8439918864225295, "validation_CYP1A2_st_rae": 0.8632648690590534, "validation_CYP2C9_st_rae": 0.772469574354207, "validation_CYP2D6_st_rae": 1.04703501692967, "validation_CYP3A4_st_rae": 0.6931980853471879, "mean_raw_gradient_norm": 3.449431986808777, "fraction_gradients_clipped": 1.0}
{"epoch": 2, "train_rmse": 130.2117206681844, "validation_rmse": 0.841385543346405, "validation_ma_st_rae": 0.8417266470416874, "validation_CYP1A2_st_rae": 0.8453732344626337, "validation_CYP2C9_st_rae": 0.7789785796081247, "validation_CYP2D6_st_rae": 1.0313058961510917, "validation_CYP3A4_st_rae": 0.7112488779448997, "mean_raw_gradient_norm": 2627581.4948605155, "fraction_gradients_clipped": 1.0}
{"epoch": 3, "train_rmse": 0.9402498355929731, "validation_rmse": 0.8320418000221252, "validation_ma_st_rae": 0.8327822312320885, "validation_CYP1A2_st_rae": 0.8363203085553174, "validation_CYP2C9_st_rae": 0.760501119092106, "validation_CYP2D6_st_rae": 1.021235568000343, "validation_CYP3A4_st_rae": 0.7130719292805872, "mean_raw_gradient_norm": 2.7285221719741823, "fraction_gradients_clipped": 1.0}
{"epoch": 4, "train_rmse": 0.9399107109237677, "validation_rmse": 0.8294987082481384, "validation_ma_st_rae": 0.8307593516142209, "validation_CYP1A2_st_rae": 0.8290464080489287, "validation_CYP2C9_st_rae": 0.747931798208053, "validation_CYP2D6_st_rae": 1.0351778740559108, "validation_CYP3A4_st_rae": 0.7108813261439911, "mean_raw_gradient_norm": 2.6770823860168456, "fraction_gradients_clipped": 1.0}
{"epoch": 5, "train_rmse": 0.9660257552915136, "validation_rmse": 0.8321326971054077, "validation_ma_st_rae": 0.8343732284447087, "validation_CYP1A2_st_rae": 0.8453724138058082, "validation_CYP2C9_st_rae": 0.7638992194684316, "validation_CYP2D6_st_rae": 1.0226295442892541, "validation_CYP3A4_st_rae": 0.7055917362153414, "mean_raw_gradient_norm": 2.454536395072937, "fraction_gradients_clipped": 1.0}
{"epoch": 6, "train_rmse": 0.9399340696264451, "validation_rmse": 0.831314206123352, "validation_ma_st_rae": 0.8299680142813625, "validation_CYP1A2_st_rae": 0.8480466213046307, "validation_CYP2C9_st_rae": 0.7458384536675235, "validation_CYP2D6_st_rae": 1.0250161314615855, "validation_CYP3A4_st_rae": 0.7009708506917104, "mean_raw_gradient_norm": 2.395722289085388, "fraction_gradients_clipped": 1.0}
{
  "seed": 1701,
  "selection_metric": "validation_ma_st_rae",
  "best_validation_ma_st_rae": 0.8327822312320885,
  "best_validation_rmse": 0.8320418000221252,
  "restored_fit_rmse": 0.8289521336555481,
  "restored_validation_rmse": 0.8309952020645142,
  "restored_fit_ma_st_rae": 0.8275346506718729,
  "restored_validation_ma_st_rae": 0.8332731650979789,
  "restored_validation_point_ma_st_rae": 0.8297699537982355,
  "restored_validation_point_st_rae_by_cyp": {
    "CYP1A2": 0.8397346040412718,
    "CYP2C9": 0.7492545577825929,
    "CYP2D6": 1.0230786451307168,
    "CYP3A4": 0.7070120082383605
  },
  "restored_fit_st_rae_by_cyp": {
    "CYP1A2": 0.8698824267641071,
    "CYP2C9": 0.724851380740189,
    "CYP2D6": 1.021737992154216,
    "CYP3A4": 0.69366680302898
  },
  "restored_validation_st_rae_by_cyp": {
    "CYP1A2": 0.8430082509903625,
    "CYP2C9": 0.7543554915588081,
    "CYP2D6": 1.0277347051266807,
    "CYP3A4": 0.7079942127160648
  },
  "validation_bootstrap_metrics": {
    "n_bootstrap_samples": 1000,
    "seed": 0,
    "macro": {
      "st_rae": {
        "mean": 0.8332731650979789,
        "ci_low": 0.7860152312617075,
        "ci_high": 0.8828208204493465
      },
      "mae": {
        "mean": 0.6049490247481181,
        "ci_low": 0.5698046983432808,
        "ci_high": 0.6411030423548469
      },
      "r2": {
        "mean": 0.209447936922349,
        "ci_low": 0.15512051852747963,
        "ci_high": 0.25765846613435767
      },
      "spearman_rho": {
        "mean": 0.4560274785594374,
        "ci_low": 0.40344073808879083,
        "ci_high": 0.5086137502752174
      },
      "kendall_tau": {
        "mean": 0.3200279753931151,
        "ci_low": 0.28305950664537577,
        "ci_high": 0.358740418211545
      }
    },
    "per_endpoint": {
      "CYP1A2": {
        "st_rae": {
          "mean": 0.8430082509903625,
          "ci_low": 0.7397121071097229,
          "ci_high": 0.9622521115260891
        },
        "mae": {
          "mean": 0.6611032448208894,
          "ci_low": 0.5804303457169062,
          "ci_high": 0.7465946636102742
        },
        "r2": {
          "mean": 0.2405443256217768,
          "ci_low": 0.14938541725187574,
          "ci_high": 0.3262185316301122
        },
        "spearman_rho": {
          "mean": 0.5000534274575135,
          "ci_low": 0.3926309445650905,
          "ci_high": 0.5993937796434423
        },
        "kendall_tau": {
          "mean": 0.34342786131714775,
          "ci_low": 0.26442468975835,
          "ci_high": 0.41815303125729864
        }
      },
      "CYP2C9": {
        "st_rae": {
          "mean": 0.7543554915588081,
          "ci_low": 0.6478071741298191,
          "ci_high": 0.8741587070329687
        },
        "mae": {
          "mean": 0.4680349381524737,
          "ci_low": 0.40918528523185466,
          "ci_high": 0.529349403452165
        },
        "r2": {
          "mean": 0.2604387277137108,
          "ci_low": 0.1521686671094859,
          "ci_high": 0.36453642376937223
        },
        "spearman_rho": {
          "mean": 0.5098083199278822,
          "ci_low": 0.3974184551187775,
          "ci_high": 0.6163128348642852
        },
        "kendall_tau": {
          "mean": 0.35854768507705176,
          "ci_low": 0.2772867500815121,
          "ci_high": 0.43822715533484285
        }
      },
      "CYP2D6": {
        "st_rae": {
          "mean": 1.0277347051266807,
          "ci_low": 0.9413432691431928,
          "ci_high": 1.1209756691211246
        },
        "mae": {
          "mean": 0.6335430049724454,
          "ci_low": 0.5538518536559358,
          "ci_high": 0.7189700215013787
        },
        "r2": {
          "mean": -0.03662776598194751,
          "ci_low": -0.1755653419579116,
          "ci_high": 0.08301189693020453
        },
        "spearman_rho": {
          "mean": 0.20506295906549896,
          "ci_low": 0.06763284006092639,
          "ci_high": 0.32606865780783245
        },
        "kendall_tau": {
          "mean": 0.14058859627024842,
          "ci_low": 0.049760793200975054,
          "ci_high": 0.2262679962539414
        }
      },
      "CYP3A4": {
        "st_rae": {
          "mean": 0.7079942127160648,
          "ci_low": 0.6337387754095202,
          "ci_high": 0.7868779047457254
        },
        "mae": {
          "mean": 0.6571149110466639,
          "ci_low": 0.6054710823933284,
          "ci_high": 0.7107759556531905
        },
        "r2": {
          "mean": 0.3734364603358559,
          "ci_low": 0.2795660207567561,
          "ci_high": 0.45741762105076855
        },
        "spearman_rho": {
          "mean": 0.609185207786855,
          "ci_low": 0.5344256493238719,
          "ci_high": 0.6780648312469327
        },
        "kendall_tau": {
          "mean": 0.4375477589080126,
          "ci_low": 0.380529821421146,
          "ci_high": 0.4928766606110301
        }
      }
    }
  },
  "epochs_run": 6,
  "fit_observations": 4177,
  "validation_observations": 1039,
  "rule": "coupled_map",
  "generations": 125,
  "hidden_channels": 16,
  "atom_feature_profile": "periodic_electronic",
  "atom_feature_count": 41,
  "atom_feature_names": [
    "element_H",
    "element_C",
    "element_N",
    "element_O",
    "element_F",
    "element_P",
    "element_S",
    "element_Cl",
    "element_Br",
    "element_I",
    "element_other",
    "formal_charge",
    "aromatic",
    "hybrid_sp",
    "hybrid_sp2",
    "hybrid_sp3",
    "hybrid_other",
    "degree",
    "total_hydrogens",
    "in_ring",
    "hbond_donor",
    "hbond_acceptor",
    "chiral_cw",
    "chiral_ccw",
    "chiral_other",
    "atomic_number",
    "atomic_mass",
    "covalent_radius",
    "vdw_radius",
    "outer_electrons",
    "period",
    "periodic_group",
    "atomic_volume",
    "electronegativity",
    "polarizability",
    "heteroatom",
    "halogen",
    "conjugated_bond_fraction",
    "first_ionization_energy",
    "electron_affinity",
    "electronic_property_missing"
  ],
  "device": "cuda",
  "gpu": "NVIDIA GeForce RTX 5070 Ti",
  "training_seconds": 87.09046590002254,
  "peak_gpu_memory_bytes": 779181568,
  "runtime": {
    "operating_system": "Windows-10-10.0.26200-SP0",
    "machine": "AMD64",
    "python": "3.11.16",
    "python_executable": "C:\\Users\\Anthony\\anaconda3\\envs\\strange-matter-gpu\\python.exe",
    "pytorch": "2.11.0+cu128",
    "pytorch_cuda": "12.8",
    "device": "cuda",
    "gpu": "NVIDIA GeForce RTX 5070 Ti"
  },
  "validation_protocol": {
    "kind": "scaffold_cross_validation",
    "fold": 2,
    "folds": 5
  },
  "readout": "differentiable_closed_form_ridge",
  "hyperparameters": {
    "ca_lr": 0.003,
    "ridge": 1.0,
    "ca_l2": 1e-06,
    "gradient_clip": 1.0,
    "update_scale": 0.4,
    "init_scale": 0.5,
    "initial_noise": 0.0,
    "support_fraction": 0.75,
    "bond_temperature": 2.0,
    "dyn_a": 0.5,
    "dyn_b": 0.5,
    "dyn_c": 0.2,
    "dyn_d": 0.3,
    "lr_schedule": "cosine_0.1x"
  }
}
