{"operating_system": "Windows-10-10.0.26200-SP0", "machine": "AMD64", "python": "3.11.16", "python_executable": "C:\\Users\\Anthony\\anaconda3\\envs\\strange-matter-gpu\\python.exe", "pytorch": "2.11.0+cu128", "pytorch_cuda": "12.8", "device": "cuda", "gpu": "NVIDIA GeForce RTX 5070 Ti"}
{"epoch": 1, "train_rmse": 1.358031368295372, "validation_rmse": 0.8595689535140991, "validation_ma_st_rae": 0.9756441842863985, "validation_CYP1A2_st_rae": 1.1445116941218934, "validation_CYP2C9_st_rae": 0.8538701406925784, "validation_CYP2D6_st_rae": 1.051006485451541, "validation_CYP3A4_st_rae": 0.8531884168795815, "mean_raw_gradient_norm": 14.528358459472656, "fraction_gradients_clipped": 1.0}
{"epoch": 2, "train_rmse": 1.2051966267438967, "validation_rmse": 0.8625819087028503, "validation_ma_st_rae": 0.9816343508147697, "validation_CYP1A2_st_rae": 1.1463376542022754, "validation_CYP2C9_st_rae": 0.8698800588364782, "validation_CYP2D6_st_rae": 1.060055156752915, "validation_CYP3A4_st_rae": 0.8502645334674105, "mean_raw_gradient_norm": 11.539599537849426, "fraction_gradients_clipped": 1.0}
{"epoch": 3, "train_rmse": 1.4019948724933193, "validation_rmse": 0.8627068996429443, "validation_ma_st_rae": 0.9829871753613093, "validation_CYP1A2_st_rae": 1.1469087769486834, "validation_CYP2C9_st_rae": 0.8730688514194845, "validation_CYP2D6_st_rae": 1.0639693929346483, "validation_CYP3A4_st_rae": 0.8480016801424207, "mean_raw_gradient_norm": 11.396083855628968, "fraction_gradients_clipped": 1.0}
{
  "seed": 1701,
  "selection_metric": "validation_ma_st_rae",
  "best_validation_ma_st_rae": 0.9756441842863985,
  "best_validation_rmse": 0.8595689535140991,
  "restored_fit_rmse": 0.8926001787185669,
  "restored_validation_rmse": 0.8595647215843201,
  "restored_fit_ma_st_rae": 0.8473196821693169,
  "restored_validation_ma_st_rae": 0.9948901509460174,
  "restored_validation_point_ma_st_rae": 0.9756316154660836,
  "restored_validation_point_st_rae_by_cyp": {
    "CYP1A2": 1.1444797623966498,
    "CYP2C9": 0.8538565651294535,
    "CYP2D6": 1.0510056467246969,
    "CYP3A4": 0.8531844876135342
  },
  "restored_fit_st_rae_by_cyp": {
    "CYP1A2": 0.8483469717676047,
    "CYP2C9": 0.7887248856772697,
    "CYP2D6": 1.0268327861904631,
    "CYP3A4": 0.7253740850419298
  },
  "restored_validation_st_rae_by_cyp": {
    "CYP1A2": 1.1553245648163333,
    "CYP2C9": 0.8948233118729647,
    "CYP2D6": 1.064466675140337,
    "CYP3A4": 0.8649460519544342
  },
  "validation_bootstrap_metrics": {
    "n_bootstrap_samples": 1000,
    "seed": 0,
    "macro": {
      "st_rae": {
        "mean": 0.9948901509460174,
        "ci_low": 0.8531837030416467,
        "ci_high": 1.144877033337489
      },
      "mae": {
        "mean": 0.6552387769371667,
        "ci_low": 0.5946990126506707,
        "ci_high": 0.7201789264277216
      },
      "r2": {
        "mean": 0.04786244283255511,
        "ci_low": -0.10629802654436571,
        "ci_high": 0.1761723755201424
      },
      "spearman_rho": {
        "mean": 0.3988213793062014,
        "ci_low": 0.28691646233489343,
        "ci_high": 0.4972340003197437
      },
      "kendall_tau": {
        "mean": 0.28235876537464194,
        "ci_low": 0.20364238981646623,
        "ci_high": 0.35967337117592746
      }
    },
    "per_endpoint": {
      "CYP1A2": {
        "st_rae": {
          "mean": 1.1553245648163333,
          "ci_low": 0.8454317682254564,
          "ci_high": 1.5122071127382417
        },
        "mae": {
          "mean": 0.7351404751480602,
          "ci_low": 0.5779898925882871,
          "ci_high": 0.9137469320023646
        },
        "r2": {
          "mean": -0.0038607742662486013,
          "ci_low": -0.3878046636025757,
          "ci_high": 0.24941055393240996
        },
        "spearman_rho": {
          "mean": 0.3217600793370715,
          "ci_low": 0.07852056947523056,
          "ci_high": 0.5403719578860953
        },
        "kendall_tau": {
          "mean": 0.22222696095557887,
          "ci_low": 0.05794991439388459,
          "ci_high": 0.38496881333345667
        }
      },
      "CYP2C9": {
        "st_rae": {
          "mean": 0.8948233118729647,
          "ci_low": 0.6012995123298135,
          "ci_high": 1.3003692545475707
        },
        "mae": {
          "mean": 0.5448839965025584,
          "ci_low": 0.44222526798645656,
          "ci_high": 0.6539243768652281
        },
        "r2": {
          "mean": 0.03867819736998355,
          "ci_low": -0.3044544721166106,
          "ci_high": 0.3064987110569654
        },
        "spearman_rho": {
          "mean": 0.46046142427300807,
          "ci_low": 0.22976725950642235,
          "ci_high": 0.6652726508901973
        },
        "kendall_tau": {
          "mean": 0.3288287759203404,
          "ci_low": 0.15782667876588022,
          "ci_high": 0.4951589468318682
        }
      },
      "CYP2D6": {
        "st_rae": {
          "mean": 1.064466675140337,
          "ci_low": 0.8653723493851398,
          "ci_high": 1.2973253458639613
        },
        "mae": {
          "mean": 0.5913162904005785,
          "ci_low": 0.4677358468679282,
          "ci_high": 0.7339338684082031
        },
        "r2": {
          "mean": -0.08755298051183744,
          "ci_low": -0.42469690662142523,
          "ci_high": 0.16493059877841168
        },
        "spearman_rho": {
          "mean": 0.31046765477681626,
          "ci_low": 0.08567101102186467,
          "ci_high": 0.5334648183422604
        },
        "kendall_tau": {
          "mean": 0.213420382006448,
          "ci_low": 0.04578350899969821,
          "ci_high": 0.38215057643347966
        }
      },
      "CYP3A4": {
        "st_rae": {
          "mean": 0.8649460519544342,
          "ci_low": 0.67696626335989,
          "ci_high": 1.1055050015376655
        },
        "mae": {
          "mean": 0.7496143456974695,
          "ci_low": 0.6542231588169586,
          "ci_high": 0.8578406712343526
        },
        "r2": {
          "mean": 0.2441853287383229,
          "ci_low": 0.060035318211819,
          "ci_high": 0.39448990071100554
        },
        "spearman_rho": {
          "mean": 0.5025963588379098,
          "ci_low": 0.31567280109542295,
          "ci_high": 0.6604877106610356
        },
        "kendall_tau": {
          "mean": 0.36495894261620054,
          "ci_low": 0.23169883267672167,
          "ci_high": 0.4871233923485613
        }
      }
    }
  },
  "epochs_run": 3,
  "fit_observations": 806,
  "validation_observations": 272,
  "rule": "gated_residual",
  "generations": 16,
  "hidden_channels": 16,
  "atom_feature_profile": "electronic",
  "atom_feature_count": 33,
  "atom_feature_names": [
    "element_H",
    "element_C",
    "element_N",
    "element_O",
    "element_F",
    "element_P",
    "element_S",
    "element_Cl",
    "element_Br",
    "element_I",
    "element_other",
    "formal_charge",
    "aromatic",
    "hybrid_sp",
    "hybrid_sp2",
    "hybrid_sp3",
    "hybrid_other",
    "degree",
    "total_hydrogens",
    "in_ring",
    "hbond_donor",
    "hbond_acceptor",
    "chiral_cw",
    "chiral_ccw",
    "chiral_other",
    "electronegativity",
    "polarizability",
    "heteroatom",
    "halogen",
    "conjugated_bond_fraction",
    "first_ionization_energy",
    "electron_affinity",
    "electronic_property_missing"
  ],
  "device": "cuda",
  "gpu": "NVIDIA GeForce RTX 5070 Ti",
  "training_seconds": 2.7296478000935167,
  "peak_gpu_memory_bytes": 70824448,
  "runtime": {
    "operating_system": "Windows-10-10.0.26200-SP0",
    "machine": "AMD64",
    "python": "3.11.16",
    "python_executable": "C:\\Users\\Anthony\\anaconda3\\envs\\strange-matter-gpu\\python.exe",
    "pytorch": "2.11.0+cu128",
    "pytorch_cuda": "12.8",
    "device": "cuda",
    "gpu": "NVIDIA GeForce RTX 5070 Ti"
  },
  "validation_protocol": {
    "kind": "scaffold_cross_validation",
    "fold": 0,
    "folds": 5
  },
  "readout": "differentiable_closed_form_ridge",
  "prediction_mode": "direct",
  "residual_alpha": null,
  "trajectory_pooling": "legacy",
  "ridge_mode": "shared",
  "loss_mode": "hybrid_interval",
  "interval_loss_beta": 0.5,
  "interval_temperature": 0.1,
  "hyperparameters": {
    "ca_lr": 0.001,
    "ridge": 1.0,
    "ca_l2": 0.0001,
    "gradient_clip": 2.0,
    "update_scale": 0.15,
    "init_scale": 1.0,
    "initial_noise": 0.005,
    "support_fraction": 0.85,
    "bond_temperature": 0.5,
    "dyn_a": 0.8,
    "dyn_b": 0.5,
    "dyn_c": 0.5,
    "dyn_d": 0.3,
    "lr_schedule": "cosine_0.1x"
  }
}
