{"device": "cuda", "gpu": "NVIDIA GeForce RTX 5070 Ti", "pytorch": "2.11.0+cu128", "pytorch_cuda": "12.8"}
{"epoch": 1, "train_rmse": 1.138878989656076, "validation_rmse": 1.0414263010025024, "mean_raw_gradient_norm": 10.664722013473511, "fraction_gradients_clipped": 1.0}
{"epoch": 2, "train_rmse": 1.1692369679784207, "validation_rmse": 1.0404950380325317, "mean_raw_gradient_norm": 12.296239137649536, "fraction_gradients_clipped": 1.0}
{"epoch": 3, "train_rmse": 1.1979238900126599, "validation_rmse": 1.0372273921966553, "mean_raw_gradient_norm": 10.338632535934448, "fraction_gradients_clipped": 1.0}
{
  "seed": 1701,
  "best_validation_rmse": 1.0372273921966553,
  "restored_fit_rmse": 0.9101899266242981,
  "restored_validation_rmse": 1.0372551679611206,
  "epochs_run": 3,
  "fit_observations": 791,
  "validation_observations": 273,
  "rule": "coupled_map",
  "generations": 250,
  "hidden_channels": 8,
  "device": "cuda",
  "gpu": "NVIDIA GeForce RTX 5070 Ti",
  "training_seconds": 23.777458500000648,
  "peak_gpu_memory_bytes": 390693376,
  "readout": "differentiable_closed_form_ridge",
  "hyperparameters": {
    "ca_lr": 0.001,
    "ridge": 0.1,
    "ca_l2": 1e-05,
    "gradient_clip": 0.5,
    "update_scale": 0.15,
    "init_scale": 0.5,
    "initial_noise": 0.0,
    "support_fraction": 0.85,
    "bond_temperature": 1.0,
    "dyn_a": 0.2,
    "dyn_b": 0.8,
    "dyn_c": 0.8,
    "dyn_d": 0.15,
    "lr_schedule": "cosine_0.1x"
  }
}
