{"operating_system": "Windows-10-10.0.26200-SP0", "machine": "AMD64", "python": "3.11.16", "python_executable": "C:\\Users\\Anthony\\anaconda3\\envs\\strange-matter-gpu\\python.exe", "pytorch": "2.11.0+cu128", "pytorch_cuda": "12.8", "device": "cuda", "gpu": "NVIDIA GeForce RTX 5070 Ti"}
{"epoch": 1, "train_rmse": 1.073875980616451, "validation_rmse": 0.9195350408554077, "validation_ma_st_rae": 0.932531420003881, "validation_CYP1A2_st_rae": 0.9045739264102012, "validation_CYP2C9_st_rae": 0.876378671519526, "validation_CYP2D6_st_rae": 1.0760535332824213, "validation_CYP3A4_st_rae": 0.8731195488033754, "mean_raw_gradient_norm": 3.74612944945693, "fraction_gradients_clipped": 1.0}
{"epoch": 2, "train_rmse": 1.0135898788038982, "validation_rmse": 0.9144896268844604, "validation_ma_st_rae": 0.9283029416628086, "validation_CYP1A2_st_rae": 0.8951480095524074, "validation_CYP2C9_st_rae": 0.8760414048668029, "validation_CYP2D6_st_rae": 1.0796378722832676, "validation_CYP3A4_st_rae": 0.8623844799487568, "mean_raw_gradient_norm": 3.682682354003191, "fraction_gradients_clipped": 1.0}
{"epoch": 3, "train_rmse": 1.0083433849862586, "validation_rmse": 0.9118172526359558, "validation_ma_st_rae": 0.9261204797200209, "validation_CYP1A2_st_rae": 0.8927168494290006, "validation_CYP2C9_st_rae": 0.8773787163119916, "validation_CYP2D6_st_rae": 1.0779877936163784, "validation_CYP3A4_st_rae": 0.8563985595227133, "mean_raw_gradient_norm": 3.424197554588318, "fraction_gradients_clipped": 1.0}
{"epoch": 4, "train_rmse": 0.9925393804791617, "validation_rmse": 0.9099913239479065, "validation_ma_st_rae": 0.9250996220052417, "validation_CYP1A2_st_rae": 0.8942428598140413, "validation_CYP2C9_st_rae": 0.8763951213913223, "validation_CYP2D6_st_rae": 1.0787743480791374, "validation_CYP3A4_st_rae": 0.8509861587364658, "mean_raw_gradient_norm": 2.931929897516966, "fraction_gradients_clipped": 1.0}
{"epoch": 5, "train_rmse": 1.0594883504973123, "validation_rmse": 0.9099322557449341, "validation_ma_st_rae": 0.9254988491160884, "validation_CYP1A2_st_rae": 0.8955945171025131, "validation_CYP2C9_st_rae": 0.8776580968559619, "validation_CYP2D6_st_rae": 1.0781660615440778, "validation_CYP3A4_st_rae": 0.8505767209618008, "mean_raw_gradient_norm": 4.142765451222658, "fraction_gradients_clipped": 1.0}
{
  "seed": 1701,
  "selection_metric": "validation_ma_st_rae",
  "best_validation_ma_st_rae": 0.9250996220052417,
  "best_validation_rmse": 0.9099913239479065,
  "restored_fit_rmse": 0.9082328677177429,
  "restored_validation_rmse": 0.9099915623664856,
  "restored_fit_ma_st_rae": 0.9024687473522478,
  "restored_validation_ma_st_rae": 0.9295501342237291,
  "restored_validation_point_ma_st_rae": 0.925093311736539,
  "restored_validation_point_st_rae_by_cyp": {
    "CYP1A2": 0.8942340293258746,
    "CYP2C9": 0.8763904307422618,
    "CYP2D6": 1.0787541894678472,
    "CYP3A4": 0.8509945974101726
  },
  "restored_fit_st_rae_by_cyp": {
    "CYP1A2": 0.8880282376638388,
    "CYP2C9": 0.83299871330686,
    "CYP2D6": 1.023636335706719,
    "CYP3A4": 0.8652117027315731
  },
  "restored_validation_st_rae_by_cyp": {
    "CYP1A2": 0.8990522072463245,
    "CYP2C9": 0.8822349758552711,
    "CYP2D6": 1.082671359903848,
    "CYP3A4": 0.854241993889473
  },
  "validation_bootstrap_metrics": {
    "n_bootstrap_samples": 1000,
    "seed": 0,
    "macro": {
      "st_rae": {
        "mean": 0.9295501342237291,
        "ci_low": 0.8698137348947432,
        "ci_high": 0.999371553385468
      },
      "mae": {
        "mean": 0.6656088624455112,
        "ci_low": 0.6213339775551066,
        "ci_high": 0.7116244160826247
      },
      "r2": {
        "mean": 0.09424635960138687,
        "ci_low": 0.02626874971542299,
        "ci_high": 0.15848359361380998
      },
      "spearman_rho": {
        "mean": 0.3512935385138546,
        "ci_low": 0.27850787007692357,
        "ci_high": 0.41944074241911544
      },
      "kendall_tau": {
        "mean": 0.24617388058683592,
        "ci_low": 0.19251895738443625,
        "ci_high": 0.2952440123689557
      }
    },
    "per_endpoint": {
      "CYP1A2": {
        "st_rae": {
          "mean": 0.8990522072463245,
          "ci_low": 0.7884909426212294,
          "ci_high": 1.0123895285024964
        },
        "mae": {
          "mean": 0.682526954737893,
          "ci_low": 0.5853152103667711,
          "ci_high": 0.7889925248431463
        },
        "r2": {
          "mean": 0.14159502442056526,
          "ci_low": 0.024101926587024234,
          "ci_high": 0.25348831455727994
        },
        "spearman_rho": {
          "mean": 0.4078117212094858,
          "ci_low": 0.2517439833079686,
          "ci_high": 0.5547472429658293
        },
        "kendall_tau": {
          "mean": 0.2899087768147364,
          "ci_low": 0.17652090053036043,
          "ci_high": 0.4014730778594376
        }
      },
      "CYP2C9": {
        "st_rae": {
          "mean": 0.8822349758552711,
          "ci_low": 0.7312694207193453,
          "ci_high": 1.0729216084646958
        },
        "mae": {
          "mean": 0.5474830646169094,
          "ci_low": 0.47800842168676944,
          "ci_high": 0.625214517890042
        },
        "r2": {
          "mean": 0.11458879802319709,
          "ci_low": -0.0856484468592129,
          "ci_high": 0.2704596778350363
        },
        "spearman_rho": {
          "mean": 0.4349326650452354,
          "ci_low": 0.27533698978219406,
          "ci_high": 0.5694000359182514
        },
        "kendall_tau": {
          "mean": 0.3035473478763031,
          "ci_low": 0.19083042155919283,
          "ci_high": 0.39912422665344843
        }
      },
      "CYP2D6": {
        "st_rae": {
          "mean": 1.082671359903848,
          "ci_low": 0.9838601824049291,
          "ci_high": 1.2051238233042219
        },
        "mae": {
          "mean": 0.6278884509166661,
          "ci_low": 0.5240215867105191,
          "ci_high": 0.7369280903443802
        },
        "r2": {
          "mean": -0.04399722822308855,
          "ci_low": -0.18297592479044572,
          "ci_high": 0.06734458438876784
        },
        "spearman_rho": {
          "mean": 0.14212132266504454,
          "ci_low": -0.03374046544022147,
          "ci_high": 0.30825262488527444
        },
        "kendall_tau": {
          "mean": 0.0969461228938079,
          "ci_low": -0.026433822255073066,
          "ci_high": 0.21504490500661722
        }
      },
      "CYP3A4": {
        "st_rae": {
          "mean": 0.854241993889473,
          "ci_low": 0.7630183223041394,
          "ci_high": 0.9458549017349265
        },
        "mae": {
          "mean": 0.8045369795105765,
          "ci_low": 0.726306039663766,
          "ci_high": 0.8774564907387579
        },
        "r2": {
          "mean": 0.16479884418487376,
          "ci_low": 0.08041385110203823,
          "ci_high": 0.24785292005498283
        },
        "spearman_rho": {
          "mean": 0.42030844513565263,
          "ci_low": 0.3101833715314887,
          "ci_high": 0.5258598150182351
        },
        "kendall_tau": {
          "mean": 0.29429327476249634,
          "ci_low": 0.2153132298664949,
          "ci_high": 0.37147991459020663
        }
      }
    }
  },
  "epochs_run": 5,
  "fit_observations": 2659,
  "validation_observations": 646,
  "rule": "gated_residual",
  "generations": 250,
  "hidden_channels": 4,
  "atom_feature_profile": "ring_geometry",
  "atom_feature_count": 32,
  "atom_feature_names": [
    "element_H",
    "element_C",
    "element_N",
    "element_O",
    "element_F",
    "element_P",
    "element_S",
    "element_Cl",
    "element_Br",
    "element_I",
    "element_other",
    "formal_charge",
    "aromatic",
    "hybrid_sp",
    "hybrid_sp2",
    "hybrid_sp3",
    "hybrid_other",
    "degree",
    "total_hydrogens",
    "in_ring",
    "hbond_donor",
    "hbond_acceptor",
    "chiral_cw",
    "chiral_ccw",
    "chiral_other",
    "ring_count",
    "ring_size_3",
    "ring_size_4",
    "ring_size_5",
    "ring_size_6",
    "ring_size_7",
    "ring_size_8_plus"
  ],
  "device": "cuda",
  "gpu": "NVIDIA GeForce RTX 5070 Ti",
  "training_seconds": 94.43875209987164,
  "peak_gpu_memory_bytes": 280090112,
  "runtime": {
    "operating_system": "Windows-10-10.0.26200-SP0",
    "machine": "AMD64",
    "python": "3.11.16",
    "python_executable": "C:\\Users\\Anthony\\anaconda3\\envs\\strange-matter-gpu\\python.exe",
    "pytorch": "2.11.0+cu128",
    "pytorch_cuda": "12.8",
    "device": "cuda",
    "gpu": "NVIDIA GeForce RTX 5070 Ti"
  },
  "validation_protocol": {
    "kind": "scaffold_cross_validation",
    "fold": 1,
    "folds": 5
  },
  "readout": "differentiable_closed_form_ridge",
  "prediction_mode": "direct",
  "residual_alpha": null,
  "trajectory_pooling": "legacy",
  "ridge_mode": "shared",
  "loss_mode": "hybrid_interval",
  "interval_loss_beta": 0.75,
  "interval_temperature": 0.1,
  "hyperparameters": {
    "ca_lr": 0.001,
    "ridge": 1.0,
    "ca_l2": 1e-06,
    "gradient_clip": 1.0,
    "update_scale": 0.4,
    "init_scale": 0.5,
    "initial_noise": 0.005,
    "support_fraction": 0.75,
    "bond_temperature": 0.5,
    "dyn_a": 0.2,
    "dyn_b": 0.2,
    "dyn_c": 0.5,
    "dyn_d": 0.05,
    "lr_schedule": "cosine_0.1x"
  }
}
