{"operating_system": "Windows-10-10.0.26200-SP0", "machine": "AMD64", "python": "3.11.16", "python_executable": "C:\\Users\\Anthony\\anaconda3\\envs\\strange-matter-gpu\\python.exe", "pytorch": "2.11.0+cu128", "pytorch_cuda": "12.8", "device": "cuda", "gpu": "NVIDIA GeForce RTX 5070 Ti"}
{"epoch": 1, "train_rmse": 1.2865338556695305, "validation_rmse": 0.85055011510849, "validation_ma_st_rae": 0.8402826221556077, "validation_CYP1A2_st_rae": 0.8509873815223844, "validation_CYP2C9_st_rae": 0.7722852623952776, "validation_CYP2D6_st_rae": 1.0119152432548393, "validation_CYP3A4_st_rae": 0.7259426014499298, "mean_raw_gradient_norm": 17.861430587768556, "fraction_gradients_clipped": 1.0}
{"epoch": 2, "train_rmse": 1.4593098214313163, "validation_rmse": 0.8504523038864136, "validation_ma_st_rae": 0.8403006541526548, "validation_CYP1A2_st_rae": 0.8520448210390744, "validation_CYP2C9_st_rae": 0.7694600253603375, "validation_CYP2D6_st_rae": 1.0126614684548196, "validation_CYP3A4_st_rae": 0.7270363017563876, "mean_raw_gradient_norm": 20.623622665405275, "fraction_gradients_clipped": 1.0}
{"epoch": 3, "train_rmse": 1.3461949037447176, "validation_rmse": 0.8499159216880798, "validation_ma_st_rae": 0.8399053043706367, "validation_CYP1A2_st_rae": 0.8511479777505334, "validation_CYP2C9_st_rae": 0.7681624872070394, "validation_CYP2D6_st_rae": 1.015261254071895, "validation_CYP3A4_st_rae": 0.7250494984530785, "mean_raw_gradient_norm": 23.178171129226683, "fraction_gradients_clipped": 1.0}
{"epoch": 4, "train_rmse": 1.3634928715865964, "validation_rmse": 0.8493311405181885, "validation_ma_st_rae": 0.8389110679275724, "validation_CYP1A2_st_rae": 0.8502886080760977, "validation_CYP2C9_st_rae": 0.770654120818662, "validation_CYP2D6_st_rae": 1.0129928106541717, "validation_CYP3A4_st_rae": 0.721708732161358, "mean_raw_gradient_norm": 17.583029279708864, "fraction_gradients_clipped": 1.0}
{
  "seed": 1701,
  "selection_metric": "validation_ma_st_rae",
  "best_validation_ma_st_rae": 0.8402826221556077,
  "best_validation_rmse": 0.85055011510849,
  "restored_fit_rmse": 0.8416150808334351,
  "restored_validation_rmse": 0.8505563735961914,
  "restored_fit_ma_st_rae": 0.84964397582848,
  "restored_validation_ma_st_rae": 0.8427397986362074,
  "restored_validation_point_ma_st_rae": 0.8402918770027573,
  "restored_validation_point_st_rae_by_cyp": {
    "CYP1A2": 0.8510013964505821,
    "CYP2C9": 0.7723465540783039,
    "CYP2D6": 1.011896797791864,
    "CYP3A4": 0.7259227596902789
  },
  "restored_fit_st_rae_by_cyp": {
    "CYP1A2": 0.888068631352352,
    "CYP2C9": 0.7563806837881076,
    "CYP2D6": 1.041430336544553,
    "CYP3A4": 0.7126962516289073
  },
  "restored_validation_st_rae_by_cyp": {
    "CYP1A2": 0.8528871579176547,
    "CYP2C9": 0.7754467394413318,
    "CYP2D6": 1.0160796286553415,
    "CYP3A4": 0.7265456685305012
  },
  "validation_bootstrap_metrics": {
    "n_bootstrap_samples": 1000,
    "seed": 0,
    "macro": {
      "st_rae": {
        "mean": 0.8427397986362074,
        "ci_low": 0.7951339964998071,
        "ci_high": 0.8916310435425161
      },
      "mae": {
        "mean": 0.6129885676486224,
        "ci_low": 0.5773852745204201,
        "ci_high": 0.6485142619636483
      },
      "r2": {
        "mean": 0.18230458016182116,
        "ci_low": 0.1215341521469079,
        "ci_high": 0.23773669113479348
      },
      "spearman_rho": {
        "mean": 0.44479240289368455,
        "ci_low": 0.39179524214623,
        "ci_high": 0.49812705748083363
      },
      "kendall_tau": {
        "mean": 0.3121512309473155,
        "ci_low": 0.27389932032765596,
        "ci_high": 0.35045579388020587
      }
    },
    "per_endpoint": {
      "CYP1A2": {
        "st_rae": {
          "mean": 0.8528871579176547,
          "ci_low": 0.7420545377554428,
          "ci_high": 0.9784777715440294
        },
        "mae": {
          "mean": 0.6706305631931248,
          "ci_low": 0.5875368442402378,
          "ci_high": 0.7666821857506625
        },
        "r2": {
          "mean": 0.1760548528346239,
          "ci_low": 0.01918445685617227,
          "ci_high": 0.29749983951987546
        },
        "spearman_rho": {
          "mean": 0.4583101468133277,
          "ci_low": 0.34076128969844915,
          "ci_high": 0.5708669675946576
        },
        "kendall_tau": {
          "mean": 0.3196291702147056,
          "ci_low": 0.2371301746415941,
          "ci_high": 0.4019365429143711
        }
      },
      "CYP2C9": {
        "st_rae": {
          "mean": 0.7754467394413318,
          "ci_low": 0.6636405147686124,
          "ci_high": 0.9082726256408374
        },
        "mae": {
          "mean": 0.47766736922405734,
          "ci_low": 0.42016348526029307,
          "ci_high": 0.5400556639869614
        },
        "r2": {
          "mean": 0.24833169422208404,
          "ci_low": 0.14266346316318052,
          "ci_high": 0.3502024253792435
        },
        "spearman_rho": {
          "mean": 0.4813150283349024,
          "ci_low": 0.36067448105098565,
          "ci_high": 0.5863622054074016
        },
        "kendall_tau": {
          "mean": 0.33285775036979065,
          "ci_low": 0.24438838698428425,
          "ci_high": 0.4138809569986473
        }
      },
      "CYP2D6": {
        "st_rae": {
          "mean": 1.0160796286553415,
          "ci_low": 0.9384248030541658,
          "ci_high": 1.0974985521304081
        },
        "mae": {
          "mean": 0.6280494025976897,
          "ci_low": 0.5465259107049375,
          "ci_high": 0.7129521081411161
        },
        "r2": {
          "mean": -0.024900567502286742,
          "ci_low": -0.11632446370924704,
          "ci_high": 0.06568874563189434
        },
        "spearman_rho": {
          "mean": 0.22909179879716532,
          "ci_low": 0.08973748659208007,
          "ci_high": 0.3503010856665732
        },
        "kendall_tau": {
          "mean": 0.15786559267601732,
          "ci_low": 0.06177261282703593,
          "ci_high": 0.24172465982353966
        }
      },
      "CYP3A4": {
        "st_rae": {
          "mean": 0.7265456685305012,
          "ci_low": 0.6535979832326599,
          "ci_high": 0.8066261770345616
        },
        "mae": {
          "mean": 0.6756069355796178,
          "ci_low": 0.6223027962684631,
          "ci_high": 0.7287567310253779
        },
        "r2": {
          "mean": 0.3297323410928634,
          "ci_low": 0.19766671423606083,
          "ci_high": 0.4353312474899257
        },
        "spearman_rho": {
          "mean": 0.6104526376293428,
          "ci_low": 0.5384981720031262,
          "ci_high": 0.6791578840919605
        },
        "kendall_tau": {
          "mean": 0.4382524105287487,
          "ci_low": 0.38497448532495376,
          "ci_high": 0.491411957220973
        }
      }
    }
  },
  "epochs_run": 4,
  "fit_observations": 4177,
  "validation_observations": 1039,
  "rule": "kuramoto_sakaguchi",
  "generations": 16,
  "hidden_channels": 16,
  "atom_feature_profile": "periodic_valence",
  "atom_feature_count": 38,
  "atom_feature_names": [
    "element_H",
    "element_C",
    "element_N",
    "element_O",
    "element_F",
    "element_P",
    "element_S",
    "element_Cl",
    "element_Br",
    "element_I",
    "element_other",
    "formal_charge",
    "aromatic",
    "hybrid_sp",
    "hybrid_sp2",
    "hybrid_sp3",
    "hybrid_other",
    "degree",
    "total_hydrogens",
    "in_ring",
    "hbond_donor",
    "hbond_acceptor",
    "chiral_cw",
    "chiral_ccw",
    "chiral_other",
    "atomic_number",
    "atomic_mass",
    "covalent_radius",
    "vdw_radius",
    "outer_electrons",
    "period",
    "periodic_group",
    "atomic_volume",
    "total_valence",
    "implicit_valence",
    "heavy_atom_degree",
    "radical_electrons",
    "absolute_formal_charge"
  ],
  "device": "cuda",
  "gpu": "NVIDIA GeForce RTX 5070 Ti",
  "training_seconds": 18.964815499959514,
  "peak_gpu_memory_bytes": 80835584,
  "runtime": {
    "operating_system": "Windows-10-10.0.26200-SP0",
    "machine": "AMD64",
    "python": "3.11.16",
    "python_executable": "C:\\Users\\Anthony\\anaconda3\\envs\\strange-matter-gpu\\python.exe",
    "pytorch": "2.11.0+cu128",
    "pytorch_cuda": "12.8",
    "device": "cuda",
    "gpu": "NVIDIA GeForce RTX 5070 Ti"
  },
  "validation_protocol": {
    "kind": "scaffold_cross_validation",
    "fold": 2,
    "folds": 5
  },
  "readout": "differentiable_closed_form_ridge",
  "prediction_mode": "direct",
  "residual_alpha": null,
  "trajectory_pooling": "legacy",
  "ridge_mode": "shared",
  "loss_mode": "hybrid_interval",
  "interval_loss_beta": 0.75,
  "interval_temperature": 0.1,
  "hyperparameters": {
    "ca_lr": 0.0003,
    "ridge": 0.1,
    "ca_l2": 0.0001,
    "gradient_clip": 2.0,
    "update_scale": 0.08,
    "init_scale": 0.5,
    "initial_noise": 0.01,
    "support_fraction": 0.85,
    "bond_temperature": 0.5,
    "dyn_a": 0.8,
    "dyn_b": 0.8,
    "dyn_c": 0.8,
    "dyn_d": 0.05,
    "lr_schedule": "cosine_0.1x"
  }
}
