{"device": "cuda", "gpu": "NVIDIA GeForce RTX 5070 Ti", "pytorch": "2.11.0+cu128", "pytorch_cuda": "12.8"}
{"epoch": 1, "train_rmse": 1.4054624561966522, "validation_rmse": 1.0471110343933105, "mean_raw_gradient_norm": 20.818681716918945, "fraction_gradients_clipped": 1.0}
{"epoch": 2, "train_rmse": 1.3839593129764927, "validation_rmse": 1.0415562391281128, "mean_raw_gradient_norm": 23.275604057312012, "fraction_gradients_clipped": 1.0}
{"epoch": 3, "train_rmse": 1.3187432977740834, "validation_rmse": 1.0422258377075195, "mean_raw_gradient_norm": 22.182694816589354, "fraction_gradients_clipped": 1.0}
{
  "seed": 1701,
  "best_validation_rmse": 1.0415562391281128,
  "restored_fit_rmse": 0.8108760118484497,
  "restored_validation_rmse": 1.0423024892807007,
  "epochs_run": 3,
  "fit_observations": 791,
  "validation_observations": 273,
  "rule": "coupled_map",
  "generations": 32,
  "hidden_channels": 16,
  "device": "cuda",
  "gpu": "NVIDIA GeForce RTX 5070 Ti",
  "training_seconds": 3.5268926999997348,
  "peak_gpu_memory_bytes": 205041152,
  "readout": "differentiable_closed_form_ridge",
  "hyperparameters": {
    "ca_lr": 0.0003,
    "ridge": 0.01,
    "ca_l2": 1e-06,
    "gradient_clip": 2.0,
    "update_scale": 0.08,
    "init_scale": 0.5,
    "initial_noise": 0.01,
    "support_fraction": 0.6,
    "bond_temperature": 2.0,
    "dyn_a": 0.5,
    "dyn_b": 0.8,
    "dyn_c": 0.8,
    "dyn_d": 0.3,
    "lr_schedule": "cosine_0.1x"
  }
}
