{"operating_system": "Windows-10-10.0.26200-SP0", "machine": "AMD64", "python": "3.11.16", "python_executable": "C:\\Users\\Anthony\\anaconda3\\envs\\strange-matter-gpu\\python.exe", "pytorch": "2.11.0+cu128", "pytorch_cuda": "12.8", "device": "cuda", "gpu": "NVIDIA GeForce RTX 5070 Ti"}
{"epoch": 1, "train_rmse": 1.398039942457975, "validation_rmse": 0.875339686870575, "validation_ma_st_rae": 0.8467525676960725, "validation_CYP1A2_st_rae": 0.8340306098385926, "validation_CYP2C9_st_rae": 0.8004103538748565, "validation_CYP2D6_st_rae": 1.0353810988376593, "validation_CYP3A4_st_rae": 0.7171882082331822, "mean_raw_gradient_norm": 22.126132041215897, "fraction_gradients_clipped": 1.0}
{"epoch": 2, "train_rmse": 1.3518378452700746, "validation_rmse": 0.8743677139282227, "validation_ma_st_rae": 0.8444639373049114, "validation_CYP1A2_st_rae": 0.8340946902246856, "validation_CYP2C9_st_rae": 0.793121979249771, "validation_CYP2D6_st_rae": 1.0353318132928908, "validation_CYP3A4_st_rae": 0.7153072664522984, "mean_raw_gradient_norm": 16.926486253738403, "fraction_gradients_clipped": 1.0}
{"epoch": 3, "train_rmse": 1.5310338652160314, "validation_rmse": 0.874773383140564, "validation_ma_st_rae": 0.8456645871055727, "validation_CYP1A2_st_rae": 0.8330804614820987, "validation_CYP2C9_st_rae": 0.7977533984756671, "validation_CYP2D6_st_rae": 1.036356503944772, "validation_CYP3A4_st_rae": 0.7154679845197527, "mean_raw_gradient_norm": 21.860499322414398, "fraction_gradients_clipped": 1.0}
{"epoch": 4, "train_rmse": 1.3048865368760156, "validation_rmse": 0.8747180104255676, "validation_ma_st_rae": 0.8463012303137176, "validation_CYP1A2_st_rae": 0.832855957572593, "validation_CYP2C9_st_rae": 0.7991913269622344, "validation_CYP2D6_st_rae": 1.0363346949621244, "validation_CYP3A4_st_rae": 0.7168229417579186, "mean_raw_gradient_norm": 22.23097752034664, "fraction_gradients_clipped": 1.0}
{
  "seed": 1701,
  "selection_metric": "validation_ma_st_rae",
  "best_validation_ma_st_rae": 0.8467525676960725,
  "best_validation_rmse": 0.875339686870575,
  "restored_fit_rmse": 0.8399198651313782,
  "restored_validation_rmse": 0.875342607498169,
  "restored_fit_ma_st_rae": 0.8393961100902836,
  "restored_validation_ma_st_rae": 0.8514027252819573,
  "restored_validation_point_ma_st_rae": 0.8467556110548505,
  "restored_validation_point_st_rae_by_cyp": {
    "CYP1A2": 0.8340351382852348,
    "CYP2C9": 0.8003998950668909,
    "CYP2D6": 1.035426620461987,
    "CYP3A4": 0.717160790405289
  },
  "restored_fit_st_rae_by_cyp": {
    "CYP1A2": 0.8734670203389654,
    "CYP2C9": 0.7483367017229509,
    "CYP2D6": 1.0316506352323331,
    "CYP3A4": 0.7041300830668852
  },
  "restored_validation_st_rae_by_cyp": {
    "CYP1A2": 0.8354589340389322,
    "CYP2C9": 0.806326591757306,
    "CYP2D6": 1.0433038977677798,
    "CYP3A4": 0.7205214775638114
  },
  "validation_bootstrap_metrics": {
    "n_bootstrap_samples": 1000,
    "seed": 0,
    "macro": {
      "st_rae": {
        "mean": 0.8514027252819573,
        "ci_low": 0.790134166605151,
        "ci_high": 0.917080276617873
      },
      "mae": {
        "mean": 0.6316175055898584,
        "ci_low": 0.587434770949112,
        "ci_high": 0.6756934615866125
      },
      "r2": {
        "mean": 0.17414016541425206,
        "ci_low": 0.08627698078967451,
        "ci_high": 0.2493328161034804
      },
      "spearman_rho": {
        "mean": 0.45319480118735417,
        "ci_low": 0.39090975108080583,
        "ci_high": 0.517082135762805
      },
      "kendall_tau": {
        "mean": 0.3207013482391743,
        "ci_low": 0.2749647286293691,
        "ci_high": 0.3670947801402763
      }
    },
    "per_endpoint": {
      "CYP1A2": {
        "st_rae": {
          "mean": 0.8354589340389322,
          "ci_low": 0.7064054065222775,
          "ci_high": 0.9898931743207193
        },
        "mae": {
          "mean": 0.7216418822875506,
          "ci_low": 0.6169767470299443,
          "ci_high": 0.8334480818879756
        },
        "r2": {
          "mean": 0.15730381067461058,
          "ci_low": -0.06251540824496678,
          "ci_high": 0.3085914849361838
        },
        "spearman_rho": {
          "mean": 0.49890696966459547,
          "ci_low": 0.36502888299392144,
          "ci_high": 0.6200676797595548
        },
        "kendall_tau": {
          "mean": 0.35435198295627346,
          "ci_low": 0.25682614539832754,
          "ci_high": 0.4452729747624344
        }
      },
      "CYP2C9": {
        "st_rae": {
          "mean": 0.806326591757306,
          "ci_low": 0.6594538839913541,
          "ci_high": 0.972814343331421
        },
        "mae": {
          "mean": 0.47642013864048194,
          "ci_low": 0.41105772774727617,
          "ci_high": 0.5491581377924465
        },
        "r2": {
          "mean": 0.25975376783056886,
          "ci_low": 0.11854693032340449,
          "ci_high": 0.38559768698682356
        },
        "spearman_rho": {
          "mean": 0.48191997500292993,
          "ci_low": 0.3437544633824288,
          "ci_high": 0.6111708325663807
        },
        "kendall_tau": {
          "mean": 0.3313841569298813,
          "ci_low": 0.22309665706709786,
          "ci_high": 0.43058660129326487
        }
      },
      "CYP2D6": {
        "st_rae": {
          "mean": 1.0433038977677798,
          "ci_low": 0.9296698801885861,
          "ci_high": 1.1664118852619325
        },
        "mae": {
          "mean": 0.6648199885128238,
          "ci_low": 0.5610238916062295,
          "ci_high": 0.7772547782312894
        },
        "r2": {
          "mean": -0.045209099852642036,
          "ci_low": -0.1999272765690296,
          "ci_high": 0.09191777969380564
        },
        "spearman_rho": {
          "mean": 0.2138238037418963,
          "ci_low": 0.049999107669883636,
          "ci_high": 0.3737093989380491
        },
        "kendall_tau": {
          "mean": 0.14819914441636584,
          "ci_low": 0.034778235048337096,
          "ci_high": 0.2612964913250259
        }
      },
      "CYP3A4": {
        "st_rae": {
          "mean": 0.7205214775638114,
          "ci_low": 0.6200289045143909,
          "ci_high": 0.8379340074560723
        },
        "mae": {
          "mean": 0.6635880129185773,
          "ci_low": 0.5955670294872785,
          "ci_high": 0.7366579930408527
        },
        "r2": {
          "mean": 0.32471218300447097,
          "ci_low": 0.10274463605563448,
          "ci_high": 0.4717832743826012
        },
        "spearman_rho": {
          "mean": 0.6181284563399951,
          "ci_low": 0.5238671852591898,
          "ci_high": 0.7044171833803572
        },
        "kendall_tau": {
          "mean": 0.44887010865417654,
          "ci_low": 0.376273856516858,
          "ci_high": 0.5179516932236619
        }
      }
    }
  },
  "epochs_run": 4,
  "fit_observations": 2636,
  "validation_observations": 657,
  "rule": "kuramoto_sakaguchi",
  "generations": 16,
  "hidden_channels": 16,
  "atom_feature_profile": "periodic_valence",
  "atom_feature_count": 38,
  "atom_feature_names": [
    "element_H",
    "element_C",
    "element_N",
    "element_O",
    "element_F",
    "element_P",
    "element_S",
    "element_Cl",
    "element_Br",
    "element_I",
    "element_other",
    "formal_charge",
    "aromatic",
    "hybrid_sp",
    "hybrid_sp2",
    "hybrid_sp3",
    "hybrid_other",
    "degree",
    "total_hydrogens",
    "in_ring",
    "hbond_donor",
    "hbond_acceptor",
    "chiral_cw",
    "chiral_ccw",
    "chiral_other",
    "atomic_number",
    "atomic_mass",
    "covalent_radius",
    "vdw_radius",
    "outer_electrons",
    "period",
    "periodic_group",
    "atomic_volume",
    "total_valence",
    "implicit_valence",
    "heavy_atom_degree",
    "radical_electrons",
    "absolute_formal_charge"
  ],
  "device": "cuda",
  "gpu": "NVIDIA GeForce RTX 5070 Ti",
  "training_seconds": 12.18462900002487,
  "peak_gpu_memory_bytes": 75281408,
  "runtime": {
    "operating_system": "Windows-10-10.0.26200-SP0",
    "machine": "AMD64",
    "python": "3.11.16",
    "python_executable": "C:\\Users\\Anthony\\anaconda3\\envs\\strange-matter-gpu\\python.exe",
    "pytorch": "2.11.0+cu128",
    "pytorch_cuda": "12.8",
    "device": "cuda",
    "gpu": "NVIDIA GeForce RTX 5070 Ti"
  },
  "validation_protocol": {
    "kind": "scaffold_cross_validation",
    "fold": 2,
    "folds": 5
  },
  "readout": "differentiable_closed_form_ridge",
  "prediction_mode": "direct",
  "residual_alpha": null,
  "trajectory_pooling": "legacy",
  "ridge_mode": "shared",
  "loss_mode": "hybrid_interval",
  "interval_loss_beta": 0.75,
  "interval_temperature": 0.1,
  "hyperparameters": {
    "ca_lr": 0.0003,
    "ridge": 0.1,
    "ca_l2": 0.0001,
    "gradient_clip": 2.0,
    "update_scale": 0.08,
    "init_scale": 0.5,
    "initial_noise": 0.01,
    "support_fraction": 0.85,
    "bond_temperature": 0.5,
    "dyn_a": 0.8,
    "dyn_b": 0.8,
    "dyn_c": 0.8,
    "dyn_d": 0.05,
    "lr_schedule": "cosine_0.1x"
  }
}
