{"operating_system": "macOS-26.2-arm64-arm-64bit", "machine": "arm64", "python": "3.10.19", "python_executable": "/opt/anaconda3/envs/kcc2/bin/python3.10", "pytorch": "2.8.0", "pytorch_cuda": null, "device": "cpu", "gpu": null}
{"epoch": 1, "train_rmse": 1.5292754350276903, "validation_rmse": 0.9519925117492676, "mean_raw_gradient_norm": 197.42202943371188, "fraction_gradients_clipped": 1.0}
{"epoch": 2, "train_rmse": 1.5416966966282786, "validation_rmse": 0.9526523351669312, "mean_raw_gradient_norm": 154.29063292472594, "fraction_gradients_clipped": 1.0}
{"epoch": 3, "train_rmse": 1.4827776980690361, "validation_rmse": 0.9452605843544006, "mean_raw_gradient_norm": 137.24142157646918, "fraction_gradients_clipped": 1.0}
{"epoch": 4, "train_rmse": 1.385005906550836, "validation_rmse": 0.943960964679718, "mean_raw_gradient_norm": 111.62302503278178, "fraction_gradients_clipped": 1.0}
{"epoch": 5, "train_rmse": 1.4335214265697012, "validation_rmse": 0.9478170275688171, "mean_raw_gradient_norm": 109.86650045456425, "fraction_gradients_clipped": 1.0}
{"epoch": 6, "train_rmse": 1.3993160161201348, "validation_rmse": 0.9487055540084839, "mean_raw_gradient_norm": 113.80587785474715, "fraction_gradients_clipped": 1.0}
{"epoch": 7, "train_rmse": 1.420408952282189, "validation_rmse": 0.9503449201583862, "mean_raw_gradient_norm": 136.49837915359004, "fraction_gradients_clipped": 1.0}
{
  "seed": 1701,
  "best_validation_rmse": 0.9452605843544006,
  "restored_fit_rmse": 0.9029487371444702,
  "restored_validation_rmse": 0.9452605843544006,
  "epochs_run": 7,
  "fit_observations": 5216,
  "validation_observations": 1309,
  "rule": "conservative_graph_flux",
  "generations": 125,
  "hidden_channels": 16,
  "device": "cpu",
  "gpu": null,
  "training_seconds": 252.35853345796932,
  "peak_gpu_memory_bytes": 0,
  "runtime": {
    "operating_system": "macOS-26.2-arm64-arm-64bit",
    "machine": "arm64",
    "python": "3.10.19",
    "python_executable": "/opt/anaconda3/envs/kcc2/bin/python3.10",
    "pytorch": "2.8.0",
    "pytorch_cuda": null,
    "device": "cpu",
    "gpu": null
  },
  "readout": "differentiable_closed_form_ridge",
  "hyperparameters": {
    "ca_lr": 0.0003,
    "ridge": 0.1,
    "ca_l2": 0.0001,
    "gradient_clip": 0.5,
    "update_scale": 0.4,
    "init_scale": 1.5,
    "initial_noise": 0.0,
    "support_fraction": 0.85,
    "bond_temperature": 1.0,
    "dyn_a": 0.5,
    "dyn_b": 0.2,
    "dyn_c": 0.8,
    "dyn_d": 0.15,
    "lr_schedule": "cosine_0.1x"
  }
}
