{"operating_system": "macOS-26.2-arm64-arm-64bit", "machine": "arm64", "python": "3.10.19", "python_executable": "/opt/anaconda3/envs/kcc2/bin/python3.10", "pytorch": "2.8.0", "pytorch_cuda": null, "device": "cpu", "gpu": null}
{"epoch": 1, "train_rmse": 1.0834226080373235, "validation_rmse": 1.0336719751358032, "mean_raw_gradient_norm": 20.57293310165405, "fraction_gradients_clipped": 1.0}
{"epoch": 2, "train_rmse": 1.1287139256430763, "validation_rmse": 1.0322004556655884, "mean_raw_gradient_norm": 23.379542446136476, "fraction_gradients_clipped": 1.0}
{"epoch": 3, "train_rmse": 1.1987043017575245, "validation_rmse": 1.0317325592041016, "mean_raw_gradient_norm": 17.835691976547242, "fraction_gradients_clipped": 1.0}
{
  "seed": 1701,
  "best_validation_rmse": 1.0336719751358032,
  "restored_fit_rmse": 0.9354387521743774,
  "restored_validation_rmse": 1.0336719751358032,
  "epochs_run": 3,
  "fit_observations": 791,
  "validation_observations": 273,
  "rule": "fitzhugh_nagumo",
  "generations": 16,
  "hidden_channels": 4,
  "device": "cpu",
  "gpu": null,
  "training_seconds": 1.8789305420359597,
  "peak_gpu_memory_bytes": 0,
  "runtime": {
    "operating_system": "macOS-26.2-arm64-arm-64bit",
    "machine": "arm64",
    "python": "3.10.19",
    "python_executable": "/opt/anaconda3/envs/kcc2/bin/python3.10",
    "pytorch": "2.8.0",
    "pytorch_cuda": null,
    "device": "cpu",
    "gpu": null
  },
  "readout": "differentiable_closed_form_ridge",
  "hyperparameters": {
    "ca_lr": 0.0003,
    "ridge": 0.1,
    "ca_l2": 1e-06,
    "gradient_clip": 1.0,
    "update_scale": 0.25,
    "init_scale": 1.0,
    "initial_noise": 0.005,
    "support_fraction": 0.85,
    "bond_temperature": 1.0,
    "dyn_a": 0.5,
    "dyn_b": 0.2,
    "dyn_c": 0.8,
    "dyn_d": 0.15,
    "lr_schedule": "cosine_0.1x"
  }
}
