{"operating_system": "Windows-10-10.0.26200-SP0", "machine": "AMD64", "python": "3.11.16", "python_executable": "C:\\Users\\Anthony\\anaconda3\\envs\\strange-matter-gpu\\python.exe", "pytorch": "2.11.0+cu128", "pytorch_cuda": "12.8", "device": "cuda", "gpu": "NVIDIA GeForce RTX 5070 Ti"}
{"epoch": 1, "train_rmse": 1.5281454494488822, "validation_rmse": 0.842359185218811, "validation_ma_st_rae": 0.9177896626548457, "validation_CYP1A2_st_rae": 0.9689764395622134, "validation_CYP2C9_st_rae": 0.864636643814222, "validation_CYP2D6_st_rae": 0.9845689591856261, "validation_CYP3A4_st_rae": 0.8529766080573215, "mean_raw_gradient_norm": 102.32884693145752, "fraction_gradients_clipped": 1.0}
{"epoch": 2, "train_rmse": 1.383898579374329, "validation_rmse": 0.8426289558410645, "validation_ma_st_rae": 0.9175040356615672, "validation_CYP1A2_st_rae": 0.9444226244214445, "validation_CYP2C9_st_rae": 0.8717747860431033, "validation_CYP2D6_st_rae": 0.9945958648744336, "validation_CYP3A4_st_rae": 0.8592228673072873, "mean_raw_gradient_norm": 55.35684928894043, "fraction_gradients_clipped": 1.0}
{"epoch": 3, "train_rmse": 1.356269936952608, "validation_rmse": 0.8442452549934387, "validation_ma_st_rae": 0.920768146845569, "validation_CYP1A2_st_rae": 0.9587054399738947, "validation_CYP2C9_st_rae": 0.8713573339007293, "validation_CYP2D6_st_rae": 0.9954027569657183, "validation_CYP3A4_st_rae": 0.8576070565419335, "mean_raw_gradient_norm": 100.5064323425293, "fraction_gradients_clipped": 1.0}
{
  "seed": 1701,
  "selection_metric": "validation_ma_st_rae",
  "best_validation_ma_st_rae": 0.9177896626548457,
  "best_validation_rmse": 0.842359185218811,
  "restored_fit_rmse": 0.9289124608039856,
  "restored_validation_rmse": 0.8423570394515991,
  "restored_fit_ma_st_rae": 0.8958644446014031,
  "restored_validation_ma_st_rae": 0.9303065874330732,
  "restored_validation_point_ma_st_rae": 0.9177875034664151,
  "restored_validation_point_st_rae_by_cyp": {
    "CYP1A2": 0.9689514342038426,
    "CYP2C9": 0.8646401914850914,
    "CYP2D6": 0.984581669123189,
    "CYP3A4": 0.8529767190535374
  },
  "restored_fit_st_rae_by_cyp": {
    "CYP1A2": 0.937157804576597,
    "CYP2C9": 0.8574336622710398,
    "CYP2D6": 0.9749184506167317,
    "CYP3A4": 0.8139478609412434
  },
  "restored_validation_st_rae_by_cyp": {
    "CYP1A2": 0.9688372886565544,
    "CYP2C9": 0.888628169058338,
    "CYP2D6": 0.9981091909404483,
    "CYP3A4": 0.8656517010769519
  },
  "validation_bootstrap_metrics": {
    "n_bootstrap_samples": 1000,
    "seed": 0,
    "macro": {
      "st_rae": {
        "mean": 0.9303065874330732,
        "ci_low": 0.8340678683416735,
        "ci_high": 1.0372617732230194
      },
      "mae": {
        "mean": 0.6371222943119821,
        "ci_low": 0.5752489742539071,
        "ci_high": 0.7052217423063275
      },
      "r2": {
        "mean": 0.10345017940578091,
        "ci_low": 0.006807538496638109,
        "ci_high": 0.19020256867762428
      },
      "spearman_rho": {
        "mean": 0.41443623780639877,
        "ci_low": 0.3093133294159298,
        "ci_high": 0.5175779696716872
      },
      "kendall_tau": {
        "mean": 0.28737367971892935,
        "ci_low": 0.21099380229757744,
        "ci_high": 0.36303162530448096
      }
    },
    "per_endpoint": {
      "CYP1A2": {
        "st_rae": {
          "mean": 0.9688372886565544,
          "ci_low": 0.7619948234178306,
          "ci_high": 1.1940257898678726
        },
        "mae": {
          "mean": 0.6713819295109296,
          "ci_low": 0.5256106127480992,
          "ci_high": 0.8343258513778936
        },
        "r2": {
          "mean": 0.1712218420638121,
          "ci_low": -0.004567270913764816,
          "ci_high": 0.3173688498699051
        },
        "spearman_rho": {
          "mean": 0.4287314706357183,
          "ci_low": 0.20496869238370793,
          "ci_high": 0.629812655084814
        },
        "kendall_tau": {
          "mean": 0.2974170110375265,
          "ci_low": 0.14123637374860956,
          "ci_high": 0.45035064657224577
        }
      },
      "CYP2C9": {
        "st_rae": {
          "mean": 0.888628169058338,
          "ci_low": 0.6829819916916459,
          "ci_high": 1.1357326307566524
        },
        "mae": {
          "mean": 0.5430418813864389,
          "ci_low": 0.4331935861706734,
          "ci_high": 0.6565257429083189
        },
        "r2": {
          "mean": 0.07414227430597078,
          "ci_low": -0.1295699443536723,
          "ci_high": 0.23871242027185033
        },
        "spearman_rho": {
          "mean": 0.4150200139572907,
          "ci_low": 0.18295571310270234,
          "ci_high": 0.621395348454757
        },
        "kendall_tau": {
          "mean": 0.29609816705893743,
          "ci_low": 0.13460874568469505,
          "ci_high": 0.45009397932882916
        }
      },
      "CYP2D6": {
        "st_rae": {
          "mean": 0.9981091909404483,
          "ci_low": 0.7737848507970282,
          "ci_high": 1.2314735726754014
        },
        "mae": {
          "mean": 0.5645997952021085,
          "ci_low": 0.4343826222419739,
          "ci_high": 0.7103669160145979
        },
        "r2": {
          "mean": -0.03248524602402306,
          "ci_low": -0.33029846884581593,
          "ci_high": 0.1999995741164176
        },
        "spearman_rho": {
          "mean": 0.3064650361782529,
          "ci_low": 0.0706572188326839,
          "ci_high": 0.5370605851491094
        },
        "kendall_tau": {
          "mean": 0.21177929716666483,
          "ci_low": 0.04500649133692902,
          "ci_high": 0.38667413084851615
        }
      },
      "CYP3A4": {
        "st_rae": {
          "mean": 0.8656517010769519,
          "ci_low": 0.7372205268387901,
          "ci_high": 1.0564141946936698
        },
        "mae": {
          "mean": 0.7694655711484509,
          "ci_low": 0.6627712954615438,
          "ci_high": 0.8830566832492518
        },
        "r2": {
          "mean": 0.2009218472773638,
          "ci_low": 0.10330887115231863,
          "ci_high": 0.28378036717327104
        },
        "spearman_rho": {
          "mean": 0.5075284304543332,
          "ci_low": 0.3457691162580891,
          "ci_high": 0.6421622445554176
        },
        "kendall_tau": {
          "mean": 0.34420024361258855,
          "ci_low": 0.2298182844364473,
          "ci_high": 0.44225006251080146
        }
      }
    }
  },
  "epochs_run": 3,
  "fit_observations": 806,
  "validation_observations": 272,
  "rule": "delayed_memory",
  "generations": 250,
  "hidden_channels": 8,
  "atom_feature_profile": "local_environment",
  "atom_feature_count": 29,
  "atom_feature_names": [
    "element_H",
    "element_C",
    "element_N",
    "element_O",
    "element_F",
    "element_P",
    "element_S",
    "element_Cl",
    "element_Br",
    "element_I",
    "element_other",
    "formal_charge",
    "aromatic",
    "hybrid_sp",
    "hybrid_sp2",
    "hybrid_sp3",
    "hybrid_other",
    "degree",
    "total_hydrogens",
    "in_ring",
    "hbond_donor",
    "hbond_acceptor",
    "chiral_cw",
    "chiral_ccw",
    "chiral_other",
    "mean_neighbour_electronegativity",
    "electronegativity_difference",
    "mean_neighbour_atomic_number",
    "neighbour_formal_charge"
  ],
  "device": "cuda",
  "gpu": "NVIDIA GeForce RTX 5070 Ti",
  "training_seconds": 19.193191699916497,
  "peak_gpu_memory_bytes": 306541568,
  "runtime": {
    "operating_system": "Windows-10-10.0.26200-SP0",
    "machine": "AMD64",
    "python": "3.11.16",
    "python_executable": "C:\\Users\\Anthony\\anaconda3\\envs\\strange-matter-gpu\\python.exe",
    "pytorch": "2.11.0+cu128",
    "pytorch_cuda": "12.8",
    "device": "cuda",
    "gpu": "NVIDIA GeForce RTX 5070 Ti"
  },
  "validation_protocol": {
    "kind": "scaffold_cross_validation",
    "fold": 0,
    "folds": 5
  },
  "readout": "differentiable_closed_form_ridge",
  "prediction_mode": "direct",
  "residual_alpha": null,
  "trajectory_pooling": "legacy",
  "ridge_mode": "shared",
  "loss_mode": "hybrid_interval",
  "interval_loss_beta": 0.5,
  "interval_temperature": 0.02,
  "hyperparameters": {
    "ca_lr": 0.0003,
    "ridge": 0.1,
    "ca_l2": 1e-05,
    "gradient_clip": 0.5,
    "update_scale": 0.08,
    "init_scale": 1.0,
    "initial_noise": 0.01,
    "support_fraction": 0.6,
    "bond_temperature": 2.0,
    "dyn_a": 0.2,
    "dyn_b": 0.2,
    "dyn_c": 0.2,
    "dyn_d": 0.3,
    "lr_schedule": "cosine_0.1x"
  }
}
