{"operating_system": "Windows-10-10.0.26200-SP0", "machine": "AMD64", "python": "3.11.16", "python_executable": "C:\\Users\\Anthony\\anaconda3\\envs\\strange-matter-gpu\\python.exe", "pytorch": "2.11.0+cu128", "pytorch_cuda": "12.8", "device": "cuda", "gpu": "NVIDIA GeForce RTX 5070 Ti"}
{"epoch": 1, "train_rmse": 1.1447307987479671, "validation_rmse": 0.8001307249069214, "validation_ma_st_rae": 0.8593355088952117, "validation_CYP1A2_st_rae": 0.8698989670327265, "validation_CYP2C9_st_rae": 0.7734056110390418, "validation_CYP2D6_st_rae": 1.0287735722786266, "validation_CYP3A4_st_rae": 0.7652638852304517, "mean_raw_gradient_norm": 14.39900666475296, "fraction_gradients_clipped": 1.0}
{"epoch": 2, "train_rmse": 1.1927262071290574, "validation_rmse": 0.800781786441803, "validation_ma_st_rae": 0.8582083782037269, "validation_CYP1A2_st_rae": 0.8679016818645199, "validation_CYP2C9_st_rae": 0.7700108958563638, "validation_CYP2D6_st_rae": 1.0306397278704287, "validation_CYP3A4_st_rae": 0.7642812072235949, "mean_raw_gradient_norm": 18.42447228729725, "fraction_gradients_clipped": 1.0}
{"epoch": 3, "train_rmse": 1.151450152182824, "validation_rmse": 0.7994983196258545, "validation_ma_st_rae": 0.8549717071894583, "validation_CYP1A2_st_rae": 0.86437023800581, "validation_CYP2C9_st_rae": 0.7593923514290818, "validation_CYP2D6_st_rae": 1.0309522106091478, "validation_CYP3A4_st_rae": 0.7651720287137938, "mean_raw_gradient_norm": 13.92028583586216, "fraction_gradients_clipped": 1.0}
{"epoch": 4, "train_rmse": 1.132417134811439, "validation_rmse": 0.7992441058158875, "validation_ma_st_rae": 0.8535250396052086, "validation_CYP1A2_st_rae": 0.8636743002887174, "validation_CYP2C9_st_rae": 0.7573849669209866, "validation_CYP2D6_st_rae": 1.0273515348131286, "validation_CYP3A4_st_rae": 0.7656893563980023, "mean_raw_gradient_norm": 13.65699177980423, "fraction_gradients_clipped": 1.0}
{"epoch": 5, "train_rmse": 1.178526561540097, "validation_rmse": 0.7992836833000183, "validation_ma_st_rae": 0.8542379506722653, "validation_CYP1A2_st_rae": 0.864249858401486, "validation_CYP2C9_st_rae": 0.7591289403576189, "validation_CYP2D6_st_rae": 1.0276178630787571, "validation_CYP3A4_st_rae": 0.7659551408511992, "mean_raw_gradient_norm": 13.412756502628326, "fraction_gradients_clipped": 1.0}
{
  "seed": 1701,
  "selection_metric": "validation_ma_st_rae",
  "best_validation_ma_st_rae": 0.8549717071894583,
  "best_validation_rmse": 0.7994983196258545,
  "restored_fit_rmse": 0.8595371842384338,
  "restored_validation_rmse": 0.7994246482849121,
  "restored_fit_ma_st_rae": 0.8517411657331382,
  "restored_validation_ma_st_rae": 0.858715143972863,
  "restored_validation_point_ma_st_rae": 0.854747424822195,
  "restored_validation_point_st_rae_by_cyp": {
    "CYP1A2": 0.8641015138533003,
    "CYP2C9": 0.758765037315172,
    "CYP2D6": 1.0308376095912746,
    "CYP3A4": 0.765285538529033
  },
  "restored_fit_st_rae_by_cyp": {
    "CYP1A2": 0.8613460813658376,
    "CYP2C9": 0.821450321483843,
    "CYP2D6": 1.0079487988935647,
    "CYP3A4": 0.7162194611893073
  },
  "restored_validation_st_rae_by_cyp": {
    "CYP1A2": 0.8662130970119015,
    "CYP2C9": 0.7644233451374279,
    "CYP2D6": 1.0358311310836756,
    "CYP3A4": 0.7683930026584469
  },
  "validation_bootstrap_metrics": {
    "n_bootstrap_samples": 1000,
    "seed": 0,
    "macro": {
      "st_rae": {
        "mean": 0.858715143972863,
        "ci_low": 0.7915810312620921,
        "ci_high": 0.931808153480111
      },
      "mae": {
        "mean": 0.5921511333959335,
        "ci_low": 0.5527130179985875,
        "ci_high": 0.6340123320499302
      },
      "r2": {
        "mean": 0.21183590672412272,
        "ci_low": 0.14316635657276916,
        "ci_high": 0.2762598533561577
      },
      "spearman_rho": {
        "mean": 0.4734759808486528,
        "ci_low": 0.4100498813664363,
        "ci_high": 0.5348836042775765
      },
      "kendall_tau": {
        "mean": 0.33644416638671193,
        "ci_low": 0.2883309452670227,
        "ci_high": 0.3831981767070774
      }
    },
    "per_endpoint": {
      "CYP1A2": {
        "st_rae": {
          "mean": 0.8662130970119015,
          "ci_low": 0.7384215507831497,
          "ci_high": 1.0158971356310156
        },
        "mae": {
          "mean": 0.6058209225820824,
          "ci_low": 0.5008509713789108,
          "ci_high": 0.7188382482234861
        },
        "r2": {
          "mean": 0.19666836708574795,
          "ci_low": 0.07121160712819796,
          "ci_high": 0.3118129807539257
        },
        "spearman_rho": {
          "mean": 0.5211337098323301,
          "ci_low": 0.3861860868501576,
          "ci_high": 0.6424382018664422
        },
        "kendall_tau": {
          "mean": 0.37487663341723043,
          "ci_low": 0.2722032813356646,
          "ci_high": 0.4686147349305783
        }
      },
      "CYP2C9": {
        "st_rae": {
          "mean": 0.7644233451374279,
          "ci_low": 0.5850983754168823,
          "ci_high": 0.975390527305696
        },
        "mae": {
          "mean": 0.5240923449157799,
          "ci_low": 0.45711824741676776,
          "ci_high": 0.5975187478274324
        },
        "r2": {
          "mean": 0.29962445827190676,
          "ci_low": 0.1265611743991635,
          "ci_high": 0.4382468956782584
        },
        "spearman_rho": {
          "mean": 0.5195745381356227,
          "ci_low": 0.3715832959797046,
          "ci_high": 0.6472888361524047
        },
        "kendall_tau": {
          "mean": 0.3700963356813498,
          "ci_low": 0.25887943435234867,
          "ci_high": 0.4694958167243419
        }
      },
      "CYP2D6": {
        "st_rae": {
          "mean": 1.0358311310836756,
          "ci_low": 0.9320435110351342,
          "ci_high": 1.1493231096369634
        },
        "mae": {
          "mean": 0.5565204673758093,
          "ci_low": 0.48030494080399566,
          "ci_high": 0.6328148150968852
        },
        "r2": {
          "mean": 0.019774976090436325,
          "ci_low": -0.11283309242305335,
          "ci_high": 0.13523114587052762
        },
        "spearman_rho": {
          "mean": 0.2711275416070905,
          "ci_low": 0.1240747068638278,
          "ci_high": 0.4137767107597736
        },
        "kendall_tau": {
          "mean": 0.18204199731311468,
          "ci_low": 0.0785971076957645,
          "ci_high": 0.281915814842308
        }
      },
      "CYP3A4": {
        "st_rae": {
          "mean": 0.7683930026584469,
          "ci_low": 0.6710969930421294,
          "ci_high": 0.8695550526275232
        },
        "mae": {
          "mean": 0.6821707987100625,
          "ci_low": 0.618647314595782,
          "ci_high": 0.7477542237801985
        },
        "r2": {
          "mean": 0.33127582544839984,
          "ci_low": 0.21123904256942577,
          "ci_high": 0.43065185001028394
        },
        "spearman_rho": {
          "mean": 0.582068133819568,
          "ci_low": 0.4896164493780532,
          "ci_high": 0.6686411960341896
        },
        "kendall_tau": {
          "mean": 0.4187616991351529,
          "ci_low": 0.34576588425272675,
          "ci_high": 0.48874524495120925
        }
      }
    }
  },
  "epochs_run": 5,
  "fit_observations": 2652,
  "validation_observations": 680,
  "rule": "coupled_map",
  "generations": 32,
  "hidden_channels": 16,
  "atom_feature_profile": "electronic_local",
  "atom_feature_count": 37,
  "atom_feature_names": [
    "element_H",
    "element_C",
    "element_N",
    "element_O",
    "element_F",
    "element_P",
    "element_S",
    "element_Cl",
    "element_Br",
    "element_I",
    "element_other",
    "formal_charge",
    "aromatic",
    "hybrid_sp",
    "hybrid_sp2",
    "hybrid_sp3",
    "hybrid_other",
    "degree",
    "total_hydrogens",
    "in_ring",
    "hbond_donor",
    "hbond_acceptor",
    "chiral_cw",
    "chiral_ccw",
    "chiral_other",
    "electronegativity",
    "polarizability",
    "heteroatom",
    "halogen",
    "conjugated_bond_fraction",
    "first_ionization_energy",
    "electron_affinity",
    "electronic_property_missing",
    "mean_neighbour_electronegativity",
    "electronegativity_difference",
    "mean_neighbour_atomic_number",
    "neighbour_formal_charge"
  ],
  "device": "cuda",
  "gpu": "NVIDIA GeForce RTX 5070 Ti",
  "training_seconds": 20.93041169992648,
  "peak_gpu_memory_bytes": 124242944,
  "runtime": {
    "operating_system": "Windows-10-10.0.26200-SP0",
    "machine": "AMD64",
    "python": "3.11.16",
    "python_executable": "C:\\Users\\Anthony\\anaconda3\\envs\\strange-matter-gpu\\python.exe",
    "pytorch": "2.11.0+cu128",
    "pytorch_cuda": "12.8",
    "device": "cuda",
    "gpu": "NVIDIA GeForce RTX 5070 Ti"
  },
  "validation_protocol": {
    "kind": "scaffold_cross_validation",
    "fold": 0,
    "folds": 5
  },
  "readout": "differentiable_closed_form_ridge",
  "hyperparameters": {
    "ca_lr": 0.0003,
    "ridge": 1.0,
    "ca_l2": 0.0001,
    "gradient_clip": 0.5,
    "update_scale": 0.08,
    "init_scale": 0.5,
    "initial_noise": 0.0,
    "support_fraction": 0.75,
    "bond_temperature": 0.5,
    "dyn_a": 0.5,
    "dyn_b": 0.8,
    "dyn_c": 0.8,
    "dyn_d": 0.05,
    "lr_schedule": "cosine_0.1x"
  }
}
