{"operating_system": "Windows-10-10.0.26200-SP0", "machine": "AMD64", "python": "3.11.16", "python_executable": "C:\\Users\\Anthony\\anaconda3\\envs\\strange-matter-gpu\\python.exe", "pytorch": "2.11.0+cu128", "pytorch_cuda": "12.8", "device": "cuda", "gpu": "NVIDIA GeForce RTX 5070 Ti"}
{"epoch": 1, "train_rmse": 2.622231676852771, "validation_rmse": 0.972579300403595, "validation_ma_st_rae": 1.1816057806972506, "validation_CYP1A2_st_rae": 1.2787129245139208, "validation_CYP2C9_st_rae": 1.155235612344427, "validation_CYP2D6_st_rae": 1.3357126594142, "validation_CYP3A4_st_rae": 0.9567619265164553, "mean_raw_gradient_norm": 18704.493432617186, "fraction_gradients_clipped": 1.0}
{"epoch": 2, "train_rmse": 3.130006937820917, "validation_rmse": 0.9545187950134277, "validation_ma_st_rae": 1.0931122269575644, "validation_CYP1A2_st_rae": 1.2099150926851165, "validation_CYP2C9_st_rae": 1.020276887648232, "validation_CYP2D6_st_rae": 1.1651017161683959, "validation_CYP3A4_st_rae": 0.9771552113285139, "mean_raw_gradient_norm": 107000.89853515624, "fraction_gradients_clipped": 1.0}
{"epoch": 3, "train_rmse": 25.02581051753451, "validation_rmse": 0.9393563866615295, "validation_ma_st_rae": 1.096097498780543, "validation_CYP1A2_st_rae": 1.1427214981528897, "validation_CYP2C9_st_rae": 1.0277213913424479, "validation_CYP2D6_st_rae": 1.2617487087062604, "validation_CYP3A4_st_rae": 0.9521983969205735, "mean_raw_gradient_norm": 64277833.75673828, "fraction_gradients_clipped": 1.0}
{
  "seed": 1701,
  "selection_metric": "validation_ma_st_rae",
  "best_validation_ma_st_rae": 1.0931122269575644,
  "best_validation_rmse": 0.9545187950134277,
  "restored_fit_rmse": 0.9032813310623169,
  "restored_validation_rmse": 0.9544761180877686,
  "restored_fit_ma_st_rae": 0.8830580120727736,
  "restored_validation_ma_st_rae": 1.110312988771031,
  "restored_validation_point_ma_st_rae": 1.0930570427002009,
  "restored_validation_point_st_rae_by_cyp": {
    "CYP1A2": 1.2098215370647765,
    "CYP2C9": 1.0202358891614922,
    "CYP2D6": 1.1650939187737779,
    "CYP3A4": 0.9770768258007569
  },
  "restored_fit_st_rae_by_cyp": {
    "CYP1A2": 0.8590386102029499,
    "CYP2C9": 0.846966269663877,
    "CYP2D6": 1.0307054798923163,
    "CYP3A4": 0.7955216885319505
  },
  "restored_validation_st_rae_by_cyp": {
    "CYP1A2": 1.21952622465878,
    "CYP2C9": 1.051779291049982,
    "CYP2D6": 1.1764944826818355,
    "CYP3A4": 0.9934519566935271
  },
  "validation_bootstrap_metrics": {
    "n_bootstrap_samples": 1000,
    "seed": 0,
    "macro": {
      "st_rae": {
        "mean": 1.110312988771031,
        "ci_low": 0.9779477275920594,
        "ci_high": 1.265717123062219
      },
      "mae": {
        "mean": 0.7083376442650596,
        "ci_low": 0.6381938182247385,
        "ci_high": 0.7829928615184378
      },
      "r2": {
        "mean": -0.1528496390659297,
        "ci_low": -0.3327564766332328,
        "ci_high": -0.01359975588785181
      },
      "spearman_rho": {
        "mean": 0.2645129413536443,
        "ci_low": 0.14560406346099405,
        "ci_high": 0.3788879642607626
      },
      "kendall_tau": {
        "mean": 0.18342707434001965,
        "ci_low": 0.10252371801928771,
        "ci_high": 0.26649233276616563
      }
    },
    "per_endpoint": {
      "CYP1A2": {
        "st_rae": {
          "mean": 1.21952622465878,
          "ci_low": 0.9226314629042908,
          "ci_high": 1.5779649259541448
        },
        "mae": {
          "mean": 0.7721804583815277,
          "ci_low": 0.5935472315452137,
          "ci_high": 0.9637733308018231
        },
        "r2": {
          "mean": -0.14023953062337802,
          "ci_low": -0.4683922180246334,
          "ci_high": 0.11290839870190171
        },
        "spearman_rho": {
          "mean": 0.29584441381619764,
          "ci_low": 0.037502397682909014,
          "ci_high": 0.5178585842451499
        },
        "kendall_tau": {
          "mean": 0.2000993726259444,
          "ci_low": 0.03004149978284998,
          "ci_high": 0.3597489960649094
        }
      },
      "CYP2C9": {
        "st_rae": {
          "mean": 1.051779291049982,
          "ci_low": 0.7284200682473054,
          "ci_high": 1.4449771761463843
        },
        "mae": {
          "mean": 0.5844607486526172,
          "ci_low": 0.45519280910491944,
          "ci_high": 0.7230748824278513
        },
        "r2": {
          "mean": -0.16208265254201915,
          "ci_low": -0.5788744043074164,
          "ci_high": 0.18319966448039454
        },
        "spearman_rho": {
          "mean": 0.36805970299879753,
          "ci_low": 0.12414949238625916,
          "ci_high": 0.5762656997539289
        },
        "kendall_tau": {
          "mean": 0.25702833593093694,
          "ci_low": 0.08250516286120223,
          "ci_high": 0.41325802267756756
        }
      },
      "CYP2D6": {
        "st_rae": {
          "mean": 1.1764944826818355,
          "ci_low": 0.9702073513185191,
          "ci_high": 1.4247076779385488
        },
        "mae": {
          "mean": 0.6424587853211624,
          "ci_low": 0.5027158408898574,
          "ci_high": 0.8036147258831903
        },
        "r2": {
          "mean": -0.30867130840853796,
          "ci_low": -0.6718773329372764,
          "ci_high": -0.03415118505222603
        },
        "spearman_rho": {
          "mean": 0.10551312228201251,
          "ci_low": -0.16384438439366247,
          "ci_high": 0.35314320509260033
        },
        "kendall_tau": {
          "mean": 0.07745803088923944,
          "ci_low": -0.11386334034522541,
          "ci_high": 0.2559942772770904
        }
      },
      "CYP3A4": {
        "st_rae": {
          "mean": 0.9934519566935271,
          "ci_low": 0.8175678688981735,
          "ci_high": 1.2163125049429604
        },
        "mae": {
          "mean": 0.8342505847049314,
          "ci_low": 0.7102408419514811,
          "ci_high": 0.9615440837865652
        },
        "r2": {
          "mean": -0.0004050646897837167,
          "ci_low": -0.22102073283921175,
          "ci_high": 0.1732126106794362
        },
        "spearman_rho": {
          "mean": 0.2886345263175696,
          "ci_low": 0.09191351106091943,
          "ci_high": 0.46489351883199503
        },
        "kendall_tau": {
          "mean": 0.19912255791395775,
          "ci_low": 0.06198131677754665,
          "ci_high": 0.3267499951657592
        }
      }
    }
  },
  "epochs_run": 3,
  "fit_observations": 806,
  "validation_observations": 272,
  "rule": "coupled_map",
  "generations": 32,
  "hidden_channels": 16,
  "atom_feature_profile": "ring_geometry",
  "atom_feature_count": 32,
  "atom_feature_names": [
    "element_H",
    "element_C",
    "element_N",
    "element_O",
    "element_F",
    "element_P",
    "element_S",
    "element_Cl",
    "element_Br",
    "element_I",
    "element_other",
    "formal_charge",
    "aromatic",
    "hybrid_sp",
    "hybrid_sp2",
    "hybrid_sp3",
    "hybrid_other",
    "degree",
    "total_hydrogens",
    "in_ring",
    "hbond_donor",
    "hbond_acceptor",
    "chiral_cw",
    "chiral_ccw",
    "chiral_other",
    "ring_count",
    "ring_size_3",
    "ring_size_4",
    "ring_size_5",
    "ring_size_6",
    "ring_size_7",
    "ring_size_8_plus"
  ],
  "device": "cuda",
  "gpu": "NVIDIA GeForce RTX 5070 Ti",
  "training_seconds": 4.757643099990673,
  "peak_gpu_memory_bytes": 120293888,
  "runtime": {
    "operating_system": "Windows-10-10.0.26200-SP0",
    "machine": "AMD64",
    "python": "3.11.16",
    "python_executable": "C:\\Users\\Anthony\\anaconda3\\envs\\strange-matter-gpu\\python.exe",
    "pytorch": "2.11.0+cu128",
    "pytorch_cuda": "12.8",
    "device": "cuda",
    "gpu": "NVIDIA GeForce RTX 5070 Ti"
  },
  "validation_protocol": {
    "kind": "scaffold_cross_validation",
    "fold": 0,
    "folds": 5
  },
  "readout": "differentiable_closed_form_ridge",
  "hyperparameters": {
    "ca_lr": 0.0003,
    "ridge": 0.01,
    "ca_l2": 1e-06,
    "gradient_clip": 0.5,
    "update_scale": 0.15,
    "init_scale": 1.5,
    "initial_noise": 0.005,
    "support_fraction": 0.75,
    "bond_temperature": 2.0,
    "dyn_a": 0.8,
    "dyn_b": 0.2,
    "dyn_c": 0.5,
    "dyn_d": 0.15,
    "lr_schedule": "cosine_0.1x"
  }
}
