{"operating_system": "Windows-10-10.0.26200-SP0", "machine": "AMD64", "python": "3.11.16", "python_executable": "C:\\Users\\Anthony\\anaconda3\\envs\\strange-matter-gpu\\python.exe", "pytorch": "2.11.0+cu128", "pytorch_cuda": "12.8", "device": "cuda", "gpu": "NVIDIA GeForce RTX 5070 Ti"}
{"epoch": 1, "train_rmse": 1.1300461924618104, "validation_rmse": 0.7861484885215759, "validation_ma_st_rae": 0.8498372965728711, "validation_CYP1A2_st_rae": 0.8739942692244633, "validation_CYP2C9_st_rae": 0.7808988530443783, "validation_CYP2D6_st_rae": 1.0410510721729163, "validation_CYP3A4_st_rae": 0.7034049918497267, "mean_raw_gradient_norm": 13.61479907989502, "fraction_gradients_clipped": 1.0}
{"epoch": 2, "train_rmse": 1.134541753704733, "validation_rmse": 0.7856176495552063, "validation_ma_st_rae": 0.8501674982353353, "validation_CYP1A2_st_rae": 0.8752103885004224, "validation_CYP2C9_st_rae": 0.789260054964033, "validation_CYP2D6_st_rae": 1.0386122101728317, "validation_CYP3A4_st_rae": 0.6975873393040539, "mean_raw_gradient_norm": 13.881766862869263, "fraction_gradients_clipped": 1.0}
{"epoch": 3, "train_rmse": 1.1315766060202863, "validation_rmse": 0.7839763164520264, "validation_ma_st_rae": 0.8475020448495163, "validation_CYP1A2_st_rae": 0.8782803352588632, "validation_CYP2C9_st_rae": 0.7827672011205701, "validation_CYP2D6_st_rae": 1.0385975463684585, "validation_CYP3A4_st_rae": 0.6903630966501736, "mean_raw_gradient_norm": 11.375405054092408, "fraction_gradients_clipped": 1.0}
{"epoch": 4, "train_rmse": 1.1293833424299682, "validation_rmse": 0.7829380035400391, "validation_ma_st_rae": 0.8432055689866487, "validation_CYP1A2_st_rae": 0.8773757046311281, "validation_CYP2C9_st_rae": 0.7702267691059506, "validation_CYP2D6_st_rae": 1.0375645235385003, "validation_CYP3A4_st_rae": 0.6876552786710155, "mean_raw_gradient_norm": 11.268591885566712, "fraction_gradients_clipped": 1.0}
{"epoch": 5, "train_rmse": 1.150012869412087, "validation_rmse": 0.7827900052070618, "validation_ma_st_rae": 0.8422189403041951, "validation_CYP1A2_st_rae": 0.8714320683329447, "validation_CYP2C9_st_rae": 0.7768077926149022, "validation_CYP2D6_st_rae": 1.0333722987510858, "validation_CYP3A4_st_rae": 0.6872636015178479, "mean_raw_gradient_norm": 12.19344352722168, "fraction_gradients_clipped": 1.0}
{"epoch": 6, "train_rmse": 1.0891672312237584, "validation_rmse": 0.7817115783691406, "validation_ma_st_rae": 0.8417488296256097, "validation_CYP1A2_st_rae": 0.870747574432918, "validation_CYP2C9_st_rae": 0.7782281948112955, "validation_CYP2D6_st_rae": 1.0336868067793143, "validation_CYP3A4_st_rae": 0.6843327424789112, "mean_raw_gradient_norm": 9.562954273223877, "fraction_gradients_clipped": 1.0}
{"epoch": 7, "train_rmse": 1.1170025892884667, "validation_rmse": 0.7811640501022339, "validation_ma_st_rae": 0.8410248355481764, "validation_CYP1A2_st_rae": 0.8718602695357064, "validation_CYP2C9_st_rae": 0.7782144704930821, "validation_CYP2D6_st_rae": 1.0309669869056348, "validation_CYP3A4_st_rae": 0.6830576152582826, "mean_raw_gradient_norm": 9.93215711593628, "fraction_gradients_clipped": 1.0}
{
  "seed": 2909,
  "selection_metric": "validation_ma_st_rae",
  "best_validation_ma_st_rae": 0.8432055689866487,
  "best_validation_rmse": 0.7829380035400391,
  "restored_fit_rmse": 0.8611872792243958,
  "restored_validation_rmse": 0.7829390168190002,
  "restored_fit_ma_st_rae": 0.8570966552759328,
  "restored_validation_ma_st_rae": 0.8462180262496306,
  "restored_validation_point_ma_st_rae": 0.8432017749179619,
  "restored_validation_point_st_rae_by_cyp": {
    "CYP1A2": 0.8773800108691302,
    "CYP2C9": 0.770215512216881,
    "CYP2D6": 1.0375546515830503,
    "CYP3A4": 0.6876569250027859
  },
  "restored_fit_st_rae_by_cyp": {
    "CYP1A2": 0.8763451839967539,
    "CYP2C9": 0.8052681288592819,
    "CYP2D6": 1.0211644222487803,
    "CYP3A4": 0.7256088859989147
  },
  "restored_validation_st_rae_by_cyp": {
    "CYP1A2": 0.8815574530540404,
    "CYP2C9": 0.773418001002249,
    "CYP2D6": 1.0413420946534726,
    "CYP3A4": 0.6885545562887605
  },
  "validation_bootstrap_metrics": {
    "n_bootstrap_samples": 1000,
    "seed": 0,
    "macro": {
      "st_rae": {
        "mean": 0.8462180262496306,
        "ci_low": 0.7994529736745029,
        "ci_high": 0.9006625667027682
      },
      "mae": {
        "mean": 0.5817492960411641,
        "ci_low": 0.5492336342034687,
        "ci_high": 0.6127876048640927
      },
      "r2": {
        "mean": 0.21421476776300163,
        "ci_low": 0.15405112305415455,
        "ci_high": 0.26374849500728426
      },
      "spearman_rho": {
        "mean": 0.4737043749580938,
        "ci_low": 0.4191693603419348,
        "ci_high": 0.520959029468984
      },
      "kendall_tau": {
        "mean": 0.33419581278630595,
        "ci_low": 0.29374946798911733,
        "ci_high": 0.3701113817957998
      }
    },
    "per_endpoint": {
      "CYP1A2": {
        "st_rae": {
          "mean": 0.8815574530540404,
          "ci_low": 0.7676339601833193,
          "ci_high": 1.004017170432872
        },
        "mae": {
          "mean": 0.6059803307630994,
          "ci_low": 0.5301526577757286,
          "ci_high": 0.6848904398379024
        },
        "r2": {
          "mean": 0.19971607052600893,
          "ci_low": 0.0793256187826445,
          "ci_high": 0.2982979199305015
        },
        "spearman_rho": {
          "mean": 0.5147607258191674,
          "ci_low": 0.408351743344394,
          "ci_high": 0.6167595950772883
        },
        "kendall_tau": {
          "mean": 0.3637627440961096,
          "ci_low": 0.2819082269524675,
          "ci_high": 0.44111546704669913
        }
      },
      "CYP2C9": {
        "st_rae": {
          "mean": 0.773418001002249,
          "ci_low": 0.6575865047317395,
          "ci_high": 0.905212724598666
        },
        "mae": {
          "mean": 0.5006682280428398,
          "ci_low": 0.4450539167850248,
          "ci_high": 0.5549133785034653
        },
        "r2": {
          "mean": 0.2714887153603083,
          "ci_low": 0.14119376017605284,
          "ci_high": 0.3718396879003845
        },
        "spearman_rho": {
          "mean": 0.4810389802103554,
          "ci_low": 0.36240360827913976,
          "ci_high": 0.5819453133776651
        },
        "kendall_tau": {
          "mean": 0.34137265750404366,
          "ci_low": 0.253741913885881,
          "ci_high": 0.4192622497339315
        }
      },
      "CYP2D6": {
        "st_rae": {
          "mean": 1.0413420946534726,
          "ci_low": 0.946268747054911,
          "ci_high": 1.1421583743884514
        },
        "mae": {
          "mean": 0.574372688258815,
          "ci_low": 0.5104258445593027,
          "ci_high": 0.6404176881425402
        },
        "r2": {
          "mean": -0.014317937294430722,
          "ci_low": -0.13797096851318805,
          "ci_high": 0.10087960583728511
        },
        "spearman_rho": {
          "mean": 0.2620617567683438,
          "ci_low": 0.1387542794530891,
          "ci_high": 0.38383076872577837
        },
        "kendall_tau": {
          "mean": 0.17504597657799195,
          "ci_low": 0.0895868441107931,
          "ci_high": 0.2573182992877088
        }
      },
      "CYP3A4": {
        "st_rae": {
          "mean": 0.6885545562887605,
          "ci_low": 0.6114442763350877,
          "ci_high": 0.7657976825990939
        },
        "mae": {
          "mean": 0.6459759370999022,
          "ci_low": 0.5941764232549038,
          "ci_high": 0.6967545209677665
        },
        "r2": {
          "mean": 0.39997222246012004,
          "ci_low": 0.3218488634006914,
          "ci_high": 0.46629877176611456
        },
        "spearman_rho": {
          "mean": 0.6369560370345089,
          "ci_low": 0.5647437384004755,
          "ci_high": 0.7027187119774277
        },
        "kendall_tau": {
          "mean": 0.45660187296707877,
          "ci_low": 0.39670086182522163,
          "ci_high": 0.509944537866529
        }
      }
    }
  },
  "epochs_run": 7,
  "fit_observations": 4179,
  "validation_observations": 1037,
  "rule": "damped_symplectic",
  "generations": 32,
  "hidden_channels": 16,
  "atom_feature_profile": "electronic_local",
  "atom_feature_count": 37,
  "atom_feature_names": [
    "element_H",
    "element_C",
    "element_N",
    "element_O",
    "element_F",
    "element_P",
    "element_S",
    "element_Cl",
    "element_Br",
    "element_I",
    "element_other",
    "formal_charge",
    "aromatic",
    "hybrid_sp",
    "hybrid_sp2",
    "hybrid_sp3",
    "hybrid_other",
    "degree",
    "total_hydrogens",
    "in_ring",
    "hbond_donor",
    "hbond_acceptor",
    "chiral_cw",
    "chiral_ccw",
    "chiral_other",
    "electronegativity",
    "polarizability",
    "heteroatom",
    "halogen",
    "conjugated_bond_fraction",
    "first_ionization_energy",
    "electron_affinity",
    "electronic_property_missing",
    "mean_neighbour_electronegativity",
    "electronegativity_difference",
    "mean_neighbour_atomic_number",
    "neighbour_formal_charge"
  ],
  "device": "cuda",
  "gpu": "NVIDIA GeForce RTX 5070 Ti",
  "training_seconds": 43.93088500003796,
  "peak_gpu_memory_bytes": 104435200,
  "runtime": {
    "operating_system": "Windows-10-10.0.26200-SP0",
    "machine": "AMD64",
    "python": "3.11.16",
    "python_executable": "C:\\Users\\Anthony\\anaconda3\\envs\\strange-matter-gpu\\python.exe",
    "pytorch": "2.11.0+cu128",
    "pytorch_cuda": "12.8",
    "device": "cuda",
    "gpu": "NVIDIA GeForce RTX 5070 Ti"
  },
  "validation_protocol": {
    "kind": "scaffold_cross_validation",
    "fold": 0,
    "folds": 5
  },
  "readout": "differentiable_closed_form_ridge",
  "hyperparameters": {
    "ca_lr": 0.0003,
    "ridge": 1.0,
    "ca_l2": 0.0001,
    "gradient_clip": 0.5,
    "update_scale": 0.08,
    "init_scale": 0.5,
    "initial_noise": 0.0,
    "support_fraction": 0.75,
    "bond_temperature": 0.5,
    "dyn_a": 0.5,
    "dyn_b": 0.8,
    "dyn_c": 0.8,
    "dyn_d": 0.05,
    "lr_schedule": "cosine_0.1x"
  }
}
