{"device": "cuda", "gpu": "NVIDIA GeForce RTX 5070 Ti", "pytorch": "2.11.0+cu128", "pytorch_cuda": "12.8"}
{"epoch": 1, "train_rmse": 1.397739591137523, "validation_rmse": 0.9833632111549377, "mean_raw_gradient_norm": 435.94712299108505, "fraction_gradients_clipped": 1.0}
{"epoch": 2, "train_rmse": 1.1316040525943034, "validation_rmse": 0.9813516139984131, "mean_raw_gradient_norm": 27.3761588037014, "fraction_gradients_clipped": 1.0}
{"epoch": 3, "train_rmse": 1.1713506448255546, "validation_rmse": 0.973598301410675, "mean_raw_gradient_norm": 39.79045707732439, "fraction_gradients_clipped": 1.0}
{"epoch": 4, "train_rmse": 1.155319484497017, "validation_rmse": 0.9744942784309387, "mean_raw_gradient_norm": 30.447218745946884, "fraction_gradients_clipped": 1.0}
{"epoch": 5, "train_rmse": 1.1444444524959108, "validation_rmse": 0.9721677899360657, "mean_raw_gradient_norm": 22.37894569337368, "fraction_gradients_clipped": 1.0}
{
  "seed": 1701,
  "best_validation_rmse": 0.973598301410675,
  "restored_fit_rmse": 0.8985917568206787,
  "restored_validation_rmse": 0.9736295938491821,
  "epochs_run": 5,
  "fit_observations": 2643,
  "validation_observations": 670,
  "rule": "damped_symplectic",
  "generations": 250,
  "hidden_channels": 4,
  "device": "cuda",
  "gpu": "NVIDIA GeForce RTX 5070 Ti",
  "training_seconds": 116.83131820010021,
  "peak_gpu_memory_bytes": 174036992,
  "readout": "differentiable_closed_form_ridge",
  "hyperparameters": {
    "ca_lr": 0.003,
    "ridge": 0.01,
    "ca_l2": 1e-06,
    "gradient_clip": 1.0,
    "update_scale": 0.25,
    "init_scale": 0.5,
    "initial_noise": 0.01,
    "support_fraction": 0.6,
    "bond_temperature": 0.5,
    "dyn_a": 0.5,
    "dyn_b": 0.2,
    "dyn_c": 0.8,
    "dyn_d": 0.15,
    "lr_schedule": "cosine_0.1x"
  }
}
