{"operating_system": "Windows-10-10.0.26200-SP0", "machine": "AMD64", "python": "3.11.16", "python_executable": "C:\\Users\\Anthony\\anaconda3\\envs\\strange-matter-gpu\\python.exe", "pytorch": "2.11.0+cu128", "pytorch_cuda": "12.8", "device": "cuda", "gpu": "NVIDIA GeForce RTX 5070 Ti"}
{"epoch": 1, "train_rmse": 1.0057336282188512, "validation_rmse": 0.881236732006073, "validation_ma_st_rae": 0.9555034630537655, "validation_CYP1A2_st_rae": 1.0042980446164995, "validation_CYP2C9_st_rae": 0.856923451354238, "validation_CYP2D6_st_rae": 1.035111448152518, "validation_CYP3A4_st_rae": 0.925680908091807, "mean_raw_gradient_norm": 3.4687500953674317, "fraction_gradients_clipped": 0.8}
{"epoch": 2, "train_rmse": 1.0619253189625177, "validation_rmse": 0.880988359451294, "validation_ma_st_rae": 0.9562461514052675, "validation_CYP1A2_st_rae": 1.0054748267200952, "validation_CYP2C9_st_rae": 0.8688551554055084, "validation_CYP2D6_st_rae": 1.0226099683183947, "validation_CYP3A4_st_rae": 0.9280446551770716, "mean_raw_gradient_norm": 4.3666236877441404, "fraction_gradients_clipped": 1.0}
{"epoch": 3, "train_rmse": 1.05181426337903, "validation_rmse": 0.8806942105293274, "validation_ma_st_rae": 0.9569299107127297, "validation_CYP1A2_st_rae": 1.0068310974720323, "validation_CYP2C9_st_rae": 0.8739819761926005, "validation_CYP2D6_st_rae": 1.018089621619841, "validation_CYP3A4_st_rae": 0.9288169475664446, "mean_raw_gradient_norm": 4.011005067825318, "fraction_gradients_clipped": 1.0}
{
  "seed": 1701,
  "selection_metric": "validation_ma_st_rae",
  "best_validation_ma_st_rae": 0.9555034630537655,
  "best_validation_rmse": 0.881236732006073,
  "restored_fit_rmse": 0.9459250569343567,
  "restored_validation_rmse": 0.8812373876571655,
  "restored_fit_ma_st_rae": 0.8852718384000617,
  "restored_validation_ma_st_rae": 0.9696076391148868,
  "restored_validation_point_ma_st_rae": 0.9555041296893207,
  "restored_validation_point_st_rae_by_cyp": {
    "CYP1A2": 1.0042998145876951,
    "CYP2C9": 0.8569243096617063,
    "CYP2D6": 1.0351121301941277,
    "CYP3A4": 0.925680264313754
  },
  "restored_fit_st_rae_by_cyp": {
    "CYP1A2": 0.8575400585161699,
    "CYP2C9": 0.8386749920003489,
    "CYP2D6": 1.005766656195441,
    "CYP3A4": 0.8391056468882868
  },
  "restored_validation_st_rae_by_cyp": {
    "CYP1A2": 1.0047180272797949,
    "CYP2C9": 0.8851573035892746,
    "CYP2D6": 1.0491076732843894,
    "CYP3A4": 0.9394475523060877
  },
  "validation_bootstrap_metrics": {
    "n_bootstrap_samples": 1000,
    "seed": 0,
    "macro": {
      "st_rae": {
        "mean": 0.9696076391148868,
        "ci_low": 0.8648843226037097,
        "ci_high": 1.0862497004147835
      },
      "mae": {
        "mean": 0.6550478251919181,
        "ci_low": 0.5931202297876234,
        "ci_high": 0.7229881257718934
      },
      "r2": {
        "mean": 0.031003548312018476,
        "ci_low": -0.07499939774445688,
        "ci_high": 0.12688091512211394
      },
      "spearman_rho": {
        "mean": 0.29274973476001037,
        "ci_low": 0.1795618323059176,
        "ci_high": 0.4043399657535059
      },
      "kendall_tau": {
        "mean": 0.2038961493213025,
        "ci_low": 0.12630530703611464,
        "ci_high": 0.2840719781509456
      }
    },
    "per_endpoint": {
      "CYP1A2": {
        "st_rae": {
          "mean": 1.0047180272797949,
          "ci_low": 0.7895948603705267,
          "ci_high": 1.296824155452206
        },
        "mae": {
          "mean": 0.6975246930552312,
          "ci_low": 0.5472275658709104,
          "ci_high": 0.8762233931510175
        },
        "r2": {
          "mean": 0.05330077559720864,
          "ci_low": -0.23398084933698152,
          "ci_high": 0.2496706559385265
        },
        "spearman_rho": {
          "mean": 0.3652403993616122,
          "ci_low": 0.13596130120664426,
          "ci_high": 0.5745855193387747
        },
        "kendall_tau": {
          "mean": 0.24273334224754217,
          "ci_low": 0.07992307692307693,
          "ci_high": 0.4039140538003515
        }
      },
      "CYP2C9": {
        "st_rae": {
          "mean": 0.8851573035892746,
          "ci_low": 0.6508375647359538,
          "ci_high": 1.1712634426786133
        },
        "mae": {
          "mean": 0.5398804020762443,
          "ci_low": 0.42143332908550896,
          "ci_high": 0.6493356497089068
        },
        "r2": {
          "mean": 0.0583241730360479,
          "ci_low": -0.20479607695372562,
          "ci_high": 0.29464224334084976
        },
        "spearman_rho": {
          "mean": 0.44148383068983454,
          "ci_low": 0.19906473950747142,
          "ci_high": 0.6482613837022356
        },
        "kendall_tau": {
          "mean": 0.3169696942707797,
          "ci_low": 0.1428161390847958,
          "ci_high": 0.47157675855160086
        }
      },
      "CYP2D6": {
        "st_rae": {
          "mean": 1.0491076732843894,
          "ci_low": 0.9039564849294617,
          "ci_high": 1.2265990954036126
        },
        "mae": {
          "mean": 0.584336077602093,
          "ci_low": 0.45629009540264426,
          "ci_high": 0.7227474847206702
        },
        "r2": {
          "mean": -0.09586824987906664,
          "ci_low": -0.2899822070553546,
          "ci_high": 0.0644453182631021
        },
        "spearman_rho": {
          "mean": 0.08465708691256676,
          "ci_low": -0.18540286009779883,
          "ci_high": 0.3351780094337481
        },
        "kendall_tau": {
          "mean": 0.06158245968488585,
          "ci_low": -0.13146148280738573,
          "ci_high": 0.24559524256000892
        }
      },
      "CYP3A4": {
        "st_rae": {
          "mean": 0.9394475523060877,
          "ci_low": 0.7827644238218308,
          "ci_high": 1.1420619292888974
        },
        "mae": {
          "mean": 0.7984501280341038,
          "ci_low": 0.6803568171900372,
          "ci_high": 0.9189525080974712
        },
        "r2": {
          "mean": 0.108257494493884,
          "ci_low": -0.0550545116002167,
          "ci_high": 0.2516585556980232
        },
        "spearman_rho": {
          "mean": 0.2796176220760281,
          "ci_low": 0.06514486391571554,
          "ci_high": 0.479027249456272
        },
        "kendall_tau": {
          "mean": 0.19429910108200232,
          "ci_low": 0.044602366320111574,
          "ci_high": 0.3369529085872575
        }
      }
    }
  },
  "epochs_run": 3,
  "fit_observations": 806,
  "validation_observations": 272,
  "rule": "inertial_reaction_diffusion",
  "generations": 125,
  "hidden_channels": 4,
  "atom_feature_profile": "local_environment",
  "atom_feature_count": 29,
  "atom_feature_names": [
    "element_H",
    "element_C",
    "element_N",
    "element_O",
    "element_F",
    "element_P",
    "element_S",
    "element_Cl",
    "element_Br",
    "element_I",
    "element_other",
    "formal_charge",
    "aromatic",
    "hybrid_sp",
    "hybrid_sp2",
    "hybrid_sp3",
    "hybrid_other",
    "degree",
    "total_hydrogens",
    "in_ring",
    "hbond_donor",
    "hbond_acceptor",
    "chiral_cw",
    "chiral_ccw",
    "chiral_other",
    "mean_neighbour_electronegativity",
    "electronegativity_difference",
    "mean_neighbour_atomic_number",
    "neighbour_formal_charge"
  ],
  "device": "cuda",
  "gpu": "NVIDIA GeForce RTX 5070 Ti",
  "training_seconds": 9.540076300036162,
  "peak_gpu_memory_bytes": 182489088,
  "runtime": {
    "operating_system": "Windows-10-10.0.26200-SP0",
    "machine": "AMD64",
    "python": "3.11.16",
    "python_executable": "C:\\Users\\Anthony\\anaconda3\\envs\\strange-matter-gpu\\python.exe",
    "pytorch": "2.11.0+cu128",
    "pytorch_cuda": "12.8",
    "device": "cuda",
    "gpu": "NVIDIA GeForce RTX 5070 Ti"
  },
  "validation_protocol": {
    "kind": "scaffold_cross_validation",
    "fold": 0,
    "folds": 5
  },
  "readout": "differentiable_closed_form_ridge",
  "hyperparameters": {
    "ca_lr": 0.001,
    "ridge": 1.0,
    "ca_l2": 1e-05,
    "gradient_clip": 2.0,
    "update_scale": 0.08,
    "init_scale": 1.0,
    "initial_noise": 0.01,
    "support_fraction": 0.6,
    "bond_temperature": 1.0,
    "dyn_a": 0.8,
    "dyn_b": 0.2,
    "dyn_c": 0.2,
    "dyn_d": 0.15,
    "lr_schedule": "cosine_0.1x"
  }
}
