{"device": "cuda", "gpu": "NVIDIA GeForce RTX 5070 Ti", "pytorch": "2.11.0+cu128", "pytorch_cuda": "12.8"}
{"epoch": 1, "train_rmse": 2.442558570782808, "validation_rmse": 1.0254530906677246, "mean_raw_gradient_norm": 172.77062940597534, "fraction_gradients_clipped": 1.0}
{"epoch": 2, "train_rmse": 2.474795995384501, "validation_rmse": 1.0208971500396729, "mean_raw_gradient_norm": 163.04161970238937, "fraction_gradients_clipped": 1.0}
{"epoch": 3, "train_rmse": 2.4544153328590124, "validation_rmse": 1.0108228921890259, "mean_raw_gradient_norm": 148.17714972245065, "fraction_gradients_clipped": 1.0}
{
  "seed": 1701,
  "best_validation_rmse": 1.0108228921890259,
  "restored_fit_rmse": 0.9219991564750671,
  "restored_validation_rmse": 1.0108250379562378,
  "epochs_run": 3,
  "fit_observations": 791,
  "validation_observations": 273,
  "rule": "gated_residual",
  "generations": 16,
  "hidden_channels": 4,
  "device": "cuda",
  "gpu": "NVIDIA GeForce RTX 5070 Ti",
  "training_seconds": 4.573838900076225,
  "peak_gpu_memory_bytes": 21666304,
  "readout": "differentiable_closed_form_ridge",
  "hyperparameters": {
    "ca_lr": 0.001,
    "ridge": 0.01,
    "ca_l2": 1e-06,
    "gradient_clip": 2.0
  }
}
