{"device": "cuda", "gpu": "NVIDIA GeForce RTX 5070 Ti", "pytorch": "2.11.0+cu128", "pytorch_cuda": "12.8"}
{"epoch": 1, "train_rmse": 1.6725811568616973, "validation_rmse": 1.0226489305496216, "mean_raw_gradient_norm": 30.461484718322755, "fraction_gradients_clipped": 1.0}
{"epoch": 2, "train_rmse": 1.3606716329900435, "validation_rmse": 1.022565484046936, "mean_raw_gradient_norm": 15.861984825134277, "fraction_gradients_clipped": 1.0}
{"epoch": 3, "train_rmse": 1.4941485241299417, "validation_rmse": 1.0228207111358643, "mean_raw_gradient_norm": 22.58045654296875, "fraction_gradients_clipped": 1.0}
{
  "seed": 1701,
  "best_validation_rmse": 1.0226489305496216,
  "restored_fit_rmse": 0.8318725824356079,
  "restored_validation_rmse": 1.022629737854004,
  "epochs_run": 3,
  "fit_observations": 791,
  "validation_observations": 273,
  "rule": "damped_symplectic",
  "generations": 32,
  "hidden_channels": 16,
  "device": "cuda",
  "gpu": "NVIDIA GeForce RTX 5070 Ti",
  "training_seconds": 3.3740760000655428,
  "peak_gpu_memory_bytes": 163794944,
  "readout": "differentiable_closed_form_ridge",
  "hyperparameters": {
    "ca_lr": 0.0003,
    "ridge": 0.01,
    "ca_l2": 1e-06,
    "gradient_clip": 2.0,
    "update_scale": 0.08,
    "init_scale": 0.5,
    "initial_noise": 0.01,
    "support_fraction": 0.6,
    "bond_temperature": 2.0,
    "dyn_a": 0.5,
    "dyn_b": 0.8,
    "dyn_c": 0.8,
    "dyn_d": 0.3,
    "lr_schedule": "cosine_0.1x"
  }
}
