{"operating_system": "Windows-10-10.0.26200-SP0", "machine": "AMD64", "python": "3.11.16", "python_executable": "C:\\Users\\Anthony\\anaconda3\\envs\\strange-matter-gpu\\python.exe", "pytorch": "2.11.0+cu128", "pytorch_cuda": "12.8", "device": "cuda", "gpu": "NVIDIA GeForce RTX 5070 Ti"}
{"epoch": 1, "train_rmse": 0.9802245777978351, "validation_rmse": 0.8791674375534058, "validation_ma_st_rae": 0.8948287233008801, "validation_CYP1A2_st_rae": 0.925985531856339, "validation_CYP2C9_st_rae": 0.8419774464577751, "validation_CYP2D6_st_rae": 1.0449351194144998, "validation_CYP3A4_st_rae": 0.7664167954749067, "mean_raw_gradient_norm": 4.403885931968689, "fraction_gradients_clipped": 0.92}
{"epoch": 2, "train_rmse": 1.0316966984045368, "validation_rmse": 0.8839389085769653, "validation_ma_st_rae": 0.8894357904377812, "validation_CYP1A2_st_rae": 0.939454507973545, "validation_CYP2C9_st_rae": 0.7982395221742987, "validation_CYP2D6_st_rae": 1.0420910106590375, "validation_CYP3A4_st_rae": 0.7779581209442438, "mean_raw_gradient_norm": 4.826724948883057, "fraction_gradients_clipped": 0.96}
{"epoch": 3, "train_rmse": 0.9567064186631191, "validation_rmse": 0.891044020652771, "validation_ma_st_rae": 0.9062740536567724, "validation_CYP1A2_st_rae": 0.9625434644777917, "validation_CYP2C9_st_rae": 0.8281954556448577, "validation_CYP2D6_st_rae": 1.0299818983621782, "validation_CYP3A4_st_rae": 0.8043753961422618, "mean_raw_gradient_norm": 3.5601375484466553, "fraction_gradients_clipped": 0.96}
{"epoch": 4, "train_rmse": 0.980514350660739, "validation_rmse": 0.8763344287872314, "validation_ma_st_rae": 0.8795244091150761, "validation_CYP1A2_st_rae": 0.9372552388927766, "validation_CYP2C9_st_rae": 0.8172022551033669, "validation_CYP2D6_st_rae": 1.0022349514439082, "validation_CYP3A4_st_rae": 0.761405191020253, "mean_raw_gradient_norm": 4.234072036743164, "fraction_gradients_clipped": 0.96}
{"epoch": 5, "train_rmse": 0.980971605558312, "validation_rmse": 0.8681933879852295, "validation_ma_st_rae": 0.873603385331239, "validation_CYP1A2_st_rae": 0.915068745853442, "validation_CYP2C9_st_rae": 0.8168852438652902, "validation_CYP2D6_st_rae": 1.001697779019268, "validation_CYP3A4_st_rae": 0.7607617725869557, "mean_raw_gradient_norm": 3.286363596916199, "fraction_gradients_clipped": 0.8}
{"epoch": 6, "train_rmse": 0.9234265468447165, "validation_rmse": 0.8664337396621704, "validation_ma_st_rae": 0.8765291234618651, "validation_CYP1A2_st_rae": 0.9293896936708663, "validation_CYP2C9_st_rae": 0.8294661388347823, "validation_CYP2D6_st_rae": 0.9951284516142127, "validation_CYP3A4_st_rae": 0.7521322097275991, "mean_raw_gradient_norm": 3.257999873161316, "fraction_gradients_clipped": 0.88}
{"epoch": 7, "train_rmse": 0.9336727437551599, "validation_rmse": 0.8659868240356445, "validation_ma_st_rae": 0.8777531179804872, "validation_CYP1A2_st_rae": 0.9249046675384339, "validation_CYP2C9_st_rae": 0.8219483328306213, "validation_CYP2D6_st_rae": 1.0079840754149063, "validation_CYP3A4_st_rae": 0.7561753961379871, "mean_raw_gradient_norm": 3.6206746101379395, "fraction_gradients_clipped": 0.8}
{"epoch": 8, "train_rmse": 0.9116956463574688, "validation_rmse": 0.8668955564498901, "validation_ma_st_rae": 0.8781484597931271, "validation_CYP1A2_st_rae": 0.9281976918453289, "validation_CYP2C9_st_rae": 0.8196797543520029, "validation_CYP2D6_st_rae": 1.0053974516409254, "validation_CYP3A4_st_rae": 0.7593189413342509, "mean_raw_gradient_norm": 2.733812470436096, "fraction_gradients_clipped": 0.88}
{
  "seed": 1701,
  "selection_metric": "validation_ma_st_rae",
  "best_validation_ma_st_rae": 0.873603385331239,
  "best_validation_rmse": 0.8681933879852295,
  "restored_fit_rmse": 0.8160929083824158,
  "restored_validation_rmse": 0.8681947588920593,
  "restored_fit_ma_st_rae": 0.8139536306604344,
  "restored_validation_ma_st_rae": 0.8757538756278338,
  "restored_validation_point_ma_st_rae": 0.8736072265332521,
  "restored_validation_point_st_rae_by_cyp": {
    "CYP1A2": 0.9150744380710402,
    "CYP2C9": 0.8168895905677964,
    "CYP2D6": 1.001703984109049,
    "CYP3A4": 0.7607608933851226
  },
  "restored_fit_st_rae_by_cyp": {
    "CYP1A2": 0.8855923178017406,
    "CYP2C9": 0.7536891765620323,
    "CYP2D6": 0.9315246239582664,
    "CYP3A4": 0.6850084043196982
  },
  "restored_validation_st_rae_by_cyp": {
    "CYP1A2": 0.9198975143087287,
    "CYP2C9": 0.8191201231586538,
    "CYP2D6": 1.0030087116842397,
    "CYP3A4": 0.7609891533597133
  },
  "validation_bootstrap_metrics": {
    "n_bootstrap_samples": 1000,
    "seed": 0,
    "macro": {
      "st_rae": {
        "mean": 0.8757538756278338,
        "ci_low": 0.8265897005274792,
        "ci_high": 0.9296923979519268
      },
      "mae": {
        "mean": 0.6386316483625761,
        "ci_low": 0.6035269865418657,
        "ci_high": 0.6760750012316845
      },
      "r2": {
        "mean": 0.16466019511928062,
        "ci_low": 0.111711172980563,
        "ci_high": 0.21295246449226024
      },
      "spearman_rho": {
        "mean": 0.4265791665857449,
        "ci_low": 0.3683016707519055,
        "ci_high": 0.4758448210438855
      },
      "kendall_tau": {
        "mean": 0.2977031669746767,
        "ci_low": 0.2561951174539225,
        "ci_high": 0.3340871892823623
      }
    },
    "per_endpoint": {
      "CYP1A2": {
        "st_rae": {
          "mean": 0.9198975143087287,
          "ci_low": 0.8100257149125544,
          "ci_high": 1.0402653846099204
        },
        "mae": {
          "mean": 0.7068355915673943,
          "ci_low": 0.6234957804374917,
          "ci_high": 0.7960494906264681
        },
        "r2": {
          "mean": 0.11436282503224095,
          "ci_low": -0.005509897908401722,
          "ci_high": 0.2232668569428331
        },
        "spearman_rho": {
          "mean": 0.40826849544198807,
          "ci_low": 0.28803701084892874,
          "ci_high": 0.5183087239728434
        },
        "kendall_tau": {
          "mean": 0.2827092468471843,
          "ci_low": 0.19698924514477018,
          "ci_high": 0.3635296412980075
        }
      },
      "CYP2C9": {
        "st_rae": {
          "mean": 0.8191201231586538,
          "ci_low": 0.6913788313288572,
          "ci_high": 0.9544273165863516
        },
        "mae": {
          "mean": 0.526165108199047,
          "ci_low": 0.45749261878468667,
          "ci_high": 0.5949388307363249
        },
        "r2": {
          "mean": 0.1845838502055326,
          "ci_low": 0.044393484887322344,
          "ci_high": 0.30536282548887844
        },
        "spearman_rho": {
          "mean": 0.48870338094770716,
          "ci_low": 0.3639705026905448,
          "ci_high": 0.5998499215306976
        },
        "kendall_tau": {
          "mean": 0.3412935963438786,
          "ci_low": 0.25090870320240455,
          "ci_high": 0.4210536064637669
        }
      },
      "CYP2D6": {
        "st_rae": {
          "mean": 1.0030087116842397,
          "ci_low": 0.9283518081092424,
          "ci_high": 1.091362652926547
        },
        "mae": {
          "mean": 0.5834126766909724,
          "ci_low": 0.5081436713882115,
          "ci_high": 0.661712176747944
        },
        "r2": {
          "mean": 0.07703373467766148,
          "ci_low": 0.008257588459765833,
          "ci_high": 0.1462179431175583
        },
        "spearman_rho": {
          "mean": 0.2679192882004852,
          "ci_low": 0.15430993081793462,
          "ci_high": 0.37497617568875574
        },
        "kendall_tau": {
          "mean": 0.1809396977644622,
          "ci_low": 0.10382921692925846,
          "ci_high": 0.25340101578654173
        }
      },
      "CYP3A4": {
        "st_rae": {
          "mean": 0.7609891533597133,
          "ci_low": 0.6689524922629585,
          "ci_high": 0.8515597156842892
        },
        "mae": {
          "mean": 0.7381132169928908,
          "ci_low": 0.6829601621776407,
          "ci_high": 0.7944659859189697
        },
        "r2": {
          "mean": 0.28266037056168747,
          "ci_low": 0.1817084534086614,
          "ci_high": 0.376799299780447
        },
        "spearman_rho": {
          "mean": 0.5414255017527991,
          "ci_low": 0.4570014480336042,
          "ci_high": 0.6192727379001752
        },
        "kendall_tau": {
          "mean": 0.38587012694318185,
          "ci_low": 0.32234745199085724,
          "ci_high": 0.44789034139107536
        }
      }
    }
  },
  "epochs_run": 8,
  "fit_observations": 4213,
  "validation_observations": 1003,
  "rule": "delayed_memory",
  "generations": 64,
  "hidden_channels": 16,
  "atom_feature_profile": "periodic_valence",
  "atom_feature_count": 38,
  "atom_feature_names": [
    "element_H",
    "element_C",
    "element_N",
    "element_O",
    "element_F",
    "element_P",
    "element_S",
    "element_Cl",
    "element_Br",
    "element_I",
    "element_other",
    "formal_charge",
    "aromatic",
    "hybrid_sp",
    "hybrid_sp2",
    "hybrid_sp3",
    "hybrid_other",
    "degree",
    "total_hydrogens",
    "in_ring",
    "hbond_donor",
    "hbond_acceptor",
    "chiral_cw",
    "chiral_ccw",
    "chiral_other",
    "atomic_number",
    "atomic_mass",
    "covalent_radius",
    "vdw_radius",
    "outer_electrons",
    "period",
    "periodic_group",
    "atomic_volume",
    "total_valence",
    "implicit_valence",
    "heavy_atom_degree",
    "radical_electrons",
    "absolute_formal_charge"
  ],
  "device": "cuda",
  "gpu": "NVIDIA GeForce RTX 5070 Ti",
  "training_seconds": 56.87269060011022,
  "peak_gpu_memory_bytes": 305348096,
  "runtime": {
    "operating_system": "Windows-10-10.0.26200-SP0",
    "machine": "AMD64",
    "python": "3.11.16",
    "python_executable": "C:\\Users\\Anthony\\anaconda3\\envs\\strange-matter-gpu\\python.exe",
    "pytorch": "2.11.0+cu128",
    "pytorch_cuda": "12.8",
    "device": "cuda",
    "gpu": "NVIDIA GeForce RTX 5070 Ti"
  },
  "validation_protocol": {
    "kind": "scaffold_cross_validation",
    "fold": 1,
    "folds": 5
  },
  "readout": "differentiable_closed_form_ridge",
  "prediction_mode": "direct",
  "residual_alpha": null,
  "trajectory_pooling": "legacy",
  "ridge_mode": "shared",
  "loss_mode": "mse",
  "interval_loss_beta": 0.0,
  "interval_temperature": 0.1,
  "hyperparameters": {
    "ca_lr": 0.003,
    "ridge": 1.0,
    "ca_l2": 1e-06,
    "gradient_clip": 2.0,
    "update_scale": 0.08,
    "init_scale": 1.0,
    "initial_noise": 0.01,
    "support_fraction": 0.6,
    "bond_temperature": 0.5,
    "dyn_a": 0.2,
    "dyn_b": 0.2,
    "dyn_c": 0.8,
    "dyn_d": 0.05,
    "lr_schedule": "cosine_0.1x"
  }
}
