{"operating_system": "Windows-10-10.0.26200-SP0", "machine": "AMD64", "python": "3.11.16", "python_executable": "C:\\Users\\Anthony\\anaconda3\\envs\\strange-matter-gpu\\python.exe", "pytorch": "2.11.0+cu128", "pytorch_cuda": "12.8", "device": "cuda", "gpu": "NVIDIA GeForce RTX 5070 Ti"}
{"epoch": 1, "train_rmse": 1.019770453465363, "validation_rmse": 0.9265956282615662, "validation_ma_st_rae": 0.9585123359522408, "validation_CYP1A2_st_rae": 1.0460848097157027, "validation_CYP2C9_st_rae": 0.8824156875873946, "validation_CYP2D6_st_rae": 1.0328199952535302, "validation_CYP3A4_st_rae": 0.8727288512523357, "mean_raw_gradient_norm": 4.663784369826317, "fraction_gradients_clipped": 1.0}
{"epoch": 2, "train_rmse": 0.8755996360168585, "validation_rmse": 0.9196956753730774, "validation_ma_st_rae": 0.9511137997281113, "validation_CYP1A2_st_rae": 1.045648117987516, "validation_CYP2C9_st_rae": 0.8602399185860866, "validation_CYP2D6_st_rae": 1.040244949427896, "validation_CYP3A4_st_rae": 0.8583222129109463, "mean_raw_gradient_norm": 3.5207375586032867, "fraction_gradients_clipped": 1.0}
{"epoch": 3, "train_rmse": 0.958944464805915, "validation_rmse": 0.9178147912025452, "validation_ma_st_rae": 0.9479123494792724, "validation_CYP1A2_st_rae": 1.0419749160164722, "validation_CYP2C9_st_rae": 0.8505411550754169, "validation_CYP2D6_st_rae": 1.0452543507559995, "validation_CYP3A4_st_rae": 0.853878976069201, "mean_raw_gradient_norm": 3.8797640949487686, "fraction_gradients_clipped": 1.0}
{"epoch": 4, "train_rmse": 0.9446894640315686, "validation_rmse": 0.916674017906189, "validation_ma_st_rae": 0.9461181676358588, "validation_CYP1A2_st_rae": 1.0381850486072197, "validation_CYP2C9_st_rae": 0.8537353045462114, "validation_CYP2D6_st_rae": 1.040682066988045, "validation_CYP3A4_st_rae": 0.8518702504019589, "mean_raw_gradient_norm": 3.3907591104507446, "fraction_gradients_clipped": 1.0}
{"epoch": 5, "train_rmse": 0.9227005367358717, "validation_rmse": 0.9164425730705261, "validation_ma_st_rae": 0.9457769770710364, "validation_CYP1A2_st_rae": 1.0368472012869885, "validation_CYP2C9_st_rae": 0.8557276966850137, "validation_CYP2D6_st_rae": 1.0387145378158835, "validation_CYP3A4_st_rae": 0.8518184724962597, "mean_raw_gradient_norm": 3.6475420221686363, "fraction_gradients_clipped": 1.0}
{
  "seed": 1701,
  "selection_metric": "validation_ma_st_rae",
  "best_validation_ma_st_rae": 0.9479123494792724,
  "best_validation_rmse": 0.9178147912025452,
  "restored_fit_rmse": 0.8910917043685913,
  "restored_validation_rmse": 0.9178146123886108,
  "restored_fit_ma_st_rae": 0.8933216502174133,
  "restored_validation_ma_st_rae": 0.9517026043734294,
  "restored_validation_point_ma_st_rae": 0.9479120331070119,
  "restored_validation_point_st_rae_by_cyp": {
    "CYP1A2": 1.0419743795348098,
    "CYP2C9": 0.8505407264260251,
    "CYP2D6": 1.0452547461951922,
    "CYP3A4": 0.8538782802720205
  },
  "restored_fit_st_rae_by_cyp": {
    "CYP1A2": 0.8952845398162695,
    "CYP2C9": 0.8330347121041559,
    "CYP2D6": 1.025755428787177,
    "CYP3A4": 0.8192119201620507
  },
  "restored_validation_st_rae_by_cyp": {
    "CYP1A2": 1.048846110026339,
    "CYP2C9": 0.8541719827874507,
    "CYP2D6": 1.048517200018773,
    "CYP3A4": 0.8552751246611546
  },
  "validation_bootstrap_metrics": {
    "n_bootstrap_samples": 1000,
    "seed": 0,
    "macro": {
      "st_rae": {
        "mean": 0.9517026043734294,
        "ci_low": 0.8884797493805319,
        "ci_high": 1.0226724134637393
      },
      "mae": {
        "mean": 0.678753315552783,
        "ci_low": 0.634814877209213,
        "ci_high": 0.7251563361298164
      },
      "r2": {
        "mean": 0.09744189806658145,
        "ci_low": 0.02533996287846791,
        "ci_high": 0.16264820501416954
      },
      "spearman_rho": {
        "mean": 0.34004385499198714,
        "ci_low": 0.2684865456111301,
        "ci_high": 0.40752184275196024
      },
      "kendall_tau": {
        "mean": 0.23474342971601003,
        "ci_low": 0.18541968305439285,
        "ci_high": 0.28150966838631236
      }
    },
    "per_endpoint": {
      "CYP1A2": {
        "st_rae": {
          "mean": 1.048846110026339,
          "ci_low": 0.9193268824680473,
          "ci_high": 1.2092895981787728
        },
        "mae": {
          "mean": 0.7544916354235072,
          "ci_low": 0.6608802397755811,
          "ci_high": 0.8562894646703763
        },
        "r2": {
          "mean": 0.0464438857794796,
          "ci_low": -0.08686448687969328,
          "ci_high": 0.16399505328911343
        },
        "spearman_rho": {
          "mean": 0.31503410077085836,
          "ci_low": 0.15615717073830318,
          "ci_high": 0.45605396937169396
        },
        "kendall_tau": {
          "mean": 0.21152329864498207,
          "ci_low": 0.10497552579286709,
          "ci_high": 0.30867203315680336
        }
      },
      "CYP2C9": {
        "st_rae": {
          "mean": 0.8541719827874507,
          "ci_low": 0.6881076715792098,
          "ci_high": 1.0278243537279905
        },
        "mae": {
          "mean": 0.5371251035064231,
          "ci_low": 0.4685138074951317,
          "ci_high": 0.6185385517036642
        },
        "r2": {
          "mean": 0.1489574828540539,
          "ci_low": -0.049254927612749445,
          "ci_high": 0.30788699510695655
        },
        "spearman_rho": {
          "mean": 0.4431557797237086,
          "ci_low": 0.28880124244396455,
          "ci_high": 0.5837840120045248
        },
        "kendall_tau": {
          "mean": 0.3122260157317072,
          "ci_low": 0.2035765382854864,
          "ci_high": 0.41237076454233235
        }
      },
      "CYP2D6": {
        "st_rae": {
          "mean": 1.048517200018773,
          "ci_low": 0.9306106299812359,
          "ci_high": 1.1779416813287797
        },
        "mae": {
          "mean": 0.6183038370034991,
          "ci_low": 0.5212615374666061,
          "ci_high": 0.7227216593975568
        },
        "r2": {
          "mean": 0.06134709907911502,
          "ci_low": -0.06483645579936688,
          "ci_high": 0.17609744566556618
        },
        "spearman_rho": {
          "mean": 0.1932820957547591,
          "ci_low": 0.013789577496818452,
          "ci_high": 0.35681868823128815
        },
        "kendall_tau": {
          "mean": 0.13306775725465392,
          "ci_low": 0.012497018717258565,
          "ci_high": 0.24685232074529034
        }
      },
      "CYP3A4": {
        "st_rae": {
          "mean": 0.8552751246611546,
          "ci_low": 0.7635363919730895,
          "ci_high": 0.9484427464056959
        },
        "mae": {
          "mean": 0.8050926862777021,
          "ci_low": 0.7276463079378318,
          "ci_high": 0.8851111508998633
        },
        "r2": {
          "mean": 0.1330191245536772,
          "ci_low": 0.03495520867263208,
          "ci_high": 0.23230044914400158
        },
        "spearman_rho": {
          "mean": 0.4087034437186224,
          "ci_low": 0.3043397891609065,
          "ci_high": 0.5169995177188452
        },
        "kendall_tau": {
          "mean": 0.28215664723269696,
          "ci_low": 0.20965025423496114,
          "ci_high": 0.3571524081425865
        }
      }
    }
  },
  "epochs_run": 5,
  "fit_observations": 2659,
  "validation_observations": 646,
  "rule": "inertial_reaction_diffusion",
  "generations": 500,
  "hidden_channels": 4,
  "atom_feature_profile": "electronic_local",
  "atom_feature_count": 37,
  "atom_feature_names": [
    "element_H",
    "element_C",
    "element_N",
    "element_O",
    "element_F",
    "element_P",
    "element_S",
    "element_Cl",
    "element_Br",
    "element_I",
    "element_other",
    "formal_charge",
    "aromatic",
    "hybrid_sp",
    "hybrid_sp2",
    "hybrid_sp3",
    "hybrid_other",
    "degree",
    "total_hydrogens",
    "in_ring",
    "hbond_donor",
    "hbond_acceptor",
    "chiral_cw",
    "chiral_ccw",
    "chiral_other",
    "electronegativity",
    "polarizability",
    "heteroatom",
    "halogen",
    "conjugated_bond_fraction",
    "first_ionization_energy",
    "electron_affinity",
    "electronic_property_missing",
    "mean_neighbour_electronegativity",
    "electronegativity_difference",
    "mean_neighbour_atomic_number",
    "neighbour_formal_charge"
  ],
  "device": "cuda",
  "gpu": "NVIDIA GeForce RTX 5070 Ti",
  "training_seconds": 147.7279115000274,
  "peak_gpu_memory_bytes": 684254208,
  "runtime": {
    "operating_system": "Windows-10-10.0.26200-SP0",
    "machine": "AMD64",
    "python": "3.11.16",
    "python_executable": "C:\\Users\\Anthony\\anaconda3\\envs\\strange-matter-gpu\\python.exe",
    "pytorch": "2.11.0+cu128",
    "pytorch_cuda": "12.8",
    "device": "cuda",
    "gpu": "NVIDIA GeForce RTX 5070 Ti"
  },
  "validation_protocol": {
    "kind": "scaffold_cross_validation",
    "fold": 1,
    "folds": 5
  },
  "readout": "differentiable_closed_form_ridge",
  "prediction_mode": "direct",
  "residual_alpha": null,
  "trajectory_pooling": "legacy",
  "ridge_mode": "shared",
  "loss_mode": "mse",
  "interval_loss_beta": 0.0,
  "interval_temperature": 0.05,
  "hyperparameters": {
    "ca_lr": 0.001,
    "ridge": 1.0,
    "ca_l2": 1e-05,
    "gradient_clip": 1.0,
    "update_scale": 0.08,
    "init_scale": 1.5,
    "initial_noise": 0.0,
    "support_fraction": 0.85,
    "bond_temperature": 1.0,
    "dyn_a": 0.8,
    "dyn_b": 0.8,
    "dyn_c": 0.8,
    "dyn_d": 0.15,
    "lr_schedule": "cosine_0.1x"
  }
}
