{"operating_system": "macOS-26.2-arm64-arm-64bit", "machine": "arm64", "python": "3.10.19", "python_executable": "/opt/anaconda3/envs/kcc2/bin/python3.10", "pytorch": "2.8.0", "pytorch_cuda": null, "device": "cpu", "gpu": null}
{"epoch": 1, "train_rmse": 1.762924661353328, "validation_rmse": 0.9693419933319092, "mean_raw_gradient_norm": 261.13754543181386, "fraction_gradients_clipped": 1.0}
{"epoch": 2, "train_rmse": 1.643174399144651, "validation_rmse": 0.9739503860473633, "mean_raw_gradient_norm": 210.9204785746913, "fraction_gradients_clipped": 1.0}
{"epoch": 3, "train_rmse": 1.686648619711174, "validation_rmse": 0.9704294800758362, "mean_raw_gradient_norm": 238.8889112780171, "fraction_gradients_clipped": 1.0}
{"epoch": 4, "train_rmse": 1.620670358145091, "validation_rmse": 0.969092071056366, "mean_raw_gradient_norm": 231.1231826043898, "fraction_gradients_clipped": 1.0}
{"epoch": 5, "train_rmse": 1.6187342353185257, "validation_rmse": 0.9666817784309387, "mean_raw_gradient_norm": 175.475675459831, "fraction_gradients_clipped": 1.0}
{
  "seed": 4211,
  "best_validation_rmse": 0.9693419933319092,
  "restored_fit_rmse": 0.9167336225509644,
  "restored_validation_rmse": 0.9693419933319092,
  "epochs_run": 5,
  "fit_observations": 5216,
  "validation_observations": 1309,
  "rule": "conservative_graph_flux",
  "generations": 125,
  "hidden_channels": 16,
  "device": "cpu",
  "gpu": null,
  "training_seconds": 215.79108950006776,
  "peak_gpu_memory_bytes": 0,
  "runtime": {
    "operating_system": "macOS-26.2-arm64-arm-64bit",
    "machine": "arm64",
    "python": "3.10.19",
    "python_executable": "/opt/anaconda3/envs/kcc2/bin/python3.10",
    "pytorch": "2.8.0",
    "pytorch_cuda": null,
    "device": "cpu",
    "gpu": null
  },
  "readout": "differentiable_closed_form_ridge",
  "hyperparameters": {
    "ca_lr": 0.0003,
    "ridge": 0.1,
    "ca_l2": 0.0001,
    "gradient_clip": 0.5,
    "update_scale": 0.4,
    "init_scale": 1.5,
    "initial_noise": 0.0,
    "support_fraction": 0.85,
    "bond_temperature": 1.0,
    "dyn_a": 0.5,
    "dyn_b": 0.2,
    "dyn_c": 0.8,
    "dyn_d": 0.15,
    "lr_schedule": "cosine_0.1x"
  }
}
