{"operating_system": "macOS-26.2-arm64-arm-64bit", "machine": "arm64", "python": "3.10.19", "python_executable": "/opt/anaconda3/envs/kcc2/bin/python3.10", "pytorch": "2.8.0", "pytorch_cuda": null, "device": "cpu", "gpu": null}
{"epoch": 1, "train_rmse": 1.619159206539834, "validation_rmse": 1.0570827722549438, "mean_raw_gradient_norm": 153.8270878791809, "fraction_gradients_clipped": 1.0}
{"epoch": 2, "train_rmse": 1.4280460896143359, "validation_rmse": 1.0540212392807007, "mean_raw_gradient_norm": 70.77037830352783, "fraction_gradients_clipped": 1.0}
{"epoch": 3, "train_rmse": 1.5169750278799972, "validation_rmse": 1.0413565635681152, "mean_raw_gradient_norm": 238.47960357666017, "fraction_gradients_clipped": 1.0}
{
  "seed": 1701,
  "best_validation_rmse": 1.0413565635681152,
  "restored_fit_rmse": 0.9414499402046204,
  "restored_validation_rmse": 1.0413565635681152,
  "epochs_run": 3,
  "fit_observations": 791,
  "validation_observations": 273,
  "rule": "kuramoto_sakaguchi",
  "generations": 250,
  "hidden_channels": 4,
  "device": "cpu",
  "gpu": null,
  "training_seconds": 27.73468866595067,
  "peak_gpu_memory_bytes": 0,
  "runtime": {
    "operating_system": "macOS-26.2-arm64-arm-64bit",
    "machine": "arm64",
    "python": "3.10.19",
    "python_executable": "/opt/anaconda3/envs/kcc2/bin/python3.10",
    "pytorch": "2.8.0",
    "pytorch_cuda": null,
    "device": "cpu",
    "gpu": null
  },
  "readout": "differentiable_closed_form_ridge",
  "hyperparameters": {
    "ca_lr": 0.003,
    "ridge": 0.01,
    "ca_l2": 1e-06,
    "gradient_clip": 1.0,
    "update_scale": 0.25,
    "init_scale": 0.5,
    "initial_noise": 0.01,
    "support_fraction": 0.6,
    "bond_temperature": 0.5,
    "dyn_a": 0.5,
    "dyn_b": 0.2,
    "dyn_c": 0.8,
    "dyn_d": 0.15,
    "lr_schedule": "cosine_0.1x"
  }
}
