{"operating_system": "Windows-10-10.0.26200-SP0", "machine": "AMD64", "python": "3.11.16", "python_executable": "C:\\Users\\Anthony\\anaconda3\\envs\\strange-matter-gpu\\python.exe", "pytorch": "2.11.0+cu128", "pytorch_cuda": "12.8", "device": "cuda", "gpu": "NVIDIA GeForce RTX 5070 Ti"}
{"epoch": 1, "train_rmse": 1.468767217351066, "validation_rmse": 0.8837168216705322, "validation_ma_st_rae": 1.0270044840771742, "validation_CYP1A2_st_rae": 1.02795882860382, "validation_CYP2C9_st_rae": 1.0153988335818067, "validation_CYP2D6_st_rae": 1.140506899823132, "validation_CYP3A4_st_rae": 0.9241533742999384, "mean_raw_gradient_norm": 27.31278305053711, "fraction_gradients_clipped": 1.0}
{"epoch": 2, "train_rmse": 1.4340929310052695, "validation_rmse": 0.8830624222755432, "validation_ma_st_rae": 1.0261365823949609, "validation_CYP1A2_st_rae": 1.0241997258506024, "validation_CYP2C9_st_rae": 1.0158461215464698, "validation_CYP2D6_st_rae": 1.1425327077452139, "validation_CYP3A4_st_rae": 0.9219677744375576, "mean_raw_gradient_norm": 21.942526960372923, "fraction_gradients_clipped": 1.0}
{"epoch": 3, "train_rmse": 1.6917207652244075, "validation_rmse": 0.8830302953720093, "validation_ma_st_rae": 1.0256954442705206, "validation_CYP1A2_st_rae": 1.0233707471984812, "validation_CYP2C9_st_rae": 1.0141944804850547, "validation_CYP2D6_st_rae": 1.1437278013304881, "validation_CYP3A4_st_rae": 0.9214887480680579, "mean_raw_gradient_norm": 27.371820831298827, "fraction_gradients_clipped": 1.0}
{
  "seed": 1701,
  "selection_metric": "validation_ma_st_rae",
  "best_validation_ma_st_rae": 1.0270044840771742,
  "best_validation_rmse": 0.8837168216705322,
  "restored_fit_rmse": 0.9184181690216064,
  "restored_validation_rmse": 0.88372802734375,
  "restored_fit_ma_st_rae": 0.8783107793946281,
  "restored_validation_ma_st_rae": 1.0467853004441972,
  "restored_validation_point_ma_st_rae": 1.027023283412905,
  "restored_validation_point_st_rae_by_cyp": {
    "CYP1A2": 1.0279713177373073,
    "CYP2C9": 1.0154002640942539,
    "CYP2D6": 1.1405606797257277,
    "CYP3A4": 0.9241608720943308
  },
  "restored_fit_st_rae_by_cyp": {
    "CYP1A2": 0.8684336133484157,
    "CYP2C9": 0.8539380606537854,
    "CYP2D6": 0.9866538222595487,
    "CYP3A4": 0.8042176213167627
  },
  "restored_validation_st_rae_by_cyp": {
    "CYP1A2": 1.036495916659805,
    "CYP2C9": 1.053842872839451,
    "CYP2D6": 1.1572970586892424,
    "CYP3A4": 0.9395053535882906
  },
  "validation_bootstrap_metrics": {
    "n_bootstrap_samples": 1000,
    "seed": 0,
    "macro": {
      "st_rae": {
        "mean": 1.0467853004441972,
        "ci_low": 0.9093559543743353,
        "ci_high": 1.187678514718272
      },
      "mae": {
        "mean": 0.6747551884108436,
        "ci_low": 0.6111881225501671,
        "ci_high": 0.7405554174850572
      },
      "r2": {
        "mean": -0.007925045805957277,
        "ci_low": -0.16979441103195608,
        "ci_high": 0.11717585753890074
      },
      "spearman_rho": {
        "mean": 0.33591693516877885,
        "ci_low": 0.22735776508057287,
        "ci_high": 0.45063613455809104
      },
      "kendall_tau": {
        "mean": 0.23721812727723227,
        "ci_low": 0.15962944616300578,
        "ci_high": 0.3206323198025932
      }
    },
    "per_endpoint": {
      "CYP1A2": {
        "st_rae": {
          "mean": 1.036495916659805,
          "ci_low": 0.7583341564101048,
          "ci_high": 1.3817141046402508
        },
        "mae": {
          "mean": 0.6765909347495094,
          "ci_low": 0.5312185244482072,
          "ci_high": 0.8362835769770575
        },
        "r2": {
          "mean": 0.1258845757706126,
          "ci_low": -0.16746984432725043,
          "ci_high": 0.3277128688459076
        },
        "spearman_rho": {
          "mean": 0.4911396025574088,
          "ci_low": 0.27347150769912526,
          "ci_high": 0.6906918137302358
        },
        "kendall_tau": {
          "mean": 0.35502651207614083,
          "ci_low": 0.1904357341822523,
          "ci_high": 0.5094492292789757
        }
      },
      "CYP2C9": {
        "st_rae": {
          "mean": 1.053842872839451,
          "ci_low": 0.7727153680487483,
          "ci_high": 1.4043267410515743
        },
        "mae": {
          "mean": 0.5886599264025688,
          "ci_low": 0.47982499341169993,
          "ci_high": 0.7010866969823837
        },
        "r2": {
          "mean": -0.09141270960683036,
          "ci_low": -0.42808425383073573,
          "ci_high": 0.17772768674958986
        },
        "spearman_rho": {
          "mean": 0.33133758585581063,
          "ci_low": 0.0732610641243909,
          "ci_high": 0.5667658132275307
        },
        "kendall_tau": {
          "mean": 0.23481592208088106,
          "ci_low": 0.051648205961596035,
          "ci_high": 0.40754522131599225
        }
      },
      "CYP2D6": {
        "st_rae": {
          "mean": 1.1572970586892424,
          "ci_low": 0.9384421985379139,
          "ci_high": 1.441170269730395
        },
        "mae": {
          "mean": 0.6278258439064026,
          "ci_low": 0.5017521361204293,
          "ci_high": 0.7741592887731699
        },
        "r2": {
          "mean": -0.18847281429412915,
          "ci_low": -0.582620132174754,
          "ci_high": 0.06469061942176614
        },
        "spearman_rho": {
          "mean": 0.2080627407225419,
          "ci_low": -0.033491829118821335,
          "ci_high": 0.433164066748983
        },
        "kendall_tau": {
          "mean": 0.13840870480912873,
          "ci_low": -0.03265290957509217,
          "ci_high": 0.2942801612831455
        }
      },
      "CYP3A4": {
        "st_rae": {
          "mean": 0.9395053535882906,
          "ci_low": 0.7685792996475046,
          "ci_high": 1.1536611880024747
        },
        "mae": {
          "mean": 0.8059440485848937,
          "ci_low": 0.6976402182911718,
          "ci_high": 0.9232735108497531
        },
        "r2": {
          "mean": 0.12230076490651783,
          "ci_low": -0.048493526801700854,
          "ci_high": 0.2680561759908732
        },
        "spearman_rho": {
          "mean": 0.3131278115393543,
          "ci_low": 0.10109694995439376,
          "ci_high": 0.5045499602799705
        },
        "kendall_tau": {
          "mean": 0.22062137014277847,
          "ci_low": 0.07321824377238795,
          "ci_high": 0.36064654844286553
        }
      }
    }
  },
  "epochs_run": 3,
  "fit_observations": 806,
  "validation_observations": 272,
  "rule": "gated_residual",
  "generations": 32,
  "hidden_channels": 8,
  "atom_feature_profile": "ring_geometry",
  "atom_feature_count": 32,
  "atom_feature_names": [
    "element_H",
    "element_C",
    "element_N",
    "element_O",
    "element_F",
    "element_P",
    "element_S",
    "element_Cl",
    "element_Br",
    "element_I",
    "element_other",
    "formal_charge",
    "aromatic",
    "hybrid_sp",
    "hybrid_sp2",
    "hybrid_sp3",
    "hybrid_other",
    "degree",
    "total_hydrogens",
    "in_ring",
    "hbond_donor",
    "hbond_acceptor",
    "chiral_cw",
    "chiral_ccw",
    "chiral_other",
    "ring_count",
    "ring_size_3",
    "ring_size_4",
    "ring_size_5",
    "ring_size_6",
    "ring_size_7",
    "ring_size_8_plus"
  ],
  "device": "cuda",
  "gpu": "NVIDIA GeForce RTX 5070 Ti",
  "training_seconds": 3.8251179999206215,
  "peak_gpu_memory_bytes": 75270656,
  "runtime": {
    "operating_system": "Windows-10-10.0.26200-SP0",
    "machine": "AMD64",
    "python": "3.11.16",
    "python_executable": "C:\\Users\\Anthony\\anaconda3\\envs\\strange-matter-gpu\\python.exe",
    "pytorch": "2.11.0+cu128",
    "pytorch_cuda": "12.8",
    "device": "cuda",
    "gpu": "NVIDIA GeForce RTX 5070 Ti"
  },
  "validation_protocol": {
    "kind": "scaffold_cross_validation",
    "fold": 0,
    "folds": 5
  },
  "readout": "differentiable_closed_form_ridge",
  "prediction_mode": "direct",
  "residual_alpha": null,
  "trajectory_pooling": "legacy",
  "ridge_mode": "shared",
  "loss_mode": "hybrid_interval",
  "interval_loss_beta": 0.75,
  "interval_temperature": 0.02,
  "hyperparameters": {
    "ca_lr": 0.0003,
    "ridge": 0.01,
    "ca_l2": 1e-05,
    "gradient_clip": 1.0,
    "update_scale": 0.08,
    "init_scale": 1.0,
    "initial_noise": 0.0,
    "support_fraction": 0.85,
    "bond_temperature": 2.0,
    "dyn_a": 0.2,
    "dyn_b": 0.5,
    "dyn_c": 0.2,
    "dyn_d": 0.3,
    "lr_schedule": "cosine_0.1x"
  }
}
