{"operating_system": "Windows-10-10.0.26200-SP0", "machine": "AMD64", "python": "3.11.16", "python_executable": "C:\\Users\\Anthony\\anaconda3\\envs\\strange-matter-gpu\\python.exe", "pytorch": "2.11.0+cu128", "pytorch_cuda": "12.8", "device": "cuda", "gpu": "NVIDIA GeForce RTX 5070 Ti"}
{"epoch": 1, "train_rmse": 1.327899023914747, "validation_rmse": 0.9065942168235779, "validation_ma_st_rae": 1.031782503052844, "validation_CYP1A2_st_rae": 1.2034473194090685, "validation_CYP2C9_st_rae": 0.8715329347830715, "validation_CYP2D6_st_rae": 1.2015290444332258, "validation_CYP3A4_st_rae": 0.8506207135860105, "mean_raw_gradient_norm": 13.944110250473022, "fraction_gradients_clipped": 1.0}
{"epoch": 2, "train_rmse": 1.2561222438531583, "validation_rmse": 0.8980823755264282, "validation_ma_st_rae": 1.0331779861545667, "validation_CYP1A2_st_rae": 1.223398545038245, "validation_CYP2C9_st_rae": 0.8791891629254523, "validation_CYP2D6_st_rae": 1.1606009324948428, "validation_CYP3A4_st_rae": 0.8695233041597265, "mean_raw_gradient_norm": 19.796506309509276, "fraction_gradients_clipped": 1.0}
{"epoch": 3, "train_rmse": 1.245900276541559, "validation_rmse": 0.8978379964828491, "validation_ma_st_rae": 1.0368693861766585, "validation_CYP1A2_st_rae": 1.2355362191084411, "validation_CYP2C9_st_rae": 0.8808561517640272, "validation_CYP2D6_st_rae": 1.1549499249824153, "validation_CYP3A4_st_rae": 0.8761352488517503, "mean_raw_gradient_norm": 12.266957855224609, "fraction_gradients_clipped": 1.0}
{
  "seed": 1701,
  "selection_metric": "validation_ma_st_rae",
  "best_validation_ma_st_rae": 1.031782503052844,
  "best_validation_rmse": 0.9065942168235779,
  "restored_fit_rmse": 0.945749819278717,
  "restored_validation_rmse": 0.906809389591217,
  "restored_fit_ma_st_rae": 0.8970138356088423,
  "restored_validation_ma_st_rae": 1.0490876714269077,
  "restored_validation_point_ma_st_rae": 1.0319557769703755,
  "restored_validation_point_st_rae_by_cyp": {
    "CYP1A2": 1.2035068482362192,
    "CYP2C9": 0.8715078435947456,
    "CYP2D6": 1.2022220724428194,
    "CYP3A4": 0.8505863436077183
  },
  "restored_fit_st_rae_by_cyp": {
    "CYP1A2": 0.9673811248124449,
    "CYP2C9": 0.8100809324813472,
    "CYP2D6": 0.9748843938421491,
    "CYP3A4": 0.8357088912994286
  },
  "restored_validation_st_rae_by_cyp": {
    "CYP1A2": 1.211253885732679,
    "CYP2C9": 0.902390771288695,
    "CYP2D6": 1.2180474394212435,
    "CYP3A4": 0.8646585892650136
  },
  "validation_bootstrap_metrics": {
    "n_bootstrap_samples": 1000,
    "seed": 0,
    "macro": {
      "st_rae": {
        "mean": 1.0490876714269077,
        "ci_low": 0.9236449435741719,
        "ci_high": 1.1955992074287471
      },
      "mae": {
        "mean": 0.6806253013689105,
        "ci_low": 0.6167681583247621,
        "ci_high": 0.74929323764884
      },
      "r2": {
        "mean": -0.07210220773701255,
        "ci_low": -0.31538140305272716,
        "ci_high": 0.09923034206746499
      },
      "spearman_rho": {
        "mean": 0.25330708533456636,
        "ci_low": 0.14186264028479875,
        "ci_high": 0.36621754687893565
      },
      "kendall_tau": {
        "mean": 0.18075401719952824,
        "ci_low": 0.09982206848759438,
        "ci_high": 0.26272071449756995
      }
    },
    "per_endpoint": {
      "CYP1A2": {
        "st_rae": {
          "mean": 1.211253885732679,
          "ci_low": 0.9229408071551338,
          "ci_high": 1.576092682926884
        },
        "mae": {
          "mean": 0.7773865023831852,
          "ci_low": 0.6270816181526809,
          "ci_high": 0.9560961376448146
        },
        "r2": {
          "mean": -0.0650377981463521,
          "ci_low": -0.41387844989757033,
          "ci_high": 0.1481121669025545
        },
        "spearman_rho": {
          "mean": 0.2571195604755112,
          "ci_low": 0.015529456677976793,
          "ci_high": 0.47878219009381795
        },
        "kendall_tau": {
          "mean": 0.16814051868548444,
          "ci_low": 0.012207083998234058,
          "ci_high": 0.3274326259809869
        }
      },
      "CYP2C9": {
        "st_rae": {
          "mean": 0.902390771288695,
          "ci_low": 0.6617110026177044,
          "ci_high": 1.1698712883278006
        },
        "mae": {
          "mean": 0.5244186509331068,
          "ci_low": 0.40836066673199334,
          "ci_high": 0.6417055370410283
        },
        "r2": {
          "mean": 0.03401329213157795,
          "ci_low": -0.2854523929652207,
          "ci_high": 0.2983765165812557
        },
        "spearman_rho": {
          "mean": 0.3387250495830874,
          "ci_low": 0.09062891157408696,
          "ci_high": 0.5675441477784338
        },
        "kendall_tau": {
          "mean": 0.24365601977403206,
          "ci_low": 0.05606669006529805,
          "ci_high": 0.41776760278440667
        }
      },
      "CYP2D6": {
        "st_rae": {
          "mean": 1.2180474394212435,
          "ci_low": 0.9967821023561647,
          "ci_high": 1.5127273505115828
        },
        "mae": {
          "mean": 0.6506009308228127,
          "ci_low": 0.5007527885070214,
          "ci_high": 0.8070071340524232
        },
        "r2": {
          "mean": -0.45221788084410025,
          "ci_low": -1.3175794118005921,
          "ci_high": -0.012464096746523223
        },
        "spearman_rho": {
          "mean": -0.014537776562040146,
          "ci_low": -0.2618049488316965,
          "ci_high": 0.2541565437752575
        },
        "kendall_tau": {
          "mean": -0.0035087451258878,
          "ci_low": -0.1802738072293295,
          "ci_high": 0.18422295119746776
        }
      },
      "CYP3A4": {
        "st_rae": {
          "mean": 0.8646585892650136,
          "ci_low": 0.726630803364388,
          "ci_high": 1.05152642758813
        },
        "mae": {
          "mean": 0.7700951213365377,
          "ci_low": 0.6611649324727613,
          "ci_high": 0.8831656011731125
        },
        "r2": {
          "mean": 0.1948335559108242,
          "ci_low": 0.028503490091974525,
          "ci_high": 0.3368174127354445
        },
        "spearman_rho": {
          "mean": 0.4319215078417069,
          "ci_low": 0.23478884013230564,
          "ci_high": 0.6064171747547761
        },
        "kendall_tau": {
          "mean": 0.3147282754644843,
          "ci_low": 0.17203227473270005,
          "ci_high": 0.44673956672834475
        }
      }
    }
  },
  "epochs_run": 3,
  "fit_observations": 806,
  "validation_observations": 272,
  "rule": "gray_scott",
  "generations": 64,
  "hidden_channels": 8,
  "atom_feature_profile": "electronic_local",
  "atom_feature_count": 37,
  "atom_feature_names": [
    "element_H",
    "element_C",
    "element_N",
    "element_O",
    "element_F",
    "element_P",
    "element_S",
    "element_Cl",
    "element_Br",
    "element_I",
    "element_other",
    "formal_charge",
    "aromatic",
    "hybrid_sp",
    "hybrid_sp2",
    "hybrid_sp3",
    "hybrid_other",
    "degree",
    "total_hydrogens",
    "in_ring",
    "hbond_donor",
    "hbond_acceptor",
    "chiral_cw",
    "chiral_ccw",
    "chiral_other",
    "electronegativity",
    "polarizability",
    "heteroatom",
    "halogen",
    "conjugated_bond_fraction",
    "first_ionization_energy",
    "electron_affinity",
    "electronic_property_missing",
    "mean_neighbour_electronegativity",
    "electronegativity_difference",
    "mean_neighbour_atomic_number",
    "neighbour_formal_charge"
  ],
  "device": "cuda",
  "gpu": "NVIDIA GeForce RTX 5070 Ti",
  "training_seconds": 8.117235800018534,
  "peak_gpu_memory_bytes": 107787264,
  "runtime": {
    "operating_system": "Windows-10-10.0.26200-SP0",
    "machine": "AMD64",
    "python": "3.11.16",
    "python_executable": "C:\\Users\\Anthony\\anaconda3\\envs\\strange-matter-gpu\\python.exe",
    "pytorch": "2.11.0+cu128",
    "pytorch_cuda": "12.8",
    "device": "cuda",
    "gpu": "NVIDIA GeForce RTX 5070 Ti"
  },
  "validation_protocol": {
    "kind": "scaffold_cross_validation",
    "fold": 0,
    "folds": 5
  },
  "readout": "differentiable_closed_form_ridge",
  "hyperparameters": {
    "ca_lr": 0.001,
    "ridge": 1.0,
    "ca_l2": 1e-05,
    "gradient_clip": 1.0,
    "update_scale": 0.4,
    "init_scale": 1.5,
    "initial_noise": 0.005,
    "support_fraction": 0.6,
    "bond_temperature": 1.0,
    "dyn_a": 0.8,
    "dyn_b": 0.8,
    "dyn_c": 0.8,
    "dyn_d": 0.05,
    "lr_schedule": "cosine_0.1x"
  }
}
