{"operating_system": "Windows-10-10.0.26200-SP0", "machine": "AMD64", "python": "3.11.16", "python_executable": "C:\\Users\\Anthony\\anaconda3\\envs\\strange-matter-gpu\\python.exe", "pytorch": "2.11.0+cu128", "pytorch_cuda": "12.8", "device": "cuda", "gpu": "NVIDIA GeForce RTX 5070 Ti"}
{"epoch": 1, "train_rmse": 1.1117186003673059, "validation_rmse": 0.8990864753723145, "validation_ma_st_rae": 0.8393132926732447, "validation_CYP1A2_st_rae": 0.8659009322338806, "validation_CYP2C9_st_rae": 0.8033705581582693, "validation_CYP2D6_st_rae": 1.0489179390055603, "validation_CYP3A4_st_rae": 0.6390637412952688, "mean_raw_gradient_norm": 11.411803630090528, "fraction_gradients_clipped": 1.0}
{"epoch": 2, "train_rmse": 1.067818959159175, "validation_rmse": 0.8992818593978882, "validation_ma_st_rae": 0.8420575011837119, "validation_CYP1A2_st_rae": 0.8647673409518571, "validation_CYP2C9_st_rae": 0.8093394794656762, "validation_CYP2D6_st_rae": 1.0581873648833204, "validation_CYP3A4_st_rae": 0.6359358194339939, "mean_raw_gradient_norm": 8.195252841518771, "fraction_gradients_clipped": 1.0}
{"epoch": 3, "train_rmse": 1.0256989755384485, "validation_rmse": 0.8948987722396851, "validation_ma_st_rae": 0.8360305759054164, "validation_CYP1A2_st_rae": 0.8581830361880897, "validation_CYP2C9_st_rae": 0.7985102109193897, "validation_CYP2D6_st_rae": 1.0589415419075237, "validation_CYP3A4_st_rae": 0.6284875146066623, "mean_raw_gradient_norm": 5.973946548277332, "fraction_gradients_clipped": 1.0}
{"epoch": 4, "train_rmse": 1.2825437123514927, "validation_rmse": 0.8924202919006348, "validation_ma_st_rae": 0.8323067002543865, "validation_CYP1A2_st_rae": 0.8575904597921018, "validation_CYP2C9_st_rae": 0.7924875870730593, "validation_CYP2D6_st_rae": 1.0556421601481714, "validation_CYP3A4_st_rae": 0.6235065940042134, "mean_raw_gradient_norm": 12.360370712895547, "fraction_gradients_clipped": 1.0}
{"epoch": 5, "train_rmse": 1.0333881765125645, "validation_rmse": 0.8919616341590881, "validation_ma_st_rae": 0.8329085624198268, "validation_CYP1A2_st_rae": 0.8535929807716095, "validation_CYP2C9_st_rae": 0.7921511236285742, "validation_CYP2D6_st_rae": 1.0631372838957973, "validation_CYP3A4_st_rae": 0.6227528613833263, "mean_raw_gradient_norm": 6.374003556466872, "fraction_gradients_clipped": 1.0}
{"epoch": 6, "train_rmse": 1.0266221663771695, "validation_rmse": 0.8878973722457886, "validation_ma_st_rae": 0.8255444531804724, "validation_CYP1A2_st_rae": 0.8439927273883236, "validation_CYP2C9_st_rae": 0.7871544598672067, "validation_CYP2D6_st_rae": 1.0548595824638693, "validation_CYP3A4_st_rae": 0.6161710430024901, "mean_raw_gradient_norm": 5.991476182014711, "fraction_gradients_clipped": 1.0}
{"epoch": 7, "train_rmse": 0.9691354927188232, "validation_rmse": 0.8867722153663635, "validation_ma_st_rae": 0.8250414247717305, "validation_CYP1A2_st_rae": 0.8396569699208872, "validation_CYP2C9_st_rae": 0.7890981475778147, "validation_CYP2D6_st_rae": 1.0574052980926711, "validation_CYP3A4_st_rae": 0.614005283495549, "mean_raw_gradient_norm": 5.602758292228945, "fraction_gradients_clipped": 1.0}
{"epoch": 8, "train_rmse": 1.0434912109049854, "validation_rmse": 0.8866991996765137, "validation_ma_st_rae": 0.82318680040822, "validation_CYP1A2_st_rae": 0.8449731750371622, "validation_CYP2C9_st_rae": 0.7844640332936667, "validation_CYP2D6_st_rae": 1.0530133884068569, "validation_CYP3A4_st_rae": 0.6102966048951943, "mean_raw_gradient_norm": 8.8809898361083, "fraction_gradients_clipped": 1.0}
{"epoch": 9, "train_rmse": 0.9972954275914822, "validation_rmse": 0.885753333568573, "validation_ma_st_rae": 0.8209506751832905, "validation_CYP1A2_st_rae": 0.8413381991163571, "validation_CYP2C9_st_rae": 0.7862866587959566, "validation_CYP2D6_st_rae": 1.0472066499331527, "validation_CYP3A4_st_rae": 0.6089711928876956, "mean_raw_gradient_norm": 6.044732793684928, "fraction_gradients_clipped": 1.0}
{"epoch": 10, "train_rmse": 0.9864338615787777, "validation_rmse": 0.8844063878059387, "validation_ma_st_rae": 0.817596462213114, "validation_CYP1A2_st_rae": 0.8428613938099869, "validation_CYP2C9_st_rae": 0.77828325064446, "validation_CYP2D6_st_rae": 1.0444010608472811, "validation_CYP3A4_st_rae": 0.6048401435507278, "mean_raw_gradient_norm": 5.825610283882387, "fraction_gradients_clipped": 1.0}
{"epoch": 11, "train_rmse": 0.9603458536632671, "validation_rmse": 0.883507490158081, "validation_ma_st_rae": 0.81656691690843, "validation_CYP1A2_st_rae": 0.8441491090732879, "validation_CYP2C9_st_rae": 0.7772802168999079, "validation_CYP2D6_st_rae": 1.0416343561444779, "validation_CYP3A4_st_rae": 0.603203985516046, "mean_raw_gradient_norm": 5.12153858523215, "fraction_gradients_clipped": 1.0}
{"epoch": 12, "train_rmse": 1.0367949907730596, "validation_rmse": 0.8839715719223022, "validation_ma_st_rae": 0.8162303141163506, "validation_CYP1A2_st_rae": 0.8396049975388845, "validation_CYP2C9_st_rae": 0.7793052641562596, "validation_CYP2D6_st_rae": 1.0387487897853203, "validation_CYP3A4_st_rae": 0.6072622049849382, "mean_raw_gradient_norm": 6.783328217844809, "fraction_gradients_clipped": 1.0}
{"epoch": 13, "train_rmse": 1.0339140599230605, "validation_rmse": 0.883313000202179, "validation_ma_st_rae": 0.8157286225659547, "validation_CYP1A2_st_rae": 0.8405113390236739, "validation_CYP2C9_st_rae": 0.7780821685939562, "validation_CYP2D6_st_rae": 1.0376406987110403, "validation_CYP3A4_st_rae": 0.6066802839351485, "mean_raw_gradient_norm": 9.423888052663495, "fraction_gradients_clipped": 1.0}
{"epoch": 14, "train_rmse": 1.0406816672757526, "validation_rmse": 0.883155345916748, "validation_ma_st_rae": 0.8162920012700392, "validation_CYP1A2_st_rae": 0.843035241796478, "validation_CYP2C9_st_rae": 0.7782496043582653, "validation_CYP2D6_st_rae": 1.0372674540688676, "validation_CYP3A4_st_rae": 0.606615704856546, "mean_raw_gradient_norm": 8.133721274714317, "fraction_gradients_clipped": 1.0}
{"epoch": 15, "train_rmse": 1.024872963822294, "validation_rmse": 0.8832293152809143, "validation_ma_st_rae": 0.8164489666907839, "validation_CYP1A2_st_rae": 0.8446313551157668, "validation_CYP2C9_st_rae": 0.7776169321654904, "validation_CYP2D6_st_rae": 1.0370268053505864, "validation_CYP3A4_st_rae": 0.6065207741312922, "mean_raw_gradient_norm": 8.234639283149473, "fraction_gradients_clipped": 1.0}
{"dynamics_phase": "screen_start", "validation_pairs": 1309}
{"dynamics_phase": "screen_complete", "validation_pairs": 1309}
{
  "seed": 1701,
  "selection_metric": "validation_ma_st_rae",
  "best_validation_ma_st_rae": 0.817596462213114,
  "best_validation_rmse": 0.8844063878059387,
  "restored_fit_rmse": 0.8180038332939148,
  "restored_validation_rmse": 0.8844278454780579,
  "restored_fit_ma_st_rae": 0.819304468323964,
  "restored_validation_ma_st_rae": 0.8210976252816655,
  "restored_validation_point_ma_st_rae": 0.8176253918195409,
  "restored_validation_point_st_rae_by_cyp": {
    "CYP1A2": 0.8428547049590696,
    "CYP2C9": 0.7782804349632056,
    "CYP2D6": 1.044495409941662,
    "CYP3A4": 0.6048710174142263
  },
  "restored_fit_st_rae_by_cyp": {
    "CYP1A2": 0.8494548820820131,
    "CYP2C9": 0.7462599342951721,
    "CYP2D6": 1.001821503469825,
    "CYP3A4": 0.6796815534488457
  },
  "restored_validation_st_rae_by_cyp": {
    "CYP1A2": 0.8457184471842571,
    "CYP2C9": 0.7831065710434885,
    "CYP2D6": 1.0487145447757926,
    "CYP3A4": 0.606850938123124
  },
  "validation_bootstrap_metrics": {
    "n_bootstrap_samples": 1000,
    "seed": 0,
    "macro": {
      "st_rae": {
        "mean": 0.8210976252816655,
        "ci_low": 0.7788285526648144,
        "ci_high": 0.8677337212905585
      },
      "mae": {
        "mean": 0.6551381454460156,
        "ci_low": 0.6214528599403988,
        "ci_high": 0.6871220360078145
      },
      "r2": {
        "mean": 0.23545811471132244,
        "ci_low": 0.19171480429759027,
        "ci_high": 0.27623564725701344
      },
      "spearman_rho": {
        "mean": 0.4703430035552661,
        "ci_low": 0.4249474577520572,
        "ci_high": 0.5158996808586347
      },
      "kendall_tau": {
        "mean": 0.3348444128532929,
        "ci_low": 0.3016281243594591,
        "ci_high": 0.36809842825061434
      }
    },
    "per_endpoint": {
      "CYP1A2": {
        "st_rae": {
          "mean": 0.8457184471842571,
          "ci_low": 0.7522506340632661,
          "ci_high": 0.9549052071835271
        },
        "mae": {
          "mean": 0.7224046013293898,
          "ci_low": 0.6430444338742424,
          "ci_high": 0.79887295592138
        },
        "r2": {
          "mean": 0.19794406019462837,
          "ci_low": 0.09370116303900439,
          "ci_high": 0.2850449349120477
        },
        "spearman_rho": {
          "mean": 0.43330536543631853,
          "ci_low": 0.32484008482035426,
          "ci_high": 0.5269833690548851
        },
        "kendall_tau": {
          "mean": 0.30402255057887295,
          "ci_low": 0.22712589203028818,
          "ci_high": 0.37161801338037675
        }
      },
      "CYP2C9": {
        "st_rae": {
          "mean": 0.7831065710434885,
          "ci_low": 0.6881511470888131,
          "ci_high": 0.890201263620336
        },
        "mae": {
          "mean": 0.5387467981378238,
          "ci_low": 0.48477535959747103,
          "ci_high": 0.5965733216158927
        },
        "r2": {
          "mean": 0.2722870230564805,
          "ci_low": 0.16423205793962825,
          "ci_high": 0.37571257051456625
        },
        "spearman_rho": {
          "mean": 0.5677658564635747,
          "ci_low": 0.4729021998161384,
          "ci_high": 0.6615101560956164
        },
        "kendall_tau": {
          "mean": 0.40827910256949124,
          "ci_low": 0.3350443041813799,
          "ci_high": 0.4812496033508916
        }
      },
      "CYP2D6": {
        "st_rae": {
          "mean": 1.0487145447757926,
          "ci_low": 0.9823758174710182,
          "ci_high": 1.12621489850224
        },
        "mae": {
          "mean": 0.7197773257490304,
          "ci_low": 0.6462483891890599,
          "ci_high": 0.7955096448751596
        },
        "r2": {
          "mean": 0.006591008880851301,
          "ci_low": -0.059168123391398854,
          "ci_high": 0.07083768893908274
        },
        "spearman_rho": {
          "mean": 0.17280871152574456,
          "ci_low": 0.0690720493744365,
          "ci_high": 0.27870171935008003
        },
        "kendall_tau": {
          "mean": 0.1146556607270285,
          "ci_low": 0.043538641112445944,
          "ci_high": 0.1860800834779362
        }
      },
      "CYP3A4": {
        "st_rae": {
          "mean": 0.606850938123124,
          "ci_low": 0.544717572038217,
          "ci_high": 0.672632787753403
        },
        "mae": {
          "mean": 0.6396238565678182,
          "ci_low": 0.5965396784245968,
          "ci_high": 0.6869458701234796
        },
        "r2": {
          "mean": 0.4650103667133296,
          "ci_low": 0.4092270615142163,
          "ci_high": 0.5157650468314683
        },
        "spearman_rho": {
          "mean": 0.7074920807954266,
          "ci_low": 0.6572490895744145,
          "ci_high": 0.7521421478270803
        },
        "kendall_tau": {
          "mean": 0.512420337537779,
          "ci_low": 0.46977072117934465,
          "ci_high": 0.5514335588853672
        }
      }
    }
  },
  "epochs_run": 15,
  "fit_observations": 5216,
  "validation_observations": 1309,
  "rule": "kuramoto_sakaguchi",
  "generations": 32,
  "hidden_channels": 16,
  "atom_feature_profile": "periodic",
  "atom_feature_count": 33,
  "atom_feature_names": [
    "element_H",
    "element_C",
    "element_N",
    "element_O",
    "element_F",
    "element_P",
    "element_S",
    "element_Cl",
    "element_Br",
    "element_I",
    "element_other",
    "formal_charge",
    "aromatic",
    "hybrid_sp",
    "hybrid_sp2",
    "hybrid_sp3",
    "hybrid_other",
    "degree",
    "total_hydrogens",
    "in_ring",
    "hbond_donor",
    "hbond_acceptor",
    "chiral_cw",
    "chiral_ccw",
    "chiral_other",
    "atomic_number",
    "atomic_mass",
    "covalent_radius",
    "vdw_radius",
    "outer_electrons",
    "period",
    "periodic_group",
    "atomic_volume"
  ],
  "device": "cuda",
  "gpu": "NVIDIA GeForce RTX 5070 Ti",
  "training_seconds": 96.39705789997242,
  "peak_gpu_memory_bytes": 245911552,
  "runtime": {
    "operating_system": "Windows-10-10.0.26200-SP0",
    "machine": "AMD64",
    "python": "3.11.16",
    "python_executable": "C:\\Users\\Anthony\\anaconda3\\envs\\strange-matter-gpu\\python.exe",
    "pytorch": "2.11.0+cu128",
    "pytorch_cuda": "12.8",
    "device": "cuda",
    "gpu": "NVIDIA GeForce RTX 5070 Ti"
  },
  "validation_protocol": {
    "kind": "reserved_scaffold_holdout"
  },
  "readout": "differentiable_closed_form_ridge",
  "hyperparameters": {
    "ca_lr": 0.001,
    "ridge": 0.1,
    "ca_l2": 1e-06,
    "gradient_clip": 2.0,
    "update_scale": 0.08,
    "init_scale": 0.5,
    "initial_noise": 0.005,
    "support_fraction": 0.85,
    "bond_temperature": 1.0,
    "dyn_a": 0.5,
    "dyn_b": 0.2,
    "dyn_c": 0.5,
    "dyn_d": 0.05,
    "lr_schedule": "cosine_0.1x"
  },
  "dynamical_analysis": {
    "validation_trajectories_screened": 1309,
    "perturbation_cases": 0,
    "classification_counts": {},
    "perturbation_status": "not_requested"
  }
}
