{"operating_system": "Windows-10-10.0.26200-SP0", "machine": "AMD64", "python": "3.11.16", "python_executable": "C:\\Users\\Anthony\\anaconda3\\envs\\strange-matter-gpu\\python.exe", "pytorch": "2.11.0+cu128", "pytorch_cuda": "12.8", "device": "cuda", "gpu": "NVIDIA GeForce RTX 5070 Ti"}
{"epoch": 1, "train_rmse": 1.3153541119080383, "validation_rmse": 0.9066583514213562, "validation_ma_st_rae": 0.9414121329929185, "validation_CYP1A2_st_rae": 0.9393496531550953, "validation_CYP2C9_st_rae": 0.8636639612772162, "validation_CYP2D6_st_rae": 1.1371994264523657, "validation_CYP3A4_st_rae": 0.8254354910869967, "mean_raw_gradient_norm": 95.17787934839725, "fraction_gradients_clipped": 1.0}
{"epoch": 2, "train_rmse": 1.2033474434820624, "validation_rmse": 0.891521155834198, "validation_ma_st_rae": 0.928438739820317, "validation_CYP1A2_st_rae": 0.9234194546793542, "validation_CYP2C9_st_rae": 0.8706726780726417, "validation_CYP2D6_st_rae": 1.1261771069075317, "validation_CYP3A4_st_rae": 0.7934857196217404, "mean_raw_gradient_norm": 43.42015355825424, "fraction_gradients_clipped": 1.0}
{"epoch": 3, "train_rmse": 1.1886319961175473, "validation_rmse": 0.8943690061569214, "validation_ma_st_rae": 0.9195012939757887, "validation_CYP1A2_st_rae": 0.926411327131034, "validation_CYP2C9_st_rae": 0.7803445885636766, "validation_CYP2D6_st_rae": 1.164083196419682, "validation_CYP3A4_st_rae": 0.8071660637887625, "mean_raw_gradient_norm": 25.55927848815918, "fraction_gradients_clipped": 1.0}
{"epoch": 4, "train_rmse": 1.4333623287045156, "validation_rmse": 0.8885167837142944, "validation_ma_st_rae": 0.912818502392514, "validation_CYP1A2_st_rae": 0.9329273419512122, "validation_CYP2C9_st_rae": 0.8084221335696582, "validation_CYP2D6_st_rae": 1.1237121182308045, "validation_CYP3A4_st_rae": 0.7862124158183813, "mean_raw_gradient_norm": 72.29771703481674, "fraction_gradients_clipped": 1.0}
{"epoch": 5, "train_rmse": 1.2385985187371775, "validation_rmse": 0.8896024823188782, "validation_ma_st_rae": 0.9169181488064755, "validation_CYP1A2_st_rae": 0.9075547534297135, "validation_CYP2C9_st_rae": 0.7982207510115343, "validation_CYP2D6_st_rae": 1.168167176103286, "validation_CYP3A4_st_rae": 0.7937299146813681, "mean_raw_gradient_norm": 21.985049307346344, "fraction_gradients_clipped": 1.0}
{
  "seed": 1701,
  "selection_metric": "validation_ma_st_rae",
  "best_validation_ma_st_rae": 0.912818502392514,
  "best_validation_rmse": 0.8885167837142944,
  "restored_fit_rmse": 0.8824315667152405,
  "restored_validation_rmse": 0.8885166645050049,
  "restored_fit_ma_st_rae": 0.8879271937504027,
  "restored_validation_ma_st_rae": 0.9163891997374236,
  "restored_validation_point_ma_st_rae": 0.912814831821617,
  "restored_validation_point_st_rae_by_cyp": {
    "CYP1A2": 0.9329217017406658,
    "CYP2C9": 0.808402048283864,
    "CYP2D6": 1.1237224523750404,
    "CYP3A4": 0.7862131248868977
  },
  "restored_fit_st_rae_by_cyp": {
    "CYP1A2": 0.8833229111396402,
    "CYP2C9": 0.8257722376550435,
    "CYP2D6": 1.0451643965366157,
    "CYP3A4": 0.7974492296703112
  },
  "restored_validation_st_rae_by_cyp": {
    "CYP1A2": 0.9376271310882788,
    "CYP2C9": 0.8114103695774211,
    "CYP2D6": 1.1277723037008345,
    "CYP3A4": 0.7887469945831599
  },
  "validation_bootstrap_metrics": {
    "n_bootstrap_samples": 1000,
    "seed": 0,
    "macro": {
      "st_rae": {
        "mean": 0.9163891997374236,
        "ci_low": 0.8458321970091776,
        "ci_high": 0.9907347139291267
      },
      "mae": {
        "mean": 0.6577518466949717,
        "ci_low": 0.6140854358942911,
        "ci_high": 0.7041665069988529
      },
      "r2": {
        "mean": 0.12647931389222825,
        "ci_low": 0.05613499896578104,
        "ci_high": 0.19678228158491456
      },
      "spearman_rho": {
        "mean": 0.39110621404924095,
        "ci_low": 0.3207282937701418,
        "ci_high": 0.4591623305402141
      },
      "kendall_tau": {
        "mean": 0.27011254250016253,
        "ci_low": 0.22066252955990343,
        "ci_high": 0.3199690023302263
      }
    },
    "per_endpoint": {
      "CYP1A2": {
        "st_rae": {
          "mean": 0.9376271310882788,
          "ci_low": 0.8121491788430532,
          "ci_high": 1.0758761475707073
        },
        "mae": {
          "mean": 0.6939749837791833,
          "ci_low": 0.6001912431560293,
          "ci_high": 0.7995147454477575
        },
        "r2": {
          "mean": 0.12573031319291925,
          "ci_low": -0.00014740142414227872,
          "ci_high": 0.2475415793338199
        },
        "spearman_rho": {
          "mean": 0.43823217436829714,
          "ci_low": 0.2998057765241098,
          "ci_high": 0.5677917246272628
        },
        "kendall_tau": {
          "mean": 0.2951915309062247,
          "ci_low": 0.2004985923485876,
          "ci_high": 0.39466167245307326
        }
      },
      "CYP2C9": {
        "st_rae": {
          "mean": 0.8114103695774211,
          "ci_low": 0.6463475309035164,
          "ci_high": 1.0147460841901275
        },
        "mae": {
          "mean": 0.5228445116672807,
          "ci_low": 0.4551323205915116,
          "ci_high": 0.5981055066330743
        },
        "r2": {
          "mean": 0.1856678317825423,
          "ci_low": -0.020350507295948457,
          "ci_high": 0.34891764114709334
        },
        "spearman_rho": {
          "mean": 0.4882593001243371,
          "ci_low": 0.34323032035312306,
          "ci_high": 0.6220198875059466
        },
        "kendall_tau": {
          "mean": 0.34419442917583193,
          "ci_low": 0.2407694191734633,
          "ci_high": 0.43761825922421943
        }
      },
      "CYP2D6": {
        "st_rae": {
          "mean": 1.1277723037008345,
          "ci_low": 1.006688662940053,
          "ci_high": 1.2841960179205472
        },
        "mae": {
          "mean": 0.6458164225564386,
          "ci_low": 0.5383924198846747,
          "ci_high": 0.7507697396034743
        },
        "r2": {
          "mean": -0.04822028738014252,
          "ci_low": -0.19974286576118797,
          "ci_high": 0.06621835260233341
        },
        "spearman_rho": {
          "mean": 0.1566021751103636,
          "ci_low": -0.009568446714345506,
          "ci_high": 0.3147965369578565
        },
        "kendall_tau": {
          "mean": 0.10221090055936705,
          "ci_low": -0.014329470048923152,
          "ci_high": 0.21529969783582112
        }
      },
      "CYP3A4": {
        "st_rae": {
          "mean": 0.7887469945831599,
          "ci_low": 0.6969351174547128,
          "ci_high": 0.8843457790454654
        },
        "mae": {
          "mean": 0.7683714687769839,
          "ci_low": 0.6984371614777696,
          "ci_high": 0.8460107023290578
        },
        "r2": {
          "mean": 0.242739397973594,
          "ci_low": 0.15424096047183655,
          "ci_high": 0.32814591903256773
        },
        "spearman_rho": {
          "mean": 0.4813312065939662,
          "ci_low": 0.37979343201028126,
          "ci_high": 0.5763742890275891
        },
        "kendall_tau": {
          "mean": 0.33885330935922636,
          "ci_low": 0.264693629090547,
          "ci_high": 0.414714465060139
        }
      }
    }
  },
  "epochs_run": 5,
  "fit_observations": 2659,
  "validation_observations": 646,
  "rule": "gray_scott",
  "generations": 500,
  "hidden_channels": 8,
  "atom_feature_profile": "comprehensive",
  "atom_feature_count": 57,
  "atom_feature_names": [
    "element_H",
    "element_C",
    "element_N",
    "element_O",
    "element_F",
    "element_P",
    "element_S",
    "element_Cl",
    "element_Br",
    "element_I",
    "element_other",
    "formal_charge",
    "aromatic",
    "hybrid_sp",
    "hybrid_sp2",
    "hybrid_sp3",
    "hybrid_other",
    "degree",
    "total_hydrogens",
    "in_ring",
    "hbond_donor",
    "hbond_acceptor",
    "chiral_cw",
    "chiral_ccw",
    "chiral_other",
    "atomic_number",
    "atomic_mass",
    "covalent_radius",
    "vdw_radius",
    "outer_electrons",
    "period",
    "periodic_group",
    "atomic_volume",
    "total_valence",
    "implicit_valence",
    "heavy_atom_degree",
    "radical_electrons",
    "absolute_formal_charge",
    "electronegativity",
    "polarizability",
    "heteroatom",
    "halogen",
    "conjugated_bond_fraction",
    "first_ionization_energy",
    "electron_affinity",
    "electronic_property_missing",
    "ring_count",
    "ring_size_3",
    "ring_size_4",
    "ring_size_5",
    "ring_size_6",
    "ring_size_7",
    "ring_size_8_plus",
    "mean_neighbour_electronegativity",
    "electronegativity_difference",
    "mean_neighbour_atomic_number",
    "neighbour_formal_charge"
  ],
  "device": "cuda",
  "gpu": "NVIDIA GeForce RTX 5070 Ti",
  "training_seconds": 283.2761397000868,
  "peak_gpu_memory_bytes": 703270912,
  "runtime": {
    "operating_system": "Windows-10-10.0.26200-SP0",
    "machine": "AMD64",
    "python": "3.11.16",
    "python_executable": "C:\\Users\\Anthony\\anaconda3\\envs\\strange-matter-gpu\\python.exe",
    "pytorch": "2.11.0+cu128",
    "pytorch_cuda": "12.8",
    "device": "cuda",
    "gpu": "NVIDIA GeForce RTX 5070 Ti"
  },
  "validation_protocol": {
    "kind": "scaffold_cross_validation",
    "fold": 1,
    "folds": 5
  },
  "readout": "differentiable_closed_form_ridge",
  "hyperparameters": {
    "ca_lr": 0.003,
    "ridge": 0.1,
    "ca_l2": 1e-06,
    "gradient_clip": 1.0,
    "update_scale": 0.25,
    "init_scale": 0.5,
    "initial_noise": 0.005,
    "support_fraction": 0.6,
    "bond_temperature": 1.0,
    "dyn_a": 0.8,
    "dyn_b": 0.8,
    "dyn_c": 0.8,
    "dyn_d": 0.3,
    "lr_schedule": "cosine_0.1x"
  }
}
