{"device": "cuda", "gpu": "NVIDIA GeForce RTX 5070 Ti", "pytorch": "2.11.0+cu128", "pytorch_cuda": "12.8"}
{"epoch": 1, "train_rmse": 13.634553944164553, "validation_rmse": 1.0304539203643799, "mean_raw_gradient_norm": 391292.7838199013, "fraction_gradients_clipped": 1.0}
{"epoch": 2, "train_rmse": 12.138601858018172, "validation_rmse": 1.0277363061904907, "mean_raw_gradient_norm": 198584.79682360197, "fraction_gradients_clipped": 1.0}
{"epoch": 3, "train_rmse": 11.446801889306716, "validation_rmse": 1.0302993059158325, "mean_raw_gradient_norm": 193863.68390213815, "fraction_gradients_clipped": 1.0}
{
  "seed": 1701,
  "best_validation_rmse": 1.0304539203643799,
  "restored_fit_rmse": 0.8824262619018555,
  "restored_validation_rmse": 1.0280323028564453,
  "epochs_run": 3,
  "fit_observations": 791,
  "validation_observations": 273,
  "rule": "gated_residual",
  "generations": 125,
  "hidden_channels": 8,
  "device": "cuda",
  "gpu": "NVIDIA GeForce RTX 5070 Ti",
  "training_seconds": 22.810855200048536,
  "peak_gpu_memory_bytes": 57537024,
  "readout": "differentiable_closed_form_ridge",
  "hyperparameters": {
    "ca_lr": 0.0003,
    "ridge": 0.0001,
    "ca_l2": 0.0001,
    "gradient_clip": 1.0
  }
}
