{"operating_system": "Windows-10-10.0.26200-SP0", "machine": "AMD64", "python": "3.11.16", "python_executable": "C:\\Users\\Anthony\\anaconda3\\envs\\strange-matter-gpu\\python.exe", "pytorch": "2.11.0+cu128", "pytorch_cuda": "12.8", "device": "cuda", "gpu": "NVIDIA GeForce RTX 5070 Ti"}
{"epoch": 1, "train_rmse": 1.8793062030951866, "validation_rmse": 0.8488645553588867, "validation_ma_st_rae": 0.9896895451487416, "validation_CYP1A2_st_rae": 1.0449446821672403, "validation_CYP2C9_st_rae": 0.8819722210748578, "validation_CYP2D6_st_rae": 1.1231293560842754, "validation_CYP3A4_st_rae": 0.9087119212685929, "mean_raw_gradient_norm": 251.29367294311524, "fraction_gradients_clipped": 1.0}
{"epoch": 2, "train_rmse": 1.828867016760885, "validation_rmse": 0.8537649512290955, "validation_ma_st_rae": 0.9999208839887079, "validation_CYP1A2_st_rae": 1.047183437007017, "validation_CYP2C9_st_rae": 0.8922820620430298, "validation_CYP2D6_st_rae": 1.148932306167283, "validation_CYP3A4_st_rae": 0.911285730737502, "mean_raw_gradient_norm": 207.11900024414064, "fraction_gradients_clipped": 1.0}
{"epoch": 3, "train_rmse": 2.716104377756841, "validation_rmse": 0.8553864359855652, "validation_ma_st_rae": 1.001659274961015, "validation_CYP1A2_st_rae": 1.052713240824936, "validation_CYP2C9_st_rae": 0.8835747573918848, "validation_CYP2D6_st_rae": 1.1515257747598124, "validation_CYP3A4_st_rae": 0.918823326867426, "mean_raw_gradient_norm": 454.66331481933594, "fraction_gradients_clipped": 1.0}
{
  "seed": 1701,
  "selection_metric": "validation_ma_st_rae",
  "best_validation_ma_st_rae": 0.9896895451487416,
  "best_validation_rmse": 0.8488645553588867,
  "restored_fit_rmse": 0.8872057795524597,
  "restored_validation_rmse": 0.848850429058075,
  "restored_fit_ma_st_rae": 0.8336936524106533,
  "restored_validation_ma_st_rae": 1.0083644844075064,
  "restored_validation_point_ma_st_rae": 0.9896361342279859,
  "restored_validation_point_st_rae_by_cyp": {
    "CYP1A2": 1.044870054402135,
    "CYP2C9": 0.881961764028868,
    "CYP2D6": 1.1229954915932214,
    "CYP3A4": 0.9087172268877189
  },
  "restored_fit_st_rae_by_cyp": {
    "CYP1A2": 0.8376802013133338,
    "CYP2C9": 0.7873537784342083,
    "CYP2D6": 0.9867474522706272,
    "CYP3A4": 0.7229931776244438
  },
  "restored_validation_st_rae_by_cyp": {
    "CYP1A2": 1.0540672939215219,
    "CYP2C9": 0.9130857637629246,
    "CYP2D6": 1.1418038261599408,
    "CYP3A4": 0.924501053785638
  },
  "validation_bootstrap_metrics": {
    "n_bootstrap_samples": 1000,
    "seed": 0,
    "macro": {
      "st_rae": {
        "mean": 1.0083644844075064,
        "ci_low": 0.8776799952277246,
        "ci_high": 1.1544169103350237
      },
      "mae": {
        "mean": 0.6531183235987914,
        "ci_low": 0.5885083914509587,
        "ci_high": 0.7162466776012488
      },
      "r2": {
        "mean": 0.07040287382695264,
        "ci_low": -0.08172432754107291,
        "ci_high": 0.19742509356356655
      },
      "spearman_rho": {
        "mean": 0.37047681081183637,
        "ci_low": 0.2543632501304932,
        "ci_high": 0.4733118591436118
      },
      "kendall_tau": {
        "mean": 0.25459371890664173,
        "ci_low": 0.1679747603376624,
        "ci_high": 0.33080354644533805
      }
    },
    "per_endpoint": {
      "CYP1A2": {
        "st_rae": {
          "mean": 1.0540672939215219,
          "ci_low": 0.7565189005299687,
          "ci_high": 1.4171792991590626
        },
        "mae": {
          "mean": 0.7100807388415104,
          "ci_low": 0.5738257708119564,
          "ci_high": 0.8688645053105276
        },
        "r2": {
          "mean": 0.1175949872257679,
          "ci_low": -0.214858151750851,
          "ci_high": 0.3810982405121822
        },
        "spearman_rho": {
          "mean": 0.30695698856909454,
          "ci_low": 0.043081755031709,
          "ci_high": 0.5550178509352482
        },
        "kendall_tau": {
          "mean": 0.19771402347820388,
          "ci_low": 0.003260869565217396,
          "ci_high": 0.3862397331360241
        }
      },
      "CYP2C9": {
        "st_rae": {
          "mean": 0.9130857637629246,
          "ci_low": 0.644004859798535,
          "ci_high": 1.2244938998544432
        },
        "mae": {
          "mean": 0.5495066694657008,
          "ci_low": 0.45129851579666136,
          "ci_high": 0.6575747626026471
        },
        "r2": {
          "mean": 0.08020624250499123,
          "ci_low": -0.20708804009434287,
          "ci_high": 0.3116551303516979
        },
        "spearman_rho": {
          "mean": 0.48118840177684236,
          "ci_low": 0.27608560624571876,
          "ci_high": 0.6548960554804096
        },
        "kendall_tau": {
          "mean": 0.336671980876712,
          "ci_low": 0.1873392719206164,
          "ci_high": 0.47248907317279165
        }
      },
      "CYP2D6": {
        "st_rae": {
          "mean": 1.1418038261599408,
          "ci_low": 0.9242425313977262,
          "ci_high": 1.4172511373061085
        },
        "mae": {
          "mean": 0.612808542244251,
          "ci_low": 0.4871369492090665,
          "ci_high": 0.7510694312132322
        },
        "r2": {
          "mean": -0.1341429360540509,
          "ci_low": -0.512843739051955,
          "ci_high": 0.10729716496321025
        },
        "spearman_rho": {
          "mean": 0.17404177707486945,
          "ci_low": -0.06756311447536255,
          "ci_high": 0.3933976735966849
        },
        "kendall_tau": {
          "mean": 0.11733058103383479,
          "ci_low": -0.050697569114122217,
          "ci_high": 0.2771027943385238
        }
      },
      "CYP3A4": {
        "st_rae": {
          "mean": 0.924501053785638,
          "ci_low": 0.6688662019676443,
          "ci_high": 1.2504512993983279
        },
        "mae": {
          "mean": 0.7400773438437039,
          "ci_low": 0.63772502451442,
          "ci_high": 0.8610570697590362
        },
        "r2": {
          "mean": 0.21795320163110238,
          "ci_low": -0.08444923290950934,
          "ci_high": 0.43061469597977237
        },
        "spearman_rho": {
          "mean": 0.5197200758265392,
          "ci_low": 0.33625336291121916,
          "ci_high": 0.6754247817482165
        },
        "kendall_tau": {
          "mean": 0.3666582902378161,
          "ci_low": 0.22854030620918628,
          "ci_high": 0.4984811886486893
        }
      }
    }
  },
  "epochs_run": 3,
  "fit_observations": 806,
  "validation_observations": 272,
  "rule": "inertial_reaction_diffusion",
  "generations": 250,
  "hidden_channels": 16,
  "atom_feature_profile": "electronic",
  "atom_feature_count": 33,
  "atom_feature_names": [
    "element_H",
    "element_C",
    "element_N",
    "element_O",
    "element_F",
    "element_P",
    "element_S",
    "element_Cl",
    "element_Br",
    "element_I",
    "element_other",
    "formal_charge",
    "aromatic",
    "hybrid_sp",
    "hybrid_sp2",
    "hybrid_sp3",
    "hybrid_other",
    "degree",
    "total_hydrogens",
    "in_ring",
    "hbond_donor",
    "hbond_acceptor",
    "chiral_cw",
    "chiral_ccw",
    "chiral_other",
    "electronegativity",
    "polarizability",
    "heteroatom",
    "halogen",
    "conjugated_bond_fraction",
    "first_ionization_energy",
    "electron_affinity",
    "electronic_property_missing"
  ],
  "device": "cuda",
  "gpu": "NVIDIA GeForce RTX 5070 Ti",
  "training_seconds": 23.813171899993904,
  "peak_gpu_memory_bytes": 678046208,
  "runtime": {
    "operating_system": "Windows-10-10.0.26200-SP0",
    "machine": "AMD64",
    "python": "3.11.16",
    "python_executable": "C:\\Users\\Anthony\\anaconda3\\envs\\strange-matter-gpu\\python.exe",
    "pytorch": "2.11.0+cu128",
    "pytorch_cuda": "12.8",
    "device": "cuda",
    "gpu": "NVIDIA GeForce RTX 5070 Ti"
  },
  "validation_protocol": {
    "kind": "scaffold_cross_validation",
    "fold": 0,
    "folds": 5
  },
  "readout": "differentiable_closed_form_ridge",
  "hyperparameters": {
    "ca_lr": 0.0003,
    "ridge": 0.01,
    "ca_l2": 1e-06,
    "gradient_clip": 0.5,
    "update_scale": 0.4,
    "init_scale": 1.0,
    "initial_noise": 0.0,
    "support_fraction": 0.75,
    "bond_temperature": 0.5,
    "dyn_a": 0.5,
    "dyn_b": 0.5,
    "dyn_c": 0.8,
    "dyn_d": 0.05,
    "lr_schedule": "cosine_0.1x"
  }
}
