{"device": "cuda", "gpu": "NVIDIA GeForce RTX 5070 Ti", "pytorch": "2.11.0+cu128", "pytorch_cuda": "12.8"}
{"epoch": 1, "train_rmse": 1.1534760163130358, "validation_rmse": 1.028368592262268, "mean_raw_gradient_norm": 15.536799025535583, "fraction_gradients_clipped": 1.0}
{"epoch": 2, "train_rmse": 1.1722952259652137, "validation_rmse": 1.0277000665664673, "mean_raw_gradient_norm": 8.147386360168458, "fraction_gradients_clipped": 1.0}
{"epoch": 3, "train_rmse": 1.0543462152636658, "validation_rmse": 1.026070475578308, "mean_raw_gradient_norm": 6.469799757003784, "fraction_gradients_clipped": 1.0}
{
  "seed": 1701,
  "best_validation_rmse": 1.028368592262268,
  "restored_fit_rmse": 0.925203800201416,
  "restored_validation_rmse": 1.0283676385879517,
  "epochs_run": 3,
  "fit_observations": 791,
  "validation_observations": 273,
  "rule": "inertial_reaction_diffusion",
  "generations": 250,
  "hidden_channels": 4,
  "device": "cuda",
  "gpu": "NVIDIA GeForce RTX 5070 Ti",
  "training_seconds": 23.034115199930966,
  "peak_gpu_memory_bytes": 181181440,
  "readout": "differentiable_closed_form_ridge",
  "hyperparameters": {
    "ca_lr": 0.003,
    "ridge": 0.1,
    "ca_l2": 1e-06,
    "gradient_clip": 2.0,
    "update_scale": 0.08,
    "init_scale": 1.0,
    "initial_noise": 0.0,
    "support_fraction": 0.75,
    "bond_temperature": 0.5,
    "dyn_a": 0.8,
    "dyn_b": 0.5,
    "dyn_c": 0.2,
    "dyn_d": 0.05,
    "lr_schedule": "cosine_0.1x"
  }
}
