{"operating_system": "macOS-26.2-arm64-arm-64bit", "machine": "arm64", "python": "3.10.19", "python_executable": "/opt/anaconda3/envs/kcc2/bin/python3.10", "pytorch": "2.8.0", "pytorch_cuda": null, "device": "cpu", "gpu": null}
{"epoch": 1, "train_rmse": 1.5214445558124876, "validation_rmse": 0.9390763640403748, "mean_raw_gradient_norm": 107.25385677814484, "fraction_gradients_clipped": 1.0}
{"epoch": 2, "train_rmse": 1.548765502459893, "validation_rmse": 0.9438214302062988, "mean_raw_gradient_norm": 214.7281660437584, "fraction_gradients_clipped": 1.0}
{"epoch": 3, "train_rmse": 1.5865327829690499, "validation_rmse": 0.9379450082778931, "mean_raw_gradient_norm": 117.55017006397247, "fraction_gradients_clipped": 1.0}
{"epoch": 4, "train_rmse": 1.4180111315760473, "validation_rmse": 0.9378337264060974, "mean_raw_gradient_norm": 82.4764192700386, "fraction_gradients_clipped": 1.0}
{
  "seed": 1701,
  "best_validation_rmse": 0.9390763640403748,
  "restored_fit_rmse": 0.870393693447113,
  "restored_validation_rmse": 0.9390763640403748,
  "epochs_run": 4,
  "fit_observations": 2643,
  "validation_observations": 670,
  "rule": "delayed_memory",
  "generations": 125,
  "hidden_channels": 16,
  "device": "cpu",
  "gpu": null,
  "training_seconds": 99.16747854102869,
  "peak_gpu_memory_bytes": 0,
  "runtime": {
    "operating_system": "macOS-26.2-arm64-arm-64bit",
    "machine": "arm64",
    "python": "3.10.19",
    "python_executable": "/opt/anaconda3/envs/kcc2/bin/python3.10",
    "pytorch": "2.8.0",
    "pytorch_cuda": null,
    "device": "cpu",
    "gpu": null
  },
  "readout": "differentiable_closed_form_ridge",
  "hyperparameters": {
    "ca_lr": 0.0003,
    "ridge": 0.1,
    "ca_l2": 0.0001,
    "gradient_clip": 0.5,
    "update_scale": 0.4,
    "init_scale": 1.5,
    "initial_noise": 0.0,
    "support_fraction": 0.85,
    "bond_temperature": 1.0,
    "dyn_a": 0.5,
    "dyn_b": 0.2,
    "dyn_c": 0.8,
    "dyn_d": 0.15,
    "lr_schedule": "cosine_0.1x"
  }
}
