{"operating_system": "Windows-10-10.0.26200-SP0", "machine": "AMD64", "python": "3.11.16", "python_executable": "C:\\Users\\Anthony\\anaconda3\\envs\\strange-matter-gpu\\python.exe", "pytorch": "2.11.0+cu128", "pytorch_cuda": "12.8", "device": "cuda", "gpu": "NVIDIA GeForce RTX 5070 Ti"}
{"epoch": 1, "train_rmse": 1.1930549930802294, "validation_rmse": 0.9054514765739441, "validation_ma_st_rae": 0.9191204583007672, "validation_CYP1A2_st_rae": 0.87929641749374, "validation_CYP2C9_st_rae": 1.017839878783068, "validation_CYP2D6_st_rae": 1.0645493057833055, "validation_CYP3A4_st_rae": 0.7147962311429547, "mean_raw_gradient_norm": 11.441700539588929, "fraction_gradients_clipped": 1.0}
{"epoch": 2, "train_rmse": 1.1065369727688028, "validation_rmse": 0.8853892683982849, "validation_ma_st_rae": 0.9011089104159367, "validation_CYP1A2_st_rae": 0.8603093152667566, "validation_CYP2C9_st_rae": 0.9956280354639426, "validation_CYP2D6_st_rae": 1.0303804911595897, "validation_CYP3A4_st_rae": 0.7181177997734576, "mean_raw_gradient_norm": 6.604128103256226, "fraction_gradients_clipped": 1.0}
{"epoch": 3, "train_rmse": 1.0406544450282598, "validation_rmse": 0.8924794793128967, "validation_ma_st_rae": 0.9167264049612759, "validation_CYP1A2_st_rae": 0.863790851459445, "validation_CYP2C9_st_rae": 1.0218184575699745, "validation_CYP2D6_st_rae": 1.0653453960994141, "validation_CYP3A4_st_rae": 0.7159509147162697, "mean_raw_gradient_norm": 4.978137357234955, "fraction_gradients_clipped": 1.0}
{"epoch": 4, "train_rmse": 1.003793336712361, "validation_rmse": 0.8909512758255005, "validation_ma_st_rae": 0.9136433212451953, "validation_CYP1A2_st_rae": 0.8512077654711193, "validation_CYP2C9_st_rae": 1.023772204210461, "validation_CYP2D6_st_rae": 1.0660811265275352, "validation_CYP3A4_st_rae": 0.7135121887716659, "mean_raw_gradient_norm": 4.341835336685181, "fraction_gradients_clipped": 1.0}
{"epoch": 5, "train_rmse": 1.0384122387872852, "validation_rmse": 0.8780539631843567, "validation_ma_st_rae": 0.8924840554953835, "validation_CYP1A2_st_rae": 0.8428685186674396, "validation_CYP2C9_st_rae": 0.975692277543316, "validation_CYP2D6_st_rae": 1.0582480795196314, "validation_CYP3A4_st_rae": 0.6931273462511467, "mean_raw_gradient_norm": 3.9984788417816164, "fraction_gradients_clipped": 1.0}
{"epoch": 6, "train_rmse": 0.9799526974343737, "validation_rmse": 0.8766534924507141, "validation_ma_st_rae": 0.8761567608608968, "validation_CYP1A2_st_rae": 0.8471627622244873, "validation_CYP2C9_st_rae": 0.9019883727779091, "validation_CYP2D6_st_rae": 1.0573977765076141, "validation_CYP3A4_st_rae": 0.6980781319335767, "mean_raw_gradient_norm": 3.346238787174225, "fraction_gradients_clipped": 1.0}
{"epoch": 7, "train_rmse": 0.9893471102112006, "validation_rmse": 0.8739029765129089, "validation_ma_st_rae": 0.8812344463617421, "validation_CYP1A2_st_rae": 0.8399619405933607, "validation_CYP2C9_st_rae": 0.9354791181939792, "validation_CYP2D6_st_rae": 1.056853476889034, "validation_CYP3A4_st_rae": 0.6926432497705944, "mean_raw_gradient_norm": 3.4588781499862673, "fraction_gradients_clipped": 1.0}
{"epoch": 8, "train_rmse": 1.027553076853764, "validation_rmse": 0.874488353729248, "validation_ma_st_rae": 0.8846128776590719, "validation_CYP1A2_st_rae": 0.8414736673629511, "validation_CYP2C9_st_rae": 0.9585356603288416, "validation_CYP2D6_st_rae": 1.0466553260869884, "validation_CYP3A4_st_rae": 0.6917868568575066, "mean_raw_gradient_norm": 4.124381902217865, "fraction_gradients_clipped": 1.0}
{
  "seed": 1701,
  "selection_metric": "validation_ma_st_rae",
  "best_validation_ma_st_rae": 0.8761567608608968,
  "best_validation_rmse": 0.8766534924507141,
  "restored_fit_rmse": 0.8294758796691895,
  "restored_validation_rmse": 0.8766528367996216,
  "restored_fit_ma_st_rae": 0.8314979602129074,
  "restored_validation_ma_st_rae": 0.8789365533348523,
  "restored_validation_point_ma_st_rae": 0.8761579840798462,
  "restored_validation_point_st_rae_by_cyp": {
    "CYP1A2": 0.8471628076496769,
    "CYP2C9": 0.902005764595002,
    "CYP2D6": 1.0573885889013963,
    "CYP3A4": 0.6980747751733102
  },
  "restored_fit_st_rae_by_cyp": {
    "CYP1A2": 0.8845945959480387,
    "CYP2C9": 0.7565853568821326,
    "CYP2D6": 0.9778224772522138,
    "CYP3A4": 0.7069894107692443
  },
  "restored_validation_st_rae_by_cyp": {
    "CYP1A2": 0.8503993124067929,
    "CYP2C9": 0.9098970309282527,
    "CYP2D6": 1.0564765159642224,
    "CYP3A4": 0.6989733540401412
  },
  "validation_bootstrap_metrics": {
    "n_bootstrap_samples": 1000,
    "seed": 0,
    "macro": {
      "st_rae": {
        "mean": 0.8789365533348523,
        "ci_low": 0.8208432012880761,
        "ci_high": 0.9436873303722251
      },
      "mae": {
        "mean": 0.6456700639848973,
        "ci_low": 0.6105635926678227,
        "ci_high": 0.6800051785129961
      },
      "r2": {
        "mean": 0.17043990951203444,
        "ci_low": 0.0929128613181704,
        "ci_high": 0.23147774772871993
      },
      "spearman_rho": {
        "mean": 0.4650749725369234,
        "ci_low": 0.40929868151018645,
        "ci_high": 0.5149215775639658
      },
      "kendall_tau": {
        "mean": 0.32371618769297905,
        "ci_low": 0.282299412843713,
        "ci_high": 0.36072437479621483
      }
    },
    "per_endpoint": {
      "CYP1A2": {
        "st_rae": {
          "mean": 0.8503993124067929,
          "ci_low": 0.7521758279550342,
          "ci_high": 0.9653714975867304
        },
        "mae": {
          "mean": 0.711793707766003,
          "ci_low": 0.6376132208771176,
          "ci_high": 0.7833037339316474
        },
        "r2": {
          "mean": 0.2064736153603689,
          "ci_low": 0.13384305428029414,
          "ci_high": 0.28412771415891774
        },
        "spearman_rho": {
          "mean": 0.46912580612596694,
          "ci_low": 0.36463768150608283,
          "ci_high": 0.5712519251958461
        },
        "kendall_tau": {
          "mean": 0.3223267951031209,
          "ci_low": 0.24512604208969538,
          "ci_high": 0.39950733206318934
        }
      },
      "CYP2C9": {
        "st_rae": {
          "mean": 0.9098970309282527,
          "ci_low": 0.7475781088318864,
          "ci_high": 1.095232157157834
        },
        "mae": {
          "mean": 0.48933969128447236,
          "ci_low": 0.43166627227944676,
          "ci_high": 0.5501010999793098
        },
        "r2": {
          "mean": 0.15143343156092468,
          "ci_low": -0.10058673066419355,
          "ci_high": 0.3305683376691617
        },
        "spearman_rho": {
          "mean": 0.46920992513047904,
          "ci_low": 0.34423981613543625,
          "ci_high": 0.5803646355875361
        },
        "kendall_tau": {
          "mean": 0.32461598709745726,
          "ci_low": 0.2358435069006823,
          "ci_high": 0.40703263119865946
        }
      },
      "CYP2D6": {
        "st_rae": {
          "mean": 1.0564765159642224,
          "ci_low": 0.9450112552691378,
          "ci_high": 1.1907305243268012
        },
        "mae": {
          "mean": 0.6733385151109453,
          "ci_low": 0.5929373524956784,
          "ci_high": 0.7567673408378989
        },
        "r2": {
          "mean": -0.022245369895315368,
          "ci_low": -0.13499671591791543,
          "ci_high": 0.0768367803343845
        },
        "spearman_rho": {
          "mean": 0.27959530232241436,
          "ci_low": 0.16044552557398695,
          "ci_high": 0.3950631605128363
        },
        "kendall_tau": {
          "mean": 0.1902728686634646,
          "ci_low": 0.1091822438171984,
          "ci_high": 0.2693771749363577
        }
      },
      "CYP3A4": {
        "st_rae": {
          "mean": 0.6989733540401412,
          "ci_low": 0.6220257145461946,
          "ci_high": 0.7735438493491189
        },
        "mae": {
          "mean": 0.7082083417781689,
          "ci_low": 0.6515185067741459,
          "ci_high": 0.7676525839242989
        },
        "r2": {
          "mean": 0.34609796102215956,
          "ci_low": 0.2322949454496274,
          "ci_high": 0.43946165748717064
        },
        "spearman_rho": {
          "mean": 0.6423688565688332,
          "ci_low": 0.5786399162552808,
          "ci_high": 0.7071809501016457
        },
        "kendall_tau": {
          "mean": 0.4576490999078736,
          "ci_low": 0.4059540915661551,
          "ci_high": 0.5100578158022127
        }
      }
    }
  },
  "epochs_run": 8,
  "fit_observations": 4213,
  "validation_observations": 1003,
  "rule": "damped_symplectic",
  "generations": 16,
  "hidden_channels": 16,
  "atom_feature_profile": "local_environment",
  "atom_feature_count": 29,
  "atom_feature_names": [
    "element_H",
    "element_C",
    "element_N",
    "element_O",
    "element_F",
    "element_P",
    "element_S",
    "element_Cl",
    "element_Br",
    "element_I",
    "element_other",
    "formal_charge",
    "aromatic",
    "hybrid_sp",
    "hybrid_sp2",
    "hybrid_sp3",
    "hybrid_other",
    "degree",
    "total_hydrogens",
    "in_ring",
    "hbond_donor",
    "hbond_acceptor",
    "chiral_cw",
    "chiral_ccw",
    "chiral_other",
    "mean_neighbour_electronegativity",
    "electronegativity_difference",
    "mean_neighbour_atomic_number",
    "neighbour_formal_charge"
  ],
  "device": "cuda",
  "gpu": "NVIDIA GeForce RTX 5070 Ti",
  "training_seconds": 33.36978750000708,
  "peak_gpu_memory_bytes": 60512256,
  "runtime": {
    "operating_system": "Windows-10-10.0.26200-SP0",
    "machine": "AMD64",
    "python": "3.11.16",
    "python_executable": "C:\\Users\\Anthony\\anaconda3\\envs\\strange-matter-gpu\\python.exe",
    "pytorch": "2.11.0+cu128",
    "pytorch_cuda": "12.8",
    "device": "cuda",
    "gpu": "NVIDIA GeForce RTX 5070 Ti"
  },
  "validation_protocol": {
    "kind": "scaffold_cross_validation",
    "fold": 3,
    "folds": 5
  },
  "readout": "differentiable_closed_form_ridge",
  "hyperparameters": {
    "ca_lr": 0.003,
    "ridge": 1.0,
    "ca_l2": 1e-06,
    "gradient_clip": 1.0,
    "update_scale": 0.25,
    "init_scale": 1.5,
    "initial_noise": 0.0,
    "support_fraction": 0.6,
    "bond_temperature": 1.0,
    "dyn_a": 0.5,
    "dyn_b": 0.2,
    "dyn_c": 0.2,
    "dyn_d": 0.15,
    "lr_schedule": "cosine_0.1x"
  }
}
