{"device": "cuda", "gpu": "NVIDIA GeForce RTX 5070 Ti", "pytorch": "2.11.0+cu128", "pytorch_cuda": "12.8"}
{"epoch": 1, "train_rmse": 2.757527411352142, "validation_rmse": 0.9744335412979126, "mean_raw_gradient_norm": 1064.9595802708675, "fraction_gradients_clipped": 1.0}
{"epoch": 2, "train_rmse": 3.043357361646086, "validation_rmse": 0.9743729829788208, "mean_raw_gradient_norm": 1627.6969628585011, "fraction_gradients_clipped": 1.0}
{"epoch": 3, "train_rmse": 2.9813835151775265, "validation_rmse": 0.9717257022857666, "mean_raw_gradient_norm": 1458.2055294639185, "fraction_gradients_clipped": 1.0}
{
  "seed": 1701,
  "best_validation_rmse": 0.9744335412979126,
  "restored_fit_rmse": 0.8288403153419495,
  "restored_validation_rmse": 0.974074125289917,
  "epochs_run": 3,
  "fit_observations": 791,
  "validation_observations": 273,
  "rule": "gated_residual",
  "generations": 64,
  "hidden_channels": 16,
  "device": "cuda",
  "gpu": "NVIDIA GeForce RTX 5070 Ti",
  "training_seconds": 7.962327799992636,
  "peak_gpu_memory_bytes": 87748608,
  "readout": "differentiable_closed_form_ridge",
  "hyperparameters": {
    "ca_lr": 0.0003,
    "ridge": 0.001,
    "ca_l2": 0.0001,
    "gradient_clip": 2.0
  }
}
