{"operating_system": "Windows-10-10.0.26200-SP0", "machine": "AMD64", "python": "3.11.16", "python_executable": "C:\\Users\\Anthony\\anaconda3\\envs\\strange-matter-gpu\\python.exe", "pytorch": "2.11.0+cu128", "pytorch_cuda": "12.8", "device": "cuda", "gpu": "NVIDIA GeForce RTX 5070 Ti"}
{"epoch": 1, "train_rmse": 1.1388256841527717, "validation_rmse": 0.8523845076560974, "validation_ma_st_rae": 0.8500441293695933, "validation_CYP1A2_st_rae": 0.8079524159192764, "validation_CYP2C9_st_rae": 0.8920006383470097, "validation_CYP2D6_st_rae": 0.9827262905570368, "validation_CYP3A4_st_rae": 0.7174971726550506, "mean_raw_gradient_norm": 7.362995952367783, "fraction_gradients_clipped": 1.0}
{"epoch": 2, "train_rmse": 1.1688616092938, "validation_rmse": 0.8544711470603943, "validation_ma_st_rae": 0.8586277560416868, "validation_CYP1A2_st_rae": 0.8441149225572511, "validation_CYP2C9_st_rae": 0.8777181673353985, "validation_CYP2D6_st_rae": 1.0022225673941845, "validation_CYP3A4_st_rae": 0.7104553668799137, "mean_raw_gradient_norm": 6.99394266307354, "fraction_gradients_clipped": 1.0}
{"epoch": 3, "train_rmse": 1.19887144062174, "validation_rmse": 0.8517275452613831, "validation_ma_st_rae": 0.8460723906458718, "validation_CYP1A2_st_rae": 0.8333281492822467, "validation_CYP2C9_st_rae": 0.8438473801705616, "validation_CYP2D6_st_rae": 1.0020896090971523, "validation_CYP3A4_st_rae": 0.7050244240335265, "mean_raw_gradient_norm": 7.697895362973213, "fraction_gradients_clipped": 1.0}
{"epoch": 4, "train_rmse": 1.1122894481193384, "validation_rmse": 0.8500261902809143, "validation_ma_st_rae": 0.8406275042647372, "validation_CYP1A2_st_rae": 0.8260883938609312, "validation_CYP2C9_st_rae": 0.8296006155379435, "validation_CYP2D6_st_rae": 1.007151102757108, "validation_CYP3A4_st_rae": 0.6996699049029661, "mean_raw_gradient_norm": 6.474157840013504, "fraction_gradients_clipped": 1.0}
{"epoch": 5, "train_rmse": 1.185419478278408, "validation_rmse": 0.8508278727531433, "validation_ma_st_rae": 0.8404320656612337, "validation_CYP1A2_st_rae": 0.8262308769704667, "validation_CYP2C9_st_rae": 0.8248521733441392, "validation_CYP2D6_st_rae": 1.011403420949262, "validation_CYP3A4_st_rae": 0.6992417913810672, "mean_raw_gradient_norm": 6.872865304350853, "fraction_gradients_clipped": 1.0}
{
  "seed": 1701,
  "selection_metric": "validation_ma_st_rae",
  "best_validation_ma_st_rae": 0.8406275042647372,
  "best_validation_rmse": 0.8500261902809143,
  "restored_fit_rmse": 0.8326797485351562,
  "restored_validation_rmse": 0.8500221967697144,
  "restored_fit_ma_st_rae": 0.8321704612236253,
  "restored_validation_ma_st_rae": 0.8456722220770473,
  "restored_validation_point_ma_st_rae": 0.8406572946891264,
  "restored_validation_point_st_rae_by_cyp": {
    "CYP1A2": 0.8260819451236243,
    "CYP2C9": 0.8296953924565036,
    "CYP2D6": 1.0071796727510025,
    "CYP3A4": 0.6996721684253754
  },
  "restored_fit_st_rae_by_cyp": {
    "CYP1A2": 0.8837795290953523,
    "CYP2C9": 0.7638931063930451,
    "CYP2D6": 0.9880529082104136,
    "CYP3A4": 0.6929563011956898
  },
  "restored_validation_st_rae_by_cyp": {
    "CYP1A2": 0.8281351340958507,
    "CYP2C9": 0.8383293724828861,
    "CYP2D6": 1.0132224124849492,
    "CYP3A4": 0.7030019692445034
  },
  "validation_bootstrap_metrics": {
    "n_bootstrap_samples": 1000,
    "seed": 0,
    "macro": {
      "st_rae": {
        "mean": 0.8456722220770473,
        "ci_low": 0.7860565354936622,
        "ci_high": 0.9129742088258621
      },
      "mae": {
        "mean": 0.6256458957632618,
        "ci_low": 0.5817087683973938,
        "ci_high": 0.6673673027873105
      },
      "r2": {
        "mean": 0.20621412082741067,
        "ci_low": 0.13451685415516176,
        "ci_high": 0.2651459739336284
      },
      "spearman_rho": {
        "mean": 0.4623835896645676,
        "ci_low": 0.3940352693877921,
        "ci_high": 0.5220114005504142
      },
      "kendall_tau": {
        "mean": 0.32650450718979157,
        "ci_low": 0.2754282722989569,
        "ci_high": 0.3727234757466379
      }
    },
    "per_endpoint": {
      "CYP1A2": {
        "st_rae": {
          "mean": 0.8281351340958507,
          "ci_low": 0.7039159112859344,
          "ci_high": 0.9681375077902821
        },
        "mae": {
          "mean": 0.7107056078299692,
          "ci_low": 0.6179371083461785,
          "ci_high": 0.8074103441796725
        },
        "r2": {
          "mean": 0.2694910090323474,
          "ci_low": 0.1577951492310597,
          "ci_high": 0.3655530516178803
        },
        "spearman_rho": {
          "mean": 0.5381999235677933,
          "ci_low": 0.42135794608205673,
          "ci_high": 0.6407520183047237
        },
        "kendall_tau": {
          "mean": 0.3763765499253394,
          "ci_low": 0.2902206600567264,
          "ci_high": 0.45578745832301065
        }
      },
      "CYP2C9": {
        "st_rae": {
          "mean": 0.8383293724828861,
          "ci_low": 0.6777996681879371,
          "ci_high": 1.0191984380180552
        },
        "mae": {
          "mean": 0.48253662497880034,
          "ci_low": 0.4136344661966699,
          "ci_high": 0.5522302306577808
        },
        "r2": {
          "mean": 0.2262817278120005,
          "ci_low": 0.06544495852392622,
          "ci_high": 0.37224019686048204
        },
        "spearman_rho": {
          "mean": 0.48461127851972785,
          "ci_low": 0.33080670547925417,
          "ci_high": 0.6146260928814862
        },
        "kendall_tau": {
          "mean": 0.3421410683504962,
          "ci_low": 0.23099371241115366,
          "ci_high": 0.445231683923083
        }
      },
      "CYP2D6": {
        "st_rae": {
          "mean": 1.0132224124849492,
          "ci_low": 0.9225701674218493,
          "ci_high": 1.124476380915161
        },
        "mae": {
          "mean": 0.6512103572720332,
          "ci_low": 0.5430978033982271,
          "ci_high": 0.7648416358105677
        },
        "r2": {
          "mean": -0.01904401430416434,
          "ci_low": -0.16397347385292368,
          "ci_high": 0.09551091999215265
        },
        "spearman_rho": {
          "mean": 0.22127249810648902,
          "ci_low": 0.04269641483778788,
          "ci_high": 0.3872857484196733
        },
        "kendall_tau": {
          "mean": 0.1506605767922402,
          "ci_low": 0.022266228758362087,
          "ci_high": 0.2667186886455039
        }
      },
      "CYP3A4": {
        "st_rae": {
          "mean": 0.7030019692445034,
          "ci_low": 0.5990546515143973,
          "ci_high": 0.8183069233081806
        },
        "mae": {
          "mean": 0.6581309929722448,
          "ci_low": 0.5905217284494537,
          "ci_high": 0.7316447493636001
        },
        "r2": {
          "mean": 0.3481277607694592,
          "ci_low": 0.19662885799396013,
          "ci_high": 0.4719893510131678
        },
        "spearman_rho": {
          "mean": 0.6054506584642602,
          "ci_low": 0.5096827645506579,
          "ci_high": 0.6960435058607573
        },
        "kendall_tau": {
          "mean": 0.43683983369109036,
          "ci_low": 0.36110535204550365,
          "ci_high": 0.5082062690858836
        }
      }
    }
  },
  "epochs_run": 5,
  "fit_observations": 2636,
  "validation_observations": 657,
  "rule": "gated_residual",
  "generations": 64,
  "hidden_channels": 16,
  "atom_feature_profile": "local_environment",
  "atom_feature_count": 29,
  "atom_feature_names": [
    "element_H",
    "element_C",
    "element_N",
    "element_O",
    "element_F",
    "element_P",
    "element_S",
    "element_Cl",
    "element_Br",
    "element_I",
    "element_other",
    "formal_charge",
    "aromatic",
    "hybrid_sp",
    "hybrid_sp2",
    "hybrid_sp3",
    "hybrid_other",
    "degree",
    "total_hydrogens",
    "in_ring",
    "hbond_donor",
    "hbond_acceptor",
    "chiral_cw",
    "chiral_ccw",
    "chiral_other",
    "mean_neighbour_electronegativity",
    "electronegativity_difference",
    "mean_neighbour_atomic_number",
    "neighbour_formal_charge"
  ],
  "device": "cuda",
  "gpu": "NVIDIA GeForce RTX 5070 Ti",
  "training_seconds": 25.026303000049666,
  "peak_gpu_memory_bytes": 396823040,
  "runtime": {
    "operating_system": "Windows-10-10.0.26200-SP0",
    "machine": "AMD64",
    "python": "3.11.16",
    "python_executable": "C:\\Users\\Anthony\\anaconda3\\envs\\strange-matter-gpu\\python.exe",
    "pytorch": "2.11.0+cu128",
    "pytorch_cuda": "12.8",
    "device": "cuda",
    "gpu": "NVIDIA GeForce RTX 5070 Ti"
  },
  "validation_protocol": {
    "kind": "scaffold_cross_validation",
    "fold": 2,
    "folds": 5
  },
  "readout": "differentiable_closed_form_ridge",
  "hyperparameters": {
    "ca_lr": 0.003,
    "ridge": 0.1,
    "ca_l2": 1e-05,
    "gradient_clip": 1.0,
    "update_scale": 0.15,
    "init_scale": 0.5,
    "initial_noise": 0.01,
    "support_fraction": 0.6,
    "bond_temperature": 0.5,
    "dyn_a": 0.2,
    "dyn_b": 0.8,
    "dyn_c": 0.5,
    "dyn_d": 0.05,
    "lr_schedule": "cosine_0.1x"
  }
}
