{"operating_system": "macOS-26.2-arm64-arm-64bit", "machine": "arm64", "python": "3.10.19", "python_executable": "/opt/anaconda3/envs/kcc2/bin/python3.10", "pytorch": "2.8.0", "pytorch_cuda": null, "device": "cpu", "gpu": null}
{"epoch": 1, "train_rmse": 1.3784171095724864, "validation_rmse": 0.9217424988746643, "mean_raw_gradient_norm": 43.08901569247246, "fraction_gradients_clipped": 1.0}
{"epoch": 2, "train_rmse": 1.3730344771973866, "validation_rmse": 0.924776554107666, "mean_raw_gradient_norm": 61.17967399954796, "fraction_gradients_clipped": 1.0}
{"epoch": 3, "train_rmse": 1.3165496408435864, "validation_rmse": 0.9262576103210449, "mean_raw_gradient_norm": 40.71658244729042, "fraction_gradients_clipped": 1.0}
{"epoch": 4, "train_rmse": 1.3412745807395468, "validation_rmse": 0.9254314303398132, "mean_raw_gradient_norm": 59.70920717716217, "fraction_gradients_clipped": 1.0}
{
  "seed": 1701,
  "best_validation_rmse": 0.9217424988746643,
  "restored_fit_rmse": 0.8578521609306335,
  "restored_validation_rmse": 0.9217424988746643,
  "epochs_run": 4,
  "fit_observations": 2643,
  "validation_observations": 670,
  "rule": "gray_scott",
  "generations": 125,
  "hidden_channels": 16,
  "device": "cpu",
  "gpu": null,
  "training_seconds": 117.68614558398258,
  "peak_gpu_memory_bytes": 0,
  "runtime": {
    "operating_system": "macOS-26.2-arm64-arm-64bit",
    "machine": "arm64",
    "python": "3.10.19",
    "python_executable": "/opt/anaconda3/envs/kcc2/bin/python3.10",
    "pytorch": "2.8.0",
    "pytorch_cuda": null,
    "device": "cpu",
    "gpu": null
  },
  "readout": "differentiable_closed_form_ridge",
  "hyperparameters": {
    "ca_lr": 0.0003,
    "ridge": 0.1,
    "ca_l2": 0.0001,
    "gradient_clip": 0.5,
    "update_scale": 0.4,
    "init_scale": 1.5,
    "initial_noise": 0.0,
    "support_fraction": 0.85,
    "bond_temperature": 1.0,
    "dyn_a": 0.5,
    "dyn_b": 0.2,
    "dyn_c": 0.8,
    "dyn_d": 0.15,
    "lr_schedule": "cosine_0.1x"
  }
}
