{"device": "cuda", "gpu": "NVIDIA GeForce RTX 5070 Ti", "pytorch": "2.11.0+cu128", "pytorch_cuda": "12.8"}
{"epoch": 1, "train_rmse": 1.0442257954626486, "validation_rmse": 1.0119280815124512, "mean_raw_gradient_norm": 5.998690986633301, "fraction_gradients_clipped": 1.0}
{"epoch": 2, "train_rmse": 1.10193691518951, "validation_rmse": 1.0135871171951294, "mean_raw_gradient_norm": 6.377217531204224, "fraction_gradients_clipped": 1.0}
{"epoch": 3, "train_rmse": 1.133162430056969, "validation_rmse": 1.0141723155975342, "mean_raw_gradient_norm": 4.886865282058716, "fraction_gradients_clipped": 1.0}
{
  "seed": 1701,
  "best_validation_rmse": 1.0119280815124512,
  "restored_fit_rmse": 0.9076221585273743,
  "restored_validation_rmse": 1.0119037628173828,
  "epochs_run": 3,
  "fit_observations": 791,
  "validation_observations": 273,
  "rule": "gated_residual",
  "generations": 500,
  "hidden_channels": 8,
  "device": "cuda",
  "gpu": "NVIDIA GeForce RTX 5070 Ti",
  "training_seconds": 28.02635860000737,
  "peak_gpu_memory_bytes": 1534853120,
  "readout": "differentiable_closed_form_ridge",
  "hyperparameters": {
    "ca_lr": 0.001,
    "ridge": 0.01,
    "ca_l2": 1e-06,
    "gradient_clip": 1.0,
    "update_scale": 0.4,
    "init_scale": 1.5,
    "initial_noise": 0.005,
    "support_fraction": 0.75,
    "bond_temperature": 0.5,
    "dyn_a": 0.5,
    "dyn_b": 0.5,
    "dyn_c": 0.5,
    "dyn_d": 0.05,
    "lr_schedule": "cosine_0.1x"
  }
}
