{"operating_system": "Windows-10-10.0.26200-SP0", "machine": "AMD64", "python": "3.11.16", "python_executable": "C:\\Users\\Anthony\\anaconda3\\envs\\strange-matter-gpu\\python.exe", "pytorch": "2.11.0+cu128", "pytorch_cuda": "12.8", "device": "cuda", "gpu": "NVIDIA GeForce RTX 5070 Ti"}
{"epoch": 1, "train_rmse": 1.140888867634774, "validation_rmse": 0.8877373933792114, "validation_ma_st_rae": 0.8847309065005369, "validation_CYP1A2_st_rae": 0.8455129698947896, "validation_CYP2C9_st_rae": 0.9262607962439711, "validation_CYP2D6_st_rae": 0.9907738529627839, "validation_CYP3A4_st_rae": 0.7763760069006026, "mean_raw_gradient_norm": 8.85061939060688, "fraction_gradients_clipped": 1.0}
{"epoch": 2, "train_rmse": 1.1289931647597364, "validation_rmse": 0.8828556537628174, "validation_ma_st_rae": 0.8664383913846235, "validation_CYP1A2_st_rae": 0.8280343139038889, "validation_CYP2C9_st_rae": 0.8942917042458324, "validation_CYP2D6_st_rae": 0.9963291854496767, "validation_CYP3A4_st_rae": 0.7470983619390962, "mean_raw_gradient_norm": 10.083983175456524, "fraction_gradients_clipped": 1.0}
{"epoch": 3, "train_rmse": 1.1097305011676275, "validation_rmse": 0.8844229578971863, "validation_ma_st_rae": 0.8622385679915275, "validation_CYP1A2_st_rae": 0.8263287003469811, "validation_CYP2C9_st_rae": 0.8947551331058599, "validation_CYP2D6_st_rae": 0.9910970822948653, "validation_CYP3A4_st_rae": 0.7367733562184039, "mean_raw_gradient_norm": 8.520917907357216, "fraction_gradients_clipped": 1.0}
{"epoch": 4, "train_rmse": 1.1145499905191567, "validation_rmse": 0.881773054599762, "validation_ma_st_rae": 0.8620160065734426, "validation_CYP1A2_st_rae": 0.8409250236325069, "validation_CYP2C9_st_rae": 0.8927444596017063, "validation_CYP2D6_st_rae": 0.9806835643674143, "validation_CYP3A4_st_rae": 0.733710978692143, "mean_raw_gradient_norm": 9.351960696280003, "fraction_gradients_clipped": 1.0}
{"epoch": 5, "train_rmse": 1.127748951448441, "validation_rmse": 0.8793419599533081, "validation_ma_st_rae": 0.8606610583014115, "validation_CYP1A2_st_rae": 0.8430894833889779, "validation_CYP2C9_st_rae": 0.8837794327914957, "validation_CYP2D6_st_rae": 0.9823750934472505, "validation_CYP3A4_st_rae": 0.7334002235779216, "mean_raw_gradient_norm": 9.914978414773941, "fraction_gradients_clipped": 1.0}
{
  "seed": 1701,
  "selection_metric": "validation_ma_st_rae",
  "best_validation_ma_st_rae": 0.8622385679915275,
  "best_validation_rmse": 0.8844229578971863,
  "restored_fit_rmse": 0.8796523809432983,
  "restored_validation_rmse": 0.8844143748283386,
  "restored_fit_ma_st_rae": 0.8914255334363683,
  "restored_validation_ma_st_rae": 0.86710686062603,
  "restored_validation_point_ma_st_rae": 0.8622418005048071,
  "restored_validation_point_st_rae_by_cyp": {
    "CYP1A2": 0.8263459141764325,
    "CYP2C9": 0.8947510129693885,
    "CYP2D6": 0.9910744423499415,
    "CYP3A4": 0.7367958325234661
  },
  "restored_fit_st_rae_by_cyp": {
    "CYP1A2": 0.9362486422172583,
    "CYP2C9": 0.8324449097338463,
    "CYP2D6": 1.0294107908722567,
    "CYP3A4": 0.7675977909221123
  },
  "restored_validation_st_rae_by_cyp": {
    "CYP1A2": 0.8272894739825132,
    "CYP2C9": 0.9027208753508374,
    "CYP2D6": 0.9986729791786947,
    "CYP3A4": 0.7397441139920746
  },
  "validation_bootstrap_metrics": {
    "n_bootstrap_samples": 1000,
    "seed": 0,
    "macro": {
      "st_rae": {
        "mean": 0.86710686062603,
        "ci_low": 0.8099030003314442,
        "ci_high": 0.9266027742510632
      },
      "mae": {
        "mean": 0.6407744954271558,
        "ci_low": 0.5953748720613246,
        "ci_high": 0.6866910249479816
      },
      "r2": {
        "mean": 0.14436427287939052,
        "ci_low": 0.07100873001019684,
        "ci_high": 0.21656023866221613
      },
      "spearman_rho": {
        "mean": 0.4048234621711608,
        "ci_low": 0.33306616546107104,
        "ci_high": 0.47464558035493015
      },
      "kendall_tau": {
        "mean": 0.28528382397900975,
        "ci_low": 0.2331374175335057,
        "ci_high": 0.33521773035572106
      }
    },
    "per_endpoint": {
      "CYP1A2": {
        "st_rae": {
          "mean": 0.8272894739825132,
          "ci_low": 0.7065051296816246,
          "ci_high": 0.9808571871102943
        },
        "mae": {
          "mean": 0.7089510383734221,
          "ci_low": 0.6046002308967747,
          "ci_high": 0.8151754737088952
        },
        "r2": {
          "mean": 0.19349155057352316,
          "ci_low": -0.015602326946381938,
          "ci_high": 0.3321827909247795
        },
        "spearman_rho": {
          "mean": 0.49618790546408176,
          "ci_low": 0.3574319235305672,
          "ci_high": 0.6124374067510083
        },
        "kendall_tau": {
          "mean": 0.3476203330969247,
          "ci_low": 0.2492688876505208,
          "ci_high": 0.43469917917540957
        }
      },
      "CYP2C9": {
        "st_rae": {
          "mean": 0.9027208753508374,
          "ci_low": 0.7716420908664627,
          "ci_high": 1.0661247320598175
        },
        "mae": {
          "mean": 0.5089547484546412,
          "ci_low": 0.4390208645433676,
          "ci_high": 0.5818815508826835
        },
        "r2": {
          "mean": 0.13154547009830034,
          "ci_low": -0.018225736670160617,
          "ci_high": 0.26648962627188
        },
        "spearman_rho": {
          "mean": 0.36029185145545667,
          "ci_low": 0.2010488244836091,
          "ci_high": 0.5056877780356688
        },
        "kendall_tau": {
          "mean": 0.25086268001906575,
          "ci_low": 0.1370334560016923,
          "ci_high": 0.3568297532144861
        }
      },
      "CYP2D6": {
        "st_rae": {
          "mean": 0.9986729791786947,
          "ci_low": 0.887145552024464,
          "ci_high": 1.1232970204502022
        },
        "mae": {
          "mean": 0.6428812614653973,
          "ci_low": 0.5339839017983025,
          "ci_high": 0.7585480553461305
        },
        "r2": {
          "mean": -0.02918161385969529,
          "ci_low": -0.19065106596223233,
          "ci_high": 0.12429772050624265
        },
        "spearman_rho": {
          "mean": 0.20537297509565633,
          "ci_low": 0.029467667429622233,
          "ci_high": 0.3697568077644278
        },
        "kendall_tau": {
          "mean": 0.14060795836385778,
          "ci_low": 0.017638959714431413,
          "ci_high": 0.25857710238114295
        }
      },
      "CYP3A4": {
        "st_rae": {
          "mean": 0.7397441139920746,
          "ci_low": 0.6511535357660199,
          "ci_high": 0.8356899103223988
        },
        "mae": {
          "mean": 0.7023109334151624,
          "ci_low": 0.6322021421234486,
          "ci_high": 0.775768260986118
        },
        "r2": {
          "mean": 0.28160168470543373,
          "ci_low": 0.15420736863371445,
          "ci_high": 0.3888412714016815
        },
        "spearman_rho": {
          "mean": 0.5574411166694483,
          "ci_low": 0.45479380557894317,
          "ci_high": 0.6568898028646161
        },
        "kendall_tau": {
          "mean": 0.40204432443619065,
          "ci_low": 0.32411200876960256,
          "ci_high": 0.4817834182573942
        }
      }
    }
  },
  "epochs_run": 5,
  "fit_observations": 2636,
  "validation_observations": 657,
  "rule": "coupled_map",
  "generations": 500,
  "hidden_channels": 8,
  "atom_feature_profile": "comprehensive",
  "atom_feature_count": 57,
  "atom_feature_names": [
    "element_H",
    "element_C",
    "element_N",
    "element_O",
    "element_F",
    "element_P",
    "element_S",
    "element_Cl",
    "element_Br",
    "element_I",
    "element_other",
    "formal_charge",
    "aromatic",
    "hybrid_sp",
    "hybrid_sp2",
    "hybrid_sp3",
    "hybrid_other",
    "degree",
    "total_hydrogens",
    "in_ring",
    "hbond_donor",
    "hbond_acceptor",
    "chiral_cw",
    "chiral_ccw",
    "chiral_other",
    "atomic_number",
    "atomic_mass",
    "covalent_radius",
    "vdw_radius",
    "outer_electrons",
    "period",
    "periodic_group",
    "atomic_volume",
    "total_valence",
    "implicit_valence",
    "heavy_atom_degree",
    "radical_electrons",
    "absolute_formal_charge",
    "electronegativity",
    "polarizability",
    "heteroatom",
    "halogen",
    "conjugated_bond_fraction",
    "first_ionization_energy",
    "electron_affinity",
    "electronic_property_missing",
    "ring_count",
    "ring_size_3",
    "ring_size_4",
    "ring_size_5",
    "ring_size_6",
    "ring_size_7",
    "ring_size_8_plus",
    "mean_neighbour_electronegativity",
    "electronegativity_difference",
    "mean_neighbour_atomic_number",
    "neighbour_formal_charge"
  ],
  "device": "cuda",
  "gpu": "NVIDIA GeForce RTX 5070 Ti",
  "training_seconds": 234.21594240004197,
  "peak_gpu_memory_bytes": 784274432,
  "runtime": {
    "operating_system": "Windows-10-10.0.26200-SP0",
    "machine": "AMD64",
    "python": "3.11.16",
    "python_executable": "C:\\Users\\Anthony\\anaconda3\\envs\\strange-matter-gpu\\python.exe",
    "pytorch": "2.11.0+cu128",
    "pytorch_cuda": "12.8",
    "device": "cuda",
    "gpu": "NVIDIA GeForce RTX 5070 Ti"
  },
  "validation_protocol": {
    "kind": "scaffold_cross_validation",
    "fold": 2,
    "folds": 5
  },
  "readout": "differentiable_closed_form_ridge",
  "hyperparameters": {
    "ca_lr": 0.003,
    "ridge": 0.1,
    "ca_l2": 1e-06,
    "gradient_clip": 1.0,
    "update_scale": 0.25,
    "init_scale": 0.5,
    "initial_noise": 0.005,
    "support_fraction": 0.6,
    "bond_temperature": 1.0,
    "dyn_a": 0.8,
    "dyn_b": 0.8,
    "dyn_c": 0.8,
    "dyn_d": 0.3,
    "lr_schedule": "cosine_0.1x"
  }
}
