{"device": "cuda", "gpu": "NVIDIA GeForce RTX 5070 Ti", "pytorch": "2.11.0+cu128", "pytorch_cuda": "12.8"}
{"epoch": 1, "train_rmse": 1.4873723842391902, "validation_rmse": 0.9598004221916199, "mean_raw_gradient_norm": 38.90346077084541, "fraction_gradients_clipped": 1.0}
{"epoch": 2, "train_rmse": 1.3846844951406454, "validation_rmse": 0.961270272731781, "mean_raw_gradient_norm": 32.94841185212135, "fraction_gradients_clipped": 1.0}
{"epoch": 3, "train_rmse": 1.3308881056518307, "validation_rmse": 0.9602588415145874, "mean_raw_gradient_norm": 32.85393702983856, "fraction_gradients_clipped": 1.0}
{"epoch": 4, "train_rmse": 1.3641837180566878, "validation_rmse": 0.9600908756256104, "mean_raw_gradient_norm": 39.45845130085945, "fraction_gradients_clipped": 1.0}
{
  "seed": 1701,
  "best_validation_rmse": 0.9598004221916199,
  "restored_fit_rmse": 0.8924775719642639,
  "restored_validation_rmse": 0.9598037004470825,
  "epochs_run": 4,
  "fit_observations": 2643,
  "validation_observations": 670,
  "rule": "damped_symplectic",
  "generations": 64,
  "hidden_channels": 8,
  "device": "cuda",
  "gpu": "NVIDIA GeForce RTX 5070 Ti",
  "training_seconds": 28.15095820010174,
  "peak_gpu_memory_bytes": 97842688,
  "readout": "differentiable_closed_form_ridge",
  "hyperparameters": {
    "ca_lr": 0.0003,
    "ridge": 0.01,
    "ca_l2": 0.0001,
    "gradient_clip": 2.0,
    "update_scale": 0.08,
    "init_scale": 1.5,
    "initial_noise": 0.005,
    "support_fraction": 0.75,
    "bond_temperature": 0.5,
    "dyn_a": 0.2,
    "dyn_b": 0.2,
    "dyn_c": 0.5,
    "dyn_d": 0.3,
    "lr_schedule": "cosine_0.1x"
  }
}
