{"operating_system": "Windows-10-10.0.26200-SP0", "machine": "AMD64", "python": "3.11.16", "python_executable": "C:\\Users\\Anthony\\anaconda3\\envs\\strange-matter-gpu\\python.exe", "pytorch": "2.11.0+cu128", "pytorch_cuda": "12.8", "device": "cuda", "gpu": "NVIDIA GeForce RTX 5070 Ti"}
{"epoch": 1, "train_rmse": 1.1869162460003535, "validation_rmse": 0.86748206615448, "validation_ma_st_rae": 1.0192961892416297, "validation_CYP1A2_st_rae": 1.0532137583933339, "validation_CYP2C9_st_rae": 1.1598755291484022, "validation_CYP2D6_st_rae": 0.9550160379114772, "validation_CYP3A4_st_rae": 0.9090794315133052, "mean_raw_gradient_norm": 10.752071809768676, "fraction_gradients_clipped": 1.0}
{"epoch": 2, "train_rmse": 1.063549083944549, "validation_rmse": 0.864864706993103, "validation_ma_st_rae": 1.013436697497613, "validation_CYP1A2_st_rae": 1.0461238978965606, "validation_CYP2C9_st_rae": 1.1460810403984936, "validation_CYP2D6_st_rae": 0.9535413533501546, "validation_CYP3A4_st_rae": 0.9080004983452435, "mean_raw_gradient_norm": 10.27059440612793, "fraction_gradients_clipped": 1.0}
{"epoch": 3, "train_rmse": 1.3159243745495754, "validation_rmse": 0.8654376268386841, "validation_ma_st_rae": 1.0146337376038659, "validation_CYP1A2_st_rae": 1.047389499545153, "validation_CYP2C9_st_rae": 1.1484407043232379, "validation_CYP2D6_st_rae": 0.9525515542893733, "validation_CYP3A4_st_rae": 0.9101531922577001, "mean_raw_gradient_norm": 11.824037885665893, "fraction_gradients_clipped": 1.0}
{
  "seed": 1701,
  "selection_metric": "validation_ma_st_rae",
  "best_validation_ma_st_rae": 1.013436697497613,
  "best_validation_rmse": 0.864864706993103,
  "restored_fit_rmse": 0.9670096039772034,
  "restored_validation_rmse": 0.8648574948310852,
  "restored_fit_ma_st_rae": 0.9383611861015162,
  "restored_validation_ma_st_rae": 1.0290832173521718,
  "restored_validation_point_ma_st_rae": 1.013411544700897,
  "restored_validation_point_st_rae_by_cyp": {
    "CYP1A2": 1.0460929414615676,
    "CYP2C9": 1.1460206155527193,
    "CYP2D6": 0.9535430676709571,
    "CYP3A4": 0.9079895541183435
  },
  "restored_fit_st_rae_by_cyp": {
    "CYP1A2": 0.9752055962735166,
    "CYP2C9": 0.9557308519257534,
    "CYP2D6": 0.9374520240494622,
    "CYP3A4": 0.8850562721573328
  },
  "restored_validation_st_rae_by_cyp": {
    "CYP1A2": 1.0484524440467196,
    "CYP2C9": 1.1792652966932777,
    "CYP2D6": 0.9668384428541492,
    "CYP3A4": 0.9217766858145399
  },
  "validation_bootstrap_metrics": {
    "n_bootstrap_samples": 1000,
    "seed": 0,
    "macro": {
      "st_rae": {
        "mean": 1.0290832173521718,
        "ci_low": 0.9220859504526144,
        "ci_high": 1.13777062212681
      },
      "mae": {
        "mean": 0.6680275687109679,
        "ci_low": 0.6063625805364087,
        "ci_high": 0.7339862666484742
      },
      "r2": {
        "mean": 0.0272577561131617,
        "ci_low": -0.08568416530568868,
        "ci_high": 0.1181000464048153
      },
      "spearman_rho": {
        "mean": 0.30746482413850595,
        "ci_low": 0.19939394387846712,
        "ci_high": 0.41265235870881095
      },
      "kendall_tau": {
        "mean": 0.21268638470640389,
        "ci_low": 0.13695694339813283,
        "ci_high": 0.2910315254071007
      }
    },
    "per_endpoint": {
      "CYP1A2": {
        "st_rae": {
          "mean": 1.0484524440467196,
          "ci_low": 0.7863950253708932,
          "ci_high": 1.3437619734918307
        },
        "mae": {
          "mean": 0.6896750755818164,
          "ci_low": 0.5445877815856308,
          "ci_high": 0.8441292126647761
        },
        "r2": {
          "mean": 0.15117183808205412,
          "ci_low": -0.12935053536748647,
          "ci_high": 0.32548506854899406
        },
        "spearman_rho": {
          "mean": 0.4755332187644176,
          "ci_low": 0.25967157148150105,
          "ci_high": 0.6627148506810917
        },
        "kendall_tau": {
          "mean": 0.3296174138356937,
          "ci_low": 0.17389855072463767,
          "ci_high": 0.47754824873583995
        }
      },
      "CYP2C9": {
        "st_rae": {
          "mean": 1.1792652966932777,
          "ci_low": 0.9459224984060166,
          "ci_high": 1.4763556942718383
        },
        "mae": {
          "mean": 0.6222040269970894,
          "ci_low": 0.49590637077887856,
          "ci_high": 0.7472877221306164
        },
        "r2": {
          "mean": -0.2643830388843811,
          "ci_low": -0.5935129964487459,
          "ci_high": -0.03025753588917265
        },
        "spearman_rho": {
          "mean": 0.051268874516612155,
          "ci_low": -0.22501032915646718,
          "ci_high": 0.29041440448083805
        },
        "kendall_tau": {
          "mean": 0.027002861125306542,
          "ci_low": -0.16238219150030717,
          "ci_high": 0.19185384317605048
        }
      },
      "CYP2D6": {
        "st_rae": {
          "mean": 0.9668384428541492,
          "ci_low": 0.8442112130898094,
          "ci_high": 1.1160420472515702
        },
        "mae": {
          "mean": 0.5603147341067974,
          "ci_low": 0.4465588270700895,
          "ci_high": 0.6908429917922387
        },
        "r2": {
          "mean": 0.04961113107419882,
          "ci_low": -0.10890609267050952,
          "ci_high": 0.17062066307919058
        },
        "spearman_rho": {
          "mean": 0.2755567170099316,
          "ci_low": 0.054913563209479765,
          "ci_high": 0.4736120156755865
        },
        "kendall_tau": {
          "mean": 0.19693496615289655,
          "ci_low": 0.045939945579164594,
          "ci_high": 0.33692065937069104
        }
      },
      "CYP3A4": {
        "st_rae": {
          "mean": 0.9217766858145399,
          "ci_low": 0.7848895415367173,
          "ci_high": 1.123659011352158
        },
        "mae": {
          "mean": 0.7999164381581684,
          "ci_low": 0.694700660747151,
          "ci_high": 0.9077371798975523
        },
        "r2": {
          "mean": 0.17263109418077496,
          "ci_low": 0.05094036680467268,
          "ci_high": 0.27199887195621253
        },
        "spearman_rho": {
          "mean": 0.42750048626306236,
          "ci_low": 0.25531612488850297,
          "ci_high": 0.5795316451682508
        },
        "kendall_tau": {
          "mean": 0.2971902977117188,
          "ci_low": 0.17568807901855157,
          "ci_high": 0.4107339076436085
        }
      }
    }
  },
  "epochs_run": 3,
  "fit_observations": 806,
  "validation_observations": 272,
  "rule": "inertial_reaction_diffusion",
  "generations": 125,
  "hidden_channels": 4,
  "atom_feature_profile": "periodic",
  "atom_feature_count": 33,
  "atom_feature_names": [
    "element_H",
    "element_C",
    "element_N",
    "element_O",
    "element_F",
    "element_P",
    "element_S",
    "element_Cl",
    "element_Br",
    "element_I",
    "element_other",
    "formal_charge",
    "aromatic",
    "hybrid_sp",
    "hybrid_sp2",
    "hybrid_sp3",
    "hybrid_other",
    "degree",
    "total_hydrogens",
    "in_ring",
    "hbond_donor",
    "hbond_acceptor",
    "chiral_cw",
    "chiral_ccw",
    "chiral_other",
    "atomic_number",
    "atomic_mass",
    "covalent_radius",
    "vdw_radius",
    "outer_electrons",
    "period",
    "periodic_group",
    "atomic_volume"
  ],
  "device": "cuda",
  "gpu": "NVIDIA GeForce RTX 5070 Ti",
  "training_seconds": 11.631997700082138,
  "peak_gpu_memory_bytes": 104521728,
  "runtime": {
    "operating_system": "Windows-10-10.0.26200-SP0",
    "machine": "AMD64",
    "python": "3.11.16",
    "python_executable": "C:\\Users\\Anthony\\anaconda3\\envs\\strange-matter-gpu\\python.exe",
    "pytorch": "2.11.0+cu128",
    "pytorch_cuda": "12.8",
    "device": "cuda",
    "gpu": "NVIDIA GeForce RTX 5070 Ti"
  },
  "validation_protocol": {
    "kind": "scaffold_cross_validation",
    "fold": 0,
    "folds": 5
  },
  "readout": "differentiable_closed_form_ridge",
  "prediction_mode": "direct",
  "residual_alpha": null,
  "trajectory_pooling": "legacy",
  "ridge_mode": "shared",
  "loss_mode": "hybrid_interval",
  "interval_loss_beta": 1.0,
  "interval_temperature": 0.1,
  "hyperparameters": {
    "ca_lr": 0.0003,
    "ridge": 1.0,
    "ca_l2": 1e-06,
    "gradient_clip": 0.5,
    "update_scale": 0.4,
    "init_scale": 0.5,
    "initial_noise": 0.01,
    "support_fraction": 0.85,
    "bond_temperature": 1.0,
    "dyn_a": 0.8,
    "dyn_b": 0.5,
    "dyn_c": 0.2,
    "dyn_d": 0.15,
    "lr_schedule": "cosine_0.1x"
  }
}
