{"operating_system": "macOS-26.2-arm64-arm-64bit", "machine": "arm64", "python": "3.10.19", "python_executable": "/opt/anaconda3/envs/kcc2/bin/python3.10", "pytorch": "2.8.0", "pytorch_cuda": null, "device": "cpu", "gpu": null}
{"epoch": 1, "train_rmse": 6.028842433505041, "validation_rmse": 0.9554645419120789, "mean_raw_gradient_norm": 2173.428041750385, "fraction_gradients_clipped": 1.0}
{"epoch": 2, "train_rmse": 7.811223858365938, "validation_rmse": 0.9547151327133179, "mean_raw_gradient_norm": 2541.5521445466625, "fraction_gradients_clipped": 1.0}
{"epoch": 3, "train_rmse": 6.233505384119927, "validation_rmse": 0.9475225210189819, "mean_raw_gradient_norm": 1372.819069989266, "fraction_gradients_clipped": 1.0}
{"epoch": 4, "train_rmse": 7.7353497439350445, "validation_rmse": 0.9425080418586731, "mean_raw_gradient_norm": 3429.290973740239, "fraction_gradients_clipped": 1.0}
{"epoch": 5, "train_rmse": 1.3457794115297057, "validation_rmse": 0.9374094009399414, "mean_raw_gradient_norm": 12.3957983043886, "fraction_gradients_clipped": 1.0}
{"epoch": 6, "train_rmse": 5.88237609329341, "validation_rmse": 0.9424575567245483, "mean_raw_gradient_norm": 1630.9606830381579, "fraction_gradients_clipped": 1.0}
{"epoch": 7, "train_rmse": 1.2601177305197424, "validation_rmse": 0.9433713555335999, "mean_raw_gradient_norm": 8.66633173342674, "fraction_gradients_clipped": 1.0}
{"epoch": 8, "train_rmse": 1.4117795868951868, "validation_rmse": 0.9364007711410522, "mean_raw_gradient_norm": 11.62792113519484, "fraction_gradients_clipped": 1.0}
{"epoch": 9, "train_rmse": 1.336794880458649, "validation_rmse": 0.9356618523597717, "mean_raw_gradient_norm": 10.004034265395134, "fraction_gradients_clipped": 1.0}
{"epoch": 10, "train_rmse": 1.313509822226169, "validation_rmse": 0.9370028376579285, "mean_raw_gradient_norm": 9.010360321690959, "fraction_gradients_clipped": 1.0}
{"dynamics_phase": "screen_start", "validation_pairs": 1309}
{"dynamics_phase": "screen_complete", "validation_pairs": 1309}
{
  "seed": 1701,
  "best_validation_rmse": 0.9374094009399414,
  "restored_fit_rmse": 0.8866330981254578,
  "restored_validation_rmse": 0.9374094009399414,
  "epochs_run": 10,
  "fit_observations": 5216,
  "validation_observations": 1309,
  "rule": "kuramoto_sakaguchi",
  "generations": 64,
  "hidden_channels": 8,
  "device": "cpu",
  "gpu": null,
  "training_seconds": 224.85558966593817,
  "peak_gpu_memory_bytes": 0,
  "runtime": {
    "operating_system": "macOS-26.2-arm64-arm-64bit",
    "machine": "arm64",
    "python": "3.10.19",
    "python_executable": "/opt/anaconda3/envs/kcc2/bin/python3.10",
    "pytorch": "2.8.0",
    "pytorch_cuda": null,
    "device": "cpu",
    "gpu": null
  },
  "readout": "differentiable_closed_form_ridge",
  "hyperparameters": {
    "ca_lr": 0.001,
    "ridge": 0.1,
    "ca_l2": 1e-05,
    "gradient_clip": 1.0,
    "update_scale": 0.25,
    "init_scale": 1.0,
    "initial_noise": 0.0,
    "support_fraction": 0.75,
    "bond_temperature": 1.0,
    "dyn_a": 0.5,
    "dyn_b": 0.5,
    "dyn_c": 0.5,
    "dyn_d": 0.2,
    "lr_schedule": "cosine_0.1x"
  },
  "dynamical_analysis": {
    "validation_trajectories_screened": 1309,
    "perturbation_cases": 0,
    "classification_counts": {},
    "perturbation_status": "deferred_after_native_cuda_failure"
  }
}
