{"operating_system": "macOS-26.2-arm64-arm-64bit", "machine": "arm64", "python": "3.10.19", "python_executable": "/opt/anaconda3/envs/kcc2/bin/python3.10", "pytorch": "2.8.0", "pytorch_cuda": null, "device": "cpu", "gpu": null}
{"epoch": 1, "train_rmse": 1.1540019225347389, "validation_rmse": 1.005305528640747, "mean_raw_gradient_norm": 10.108692693710328, "fraction_gradients_clipped": 1.0}
{"epoch": 2, "train_rmse": 1.1476617278786654, "validation_rmse": 1.0036485195159912, "mean_raw_gradient_norm": 14.339327239990235, "fraction_gradients_clipped": 1.0}
{"epoch": 3, "train_rmse": 1.120925440238575, "validation_rmse": 1.0031335353851318, "mean_raw_gradient_norm": 9.299530863761902, "fraction_gradients_clipped": 1.0}
{
  "seed": 1701,
  "best_validation_rmse": 1.005305528640747,
  "restored_fit_rmse": 0.9169026613235474,
  "restored_validation_rmse": 1.005305528640747,
  "epochs_run": 3,
  "fit_observations": 791,
  "validation_observations": 273,
  "rule": "delayed_memory",
  "generations": 500,
  "hidden_channels": 8,
  "device": "cpu",
  "gpu": null,
  "training_seconds": 66.21370770898648,
  "peak_gpu_memory_bytes": 0,
  "runtime": {
    "operating_system": "macOS-26.2-arm64-arm-64bit",
    "machine": "arm64",
    "python": "3.10.19",
    "python_executable": "/opt/anaconda3/envs/kcc2/bin/python3.10",
    "pytorch": "2.8.0",
    "pytorch_cuda": null,
    "device": "cpu",
    "gpu": null
  },
  "readout": "differentiable_closed_form_ridge",
  "hyperparameters": {
    "ca_lr": 0.0003,
    "ridge": 1.0,
    "ca_l2": 1e-05,
    "gradient_clip": 0.5,
    "update_scale": 0.08,
    "init_scale": 0.5,
    "initial_noise": 0.005,
    "support_fraction": 0.6,
    "bond_temperature": 2.0,
    "dyn_a": 0.8,
    "dyn_b": 0.2,
    "dyn_c": 0.2,
    "dyn_d": 0.3,
    "lr_schedule": "cosine_0.1x"
  }
}
