{"operating_system": "Windows-10-10.0.26200-SP0", "machine": "AMD64", "python": "3.11.16", "python_executable": "C:\\Users\\Anthony\\anaconda3\\envs\\strange-matter-gpu\\python.exe", "pytorch": "2.11.0+cu128", "pytorch_cuda": "12.8", "device": "cuda", "gpu": "NVIDIA GeForce RTX 5070 Ti"}
{"epoch": 1, "train_rmse": 1.4409941831189408, "validation_rmse": 0.876826822757721, "validation_ma_st_rae": 0.9824334519630784, "validation_CYP1A2_st_rae": 0.9529570394401025, "validation_CYP2C9_st_rae": 1.062093399773164, "validation_CYP2D6_st_rae": 0.9848640110749166, "validation_CYP3A4_st_rae": 0.9298193575641304, "mean_raw_gradient_norm": 60.78165946006775, "fraction_gradients_clipped": 1.0}
{"epoch": 2, "train_rmse": 1.4139745606458465, "validation_rmse": 0.8768894672393799, "validation_ma_st_rae": 0.9817549360542844, "validation_CYP1A2_st_rae": 0.9540788218985853, "validation_CYP2C9_st_rae": 1.059998786227315, "validation_CYP2D6_st_rae": 0.9837229646788147, "validation_CYP3A4_st_rae": 0.9292191714124227, "mean_raw_gradient_norm": 40.63912506103516, "fraction_gradients_clipped": 1.0}
{"epoch": 3, "train_rmse": 1.6290344662620933, "validation_rmse": 0.8769559860229492, "validation_ma_st_rae": 0.98185494432596, "validation_CYP1A2_st_rae": 0.9545093764223858, "validation_CYP2C9_st_rae": 1.060023190769666, "validation_CYP2D6_st_rae": 0.9838776959564115, "validation_CYP3A4_st_rae": 0.9290095141553771, "mean_raw_gradient_norm": 82.6320586681366, "fraction_gradients_clipped": 1.0}
{
  "seed": 1701,
  "selection_metric": "validation_ma_st_rae",
  "best_validation_ma_st_rae": 0.9824334519630784,
  "best_validation_rmse": 0.876826822757721,
  "restored_fit_rmse": 0.9671655297279358,
  "restored_validation_rmse": 0.8768274188041687,
  "restored_fit_ma_st_rae": 0.9166856955925216,
  "restored_validation_ma_st_rae": 0.9969144423468526,
  "restored_validation_point_ma_st_rae": 0.9824336700659924,
  "restored_validation_point_st_rae_by_cyp": {
    "CYP1A2": 0.9529630717909121,
    "CYP2C9": 1.0620747745011,
    "CYP2D6": 0.9848786196688522,
    "CYP3A4": 0.9298182143031053
  },
  "restored_fit_st_rae_by_cyp": {
    "CYP1A2": 0.9485101776326026,
    "CYP2C9": 0.8925814974095563,
    "CYP2D6": 0.9208459112352275,
    "CYP3A4": 0.9048051960927
  },
  "restored_validation_st_rae_by_cyp": {
    "CYP1A2": 0.9539451966495308,
    "CYP2C9": 1.088100836746244,
    "CYP2D6": 1.0023692547860688,
    "CYP3A4": 0.9432424812055668
  },
  "validation_bootstrap_metrics": {
    "n_bootstrap_samples": 1000,
    "seed": 0,
    "macro": {
      "st_rae": {
        "mean": 0.9969144423468526,
        "ci_low": 0.8993851374104244,
        "ci_high": 1.1000171489453718
      },
      "mae": {
        "mean": 0.6605577766465046,
        "ci_low": 0.5960761698553806,
        "ci_high": 0.7269571918775893
      },
      "r2": {
        "mean": 0.026132460505401706,
        "ci_low": -0.0678045382198882,
        "ci_high": 0.10913068343669573
      },
      "spearman_rho": {
        "mean": 0.3150618370269206,
        "ci_low": 0.20831505942509498,
        "ci_high": 0.4246150716840357
      },
      "kendall_tau": {
        "mean": 0.21673902253077051,
        "ci_low": 0.1412951958783953,
        "ci_high": 0.29526329283111813
      }
    },
    "per_endpoint": {
      "CYP1A2": {
        "st_rae": {
          "mean": 0.9539451966495308,
          "ci_low": 0.7533803379457417,
          "ci_high": 1.2053480902206066
        },
        "mae": {
          "mean": 0.6604568651777799,
          "ci_low": 0.509812754588049,
          "ci_high": 0.8280418768280842
        },
        "r2": {
          "mean": 0.16957814998838155,
          "ci_low": -0.01577768636060682,
          "ci_high": 0.3081520226153404
        },
        "spearman_rho": {
          "mean": 0.4990968409632857,
          "ci_low": 0.2914637065818576,
          "ci_high": 0.6855823314964353
        },
        "kendall_tau": {
          "mean": 0.35179590432307173,
          "ci_low": 0.20199757265308957,
          "ci_high": 0.5025002696132053
        }
      },
      "CYP2C9": {
        "st_rae": {
          "mean": 1.088100836746244,
          "ci_low": 0.8653710334185043,
          "ci_high": 1.360588516011872
        },
        "mae": {
          "mean": 0.6001742519299189,
          "ci_low": 0.48711107919613517,
          "ci_high": 0.7193317453066508
        },
        "r2": {
          "mean": -0.11168154899796719,
          "ci_low": -0.3560448817513103,
          "ci_high": 0.07971230214110166
        },
        "spearman_rho": {
          "mean": 0.27419262986683485,
          "ci_low": 0.03069846482185571,
          "ci_high": 0.4906153077043655
        },
        "kendall_tau": {
          "mean": 0.181933439287686,
          "ci_low": 0.020697059822408923,
          "ci_high": 0.3245793022361727
        }
      },
      "CYP2D6": {
        "st_rae": {
          "mean": 1.0023692547860688,
          "ci_low": 0.8337001178800024,
          "ci_high": 1.197231004325529
        },
        "mae": {
          "mean": 0.5654261426485502,
          "ci_low": 0.43750737584554233,
          "ci_high": 0.7157180512868441
        },
        "r2": {
          "mean": -0.04933301590412255,
          "ci_low": -0.22634340949209883,
          "ci_high": 0.11524081227690341
        },
        "spearman_rho": {
          "mean": 0.1701841205044268,
          "ci_low": -0.08357114651904496,
          "ci_high": 0.4106199058854118
        },
        "kendall_tau": {
          "mean": 0.1184798411518184,
          "ci_low": -0.05673323170731707,
          "ci_high": 0.299128794444914
        }
      },
      "CYP3A4": {
        "st_rae": {
          "mean": 0.9432424812055668,
          "ci_low": 0.7968801593108811,
          "ci_high": 1.142704539898257
        },
        "mae": {
          "mean": 0.8161738468297692,
          "ci_low": 0.7048897435498792,
          "ci_high": 0.9355130892160326
        },
        "r2": {
          "mean": 0.09596625693531499,
          "ci_low": -0.0410404926107135,
          "ci_high": 0.2106479955263339
        },
        "spearman_rho": {
          "mean": 0.3167737567731352,
          "ci_low": 0.1147379293654273,
          "ci_high": 0.5052216651746909
        },
        "kendall_tau": {
          "mean": 0.2147469053605059,
          "ci_low": 0.07546751917089785,
          "ci_high": 0.34790848370954996
        }
      }
    }
  },
  "epochs_run": 3,
  "fit_observations": 806,
  "validation_observations": 272,
  "rule": "inertial_reaction_diffusion",
  "generations": 32,
  "hidden_channels": 4,
  "atom_feature_profile": "baseline",
  "atom_feature_count": 25,
  "atom_feature_names": [
    "element_H",
    "element_C",
    "element_N",
    "element_O",
    "element_F",
    "element_P",
    "element_S",
    "element_Cl",
    "element_Br",
    "element_I",
    "element_other",
    "formal_charge",
    "aromatic",
    "hybrid_sp",
    "hybrid_sp2",
    "hybrid_sp3",
    "hybrid_other",
    "degree",
    "total_hydrogens",
    "in_ring",
    "hbond_donor",
    "hbond_acceptor",
    "chiral_cw",
    "chiral_ccw",
    "chiral_other"
  ],
  "device": "cuda",
  "gpu": "NVIDIA GeForce RTX 5070 Ti",
  "training_seconds": 4.334549200022593,
  "peak_gpu_memory_bytes": 41375232,
  "runtime": {
    "operating_system": "Windows-10-10.0.26200-SP0",
    "machine": "AMD64",
    "python": "3.11.16",
    "python_executable": "C:\\Users\\Anthony\\anaconda3\\envs\\strange-matter-gpu\\python.exe",
    "pytorch": "2.11.0+cu128",
    "pytorch_cuda": "12.8",
    "device": "cuda",
    "gpu": "NVIDIA GeForce RTX 5070 Ti"
  },
  "validation_protocol": {
    "kind": "scaffold_cross_validation",
    "fold": 0,
    "folds": 5
  },
  "readout": "differentiable_closed_form_ridge",
  "hyperparameters": {
    "ca_lr": 0.0003,
    "ridge": 0.01,
    "ca_l2": 1e-05,
    "gradient_clip": 2.0,
    "update_scale": 0.08,
    "init_scale": 1.5,
    "initial_noise": 0.0,
    "support_fraction": 0.6,
    "bond_temperature": 0.5,
    "dyn_a": 0.2,
    "dyn_b": 0.8,
    "dyn_c": 0.2,
    "dyn_d": 0.15,
    "lr_schedule": "cosine_0.1x"
  }
}
