{"operating_system": "Windows-10-10.0.26200-SP0", "machine": "AMD64", "python": "3.11.16", "python_executable": "C:\\Users\\Anthony\\anaconda3\\envs\\strange-matter-gpu\\python.exe", "pytorch": "2.11.0+cu128", "pytorch_cuda": "12.8", "device": "cuda", "gpu": "NVIDIA GeForce RTX 5070 Ti"}
{"epoch": 1, "train_rmse": 1.0192566020714469, "validation_rmse": 0.8544204831123352, "validation_ma_st_rae": 0.9633681836879342, "validation_CYP1A2_st_rae": 0.9515574558360269, "validation_CYP2C9_st_rae": 1.0427347503352102, "validation_CYP2D6_st_rae": 1.0139259914651555, "validation_CYP3A4_st_rae": 0.845254537115344, "mean_raw_gradient_norm": 5.227498340606689, "fraction_gradients_clipped": 1.0}
{"epoch": 2, "train_rmse": 1.0162801961493602, "validation_rmse": 0.8477963209152222, "validation_ma_st_rae": 0.9513214303928972, "validation_CYP1A2_st_rae": 0.9384766049929151, "validation_CYP2C9_st_rae": 1.0306867328521894, "validation_CYP2D6_st_rae": 0.9994831358373791, "validation_CYP3A4_st_rae": 0.8366392478891054, "mean_raw_gradient_norm": 3.4731228828430174, "fraction_gradients_clipped": 1.0}
{"epoch": 3, "train_rmse": 1.0789967200166057, "validation_rmse": 0.8449803590774536, "validation_ma_st_rae": 0.9481646607919038, "validation_CYP1A2_st_rae": 0.9445522912085373, "validation_CYP2C9_st_rae": 1.0184313038340929, "validation_CYP2D6_st_rae": 0.9949581399951887, "validation_CYP3A4_st_rae": 0.8347169081297962, "mean_raw_gradient_norm": 3.8893259286880495, "fraction_gradients_clipped": 1.0}
{
  "seed": 1701,
  "selection_metric": "validation_ma_st_rae",
  "best_validation_ma_st_rae": 0.9481646607919038,
  "best_validation_rmse": 0.8449803590774536,
  "restored_fit_rmse": 0.9471270442008972,
  "restored_validation_rmse": 0.8449835181236267,
  "restored_fit_ma_st_rae": 0.9068522060253389,
  "restored_validation_ma_st_rae": 0.9620347971060771,
  "restored_validation_point_ma_st_rae": 0.9481649204102175,
  "restored_validation_point_st_rae_by_cyp": {
    "CYP1A2": 0.9445751202247747,
    "CYP2C9": 1.0184145096179613,
    "CYP2D6": 0.9949502688663426,
    "CYP3A4": 0.8347197829317912
  },
  "restored_fit_st_rae_by_cyp": {
    "CYP1A2": 0.8760294630454848,
    "CYP2C9": 0.9256788047745452,
    "CYP2D6": 0.966314007968967,
    "CYP3A4": 0.8593865483123582
  },
  "restored_validation_st_rae_by_cyp": {
    "CYP1A2": 0.9451891991777237,
    "CYP2C9": 1.049808962234335,
    "CYP2D6": 1.0072697604852605,
    "CYP3A4": 0.8458712665269891
  },
  "validation_bootstrap_metrics": {
    "n_bootstrap_samples": 1000,
    "seed": 0,
    "macro": {
      "st_rae": {
        "mean": 0.9620347971060771,
        "ci_low": 0.857034237314586,
        "ci_high": 1.0682399008946042
      },
      "mae": {
        "mean": 0.6429480899928204,
        "ci_low": 0.581666897556219,
        "ci_high": 0.7101274866895957
      },
      "r2": {
        "mean": 0.08230456763045421,
        "ci_low": -0.012434988405154192,
        "ci_high": 0.16931546726840885
      },
      "spearman_rho": {
        "mean": 0.376961771357129,
        "ci_low": 0.27603326957925267,
        "ci_high": 0.47965807604284433
      },
      "kendall_tau": {
        "mean": 0.26266805560881734,
        "ci_low": 0.18968798944970947,
        "ci_high": 0.33858722825042703
      }
    },
    "per_endpoint": {
      "CYP1A2": {
        "st_rae": {
          "mean": 0.9451891991777237,
          "ci_low": 0.7453937012837597,
          "ci_high": 1.1909776738526436
        },
        "mae": {
          "mean": 0.6503730520264047,
          "ci_low": 0.5031587459024836,
          "ci_high": 0.8180823961242301
        },
        "r2": {
          "mean": 0.1670042415781956,
          "ci_low": -0.044455112607005534,
          "ci_high": 0.30396599332088026
        },
        "spearman_rho": {
          "mean": 0.4696026726081631,
          "ci_low": 0.24067141482729815,
          "ci_high": 0.6592828230339457
        },
        "kendall_tau": {
          "mean": 0.33621302726036895,
          "ci_low": 0.17361187455437171,
          "ci_high": 0.4850856764089283
        }
      },
      "CYP2C9": {
        "st_rae": {
          "mean": 1.049808962234335,
          "ci_low": 0.7989291786442769,
          "ci_high": 1.3669999253808922
        },
        "mae": {
          "mean": 0.5849670158743859,
          "ci_low": 0.47219791074593864,
          "ci_high": 0.7048632463812827
        },
        "r2": {
          "mean": -0.07613883444770465,
          "ci_low": -0.36730420368735106,
          "ci_high": 0.15524306334758944
        },
        "spearman_rho": {
          "mean": 0.3153402652922723,
          "ci_low": 0.08459485251534644,
          "ci_high": 0.5255995845752149
        },
        "kendall_tau": {
          "mean": 0.2100103575121186,
          "ci_low": 0.04899715519568866,
          "ci_high": 0.36064746221761185
        }
      },
      "CYP2D6": {
        "st_rae": {
          "mean": 1.0072697604852605,
          "ci_low": 0.8524834702899399,
          "ci_high": 1.1756685210335724
        },
        "mae": {
          "mean": 0.5749347300969638,
          "ci_low": 0.4604385794126071,
          "ci_high": 0.7064355805286995
        },
        "r2": {
          "mean": 0.019662294008937983,
          "ci_low": -0.14239154681210708,
          "ci_high": 0.15782393868405148
        },
        "spearman_rho": {
          "mean": 0.21748105756630282,
          "ci_low": -0.02499283339785192,
          "ci_high": 0.44115211809668076
        },
        "kendall_tau": {
          "mean": 0.15668408698242997,
          "ci_low": -0.01081871345029239,
          "ci_high": 0.31415807094225495
        }
      },
      "CYP3A4": {
        "st_rae": {
          "mean": 0.8458712665269891,
          "ci_low": 0.6985541378411443,
          "ci_high": 1.0414195486342257
        },
        "mae": {
          "mean": 0.7615175619735274,
          "ci_low": 0.6574898538894433,
          "ci_high": 0.8648193134817965
        },
        "r2": {
          "mean": 0.21869056938238796,
          "ci_low": 0.10625943735577466,
          "ci_high": 0.3256338879870951
        },
        "spearman_rho": {
          "mean": 0.5054230899617778,
          "ci_low": 0.3449032849095246,
          "ci_high": 0.6581193400743194
        },
        "kendall_tau": {
          "mean": 0.3477647506803517,
          "ci_low": 0.2249961596865297,
          "ci_high": 0.47340776028687476
        }
      }
    }
  },
  "epochs_run": 3,
  "fit_observations": 806,
  "validation_observations": 272,
  "rule": "damped_symplectic",
  "generations": 64,
  "hidden_channels": 8,
  "atom_feature_profile": "periodic_valence",
  "atom_feature_count": 38,
  "atom_feature_names": [
    "element_H",
    "element_C",
    "element_N",
    "element_O",
    "element_F",
    "element_P",
    "element_S",
    "element_Cl",
    "element_Br",
    "element_I",
    "element_other",
    "formal_charge",
    "aromatic",
    "hybrid_sp",
    "hybrid_sp2",
    "hybrid_sp3",
    "hybrid_other",
    "degree",
    "total_hydrogens",
    "in_ring",
    "hbond_donor",
    "hbond_acceptor",
    "chiral_cw",
    "chiral_ccw",
    "chiral_other",
    "atomic_number",
    "atomic_mass",
    "covalent_radius",
    "vdw_radius",
    "outer_electrons",
    "period",
    "periodic_group",
    "atomic_volume",
    "total_valence",
    "implicit_valence",
    "heavy_atom_degree",
    "radical_electrons",
    "absolute_formal_charge"
  ],
  "device": "cuda",
  "gpu": "NVIDIA GeForce RTX 5070 Ti",
  "training_seconds": 5.283233800088055,
  "peak_gpu_memory_bytes": 170759680,
  "runtime": {
    "operating_system": "Windows-10-10.0.26200-SP0",
    "machine": "AMD64",
    "python": "3.11.16",
    "python_executable": "C:\\Users\\Anthony\\anaconda3\\envs\\strange-matter-gpu\\python.exe",
    "pytorch": "2.11.0+cu128",
    "pytorch_cuda": "12.8",
    "device": "cuda",
    "gpu": "NVIDIA GeForce RTX 5070 Ti"
  },
  "validation_protocol": {
    "kind": "scaffold_cross_validation",
    "fold": 0,
    "folds": 5
  },
  "readout": "differentiable_closed_form_ridge",
  "hyperparameters": {
    "ca_lr": 0.003,
    "ridge": 1.0,
    "ca_l2": 0.0001,
    "gradient_clip": 1.0,
    "update_scale": 0.25,
    "init_scale": 0.5,
    "initial_noise": 0.005,
    "support_fraction": 0.75,
    "bond_temperature": 0.5,
    "dyn_a": 0.5,
    "dyn_b": 0.8,
    "dyn_c": 0.8,
    "dyn_d": 0.3,
    "lr_schedule": "cosine_0.1x"
  }
}
