{"operating_system": "Windows-10-10.0.26200-SP0", "machine": "AMD64", "python": "3.11.16", "python_executable": "C:\\Users\\Anthony\\anaconda3\\envs\\strange-matter-gpu\\python.exe", "pytorch": "2.11.0+cu128", "pytorch_cuda": "12.8", "device": "cuda", "gpu": "NVIDIA GeForce RTX 5070 Ti"}
{"epoch": 1, "train_rmse": 0.9820529488378034, "validation_rmse": 0.894051730632782, "validation_ma_st_rae": 0.8950117150550067, "validation_CYP1A2_st_rae": 1.007050469624843, "validation_CYP2C9_st_rae": 0.7178539086577219, "validation_CYP2D6_st_rae": 1.0584602825844838, "validation_CYP3A4_st_rae": 0.7966821993529777, "mean_raw_gradient_norm": 3.8557071139415107, "fraction_gradients_clipped": 0.9583333333333334}
{"epoch": 2, "train_rmse": 1.0186123332651478, "validation_rmse": 0.8853707909584045, "validation_ma_st_rae": 0.8808038858896464, "validation_CYP1A2_st_rae": 0.976693663607291, "validation_CYP2C9_st_rae": 0.7208491522870126, "validation_CYP2D6_st_rae": 1.0452747481852287, "validation_CYP3A4_st_rae": 0.7803979794790536, "mean_raw_gradient_norm": 4.46949960788091, "fraction_gradients_clipped": 1.0}
{"epoch": 3, "train_rmse": 0.9678378600509497, "validation_rmse": 0.8806158304214478, "validation_ma_st_rae": 0.8826105169839611, "validation_CYP1A2_st_rae": 1.0023491400453854, "validation_CYP2C9_st_rae": 0.704301028289963, "validation_CYP2D6_st_rae": 1.0445800926026294, "validation_CYP3A4_st_rae": 0.7792118069978664, "mean_raw_gradient_norm": 3.2600797563791275, "fraction_gradients_clipped": 0.9166666666666666}
{"epoch": 4, "train_rmse": 0.9807686372420414, "validation_rmse": 0.8802143335342407, "validation_ma_st_rae": 0.8899018433202651, "validation_CYP1A2_st_rae": 0.9851612553257592, "validation_CYP2C9_st_rae": 0.7649269289971096, "validation_CYP2D6_st_rae": 1.0461621938889174, "validation_CYP3A4_st_rae": 0.7633569950692743, "mean_raw_gradient_norm": 3.2750803430875144, "fraction_gradients_clipped": 0.8333333333333334}
{"epoch": 5, "train_rmse": 0.9487664927351377, "validation_rmse": 0.8777910470962524, "validation_ma_st_rae": 0.8878695532606306, "validation_CYP1A2_st_rae": 1.0095402788501537, "validation_CYP2C9_st_rae": 0.7341192757985225, "validation_CYP2D6_st_rae": 1.0500801787529652, "validation_CYP3A4_st_rae": 0.7577384796408805, "mean_raw_gradient_norm": 3.1903351545333862, "fraction_gradients_clipped": 1.0}
{
  "seed": 1701,
  "selection_metric": "validation_ma_st_rae",
  "best_validation_ma_st_rae": 0.8808038858896464,
  "best_validation_rmse": 0.8853707909584045,
  "restored_fit_rmse": 0.8205127120018005,
  "restored_validation_rmse": 0.885368824005127,
  "restored_fit_ma_st_rae": 0.8280082570796337,
  "restored_validation_ma_st_rae": 0.8835191381517213,
  "restored_validation_point_ma_st_rae": 0.8808013159997845,
  "restored_validation_point_st_rae_by_cyp": {
    "CYP1A2": 0.9766853934102906,
    "CYP2C9": 0.7208420726744735,
    "CYP2D6": 1.0452835965869312,
    "CYP3A4": 0.7803942013274427
  },
  "restored_fit_st_rae_by_cyp": {
    "CYP1A2": 0.8483617509105248,
    "CYP2C9": 0.7810996230506068,
    "CYP2D6": 0.9781517457197176,
    "CYP3A4": 0.7044199086376852
  },
  "restored_validation_st_rae_by_cyp": {
    "CYP1A2": 0.9783918764532121,
    "CYP2C9": 0.7255313069361842,
    "CYP2D6": 1.047517890269657,
    "CYP3A4": 0.782635478947832
  },
  "validation_bootstrap_metrics": {
    "n_bootstrap_samples": 1000,
    "seed": 0,
    "macro": {
      "st_rae": {
        "mean": 0.8835191381517213,
        "ci_low": 0.8395218042181449,
        "ci_high": 0.9304767763237507
      },
      "mae": {
        "mean": 0.6554451099676857,
        "ci_low": 0.6197496129339556,
        "ci_high": 0.6923005326719808
      },
      "r2": {
        "mean": 0.18382381924314078,
        "ci_low": 0.1398378853522107,
        "ci_high": 0.22475485058827313
      },
      "spearman_rho": {
        "mean": 0.4158582688023736,
        "ci_low": 0.3665262646354031,
        "ci_high": 0.4656688405823244
      },
      "kendall_tau": {
        "mean": 0.28905432847882684,
        "ci_low": 0.2543028921118699,
        "ci_high": 0.32488042660337496
      }
    },
    "per_endpoint": {
      "CYP1A2": {
        "st_rae": {
          "mean": 0.9783918764532121,
          "ci_low": 0.8729828161614622,
          "ci_high": 1.0968497636824428
        },
        "mae": {
          "mean": 0.7139048006164785,
          "ci_low": 0.635232036284038,
          "ci_high": 0.7904659321600076
        },
        "r2": {
          "mean": 0.1199289072303821,
          "ci_low": 0.015699873255676945,
          "ci_high": 0.2053731226483646
        },
        "spearman_rho": {
          "mean": 0.3403180853106528,
          "ci_low": 0.2211591650570986,
          "ci_high": 0.4494457981162768
        },
        "kendall_tau": {
          "mean": 0.22724036484811017,
          "ci_low": 0.14341806452373768,
          "ci_high": 0.302764896828153
        }
      },
      "CYP2C9": {
        "st_rae": {
          "mean": 0.7255313069361842,
          "ci_low": 0.6348979473421607,
          "ci_high": 0.8283760398178904
        },
        "mae": {
          "mean": 0.531335976322492,
          "ci_low": 0.4745231694819635,
          "ci_high": 0.5939659524120783
        },
        "r2": {
          "mean": 0.2876576107147072,
          "ci_low": 0.18792436135590773,
          "ci_high": 0.38057229970274725
        },
        "spearman_rho": {
          "mean": 0.551509292108001,
          "ci_low": 0.44457648398650057,
          "ci_high": 0.6421175282872461
        },
        "kendall_tau": {
          "mean": 0.39438452866557816,
          "ci_low": 0.3139267345378662,
          "ci_high": 0.46544347629995975
        }
      },
      "CYP2D6": {
        "st_rae": {
          "mean": 1.047517890269657,
          "ci_low": 0.9602299612697794,
          "ci_high": 1.1402102521951958
        },
        "mae": {
          "mean": 0.6581741166199601,
          "ci_low": 0.5747957591481787,
          "ci_high": 0.7405696093537318
        },
        "r2": {
          "mean": 0.007427150453622147,
          "ci_low": -0.0843574536471497,
          "ci_high": 0.09657263059939994
        },
        "spearman_rho": {
          "mean": 0.21188826479102743,
          "ci_low": 0.0958874785133566,
          "ci_high": 0.3304718929512232
        },
        "kendall_tau": {
          "mean": 0.14250535413303206,
          "ci_low": 0.06251934316707954,
          "ci_high": 0.22310656016567587
        }
      },
      "CYP3A4": {
        "st_rae": {
          "mean": 0.782635478947832,
          "ci_low": 0.7070957126884219,
          "ci_high": 0.8664608058544842
        },
        "mae": {
          "mean": 0.7183655463118123,
          "ci_low": 0.6640906317186016,
          "ci_high": 0.7718759032575441
        },
        "r2": {
          "mean": 0.32028160857385174,
          "ci_low": 0.24546483895264812,
          "ci_high": 0.38603863330496097
        },
        "spearman_rho": {
          "mean": 0.559717432999813,
          "ci_low": 0.49029140329750753,
          "ci_high": 0.6236802459818663
        },
        "kendall_tau": {
          "mean": 0.392087066268587,
          "ci_low": 0.33818436375561794,
          "ci_high": 0.44100872271341757
        }
      }
    }
  },
  "epochs_run": 5,
  "fit_observations": 4082,
  "validation_observations": 1134,
  "rule": "delayed_memory",
  "generations": 64,
  "hidden_channels": 16,
  "atom_feature_profile": "periodic_valence",
  "atom_feature_count": 38,
  "atom_feature_names": [
    "element_H",
    "element_C",
    "element_N",
    "element_O",
    "element_F",
    "element_P",
    "element_S",
    "element_Cl",
    "element_Br",
    "element_I",
    "element_other",
    "formal_charge",
    "aromatic",
    "hybrid_sp",
    "hybrid_sp2",
    "hybrid_sp3",
    "hybrid_other",
    "degree",
    "total_hydrogens",
    "in_ring",
    "hbond_donor",
    "hbond_acceptor",
    "chiral_cw",
    "chiral_ccw",
    "chiral_other",
    "atomic_number",
    "atomic_mass",
    "covalent_radius",
    "vdw_radius",
    "outer_electrons",
    "period",
    "periodic_group",
    "atomic_volume",
    "total_valence",
    "implicit_valence",
    "heavy_atom_degree",
    "radical_electrons",
    "absolute_formal_charge"
  ],
  "device": "cuda",
  "gpu": "NVIDIA GeForce RTX 5070 Ti",
  "training_seconds": 35.186988999834284,
  "peak_gpu_memory_bytes": 313314816,
  "runtime": {
    "operating_system": "Windows-10-10.0.26200-SP0",
    "machine": "AMD64",
    "python": "3.11.16",
    "python_executable": "C:\\Users\\Anthony\\anaconda3\\envs\\strange-matter-gpu\\python.exe",
    "pytorch": "2.11.0+cu128",
    "pytorch_cuda": "12.8",
    "device": "cuda",
    "gpu": "NVIDIA GeForce RTX 5070 Ti"
  },
  "validation_protocol": {
    "kind": "scaffold_cross_validation",
    "fold": 4,
    "folds": 5
  },
  "readout": "differentiable_closed_form_ridge",
  "prediction_mode": "direct",
  "residual_alpha": null,
  "trajectory_pooling": "legacy",
  "ridge_mode": "shared",
  "loss_mode": "mse",
  "interval_loss_beta": 0.0,
  "interval_temperature": 0.1,
  "hyperparameters": {
    "ca_lr": 0.003,
    "ridge": 1.0,
    "ca_l2": 1e-06,
    "gradient_clip": 2.0,
    "update_scale": 0.08,
    "init_scale": 1.0,
    "initial_noise": 0.01,
    "support_fraction": 0.6,
    "bond_temperature": 0.5,
    "dyn_a": 0.2,
    "dyn_b": 0.2,
    "dyn_c": 0.8,
    "dyn_d": 0.05,
    "lr_schedule": "cosine_0.1x"
  }
}
