{"operating_system": "macOS-26.2-arm64-arm-64bit", "machine": "arm64", "python": "3.10.19", "python_executable": "/opt/anaconda3/envs/kcc2/bin/python3.10", "pytorch": "2.8.0", "pytorch_cuda": null, "device": "cpu", "gpu": null}
{"epoch": 1, "train_rmse": 1.1419060950929503, "validation_rmse": 0.9355481863021851, "mean_raw_gradient_norm": 9.936210301614576, "fraction_gradients_clipped": 1.0}
{"epoch": 2, "train_rmse": 1.1353376916499773, "validation_rmse": 0.9250512719154358, "mean_raw_gradient_norm": 9.110864277808897, "fraction_gradients_clipped": 1.0}
{"epoch": 3, "train_rmse": 1.0328624747238484, "validation_rmse": 0.9304366707801819, "mean_raw_gradient_norm": 6.011430094319005, "fraction_gradients_clipped": 1.0}
{"epoch": 4, "train_rmse": 1.113717705929863, "validation_rmse": 0.9311226606369019, "mean_raw_gradient_norm": 6.666426489430089, "fraction_gradients_clipped": 1.0}
{"epoch": 5, "train_rmse": 1.1037046985619554, "validation_rmse": 0.9301601648330688, "mean_raw_gradient_norm": 6.391607646019228, "fraction_gradients_clipped": 1.0}
{"epoch": 6, "train_rmse": 1.1395325518641948, "validation_rmse": 0.9359279870986938, "mean_raw_gradient_norm": 7.743796810027091, "fraction_gradients_clipped": 1.0}
{"epoch": 7, "train_rmse": 1.0885168637195708, "validation_rmse": 0.9318704605102539, "mean_raw_gradient_norm": 6.222459431617491, "fraction_gradients_clipped": 1.0}
{"dynamics_phase": "screen_start", "validation_pairs": 1309}
{"dynamics_phase": "screen_complete", "validation_pairs": 1309}
{
  "seed": 1701,
  "best_validation_rmse": 0.9250512719154358,
  "restored_fit_rmse": 0.8991087079048157,
  "restored_validation_rmse": 0.9250512719154358,
  "epochs_run": 7,
  "fit_observations": 5216,
  "validation_observations": 1309,
  "rule": "conservative_graph_flux",
  "generations": 64,
  "hidden_channels": 8,
  "device": "cpu",
  "gpu": null,
  "training_seconds": 99.54586391698103,
  "peak_gpu_memory_bytes": 0,
  "runtime": {
    "operating_system": "macOS-26.2-arm64-arm-64bit",
    "machine": "arm64",
    "python": "3.10.19",
    "python_executable": "/opt/anaconda3/envs/kcc2/bin/python3.10",
    "pytorch": "2.8.0",
    "pytorch_cuda": null,
    "device": "cpu",
    "gpu": null
  },
  "readout": "differentiable_closed_form_ridge",
  "hyperparameters": {
    "ca_lr": 0.003,
    "ridge": 0.01,
    "ca_l2": 0.0001,
    "gradient_clip": 1.0,
    "update_scale": 0.4,
    "init_scale": 1.5,
    "initial_noise": 0.0,
    "support_fraction": 0.75,
    "bond_temperature": 0.5,
    "dyn_a": 0.2,
    "dyn_b": 0.8,
    "dyn_c": 0.5,
    "dyn_d": 0.05,
    "lr_schedule": "cosine_0.1x"
  },
  "dynamical_analysis": {
    "validation_trajectories_screened": 1309,
    "perturbation_cases": 0,
    "classification_counts": {},
    "perturbation_status": "deferred_after_native_cuda_failure"
  }
}
