{"operating_system": "macOS-26.2-arm64-arm-64bit", "machine": "arm64", "python": "3.10.19", "python_executable": "/opt/anaconda3/envs/kcc2/bin/python3.10", "pytorch": "2.8.0", "pytorch_cuda": null, "device": "cpu", "gpu": null}
{"epoch": 1, "train_rmse": 1.1113721778175771, "validation_rmse": 1.053895354270935, "mean_raw_gradient_norm": 6.143127155303955, "fraction_gradients_clipped": 1.0}
{"epoch": 2, "train_rmse": 1.1355072969901798, "validation_rmse": 1.0594358444213867, "mean_raw_gradient_norm": 7.541329205036163, "fraction_gradients_clipped": 1.0}
{"epoch": 3, "train_rmse": 1.1628419119536504, "validation_rmse": 1.050344467163086, "mean_raw_gradient_norm": 11.013265037536621, "fraction_gradients_clipped": 1.0}
{
  "seed": 1701,
  "best_validation_rmse": 1.050344467163086,
  "restored_fit_rmse": 0.9951243996620178,
  "restored_validation_rmse": 1.050344467163086,
  "epochs_run": 3,
  "fit_observations": 791,
  "validation_observations": 273,
  "rule": "conservative_graph_flux",
  "generations": 64,
  "hidden_channels": 4,
  "device": "cpu",
  "gpu": null,
  "training_seconds": 4.699168541934341,
  "peak_gpu_memory_bytes": 0,
  "runtime": {
    "operating_system": "macOS-26.2-arm64-arm-64bit",
    "machine": "arm64",
    "python": "3.10.19",
    "python_executable": "/opt/anaconda3/envs/kcc2/bin/python3.10",
    "pytorch": "2.8.0",
    "pytorch_cuda": null,
    "device": "cpu",
    "gpu": null
  },
  "readout": "differentiable_closed_form_ridge",
  "hyperparameters": {
    "ca_lr": 0.0003,
    "ridge": 0.01,
    "ca_l2": 1e-06,
    "gradient_clip": 1.0,
    "update_scale": 0.08,
    "init_scale": 0.5,
    "initial_noise": 0.005,
    "support_fraction": 0.75,
    "bond_temperature": 2.0,
    "dyn_a": 0.2,
    "dyn_b": 0.8,
    "dyn_c": 0.2,
    "dyn_d": 0.15,
    "lr_schedule": "cosine_0.1x"
  }
}
