{"operating_system": "macOS-26.2-arm64-arm-64bit", "machine": "arm64", "python": "3.10.19", "python_executable": "/opt/anaconda3/envs/kcc2/bin/python3.10", "pytorch": "2.8.0", "pytorch_cuda": null, "device": "cpu", "gpu": null}
{"epoch": 1, "train_rmse": 1.0899929054694615, "validation_rmse": 0.9424195885658264, "mean_raw_gradient_norm": 14.40434552777198, "fraction_gradients_clipped": 1.0}
{"epoch": 2, "train_rmse": 1.1851673753181822, "validation_rmse": 0.9315690994262695, "mean_raw_gradient_norm": 16.091444077030307, "fraction_gradients_clipped": 1.0}
{"epoch": 3, "train_rmse": 1.0289477488189307, "validation_rmse": 0.9333781599998474, "mean_raw_gradient_norm": 11.249840305697534, "fraction_gradients_clipped": 1.0}
{"epoch": 4, "train_rmse": 1.0698884286638222, "validation_rmse": 0.9373738169670105, "mean_raw_gradient_norm": 15.251259619189847, "fraction_gradients_clipped": 1.0}
{"epoch": 5, "train_rmse": 1.0438356727350275, "validation_rmse": 0.9320945143699646, "mean_raw_gradient_norm": 12.069021194211897, "fraction_gradients_clipped": 1.0}
{"epoch": 6, "train_rmse": 1.071433439711698, "validation_rmse": 0.9152476191520691, "mean_raw_gradient_norm": 13.30532939972416, "fraction_gradients_clipped": 1.0}
{"epoch": 7, "train_rmse": 1.0200341796054964, "validation_rmse": 0.9134083986282349, "mean_raw_gradient_norm": 12.150611677477437, "fraction_gradients_clipped": 1.0}
{"epoch": 8, "train_rmse": 1.022691690245263, "validation_rmse": 0.9126892685890198, "mean_raw_gradient_norm": 9.047159248782743, "fraction_gradients_clipped": 1.0}
{"epoch": 9, "train_rmse": 1.0239137314090685, "validation_rmse": 0.9115754961967468, "mean_raw_gradient_norm": 10.106373802308113, "fraction_gradients_clipped": 1.0}
{"epoch": 10, "train_rmse": 1.019548716002496, "validation_rmse": 0.9093548655509949, "mean_raw_gradient_norm": 10.755272050057687, "fraction_gradients_clipped": 1.0}
{
  "seed": 2909,
  "best_validation_rmse": 0.9115754961967468,
  "restored_fit_rmse": 0.8481975793838501,
  "restored_validation_rmse": 0.9115754961967468,
  "epochs_run": 10,
  "fit_observations": 5216,
  "validation_observations": 1309,
  "rule": "gray_scott",
  "generations": 64,
  "hidden_channels": 8,
  "device": "cpu",
  "gpu": null,
  "training_seconds": 177.03159841697197,
  "peak_gpu_memory_bytes": 0,
  "runtime": {
    "operating_system": "macOS-26.2-arm64-arm-64bit",
    "machine": "arm64",
    "python": "3.10.19",
    "python_executable": "/opt/anaconda3/envs/kcc2/bin/python3.10",
    "pytorch": "2.8.0",
    "pytorch_cuda": null,
    "device": "cpu",
    "gpu": null
  },
  "readout": "differentiable_closed_form_ridge",
  "hyperparameters": {
    "ca_lr": 0.003,
    "ridge": 0.01,
    "ca_l2": 0.0001,
    "gradient_clip": 1.0,
    "update_scale": 0.4,
    "init_scale": 1.5,
    "initial_noise": 0.0,
    "support_fraction": 0.75,
    "bond_temperature": 0.5,
    "dyn_a": 0.2,
    "dyn_b": 0.8,
    "dyn_c": 0.5,
    "dyn_d": 0.05,
    "lr_schedule": "cosine_0.1x"
  }
}
