{"operating_system": "Windows-10-10.0.26200-SP0", "machine": "AMD64", "python": "3.11.16", "python_executable": "C:\\Users\\Anthony\\anaconda3\\envs\\strange-matter-gpu\\python.exe", "pytorch": "2.11.0+cu128", "pytorch_cuda": "12.8", "device": "cuda", "gpu": "NVIDIA GeForce RTX 5070 Ti"}
{"epoch": 1, "train_rmse": 1.1749241769763104, "validation_rmse": 0.9180582761764526, "validation_ma_st_rae": 1.0451971679262169, "validation_CYP1A2_st_rae": 1.0150124165612173, "validation_CYP2C9_st_rae": 1.1246126618804255, "validation_CYP2D6_st_rae": 1.0894506804059345, "validation_CYP3A4_st_rae": 0.9517129128572902, "mean_raw_gradient_norm": 160.8703821182251, "fraction_gradients_clipped": 1.0}
{"epoch": 2, "train_rmse": 9.183047432843496, "validation_rmse": 0.8999548554420471, "validation_ma_st_rae": 1.011236246480265, "validation_CYP1A2_st_rae": 1.0203989949376402, "validation_CYP2C9_st_rae": 1.0642963792310163, "validation_CYP2D6_st_rae": 1.071956851847619, "validation_CYP3A4_st_rae": 0.8882927599047851, "mean_raw_gradient_norm": 14726.728673267364, "fraction_gradients_clipped": 1.0}
{"epoch": 3, "train_rmse": 1.2006733291445506, "validation_rmse": 0.899666428565979, "validation_ma_st_rae": 1.0099406315060604, "validation_CYP1A2_st_rae": 1.0265897805994504, "validation_CYP2C9_st_rae": 1.0620687566378162, "validation_CYP2D6_st_rae": 1.066490822958666, "validation_CYP3A4_st_rae": 0.8846131658283084, "mean_raw_gradient_norm": 31.262400245666505, "fraction_gradients_clipped": 1.0}
{
  "seed": 1701,
  "selection_metric": "validation_ma_st_rae",
  "best_validation_ma_st_rae": 1.011236246480265,
  "best_validation_rmse": 0.8999548554420471,
  "restored_fit_rmse": 0.9907613396644592,
  "restored_validation_rmse": 0.899947464466095,
  "restored_fit_ma_st_rae": 0.9589038257857168,
  "restored_validation_ma_st_rae": 1.024593984447761,
  "restored_validation_point_ma_st_rae": 1.0112119287629504,
  "restored_validation_point_st_rae_by_cyp": {
    "CYP1A2": 1.0203824511252404,
    "CYP2C9": 1.0642685128485427,
    "CYP2D6": 1.0719202243698271,
    "CYP3A4": 0.8882765267081913
  },
  "restored_fit_st_rae_by_cyp": {
    "CYP1A2": 0.9734566523690159,
    "CYP2C9": 0.9759144857618832,
    "CYP2D6": 0.9634933354716465,
    "CYP3A4": 0.9227508295403218
  },
  "restored_validation_st_rae_by_cyp": {
    "CYP1A2": 1.0155266057074328,
    "CYP2C9": 1.0944141962668588,
    "CYP2D6": 1.0883474151680548,
    "CYP3A4": 0.900087720648698
  },
  "validation_bootstrap_metrics": {
    "n_bootstrap_samples": 1000,
    "seed": 0,
    "macro": {
      "st_rae": {
        "mean": 1.024593984447761,
        "ci_low": 0.9290488334448045,
        "ci_high": 1.1254726996202047
      },
      "mae": {
        "mean": 0.6731630496026972,
        "ci_low": 0.6083088589698659,
        "ci_high": 0.7472311649907833
      },
      "r2": {
        "mean": -0.044491799396427015,
        "ci_low": -0.15125911068307274,
        "ci_high": 0.046931234883580204
      },
      "spearman_rho": {
        "mean": 0.24750016377089828,
        "ci_low": 0.1302848510247074,
        "ci_high": 0.36112990397622374
      },
      "kendall_tau": {
        "mean": 0.17698332099907263,
        "ci_low": 0.09408307544896374,
        "ci_high": 0.25935823428118604
      }
    },
    "per_endpoint": {
      "CYP1A2": {
        "st_rae": {
          "mean": 1.0155266057074328,
          "ci_low": 0.8367513484099416,
          "ci_high": 1.2291187017671663
        },
        "mae": {
          "mean": 0.6939550550179404,
          "ci_low": 0.5330635763582635,
          "ci_high": 0.8747363110057643
        },
        "r2": {
          "mean": 0.043297063250432324,
          "ci_low": -0.14017406591946438,
          "ci_high": 0.14336264010149713
        },
        "spearman_rho": {
          "mean": 0.39404982525954707,
          "ci_low": 0.17941721650714043,
          "ci_high": 0.5903027072679171
        },
        "kendall_tau": {
          "mean": 0.276372315434901,
          "ci_low": 0.12555555555555556,
          "ci_high": 0.4176027572556587
        }
      },
      "CYP2C9": {
        "st_rae": {
          "mean": 1.0944141962668588,
          "ci_low": 0.8653645757483841,
          "ci_high": 1.3982389191669218
        },
        "mae": {
          "mean": 0.6063611096978188,
          "ci_low": 0.48316502809524536,
          "ci_high": 0.7442596444487571
        },
        "r2": {
          "mean": -0.22483679718858485,
          "ci_low": -0.5698057369890122,
          "ci_high": 0.0324690727093644
        },
        "spearman_rho": {
          "mean": 0.1357433778307859,
          "ci_low": -0.1295056875835332,
          "ci_high": 0.376137006532082
        },
        "kendall_tau": {
          "mean": 0.09443802342654306,
          "ci_low": -0.09238515485593349,
          "ci_high": 0.26933522657044706
        }
      },
      "CYP2D6": {
        "st_rae": {
          "mean": 1.0883474151680548,
          "ci_low": 0.9296427933461922,
          "ci_high": 1.2737335601457829
        },
        "mae": {
          "mean": 0.5935881305254422,
          "ci_low": 0.4639713799036466,
          "ci_high": 0.7402059673346004
        },
        "r2": {
          "mean": -0.1264108111307363,
          "ci_low": -0.32719598251165194,
          "ci_high": 0.027315667039022284
        },
        "spearman_rho": {
          "mean": 0.05386180372325968,
          "ci_low": -0.20372142953417713,
          "ci_high": 0.3041948791292449
        },
        "kendall_tau": {
          "mean": 0.04736880830482282,
          "ci_low": -0.13464492188087882,
          "ci_high": 0.2269042860315345
        }
      },
      "CYP3A4": {
        "st_rae": {
          "mean": 0.900087720648698,
          "ci_low": 0.7889979540437735,
          "ci_high": 1.050807236829729
        },
        "mae": {
          "mean": 0.7987479031695877,
          "ci_low": 0.6816776688708815,
          "ci_high": 0.9196821664654931
        },
        "r2": {
          "mean": 0.1299833474831808,
          "ci_low": 0.03652567482059907,
          "ci_high": 0.21306867148322808
        },
        "spearman_rho": {
          "mean": 0.4063456482700005,
          "ci_low": 0.2097263057965975,
          "ci_high": 0.5870496073445822
        },
        "kendall_tau": {
          "mean": 0.2897541368300236,
          "ci_low": 0.14432087547408343,
          "ci_high": 0.42565771254500134
        }
      }
    }
  },
  "epochs_run": 3,
  "fit_observations": 806,
  "validation_observations": 272,
  "rule": "fitzhugh_nagumo",
  "generations": 125,
  "hidden_channels": 4,
  "atom_feature_profile": "valence_electronic",
  "atom_feature_count": 38,
  "atom_feature_names": [
    "element_H",
    "element_C",
    "element_N",
    "element_O",
    "element_F",
    "element_P",
    "element_S",
    "element_Cl",
    "element_Br",
    "element_I",
    "element_other",
    "formal_charge",
    "aromatic",
    "hybrid_sp",
    "hybrid_sp2",
    "hybrid_sp3",
    "hybrid_other",
    "degree",
    "total_hydrogens",
    "in_ring",
    "hbond_donor",
    "hbond_acceptor",
    "chiral_cw",
    "chiral_ccw",
    "chiral_other",
    "total_valence",
    "implicit_valence",
    "heavy_atom_degree",
    "radical_electrons",
    "absolute_formal_charge",
    "electronegativity",
    "polarizability",
    "heteroatom",
    "halogen",
    "conjugated_bond_fraction",
    "first_ionization_energy",
    "electron_affinity",
    "electronic_property_missing"
  ],
  "device": "cuda",
  "gpu": "NVIDIA GeForce RTX 5070 Ti",
  "training_seconds": 9.403337399940938,
  "peak_gpu_memory_bytes": 164281856,
  "runtime": {
    "operating_system": "Windows-10-10.0.26200-SP0",
    "machine": "AMD64",
    "python": "3.11.16",
    "python_executable": "C:\\Users\\Anthony\\anaconda3\\envs\\strange-matter-gpu\\python.exe",
    "pytorch": "2.11.0+cu128",
    "pytorch_cuda": "12.8",
    "device": "cuda",
    "gpu": "NVIDIA GeForce RTX 5070 Ti"
  },
  "validation_protocol": {
    "kind": "scaffold_cross_validation",
    "fold": 0,
    "folds": 5
  },
  "readout": "differentiable_closed_form_ridge",
  "hyperparameters": {
    "ca_lr": 0.001,
    "ridge": 0.01,
    "ca_l2": 1e-05,
    "gradient_clip": 0.5,
    "update_scale": 0.15,
    "init_scale": 1.5,
    "initial_noise": 0.01,
    "support_fraction": 0.6,
    "bond_temperature": 2.0,
    "dyn_a": 0.8,
    "dyn_b": 0.2,
    "dyn_c": 0.5,
    "dyn_d": 0.05,
    "lr_schedule": "cosine_0.1x"
  }
}
