{"operating_system": "Windows-10-10.0.26200-SP0", "machine": "AMD64", "python": "3.11.16", "python_executable": "C:\\Users\\Anthony\\anaconda3\\envs\\strange-matter-gpu\\python.exe", "pytorch": "2.11.0+cu128", "pytorch_cuda": "12.8", "device": "cuda", "gpu": "NVIDIA GeForce RTX 5070 Ti"}
{"epoch": 1, "train_rmse": 1.0579765306179723, "validation_rmse": 0.7929003238677979, "validation_ma_st_rae": 0.841656297276981, "validation_CYP1A2_st_rae": 0.8658321670582646, "validation_CYP2C9_st_rae": 0.7730506847612107, "validation_CYP2D6_st_rae": 0.9499897429499332, "validation_CYP3A4_st_rae": 0.7777525943385154, "mean_raw_gradient_norm": 3.815179705619812, "fraction_gradients_clipped": 1.0}
{"epoch": 2, "train_rmse": 1.0368631363709637, "validation_rmse": 0.7925513386726379, "validation_ma_st_rae": 0.8412931333742752, "validation_CYP1A2_st_rae": 0.8679135517547282, "validation_CYP2C9_st_rae": 0.7711181993631834, "validation_CYP2D6_st_rae": 0.9488235161919405, "validation_CYP3A4_st_rae": 0.7773172661872494, "mean_raw_gradient_norm": 4.306907422840595, "fraction_gradients_clipped": 1.0}
{"epoch": 3, "train_rmse": 1.0324968568844524, "validation_rmse": 0.7920821905136108, "validation_ma_st_rae": 0.8404681441810368, "validation_CYP1A2_st_rae": 0.8675718035614851, "validation_CYP2C9_st_rae": 0.7679414852575331, "validation_CYP2D6_st_rae": 0.948715056829227, "validation_CYP3A4_st_rae": 0.7776442310759021, "mean_raw_gradient_norm": 3.4622288793325424, "fraction_gradients_clipped": 1.0}
{"epoch": 4, "train_rmse": 1.0737106945083426, "validation_rmse": 0.7916474342346191, "validation_ma_st_rae": 0.8401403637997653, "validation_CYP1A2_st_rae": 0.8696228266648421, "validation_CYP2C9_st_rae": 0.7631957450213842, "validation_CYP2D6_st_rae": 0.9497954230204579, "validation_CYP3A4_st_rae": 0.7779474604923768, "mean_raw_gradient_norm": 4.51715461909771, "fraction_gradients_clipped": 1.0}
{
  "seed": 1701,
  "selection_metric": "validation_ma_st_rae",
  "best_validation_ma_st_rae": 0.841656297276981,
  "best_validation_rmse": 0.7929003238677979,
  "restored_fit_rmse": 0.8513438701629639,
  "restored_validation_rmse": 0.7929007411003113,
  "restored_fit_ma_st_rae": 0.8355090568045884,
  "restored_validation_ma_st_rae": 0.8454367278089683,
  "restored_validation_point_ma_st_rae": 0.8416624315414867,
  "restored_validation_point_st_rae_by_cyp": {
    "CYP1A2": 0.8658376281776503,
    "CYP2C9": 0.7730599427035327,
    "CYP2D6": 0.9499982635539269,
    "CYP3A4": 0.777753891730837
  },
  "restored_fit_st_rae_by_cyp": {
    "CYP1A2": 0.8486396347860038,
    "CYP2C9": 0.8069746561694204,
    "CYP2D6": 0.9791126361848803,
    "CYP3A4": 0.707309300078049
  },
  "restored_validation_st_rae_by_cyp": {
    "CYP1A2": 0.8679262522953372,
    "CYP2C9": 0.7780291439813902,
    "CYP2D6": 0.9544571281577123,
    "CYP3A4": 0.7813343868014336
  },
  "validation_bootstrap_metrics": {
    "n_bootstrap_samples": 1000,
    "seed": 0,
    "macro": {
      "st_rae": {
        "mean": 0.8454367278089683,
        "ci_low": 0.780371161993453,
        "ci_high": 0.9123171348817952
      },
      "mae": {
        "mean": 0.5877290489569986,
        "ci_low": 0.5476794722000436,
        "ci_high": 0.6283592882656411
      },
      "r2": {
        "mean": 0.22101770113242922,
        "ci_low": 0.15897294335438084,
        "ci_high": 0.27805139462229356
      },
      "spearman_rho": {
        "mean": 0.4823065299834807,
        "ci_low": 0.4189223559065699,
        "ci_high": 0.5436613372152775
      },
      "kendall_tau": {
        "mean": 0.3423173822662676,
        "ci_low": 0.2946276463365081,
        "ci_high": 0.38979890843565546
      }
    },
    "per_endpoint": {
      "CYP1A2": {
        "st_rae": {
          "mean": 0.8679262522953372,
          "ci_low": 0.7457638497324581,
          "ci_high": 1.0112165033761344
        },
        "mae": {
          "mean": 0.6132792055900668,
          "ci_low": 0.5101348543041189,
          "ci_high": 0.7293746224381554
        },
        "r2": {
          "mean": 0.18648060764289562,
          "ci_low": 0.06309253538355952,
          "ci_high": 0.2950759964364784
        },
        "spearman_rho": {
          "mean": 0.5270534656511627,
          "ci_low": 0.3793098235379299,
          "ci_high": 0.6530937814681369
        },
        "kendall_tau": {
          "mean": 0.38050872043623607,
          "ci_low": 0.2752251106861521,
          "ci_high": 0.4762128857073889
        }
      },
      "CYP2C9": {
        "st_rae": {
          "mean": 0.7780291439813902,
          "ci_low": 0.6204534011293242,
          "ci_high": 0.9619982755785766
        },
        "mae": {
          "mean": 0.5338944705437569,
          "ci_low": 0.46371241777482697,
          "ci_high": 0.6093990379876464
        },
        "r2": {
          "mean": 0.25148273067920124,
          "ci_low": 0.0985337396782643,
          "ci_high": 0.38234135248837214
        },
        "spearman_rho": {
          "mean": 0.474000250945641,
          "ci_low": 0.32534117207679947,
          "ci_high": 0.614378397186506
        },
        "kendall_tau": {
          "mean": 0.3353659221594494,
          "ci_low": 0.2201127689125054,
          "ci_high": 0.44143191396772596
        }
      },
      "CYP2D6": {
        "st_rae": {
          "mean": 0.9544571281577123,
          "ci_low": 0.8593100089206359,
          "ci_high": 1.0613045779571777
        },
        "mae": {
          "mean": 0.5252461615118591,
          "ci_low": 0.44989111033625573,
          "ci_high": 0.6019153398162914
        },
        "r2": {
          "mean": 0.09063053953175342,
          "ci_low": -0.052054657190002865,
          "ci_high": 0.1953663273873792
        },
        "spearman_rho": {
          "mean": 0.34376801009364816,
          "ci_low": 0.19815828652750672,
          "ci_high": 0.4795316746475132
        },
        "kendall_tau": {
          "mean": 0.23983672467578168,
          "ci_low": 0.13429288898894887,
          "ci_high": 0.3386366302832065
        }
      },
      "CYP3A4": {
        "st_rae": {
          "mean": 0.7813343868014336,
          "ci_low": 0.6708535817900191,
          "ci_high": 0.8938829276355992
        },
        "mae": {
          "mean": 0.678496358182312,
          "ci_low": 0.6149630611100473,
          "ci_high": 0.7457077511332252
        },
        "r2": {
          "mean": 0.3554769266758666,
          "ci_low": 0.254161433239869,
          "ci_high": 0.4457159399268185
        },
        "spearman_rho": {
          "mean": 0.584404393243471,
          "ci_low": 0.4973501240832068,
          "ci_high": 0.6712877097264794
        },
        "kendall_tau": {
          "mean": 0.41355816179360333,
          "ci_low": 0.3436042771213187,
          "ci_high": 0.48188812466461006
        }
      }
    }
  },
  "epochs_run": 4,
  "fit_observations": 2652,
  "validation_observations": 680,
  "rule": "delayed_memory",
  "generations": 16,
  "hidden_channels": 16,
  "atom_feature_profile": "periodic_valence",
  "atom_feature_count": 38,
  "atom_feature_names": [
    "element_H",
    "element_C",
    "element_N",
    "element_O",
    "element_F",
    "element_P",
    "element_S",
    "element_Cl",
    "element_Br",
    "element_I",
    "element_other",
    "formal_charge",
    "aromatic",
    "hybrid_sp",
    "hybrid_sp2",
    "hybrid_sp3",
    "hybrid_other",
    "degree",
    "total_hydrogens",
    "in_ring",
    "hbond_donor",
    "hbond_acceptor",
    "chiral_cw",
    "chiral_ccw",
    "chiral_other",
    "atomic_number",
    "atomic_mass",
    "covalent_radius",
    "vdw_radius",
    "outer_electrons",
    "period",
    "periodic_group",
    "atomic_volume",
    "total_valence",
    "implicit_valence",
    "heavy_atom_degree",
    "radical_electrons",
    "absolute_formal_charge"
  ],
  "device": "cuda",
  "gpu": "NVIDIA GeForce RTX 5070 Ti",
  "training_seconds": 17.91654180001933,
  "peak_gpu_memory_bytes": 96673280,
  "runtime": {
    "operating_system": "Windows-10-10.0.26200-SP0",
    "machine": "AMD64",
    "python": "3.11.16",
    "python_executable": "C:\\Users\\Anthony\\anaconda3\\envs\\strange-matter-gpu\\python.exe",
    "pytorch": "2.11.0+cu128",
    "pytorch_cuda": "12.8",
    "device": "cuda",
    "gpu": "NVIDIA GeForce RTX 5070 Ti"
  },
  "validation_protocol": {
    "kind": "scaffold_cross_validation",
    "fold": 0,
    "folds": 5
  },
  "readout": "differentiable_closed_form_ridge",
  "hyperparameters": {
    "ca_lr": 0.0003,
    "ridge": 1.0,
    "ca_l2": 1e-06,
    "gradient_clip": 1.0,
    "update_scale": 0.25,
    "init_scale": 1.0,
    "initial_noise": 0.01,
    "support_fraction": 0.6,
    "bond_temperature": 1.0,
    "dyn_a": 0.8,
    "dyn_b": 0.2,
    "dyn_c": 0.2,
    "dyn_d": 0.3,
    "lr_schedule": "cosine_0.1x"
  }
}
