{"operating_system": "macOS-26.2-arm64-arm-64bit", "machine": "arm64", "python": "3.10.19", "python_executable": "/opt/anaconda3/envs/kcc2/bin/python3.10", "pytorch": "2.8.0", "pytorch_cuda": null, "device": "cpu", "gpu": null}
{"epoch": 1, "train_rmse": 0.9587535157306881, "validation_rmse": 1.091772198677063, "mean_raw_gradient_norm": 293.47228240966797, "fraction_gradients_clipped": 1.0}
{"epoch": 2, "train_rmse": 1.0332681963499983, "validation_rmse": 1.0884352922439575, "mean_raw_gradient_norm": 40.258576202392575, "fraction_gradients_clipped": 1.0}
{"epoch": 3, "train_rmse": 1.0944833165800423, "validation_rmse": 1.0837026834487915, "mean_raw_gradient_norm": 32.720434761047365, "fraction_gradients_clipped": 1.0}
{
  "seed": 1701,
  "best_validation_rmse": 1.0837026834487915,
  "restored_fit_rmse": 0.940611720085144,
  "restored_validation_rmse": 1.0837026834487915,
  "epochs_run": 3,
  "fit_observations": 791,
  "validation_observations": 273,
  "rule": "fitzhugh_nagumo",
  "generations": 125,
  "hidden_channels": 4,
  "device": "cpu",
  "gpu": null,
  "training_seconds": 9.611205957946368,
  "peak_gpu_memory_bytes": 0,
  "runtime": {
    "operating_system": "macOS-26.2-arm64-arm-64bit",
    "machine": "arm64",
    "python": "3.10.19",
    "python_executable": "/opt/anaconda3/envs/kcc2/bin/python3.10",
    "pytorch": "2.8.0",
    "pytorch_cuda": null,
    "device": "cpu",
    "gpu": null
  },
  "readout": "differentiable_closed_form_ridge",
  "hyperparameters": {
    "ca_lr": 0.0003,
    "ridge": 0.1,
    "ca_l2": 0.0001,
    "gradient_clip": 2.0,
    "update_scale": 0.25,
    "init_scale": 1.0,
    "initial_noise": 0.01,
    "support_fraction": 0.75,
    "bond_temperature": 0.5,
    "dyn_a": 0.5,
    "dyn_b": 0.2,
    "dyn_c": 0.2,
    "dyn_d": 0.05,
    "lr_schedule": "cosine_0.1x"
  }
}
