{"operating_system": "Windows-10-10.0.26200-SP0", "machine": "AMD64", "python": "3.11.16", "python_executable": "C:\\Users\\Anthony\\anaconda3\\envs\\strange-matter-gpu\\python.exe", "pytorch": "2.11.0+cu128", "pytorch_cuda": "12.8", "device": "cuda", "gpu": "NVIDIA GeForce RTX 5070 Ti"}
{"epoch": 1, "train_rmse": 1.1267365914743686, "validation_rmse": 0.8433101177215576, "validation_ma_st_rae": 0.8330195958040788, "validation_CYP1A2_st_rae": 0.8773033188632342, "validation_CYP2C9_st_rae": 0.7580614674597447, "validation_CYP2D6_st_rae": 0.9626276266627176, "validation_CYP3A4_st_rae": 0.7340859702306188, "mean_raw_gradient_norm": 7.600557980537414, "fraction_gradients_clipped": 1.0}
{"epoch": 2, "train_rmse": 1.4331369212375205, "validation_rmse": 0.8393335342407227, "validation_ma_st_rae": 0.8499469302096602, "validation_CYP1A2_st_rae": 0.8658918197626351, "validation_CYP2C9_st_rae": 0.8332591824716401, "validation_CYP2D6_st_rae": 0.9560589071934537, "validation_CYP3A4_st_rae": 0.744577811410912, "mean_raw_gradient_norm": 75.37343528747559, "fraction_gradients_clipped": 1.0}
{"epoch": 3, "train_rmse": 1.0397657606114696, "validation_rmse": 0.8385047912597656, "validation_ma_st_rae": 0.8360092772140744, "validation_CYP1A2_st_rae": 0.8431789854904657, "validation_CYP2C9_st_rae": 0.7681879367919542, "validation_CYP2D6_st_rae": 1.005903862465461, "validation_CYP3A4_st_rae": 0.7267663241084166, "mean_raw_gradient_norm": 4.964441254138946, "fraction_gradients_clipped": 1.0}
{"epoch": 4, "train_rmse": 1.07031402687133, "validation_rmse": 0.8245683908462524, "validation_ma_st_rae": 0.8255581610753444, "validation_CYP1A2_st_rae": 0.8381009081620755, "validation_CYP2C9_st_rae": 0.8057748855824336, "validation_CYP2D6_st_rae": 0.9511534310558134, "validation_CYP3A4_st_rae": 0.7072034195010551, "mean_raw_gradient_norm": 19.891424860954285, "fraction_gradients_clipped": 1.0}
{"epoch": 5, "train_rmse": 1.0197930459803983, "validation_rmse": 0.8240509629249573, "validation_ma_st_rae": 0.8208390719110363, "validation_CYP1A2_st_rae": 0.8475867449730398, "validation_CYP2C9_st_rae": 0.7857100450915959, "validation_CYP2D6_st_rae": 0.9587089981486268, "validation_CYP3A4_st_rae": 0.6913504994308832, "mean_raw_gradient_norm": 3.8559942078590392, "fraction_gradients_clipped": 1.0}
{"epoch": 6, "train_rmse": 1.0091970701628619, "validation_rmse": 0.8255836963653564, "validation_ma_st_rae": 0.8245626671721002, "validation_CYP1A2_st_rae": 0.8635815501103092, "validation_CYP2C9_st_rae": 0.7830029567148022, "validation_CYP2D6_st_rae": 0.9582062197803927, "validation_CYP3A4_st_rae": 0.6934599420828969, "mean_raw_gradient_norm": 8.54872617483139, "fraction_gradients_clipped": 1.0}
{"epoch": 7, "train_rmse": 1.0118423602095277, "validation_rmse": 0.8233514428138733, "validation_ma_st_rae": 0.8233939361015908, "validation_CYP1A2_st_rae": 0.8575225287562416, "validation_CYP2C9_st_rae": 0.7807489126419509, "validation_CYP2D6_st_rae": 0.9553177249244835, "validation_CYP3A4_st_rae": 0.6999865780836872, "mean_raw_gradient_norm": 3.362786340713501, "fraction_gradients_clipped": 1.0}
{"epoch": 8, "train_rmse": 1.0106338887970663, "validation_rmse": 0.8231865763664246, "validation_ma_st_rae": 0.8247382754449043, "validation_CYP1A2_st_rae": 0.8532232740034458, "validation_CYP2C9_st_rae": 0.7892245105041882, "validation_CYP2D6_st_rae": 0.9644268427849834, "validation_CYP3A4_st_rae": 0.692078474487, "mean_raw_gradient_norm": 3.622046549320221, "fraction_gradients_clipped": 1.0}
{
  "seed": 1701,
  "selection_metric": "validation_ma_st_rae",
  "best_validation_ma_st_rae": 0.8208390719110363,
  "best_validation_rmse": 0.8240509629249573,
  "restored_fit_rmse": 0.8347747921943665,
  "restored_validation_rmse": 0.824051558971405,
  "restored_fit_ma_st_rae": 0.8342851436857829,
  "restored_validation_ma_st_rae": 0.8228214257109102,
  "restored_validation_point_ma_st_rae": 0.8208418707818419,
  "restored_validation_point_st_rae_by_cyp": {
    "CYP1A2": 0.8475901582027854,
    "CYP2C9": 0.7857154980003667,
    "CYP2D6": 0.9587083040973284,
    "CYP3A4": 0.6913535228268868
  },
  "restored_fit_st_rae_by_cyp": {
    "CYP1A2": 0.878434385229181,
    "CYP2C9": 0.7732333593987075,
    "CYP2D6": 0.975217722195578,
    "CYP3A4": 0.7102551079196646
  },
  "restored_validation_st_rae_by_cyp": {
    "CYP1A2": 0.8492446349540972,
    "CYP2C9": 0.7891191940619952,
    "CYP2D6": 0.9609811474810683,
    "CYP3A4": 0.6919407263464804
  },
  "validation_bootstrap_metrics": {
    "n_bootstrap_samples": 1000,
    "seed": 0,
    "macro": {
      "st_rae": {
        "mean": 0.8228214257109102,
        "ci_low": 0.7756148795117972,
        "ci_high": 0.8720868582371224
      },
      "mae": {
        "mean": 0.6011738341456748,
        "ci_low": 0.5660977246587365,
        "ci_high": 0.638024829713295
      },
      "r2": {
        "mean": 0.22615796542136343,
        "ci_low": 0.1768302769927212,
        "ci_high": 0.2755086880295139
      },
      "spearman_rho": {
        "mean": 0.4483896510134025,
        "ci_low": 0.39705193706646463,
        "ci_high": 0.5029660117831765
      },
      "kendall_tau": {
        "mean": 0.31531781474842674,
        "ci_low": 0.27878711259094685,
        "ci_high": 0.3554167786631757
      }
    },
    "per_endpoint": {
      "CYP1A2": {
        "st_rae": {
          "mean": 0.8492446349540972,
          "ci_low": 0.7442169969384933,
          "ci_high": 0.9684498150345638
        },
        "mae": {
          "mean": 0.6636132890364642,
          "ci_low": 0.5860868937851534,
          "ci_high": 0.7536589385485956
        },
        "r2": {
          "mean": 0.21645674212117208,
          "ci_low": 0.10711585701261742,
          "ci_high": 0.31372089564364763
        },
        "spearman_rho": {
          "mean": 0.4663015424808657,
          "ci_low": 0.34955983776249705,
          "ci_high": 0.5739715757949815
        },
        "kendall_tau": {
          "mean": 0.3245352150489232,
          "ci_low": 0.24063363355774536,
          "ci_high": 0.40394498498754383
        }
      },
      "CYP2C9": {
        "st_rae": {
          "mean": 0.7891191940619952,
          "ci_low": 0.6642723708815762,
          "ci_high": 0.9226173872434009
        },
        "mae": {
          "mean": 0.48118102789279255,
          "ci_low": 0.4263427558511791,
          "ci_high": 0.5419682817293866
        },
        "r2": {
          "mean": 0.261519379201548,
          "ci_low": 0.12184592746171842,
          "ci_high": 0.39025515043390835
        },
        "spearman_rho": {
          "mean": 0.4377931827374052,
          "ci_low": 0.31222399291094216,
          "ci_high": 0.5551690992326043
        },
        "kendall_tau": {
          "mean": 0.3054632531524826,
          "ci_low": 0.21177984589783846,
          "ci_high": 0.39273895878526355
        }
      },
      "CYP2D6": {
        "st_rae": {
          "mean": 0.9609811474810683,
          "ci_low": 0.8988935934342768,
          "ci_high": 1.0302949837493403
        },
        "mae": {
          "mean": 0.6053495607068965,
          "ci_low": 0.5275424183065714,
          "ci_high": 0.6847103857577629
        },
        "r2": {
          "mean": 0.0464727700304715,
          "ci_low": -0.03470810395673954,
          "ci_high": 0.11387954134190893
        },
        "spearman_rho": {
          "mean": 0.2737144208218783,
          "ci_low": 0.1508284215745015,
          "ci_high": 0.39559862743995
        },
        "kendall_tau": {
          "mean": 0.18990186979170476,
          "ci_low": 0.10155684518014496,
          "ci_high": 0.27721760692746716
        }
      },
      "CYP3A4": {
        "st_rae": {
          "mean": 0.6919407263464804,
          "ci_low": 0.6223722926775268,
          "ci_high": 0.7687601582878586
        },
        "mae": {
          "mean": 0.6545514589465459,
          "ci_low": 0.6050000164985656,
          "ci_high": 0.7086856044928233
        },
        "r2": {
          "mean": 0.3801829703322621,
          "ci_low": 0.29924983784298076,
          "ci_high": 0.4551459840726898
        },
        "spearman_rho": {
          "mean": 0.6157494580134606,
          "ci_low": 0.5426630677686507,
          "ci_high": 0.680825646430851
        },
        "kendall_tau": {
          "mean": 0.4413709210005961,
          "ci_low": 0.38567199815148623,
          "ci_high": 0.49310951500667854
        }
      }
    }
  },
  "epochs_run": 8,
  "fit_observations": 4177,
  "validation_observations": 1039,
  "rule": "delayed_memory",
  "generations": 16,
  "hidden_channels": 16,
  "atom_feature_profile": "local_environment",
  "atom_feature_count": 29,
  "atom_feature_names": [
    "element_H",
    "element_C",
    "element_N",
    "element_O",
    "element_F",
    "element_P",
    "element_S",
    "element_Cl",
    "element_Br",
    "element_I",
    "element_other",
    "formal_charge",
    "aromatic",
    "hybrid_sp",
    "hybrid_sp2",
    "hybrid_sp3",
    "hybrid_other",
    "degree",
    "total_hydrogens",
    "in_ring",
    "hbond_donor",
    "hbond_acceptor",
    "chiral_cw",
    "chiral_ccw",
    "chiral_other",
    "mean_neighbour_electronegativity",
    "electronegativity_difference",
    "mean_neighbour_atomic_number",
    "neighbour_formal_charge"
  ],
  "device": "cuda",
  "gpu": "NVIDIA GeForce RTX 5070 Ti",
  "training_seconds": 33.14728890010156,
  "peak_gpu_memory_bytes": 60250624,
  "runtime": {
    "operating_system": "Windows-10-10.0.26200-SP0",
    "machine": "AMD64",
    "python": "3.11.16",
    "python_executable": "C:\\Users\\Anthony\\anaconda3\\envs\\strange-matter-gpu\\python.exe",
    "pytorch": "2.11.0+cu128",
    "pytorch_cuda": "12.8",
    "device": "cuda",
    "gpu": "NVIDIA GeForce RTX 5070 Ti"
  },
  "validation_protocol": {
    "kind": "scaffold_cross_validation",
    "fold": 2,
    "folds": 5
  },
  "readout": "differentiable_closed_form_ridge",
  "prediction_mode": "direct",
  "residual_alpha": null,
  "trajectory_pooling": "legacy",
  "ridge_mode": "shared",
  "loss_mode": "hybrid_interval",
  "interval_loss_beta": 0.25,
  "interval_temperature": 0.1,
  "hyperparameters": {
    "ca_lr": 0.003,
    "ridge": 1.0,
    "ca_l2": 1e-06,
    "gradient_clip": 1.0,
    "update_scale": 0.25,
    "init_scale": 1.5,
    "initial_noise": 0.0,
    "support_fraction": 0.6,
    "bond_temperature": 1.0,
    "dyn_a": 0.5,
    "dyn_b": 0.2,
    "dyn_c": 0.2,
    "dyn_d": 0.15,
    "lr_schedule": "cosine_0.1x"
  }
}
