{"operating_system": "Windows-10-10.0.26200-SP0", "machine": "AMD64", "python": "3.11.16", "python_executable": "C:\\Users\\Anthony\\anaconda3\\envs\\strange-matter-gpu\\python.exe", "pytorch": "2.11.0+cu128", "pytorch_cuda": "12.8", "device": "cuda", "gpu": "NVIDIA GeForce RTX 5070 Ti"}
{"epoch": 1, "train_rmse": 1.0904970419656856, "validation_rmse": 0.7925155758857727, "validation_ma_st_rae": 0.8459468814087665, "validation_CYP1A2_st_rae": 0.8455905675693427, "validation_CYP2C9_st_rae": 0.7547360489056865, "validation_CYP2D6_st_rae": 1.0761365923508797, "validation_CYP3A4_st_rae": 0.7073243168091576, "mean_raw_gradient_norm": 6.632437734603882, "fraction_gradients_clipped": 1.0}
{"epoch": 2, "train_rmse": 1.0631622956510791, "validation_rmse": 0.7919342517852783, "validation_ma_st_rae": 0.8420031541831742, "validation_CYP1A2_st_rae": 0.8380559567176753, "validation_CYP2C9_st_rae": 0.7491102582170658, "validation_CYP2D6_st_rae": 1.076575908771101, "validation_CYP3A4_st_rae": 0.7042704930268545, "mean_raw_gradient_norm": 5.948799328804016, "fraction_gradients_clipped": 1.0}
{"epoch": 3, "train_rmse": 1.0166053153491161, "validation_rmse": 0.7918952703475952, "validation_ma_st_rae": 0.8406648927392232, "validation_CYP1A2_st_rae": 0.8358623930194854, "validation_CYP2C9_st_rae": 0.7437382388265352, "validation_CYP2D6_st_rae": 1.0798313888081386, "validation_CYP3A4_st_rae": 0.7032275503027337, "mean_raw_gradient_norm": 4.63494309425354, "fraction_gradients_clipped": 1.0}
{"epoch": 4, "train_rmse": 1.0373550094057113, "validation_rmse": 0.7917366027832031, "validation_ma_st_rae": 0.8395172549906236, "validation_CYP1A2_st_rae": 0.834967999976498, "validation_CYP2C9_st_rae": 0.7405380244452647, "validation_CYP2D6_st_rae": 1.0809744364928597, "validation_CYP3A4_st_rae": 0.7015885590478722, "mean_raw_gradient_norm": 5.620676164627075, "fraction_gradients_clipped": 1.0}
{"epoch": 5, "train_rmse": 1.0548196795922762, "validation_rmse": 0.7911942005157471, "validation_ma_st_rae": 0.8383171135201446, "validation_CYP1A2_st_rae": 0.8362923849199833, "validation_CYP2C9_st_rae": 0.7385544880629409, "validation_CYP2D6_st_rae": 1.0799672707428398, "validation_CYP3A4_st_rae": 0.6984543103548145, "mean_raw_gradient_norm": 6.351017322540283, "fraction_gradients_clipped": 1.0}
{"epoch": 6, "train_rmse": 1.0353244332385712, "validation_rmse": 0.7907711267471313, "validation_ma_st_rae": 0.8362292825638549, "validation_CYP1A2_st_rae": 0.8330606863431901, "validation_CYP2C9_st_rae": 0.7338113779718539, "validation_CYP2D6_st_rae": 1.079766673425418, "validation_CYP3A4_st_rae": 0.6982783925149575, "mean_raw_gradient_norm": 5.761397199630737, "fraction_gradients_clipped": 1.0}
{"epoch": 7, "train_rmse": 1.0772983381215138, "validation_rmse": 0.7907416224479675, "validation_ma_st_rae": 0.8362378159932893, "validation_CYP1A2_st_rae": 0.8318547653552196, "validation_CYP2C9_st_rae": 0.7331149512880349, "validation_CYP2D6_st_rae": 1.0820583672649813, "validation_CYP3A4_st_rae": 0.6979231800649216, "mean_raw_gradient_norm": 6.754741983413696, "fraction_gradients_clipped": 1.0}
{"epoch": 8, "train_rmse": 1.0774178565112098, "validation_rmse": 0.7906973361968994, "validation_ma_st_rae": 0.8359504959641091, "validation_CYP1A2_st_rae": 0.8311675915740867, "validation_CYP2C9_st_rae": 0.7324877175566894, "validation_CYP2D6_st_rae": 1.0819971663916792, "validation_CYP3A4_st_rae": 0.6981495083339809, "mean_raw_gradient_norm": 7.413251705169678, "fraction_gradients_clipped": 1.0}
{
  "seed": 1701,
  "selection_metric": "validation_ma_st_rae",
  "best_validation_ma_st_rae": 0.8383171135201446,
  "best_validation_rmse": 0.7911942005157471,
  "restored_fit_rmse": 0.8588768243789673,
  "restored_validation_rmse": 0.7911917567253113,
  "restored_fit_ma_st_rae": 0.85037028402296,
  "restored_validation_ma_st_rae": 0.8407124683706787,
  "restored_validation_point_ma_st_rae": 0.8383128759148568,
  "restored_validation_point_st_rae_by_cyp": {
    "CYP1A2": 0.8362965568988329,
    "CYP2C9": 0.7385432083866464,
    "CYP2D6": 1.0799590571464723,
    "CYP3A4": 0.6984526812274758
  },
  "restored_fit_st_rae_by_cyp": {
    "CYP1A2": 0.8899562500543556,
    "CYP2C9": 0.7612686095008019,
    "CYP2D6": 1.0376498958626748,
    "CYP3A4": 0.7126063806740076
  },
  "restored_validation_st_rae_by_cyp": {
    "CYP1A2": 0.8374363025712048,
    "CYP2C9": 0.7423958788964176,
    "CYP2D6": 1.0841550181732518,
    "CYP3A4": 0.6988626738418404
  },
  "validation_bootstrap_metrics": {
    "n_bootstrap_samples": 1000,
    "seed": 0,
    "macro": {
      "st_rae": {
        "mean": 0.8407124683706787,
        "ci_low": 0.785929439857449,
        "ci_high": 0.8941525135621431
      },
      "mae": {
        "mean": 0.580649846102421,
        "ci_low": 0.5482560249887625,
        "ci_high": 0.6138043515086397
      },
      "r2": {
        "mean": 0.20006962091050665,
        "ci_low": 0.1445506972633404,
        "ci_high": 0.25076116304204005
      },
      "spearman_rho": {
        "mean": 0.47465929152091124,
        "ci_low": 0.42434284142104534,
        "ci_high": 0.5238586255659838
      },
      "kendall_tau": {
        "mean": 0.3373120200045963,
        "ci_low": 0.30083886794322307,
        "ci_high": 0.3736046621723826
      }
    },
    "per_endpoint": {
      "CYP1A2": {
        "st_rae": {
          "mean": 0.8374363025712048,
          "ci_low": 0.7310509302422098,
          "ci_high": 0.9531199343982786
        },
        "mae": {
          "mean": 0.5932004491923092,
          "ci_low": 0.5207289569281243,
          "ci_high": 0.6703750780171102
        },
        "r2": {
          "mean": 0.21088392860058042,
          "ci_low": 0.10128239612004962,
          "ci_high": 0.3064598926944604
        },
        "spearman_rho": {
          "mean": 0.5229463237930994,
          "ci_low": 0.4153977771191948,
          "ci_high": 0.625280275921249
        },
        "kendall_tau": {
          "mean": 0.3692975557780011,
          "ci_low": 0.2890715653237652,
          "ci_high": 0.4452424721471231
        }
      },
      "CYP2C9": {
        "st_rae": {
          "mean": 0.7423958788964176,
          "ci_low": 0.6123551885697512,
          "ci_high": 0.8735609958372552
        },
        "mae": {
          "mean": 0.48197799932901764,
          "ci_low": 0.4317475049177073,
          "ci_high": 0.5391096911397398
        },
        "r2": {
          "mean": 0.2977259256944682,
          "ci_low": 0.1804434688462108,
          "ci_high": 0.4097400777063867
        },
        "spearman_rho": {
          "mean": 0.5383491612993623,
          "ci_low": 0.42594316655330644,
          "ci_high": 0.6456620440472611
        },
        "kendall_tau": {
          "mean": 0.386295038008142,
          "ci_low": 0.29876191683003,
          "ci_high": 0.4698801651416415
        }
      },
      "CYP2D6": {
        "st_rae": {
          "mean": 1.0841550181732518,
          "ci_low": 0.9875270189296002,
          "ci_high": 1.1861843780131422
        },
        "mae": {
          "mean": 0.5887361258400811,
          "ci_low": 0.5248377461973418,
          "ci_high": 0.6608915857524953
        },
        "r2": {
          "mean": -0.08983308504361835,
          "ci_low": -0.2005486264138515,
          "ci_high": 0.021714080391076467
        },
        "spearman_rho": {
          "mean": 0.21493185590308023,
          "ci_low": 0.10303629307951132,
          "ci_high": 0.329518367035695
        },
        "kendall_tau": {
          "mean": 0.14491782969483943,
          "ci_low": 0.06675301755168359,
          "ci_high": 0.22107208736585499
        }
      },
      "CYP3A4": {
        "st_rae": {
          "mean": 0.6988626738418404,
          "ci_low": 0.6235072306044938,
          "ci_high": 0.7805538909034841
        },
        "mae": {
          "mean": 0.6586848100482762,
          "ci_low": 0.6056479306502657,
          "ci_high": 0.7163209328530254
        },
        "r2": {
          "mean": 0.38150171439059627,
          "ci_low": 0.2847648876887229,
          "ci_high": 0.46118866968291417
        },
        "spearman_rho": {
          "mean": 0.6224098250881032,
          "ci_low": 0.5478018360578021,
          "ci_high": 0.6880139969982269
        },
        "kendall_tau": {
          "mean": 0.44873765653740294,
          "ci_low": 0.38968849232129094,
          "ci_high": 0.5027665938279913
        }
      }
    }
  },
  "epochs_run": 8,
  "fit_observations": 4179,
  "validation_observations": 1037,
  "rule": "kuramoto_sakaguchi",
  "generations": 32,
  "hidden_channels": 16,
  "atom_feature_profile": "electronic_local",
  "atom_feature_count": 37,
  "atom_feature_names": [
    "element_H",
    "element_C",
    "element_N",
    "element_O",
    "element_F",
    "element_P",
    "element_S",
    "element_Cl",
    "element_Br",
    "element_I",
    "element_other",
    "formal_charge",
    "aromatic",
    "hybrid_sp",
    "hybrid_sp2",
    "hybrid_sp3",
    "hybrid_other",
    "degree",
    "total_hydrogens",
    "in_ring",
    "hbond_donor",
    "hbond_acceptor",
    "chiral_cw",
    "chiral_ccw",
    "chiral_other",
    "electronegativity",
    "polarizability",
    "heteroatom",
    "halogen",
    "conjugated_bond_fraction",
    "first_ionization_energy",
    "electron_affinity",
    "electronic_property_missing",
    "mean_neighbour_electronegativity",
    "electronegativity_difference",
    "mean_neighbour_atomic_number",
    "neighbour_formal_charge"
  ],
  "device": "cuda",
  "gpu": "NVIDIA GeForce RTX 5070 Ti",
  "training_seconds": 47.08090870000888,
  "peak_gpu_memory_bytes": 241481728,
  "runtime": {
    "operating_system": "Windows-10-10.0.26200-SP0",
    "machine": "AMD64",
    "python": "3.11.16",
    "python_executable": "C:\\Users\\Anthony\\anaconda3\\envs\\strange-matter-gpu\\python.exe",
    "pytorch": "2.11.0+cu128",
    "pytorch_cuda": "12.8",
    "device": "cuda",
    "gpu": "NVIDIA GeForce RTX 5070 Ti"
  },
  "validation_protocol": {
    "kind": "scaffold_cross_validation",
    "fold": 0,
    "folds": 5
  },
  "readout": "differentiable_closed_form_ridge",
  "hyperparameters": {
    "ca_lr": 0.0003,
    "ridge": 1.0,
    "ca_l2": 1e-05,
    "gradient_clip": 0.5,
    "update_scale": 0.08,
    "init_scale": 0.5,
    "initial_noise": 0.0,
    "support_fraction": 0.75,
    "bond_temperature": 0.5,
    "dyn_a": 0.8,
    "dyn_b": 0.5,
    "dyn_c": 0.5,
    "dyn_d": 0.05,
    "lr_schedule": "cosine_0.1x"
  }
}
