{"operating_system": "Windows-10-10.0.26200-SP0", "machine": "AMD64", "python": "3.11.16", "python_executable": "C:\\Users\\Anthony\\anaconda3\\envs\\strange-matter-gpu\\python.exe", "pytorch": "2.11.0+cu128", "pytorch_cuda": "12.8", "device": "cuda", "gpu": "NVIDIA GeForce RTX 5070 Ti"}
{"phase": "population", "case": 1, "total": 258, "molecule": "OCNT-2318002", "cyp": "CYP1A2", "lle": 0.01192887732759118}
{"phase": "population", "case": 2, "total": 258, "molecule": "OCNT-2314462", "cyp": "CYP1A2", "lle": 0.010951574426144361}
{"phase": "population", "case": 3, "total": 258, "molecule": "OCNT-2317983", "cyp": "CYP1A2", "lle": 0.011599302291870117}
{"phase": "population", "case": 4, "total": 258, "molecule": "OCNT-2315030", "cyp": "CYP1A2", "lle": 0.012457642704248428}
{"phase": "population", "case": 5, "total": 258, "molecule": "OCNT-2311975", "cyp": "CYP1A2", "lle": 0.0130596156232059}
{"phase": "population", "case": 6, "total": 258, "molecule": "OCNT-2312208", "cyp": "CYP1A2", "lle": 0.011190357618033886}
{"phase": "population", "case": 7, "total": 258, "molecule": "OCNT-2310298", "cyp": "CYP1A2", "lle": 0.011541350279003382}
{"phase": "population", "case": 8, "total": 258, "molecule": "OCNT-2314408", "cyp": "CYP1A2", "lle": 0.011452812235802412}
{"phase": "population", "case": 9, "total": 258, "molecule": "OCNT-2312299", "cyp": "CYP1A2", "lle": 0.01233361940830946}
{"phase": "population", "case": 10, "total": 258, "molecule": "OCNT-2318024", "cyp": "CYP1A2", "lle": 0.012555939611047506}
{"phase": "population", "case": 11, "total": 258, "molecule": "OCNT-2312312", "cyp": "CYP1A2", "lle": 0.01261033397167921}
{"phase": "population", "case": 12, "total": 258, "molecule": "OCNT-2309846", "cyp": "CYP1A2", "lle": 0.01128809293732047}
{"phase": "population", "case": 13, "total": 258, "molecule": "OCNT-2315086", "cyp": "CYP1A2", "lle": 0.012405815068632364}
{"phase": "population", "case": 14, "total": 258, "molecule": "OCNT-2311030", "cyp": "CYP1A2", "lle": 0.012200569733977318}
{"phase": "population", "case": 15, "total": 258, "molecule": "OCNT-2314135", "cyp": "CYP1A2", "lle": 0.01176753407344222}
{"phase": "population", "case": 16, "total": 258, "molecule": "OCNT-2312174", "cyp": "CYP1A2", "lle": 0.012240216135978699}
{"phase": "population", "case": 17, "total": 258, "molecule": "OCNT-2318236", "cyp": "CYP1A2", "lle": 0.011933546513319016}
{"phase": "population", "case": 18, "total": 258, "molecule": "OCNT-2316836", "cyp": "CYP1A2", "lle": 0.012173423543572426}
{"phase": "population", "case": 19, "total": 258, "molecule": "OCNT-2309734", "cyp": "CYP1A2", "lle": 0.012264543678611517}
{"phase": "population", "case": 20, "total": 258, "molecule": "OCNT-2312078", "cyp": "CYP1A2", "lle": 0.011979186441749334}
{"phase": "population", "case": 21, "total": 258, "molecule": "OCNT-2315016", "cyp": "CYP1A2", "lle": 0.011450122110545635}
{"phase": "population", "case": 22, "total": 258, "molecule": "OCNT-2309302", "cyp": "CYP1A2", "lle": 0.011776945553719997}
{"phase": "population", "case": 23, "total": 258, "molecule": "OCNT-2313365", "cyp": "CYP1A2", "lle": 0.011744483839720488}
{"phase": "population", "case": 24, "total": 258, "molecule": "OCNT-2309695", "cyp": "CYP1A2", "lle": 0.011343406978994608}
{"phase": "population", "case": 25, "total": 258, "molecule": "OCNT-2311582", "cyp": "CYP1A2", "lle": 0.012118260841816664}
{"phase": "population", "case": 26, "total": 258, "molecule": "OCNT-0493904", "cyp": "CYP1A2", "lle": 0.012661593966186047}
{"phase": "population", "case": 27, "total": 258, "molecule": "OCNT-2312308", "cyp": "CYP1A2", "lle": 0.012346201110631227}
{"phase": "population", "case": 28, "total": 258, "molecule": "OCNT-2316464", "cyp": "CYP1A2", "lle": 0.012985912151634693}
{"phase": "population", "case": 29, "total": 258, "molecule": "OCNT-2310736", "cyp": "CYP1A2", "lle": 0.012262586504220963}
{"phase": "population", "case": 30, "total": 258, "molecule": "OCNT-2315954", "cyp": "CYP1A2", "lle": 0.011203700676560402}
{"phase": "population", "case": 31, "total": 258, "molecule": "OCNT-2314657", "cyp": "CYP1A2", "lle": 0.01225915877148509}
{"phase": "population", "case": 32, "total": 258, "molecule": "OCNT-2316966", "cyp": "CYP1A2", "lle": 0.012435790617018938}
{"phase": "population", "case": 33, "total": 258, "molecule": "OCNT-2314405", "cyp": "CYP1A2", "lle": 0.010994504671543837}
{"phase": "population", "case": 34, "total": 258, "molecule": "OCNT-2328824", "cyp": "CYP1A2", "lle": 0.011021594516932964}
{"phase": "population", "case": 35, "total": 258, "molecule": "OCNT-2314482", "cyp": "CYP1A2", "lle": 0.012487454805523157}
{"phase": "population", "case": 36, "total": 258, "molecule": "OCNT-2314739", "cyp": "CYP1A2", "lle": 0.012144117616117}
{"phase": "population", "case": 37, "total": 258, "molecule": "OCNT-2309801", "cyp": "CYP1A2", "lle": 0.012172667775303125}
{"phase": "population", "case": 38, "total": 258, "molecule": "OCNT-2314465", "cyp": "CYP1A2", "lle": 0.012320629321038723}
{"phase": "population", "case": 39, "total": 258, "molecule": "OCNT-2310214", "cyp": "CYP1A2", "lle": 0.011944852769374847}
{"phase": "population", "case": 40, "total": 258, "molecule": "OCNT-2309612", "cyp": "CYP1A2", "lle": 0.011905256193131208}
{"phase": "population", "case": 41, "total": 258, "molecule": "OCNT-2311473", "cyp": "CYP1A2", "lle": 0.013268182519823313}
{"phase": "population", "case": 42, "total": 258, "molecule": "OCNT-2314407", "cyp": "CYP1A2", "lle": 0.01295567350462079}
{"phase": "population", "case": 43, "total": 258, "molecule": "OCNT-2314004", "cyp": "CYP1A2", "lle": 0.012228213250637054}
{"phase": "population", "case": 44, "total": 258, "molecule": "OCNT-2314322", "cyp": "CYP1A2", "lle": 0.01242848439142108}
{"phase": "population", "case": 45, "total": 258, "molecule": "OCNT-2312959", "cyp": "CYP1A2", "lle": 0.012197032105177641}
{"phase": "population", "case": 46, "total": 258, "molecule": "OCNT-2314706", "cyp": "CYP1A2", "lle": 0.012258322909474373}
{"phase": "population", "case": 47, "total": 258, "molecule": "OCNT-2313250", "cyp": "CYP1A2", "lle": 0.011624750681221485}
{"phase": "population", "case": 48, "total": 258, "molecule": "OCNT-2314875", "cyp": "CYP1A2", "lle": 0.012329933699220419}
{"phase": "population", "case": 49, "total": 258, "molecule": "OCNT-2311709", "cyp": "CYP1A2", "lle": 0.012329623103141785}
{"phase": "population", "case": 50, "total": 258, "molecule": "OCNT-2310481", "cyp": "CYP1A2", "lle": 0.012680101674050093}
{"phase": "population", "case": 51, "total": 258, "molecule": "OCNT-2314499", "cyp": "CYP1A2", "lle": 0.01197682972997427}
{"phase": "population", "case": 52, "total": 258, "molecule": "OCNT-2316516", "cyp": "CYP1A2", "lle": 0.011508902534842491}
{"phase": "population", "case": 53, "total": 258, "molecule": "OCNT-2313538", "cyp": "CYP1A2", "lle": 0.011574518401175737}
{"phase": "population", "case": 54, "total": 258, "molecule": "OCNT-2313367", "cyp": "CYP1A2", "lle": 0.012282762676477432}
{"phase": "population", "case": 55, "total": 258, "molecule": "OCNT-2317597", "cyp": "CYP1A2", "lle": 0.012873869854956865}
{"phase": "population", "case": 56, "total": 258, "molecule": "OCNT-2309655", "cyp": "CYP1A2", "lle": 0.011454738676548004}
{"phase": "population", "case": 57, "total": 258, "molecule": "OCNT-2308597", "cyp": "CYP1A2", "lle": 0.012570698279887438}
{"phase": "population", "case": 58, "total": 258, "molecule": "OCNT-2314859", "cyp": "CYP1A2", "lle": 0.011462020222097635}
{"phase": "population", "case": 59, "total": 258, "molecule": "OCNT-2314335", "cyp": "CYP1A2", "lle": 0.011594075709581375}
{"phase": "population", "case": 60, "total": 258, "molecule": "OCNT-2314741", "cyp": "CYP1A2", "lle": 0.01253928616642952}
{"phase": "population", "case": 61, "total": 258, "molecule": "OCNT-2314446", "cyp": "CYP1A2", "lle": 0.012343226466327906}
{"phase": "population", "case": 62, "total": 258, "molecule": "OCNT-2315819", "cyp": "CYP1A2", "lle": 0.012218556366860867}
{"phase": "population", "case": 63, "total": 258, "molecule": "OCNT-2313362", "cyp": "CYP1A2", "lle": 0.011999019887298346}
{"phase": "population", "case": 64, "total": 258, "molecule": "OCNT-2314750", "cyp": "CYP1A2", "lle": 0.013891332782804966}
{"phase": "population", "case": 65, "total": 258, "molecule": "OCNT-0018684", "cyp": "CYP2C9", "lle": 0.010927576571702957}
{"phase": "population", "case": 66, "total": 258, "molecule": "OCNT-2317136", "cyp": "CYP2C9", "lle": 0.012475633062422276}
{"phase": "population", "case": 67, "total": 258, "molecule": "OCNT-2311950", "cyp": "CYP2C9", "lle": 0.012673732358962297}
{"phase": "population", "case": 68, "total": 258, "molecule": "OCNT-2315277", "cyp": "CYP2C9", "lle": 0.012764710001647472}
{"phase": "population", "case": 69, "total": 258, "molecule": "OCNT-2311312", "cyp": "CYP2C9", "lle": 0.012758560944348574}
{"phase": "population", "case": 70, "total": 258, "molecule": "OCNT-2315690", "cyp": "CYP2C9", "lle": 0.012263208162039518}
{"phase": "population", "case": 71, "total": 258, "molecule": "OCNT-2310680", "cyp": "CYP2C9", "lle": 0.012578264810144901}
{"phase": "population", "case": 72, "total": 258, "molecule": "OCNT-2312716", "cyp": "CYP2C9", "lle": 0.012150820810347795}
{"phase": "population", "case": 73, "total": 258, "molecule": "OCNT-2314502", "cyp": "CYP2C9", "lle": 0.01279344130307436}
{"phase": "population", "case": 74, "total": 258, "molecule": "OCNT-2311160", "cyp": "CYP2C9", "lle": 0.011936720460653305}
{"phase": "population", "case": 75, "total": 258, "molecule": "OCNT-2309603", "cyp": "CYP2C9", "lle": 0.013583955354988575}
{"phase": "population", "case": 76, "total": 258, "molecule": "OCNT-2313278", "cyp": "CYP2C9", "lle": 0.011904535349458456}
{"phase": "population", "case": 77, "total": 258, "molecule": "OCNT-2317349", "cyp": "CYP2C9", "lle": 0.012387009337544441}
{"phase": "population", "case": 78, "total": 258, "molecule": "OCNT-2318344", "cyp": "CYP2C9", "lle": 0.012819698546081781}
{"phase": "population", "case": 79, "total": 258, "molecule": "OCNT-2309742", "cyp": "CYP2C9", "lle": 0.012398978229612112}
{"phase": "population", "case": 80, "total": 258, "molecule": "OCNT-2313393", "cyp": "CYP2C9", "lle": 0.01188899576663971}
{"phase": "population", "case": 81, "total": 258, "molecule": "OCNT-2310404", "cyp": "CYP2C9", "lle": 0.01330394484102726}
{"phase": "population", "case": 82, "total": 258, "molecule": "OCNT-2314151", "cyp": "CYP2C9", "lle": 0.011607551481574774}
{"phase": "population", "case": 83, "total": 258, "molecule": "OCNT-2308941", "cyp": "CYP2C9", "lle": 0.012529334519058466}
{"phase": "population", "case": 84, "total": 258, "molecule": "OCNT-2313003", "cyp": "CYP2C9", "lle": 0.012635504361242056}
{"phase": "population", "case": 85, "total": 258, "molecule": "OCNT-2310337", "cyp": "CYP2C9", "lle": 0.01301274262368679}
{"phase": "population", "case": 86, "total": 258, "molecule": "OCNT-2310093", "cyp": "CYP2C9", "lle": 0.012004975229501724}
{"phase": "population", "case": 87, "total": 258, "molecule": "OCNT-2316360", "cyp": "CYP2C9", "lle": 0.013051561079919338}
{"phase": "population", "case": 88, "total": 258, "molecule": "OCNT-2318572", "cyp": "CYP2C9", "lle": 0.013010673690587282}
{"phase": "population", "case": 89, "total": 258, "molecule": "OCNT-2310023", "cyp": "CYP2C9", "lle": 0.012239736039191484}
{"phase": "population", "case": 90, "total": 258, "molecule": "OCNT-2312280", "cyp": "CYP2C9", "lle": 0.01364456582814455}
{"phase": "population", "case": 91, "total": 258, "molecule": "OCNT-2310830", "cyp": "CYP2C9", "lle": 0.013007822446525097}
{"phase": "population", "case": 92, "total": 258, "molecule": "OCNT-2308645", "cyp": "CYP2C9", "lle": 0.012380590196698904}
{"phase": "population", "case": 93, "total": 258, "molecule": "OCNT-2310235", "cyp": "CYP2C9", "lle": 0.01247467752546072}
{"phase": "population", "case": 94, "total": 258, "molecule": "OCNT-2310880", "cyp": "CYP2C9", "lle": 0.011740830261260271}
{"phase": "population", "case": 95, "total": 258, "molecule": "OCNT-2311060", "cyp": "CYP2C9", "lle": 0.014115906320512295}
{"phase": "population", "case": 96, "total": 258, "molecule": "OCNT-2309346", "cyp": "CYP2C9", "lle": 0.012294657528400421}
{"phase": "population", "case": 97, "total": 258, "molecule": "OCNT-2314962", "cyp": "CYP2C9", "lle": 0.012337191961705685}
{"phase": "population", "case": 98, "total": 258, "molecule": "OCNT-2308814", "cyp": "CYP2C9", "lle": 0.013078780379146338}
{"phase": "population", "case": 99, "total": 258, "molecule": "OCNT-2311602", "cyp": "CYP2C9", "lle": 0.012565494980663061}
{"phase": "population", "case": 100, "total": 258, "molecule": "OCNT-2315980", "cyp": "CYP2C9", "lle": 0.014826515223830938}
{"phase": "population", "case": 101, "total": 258, "molecule": "OCNT-2309730", "cyp": "CYP2C9", "lle": 0.012969985138624907}
{"phase": "population", "case": 102, "total": 258, "molecule": "OCNT-2312626", "cyp": "CYP2C9", "lle": 0.01318284822627902}
{"phase": "population", "case": 103, "total": 258, "molecule": "OCNT-2313373", "cyp": "CYP2C9", "lle": 0.012658025603741407}
{"phase": "population", "case": 104, "total": 258, "molecule": "OCNT-2317181", "cyp": "CYP2C9", "lle": 0.012877706903964281}
{"phase": "population", "case": 105, "total": 258, "molecule": "OCNT-2308698", "cyp": "CYP2C9", "lle": 0.012510321568697691}
{"phase": "population", "case": 106, "total": 258, "molecule": "OCNT-2312033", "cyp": "CYP2C9", "lle": 0.01342418184503913}
{"phase": "population", "case": 107, "total": 258, "molecule": "OCNT-2309221", "cyp": "CYP2C9", "lle": 0.012958909384906292}
{"phase": "population", "case": 108, "total": 258, "molecule": "OCNT-2314859", "cyp": "CYP2C9", "lle": 0.012536666356027126}
{"phase": "population", "case": 109, "total": 258, "molecule": "OCNT-2317321", "cyp": "CYP2C9", "lle": 0.012421161867678165}
{"phase": "population", "case": 110, "total": 258, "molecule": "OCNT-2309641", "cyp": "CYP2C9", "lle": 0.012222006916999817}
{"phase": "population", "case": 111, "total": 258, "molecule": "OCNT-2313118", "cyp": "CYP2C9", "lle": 0.012851300649344921}
{"phase": "population", "case": 112, "total": 258, "molecule": "OCNT-2310216", "cyp": "CYP2C9", "lle": 0.012835982255637646}
{"phase": "population", "case": 113, "total": 258, "molecule": "OCNT-2313193", "cyp": "CYP2C9", "lle": 0.01209656149148941}
{"phase": "population", "case": 114, "total": 258, "molecule": "OCNT-2317807", "cyp": "CYP2C9", "lle": 0.012721008155494928}
{"phase": "population", "case": 115, "total": 258, "molecule": "OCNT-2316133", "cyp": "CYP2C9", "lle": 0.01268678018823266}
{"phase": "population", "case": 116, "total": 258, "molecule": "OCNT-2314168", "cyp": "CYP2C9", "lle": 0.01235622214153409}
{"phase": "population", "case": 117, "total": 258, "molecule": "OCNT-2317021", "cyp": "CYP2C9", "lle": 0.011811123229563236}
{"phase": "population", "case": 118, "total": 258, "molecule": "OCNT-2308604", "cyp": "CYP2C9", "lle": 0.01350065739825368}
{"phase": "population", "case": 119, "total": 258, "molecule": "OCNT-2315467", "cyp": "CYP2C9", "lle": 0.01359078474342823}
{"phase": "population", "case": 120, "total": 258, "molecule": "OCNT-2316195", "cyp": "CYP2C9", "lle": 0.013049913104623556}
{"phase": "population", "case": 121, "total": 258, "molecule": "OCNT-2317103", "cyp": "CYP2C9", "lle": 0.012415701989084482}
{"phase": "population", "case": 122, "total": 258, "molecule": "OCNT-2310597", "cyp": "CYP2C9", "lle": 0.012315095402300358}
{"phase": "population", "case": 123, "total": 258, "molecule": "OCNT-2328849", "cyp": "CYP2C9", "lle": 0.011753567028790712}
{"phase": "population", "case": 124, "total": 258, "molecule": "OCNT-2311102", "cyp": "CYP2C9", "lle": 0.012951613403856754}
{"phase": "population", "case": 125, "total": 258, "molecule": "OCNT-2308975", "cyp": "CYP2C9", "lle": 0.013054757378995419}
{"phase": "population", "case": 126, "total": 258, "molecule": "OCNT-2312377", "cyp": "CYP2C9", "lle": 0.013162339106202126}
{"phase": "population", "case": 127, "total": 258, "molecule": "OCNT-2311335", "cyp": "CYP2C9", "lle": 0.012214179150760174}
{"phase": "population", "case": 128, "total": 258, "molecule": "OCNT-2316656", "cyp": "CYP2C9", "lle": 0.0131687605753541}
{"phase": "population", "case": 129, "total": 258, "molecule": "OCNT-0495493", "cyp": "CYP2D6", "lle": 0.008282904978841543}
{"phase": "population", "case": 130, "total": 258, "molecule": "OCNT-0022266", "cyp": "CYP2D6", "lle": 0.007523424457758665}
{"phase": "population", "case": 131, "total": 258, "molecule": "OCNT-2328509", "cyp": "CYP2D6", "lle": 0.008604025468230247}
{"phase": "population", "case": 132, "total": 258, "molecule": "OCNT-2315764", "cyp": "CYP2D6", "lle": 0.009900198318064213}
{"phase": "population", "case": 133, "total": 258, "molecule": "OCNT-0493940", "cyp": "CYP2D6", "lle": 0.006652646930888295}
{"phase": "population", "case": 134, "total": 258, "molecule": "OCNT-2314528", "cyp": "CYP2D6", "lle": 0.009029604494571686}
{"phase": "population", "case": 135, "total": 258, "molecule": "OCNT-2311092", "cyp": "CYP2D6", "lle": 0.007438180968165398}
{"phase": "population", "case": 136, "total": 258, "molecule": "OCNT-2311890", "cyp": "CYP2D6", "lle": 0.007315097842365503}
{"phase": "population", "case": 137, "total": 258, "molecule": "OCNT-2328534", "cyp": "CYP2D6", "lle": 0.0077574243769049644}
{"phase": "population", "case": 138, "total": 258, "molecule": "OCNT-2314801", "cyp": "CYP2D6", "lle": 0.007970524951815605}
{"phase": "population", "case": 139, "total": 258, "molecule": "OCNT-0022254", "cyp": "CYP2D6", "lle": 0.008825961034744978}
{"phase": "population", "case": 140, "total": 258, "molecule": "OCNT-2315705", "cyp": "CYP2D6", "lle": 0.008441831916570663}
{"phase": "population", "case": 141, "total": 258, "molecule": "OCNT-2310404", "cyp": "CYP2D6", "lle": 0.009695519227534533}
{"phase": "population", "case": 142, "total": 258, "molecule": "OCNT-2328420", "cyp": "CYP2D6", "lle": 0.0071607730351388454}
{"phase": "population", "case": 143, "total": 258, "molecule": "OCNT-2316657", "cyp": "CYP2D6", "lle": 0.009674314875155687}
{"phase": "population", "case": 144, "total": 258, "molecule": "OCNT-2328803", "cyp": "CYP2D6", "lle": 0.008913129568099976}
{"phase": "population", "case": 145, "total": 258, "molecule": "OCNT-2315946", "cyp": "CYP2D6", "lle": 0.009384870529174805}
{"phase": "population", "case": 146, "total": 258, "molecule": "OCNT-2316507", "cyp": "CYP2D6", "lle": 0.00788499740883708}
{"phase": "population", "case": 147, "total": 258, "molecule": "OCNT-2309003", "cyp": "CYP2D6", "lle": 0.007554295938462019}
{"phase": "population", "case": 148, "total": 258, "molecule": "OCNT-2328671", "cyp": "CYP2D6", "lle": 0.00959550216794014}
{"phase": "population", "case": 149, "total": 258, "molecule": "OCNT-2315097", "cyp": "CYP2D6", "lle": 0.00980597734451294}
{"phase": "population", "case": 150, "total": 258, "molecule": "OCNT-2310890", "cyp": "CYP2D6", "lle": 0.008549129124730825}
{"phase": "population", "case": 151, "total": 258, "molecule": "OCNT-2317521", "cyp": "CYP2D6", "lle": 0.009543195832520723}
{"phase": "population", "case": 152, "total": 258, "molecule": "OCNT-2310736", "cyp": "CYP2D6", "lle": 0.007023474434390664}
{"phase": "population", "case": 153, "total": 258, "molecule": "OCNT-2317740", "cyp": "CYP2D6", "lle": 0.007516743848100305}
{"phase": "population", "case": 154, "total": 258, "molecule": "OCNT-2313994", "cyp": "CYP2D6", "lle": 0.00919440295547247}
{"phase": "population", "case": 155, "total": 258, "molecule": "OCNT-2312721", "cyp": "CYP2D6", "lle": 0.009372968226671219}
{"phase": "population", "case": 156, "total": 258, "molecule": "OCNT-2313402", "cyp": "CYP2D6", "lle": 0.008617984130978584}
{"phase": "population", "case": 157, "total": 258, "molecule": "OCNT-2312606", "cyp": "CYP2D6", "lle": 0.00825087120756507}
{"phase": "population", "case": 158, "total": 258, "molecule": "OCNT-2309692", "cyp": "CYP2D6", "lle": 0.007648136001080275}
{"phase": "population", "case": 159, "total": 258, "molecule": "OCNT-2314976", "cyp": "CYP2D6", "lle": 0.009241054765880108}
{"phase": "population", "case": 160, "total": 258, "molecule": "OCNT-2313093", "cyp": "CYP2D6", "lle": 0.00782803283073008}
{"phase": "population", "case": 161, "total": 258, "molecule": "OCNT-0494161", "cyp": "CYP2D6", "lle": 0.010250174906104803}
{"phase": "population", "case": 162, "total": 258, "molecule": "OCNT-2310796", "cyp": "CYP2D6", "lle": 0.008289444725960493}
{"phase": "population", "case": 163, "total": 258, "molecule": "OCNT-2315525", "cyp": "CYP2D6", "lle": 0.008122920524328947}
{"phase": "population", "case": 164, "total": 258, "molecule": "OCNT-2315127", "cyp": "CYP2D6", "lle": 0.008704480715095997}
{"phase": "population", "case": 165, "total": 258, "molecule": "OCNT-1911794", "cyp": "CYP2D6", "lle": 0.009568709414452314}
{"phase": "population", "case": 166, "total": 258, "molecule": "OCNT-2315670", "cyp": "CYP2D6", "lle": 0.010017856024205685}
{"phase": "population", "case": 167, "total": 258, "molecule": "OCNT-2316424", "cyp": "CYP2D6", "lle": 0.008437709417194128}
{"phase": "population", "case": 168, "total": 258, "molecule": "OCNT-2308640", "cyp": "CYP2D6", "lle": 0.009153646416962147}
{"phase": "population", "case": 169, "total": 258, "molecule": "OCNT-2309342", "cyp": "CYP2D6", "lle": 0.00933578098192811}
{"phase": "population", "case": 170, "total": 258, "molecule": "OCNT-2328839", "cyp": "CYP2D6", "lle": 0.007889514323323965}
{"phase": "population", "case": 171, "total": 258, "molecule": "OCNT-2310634", "cyp": "CYP2D6", "lle": 0.008642448578029871}
{"phase": "population", "case": 172, "total": 258, "molecule": "OCNT-2308879", "cyp": "CYP2D6", "lle": 0.009813415817916393}
{"phase": "population", "case": 173, "total": 258, "molecule": "OCNT-2317327", "cyp": "CYP2D6", "lle": 0.010077113751322031}
{"phase": "population", "case": 174, "total": 258, "molecule": "OCNT-2309801", "cyp": "CYP2D6", "lle": 0.00847087288275361}
{"phase": "population", "case": 175, "total": 258, "molecule": "OCNT-2317700", "cyp": "CYP2D6", "lle": 0.00887494906783104}
{"phase": "population", "case": 176, "total": 258, "molecule": "OCNT-2316987", "cyp": "CYP2D6", "lle": 0.008120412239804864}
{"phase": "population", "case": 177, "total": 258, "molecule": "OCNT-2310665", "cyp": "CYP2D6", "lle": 0.00940691214054823}
{"phase": "population", "case": 178, "total": 258, "molecule": "OCNT-2309866", "cyp": "CYP2D6", "lle": 0.008706843014806509}
{"phase": "population", "case": 179, "total": 258, "molecule": "OCNT-2312401", "cyp": "CYP2D6", "lle": 0.009286475367844105}
{"phase": "population", "case": 180, "total": 258, "molecule": "OCNT-2313997", "cyp": "CYP2D6", "lle": 0.007577528012916446}
{"phase": "population", "case": 181, "total": 258, "molecule": "OCNT-2314962", "cyp": "CYP2D6", "lle": 0.009084455668926239}
{"phase": "population", "case": 182, "total": 258, "molecule": "OCNT-2311133", "cyp": "CYP2D6", "lle": 0.01007356308400631}
{"phase": "population", "case": 183, "total": 258, "molecule": "OCNT-2317957", "cyp": "CYP2D6", "lle": 0.010119068901985884}
{"phase": "population", "case": 184, "total": 258, "molecule": "OCNT-2312947", "cyp": "CYP2D6", "lle": 0.009274904616177082}
{"phase": "population", "case": 185, "total": 258, "molecule": "OCNT-2316781", "cyp": "CYP2D6", "lle": 0.008510056417435408}
{"phase": "population", "case": 186, "total": 258, "molecule": "OCNT-2315159", "cyp": "CYP2D6", "lle": 0.009402257390320301}
{"phase": "population", "case": 187, "total": 258, "molecule": "OCNT-2310481", "cyp": "CYP2D6", "lle": 0.007958918111398816}
{"phase": "population", "case": 188, "total": 258, "molecule": "OCNT-2314827", "cyp": "CYP2D6", "lle": 0.007447466254234314}
{"phase": "population", "case": 189, "total": 258, "molecule": "OCNT-2328381", "cyp": "CYP2D6", "lle": 0.008750300854444504}
{"phase": "population", "case": 190, "total": 258, "molecule": "OCNT-2310120", "cyp": "CYP2D6", "lle": 0.008187807630747557}
{"phase": "population", "case": 191, "total": 258, "molecule": "OCNT-2314235", "cyp": "CYP2D6", "lle": 0.010131421033293009}
{"phase": "population", "case": 192, "total": 258, "molecule": "OCNT-2317592", "cyp": "CYP2D6", "lle": 0.008861859329044819}
{"phase": "population", "case": 193, "total": 258, "molecule": "OCNT-0497983", "cyp": "CYP3A4", "lle": 0.008646129630506039}
{"phase": "population", "case": 194, "total": 258, "molecule": "OCNT-2395438", "cyp": "CYP3A4", "lle": 0.00869090436026454}
{"phase": "population", "case": 195, "total": 258, "molecule": "OCNT-2395615", "cyp": "CYP3A4", "lle": 0.010156421922147274}
{"phase": "population", "case": 196, "total": 258, "molecule": "OCNT-2395706", "cyp": "CYP3A4", "lle": 0.00960337882861495}
{"phase": "population", "case": 197, "total": 258, "molecule": "OCNT-2395784", "cyp": "CYP3A4", "lle": 0.010213539469987154}
{"phase": "population", "case": 198, "total": 258, "molecule": "OCNT-2318155", "cyp": "CYP3A4", "lle": 0.00987869268283248}
{"phase": "population", "case": 199, "total": 258, "molecule": "OCNT-2318000", "cyp": "CYP3A4", "lle": 0.010470660869032145}
{"phase": "population", "case": 200, "total": 258, "molecule": "OCNT-2315808", "cyp": "CYP3A4", "lle": 0.012624040711671114}
{"phase": "population", "case": 201, "total": 258, "molecule": "OCNT-2317470", "cyp": "CYP3A4", "lle": 0.010434174910187721}
{"phase": "population", "case": 202, "total": 258, "molecule": "OCNT-2315082", "cyp": "CYP3A4", "lle": 0.011163244489580393}
{"phase": "population", "case": 203, "total": 258, "molecule": "OCNT-2315458", "cyp": "CYP3A4", "lle": 0.010867898352444172}
{"phase": "population", "case": 204, "total": 258, "molecule": "OCNT-2395597", "cyp": "CYP3A4", "lle": 0.010157246608287096}
{"phase": "population", "case": 205, "total": 258, "molecule": "OCNT-2395566", "cyp": "CYP3A4", "lle": 0.010419013909995556}
{"phase": "population", "case": 206, "total": 258, "molecule": "OCNT-2313287", "cyp": "CYP3A4", "lle": 0.011460716370493174}
{"phase": "population", "case": 207, "total": 258, "molecule": "OCNT-2312716", "cyp": "CYP3A4", "lle": 0.008818610105663538}
{"phase": "population", "case": 208, "total": 258, "molecule": "OCNT-2309459", "cyp": "CYP3A4", "lle": 0.010540859773755074}
{"phase": "population", "case": 209, "total": 258, "molecule": "OCNT-2315042", "cyp": "CYP3A4", "lle": 0.010271348059177399}
{"phase": "population", "case": 210, "total": 258, "molecule": "OCNT-2309062", "cyp": "CYP3A4", "lle": 0.010068453382700682}
{"phase": "population", "case": 211, "total": 258, "molecule": "OCNT-2395519", "cyp": "CYP3A4", "lle": 0.011493468191474676}
{"phase": "population", "case": 212, "total": 258, "molecule": "OCNT-2395743", "cyp": "CYP3A4", "lle": 0.010225506965070963}
{"phase": "population", "case": 213, "total": 258, "molecule": "OCNT-2312931", "cyp": "CYP3A4", "lle": 0.01150028733536601}
{"phase": "population", "case": 214, "total": 258, "molecule": "OCNT-2318114", "cyp": "CYP3A4", "lle": 0.009705282747745514}
{"phase": "population", "case": 215, "total": 258, "molecule": "OCNT-2395363", "cyp": "CYP3A4", "lle": 0.008791825268417597}
{"phase": "population", "case": 216, "total": 258, "molecule": "OCNT-2395561", "cyp": "CYP3A4", "lle": 0.008329730480909348}
{"phase": "population", "case": 217, "total": 258, "molecule": "OCNT-2309471", "cyp": "CYP3A4", "lle": 0.012065287679433823}
{"phase": "population", "case": 218, "total": 258, "molecule": "OCNT-2312311", "cyp": "CYP3A4", "lle": 0.009281438309699297}
{"phase": "population", "case": 219, "total": 258, "molecule": "OCNT-2395401", "cyp": "CYP3A4", "lle": 0.009637031238526106}
{"phase": "population", "case": 220, "total": 258, "molecule": "OCNT-2395304", "cyp": "CYP3A4", "lle": 0.009114964865148067}
{"phase": "population", "case": 221, "total": 258, "molecule": "OCNT-2312925", "cyp": "CYP3A4", "lle": 0.009354910347610712}
{"phase": "population", "case": 222, "total": 258, "molecule": "OCNT-2315479", "cyp": "CYP3A4", "lle": 0.010390757117420435}
{"phase": "population", "case": 223, "total": 258, "molecule": "OCNT-2395576", "cyp": "CYP3A4", "lle": 0.0092493393458426}
{"phase": "population", "case": 224, "total": 258, "molecule": "OCNT-2395451", "cyp": "CYP3A4", "lle": 0.010448708198964596}
{"phase": "population", "case": 225, "total": 258, "molecule": "OCNT-2395278", "cyp": "CYP3A4", "lle": 0.011181817390024662}
{"phase": "population", "case": 226, "total": 258, "molecule": "OCNT-2313644", "cyp": "CYP3A4", "lle": 0.008745986968278885}
{"phase": "population", "case": 227, "total": 258, "molecule": "OCNT-2395276", "cyp": "CYP3A4", "lle": 0.011357155162841082}
{"phase": "population", "case": 228, "total": 258, "molecule": "OCNT-2318073", "cyp": "CYP3A4", "lle": 0.010047858115285635}
{"phase": "population", "case": 229, "total": 258, "molecule": "OCNT-2317872", "cyp": "CYP3A4", "lle": 0.010567929595708847}
{"phase": "population", "case": 230, "total": 258, "molecule": "OCNT-2317107", "cyp": "CYP3A4", "lle": 0.009163083508610725}
{"phase": "population", "case": 231, "total": 258, "molecule": "OCNT-0495189", "cyp": "CYP3A4", "lle": 0.012045396491885185}
{"phase": "population", "case": 232, "total": 258, "molecule": "OCNT-2316374", "cyp": "CYP3A4", "lle": 0.010703983251005411}
{"phase": "population", "case": 233, "total": 258, "molecule": "OCNT-2395421", "cyp": "CYP3A4", "lle": 0.009783454705029726}
{"phase": "population", "case": 234, "total": 258, "molecule": "OCNT-0497934", "cyp": "CYP3A4", "lle": 0.009245684836059809}
{"phase": "population", "case": 235, "total": 258, "molecule": "OCNT-2310698", "cyp": "CYP3A4", "lle": 0.010326802264899015}
{"phase": "population", "case": 236, "total": 258, "molecule": "OCNT-2315482", "cyp": "CYP3A4", "lle": 0.009062229190021753}
{"phase": "population", "case": 237, "total": 258, "molecule": "OCNT-2309860", "cyp": "CYP3A4", "lle": 0.009539361577481031}
{"phase": "population", "case": 238, "total": 258, "molecule": "OCNT-2316664", "cyp": "CYP3A4", "lle": 0.009018457494676113}
{"phase": "population", "case": 239, "total": 258, "molecule": "OCNT-2317750", "cyp": "CYP3A4", "lle": 0.009233886376023293}
{"phase": "population", "case": 240, "total": 258, "molecule": "OCNT-2395500", "cyp": "CYP3A4", "lle": 0.009800237137824297}
{"phase": "population", "case": 241, "total": 258, "molecule": "OCNT-2313134", "cyp": "CYP3A4", "lle": 0.008907562587410212}
{"phase": "population", "case": 242, "total": 258, "molecule": "OCNT-2395671", "cyp": "CYP3A4", "lle": 0.010340164415538311}
{"phase": "population", "case": 243, "total": 258, "molecule": "OCNT-2395458", "cyp": "CYP3A4", "lle": 0.009178894571959972}
{"phase": "population", "case": 244, "total": 258, "molecule": "OCNT-2395658", "cyp": "CYP3A4", "lle": 0.00970025034621358}
{"phase": "population", "case": 245, "total": 258, "molecule": "OCNT-2310745", "cyp": "CYP3A4", "lle": 0.01135279331356287}
{"phase": "population", "case": 246, "total": 258, "molecule": "OCNT-2308645", "cyp": "CYP3A4", "lle": 0.009984501637518406}
{"phase": "population", "case": 247, "total": 258, "molecule": "OCNT-2309670", "cyp": "CYP3A4", "lle": 0.010274881031364202}
{"phase": "population", "case": 248, "total": 258, "molecule": "OCNT-2315660", "cyp": "CYP3A4", "lle": 0.00933767482638359}
{"phase": "population", "case": 249, "total": 258, "molecule": "OCNT-2310735", "cyp": "CYP3A4", "lle": 0.010450655594468117}
{"phase": "population", "case": 250, "total": 258, "molecule": "OCNT-2309241", "cyp": "CYP3A4", "lle": 0.009694329462945461}
{"phase": "population", "case": 251, "total": 258, "molecule": "OCNT-2315767", "cyp": "CYP3A4", "lle": 0.010346739552915096}
{"phase": "population", "case": 252, "total": 258, "molecule": "OCNT-2395413", "cyp": "CYP3A4", "lle": 0.00996798975393176}
{"phase": "population", "case": 253, "total": 258, "molecule": "OCNT-2316420", "cyp": "CYP3A4", "lle": 0.010769460815936327}
{"phase": "population", "case": 254, "total": 258, "molecule": "OCNT-2395711", "cyp": "CYP3A4", "lle": 0.011923728510737419}
{"phase": "population", "case": 255, "total": 258, "molecule": "OCNT-2395610", "cyp": "CYP3A4", "lle": 0.010746737476438284}
{"phase": "population", "case": 256, "total": 258, "molecule": "OCNT-2311090", "cyp": "CYP3A4", "lle": 0.008409584872424603}
{"phase": "population", "case": 257, "total": 258, "molecule": "OCNT-2328784", "cyp": "CYP1A2", "lle": 0.010074206162244081}
{"phase": "population", "case": 258, "total": 258, "molecule": "OCNT-0494110", "cyp": "CYP2C9", "lle": 0.011499002110213041}
{"phase": "intervention", "molecule": "OCNT-2328784", "case": 1, "total": 83, "kind": "baseline", "target": "whole_molecule", "lle": 0.011097492184489965}
{"phase": "intervention", "molecule": "OCNT-2328784", "case": 2, "total": 83, "kind": "bond_deletion", "target": "0-1:SINGLE", "lle": 0.011424485128372908}
{"phase": "intervention", "molecule": "OCNT-2328784", "case": 3, "total": 83, "kind": "bond_type_change", "target": "0-1:SINGLE->double", "lle": 0.010871685575693846}
{"phase": "intervention", "molecule": "OCNT-2328784", "case": 4, "total": 83, "kind": "bond_type_change", "target": "0-1:SINGLE->triple", "lle": 0.011808526236563921}
{"phase": "intervention", "molecule": "OCNT-2328784", "case": 5, "total": 83, "kind": "bond_type_change", "target": "0-1:SINGLE->aromatic", "lle": 0.010550147853791714}
{"phase": "intervention", "molecule": "OCNT-2328784", "case": 6, "total": 83, "kind": "bond_deletion", "target": "1-2:SINGLE", "lle": 0.011768041178584099}
{"phase": "intervention", "molecule": "OCNT-2328784", "case": 7, "total": 83, "kind": "bond_type_change", "target": "1-2:SINGLE->double", "lle": 0.014771295711398125}
{"phase": "intervention", "molecule": "OCNT-2328784", "case": 8, "total": 83, "kind": "bond_type_change", "target": "1-2:SINGLE->triple", "lle": 0.011818775907158852}
{"phase": "intervention", "molecule": "OCNT-2328784", "case": 9, "total": 83, "kind": "bond_type_change", "target": "1-2:SINGLE->aromatic", "lle": 0.010582432616502047}
{"phase": "intervention", "molecule": "OCNT-2328784", "case": 10, "total": 83, "kind": "bond_deletion", "target": "2-3:DOUBLE", "lle": 0.011622965335845947}
{"phase": "intervention", "molecule": "OCNT-2328784", "case": 11, "total": 83, "kind": "bond_type_change", "target": "2-3:DOUBLE->single", "lle": 0.011161176022142172}
{"phase": "intervention", "molecule": "OCNT-2328784", "case": 12, "total": 83, "kind": "bond_type_change", "target": "2-3:DOUBLE->triple", "lle": 0.011192875914275646}
{"phase": "intervention", "molecule": "OCNT-2328784", "case": 13, "total": 83, "kind": "bond_type_change", "target": "2-3:DOUBLE->aromatic", "lle": 0.01239894051104784}
{"phase": "intervention", "molecule": "OCNT-2328784", "case": 14, "total": 83, "kind": "bond_deletion", "target": "2-4:SINGLE", "lle": 0.011063751298934221}
{"phase": "intervention", "molecule": "OCNT-2328784", "case": 15, "total": 83, "kind": "bond_type_change", "target": "2-4:SINGLE->double", "lle": 0.012422353960573673}
{"phase": "intervention", "molecule": "OCNT-2328784", "case": 16, "total": 83, "kind": "bond_type_change", "target": "2-4:SINGLE->triple", "lle": 0.011563526932150126}
{"phase": "intervention", "molecule": "OCNT-2328784", "case": 17, "total": 83, "kind": "bond_type_change", "target": "2-4:SINGLE->aromatic", "lle": 0.01073507172986865}
{"phase": "intervention", "molecule": "OCNT-2328784", "case": 18, "total": 83, "kind": "bond_deletion", "target": "4-5:SINGLE", "lle": 0.011802506633102894}
{"phase": "intervention", "molecule": "OCNT-2328784", "case": 19, "total": 83, "kind": "bond_type_change", "target": "4-5:SINGLE->double", "lle": 0.011337302159518003}
{"phase": "intervention", "molecule": "OCNT-2328784", "case": 20, "total": 83, "kind": "bond_type_change", "target": "4-5:SINGLE->triple", "lle": 0.011454686056822538}
{"phase": "intervention", "molecule": "OCNT-2328784", "case": 21, "total": 83, "kind": "bond_type_change", "target": "4-5:SINGLE->aromatic", "lle": 0.011666258331388235}
{"phase": "intervention", "molecule": "OCNT-2328784", "case": 22, "total": 83, "kind": "bond_deletion", "target": "5-6:AROMATIC", "lle": 0.011858327779918909}
{"phase": "intervention", "molecule": "OCNT-2328784", "case": 23, "total": 83, "kind": "ring_opening", "target": "5-6:AROMATIC", "lle": 0.011325309984385967}
{"phase": "intervention", "molecule": "OCNT-2328784", "case": 24, "total": 83, "kind": "bond_type_change", "target": "5-6:AROMATIC->single", "lle": 0.01304203039035201}
{"phase": "intervention", "molecule": "OCNT-2328784", "case": 25, "total": 83, "kind": "bond_type_change", "target": "5-6:AROMATIC->double", "lle": 0.011255328543484211}
{"phase": "intervention", "molecule": "OCNT-2328784", "case": 26, "total": 83, "kind": "bond_type_change", "target": "5-6:AROMATIC->triple", "lle": 0.011235025245696306}
{"phase": "intervention", "molecule": "OCNT-2328784", "case": 27, "total": 83, "kind": "bond_deletion", "target": "6-7:AROMATIC", "lle": 0.011244871653616428}
{"phase": "intervention", "molecule": "OCNT-2328784", "case": 28, "total": 83, "kind": "ring_opening", "target": "6-7:AROMATIC", "lle": 0.011047776322811842}
{"phase": "intervention", "molecule": "OCNT-2328784", "case": 29, "total": 83, "kind": "bond_type_change", "target": "6-7:AROMATIC->single", "lle": 0.01090598851442337}
{"phase": "intervention", "molecule": "OCNT-2328784", "case": 30, "total": 83, "kind": "bond_type_change", "target": "6-7:AROMATIC->double", "lle": 0.010638867039233446}
{"phase": "intervention", "molecule": "OCNT-2328784", "case": 31, "total": 83, "kind": "bond_type_change", "target": "6-7:AROMATIC->triple", "lle": 0.011768304277211428}
{"phase": "intervention", "molecule": "OCNT-2328784", "case": 32, "total": 83, "kind": "bond_deletion", "target": "7-8:AROMATIC", "lle": 0.011157792527228594}
{"phase": "intervention", "molecule": "OCNT-2328784", "case": 33, "total": 83, "kind": "ring_opening", "target": "7-8:AROMATIC", "lle": 0.01195688359439373}
{"phase": "intervention", "molecule": "OCNT-2328784", "case": 34, "total": 83, "kind": "bond_type_change", "target": "7-8:AROMATIC->single", "lle": 0.01196930930018425}
{"phase": "intervention", "molecule": "OCNT-2328784", "case": 35, "total": 83, "kind": "bond_type_change", "target": "7-8:AROMATIC->double", "lle": 0.010614255908876657}
{"phase": "intervention", "molecule": "OCNT-2328784", "case": 36, "total": 83, "kind": "bond_type_change", "target": "7-8:AROMATIC->triple", "lle": 0.01225524116307497}
{"phase": "intervention", "molecule": "OCNT-2328784", "case": 37, "total": 83, "kind": "bond_deletion", "target": "8-9:AROMATIC", "lle": 0.014138248283416033}
{"phase": "intervention", "molecule": "OCNT-2328784", "case": 38, "total": 83, "kind": "ring_opening", "target": "8-9:AROMATIC", "lle": 0.011637266259640455}
{"phase": "intervention", "molecule": "OCNT-2328784", "case": 39, "total": 83, "kind": "bond_type_change", "target": "8-9:AROMATIC->single", "lle": 0.011941440869122744}
{"phase": "intervention", "molecule": "OCNT-2328784", "case": 40, "total": 83, "kind": "bond_type_change", "target": "8-9:AROMATIC->double", "lle": 0.011533726938068867}
{"phase": "intervention", "molecule": "OCNT-2328784", "case": 41, "total": 83, "kind": "bond_type_change", "target": "8-9:AROMATIC->triple", "lle": 0.010788311250507832}
{"phase": "intervention", "molecule": "OCNT-2328784", "case": 42, "total": 83, "kind": "bond_deletion", "target": "9-10:AROMATIC", "lle": 0.011201364919543266}
{"phase": "intervention", "molecule": "OCNT-2328784", "case": 43, "total": 83, "kind": "ring_opening", "target": "9-10:AROMATIC", "lle": 0.01086431834846735}
{"phase": "intervention", "molecule": "OCNT-2328784", "case": 44, "total": 83, "kind": "bond_type_change", "target": "9-10:AROMATIC->single", "lle": 0.011331402696669102}
{"phase": "intervention", "molecule": "OCNT-2328784", "case": 45, "total": 83, "kind": "bond_type_change", "target": "9-10:AROMATIC->double", "lle": 0.01199824083596468}
{"phase": "intervention", "molecule": "OCNT-2328784", "case": 46, "total": 83, "kind": "bond_type_change", "target": "9-10:AROMATIC->triple", "lle": 0.01037301728501916}
{"phase": "intervention", "molecule": "OCNT-2328784", "case": 47, "total": 83, "kind": "bond_deletion", "target": "10-11:AROMATIC", "lle": 0.0114047946408391}
{"phase": "intervention", "molecule": "OCNT-2328784", "case": 48, "total": 83, "kind": "ring_opening", "target": "10-11:AROMATIC", "lle": 0.01064138812944293}
{"phase": "intervention", "molecule": "OCNT-2328784", "case": 49, "total": 83, "kind": "bond_type_change", "target": "10-11:AROMATIC->single", "lle": 0.011102704331278801}
{"phase": "intervention", "molecule": "OCNT-2328784", "case": 50, "total": 83, "kind": "bond_type_change", "target": "10-11:AROMATIC->double", "lle": 0.011329713743180037}
{"phase": "intervention", "molecule": "OCNT-2328784", "case": 51, "total": 83, "kind": "bond_type_change", "target": "10-11:AROMATIC->triple", "lle": 0.011889709625393152}
{"phase": "intervention", "molecule": "OCNT-2328784", "case": 52, "total": 83, "kind": "bond_deletion", "target": "11-12:AROMATIC", "lle": 0.011188456322997808}
{"phase": "intervention", "molecule": "OCNT-2328784", "case": 53, "total": 83, "kind": "ring_opening", "target": "11-12:AROMATIC", "lle": 0.011808631476014853}
{"phase": "intervention", "molecule": "OCNT-2328784", "case": 54, "total": 83, "kind": "bond_type_change", "target": "11-12:AROMATIC->single", "lle": 0.011109752580523491}
{"phase": "intervention", "molecule": "OCNT-2328784", "case": 55, "total": 83, "kind": "bond_type_change", "target": "11-12:AROMATIC->double", "lle": 0.010696026030927896}
{"phase": "intervention", "molecule": "OCNT-2328784", "case": 56, "total": 83, "kind": "bond_type_change", "target": "11-12:AROMATIC->triple", "lle": 0.011445166543126106}
{"phase": "intervention", "molecule": "OCNT-2328784", "case": 57, "total": 83, "kind": "bond_deletion", "target": "12-13:AROMATIC", "lle": 0.01133613521233201}
{"phase": "intervention", "molecule": "OCNT-2328784", "case": 58, "total": 83, "kind": "ring_opening", "target": "12-13:AROMATIC", "lle": 0.01105869421735406}
{"phase": "intervention", "molecule": "OCNT-2328784", "case": 59, "total": 83, "kind": "bond_type_change", "target": "12-13:AROMATIC->single", "lle": 0.011235321406275034}
{"phase": "intervention", "molecule": "OCNT-2328784", "case": 60, "total": 83, "kind": "bond_type_change", "target": "12-13:AROMATIC->double", "lle": 0.01089500542730093}
{"phase": "intervention", "molecule": "OCNT-2328784", "case": 61, "total": 83, "kind": "bond_type_change", "target": "12-13:AROMATIC->triple", "lle": 0.011566040571779013}
{"phase": "intervention", "molecule": "OCNT-2328784", "case": 62, "total": 83, "kind": "bond_deletion", "target": "13-14:AROMATIC", "lle": 0.010940695647150278}
{"phase": "intervention", "molecule": "OCNT-2328784", "case": 63, "total": 83, "kind": "ring_opening", "target": "13-14:AROMATIC", "lle": 0.011112775187939405}
{"phase": "intervention", "molecule": "OCNT-2328784", "case": 64, "total": 83, "kind": "bond_type_change", "target": "13-14:AROMATIC->single", "lle": 0.010717793833464384}
{"phase": "intervention", "molecule": "OCNT-2328784", "case": 65, "total": 83, "kind": "bond_type_change", "target": "13-14:AROMATIC->double", "lle": 0.010882634203881025}
{"phase": "intervention", "molecule": "OCNT-2328784", "case": 66, "total": 83, "kind": "bond_type_change", "target": "13-14:AROMATIC->triple", "lle": 0.011591718066483736}
{"phase": "intervention", "molecule": "OCNT-2328784", "case": 67, "total": 83, "kind": "bond_deletion", "target": "14-5:AROMATIC", "lle": 0.011740936897695065}
{"phase": "intervention", "molecule": "OCNT-2328784", "case": 68, "total": 83, "kind": "ring_opening", "target": "14-5:AROMATIC", "lle": 0.01077501056715846}
{"phase": "intervention", "molecule": "OCNT-2328784", "case": 69, "total": 83, "kind": "bond_type_change", "target": "14-5:AROMATIC->single", "lle": 0.010973168071359396}
{"phase": "intervention", "molecule": "OCNT-2328784", "case": 70, "total": 83, "kind": "bond_type_change", "target": "14-5:AROMATIC->double", "lle": 0.011685119476169348}
{"phase": "intervention", "molecule": "OCNT-2328784", "case": 71, "total": 83, "kind": "bond_type_change", "target": "14-5:AROMATIC->triple", "lle": 0.012095294427126646}
{"phase": "intervention", "molecule": "OCNT-2328784", "case": 72, "total": 83, "kind": "bond_deletion", "target": "14-9:AROMATIC", "lle": 0.010308356024324894}
{"phase": "intervention", "molecule": "OCNT-2328784", "case": 73, "total": 83, "kind": "ring_opening", "target": "14-9:AROMATIC", "lle": 0.010981793981045485}
{"phase": "intervention", "molecule": "OCNT-2328784", "case": 74, "total": 83, "kind": "bond_type_change", "target": "14-9:AROMATIC->single", "lle": 0.010472665540874004}
{"phase": "intervention", "molecule": "OCNT-2328784", "case": 75, "total": 83, "kind": "bond_type_change", "target": "14-9:AROMATIC->double", "lle": 0.01223366055637598}
{"phase": "intervention", "molecule": "OCNT-2328784", "case": 76, "total": 83, "kind": "bond_type_change", "target": "14-9:AROMATIC->triple", "lle": 0.010708548594266176}
{"phase": "intervention", "molecule": "OCNT-2328784", "case": 77, "total": 83, "kind": "atom_feature_ablation", "target": "element_identity", "lle": 0.01058865338563919}
{"phase": "intervention", "molecule": "OCNT-2328784", "case": 78, "total": 83, "kind": "atom_feature_ablation", "target": "charge_aromaticity", "lle": 0.011819884646683931}
{"phase": "intervention", "molecule": "OCNT-2328784", "case": 79, "total": 83, "kind": "atom_feature_ablation", "target": "hybridisation", "lle": 0.01102155027911067}
{"phase": "intervention", "molecule": "OCNT-2328784", "case": 80, "total": 83, "kind": "atom_feature_ablation", "target": "local_valence", "lle": 0.010553858242928982}
{"phase": "intervention", "molecule": "OCNT-2328784", "case": 81, "total": 83, "kind": "atom_feature_ablation", "target": "donor_acceptor", "lle": 0.011605858337134123}
{"phase": "intervention", "molecule": "OCNT-2328784", "case": 82, "total": 83, "kind": "atom_feature_ablation", "target": "chirality", "lle": 0.011487533804029226}
{"phase": "intervention", "molecule": "OCNT-2328784", "case": 83, "total": 83, "kind": "atom_feature_ablation", "target": "neighbour_chemistry", "lle": 0.010574596002697945}
{"phase": "intervention", "molecule": "OCNT-0494110", "case": 1, "total": 104, "kind": "baseline", "target": "whole_molecule", "lle": 0.011464982759207487}
{"phase": "intervention", "molecule": "OCNT-0494110", "case": 2, "total": 104, "kind": "bond_deletion", "target": "0-1:SINGLE", "lle": 0.011992871761322021}
{"phase": "intervention", "molecule": "OCNT-0494110", "case": 3, "total": 104, "kind": "bond_type_change", "target": "0-1:SINGLE->double", "lle": 0.011559553910046816}
{"phase": "intervention", "molecule": "OCNT-0494110", "case": 4, "total": 104, "kind": "bond_type_change", "target": "0-1:SINGLE->triple", "lle": 0.011209351941943169}
{"phase": "intervention", "molecule": "OCNT-0494110", "case": 5, "total": 104, "kind": "bond_type_change", "target": "0-1:SINGLE->aromatic", "lle": 0.011027787812054157}
{"phase": "intervention", "molecule": "OCNT-0494110", "case": 6, "total": 104, "kind": "bond_deletion", "target": "1-2:SINGLE", "lle": 0.011643259320408106}
{"phase": "intervention", "molecule": "OCNT-0494110", "case": 7, "total": 104, "kind": "bond_type_change", "target": "1-2:SINGLE->double", "lle": 0.011706449557095766}
{"phase": "intervention", "molecule": "OCNT-0494110", "case": 8, "total": 104, "kind": "bond_type_change", "target": "1-2:SINGLE->triple", "lle": 0.010916474275290966}
{"phase": "intervention", "molecule": "OCNT-0494110", "case": 9, "total": 104, "kind": "bond_type_change", "target": "1-2:SINGLE->aromatic", "lle": 0.011663794051855803}
{"phase": "intervention", "molecule": "OCNT-0494110", "case": 10, "total": 104, "kind": "bond_deletion", "target": "2-3:DOUBLE", "lle": 0.011365578044205904}
{"phase": "intervention", "molecule": "OCNT-0494110", "case": 11, "total": 104, "kind": "bond_type_change", "target": "2-3:DOUBLE->single", "lle": 0.012162388302385807}
{"phase": "intervention", "molecule": "OCNT-0494110", "case": 12, "total": 104, "kind": "bond_type_change", "target": "2-3:DOUBLE->triple", "lle": 0.011034293565899134}
{"phase": "intervention", "molecule": "OCNT-0494110", "case": 13, "total": 104, "kind": "bond_type_change", "target": "2-3:DOUBLE->aromatic", "lle": 0.011523667722940445}
{"phase": "intervention", "molecule": "OCNT-0494110", "case": 14, "total": 104, "kind": "bond_deletion", "target": "3-4:SINGLE", "lle": 0.01125324983149767}
{"phase": "intervention", "molecule": "OCNT-0494110", "case": 15, "total": 104, "kind": "bond_type_change", "target": "3-4:SINGLE->double", "lle": 0.01178385317325592}
{"phase": "intervention", "molecule": "OCNT-0494110", "case": 16, "total": 104, "kind": "bond_type_change", "target": "3-4:SINGLE->triple", "lle": 0.011022199410945177}
{"phase": "intervention", "molecule": "OCNT-0494110", "case": 17, "total": 104, "kind": "bond_type_change", "target": "3-4:SINGLE->aromatic", "lle": 0.011933576315641403}
{"phase": "intervention", "molecule": "OCNT-0494110", "case": 18, "total": 104, "kind": "bond_deletion", "target": "4-5:SINGLE", "lle": 0.011625138577073812}
{"phase": "intervention", "molecule": "OCNT-0494110", "case": 19, "total": 104, "kind": "bond_type_change", "target": "4-5:SINGLE->double", "lle": 0.012029051780700684}
{"phase": "intervention", "molecule": "OCNT-0494110", "case": 20, "total": 104, "kind": "bond_type_change", "target": "4-5:SINGLE->triple", "lle": 0.011453505139797926}
{"phase": "intervention", "molecule": "OCNT-0494110", "case": 21, "total": 104, "kind": "bond_type_change", "target": "4-5:SINGLE->aromatic", "lle": 0.011190923862159252}
{"phase": "intervention", "molecule": "OCNT-0494110", "case": 22, "total": 104, "kind": "bond_deletion", "target": "3-6:SINGLE", "lle": 0.011584785301238298}
{"phase": "intervention", "molecule": "OCNT-0494110", "case": 23, "total": 104, "kind": "bond_type_change", "target": "3-6:SINGLE->double", "lle": 0.011947865597903728}
{"phase": "intervention", "molecule": "OCNT-0494110", "case": 24, "total": 104, "kind": "bond_type_change", "target": "3-6:SINGLE->triple", "lle": 0.011309171095490456}
{"phase": "intervention", "molecule": "OCNT-0494110", "case": 25, "total": 104, "kind": "bond_type_change", "target": "3-6:SINGLE->aromatic", "lle": 0.011988266371190548}
{"phase": "intervention", "molecule": "OCNT-0494110", "case": 26, "total": 104, "kind": "bond_deletion", "target": "6-7:AROMATIC", "lle": 0.010883982293307781}
{"phase": "intervention", "molecule": "OCNT-0494110", "case": 27, "total": 104, "kind": "ring_opening", "target": "6-7:AROMATIC", "lle": 0.01057410892099142}
{"phase": "intervention", "molecule": "OCNT-0494110", "case": 28, "total": 104, "kind": "bond_type_change", "target": "6-7:AROMATIC->single", "lle": 0.011530229821801186}
{"phase": "intervention", "molecule": "OCNT-0494110", "case": 29, "total": 104, "kind": "bond_type_change", "target": "6-7:AROMATIC->double", "lle": 0.010598921217024326}
{"phase": "intervention", "molecule": "OCNT-0494110", "case": 30, "total": 104, "kind": "bond_type_change", "target": "6-7:AROMATIC->triple", "lle": 0.013666841201484203}
{"phase": "intervention", "molecule": "OCNT-0494110", "case": 31, "total": 104, "kind": "bond_deletion", "target": "7-8:AROMATIC", "lle": 0.011492587625980377}
{"phase": "intervention", "molecule": "OCNT-0494110", "case": 32, "total": 104, "kind": "ring_opening", "target": "7-8:AROMATIC", "lle": 0.01041856175288558}
{"phase": "intervention", "molecule": "OCNT-0494110", "case": 33, "total": 104, "kind": "bond_type_change", "target": "7-8:AROMATIC->single", "lle": 0.011977626476436853}
{"phase": "intervention", "molecule": "OCNT-0494110", "case": 34, "total": 104, "kind": "bond_type_change", "target": "7-8:AROMATIC->double", "lle": 0.010982770938426256}
{"phase": "intervention", "molecule": "OCNT-0494110", "case": 35, "total": 104, "kind": "bond_type_change", "target": "7-8:AROMATIC->triple", "lle": 0.011283442378044128}
{"phase": "intervention", "molecule": "OCNT-0494110", "case": 36, "total": 104, "kind": "bond_deletion", "target": "8-9:AROMATIC", "lle": 0.011467177886515856}
{"phase": "intervention", "molecule": "OCNT-0494110", "case": 37, "total": 104, "kind": "ring_opening", "target": "8-9:AROMATIC", "lle": 0.010524848476052284}
{"phase": "intervention", "molecule": "OCNT-0494110", "case": 38, "total": 104, "kind": "bond_type_change", "target": "8-9:AROMATIC->single", "lle": 0.012295483611524105}
{"phase": "intervention", "molecule": "OCNT-0494110", "case": 39, "total": 104, "kind": "bond_type_change", "target": "8-9:AROMATIC->double", "lle": 0.011584608349949121}
{"phase": "intervention", "molecule": "OCNT-0494110", "case": 40, "total": 104, "kind": "bond_type_change", "target": "8-9:AROMATIC->triple", "lle": 0.011264144908636808}
{"phase": "intervention", "molecule": "OCNT-0494110", "case": 41, "total": 104, "kind": "bond_deletion", "target": "9-10:SINGLE", "lle": 0.011358781717717648}
{"phase": "intervention", "molecule": "OCNT-0494110", "case": 42, "total": 104, "kind": "bond_type_change", "target": "9-10:SINGLE->double", "lle": 0.011316105723381042}
{"phase": "intervention", "molecule": "OCNT-0494110", "case": 43, "total": 104, "kind": "bond_type_change", "target": "9-10:SINGLE->triple", "lle": 0.01151581946760416}
{"phase": "intervention", "molecule": "OCNT-0494110", "case": 44, "total": 104, "kind": "bond_type_change", "target": "9-10:SINGLE->aromatic", "lle": 0.01129267131909728}
{"phase": "intervention", "molecule": "OCNT-0494110", "case": 45, "total": 104, "kind": "bond_deletion", "target": "9-11:AROMATIC", "lle": 0.011620995588600636}
{"phase": "intervention", "molecule": "OCNT-0494110", "case": 46, "total": 104, "kind": "ring_opening", "target": "9-11:AROMATIC", "lle": 0.010627646464854479}
{"phase": "intervention", "molecule": "OCNT-0494110", "case": 47, "total": 104, "kind": "bond_type_change", "target": "9-11:AROMATIC->single", "lle": 0.012404699344187975}
{"phase": "intervention", "molecule": "OCNT-0494110", "case": 48, "total": 104, "kind": "bond_type_change", "target": "9-11:AROMATIC->double", "lle": 0.010928142815828323}
{"phase": "intervention", "molecule": "OCNT-0494110", "case": 49, "total": 104, "kind": "bond_type_change", "target": "9-11:AROMATIC->triple", "lle": 0.010853355750441551}
{"phase": "intervention", "molecule": "OCNT-0494110", "case": 50, "total": 104, "kind": "bond_deletion", "target": "11-12:AROMATIC", "lle": 0.01168920798227191}
{"phase": "intervention", "molecule": "OCNT-0494110", "case": 51, "total": 104, "kind": "ring_opening", "target": "11-12:AROMATIC", "lle": 0.010407379362732172}
{"phase": "intervention", "molecule": "OCNT-0494110", "case": 52, "total": 104, "kind": "bond_type_change", "target": "11-12:AROMATIC->single", "lle": 0.01229134388267994}
{"phase": "intervention", "molecule": "OCNT-0494110", "case": 53, "total": 104, "kind": "bond_type_change", "target": "11-12:AROMATIC->double", "lle": 0.010836103931069374}
{"phase": "intervention", "molecule": "OCNT-0494110", "case": 54, "total": 104, "kind": "bond_type_change", "target": "11-12:AROMATIC->triple", "lle": 0.01151885837316513}
{"phase": "intervention", "molecule": "OCNT-0494110", "case": 55, "total": 104, "kind": "bond_deletion", "target": "2-13:SINGLE", "lle": 0.010817168280482292}
{"phase": "intervention", "molecule": "OCNT-0494110", "case": 56, "total": 104, "kind": "bond_type_change", "target": "2-13:SINGLE->double", "lle": 0.012350017670542002}
{"phase": "intervention", "molecule": "OCNT-0494110", "case": 57, "total": 104, "kind": "bond_type_change", "target": "2-13:SINGLE->triple", "lle": 0.011319123208522797}
{"phase": "intervention", "molecule": "OCNT-0494110", "case": 58, "total": 104, "kind": "bond_type_change", "target": "2-13:SINGLE->aromatic", "lle": 0.010691536590456963}
{"phase": "intervention", "molecule": "OCNT-0494110", "case": 59, "total": 104, "kind": "bond_deletion", "target": "13-14:AROMATIC", "lle": 0.011076197028160095}
{"phase": "intervention", "molecule": "OCNT-0494110", "case": 60, "total": 104, "kind": "ring_opening", "target": "13-14:AROMATIC", "lle": 0.011071369517594576}
{"phase": "intervention", "molecule": "OCNT-0494110", "case": 61, "total": 104, "kind": "bond_type_change", "target": "13-14:AROMATIC->single", "lle": 0.011590146459639072}
{"phase": "intervention", "molecule": "OCNT-0494110", "case": 62, "total": 104, "kind": "bond_type_change", "target": "13-14:AROMATIC->double", "lle": 0.010828059166669846}
{"phase": "intervention", "molecule": "OCNT-0494110", "case": 63, "total": 104, "kind": "bond_type_change", "target": "13-14:AROMATIC->triple", "lle": 0.010436312761157751}
{"phase": "intervention", "molecule": "OCNT-0494110", "case": 64, "total": 104, "kind": "bond_deletion", "target": "14-15:AROMATIC", "lle": 0.011513204779475927}
{"phase": "intervention", "molecule": "OCNT-0494110", "case": 65, "total": 104, "kind": "ring_opening", "target": "14-15:AROMATIC", "lle": 0.009589324705302715}
{"phase": "intervention", "molecule": "OCNT-0494110", "case": 66, "total": 104, "kind": "bond_type_change", "target": "14-15:AROMATIC->single", "lle": 0.012277249712496996}
{"phase": "intervention", "molecule": "OCNT-0494110", "case": 67, "total": 104, "kind": "bond_type_change", "target": "14-15:AROMATIC->double", "lle": 0.010762821417301893}
{"phase": "intervention", "molecule": "OCNT-0494110", "case": 68, "total": 104, "kind": "bond_type_change", "target": "14-15:AROMATIC->triple", "lle": 0.01148130837827921}
{"phase": "intervention", "molecule": "OCNT-0494110", "case": 69, "total": 104, "kind": "bond_deletion", "target": "15-16:AROMATIC", "lle": 0.011185737792402506}
{"phase": "intervention", "molecule": "OCNT-0494110", "case": 70, "total": 104, "kind": "ring_opening", "target": "15-16:AROMATIC", "lle": 0.010458753909915686}
{"phase": "intervention", "molecule": "OCNT-0494110", "case": 71, "total": 104, "kind": "bond_type_change", "target": "15-16:AROMATIC->single", "lle": 0.011859597638249397}
{"phase": "intervention", "molecule": "OCNT-0494110", "case": 72, "total": 104, "kind": "bond_type_change", "target": "15-16:AROMATIC->double", "lle": 0.011228400748223066}
{"phase": "intervention", "molecule": "OCNT-0494110", "case": 73, "total": 104, "kind": "bond_type_change", "target": "15-16:AROMATIC->triple", "lle": 0.0115659786388278}
{"phase": "intervention", "molecule": "OCNT-0494110", "case": 74, "total": 104, "kind": "bond_deletion", "target": "16-17:SINGLE", "lle": 0.011559812817722559}
{"phase": "intervention", "molecule": "OCNT-0494110", "case": 75, "total": 104, "kind": "bond_type_change", "target": "16-17:SINGLE->double", "lle": 0.011568929068744183}
{"phase": "intervention", "molecule": "OCNT-0494110", "case": 76, "total": 104, "kind": "bond_type_change", "target": "16-17:SINGLE->triple", "lle": 0.010773636866360903}
{"phase": "intervention", "molecule": "OCNT-0494110", "case": 77, "total": 104, "kind": "bond_type_change", "target": "16-17:SINGLE->aromatic", "lle": 0.010588775388896465}
{"phase": "intervention", "molecule": "OCNT-0494110", "case": 78, "total": 104, "kind": "bond_deletion", "target": "16-18:AROMATIC", "lle": 0.010964170563966036}
{"phase": "intervention", "molecule": "OCNT-0494110", "case": 79, "total": 104, "kind": "ring_opening", "target": "16-18:AROMATIC", "lle": 0.01102286297827959}
{"phase": "intervention", "molecule": "OCNT-0494110", "case": 80, "total": 104, "kind": "bond_type_change", "target": "16-18:AROMATIC->single", "lle": 0.012195685878396034}
{"phase": "intervention", "molecule": "OCNT-0494110", "case": 81, "total": 104, "kind": "bond_type_change", "target": "16-18:AROMATIC->double", "lle": 0.010911645833402872}
{"phase": "intervention", "molecule": "OCNT-0494110", "case": 82, "total": 104, "kind": "bond_type_change", "target": "16-18:AROMATIC->triple", "lle": 0.011382189579308033}
{"phase": "intervention", "molecule": "OCNT-0494110", "case": 83, "total": 104, "kind": "bond_deletion", "target": "18-19:AROMATIC", "lle": 0.011905274353921413}
{"phase": "intervention", "molecule": "OCNT-0494110", "case": 84, "total": 104, "kind": "ring_opening", "target": "18-19:AROMATIC", "lle": 0.009449108503758907}
{"phase": "intervention", "molecule": "OCNT-0494110", "case": 85, "total": 104, "kind": "bond_type_change", "target": "18-19:AROMATIC->single", "lle": 0.01231862511485815}
{"phase": "intervention", "molecule": "OCNT-0494110", "case": 86, "total": 104, "kind": "bond_type_change", "target": "18-19:AROMATIC->double", "lle": 0.010952844750136137}
{"phase": "intervention", "molecule": "OCNT-0494110", "case": 87, "total": 104, "kind": "bond_type_change", "target": "18-19:AROMATIC->triple", "lle": 0.010153547395020723}
{"phase": "intervention", "molecule": "OCNT-0494110", "case": 88, "total": 104, "kind": "bond_deletion", "target": "12-6:AROMATIC", "lle": 0.01108544785529375}
{"phase": "intervention", "molecule": "OCNT-0494110", "case": 89, "total": 104, "kind": "ring_opening", "target": "12-6:AROMATIC", "lle": 0.010795482899993658}
{"phase": "intervention", "molecule": "OCNT-0494110", "case": 90, "total": 104, "kind": "bond_type_change", "target": "12-6:AROMATIC->single", "lle": 0.012302409391850233}
{"phase": "intervention", "molecule": "OCNT-0494110", "case": 91, "total": 104, "kind": "bond_type_change", "target": "12-6:AROMATIC->double", "lle": 0.010706090833991766}
{"phase": "intervention", "molecule": "OCNT-0494110", "case": 92, "total": 104, "kind": "bond_type_change", "target": "12-6:AROMATIC->triple", "lle": 0.011202976573258638}
{"phase": "intervention", "molecule": "OCNT-0494110", "case": 93, "total": 104, "kind": "bond_deletion", "target": "19-13:AROMATIC", "lle": 0.011222350876778364}
{"phase": "intervention", "molecule": "OCNT-0494110", "case": 94, "total": 104, "kind": "ring_opening", "target": "19-13:AROMATIC", "lle": 0.010059272404760122}
{"phase": "intervention", "molecule": "OCNT-0494110", "case": 95, "total": 104, "kind": "bond_type_change", "target": "19-13:AROMATIC->single", "lle": 0.012155814561992884}
{"phase": "intervention", "molecule": "OCNT-0494110", "case": 96, "total": 104, "kind": "bond_type_change", "target": "19-13:AROMATIC->double", "lle": 0.01011306932196021}
{"phase": "intervention", "molecule": "OCNT-0494110", "case": 97, "total": 104, "kind": "bond_type_change", "target": "19-13:AROMATIC->triple", "lle": 0.01162015926092863}
{"phase": "intervention", "molecule": "OCNT-0494110", "case": 98, "total": 104, "kind": "atom_feature_ablation", "target": "element_identity", "lle": 0.009889260865747929}
{"phase": "intervention", "molecule": "OCNT-0494110", "case": 99, "total": 104, "kind": "atom_feature_ablation", "target": "charge_aromaticity", "lle": 0.010089936200529337}
{"phase": "intervention", "molecule": "OCNT-0494110", "case": 100, "total": 104, "kind": "atom_feature_ablation", "target": "hybridisation", "lle": 0.011738828383386135}
{"phase": "intervention", "molecule": "OCNT-0494110", "case": 101, "total": 104, "kind": "atom_feature_ablation", "target": "local_valence", "lle": 0.010150695219635963}
{"phase": "intervention", "molecule": "OCNT-0494110", "case": 102, "total": 104, "kind": "atom_feature_ablation", "target": "donor_acceptor", "lle": 0.01088612200692296}
{"phase": "intervention", "molecule": "OCNT-0494110", "case": 103, "total": 104, "kind": "atom_feature_ablation", "target": "chirality", "lle": 0.011434725020080805}
{"phase": "intervention", "molecule": "OCNT-0494110", "case": 104, "total": 104, "kind": "atom_feature_ablation", "target": "neighbour_chemistry", "lle": 0.010361777152866125}
{
  "method": "frozen Kuramoto-Sakaguchi population and intervention campaign",
  "device": "cuda",
  "population_cases": 258,
  "burn_in": 1000,
  "measured": 2000,
  "interval": 10,
  "epsilon": 1e-07,
  "repeats": 2,
  "atom_feature_names": [
    "element_H",
    "element_C",
    "element_N",
    "element_O",
    "element_F",
    "element_P",
    "element_S",
    "element_Cl",
    "element_Br",
    "element_I",
    "element_other",
    "formal_charge",
    "aromatic",
    "hybrid_sp",
    "hybrid_sp2",
    "hybrid_sp3",
    "hybrid_other",
    "degree",
    "total_hydrogens",
    "in_ring",
    "hbond_donor",
    "hbond_acceptor",
    "chiral_cw",
    "chiral_ccw",
    "chiral_other",
    "mean_neighbour_electronegativity",
    "electronegativity_difference",
    "mean_neighbour_atomic_number",
    "neighbour_formal_charge"
  ],
  "elapsed_seconds": 2796.283382100053
}
