{"operating_system": "Windows-10-10.0.26200-SP0", "machine": "AMD64", "python": "3.11.16", "python_executable": "C:\\Users\\Anthony\\anaconda3\\envs\\strange-matter-gpu\\python.exe", "pytorch": "2.11.0+cu128", "pytorch_cuda": "12.8", "device": "cuda", "gpu": "NVIDIA GeForce RTX 5070 Ti"}
{"epoch": 1, "train_rmse": 1.0049532878024787, "validation_rmse": 0.983849823474884, "validation_ma_st_rae": 1.0345270688660027, "validation_CYP1A2_st_rae": 1.0798491589214212, "validation_CYP2C9_st_rae": 1.0248130288239066, "validation_CYP2D6_st_rae": 1.161101111382775, "validation_CYP3A4_st_rae": 0.8723449763359076, "mean_raw_gradient_norm": 3.854104205965996, "fraction_gradients_clipped": 1.0}
{"epoch": 2, "train_rmse": 1.0449781217539358, "validation_rmse": 0.9793017506599426, "validation_ma_st_rae": 1.026570556745355, "validation_CYP1A2_st_rae": 1.0710230966981598, "validation_CYP2C9_st_rae": 1.011842668070393, "validation_CYP2D6_st_rae": 1.1428023500484286, "validation_CYP3A4_st_rae": 0.8806141121644383, "mean_raw_gradient_norm": 4.171884693205357, "fraction_gradients_clipped": 0.8125}
{"epoch": 3, "train_rmse": 1.0159389788641588, "validation_rmse": 0.9734673500061035, "validation_ma_st_rae": 1.0202304724085307, "validation_CYP1A2_st_rae": 1.04470648728755, "validation_CYP2C9_st_rae": 1.0172402388568218, "validation_CYP2D6_st_rae": 1.1434699764411065, "validation_CYP3A4_st_rae": 0.8755051870486442, "mean_raw_gradient_norm": 3.2160973846912384, "fraction_gradients_clipped": 0.8125}
{"epoch": 4, "train_rmse": 1.0090261694702716, "validation_rmse": 0.9694892764091492, "validation_ma_st_rae": 1.016105200577198, "validation_CYP1A2_st_rae": 1.0295123068537773, "validation_CYP2C9_st_rae": 1.0229625111935174, "validation_CYP2D6_st_rae": 1.1464457006623776, "validation_CYP3A4_st_rae": 0.8655002835991193, "mean_raw_gradient_norm": 3.8793018646538258, "fraction_gradients_clipped": 0.75}
{"epoch": 5, "train_rmse": 1.0616624696990271, "validation_rmse": 0.9680748581886292, "validation_ma_st_rae": 1.0119564607818168, "validation_CYP1A2_st_rae": 1.0266306557748686, "validation_CYP2C9_st_rae": 1.020283853963251, "validation_CYP2D6_st_rae": 1.1424257431277642, "validation_CYP3A4_st_rae": 0.8584855902613834, "mean_raw_gradient_norm": 3.1407726258039474, "fraction_gradients_clipped": 0.75}
{
  "seed": 1701,
  "selection_metric": "validation_ma_st_rae",
  "best_validation_ma_st_rae": 1.0119564607818168,
  "best_validation_rmse": 0.9680748581886292,
  "restored_fit_rmse": 0.9526776075363159,
  "restored_validation_rmse": 0.9680932760238647,
  "restored_fit_ma_st_rae": 1.0047139571673585,
  "restored_validation_ma_st_rae": 1.0175683844407981,
  "restored_validation_point_ma_st_rae": 1.012025215137255,
  "restored_validation_point_st_rae_by_cyp": {
    "CYP1A2": 1.0271066014881887,
    "CYP2C9": 1.020030927190909,
    "CYP2D6": 1.142431332956485,
    "CYP3A4": 0.8585319989134371
  },
  "restored_fit_st_rae_by_cyp": {
    "CYP1A2": 1.1524352597531506,
    "CYP2C9": 0.9495192132539807,
    "CYP2D6": 1.1062769077947214,
    "CYP3A4": 0.8106244478675815
  },
  "restored_validation_st_rae_by_cyp": {
    "CYP1A2": 1.0317280650303955,
    "CYP2C9": 1.0286148457361457,
    "CYP2D6": 1.1469107473944264,
    "CYP3A4": 0.8630198796022248
  },
  "validation_bootstrap_metrics": {
    "n_bootstrap_samples": 1000,
    "seed": 0,
    "macro": {
      "st_rae": {
        "mean": 1.0175683844407981,
        "ci_low": 0.9426984420156735,
        "ci_high": 1.0974256334070362
      },
      "mae": {
        "mean": 0.716021307772107,
        "ci_low": 0.6709474042458115,
        "ci_high": 0.76281823525628
      },
      "r2": {
        "mean": 0.00686702165325674,
        "ci_low": -0.07666694727282855,
        "ci_high": 0.08200041012697899
      },
      "spearman_rho": {
        "mean": 0.31336867766512216,
        "ci_low": 0.24027485670124893,
        "ci_high": 0.3841063309902395
      },
      "kendall_tau": {
        "mean": 0.21918184721611075,
        "ci_low": 0.16780753369429796,
        "ci_high": 0.2697882667654091
      }
    },
    "per_endpoint": {
      "CYP1A2": {
        "st_rae": {
          "mean": 1.0317280650303955,
          "ci_low": 0.8694958615339663,
          "ci_high": 1.239114085295666
        },
        "mae": {
          "mean": 0.8129648125088668,
          "ci_low": 0.7049168609365632,
          "ci_high": 0.9143648802668234
        },
        "r2": {
          "mean": 0.053210087134967596,
          "ci_low": -0.13896104139704185,
          "ci_high": 0.19244963389509723
        },
        "spearman_rho": {
          "mean": 0.3705101488163345,
          "ci_low": 0.21704554837065188,
          "ci_high": 0.5013848909090556
        },
        "kendall_tau": {
          "mean": 0.2564459209099197,
          "ci_low": 0.15079514377426317,
          "ci_high": 0.3506297755159914
        }
      },
      "CYP2C9": {
        "st_rae": {
          "mean": 1.0286148457361457,
          "ci_low": 0.872292470793802,
          "ci_high": 1.2112666536428074
        },
        "mae": {
          "mean": 0.5452390500502509,
          "ci_low": 0.47013460593145406,
          "ci_high": 0.6158713702295647
        },
        "r2": {
          "mean": 0.04842448565661421,
          "ci_low": -0.10700495192522526,
          "ci_high": 0.1927960698023118
        },
        "spearman_rho": {
          "mean": 0.2609975517926533,
          "ci_low": 0.09950151471936093,
          "ci_high": 0.4242947550739634
        },
        "kendall_tau": {
          "mean": 0.1878752771001603,
          "ci_low": 0.07368581800289906,
          "ci_high": 0.3073677108246582
        }
      },
      "CYP2D6": {
        "st_rae": {
          "mean": 1.1469107473944264,
          "ci_low": 1.0177422253494521,
          "ci_high": 1.2843708721095604
        },
        "mae": {
          "mean": 0.7104489429757951,
          "ci_low": 0.6008409489131143,
          "ci_high": 0.8207998268993187
        },
        "r2": {
          "mean": -0.12328206525514554,
          "ci_low": -0.2949087582102167,
          "ci_high": 0.02191277439905417
        },
        "spearman_rho": {
          "mean": 0.17226876364164218,
          "ci_low": 0.006957057284426654,
          "ci_high": 0.3363371468378097
        },
        "kendall_tau": {
          "mean": 0.11632738260685317,
          "ci_low": 0.005891110606299495,
          "ci_high": 0.22517106587470734
        }
      },
      "CYP3A4": {
        "st_rae": {
          "mean": 0.8630198796022248,
          "ci_low": 0.7556485255640072,
          "ci_high": 0.9731401686781249
        },
        "mae": {
          "mean": 0.7954324255535158,
          "ci_low": 0.7157888315996881,
          "ci_high": 0.8770335948063155
        },
        "r2": {
          "mean": 0.04911557907659069,
          "ci_low": -0.11255955855154966,
          "ci_high": 0.1988134759985502
        },
        "spearman_rho": {
          "mean": 0.4496982464098585,
          "ci_low": 0.3410503878739111,
          "ci_high": 0.5575340754444165
        },
        "kendall_tau": {
          "mean": 0.3160788082475099,
          "ci_low": 0.2385517506414625,
          "ci_high": 0.3962225601589746
        }
      }
    }
  },
  "epochs_run": 5,
  "fit_observations": 2636,
  "validation_observations": 657,
  "rule": "conservative_graph_flux",
  "generations": 125,
  "hidden_channels": 4,
  "atom_feature_profile": "periodic_electronic",
  "atom_feature_count": 41,
  "atom_feature_names": [
    "element_H",
    "element_C",
    "element_N",
    "element_O",
    "element_F",
    "element_P",
    "element_S",
    "element_Cl",
    "element_Br",
    "element_I",
    "element_other",
    "formal_charge",
    "aromatic",
    "hybrid_sp",
    "hybrid_sp2",
    "hybrid_sp3",
    "hybrid_other",
    "degree",
    "total_hydrogens",
    "in_ring",
    "hbond_donor",
    "hbond_acceptor",
    "chiral_cw",
    "chiral_ccw",
    "chiral_other",
    "atomic_number",
    "atomic_mass",
    "covalent_radius",
    "vdw_radius",
    "outer_electrons",
    "period",
    "periodic_group",
    "atomic_volume",
    "electronegativity",
    "polarizability",
    "heteroatom",
    "halogen",
    "conjugated_bond_fraction",
    "first_ionization_energy",
    "electron_affinity",
    "electronic_property_missing"
  ],
  "device": "cuda",
  "gpu": "NVIDIA GeForce RTX 5070 Ti",
  "training_seconds": 42.737485000048764,
  "peak_gpu_memory_bytes": 120606208,
  "runtime": {
    "operating_system": "Windows-10-10.0.26200-SP0",
    "machine": "AMD64",
    "python": "3.11.16",
    "python_executable": "C:\\Users\\Anthony\\anaconda3\\envs\\strange-matter-gpu\\python.exe",
    "pytorch": "2.11.0+cu128",
    "pytorch_cuda": "12.8",
    "device": "cuda",
    "gpu": "NVIDIA GeForce RTX 5070 Ti"
  },
  "validation_protocol": {
    "kind": "scaffold_cross_validation",
    "fold": 2,
    "folds": 5
  },
  "readout": "differentiable_closed_form_ridge",
  "hyperparameters": {
    "ca_lr": 0.003,
    "ridge": 0.1,
    "ca_l2": 1e-05,
    "gradient_clip": 2.0,
    "update_scale": 0.08,
    "init_scale": 0.5,
    "initial_noise": 0.005,
    "support_fraction": 0.85,
    "bond_temperature": 2.0,
    "dyn_a": 0.2,
    "dyn_b": 0.5,
    "dyn_c": 0.8,
    "dyn_d": 0.15,
    "lr_schedule": "cosine_0.1x"
  }
}
