{"operating_system": "Windows-10-10.0.26200-SP0", "machine": "AMD64", "python": "3.11.16", "python_executable": "C:\\Users\\Anthony\\anaconda3\\envs\\strange-matter-gpu\\python.exe", "pytorch": "2.11.0+cu128", "pytorch_cuda": "12.8", "device": "cuda", "gpu": "NVIDIA GeForce RTX 5070 Ti"}
{"epoch": 1, "train_rmse": 1.858413054851745, "validation_rmse": 0.8638127446174622, "validation_ma_st_rae": 1.0047887677572285, "validation_CYP1A2_st_rae": 1.0664748256917407, "validation_CYP2C9_st_rae": 0.8877474582754463, "validation_CYP2D6_st_rae": 1.1659059072492635, "validation_CYP3A4_st_rae": 0.8990268798124631, "mean_raw_gradient_norm": 58.21368618011475, "fraction_gradients_clipped": 1.0}
{"epoch": 2, "train_rmse": 1.5398212550948143, "validation_rmse": 0.8667513132095337, "validation_ma_st_rae": 1.0095762825960415, "validation_CYP1A2_st_rae": 1.0807511169760509, "validation_CYP2C9_st_rae": 0.8925722334372358, "validation_CYP2D6_st_rae": 1.1688346859819543, "validation_CYP3A4_st_rae": 0.896147093988925, "mean_raw_gradient_norm": 25.985531425476076, "fraction_gradients_clipped": 1.0}
{"epoch": 3, "train_rmse": 1.7089025913668794, "validation_rmse": 0.866127610206604, "validation_ma_st_rae": 1.0077954284777484, "validation_CYP1A2_st_rae": 1.08057654905165, "validation_CYP2C9_st_rae": 0.8874400983710173, "validation_CYP2D6_st_rae": 1.1660293751073931, "validation_CYP3A4_st_rae": 0.8971356913809334, "mean_raw_gradient_norm": 41.904610061645506, "fraction_gradients_clipped": 1.0}
{
  "seed": 1701,
  "selection_metric": "validation_ma_st_rae",
  "best_validation_ma_st_rae": 1.0047887677572285,
  "best_validation_rmse": 0.8638127446174622,
  "restored_fit_rmse": 0.8811482787132263,
  "restored_validation_rmse": 0.863842785358429,
  "restored_fit_ma_st_rae": 0.8280997797139156,
  "restored_validation_ma_st_rae": 1.0257270104714993,
  "restored_validation_point_ma_st_rae": 1.0048520297005787,
  "restored_validation_point_st_rae_by_cyp": {
    "CYP1A2": 1.0665237798440441,
    "CYP2C9": 0.8877931202327645,
    "CYP2D6": 1.166042877794675,
    "CYP3A4": 0.8990483409308315
  },
  "restored_fit_st_rae_by_cyp": {
    "CYP1A2": 0.8056220359236231,
    "CYP2C9": 0.7832374208542074,
    "CYP2D6": 0.9937183374031199,
    "CYP3A4": 0.7298213246747118
  },
  "restored_validation_st_rae_by_cyp": {
    "CYP1A2": 1.0711800743093245,
    "CYP2C9": 0.9267885025119025,
    "CYP2D6": 1.188857939490826,
    "CYP3A4": 0.916081525573944
  },
  "validation_bootstrap_metrics": {
    "n_bootstrap_samples": 1000,
    "seed": 0,
    "macro": {
      "st_rae": {
        "mean": 1.0257270104714993,
        "ci_low": 0.8794862464450699,
        "ci_high": 1.1793206961064284
      },
      "mae": {
        "mean": 0.6585461093686468,
        "ci_low": 0.5966812167132065,
        "ci_high": 0.7249095543450748
      },
      "r2": {
        "mean": 0.028222324872353034,
        "ci_low": -0.11666839223881408,
        "ci_high": 0.1612840804833583
      },
      "spearman_rho": {
        "mean": 0.38803701818759406,
        "ci_low": 0.28809846028691805,
        "ci_high": 0.4902144109121029
      },
      "kendall_tau": {
        "mean": 0.2713301152247749,
        "ci_low": 0.19907526517549884,
        "ci_high": 0.34541341114162755
      }
    },
    "per_endpoint": {
      "CYP1A2": {
        "st_rae": {
          "mean": 1.0711800743093245,
          "ci_low": 0.797077428400532,
          "ci_high": 1.3980118915943085
        },
        "mae": {
          "mean": 0.7063909517350744,
          "ci_low": 0.562578346397056,
          "ci_high": 0.8764689679028558
        },
        "r2": {
          "mean": 0.08867710718540824,
          "ci_low": -0.16168134185313743,
          "ci_high": 0.2969705776168422
        },
        "spearman_rho": {
          "mean": 0.4142790949085193,
          "ci_low": 0.19201221667781473,
          "ci_high": 0.5988793319527327
        },
        "kendall_tau": {
          "mean": 0.2818142115495004,
          "ci_low": 0.12762231856836886,
          "ci_high": 0.4211258389261745
        }
      },
      "CYP2C9": {
        "st_rae": {
          "mean": 0.9267885025119025,
          "ci_low": 0.6246433140432895,
          "ci_high": 1.2883883722428786
        },
        "mae": {
          "mean": 0.5485294705986977,
          "ci_low": 0.43722694138685864,
          "ci_high": 0.6618841890494028
        },
        "r2": {
          "mean": 0.01612602863313978,
          "ci_low": -0.31520254169006967,
          "ci_high": 0.27666311042759717
        },
        "spearman_rho": {
          "mean": 0.40425949190677873,
          "ci_low": 0.16527708229010185,
          "ci_high": 0.614459847078041
        },
        "kendall_tau": {
          "mean": 0.29024217638778116,
          "ci_low": 0.11522724801998183,
          "ci_high": 0.45599468057635684
        }
      },
      "CYP2D6": {
        "st_rae": {
          "mean": 1.188857939490826,
          "ci_low": 0.9421813611263258,
          "ci_high": 1.5076688481534037
        },
        "mae": {
          "mean": 0.6390472274560195,
          "ci_low": 0.4983344998726478,
          "ci_high": 0.7877365265442775
        },
        "r2": {
          "mean": -0.21792744658968952,
          "ci_low": -0.6501375439242179,
          "ci_high": 0.05439216677623039
        },
        "spearman_rho": {
          "mean": 0.2698053842061461,
          "ci_low": 0.02421233383144596,
          "ci_high": 0.47722396961579133
        },
        "kendall_tau": {
          "mean": 0.18547511162736494,
          "ci_low": 0.018489855484716752,
          "ci_high": 0.34541577985058636
        }
      },
      "CYP3A4": {
        "st_rae": {
          "mean": 0.916081525573944,
          "ci_low": 0.6982586304168964,
          "ci_high": 1.180216968541327
        },
        "mae": {
          "mean": 0.7402167876847955,
          "ci_low": 0.6355949450370877,
          "ci_high": 0.8537997425295585
        },
        "r2": {
          "mean": 0.22601361026055367,
          "ci_low": -0.0058970354714253095,
          "ci_high": 0.4047084993896933
        },
        "spearman_rho": {
          "mean": 0.4638041017289323,
          "ci_low": 0.2757367676673758,
          "ci_high": 0.6370188476732898
        },
        "kendall_tau": {
          "mean": 0.327788961334453,
          "ci_low": 0.18389135203875812,
          "ci_high": 0.46532200402068713
        }
      }
    }
  },
  "epochs_run": 3,
  "fit_observations": 806,
  "validation_observations": 272,
  "rule": "gated_residual",
  "generations": 32,
  "hidden_channels": 16,
  "atom_feature_profile": "valence",
  "atom_feature_count": 30,
  "atom_feature_names": [
    "element_H",
    "element_C",
    "element_N",
    "element_O",
    "element_F",
    "element_P",
    "element_S",
    "element_Cl",
    "element_Br",
    "element_I",
    "element_other",
    "formal_charge",
    "aromatic",
    "hybrid_sp",
    "hybrid_sp2",
    "hybrid_sp3",
    "hybrid_other",
    "degree",
    "total_hydrogens",
    "in_ring",
    "hbond_donor",
    "hbond_acceptor",
    "chiral_cw",
    "chiral_ccw",
    "chiral_other",
    "total_valence",
    "implicit_valence",
    "heavy_atom_degree",
    "radical_electrons",
    "absolute_formal_charge"
  ],
  "device": "cuda",
  "gpu": "NVIDIA GeForce RTX 5070 Ti",
  "training_seconds": 4.062812700052746,
  "peak_gpu_memory_bytes": 119254528,
  "runtime": {
    "operating_system": "Windows-10-10.0.26200-SP0",
    "machine": "AMD64",
    "python": "3.11.16",
    "python_executable": "C:\\Users\\Anthony\\anaconda3\\envs\\strange-matter-gpu\\python.exe",
    "pytorch": "2.11.0+cu128",
    "pytorch_cuda": "12.8",
    "device": "cuda",
    "gpu": "NVIDIA GeForce RTX 5070 Ti"
  },
  "validation_protocol": {
    "kind": "scaffold_cross_validation",
    "fold": 0,
    "folds": 5
  },
  "readout": "differentiable_closed_form_ridge",
  "hyperparameters": {
    "ca_lr": 0.001,
    "ridge": 0.1,
    "ca_l2": 1e-06,
    "gradient_clip": 0.5,
    "update_scale": 0.25,
    "init_scale": 1.5,
    "initial_noise": 0.01,
    "support_fraction": 0.75,
    "bond_temperature": 0.5,
    "dyn_a": 0.8,
    "dyn_b": 0.8,
    "dyn_c": 0.8,
    "dyn_d": 0.15,
    "lr_schedule": "cosine_0.1x"
  }
}
