{"operating_system": "Windows-10-10.0.26200-SP0", "machine": "AMD64", "python": "3.11.16", "python_executable": "C:\\Users\\Anthony\\anaconda3\\envs\\strange-matter-gpu\\python.exe", "pytorch": "2.11.0+cu128", "pytorch_cuda": "12.8", "device": "cuda", "gpu": "NVIDIA GeForce RTX 5070 Ti"}
{"epoch": 1, "train_rmse": 1.026014708418749, "validation_rmse": 0.9014096856117249, "validation_ma_st_rae": 0.9063392671328248, "validation_CYP1A2_st_rae": 0.9730801913357666, "validation_CYP2C9_st_rae": 0.8462896817884287, "validation_CYP2D6_st_rae": 1.0110674519539393, "validation_CYP3A4_st_rae": 0.7949197434531644, "mean_raw_gradient_norm": 5.224973754882813, "fraction_gradients_clipped": 1.0}
{"epoch": 2, "train_rmse": 1.0462154083806785, "validation_rmse": 0.9009639620780945, "validation_ma_st_rae": 0.9043074718993428, "validation_CYP1A2_st_rae": 0.9736071838001356, "validation_CYP2C9_st_rae": 0.8374399813257234, "validation_CYP2D6_st_rae": 1.012221863381536, "validation_CYP3A4_st_rae": 0.7939608590899758, "mean_raw_gradient_norm": 5.5939062881469725, "fraction_gradients_clipped": 1.0}
{"epoch": 3, "train_rmse": 0.9965501326779047, "validation_rmse": 0.899553120136261, "validation_ma_st_rae": 0.9030470695657109, "validation_CYP1A2_st_rae": 0.9698112516309112, "validation_CYP2C9_st_rae": 0.8346430350856501, "validation_CYP2D6_st_rae": 1.0145164880927529, "validation_CYP3A4_st_rae": 0.7932175034535291, "mean_raw_gradient_norm": 4.11383846282959, "fraction_gradients_clipped": 1.0}
{"epoch": 4, "train_rmse": 1.0128168612899673, "validation_rmse": 0.8989519476890564, "validation_ma_st_rae": 0.9020921337581473, "validation_CYP1A2_st_rae": 0.9701630998068936, "validation_CYP2C9_st_rae": 0.8327665842787252, "validation_CYP2D6_st_rae": 1.013968403546146, "validation_CYP3A4_st_rae": 0.7914704474008241, "mean_raw_gradient_norm": 4.649135551452637, "fraction_gradients_clipped": 1.0}
{"epoch": 5, "train_rmse": 1.0030542990794704, "validation_rmse": 0.8971422910690308, "validation_ma_st_rae": 0.8977504037999311, "validation_CYP1A2_st_rae": 0.964041456927893, "validation_CYP2C9_st_rae": 0.8261726135613595, "validation_CYP2D6_st_rae": 1.0121287267070531, "validation_CYP3A4_st_rae": 0.7886588180034189, "mean_raw_gradient_norm": 4.21183295249939, "fraction_gradients_clipped": 0.96}
{"epoch": 6, "train_rmse": 0.9628192467436821, "validation_rmse": 0.8961777687072754, "validation_ma_st_rae": 0.8953925320696063, "validation_CYP1A2_st_rae": 0.962013050736612, "validation_CYP2C9_st_rae": 0.8224032187463904, "validation_CYP2D6_st_rae": 1.0101761560098435, "validation_CYP3A4_st_rae": 0.7869777027855795, "mean_raw_gradient_norm": 3.92331346988678, "fraction_gradients_clipped": 0.96}
{"epoch": 7, "train_rmse": 1.018800244019633, "validation_rmse": 0.8959408402442932, "validation_ma_st_rae": 0.8950084982510298, "validation_CYP1A2_st_rae": 0.961831674606841, "validation_CYP2C9_st_rae": 0.8224660655684499, "validation_CYP2D6_st_rae": 1.00956762476354, "validation_CYP3A4_st_rae": 0.7861686280652884, "mean_raw_gradient_norm": 4.049324731826783, "fraction_gradients_clipped": 1.0}
{"epoch": 8, "train_rmse": 1.0357739983518421, "validation_rmse": 0.8956783413887024, "validation_ma_st_rae": 0.8944702155402475, "validation_CYP1A2_st_rae": 0.9612667731790624, "validation_CYP2C9_st_rae": 0.8214260996224504, "validation_CYP2D6_st_rae": 1.0094528251880268, "validation_CYP3A4_st_rae": 0.7857351641714505, "mean_raw_gradient_norm": 4.226345129013062, "fraction_gradients_clipped": 0.96}
{
  "seed": 4211,
  "selection_metric": "validation_ma_st_rae",
  "best_validation_ma_st_rae": 0.8944702155402475,
  "best_validation_rmse": 0.8956783413887024,
  "restored_fit_rmse": 0.8446537256240845,
  "restored_validation_rmse": 0.8956738710403442,
  "restored_fit_ma_st_rae": 0.844952623238075,
  "restored_validation_ma_st_rae": 0.8969240583885385,
  "restored_validation_point_ma_st_rae": 0.8944616839549069,
  "restored_validation_point_st_rae_by_cyp": {
    "CYP1A2": 0.9612615988381819,
    "CYP2C9": 0.8214174216586545,
    "CYP2D6": 1.009441151389102,
    "CYP3A4": 0.7857265639336893
  },
  "restored_fit_st_rae_by_cyp": {
    "CYP1A2": 0.8839740603968219,
    "CYP2C9": 0.7804982378478799,
    "CYP2D6": 0.9896905602727123,
    "CYP3A4": 0.7256476344348859
  },
  "restored_validation_st_rae_by_cyp": {
    "CYP1A2": 0.9676948308115547,
    "CYP2C9": 0.8224579636525099,
    "CYP2D6": 1.009860023771606,
    "CYP3A4": 0.7876834153184831
  },
  "validation_bootstrap_metrics": {
    "n_bootstrap_samples": 1000,
    "seed": 0,
    "macro": {
      "st_rae": {
        "mean": 0.8969240583885385,
        "ci_low": 0.8435674738172707,
        "ci_high": 0.9516738130503409
      },
      "mae": {
        "mean": 0.6535726994234087,
        "ci_low": 0.6182834943573352,
        "ci_high": 0.6940538417899949
      },
      "r2": {
        "mean": 0.12180118460152517,
        "ci_low": 0.06049189666827665,
        "ci_high": 0.18088194495858556
      },
      "spearman_rho": {
        "mean": 0.3844366789473951,
        "ci_low": 0.3242616236600567,
        "ci_high": 0.4419134630231546
      },
      "kendall_tau": {
        "mean": 0.26983593368159653,
        "ci_low": 0.2278582908409845,
        "ci_high": 0.3096653735997868
      }
    },
    "per_endpoint": {
      "CYP1A2": {
        "st_rae": {
          "mean": 0.9676948308115547,
          "ci_low": 0.8441547467676291,
          "ci_high": 1.0968444605298657
        },
        "mae": {
          "mean": 0.732921301599436,
          "ci_low": 0.6476437907856564,
          "ci_high": 0.8321513149211573
        },
        "r2": {
          "mean": 0.03568596165777143,
          "ci_low": -0.11862239375234004,
          "ci_high": 0.17644575637581414
        },
        "spearman_rho": {
          "mean": 0.3516558489067711,
          "ci_low": 0.22078783877233896,
          "ci_high": 0.46901181874933173
        },
        "kendall_tau": {
          "mean": 0.2414429253896156,
          "ci_low": 0.1515953969270472,
          "ci_high": 0.3257008651173227
        }
      },
      "CYP2C9": {
        "st_rae": {
          "mean": 0.8224579636525099,
          "ci_low": 0.7106905241710344,
          "ci_high": 0.9476197739609374
        },
        "mae": {
          "mean": 0.5322869882728849,
          "ci_low": 0.4712703275196443,
          "ci_high": 0.6004556669801625
        },
        "r2": {
          "mean": 0.1679078872157347,
          "ci_low": 0.02178318275978118,
          "ci_high": 0.30065502111371334
        },
        "spearman_rho": {
          "mean": 0.4856311451844508,
          "ci_low": 0.3626096171362499,
          "ci_high": 0.5956435531970139
        },
        "kendall_tau": {
          "mean": 0.3417234293672798,
          "ci_low": 0.25128031806158835,
          "ci_high": 0.42790826357063133
        }
      },
      "CYP2D6": {
        "st_rae": {
          "mean": 1.009860023771606,
          "ci_low": 0.9282127399926626,
          "ci_high": 1.1014736694574299
        },
        "mae": {
          "mean": 0.5814229817535566,
          "ci_low": 0.5122687175999516,
          "ci_high": 0.6538262550727181
        },
        "r2": {
          "mean": 0.06668949599918952,
          "ci_low": -0.01222116687737992,
          "ci_high": 0.14528334237024976
        },
        "spearman_rho": {
          "mean": 0.20472233353926908,
          "ci_low": 0.07809347718981591,
          "ci_high": 0.3272022912834006
        },
        "kendall_tau": {
          "mean": 0.14126924806937885,
          "ci_low": 0.05568949084940533,
          "ci_high": 0.22734806588981818
        }
      },
      "CYP3A4": {
        "st_rae": {
          "mean": 0.7876834153184831,
          "ci_low": 0.6992905930649996,
          "ci_high": 0.8868743995016696
        },
        "mae": {
          "mean": 0.7676595260677574,
          "ci_low": 0.7080246594639036,
          "ci_high": 0.8297219574038672
        },
        "r2": {
          "mean": 0.21692139353340503,
          "ci_low": 0.10996997448168296,
          "ci_high": 0.3130153637251326
        },
        "spearman_rho": {
          "mean": 0.4957373881590895,
          "ci_low": 0.39746277354749876,
          "ci_high": 0.5789217173082774
        },
        "kendall_tau": {
          "mean": 0.35490813190011183,
          "ci_low": 0.2845257940772993,
          "ci_high": 0.41777095844896406
        }
      }
    }
  },
  "epochs_run": 8,
  "fit_observations": 4213,
  "validation_observations": 1003,
  "rule": "gated_residual",
  "generations": 250,
  "hidden_channels": 16,
  "atom_feature_profile": "local_environment",
  "atom_feature_count": 29,
  "atom_feature_names": [
    "element_H",
    "element_C",
    "element_N",
    "element_O",
    "element_F",
    "element_P",
    "element_S",
    "element_Cl",
    "element_Br",
    "element_I",
    "element_other",
    "formal_charge",
    "aromatic",
    "hybrid_sp",
    "hybrid_sp2",
    "hybrid_sp3",
    "hybrid_other",
    "degree",
    "total_hydrogens",
    "in_ring",
    "hbond_donor",
    "hbond_acceptor",
    "chiral_cw",
    "chiral_ccw",
    "chiral_other",
    "mean_neighbour_electronegativity",
    "electronegativity_difference",
    "mean_neighbour_atomic_number",
    "neighbour_formal_charge"
  ],
  "device": "cuda",
  "gpu": "NVIDIA GeForce RTX 5070 Ti",
  "training_seconds": 167.49747569998726,
  "peak_gpu_memory_bytes": 1508517888,
  "runtime": {
    "operating_system": "Windows-10-10.0.26200-SP0",
    "machine": "AMD64",
    "python": "3.11.16",
    "python_executable": "C:\\Users\\Anthony\\anaconda3\\envs\\strange-matter-gpu\\python.exe",
    "pytorch": "2.11.0+cu128",
    "pytorch_cuda": "12.8",
    "device": "cuda",
    "gpu": "NVIDIA GeForce RTX 5070 Ti"
  },
  "validation_protocol": {
    "kind": "scaffold_cross_validation",
    "fold": 1,
    "folds": 5
  },
  "readout": "differentiable_closed_form_ridge",
  "prediction_mode": "direct",
  "residual_alpha": null,
  "trajectory_pooling": "legacy",
  "ridge_mode": "shared",
  "loss_mode": "hybrid_interval",
  "interval_loss_beta": 0.25,
  "interval_temperature": 0.1,
  "hyperparameters": {
    "ca_lr": 0.0003,
    "ridge": 1.0,
    "ca_l2": 0.0001,
    "gradient_clip": 2.0,
    "update_scale": 0.08,
    "init_scale": 0.5,
    "initial_noise": 0.005,
    "support_fraction": 0.75,
    "bond_temperature": 0.5,
    "dyn_a": 0.5,
    "dyn_b": 0.2,
    "dyn_c": 0.2,
    "dyn_d": 0.3,
    "lr_schedule": "cosine_0.1x"
  }
}
