{"operating_system": "Windows-10-10.0.26200-SP0", "machine": "AMD64", "python": "3.11.16", "python_executable": "C:\\Users\\Anthony\\anaconda3\\envs\\strange-matter-gpu\\python.exe", "pytorch": "2.11.0+cu128", "pytorch_cuda": "12.8", "device": "cuda", "gpu": "NVIDIA GeForce RTX 5070 Ti"}
{"epoch": 1, "train_rmse": 0.9966178589057496, "validation_rmse": 0.9039333462715149, "validation_ma_st_rae": 0.913990451174676, "validation_CYP1A2_st_rae": 1.0182421543780054, "validation_CYP2C9_st_rae": 0.8277497828450786, "validation_CYP2D6_st_rae": 1.0199238942951365, "validation_CYP3A4_st_rae": 0.7900459731804833, "mean_raw_gradient_norm": 7.049547433853149, "fraction_gradients_clipped": 1.0}
{"epoch": 2, "train_rmse": 0.9616233181915459, "validation_rmse": 0.8975439071655273, "validation_ma_st_rae": 0.8995232220094208, "validation_CYP1A2_st_rae": 0.9781111857506654, "validation_CYP2C9_st_rae": 0.7980269666804255, "validation_CYP2D6_st_rae": 1.022197919454723, "validation_CYP3A4_st_rae": 0.7997568161518696, "mean_raw_gradient_norm": 6.981253345807393, "fraction_gradients_clipped": 1.0}
{"epoch": 3, "train_rmse": 1.074843837353321, "validation_rmse": 0.8922649621963501, "validation_ma_st_rae": 0.8912327087653433, "validation_CYP1A2_st_rae": 0.9571892646823255, "validation_CYP2C9_st_rae": 0.8065138007835835, "validation_CYP2D6_st_rae": 1.0145881021065932, "validation_CYP3A4_st_rae": 0.7866396674888715, "mean_raw_gradient_norm": 6.396683673063914, "fraction_gradients_clipped": 1.0}
{"epoch": 4, "train_rmse": 1.1535930127839285, "validation_rmse": 0.8880367875099182, "validation_ma_st_rae": 0.8845554674145676, "validation_CYP1A2_st_rae": 0.9571315643231906, "validation_CYP2C9_st_rae": 0.7786082861869158, "validation_CYP2D6_st_rae": 1.0424919295720088, "validation_CYP3A4_st_rae": 0.7599900895761552, "mean_raw_gradient_norm": 6.829529225826263, "fraction_gradients_clipped": 1.0}
{"epoch": 5, "train_rmse": 0.9990601551971969, "validation_rmse": 0.8864132761955261, "validation_ma_st_rae": 0.8921861186057968, "validation_CYP1A2_st_rae": 0.9725733905913625, "validation_CYP2C9_st_rae": 0.7594554339804902, "validation_CYP2D6_st_rae": 1.0672799856564978, "validation_CYP3A4_st_rae": 0.7694356641948367, "mean_raw_gradient_norm": 6.123930374781291, "fraction_gradients_clipped": 1.0}
{"epoch": 6, "train_rmse": 0.9974282171261235, "validation_rmse": 0.8846428990364075, "validation_ma_st_rae": 0.8908078479961548, "validation_CYP1A2_st_rae": 0.9749481060947391, "validation_CYP2C9_st_rae": 0.7604831459295791, "validation_CYP2D6_st_rae": 1.0541725756442368, "validation_CYP3A4_st_rae": 0.7736275643160638, "mean_raw_gradient_norm": 6.392630577087402, "fraction_gradients_clipped": 1.0}
{"epoch": 7, "train_rmse": 1.0043702419547813, "validation_rmse": 0.8834385871887207, "validation_ma_st_rae": 0.8894744431570997, "validation_CYP1A2_st_rae": 0.972463783141284, "validation_CYP2C9_st_rae": 0.7630862171047483, "validation_CYP2D6_st_rae": 1.0489178207360974, "validation_CYP3A4_st_rae": 0.773429951646269, "mean_raw_gradient_norm": 6.561243861913681, "fraction_gradients_clipped": 1.0}
{
  "seed": 2909,
  "selection_metric": "validation_ma_st_rae",
  "best_validation_ma_st_rae": 0.8845554674145676,
  "best_validation_rmse": 0.8880367875099182,
  "restored_fit_rmse": 0.8380369544029236,
  "restored_validation_rmse": 0.8880386352539062,
  "restored_fit_ma_st_rae": 0.8421428972734666,
  "restored_validation_ma_st_rae": 0.8871553273934646,
  "restored_validation_point_ma_st_rae": 0.8845490262298982,
  "restored_validation_point_st_rae_by_cyp": {
    "CYP1A2": 0.9570867707393408,
    "CYP2C9": 0.7786281874697715,
    "CYP2D6": 1.042484723419304,
    "CYP3A4": 0.7599964232911766
  },
  "restored_fit_st_rae_by_cyp": {
    "CYP1A2": 0.863260978571152,
    "CYP2C9": 0.780186673066114,
    "CYP2D6": 0.9986028287787654,
    "CYP3A4": 0.7265211086778347
  },
  "restored_validation_st_rae_by_cyp": {
    "CYP1A2": 0.960841580246135,
    "CYP2C9": 0.7802576933850479,
    "CYP2D6": 1.0447225944213931,
    "CYP3A4": 0.7627994415212828
  },
  "validation_bootstrap_metrics": {
    "n_bootstrap_samples": 1000,
    "seed": 0,
    "macro": {
      "st_rae": {
        "mean": 0.8871553273934646,
        "ci_low": 0.8427257762772609,
        "ci_high": 0.9339274541950204
      },
      "mae": {
        "mean": 0.6592380572398827,
        "ci_low": 0.6226955434023403,
        "ci_high": 0.6943758557225944
      },
      "r2": {
        "mean": 0.17120003318850718,
        "ci_low": 0.124433037802211,
        "ci_high": 0.21147535956967028
      },
      "spearman_rho": {
        "mean": 0.4050634908784672,
        "ci_low": 0.35327914947696637,
        "ci_high": 0.4547478761255322
      },
      "kendall_tau": {
        "mean": 0.2806208019708174,
        "ci_low": 0.24398999663685272,
        "ci_high": 0.31506783626425544
      }
    },
    "per_endpoint": {
      "CYP1A2": {
        "st_rae": {
          "mean": 0.960841580246135,
          "ci_low": 0.8593776480746758,
          "ci_high": 1.071602837124318
        },
        "mae": {
          "mean": 0.70459361591923,
          "ci_low": 0.6285167569530253,
          "ci_high": 0.7815053856859402
        },
        "r2": {
          "mean": 0.10361526207876816,
          "ci_low": 0.0017244639153011234,
          "ci_high": 0.18714444306348377
        },
        "spearman_rho": {
          "mean": 0.3277295412221791,
          "ci_low": 0.20925113995191733,
          "ci_high": 0.4433562215276942
        },
        "kendall_tau": {
          "mean": 0.2205188052342535,
          "ci_low": 0.13896998056268295,
          "ci_high": 0.30029379412938
        }
      },
      "CYP2C9": {
        "st_rae": {
          "mean": 0.7802576933850479,
          "ci_low": 0.6826136960306556,
          "ci_high": 0.8911881460514355
        },
        "mae": {
          "mean": 0.5539006542270644,
          "ci_low": 0.48736346988824375,
          "ci_high": 0.6189815051984369
        },
        "r2": {
          "mean": 0.2339286067544101,
          "ci_low": 0.11427855636647383,
          "ci_high": 0.3425984454352727
        },
        "spearman_rho": {
          "mean": 0.5037828982862939,
          "ci_low": 0.39936610330461514,
          "ci_high": 0.6028908387252893
        },
        "kendall_tau": {
          "mean": 0.35438933526045796,
          "ci_low": 0.2788954435251442,
          "ci_high": 0.4289150200178835
        }
      },
      "CYP2D6": {
        "st_rae": {
          "mean": 1.0447225944213931,
          "ci_low": 0.972679433700282,
          "ci_high": 1.125710413784821
        },
        "mae": {
          "mean": 0.6600345424563315,
          "ci_low": 0.58168053357671,
          "ci_high": 0.7472905482582467
        },
        "r2": {
          "mean": 0.018323081192852496,
          "ci_low": -0.07496652680736433,
          "ci_high": 0.09327085265546142
        },
        "spearman_rho": {
          "mean": 0.21512271266752805,
          "ci_low": 0.10057380553242247,
          "ci_high": 0.32694597897709843
        },
        "kendall_tau": {
          "mean": 0.14627450566435396,
          "ci_low": 0.07038849248828753,
          "ci_high": 0.22244388214538177
        }
      },
      "CYP3A4": {
        "st_rae": {
          "mean": 0.7627994415212828,
          "ci_low": 0.6933614792317823,
          "ci_high": 0.8341932927845253
        },
        "mae": {
          "mean": 0.7184234163569048,
          "ci_low": 0.6656792201843307,
          "ci_high": 0.7689954686433218
        },
        "r2": {
          "mean": 0.32893318272799804,
          "ci_low": 0.26729525110332075,
          "ci_high": 0.38949850555654636
        },
        "spearman_rho": {
          "mean": 0.573618811337868,
          "ci_low": 0.5060932590264755,
          "ci_high": 0.6389751035981885
        },
        "kendall_tau": {
          "mean": 0.4013005617242045,
          "ci_low": 0.3503606171547118,
          "ci_high": 0.4500886044516682
        }
      }
    }
  },
  "epochs_run": 7,
  "fit_observations": 4082,
  "validation_observations": 1134,
  "rule": "inertial_reaction_diffusion",
  "generations": 125,
  "hidden_channels": 8,
  "atom_feature_profile": "electronic_local",
  "atom_feature_count": 37,
  "atom_feature_names": [
    "element_H",
    "element_C",
    "element_N",
    "element_O",
    "element_F",
    "element_P",
    "element_S",
    "element_Cl",
    "element_Br",
    "element_I",
    "element_other",
    "formal_charge",
    "aromatic",
    "hybrid_sp",
    "hybrid_sp2",
    "hybrid_sp3",
    "hybrid_other",
    "degree",
    "total_hydrogens",
    "in_ring",
    "hbond_donor",
    "hbond_acceptor",
    "chiral_cw",
    "chiral_ccw",
    "chiral_other",
    "electronegativity",
    "polarizability",
    "heteroatom",
    "halogen",
    "conjugated_bond_fraction",
    "first_ionization_energy",
    "electron_affinity",
    "electronic_property_missing",
    "mean_neighbour_electronegativity",
    "electronegativity_difference",
    "mean_neighbour_atomic_number",
    "neighbour_formal_charge"
  ],
  "device": "cuda",
  "gpu": "NVIDIA GeForce RTX 5070 Ti",
  "training_seconds": 90.8910383998882,
  "peak_gpu_memory_bytes": 344693248,
  "runtime": {
    "operating_system": "Windows-10-10.0.26200-SP0",
    "machine": "AMD64",
    "python": "3.11.16",
    "python_executable": "C:\\Users\\Anthony\\anaconda3\\envs\\strange-matter-gpu\\python.exe",
    "pytorch": "2.11.0+cu128",
    "pytorch_cuda": "12.8",
    "device": "cuda",
    "gpu": "NVIDIA GeForce RTX 5070 Ti"
  },
  "validation_protocol": {
    "kind": "scaffold_cross_validation",
    "fold": 4,
    "folds": 5
  },
  "readout": "differentiable_closed_form_ridge",
  "prediction_mode": "direct",
  "residual_alpha": null,
  "trajectory_pooling": "legacy",
  "ridge_mode": "shared",
  "loss_mode": "hybrid_interval",
  "interval_loss_beta": 1.0,
  "interval_temperature": 0.05,
  "hyperparameters": {
    "ca_lr": 0.003,
    "ridge": 0.01,
    "ca_l2": 0.0001,
    "gradient_clip": 2.0,
    "update_scale": 0.08,
    "init_scale": 0.5,
    "initial_noise": 0.01,
    "support_fraction": 0.85,
    "bond_temperature": 0.5,
    "dyn_a": 0.5,
    "dyn_b": 0.8,
    "dyn_c": 0.8,
    "dyn_d": 0.15,
    "lr_schedule": "cosine_0.1x"
  }
}
