{"device": "cuda", "gpu": "NVIDIA GeForce RTX 5070 Ti", "pytorch": "2.11.0+cu128", "pytorch_cuda": "12.8"}
{"epoch": 1, "train_rmse": 1.7284391680631666, "validation_rmse": 0.9528261423110962, "mean_raw_gradient_norm": 58.04034938812256, "fraction_gradients_clipped": 1.0}
{"epoch": 2, "train_rmse": 1.872850849606184, "validation_rmse": 0.9623692631721497, "mean_raw_gradient_norm": 69.02729167938233, "fraction_gradients_clipped": 1.0}
{"epoch": 3, "train_rmse": 1.8095139208023896, "validation_rmse": 0.9747039079666138, "mean_raw_gradient_norm": 67.89859046936036, "fraction_gradients_clipped": 1.0}
{
  "seed": 1701,
  "best_validation_rmse": 0.9528261423110962,
  "restored_fit_rmse": 0.8386731743812561,
  "restored_validation_rmse": 0.9528316855430603,
  "epochs_run": 3,
  "fit_observations": 791,
  "validation_observations": 273,
  "rule": "gated_residual",
  "generations": 125,
  "hidden_channels": 16,
  "device": "cuda",
  "gpu": "NVIDIA GeForce RTX 5070 Ti",
  "training_seconds": 9.454773599980399,
  "peak_gpu_memory_bytes": 264167424,
  "readout": "differentiable_closed_form_ridge",
  "hyperparameters": {
    "ca_lr": 0.003,
    "ridge": 0.01,
    "ca_l2": 1e-06,
    "gradient_clip": 2.0
  }
}
