{"operating_system": "Windows-10-10.0.26200-SP0", "machine": "AMD64", "python": "3.11.16", "python_executable": "C:\\Users\\Anthony\\anaconda3\\envs\\strange-matter-gpu\\python.exe", "pytorch": "2.11.0+cu128", "pytorch_cuda": "12.8", "device": "cuda", "gpu": "NVIDIA GeForce RTX 5070 Ti"}
{"epoch": 1, "train_rmse": 1.0618831770728296, "validation_rmse": 0.8012291789054871, "validation_ma_st_rae": 0.8610757800392594, "validation_CYP1A2_st_rae": 0.8532119383618582, "validation_CYP2C9_st_rae": 0.850588456257966, "validation_CYP2D6_st_rae": 1.0024947381535052, "validation_CYP3A4_st_rae": 0.7380079873837089, "mean_raw_gradient_norm": 5.879616098403931, "fraction_gradients_clipped": 1.0}
{"epoch": 2, "train_rmse": 1.0877304031065653, "validation_rmse": 0.7993806600570679, "validation_ma_st_rae": 0.8598302475060275, "validation_CYP1A2_st_rae": 0.8514005142618529, "validation_CYP2C9_st_rae": 0.8523589261099104, "validation_CYP2D6_st_rae": 1.0021743066634576, "validation_CYP3A4_st_rae": 0.7333872429888888, "mean_raw_gradient_norm": 5.906850168704986, "fraction_gradients_clipped": 1.0}
{"epoch": 3, "train_rmse": 1.0839610671000794, "validation_rmse": 0.797881007194519, "validation_ma_st_rae": 0.855947293101758, "validation_CYP1A2_st_rae": 0.8444115268843577, "validation_CYP2C9_st_rae": 0.8464293153325338, "validation_CYP2D6_st_rae": 1.0006430257186607, "validation_CYP3A4_st_rae": 0.7323053044714799, "mean_raw_gradient_norm": 6.363131287097931, "fraction_gradients_clipped": 1.0}
{"epoch": 4, "train_rmse": 1.0659036770223287, "validation_rmse": 0.7971659898757935, "validation_ma_st_rae": 0.852450919755126, "validation_CYP1A2_st_rae": 0.8490547761187314, "validation_CYP2C9_st_rae": 0.8267550247632187, "validation_CYP2D6_st_rae": 1.002306243818907, "validation_CYP3A4_st_rae": 0.7316876343196466, "mean_raw_gradient_norm": 5.622409534454346, "fraction_gradients_clipped": 1.0}
{"epoch": 5, "train_rmse": 1.0353861923907406, "validation_rmse": 0.7965540289878845, "validation_ma_st_rae": 0.8515518456447031, "validation_CYP1A2_st_rae": 0.8506541169983246, "validation_CYP2C9_st_rae": 0.8245592771477923, "validation_CYP2D6_st_rae": 1.0009463812086912, "validation_CYP3A4_st_rae": 0.7300476072240043, "mean_raw_gradient_norm": 5.006159765720367, "fraction_gradients_clipped": 1.0}
{"epoch": 6, "train_rmse": 1.032946324620759, "validation_rmse": 0.797192394733429, "validation_ma_st_rae": 0.8524580667578214, "validation_CYP1A2_st_rae": 0.8546441224384262, "validation_CYP2C9_st_rae": 0.8248407225941659, "validation_CYP2D6_st_rae": 0.9994788791053266, "validation_CYP3A4_st_rae": 0.7308685428933669, "mean_raw_gradient_norm": 4.801481230258942, "fraction_gradients_clipped": 1.0}
{"epoch": 7, "train_rmse": 1.0756598731605413, "validation_rmse": 0.7969993948936462, "validation_ma_st_rae": 0.851838521530687, "validation_CYP1A2_st_rae": 0.8543706699629606, "validation_CYP2C9_st_rae": 0.8229798295619023, "validation_CYP2D6_st_rae": 1.0001257820630864, "validation_CYP3A4_st_rae": 0.7298778045347987, "mean_raw_gradient_norm": 5.3774375414848326, "fraction_gradients_clipped": 1.0}
{
  "seed": 2909,
  "selection_metric": "validation_ma_st_rae",
  "best_validation_ma_st_rae": 0.852450919755126,
  "best_validation_rmse": 0.7971659898757935,
  "restored_fit_rmse": 0.87800532579422,
  "restored_validation_rmse": 0.7971640825271606,
  "restored_fit_ma_st_rae": 0.8810196212254039,
  "restored_validation_ma_st_rae": 0.8555479288631131,
  "restored_validation_point_ma_st_rae": 0.8524434986745127,
  "restored_validation_point_st_rae_by_cyp": {
    "CYP1A2": 0.8490549899388631,
    "CYP2C9": 0.8267392294185358,
    "CYP2D6": 1.0022919253039002,
    "CYP3A4": 0.7316878500367515
  },
  "restored_fit_st_rae_by_cyp": {
    "CYP1A2": 0.9121865025985653,
    "CYP2C9": 0.8349782672390837,
    "CYP2D6": 1.0180329508153807,
    "CYP3A4": 0.7588807642485853
  },
  "restored_validation_st_rae_by_cyp": {
    "CYP1A2": 0.851279120903325,
    "CYP2C9": 0.8311556020215469,
    "CYP2D6": 1.0066624467172272,
    "CYP3A4": 0.7330945458103535
  },
  "validation_bootstrap_metrics": {
    "n_bootstrap_samples": 1000,
    "seed": 0,
    "macro": {
      "st_rae": {
        "mean": 0.8555479288631131,
        "ci_low": 0.8029801269691348,
        "ci_high": 0.9087367882878127
      },
      "mae": {
        "mean": 0.5882249927124344,
        "ci_low": 0.5560645846729338,
        "ci_high": 0.6202090867882434
      },
      "r2": {
        "mean": 0.1969485932387447,
        "ci_low": 0.14258502638904375,
        "ci_high": 0.24368312082595767
      },
      "spearman_rho": {
        "mean": 0.44080234914866834,
        "ci_low": 0.3892016715885048,
        "ci_high": 0.49144866155697864
      },
      "kendall_tau": {
        "mean": 0.31143515266894034,
        "ci_low": 0.27335486640673584,
        "ci_high": 0.34891135941894824
      }
    },
    "per_endpoint": {
      "CYP1A2": {
        "st_rae": {
          "mean": 0.851279120903325,
          "ci_low": 0.7343495308929607,
          "ci_high": 0.9802436754621136
        },
        "mae": {
          "mean": 0.5970152680954418,
          "ci_low": 0.5267330596038887,
          "ci_high": 0.6775040542220211
        },
        "r2": {
          "mean": 0.20322955544074944,
          "ci_low": 0.08567573927287615,
          "ci_high": 0.3081061470423802
        },
        "spearman_rho": {
          "mean": 0.4937360154537453,
          "ci_low": 0.3817553919350637,
          "ci_high": 0.5987751672338044
        },
        "kendall_tau": {
          "mean": 0.3553469050218213,
          "ci_low": 0.2732907069660938,
          "ci_high": 0.43826876393150865
        }
      },
      "CYP2C9": {
        "st_rae": {
          "mean": 0.8311556020215469,
          "ci_low": 0.7017931133720973,
          "ci_high": 0.9836558448795385
        },
        "mae": {
          "mean": 0.5072583656376958,
          "ci_low": 0.4507722841979172,
          "ci_high": 0.566466118553267
        },
        "r2": {
          "mean": 0.22157423072372576,
          "ci_low": 0.07677993958641993,
          "ci_high": 0.3424389220520082
        },
        "spearman_rho": {
          "mean": 0.45607397795492305,
          "ci_low": 0.3331706591469537,
          "ci_high": 0.56439849570458
        },
        "kendall_tau": {
          "mean": 0.3197503028899036,
          "ci_low": 0.2295174763766743,
          "ci_high": 0.4004552443394871
        }
      },
      "CYP2D6": {
        "st_rae": {
          "mean": 1.0066624467172272,
          "ci_low": 0.9427853783251345,
          "ci_high": 1.075924534627877
        },
        "mae": {
          "mean": 0.5636739920112822,
          "ci_low": 0.5030039647450815,
          "ci_high": 0.6296133937489273
        },
        "r2": {
          "mean": 0.015252507359984204,
          "ci_low": -0.05743198662056482,
          "ci_high": 0.08413025953989393
        },
        "spearman_rho": {
          "mean": 0.21686377065090193,
          "ci_low": 0.09403756240848292,
          "ci_high": 0.3379131832923803
        },
        "kendall_tau": {
          "mean": 0.14550511853633108,
          "ci_low": 0.06400154888056389,
          "ci_high": 0.227255985267035
        }
      },
      "CYP3A4": {
        "st_rae": {
          "mean": 0.7330945458103535,
          "ci_low": 0.6587718068535635,
          "ci_high": 0.809392094450799
        },
        "mae": {
          "mean": 0.684952345105318,
          "ci_low": 0.6346943307627033,
          "ci_high": 0.7347280237782787
        },
        "r2": {
          "mean": 0.34773807943051954,
          "ci_low": 0.27187102709660144,
          "ci_high": 0.41303733897534045
        },
        "spearman_rho": {
          "mean": 0.5965356325351029,
          "ci_low": 0.5205362240744104,
          "ci_high": 0.6689221986082666
        },
        "kendall_tau": {
          "mean": 0.42513828422770533,
          "ci_low": 0.36543811541716675,
          "ci_high": 0.4836085205648727
        }
      }
    }
  },
  "epochs_run": 7,
  "fit_observations": 4179,
  "validation_observations": 1037,
  "rule": "gray_scott",
  "generations": 250,
  "hidden_channels": 8,
  "atom_feature_profile": "electronic_local",
  "atom_feature_count": 37,
  "atom_feature_names": [
    "element_H",
    "element_C",
    "element_N",
    "element_O",
    "element_F",
    "element_P",
    "element_S",
    "element_Cl",
    "element_Br",
    "element_I",
    "element_other",
    "formal_charge",
    "aromatic",
    "hybrid_sp",
    "hybrid_sp2",
    "hybrid_sp3",
    "hybrid_other",
    "degree",
    "total_hydrogens",
    "in_ring",
    "hbond_donor",
    "hbond_acceptor",
    "chiral_cw",
    "chiral_ccw",
    "chiral_other",
    "electronegativity",
    "polarizability",
    "heteroatom",
    "halogen",
    "conjugated_bond_fraction",
    "first_ionization_energy",
    "electron_affinity",
    "electronic_property_missing",
    "mean_neighbour_electronegativity",
    "electronegativity_difference",
    "mean_neighbour_atomic_number",
    "neighbour_formal_charge"
  ],
  "device": "cuda",
  "gpu": "NVIDIA GeForce RTX 5070 Ti",
  "training_seconds": 315.616339399945,
  "peak_gpu_memory_bytes": 389656576,
  "runtime": {
    "operating_system": "Windows-10-10.0.26200-SP0",
    "machine": "AMD64",
    "python": "3.11.16",
    "python_executable": "C:\\Users\\Anthony\\anaconda3\\envs\\strange-matter-gpu\\python.exe",
    "pytorch": "2.11.0+cu128",
    "pytorch_cuda": "12.8",
    "device": "cuda",
    "gpu": "NVIDIA GeForce RTX 5070 Ti"
  },
  "validation_protocol": {
    "kind": "scaffold_cross_validation",
    "fold": 0,
    "folds": 5
  },
  "readout": "differentiable_closed_form_ridge",
  "hyperparameters": {
    "ca_lr": 0.0003,
    "ridge": 1.0,
    "ca_l2": 0.0001,
    "gradient_clip": 1.0,
    "update_scale": 0.25,
    "init_scale": 0.5,
    "initial_noise": 0.0,
    "support_fraction": 0.6,
    "bond_temperature": 2.0,
    "dyn_a": 0.5,
    "dyn_b": 0.2,
    "dyn_c": 0.5,
    "dyn_d": 0.05,
    "lr_schedule": "cosine_0.1x"
  }
}
