{"operating_system": "Windows-10-10.0.26200-SP0", "machine": "AMD64", "python": "3.11.16", "python_executable": "C:\\Users\\Anthony\\anaconda3\\envs\\strange-matter-gpu\\python.exe", "pytorch": "2.11.0+cu128", "pytorch_cuda": "12.8", "device": "cuda", "gpu": "NVIDIA GeForce RTX 5070 Ti"}
{"epoch": 1, "train_rmse": 1.9836589017530675, "validation_rmse": 0.8271191716194153, "validation_ma_st_rae": 0.9398479445104173, "validation_CYP1A2_st_rae": 1.0051384246884887, "validation_CYP2C9_st_rae": 0.9401926075301453, "validation_CYP2D6_st_rae": 1.0092058019692507, "validation_CYP3A4_st_rae": 0.8048549438537846, "mean_raw_gradient_norm": 94.41649284362794, "fraction_gradients_clipped": 1.0}
{"epoch": 2, "train_rmse": 1.726437251814704, "validation_rmse": 0.8311057686805725, "validation_ma_st_rae": 0.9312395307307948, "validation_CYP1A2_st_rae": 1.0200946024441233, "validation_CYP2C9_st_rae": 0.8969482202378339, "validation_CYP2D6_st_rae": 1.007550264321871, "validation_CYP3A4_st_rae": 0.8003650359193512, "mean_raw_gradient_norm": 88.08024349212647, "fraction_gradients_clipped": 1.0}
{"epoch": 3, "train_rmse": 2.6252292479095938, "validation_rmse": 0.8277390599250793, "validation_ma_st_rae": 0.926401777975797, "validation_CYP1A2_st_rae": 1.0237917435397246, "validation_CYP2C9_st_rae": 0.8782817527808556, "validation_CYP2D6_st_rae": 1.0122664073494052, "validation_CYP3A4_st_rae": 0.7912672082332026, "mean_raw_gradient_norm": 188.2581714630127, "fraction_gradients_clipped": 1.0}
{
  "seed": 1701,
  "selection_metric": "validation_ma_st_rae",
  "best_validation_ma_st_rae": 0.926401777975797,
  "best_validation_rmse": 0.8277390599250793,
  "restored_fit_rmse": 0.8707070350646973,
  "restored_validation_rmse": 0.8277445435523987,
  "restored_fit_ma_st_rae": 0.8012291798954168,
  "restored_validation_ma_st_rae": 0.9431633416266715,
  "restored_validation_point_ma_st_rae": 0.9264028006539536,
  "restored_validation_point_st_rae_by_cyp": {
    "CYP1A2": 1.0237864878089296,
    "CYP2C9": 0.8783237526263087,
    "CYP2D6": 1.0122379551541503,
    "CYP3A4": 0.791263007026426
  },
  "restored_fit_st_rae_by_cyp": {
    "CYP1A2": 0.8131653249478694,
    "CYP2C9": 0.7223128604752581,
    "CYP2D6": 0.9363842312437705,
    "CYP3A4": 0.7330543029147695
  },
  "restored_validation_st_rae_by_cyp": {
    "CYP1A2": 1.0287213955354602,
    "CYP2C9": 0.9095929561939676,
    "CYP2D6": 1.0315798208171387,
    "CYP3A4": 0.8027591939601193
  },
  "validation_bootstrap_metrics": {
    "n_bootstrap_samples": 1000,
    "seed": 0,
    "macro": {
      "st_rae": {
        "mean": 0.9431633416266715,
        "ci_low": 0.8216514060610076,
        "ci_high": 1.0839135522951815
      },
      "mae": {
        "mean": 0.6227070227588916,
        "ci_low": 0.5586267913154311,
        "ci_high": 0.6880332310389459
      },
      "r2": {
        "mean": 0.1136443459276131,
        "ci_low": -0.019315505235596938,
        "ci_high": 0.2218255702300005
      },
      "spearman_rho": {
        "mean": 0.4759070199504584,
        "ci_low": 0.38034366904667705,
        "ci_high": 0.5646610633713004
      },
      "kendall_tau": {
        "mean": 0.34055466503424514,
        "ci_low": 0.2698029079616538,
        "ci_high": 0.4100469297758286
      }
    },
    "per_endpoint": {
      "CYP1A2": {
        "st_rae": {
          "mean": 1.0287213955354602,
          "ci_low": 0.7539388733656696,
          "ci_high": 1.3443420951041078
        },
        "mae": {
          "mean": 0.6880880729722196,
          "ci_low": 0.5222472917838175,
          "ci_high": 0.8693706767480881
        },
        "r2": {
          "mean": 0.04031017154229976,
          "ci_low": -0.24400967885090882,
          "ci_high": 0.2749309844642292
        },
        "spearman_rho": {
          "mean": 0.41673303835902126,
          "ci_low": 0.18035905323900273,
          "ci_high": 0.617154086385772
        },
        "kendall_tau": {
          "mean": 0.301158874499106,
          "ci_low": 0.130549784987718,
          "ci_high": 0.4571793810521596
        }
      },
      "CYP2C9": {
        "st_rae": {
          "mean": 0.9095929561939676,
          "ci_low": 0.6280103606209148,
          "ci_high": 1.2628014016341698
        },
        "mae": {
          "mean": 0.5349245250821114,
          "ci_low": 0.4325506647427877,
          "ci_high": 0.6405201423168182
        },
        "r2": {
          "mean": 0.1216996474061429,
          "ci_low": -0.16670080814493998,
          "ci_high": 0.36417774180997287
        },
        "spearman_rho": {
          "mean": 0.5023036372665752,
          "ci_low": 0.31441044365847987,
          "ci_high": 0.6715338841563645
        },
        "kendall_tau": {
          "mean": 0.35940889659375896,
          "ci_low": 0.21393391389100772,
          "ci_high": 0.49601208769301525
        }
      },
      "CYP2D6": {
        "st_rae": {
          "mean": 1.0315798208171387,
          "ci_low": 0.8251438629909865,
          "ci_high": 1.2864910887643697
        },
        "mae": {
          "mean": 0.5754375749734733,
          "ci_low": 0.44378804096808805,
          "ci_high": 0.7142345398205976
        },
        "r2": {
          "mean": -0.052589947216427346,
          "ci_low": -0.40567999960240264,
          "ci_high": 0.18489757620324382
        },
        "spearman_rho": {
          "mean": 0.4006153482993094,
          "ci_low": 0.18455104167895367,
          "ci_high": 0.5887527396379096
        },
        "kendall_tau": {
          "mean": 0.28179199581526043,
          "ci_low": 0.13249745275829886,
          "ci_high": 0.42949688803098346
        }
      },
      "CYP3A4": {
        "st_rae": {
          "mean": 0.8027591939601193,
          "ci_low": 0.6461603358619616,
          "ci_high": 1.0012765792615994
        },
        "mae": {
          "mean": 0.6923779180077619,
          "ci_low": 0.6027235951534538,
          "ci_high": 0.7900244395400202
        },
        "r2": {
          "mean": 0.3451575119784371,
          "ci_low": 0.2105001515466683,
          "ci_high": 0.45996289990256384
        },
        "spearman_rho": {
          "mean": 0.5839760558769278,
          "ci_low": 0.4313725759778901,
          "ci_high": 0.7113692173935499
        },
        "kendall_tau": {
          "mean": 0.4198588932288552,
          "ci_low": 0.3040573356259077,
          "ci_high": 0.5250228175854735
        }
      }
    }
  },
  "epochs_run": 3,
  "fit_observations": 806,
  "validation_observations": 272,
  "rule": "damped_symplectic",
  "generations": 32,
  "hidden_channels": 16,
  "atom_feature_profile": "valence",
  "atom_feature_count": 30,
  "atom_feature_names": [
    "element_H",
    "element_C",
    "element_N",
    "element_O",
    "element_F",
    "element_P",
    "element_S",
    "element_Cl",
    "element_Br",
    "element_I",
    "element_other",
    "formal_charge",
    "aromatic",
    "hybrid_sp",
    "hybrid_sp2",
    "hybrid_sp3",
    "hybrid_other",
    "degree",
    "total_hydrogens",
    "in_ring",
    "hbond_donor",
    "hbond_acceptor",
    "chiral_cw",
    "chiral_ccw",
    "chiral_other",
    "total_valence",
    "implicit_valence",
    "heavy_atom_degree",
    "radical_electrons",
    "absolute_formal_charge"
  ],
  "device": "cuda",
  "gpu": "NVIDIA GeForce RTX 5070 Ti",
  "training_seconds": 4.025417200056836,
  "peak_gpu_memory_bytes": 97830912,
  "runtime": {
    "operating_system": "Windows-10-10.0.26200-SP0",
    "machine": "AMD64",
    "python": "3.11.16",
    "python_executable": "C:\\Users\\Anthony\\anaconda3\\envs\\strange-matter-gpu\\python.exe",
    "pytorch": "2.11.0+cu128",
    "pytorch_cuda": "12.8",
    "device": "cuda",
    "gpu": "NVIDIA GeForce RTX 5070 Ti"
  },
  "validation_protocol": {
    "kind": "scaffold_cross_validation",
    "fold": 0,
    "folds": 5
  },
  "readout": "differentiable_closed_form_ridge",
  "hyperparameters": {
    "ca_lr": 0.001,
    "ridge": 0.1,
    "ca_l2": 1e-06,
    "gradient_clip": 0.5,
    "update_scale": 0.25,
    "init_scale": 1.5,
    "initial_noise": 0.01,
    "support_fraction": 0.75,
    "bond_temperature": 0.5,
    "dyn_a": 0.8,
    "dyn_b": 0.8,
    "dyn_c": 0.8,
    "dyn_d": 0.15,
    "lr_schedule": "cosine_0.1x"
  }
}
