{"operating_system": "Windows-10-10.0.26200-SP0", "machine": "AMD64", "python": "3.11.16", "python_executable": "C:\\Users\\Anthony\\anaconda3\\envs\\strange-matter-gpu\\python.exe", "pytorch": "2.11.0+cu128", "pytorch_cuda": "12.8", "device": "cuda", "gpu": "NVIDIA GeForce RTX 5070 Ti"}
{"epoch": 1, "train_rmse": 1.0824980914162952, "validation_rmse": 0.9581050872802734, "validation_ma_st_rae": 1.0410089504930866, "validation_CYP1A2_st_rae": 1.1908463093778923, "validation_CYP2C9_st_rae": 0.9518844751146639, "validation_CYP2D6_st_rae": 1.2412477801921658, "validation_CYP3A4_st_rae": 0.7800572372876241, "mean_raw_gradient_norm": 18.32717170715332, "fraction_gradients_clipped": 1.0}
{"epoch": 2, "train_rmse": 1.1161553875846053, "validation_rmse": 0.9334063529968262, "validation_ma_st_rae": 0.9939943492726179, "validation_CYP1A2_st_rae": 1.1329604382704124, "validation_CYP2C9_st_rae": 0.9025963999995021, "validation_CYP2D6_st_rae": 1.196360681134701, "validation_CYP3A4_st_rae": 0.7440598776858561, "mean_raw_gradient_norm": 13.985030517578124, "fraction_gradients_clipped": 1.0}
{"epoch": 3, "train_rmse": 1.0996349400786982, "validation_rmse": 0.9332617521286011, "validation_ma_st_rae": 0.9765389904038908, "validation_CYP1A2_st_rae": 1.1579079869889497, "validation_CYP2C9_st_rae": 0.8951019632236302, "validation_CYP2D6_st_rae": 1.1317123571767465, "validation_CYP3A4_st_rae": 0.7214336542262371, "mean_raw_gradient_norm": 11.043536796569825, "fraction_gradients_clipped": 1.0}
{"epoch": 4, "train_rmse": 1.1387030394433986, "validation_rmse": 0.9340696930885315, "validation_ma_st_rae": 0.9834754803003457, "validation_CYP1A2_st_rae": 1.1752811978580837, "validation_CYP2C9_st_rae": 0.8752137784457886, "validation_CYP2D6_st_rae": 1.1629190432583492, "validation_CYP3A4_st_rae": 0.7204879016391615, "mean_raw_gradient_norm": 11.259765739440917, "fraction_gradients_clipped": 1.0}
{"epoch": 5, "train_rmse": 1.1223257188002114, "validation_rmse": 0.9450790882110596, "validation_ma_st_rae": 0.9992033405434869, "validation_CYP1A2_st_rae": 1.154288955370305, "validation_CYP2C9_st_rae": 0.8572727625542479, "validation_CYP2D6_st_rae": 1.234418035229345, "validation_CYP3A4_st_rae": 0.7508336090200496, "mean_raw_gradient_norm": 9.29516523361206, "fraction_gradients_clipped": 1.0}
{"epoch": 6, "train_rmse": 1.0395110393857818, "validation_rmse": 0.9407471418380737, "validation_ma_st_rae": 0.9994532725877951, "validation_CYP1A2_st_rae": 1.1609614629235836, "validation_CYP2C9_st_rae": 0.8819738764663353, "validation_CYP2D6_st_rae": 1.2158806974135459, "validation_CYP3A4_st_rae": 0.7389970535477158, "mean_raw_gradient_norm": 9.364762449264527, "fraction_gradients_clipped": 1.0}
{
  "seed": 1701,
  "selection_metric": "validation_ma_st_rae",
  "best_validation_ma_st_rae": 0.9765389904038908,
  "best_validation_rmse": 0.9332617521286011,
  "restored_fit_rmse": 0.8971022963523865,
  "restored_validation_rmse": 0.9336084723472595,
  "restored_fit_ma_st_rae": 0.9538148061554175,
  "restored_validation_ma_st_rae": 0.9806838646109217,
  "restored_validation_point_ma_st_rae": 0.9776132631404656,
  "restored_validation_point_st_rae_by_cyp": {
    "CYP1A2": 1.1586857360141383,
    "CYP2C9": 0.8952806913556791,
    "CYP2D6": 1.134749781967545,
    "CYP3A4": 0.7217368432245005
  },
  "restored_fit_st_rae_by_cyp": {
    "CYP1A2": 1.0461131381798563,
    "CYP2C9": 0.8563697078795983,
    "CYP2D6": 1.205081925154645,
    "CYP3A4": 0.7076944534075706
  },
  "restored_validation_st_rae_by_cyp": {
    "CYP1A2": 1.1643509478173566,
    "CYP2C9": 0.8973685550213425,
    "CYP2D6": 1.1381292883490657,
    "CYP3A4": 0.7228866672559221
  },
  "validation_bootstrap_metrics": {
    "n_bootstrap_samples": 1000,
    "seed": 0,
    "macro": {
      "st_rae": {
        "mean": 0.9806838646109217,
        "ci_low": 0.9145676564411149,
        "ci_high": 1.0469804421202127
      },
      "mae": {
        "mean": 0.6933711291387555,
        "ci_low": 0.6570792099118554,
        "ci_high": 0.7320224006773728
      },
      "r2": {
        "mean": 0.030065471627815022,
        "ci_low": -0.04444318329484766,
        "ci_high": 0.09946708161845524
      },
      "spearman_rho": {
        "mean": 0.3706760592790356,
        "ci_low": 0.31118931636594127,
        "ci_high": 0.42767857365052553
      },
      "kendall_tau": {
        "mean": 0.25712859197882965,
        "ci_low": 0.21551417527129552,
        "ci_high": 0.29723298873326665
      }
    },
    "per_endpoint": {
      "CYP1A2": {
        "st_rae": {
          "mean": 1.1643509478173566,
          "ci_low": 1.0070737147539541,
          "ci_high": 1.3613036673747747
        },
        "mae": {
          "mean": 0.8215320545778718,
          "ci_low": 0.739910163560579,
          "ci_high": 0.9131599019849023
        },
        "r2": {
          "mean": -0.07297787160642759,
          "ci_low": -0.2883672204032003,
          "ci_high": 0.08613139471713863
        },
        "spearman_rho": {
          "mean": 0.2791484345747625,
          "ci_low": 0.15423832329751427,
          "ci_high": 0.3953248467740845
        },
        "kendall_tau": {
          "mean": 0.18751433181028387,
          "ci_low": 0.10244962130143753,
          "ci_high": 0.2677082324753363
        }
      },
      "CYP2C9": {
        "st_rae": {
          "mean": 0.8973685550213425,
          "ci_low": 0.7661790870819927,
          "ci_high": 1.0369786688985851
        },
        "mae": {
          "mean": 0.5557759276973415,
          "ci_low": 0.48901452573422854,
          "ci_high": 0.6218027660084254
        },
        "r2": {
          "mean": 0.11139126290800175,
          "ci_low": -0.04823013709210513,
          "ci_high": 0.25019432167498595
        },
        "spearman_rho": {
          "mean": 0.45334502301108887,
          "ci_low": 0.3376253148163396,
          "ci_high": 0.5631019501256472
        },
        "kendall_tau": {
          "mean": 0.3117309945349767,
          "ci_low": 0.23141165750689116,
          "ci_high": 0.39545002902389825
        }
      },
      "CYP2D6": {
        "st_rae": {
          "mean": 1.1381292883490657,
          "ci_low": 1.0067466521804491,
          "ci_high": 1.282789800912841
        },
        "mae": {
          "mean": 0.633380159607141,
          "ci_low": 0.5578556143200916,
          "ci_high": 0.7144983807854031
        },
        "r2": {
          "mean": -0.11298866684686092,
          "ci_low": -0.2839730217598733,
          "ci_high": 0.026613893695609805
        },
        "spearman_rho": {
          "mean": 0.22660036209232423,
          "ci_low": 0.09014531235498492,
          "ci_high": 0.3592322860529753
        },
        "kendall_tau": {
          "mean": 0.15654289856096995,
          "ci_low": 0.062128956273977874,
          "ci_high": 0.24893040446330902
        }
      },
      "CYP3A4": {
        "st_rae": {
          "mean": 0.7228866672559221,
          "ci_low": 0.6557565869522785,
          "ci_high": 0.7973051343144331
        },
        "mae": {
          "mean": 0.7627963746726677,
          "ci_low": 0.7006245762770196,
          "ci_high": 0.8269093652346127
        },
        "r2": {
          "mean": 0.19483716205654683,
          "ci_low": 0.10924431033251794,
          "ci_high": 0.27932434265947953
        },
        "spearman_rho": {
          "mean": 0.5236104174379668,
          "ci_low": 0.4412423204206158,
          "ci_high": 0.6055838054781916
        },
        "kendall_tau": {
          "mean": 0.37272614300908813,
          "ci_low": 0.3120158877391151,
          "ci_high": 0.4336407525686852
        }
      }
    }
  },
  "epochs_run": 6,
  "fit_observations": 4213,
  "validation_observations": 1003,
  "rule": "conservative_graph_flux",
  "generations": 250,
  "hidden_channels": 16,
  "atom_feature_profile": "comprehensive",
  "atom_feature_count": 57,
  "atom_feature_names": [
    "element_H",
    "element_C",
    "element_N",
    "element_O",
    "element_F",
    "element_P",
    "element_S",
    "element_Cl",
    "element_Br",
    "element_I",
    "element_other",
    "formal_charge",
    "aromatic",
    "hybrid_sp",
    "hybrid_sp2",
    "hybrid_sp3",
    "hybrid_other",
    "degree",
    "total_hydrogens",
    "in_ring",
    "hbond_donor",
    "hbond_acceptor",
    "chiral_cw",
    "chiral_ccw",
    "chiral_other",
    "atomic_number",
    "atomic_mass",
    "covalent_radius",
    "vdw_radius",
    "outer_electrons",
    "period",
    "periodic_group",
    "atomic_volume",
    "total_valence",
    "implicit_valence",
    "heavy_atom_degree",
    "radical_electrons",
    "absolute_formal_charge",
    "electronegativity",
    "polarizability",
    "heteroatom",
    "halogen",
    "conjugated_bond_fraction",
    "first_ionization_energy",
    "electron_affinity",
    "electronic_property_missing",
    "ring_count",
    "ring_size_3",
    "ring_size_4",
    "ring_size_5",
    "ring_size_6",
    "ring_size_7",
    "ring_size_8_plus",
    "mean_neighbour_electronegativity",
    "electronegativity_difference",
    "mean_neighbour_atomic_number",
    "neighbour_formal_charge"
  ],
  "device": "cuda",
  "gpu": "NVIDIA GeForce RTX 5070 Ti",
  "training_seconds": 158.50134010007605,
  "peak_gpu_memory_bytes": 824125952,
  "runtime": {
    "operating_system": "Windows-10-10.0.26200-SP0",
    "machine": "AMD64",
    "python": "3.11.16",
    "python_executable": "C:\\Users\\Anthony\\anaconda3\\envs\\strange-matter-gpu\\python.exe",
    "pytorch": "2.11.0+cu128",
    "pytorch_cuda": "12.8",
    "device": "cuda",
    "gpu": "NVIDIA GeForce RTX 5070 Ti"
  },
  "validation_protocol": {
    "kind": "scaffold_cross_validation",
    "fold": 1,
    "folds": 5
  },
  "readout": "differentiable_closed_form_ridge",
  "hyperparameters": {
    "ca_lr": 0.003,
    "ridge": 1.0,
    "ca_l2": 1e-06,
    "gradient_clip": 2.0,
    "update_scale": 0.15,
    "init_scale": 1.5,
    "initial_noise": 0.0,
    "support_fraction": 0.85,
    "bond_temperature": 0.5,
    "dyn_a": 0.5,
    "dyn_b": 0.2,
    "dyn_c": 0.5,
    "dyn_d": 0.05,
    "lr_schedule": "cosine_0.1x"
  }
}
