{"operating_system": "Windows-10-10.0.26200-SP0", "machine": "AMD64", "python": "3.11.16", "python_executable": "C:\\Users\\Anthony\\anaconda3\\envs\\strange-matter-gpu\\python.exe", "pytorch": "2.11.0+cu128", "pytorch_cuda": "12.8", "device": "cuda", "gpu": "NVIDIA GeForce RTX 5070 Ti"}
{"epoch": 1, "train_rmse": 1.1445844763339574, "validation_rmse": 0.8206835985183716, "validation_ma_st_rae": 0.8885380534606728, "validation_CYP1A2_st_rae": 0.8762211669974171, "validation_CYP2C9_st_rae": 0.8646474438710906, "validation_CYP2D6_st_rae": 1.0492799180451478, "validation_CYP3A4_st_rae": 0.764003684929036, "mean_raw_gradient_norm": 12.590922385454178, "fraction_gradients_clipped": 1.0}
{"epoch": 2, "train_rmse": 1.0689116145421722, "validation_rmse": 0.8186819553375244, "validation_ma_st_rae": 0.8842857386582849, "validation_CYP1A2_st_rae": 0.8706472419768903, "validation_CYP2C9_st_rae": 0.8598208911615369, "validation_CYP2D6_st_rae": 1.0448502211519461, "validation_CYP3A4_st_rae": 0.7618246003427661, "mean_raw_gradient_norm": 10.5545988753438, "fraction_gradients_clipped": 1.0}
{"epoch": 3, "train_rmse": 1.1100620034170736, "validation_rmse": 0.8178582191467285, "validation_ma_st_rae": 0.8819791710201321, "validation_CYP1A2_st_rae": 0.8665225477658556, "validation_CYP2C9_st_rae": 0.857255455525659, "validation_CYP2D6_st_rae": 1.0420694725676747, "validation_CYP3A4_st_rae": 0.7620692082213392, "mean_raw_gradient_norm": 12.765711262822151, "fraction_gradients_clipped": 1.0}
{"epoch": 4, "train_rmse": 1.1455107288375344, "validation_rmse": 0.8178417086601257, "validation_ma_st_rae": 0.8816257793643733, "validation_CYP1A2_st_rae": 0.8632540949277523, "validation_CYP2C9_st_rae": 0.8584912531324898, "validation_CYP2D6_st_rae": 1.042881699279699, "validation_CYP3A4_st_rae": 0.7618760701175521, "mean_raw_gradient_norm": 12.346627168357372, "fraction_gradients_clipped": 1.0}
{"epoch": 5, "train_rmse": 1.1677340609144864, "validation_rmse": 0.8173344731330872, "validation_ma_st_rae": 0.880770548879613, "validation_CYP1A2_st_rae": 0.862820503227381, "validation_CYP2C9_st_rae": 0.8580814687725041, "validation_CYP2D6_st_rae": 1.0408843186584287, "validation_CYP3A4_st_rae": 0.7612959048601385, "mean_raw_gradient_norm": 12.788589030504227, "fraction_gradients_clipped": 1.0}
{
  "seed": 1701,
  "selection_metric": "validation_ma_st_rae",
  "best_validation_ma_st_rae": 0.880770548879613,
  "best_validation_rmse": 0.8173344731330872,
  "restored_fit_rmse": 0.8670409917831421,
  "restored_validation_rmse": 0.8173350095748901,
  "restored_fit_ma_st_rae": 0.8663932442356805,
  "restored_validation_ma_st_rae": 0.8845262032267384,
  "restored_validation_point_ma_st_rae": 0.8807687888094771,
  "restored_validation_point_st_rae_by_cyp": {
    "CYP1A2": 0.8628244893907,
    "CYP2C9": 0.8580771094225941,
    "CYP2D6": 1.0408786646516894,
    "CYP3A4": 0.7612948917729245
  },
  "restored_fit_st_rae_by_cyp": {
    "CYP1A2": 0.8894760539531567,
    "CYP2C9": 0.8644560749747816,
    "CYP2D6": 0.9854734290495116,
    "CYP3A4": 0.7261674189652725
  },
  "restored_validation_st_rae_by_cyp": {
    "CYP1A2": 0.8643714349752629,
    "CYP2C9": 0.8652694980543677,
    "CYP2D6": 1.044844701373701,
    "CYP3A4": 0.7636191785036219
  },
  "validation_bootstrap_metrics": {
    "n_bootstrap_samples": 1000,
    "seed": 0,
    "macro": {
      "st_rae": {
        "mean": 0.8845262032267384,
        "ci_low": 0.820929994460197,
        "ci_high": 0.957319186448174
      },
      "mae": {
        "mean": 0.6036369825761598,
        "ci_low": 0.5647510167445,
        "ci_high": 0.6475246024111981
      },
      "r2": {
        "mean": 0.16231871778991,
        "ci_low": 0.09418048791739335,
        "ci_high": 0.2248578816479596
      },
      "spearman_rho": {
        "mean": 0.44463475962685883,
        "ci_low": 0.3750813673091115,
        "ci_high": 0.5045385285554568
      },
      "kendall_tau": {
        "mean": 0.313020293292975,
        "ci_low": 0.2626195742650448,
        "ci_high": 0.35789491062997997
      }
    },
    "per_endpoint": {
      "CYP1A2": {
        "st_rae": {
          "mean": 0.8643714349752629,
          "ci_low": 0.7388993033589913,
          "ci_high": 1.0119520439221559
        },
        "mae": {
          "mean": 0.60398498614825,
          "ci_low": 0.500909177224401,
          "ci_high": 0.7152490379944654
        },
        "r2": {
          "mean": 0.2058353508111813,
          "ci_low": 0.07662903583051929,
          "ci_high": 0.3239050591953066
        },
        "spearman_rho": {
          "mean": 0.5317451053276823,
          "ci_low": 0.3940566127797443,
          "ci_high": 0.6496917892454085
        },
        "kendall_tau": {
          "mean": 0.38076626862007446,
          "ci_low": 0.2825825770967994,
          "ci_high": 0.4684669024385278
        }
      },
      "CYP2C9": {
        "st_rae": {
          "mean": 0.8652694980543677,
          "ci_low": 0.7002829954385033,
          "ci_high": 1.056358544982964
        },
        "mae": {
          "mean": 0.5631907552350176,
          "ci_low": 0.48952203714934583,
          "ci_high": 0.640571126189545
        },
        "r2": {
          "mean": 0.18463215610428782,
          "ci_low": 0.029657896474725925,
          "ci_high": 0.30526100412771334
        },
        "spearman_rho": {
          "mean": 0.39236165044811844,
          "ci_low": 0.22701440146919377,
          "ci_high": 0.5279773193303618
        },
        "kendall_tau": {
          "mean": 0.26901563623373004,
          "ci_low": 0.1491740734529599,
          "ci_high": 0.3689024024348567
        }
      },
      "CYP2D6": {
        "st_rae": {
          "mean": 1.044844701373701,
          "ci_low": 0.9334115861199745,
          "ci_high": 1.1708463320178697
        },
        "mae": {
          "mean": 0.5680523527733184,
          "ci_low": 0.48645061539404044,
          "ci_high": 0.6502876464675807
        },
        "r2": {
          "mean": -0.06016187263264915,
          "ci_low": -0.24135395042539123,
          "ci_high": 0.06954101349281155
        },
        "spearman_rho": {
          "mean": 0.27167098453114646,
          "ci_low": 0.11712341066050788,
          "ci_high": 0.41505500486485997
        },
        "kendall_tau": {
          "mean": 0.18271429033414643,
          "ci_low": 0.07472620644237021,
          "ci_high": 0.2784569401420326
        }
      },
      "CYP3A4": {
        "st_rae": {
          "mean": 0.7636191785036219,
          "ci_low": 0.656332207255462,
          "ci_high": 0.8703089300283944
        },
        "mae": {
          "mean": 0.6793198361480532,
          "ci_low": 0.6096526650604138,
          "ci_high": 0.7490946212213887
        },
        "r2": {
          "mean": 0.3189692368768201,
          "ci_low": 0.19553686459563713,
          "ci_high": 0.42227683664504234
        },
        "spearman_rho": {
          "mean": 0.5827612982004884,
          "ci_low": 0.49039289599357416,
          "ci_high": 0.6655228277377436
        },
        "kendall_tau": {
          "mean": 0.41958497798394906,
          "ci_low": 0.3484722386595446,
          "ci_high": 0.4869841941847808
        }
      }
    }
  },
  "epochs_run": 5,
  "fit_observations": 2652,
  "validation_observations": 680,
  "rule": "inertial_reaction_diffusion",
  "generations": 32,
  "hidden_channels": 16,
  "atom_feature_profile": "electronic_local",
  "atom_feature_count": 37,
  "atom_feature_names": [
    "element_H",
    "element_C",
    "element_N",
    "element_O",
    "element_F",
    "element_P",
    "element_S",
    "element_Cl",
    "element_Br",
    "element_I",
    "element_other",
    "formal_charge",
    "aromatic",
    "hybrid_sp",
    "hybrid_sp2",
    "hybrid_sp3",
    "hybrid_other",
    "degree",
    "total_hydrogens",
    "in_ring",
    "hbond_donor",
    "hbond_acceptor",
    "chiral_cw",
    "chiral_ccw",
    "chiral_other",
    "electronegativity",
    "polarizability",
    "heteroatom",
    "halogen",
    "conjugated_bond_fraction",
    "first_ionization_energy",
    "electron_affinity",
    "electronic_property_missing",
    "mean_neighbour_electronegativity",
    "electronegativity_difference",
    "mean_neighbour_atomic_number",
    "neighbour_formal_charge"
  ],
  "device": "cuda",
  "gpu": "NVIDIA GeForce RTX 5070 Ti",
  "training_seconds": 42.24949229997583,
  "peak_gpu_memory_bytes": 108419584,
  "runtime": {
    "operating_system": "Windows-10-10.0.26200-SP0",
    "machine": "AMD64",
    "python": "3.11.16",
    "python_executable": "C:\\Users\\Anthony\\anaconda3\\envs\\strange-matter-gpu\\python.exe",
    "pytorch": "2.11.0+cu128",
    "pytorch_cuda": "12.8",
    "device": "cuda",
    "gpu": "NVIDIA GeForce RTX 5070 Ti"
  },
  "validation_protocol": {
    "kind": "scaffold_cross_validation",
    "fold": 0,
    "folds": 5
  },
  "readout": "differentiable_closed_form_ridge",
  "hyperparameters": {
    "ca_lr": 0.0003,
    "ridge": 1.0,
    "ca_l2": 1e-05,
    "gradient_clip": 1.0,
    "update_scale": 0.4,
    "init_scale": 0.5,
    "initial_noise": 0.0,
    "support_fraction": 0.85,
    "bond_temperature": 1.0,
    "dyn_a": 0.5,
    "dyn_b": 0.8,
    "dyn_c": 0.5,
    "dyn_d": 0.3,
    "lr_schedule": "cosine_0.1x"
  }
}

}
