{"operating_system": "Windows-10-10.0.26200-SP0", "machine": "AMD64", "python": "3.11.16", "python_executable": "C:\\Users\\Anthony\\anaconda3\\envs\\strange-matter-gpu\\python.exe", "pytorch": "2.11.0+cu128", "pytorch_cuda": "12.8", "device": "cuda", "gpu": "NVIDIA GeForce RTX 5070 Ti"}
{"epoch": 1, "train_rmse": 1.134826094205882, "validation_rmse": 0.8561707139015198, "validation_ma_st_rae": 0.8556380788817239, "validation_CYP1A2_st_rae": 0.915085386604546, "validation_CYP2C9_st_rae": 0.790501946901451, "validation_CYP2D6_st_rae": 0.9729982725902729, "validation_CYP3A4_st_rae": 0.7439667094306255, "mean_raw_gradient_norm": 8.607437789440155, "fraction_gradients_clipped": 0.98}
{"epoch": 2, "train_rmse": 1.0769018265609407, "validation_rmse": 0.8565064668655396, "validation_ma_st_rae": 0.854481500943926, "validation_CYP1A2_st_rae": 0.9130184379801918, "validation_CYP2C9_st_rae": 0.7874634781112937, "validation_CYP2D6_st_rae": 0.9734933840677362, "validation_CYP3A4_st_rae": 0.7439507036164829, "mean_raw_gradient_norm": 6.183746814727783, "fraction_gradients_clipped": 1.0}
{"epoch": 3, "train_rmse": 1.1698978103156603, "validation_rmse": 0.8564957976341248, "validation_ma_st_rae": 0.8522839781390191, "validation_CYP1A2_st_rae": 0.9084630796723688, "validation_CYP2C9_st_rae": 0.7819512466642947, "validation_CYP2D6_st_rae": 0.9738171478837148, "validation_CYP3A4_st_rae": 0.7449044383356979, "mean_raw_gradient_norm": 6.404435725212097, "fraction_gradients_clipped": 1.0}
{"epoch": 4, "train_rmse": 1.1325249589891133, "validation_rmse": 0.8557174801826477, "validation_ma_st_rae": 0.8519495257452459, "validation_CYP1A2_st_rae": 0.907304605295472, "validation_CYP2C9_st_rae": 0.7842640554490706, "validation_CYP2D6_st_rae": 0.9720498704232594, "validation_CYP3A4_st_rae": 0.7441795718131815, "mean_raw_gradient_norm": 6.343231015205383, "fraction_gradients_clipped": 1.0}
{"epoch": 5, "train_rmse": 1.1364037779479694, "validation_rmse": 0.8553324341773987, "validation_ma_st_rae": 0.8513305446418346, "validation_CYP1A2_st_rae": 0.9060364669661968, "validation_CYP2C9_st_rae": 0.7849760114381924, "validation_CYP2D6_st_rae": 0.9701375686221584, "validation_CYP3A4_st_rae": 0.7441721315407904, "mean_raw_gradient_norm": 6.645319290161133, "fraction_gradients_clipped": 0.98}
{"epoch": 6, "train_rmse": 1.1005278796971045, "validation_rmse": 0.8546968102455139, "validation_ma_st_rae": 0.8502831551342078, "validation_CYP1A2_st_rae": 0.9029738151331526, "validation_CYP2C9_st_rae": 0.7847411821690895, "validation_CYP2D6_st_rae": 0.9696886860542072, "validation_CYP3A4_st_rae": 0.7437289371803819, "mean_raw_gradient_norm": 6.401333541870117, "fraction_gradients_clipped": 1.0}
{
  "seed": 2909,
  "selection_metric": "validation_ma_st_rae",
  "best_validation_ma_st_rae": 0.8522839781390191,
  "best_validation_rmse": 0.8564957976341248,
  "restored_fit_rmse": 0.8555480241775513,
  "restored_validation_rmse": 0.8564963936805725,
  "restored_fit_ma_st_rae": 0.8597646719458099,
  "restored_validation_ma_st_rae": 0.8555879662604029,
  "restored_validation_point_ma_st_rae": 0.852286771468158,
  "restored_validation_point_st_rae_by_cyp": {
    "CYP1A2": 0.9084746661220797,
    "CYP2C9": 0.7819477953519458,
    "CYP2D6": 0.9738206798885426,
    "CYP3A4": 0.7449039445100639
  },
  "restored_fit_st_rae_by_cyp": {
    "CYP1A2": 0.8857493870804061,
    "CYP2C9": 0.8128426800705504,
    "CYP2D6": 1.010158098497103,
    "CYP3A4": 0.7303085221351794
  },
  "restored_validation_st_rae_by_cyp": {
    "CYP1A2": 0.9141070359185168,
    "CYP2C9": 0.7866935852196165,
    "CYP2D6": 0.9752933539719578,
    "CYP3A4": 0.7462578899315212
  },
  "validation_bootstrap_metrics": {
    "n_bootstrap_samples": 1000,
    "seed": 0,
    "macro": {
      "st_rae": {
        "mean": 0.8555879662604029,
        "ci_low": 0.8101232942605734,
        "ci_high": 0.9045057762135679
      },
      "mae": {
        "mean": 0.6177349025188107,
        "ci_low": 0.5830276480903067,
        "ci_high": 0.6509620341904115
      },
      "r2": {
        "mean": 0.18051847629650672,
        "ci_low": 0.12361431049572767,
        "ci_high": 0.23025870356955053
      },
      "spearman_rho": {
        "mean": 0.4258971891202067,
        "ci_low": 0.37048570054136654,
        "ci_high": 0.4811674474692977
      },
      "kendall_tau": {
        "mean": 0.2954833164965989,
        "ci_low": 0.25533605083903765,
        "ci_high": 0.33514857027241074
      }
    },
    "per_endpoint": {
      "CYP1A2": {
        "st_rae": {
          "mean": 0.9141070359185168,
          "ci_low": 0.8071474242874999,
          "ci_high": 1.0196117554657969
        },
        "mae": {
          "mean": 0.6915569555227337,
          "ci_low": 0.6126867242509203,
          "ci_high": 0.7760179338792875
        },
        "r2": {
          "mean": 0.13965356175472418,
          "ci_low": 0.011487438755134883,
          "ci_high": 0.24685911743047265
        },
        "spearman_rho": {
          "mean": 0.42130554495691785,
          "ci_low": 0.3102001647846161,
          "ci_high": 0.524488049258443
        },
        "kendall_tau": {
          "mean": 0.28603842875043983,
          "ci_low": 0.20865764244859378,
          "ci_high": 0.360162981499969
        }
      },
      "CYP2C9": {
        "st_rae": {
          "mean": 0.7866935852196165,
          "ci_low": 0.6654781278027824,
          "ci_high": 0.9106037754315288
        },
        "mae": {
          "mean": 0.47686146148006514,
          "ci_low": 0.42233479040684085,
          "ci_high": 0.530512169623139
        },
        "r2": {
          "mean": 0.26676727301316633,
          "ci_low": 0.1500417330296697,
          "ci_high": 0.37546585555885664
        },
        "spearman_rho": {
          "mean": 0.4506288323230624,
          "ci_low": 0.33588134845123907,
          "ci_high": 0.5646314175253586
        },
        "kendall_tau": {
          "mean": 0.31257019704671357,
          "ci_low": 0.22879711456849366,
          "ci_high": 0.3973438979663556
        }
      },
      "CYP2D6": {
        "st_rae": {
          "mean": 0.9752933539719578,
          "ci_low": 0.9088740975411868,
          "ci_high": 1.0481991627257086
        },
        "mae": {
          "mean": 0.6120294864703474,
          "ci_low": 0.5317947209532083,
          "ci_high": 0.6919778412476377
        },
        "r2": {
          "mean": 0.016496607403697607,
          "ci_low": -0.06840387388149173,
          "ci_high": 0.09826529346241968
        },
        "spearman_rho": {
          "mean": 0.25861427191970454,
          "ci_low": 0.134324343352552,
          "ci_high": 0.37192747049340497
        },
        "kendall_tau": {
          "mean": 0.17366784397442842,
          "ci_low": 0.08419344441258143,
          "ci_high": 0.25425591509071915
        }
      },
      "CYP3A4": {
        "st_rae": {
          "mean": 0.7462578899315212,
          "ci_low": 0.6710381752114155,
          "ci_high": 0.8259675017158685
        },
        "mae": {
          "mean": 0.6904917066020966,
          "ci_low": 0.6380074668486913,
          "ci_high": 0.7461869073708852
        },
        "r2": {
          "mean": 0.2991564630144387,
          "ci_low": 0.17787923969622305,
          "ci_high": 0.39909434849039915
        },
        "spearman_rho": {
          "mean": 0.5730401072811419,
          "ci_low": 0.4936615665909175,
          "ci_high": 0.6500374288267057
        },
        "kendall_tau": {
          "mean": 0.4096567962148141,
          "ci_low": 0.3501419800188163,
          "ci_high": 0.46987717449839644
        }
      }
    }
  },
  "epochs_run": 6,
  "fit_observations": 4177,
  "validation_observations": 1039,
  "rule": "gated_residual",
  "generations": 32,
  "hidden_channels": 16,
  "atom_feature_profile": "local_environment",
  "atom_feature_count": 29,
  "atom_feature_names": [
    "element_H",
    "element_C",
    "element_N",
    "element_O",
    "element_F",
    "element_P",
    "element_S",
    "element_Cl",
    "element_Br",
    "element_I",
    "element_other",
    "formal_charge",
    "aromatic",
    "hybrid_sp",
    "hybrid_sp2",
    "hybrid_sp3",
    "hybrid_other",
    "degree",
    "total_hydrogens",
    "in_ring",
    "hbond_donor",
    "hbond_acceptor",
    "chiral_cw",
    "chiral_ccw",
    "chiral_other",
    "mean_neighbour_electronegativity",
    "electronegativity_difference",
    "mean_neighbour_atomic_number",
    "neighbour_formal_charge"
  ],
  "device": "cuda",
  "gpu": "NVIDIA GeForce RTX 5070 Ti",
  "training_seconds": 35.19567049993202,
  "peak_gpu_memory_bytes": 126924288,
  "runtime": {
    "operating_system": "Windows-10-10.0.26200-SP0",
    "machine": "AMD64",
    "python": "3.11.16",
    "python_executable": "C:\\Users\\Anthony\\anaconda3\\envs\\strange-matter-gpu\\python.exe",
    "pytorch": "2.11.0+cu128",
    "pytorch_cuda": "12.8",
    "device": "cuda",
    "gpu": "NVIDIA GeForce RTX 5070 Ti"
  },
  "validation_protocol": {
    "kind": "scaffold_cross_validation",
    "fold": 2,
    "folds": 5
  },
  "readout": "differentiable_closed_form_ridge",
  "prediction_mode": "direct",
  "residual_alpha": null,
  "trajectory_pooling": "legacy",
  "ridge_mode": "shared",
  "loss_mode": "hybrid_interval",
  "interval_loss_beta": 0.5,
  "interval_temperature": 0.1,
  "hyperparameters": {
    "ca_lr": 0.0003,
    "ridge": 1.0,
    "ca_l2": 1e-05,
    "gradient_clip": 2.0,
    "update_scale": 0.08,
    "init_scale": 0.5,
    "initial_noise": 0.005,
    "support_fraction": 0.75,
    "bond_temperature": 1.0,
    "dyn_a": 0.5,
    "dyn_b": 0.8,
    "dyn_c": 0.2,
    "dyn_d": 0.05,
    "lr_schedule": "cosine_0.1x"
  }
}
