{"operating_system": "macOS-26.2-arm64-arm-64bit", "machine": "arm64", "python": "3.10.19", "python_executable": "/opt/anaconda3/envs/kcc2/bin/python3.10", "pytorch": "2.8.0", "pytorch_cuda": null, "device": "cpu", "gpu": null}
{"epoch": 1, "train_rmse": 1.031395219366524, "validation_rmse": 1.0193761587142944, "mean_raw_gradient_norm": 17.33081922531128, "fraction_gradients_clipped": 1.0}
{"epoch": 2, "train_rmse": 1.1667241536463984, "validation_rmse": 1.0205154418945312, "mean_raw_gradient_norm": 19.663868999481203, "fraction_gradients_clipped": 1.0}
{"epoch": 3, "train_rmse": 1.0951789454641532, "validation_rmse": 1.0200036764144897, "mean_raw_gradient_norm": 12.026468563079835, "fraction_gradients_clipped": 1.0}
{
  "seed": 1701,
  "best_validation_rmse": 1.0193761587142944,
  "restored_fit_rmse": 0.9169695377349854,
  "restored_validation_rmse": 1.0193761587142944,
  "epochs_run": 3,
  "fit_observations": 791,
  "validation_observations": 273,
  "rule": "gray_scott",
  "generations": 32,
  "hidden_channels": 4,
  "device": "cpu",
  "gpu": null,
  "training_seconds": 2.9205397500190884,
  "peak_gpu_memory_bytes": 0,
  "runtime": {
    "operating_system": "macOS-26.2-arm64-arm-64bit",
    "machine": "arm64",
    "python": "3.10.19",
    "python_executable": "/opt/anaconda3/envs/kcc2/bin/python3.10",
    "pytorch": "2.8.0",
    "pytorch_cuda": null,
    "device": "cpu",
    "gpu": null
  },
  "readout": "differentiable_closed_form_ridge",
  "hyperparameters": {
    "ca_lr": 0.001,
    "ridge": 0.01,
    "ca_l2": 1e-06,
    "gradient_clip": 2.0,
    "update_scale": 0.4,
    "init_scale": 1.5,
    "initial_noise": 0.005,
    "support_fraction": 0.75,
    "bond_temperature": 1.0,
    "dyn_a": 0.2,
    "dyn_b": 0.2,
    "dyn_c": 0.5,
    "dyn_d": 0.05,
    "lr_schedule": "cosine_0.1x"
  }
}
