{"operating_system": "Windows-10-10.0.26200-SP0", "machine": "AMD64", "python": "3.11.16", "python_executable": "C:\\Users\\Anthony\\anaconda3\\envs\\strange-matter-gpu\\python.exe", "pytorch": "2.11.0+cu128", "pytorch_cuda": "12.8", "device": "cuda", "gpu": "NVIDIA GeForce RTX 5070 Ti"}
{"epoch": 1, "train_rmse": 1.6235647556417858, "validation_rmse": 0.8617855906486511, "validation_ma_st_rae": 1.005301461594082, "validation_CYP1A2_st_rae": 1.0275473647541098, "validation_CYP2C9_st_rae": 1.0449367719319984, "validation_CYP2D6_st_rae": 1.0842323451927915, "validation_CYP3A4_st_rae": 0.8644893644974287, "mean_raw_gradient_norm": 32.4373996257782, "fraction_gradients_clipped": 1.0}
{"epoch": 2, "train_rmse": 1.3521177173341878, "validation_rmse": 0.8675470948219299, "validation_ma_st_rae": 1.015090853760908, "validation_CYP1A2_st_rae": 1.030127637356046, "validation_CYP2C9_st_rae": 1.065963482285367, "validation_CYP2D6_st_rae": 1.073612083532165, "validation_CYP3A4_st_rae": 0.8906602118700541, "mean_raw_gradient_norm": 17.517918395996094, "fraction_gradients_clipped": 1.0}
{"epoch": 3, "train_rmse": 1.4419636882346243, "validation_rmse": 0.8693209290504456, "validation_ma_st_rae": 1.0176688015392579, "validation_CYP1A2_st_rae": 1.0270766765989874, "validation_CYP2C9_st_rae": 1.068023613277862, "validation_CYP2D6_st_rae": 1.077102846224386, "validation_CYP3A4_st_rae": 0.8984720700557963, "mean_raw_gradient_norm": 17.55803437232971, "fraction_gradients_clipped": 1.0}
{
  "seed": 1701,
  "selection_metric": "validation_ma_st_rae",
  "best_validation_ma_st_rae": 1.005301461594082,
  "best_validation_rmse": 0.8617855906486511,
  "restored_fit_rmse": 0.9153756499290466,
  "restored_validation_rmse": 0.8617745041847229,
  "restored_fit_ma_st_rae": 0.857227643265456,
  "restored_validation_ma_st_rae": 1.0228174909469303,
  "restored_validation_point_ma_st_rae": 1.0052913747943364,
  "restored_validation_point_st_rae_by_cyp": {
    "CYP1A2": 1.0274699014229054,
    "CYP2C9": 1.0450455767087408,
    "CYP2D6": 1.0841929342478902,
    "CYP3A4": 0.8644570867978086
  },
  "restored_fit_st_rae_by_cyp": {
    "CYP1A2": 0.9007537090320227,
    "CYP2C9": 0.7971704470885939,
    "CYP2D6": 0.9630576755154096,
    "CYP3A4": 0.7679287414257976
  },
  "restored_validation_st_rae_by_cyp": {
    "CYP1A2": 1.0323418874657675,
    "CYP2C9": 1.0813646258221943,
    "CYP2D6": 1.0977621898566539,
    "CYP3A4": 0.8798012606431055
  },
  "validation_bootstrap_metrics": {
    "n_bootstrap_samples": 1000,
    "seed": 0,
    "macro": {
      "st_rae": {
        "mean": 1.0228174909469303,
        "ci_low": 0.8917806745378856,
        "ci_high": 1.164059952411199
      },
      "mae": {
        "mean": 0.6473809027946424,
        "ci_low": 0.5773736673540273,
        "ci_high": 0.7209178241664038
      },
      "r2": {
        "mean": 0.015452892138161709,
        "ci_low": -0.14137816157126729,
        "ci_high": 0.1442895265884839
      },
      "spearman_rho": {
        "mean": 0.3994723698288803,
        "ci_low": 0.29466297667542257,
        "ci_high": 0.5043374857857831
      },
      "kendall_tau": {
        "mean": 0.2804866998511169,
        "ci_low": 0.20424570236610307,
        "ci_high": 0.3603026637428296
      }
    },
    "per_endpoint": {
      "CYP1A2": {
        "st_rae": {
          "mean": 1.0323418874657675,
          "ci_low": 0.7806203891324051,
          "ci_high": 1.3309036619080006
        },
        "mae": {
          "mean": 0.6712951495764685,
          "ci_low": 0.5215434932317891,
          "ci_high": 0.8527877226227619
        },
        "r2": {
          "mean": 0.10159569039649691,
          "ci_low": -0.1895835788544398,
          "ci_high": 0.3141979733434508
        },
        "spearman_rho": {
          "mean": 0.4862058969031823,
          "ci_low": 0.27613033749195354,
          "ci_high": 0.6671574265833965
        },
        "kendall_tau": {
          "mean": 0.34534099173130595,
          "ci_low": 0.19219576515107017,
          "ci_high": 0.4958703883216932
        }
      },
      "CYP2C9": {
        "st_rae": {
          "mean": 1.0813646258221943,
          "ci_low": 0.7603178288380714,
          "ci_high": 1.4480994358528034
        },
        "mae": {
          "mean": 0.579664999949932,
          "ci_low": 0.4539348739385605,
          "ci_high": 0.7118238936861355
        },
        "r2": {
          "mean": -0.18053484151558602,
          "ci_low": -0.5729421147473228,
          "ci_high": 0.15841357946041523
        },
        "spearman_rho": {
          "mean": 0.2904151536469954,
          "ci_low": 0.015675046473068603,
          "ci_high": 0.5325339797949383
        },
        "kendall_tau": {
          "mean": 0.207621275579375,
          "ci_low": 0.00801843869731801,
          "ci_high": 0.3881873802152439
        }
      },
      "CYP2D6": {
        "st_rae": {
          "mean": 1.0977621898566539,
          "ci_low": 0.8907309069817572,
          "ci_high": 1.3605726464027434
        },
        "mae": {
          "mean": 0.5956674243120046,
          "ci_low": 0.4656342517412626,
          "ci_high": 0.7528030334986173
        },
        "r2": {
          "mean": -0.13361573219999848,
          "ci_low": -0.4997376704856911,
          "ci_high": 0.13259521456485598
        },
        "spearman_rho": {
          "mean": 0.28961413913679984,
          "ci_low": 0.06127674487556942,
          "ci_high": 0.5126071828675872
        },
        "kendall_tau": {
          "mean": 0.19746341822238117,
          "ci_low": 0.040180429035317114,
          "ci_high": 0.3598539879869473
        }
      },
      "CYP3A4": {
        "st_rae": {
          "mean": 0.8798012606431055,
          "ci_low": 0.7034888891616092,
          "ci_high": 1.112571058213799
        },
        "mae": {
          "mean": 0.7428960373401642,
          "ci_low": 0.6471690376830656,
          "ci_high": 0.8485743312641632
        },
        "r2": {
          "mean": 0.2743664518717344,
          "ci_low": 0.11424612647055712,
          "ci_high": 0.40275713100981453
        },
        "spearman_rho": {
          "mean": 0.5316542896285436,
          "ci_low": 0.37225009434440093,
          "ci_high": 0.671163459990896
        },
        "kendall_tau": {
          "mean": 0.3715211138714054,
          "ci_low": 0.2524228783728976,
          "ci_high": 0.4839637437579669
        }
      }
    }
  },
  "epochs_run": 3,
  "fit_observations": 806,
  "validation_observations": 272,
  "rule": "gated_residual",
  "generations": 16,
  "hidden_channels": 8,
  "atom_feature_profile": "valence_electronic",
  "atom_feature_count": 38,
  "atom_feature_names": [
    "element_H",
    "element_C",
    "element_N",
    "element_O",
    "element_F",
    "element_P",
    "element_S",
    "element_Cl",
    "element_Br",
    "element_I",
    "element_other",
    "formal_charge",
    "aromatic",
    "hybrid_sp",
    "hybrid_sp2",
    "hybrid_sp3",
    "hybrid_other",
    "degree",
    "total_hydrogens",
    "in_ring",
    "hbond_donor",
    "hbond_acceptor",
    "chiral_cw",
    "chiral_ccw",
    "chiral_other",
    "total_valence",
    "implicit_valence",
    "heavy_atom_degree",
    "radical_electrons",
    "absolute_formal_charge",
    "electronegativity",
    "polarizability",
    "heteroatom",
    "halogen",
    "conjugated_bond_fraction",
    "first_ionization_energy",
    "electron_affinity",
    "electronic_property_missing"
  ],
  "device": "cuda",
  "gpu": "NVIDIA GeForce RTX 5070 Ti",
  "training_seconds": 2.8229100999888033,
  "peak_gpu_memory_bytes": 48856064,
  "runtime": {
    "operating_system": "Windows-10-10.0.26200-SP0",
    "machine": "AMD64",
    "python": "3.11.16",
    "python_executable": "C:\\Users\\Anthony\\anaconda3\\envs\\strange-matter-gpu\\python.exe",
    "pytorch": "2.11.0+cu128",
    "pytorch_cuda": "12.8",
    "device": "cuda",
    "gpu": "NVIDIA GeForce RTX 5070 Ti"
  },
  "validation_protocol": {
    "kind": "scaffold_cross_validation",
    "fold": 0,
    "folds": 5
  },
  "readout": "differentiable_closed_form_ridge",
  "prediction_mode": "direct",
  "residual_alpha": null,
  "trajectory_pooling": "legacy",
  "ridge_mode": "shared",
  "loss_mode": "hybrid_interval",
  "interval_loss_beta": 1.0,
  "interval_temperature": 0.05,
  "hyperparameters": {
    "ca_lr": 0.003,
    "ridge": 0.01,
    "ca_l2": 0.0001,
    "gradient_clip": 1.0,
    "update_scale": 0.25,
    "init_scale": 0.5,
    "initial_noise": 0.0,
    "support_fraction": 0.75,
    "bond_temperature": 1.0,
    "dyn_a": 0.8,
    "dyn_b": 0.2,
    "dyn_c": 0.5,
    "dyn_d": 0.05,
    "lr_schedule": "cosine_0.1x"
  }
}
