{"operating_system": "Windows-10-10.0.26200-SP0", "machine": "AMD64", "python": "3.11.16", "python_executable": "C:\\Users\\Anthony\\anaconda3\\envs\\strange-matter-gpu\\python.exe", "pytorch": "2.11.0+cu128", "pytorch_cuda": "12.8", "device": "cuda", "gpu": "NVIDIA GeForce RTX 5070 Ti"}
{"epoch": 1, "train_rmse": 1.105151322205508, "validation_rmse": 0.9356508851051331, "validation_ma_st_rae": 0.9453465538512248, "validation_CYP1A2_st_rae": 0.8457416210855075, "validation_CYP2C9_st_rae": 1.013053173508526, "validation_CYP2D6_st_rae": 1.0217380937375207, "validation_CYP3A4_st_rae": 0.9008533270733449, "mean_raw_gradient_norm": 21.841177865862846, "fraction_gradients_clipped": 1.0}
{"epoch": 2, "train_rmse": 2.23146751551214, "validation_rmse": 0.9343958497047424, "validation_ma_st_rae": 0.949880326454404, "validation_CYP1A2_st_rae": 0.8550278630232874, "validation_CYP2C9_st_rae": 0.9944142211852919, "validation_CYP2D6_st_rae": 1.0501205457506173, "validation_CYP3A4_st_rae": 0.8999586758584196, "mean_raw_gradient_norm": 70.56516379117966, "fraction_gradients_clipped": 1.0}
{"epoch": 3, "train_rmse": 1.108689913007382, "validation_rmse": 0.9331850409507751, "validation_ma_st_rae": 0.9443884925685502, "validation_CYP1A2_st_rae": 0.8526733419771924, "validation_CYP2C9_st_rae": 0.9892664743445476, "validation_CYP2D6_st_rae": 1.0330363779389287, "validation_CYP3A4_st_rae": 0.902577776013532, "mean_raw_gradient_norm": 15.58835680782795, "fraction_gradients_clipped": 1.0}
{"epoch": 4, "train_rmse": 1.1104992005858862, "validation_rmse": 0.9334169030189514, "validation_ma_st_rae": 0.9492010801705141, "validation_CYP1A2_st_rae": 0.8574116726377411, "validation_CYP2C9_st_rae": 1.0098891005484527, "validation_CYP2D6_st_rae": 1.036421443672518, "validation_CYP3A4_st_rae": 0.8930821038233443, "mean_raw_gradient_norm": 21.70432909578085, "fraction_gradients_clipped": 1.0}
{
  "seed": 1701,
  "selection_metric": "validation_ma_st_rae",
  "best_validation_ma_st_rae": 0.9453465538512248,
  "best_validation_rmse": 0.9356508851051331,
  "restored_fit_rmse": 0.9462533593177795,
  "restored_validation_rmse": 0.9356520771980286,
  "restored_fit_ma_st_rae": 0.9669586803515966,
  "restored_validation_ma_st_rae": 0.9497995618228444,
  "restored_validation_point_ma_st_rae": 0.9453492931192692,
  "restored_validation_point_st_rae_by_cyp": {
    "CYP1A2": 0.8457421398505975,
    "CYP2C9": 1.013058258225442,
    "CYP2D6": 1.0217414780202454,
    "CYP3A4": 0.900855296380792
  },
  "restored_fit_st_rae_by_cyp": {
    "CYP1A2": 0.9236103611201699,
    "CYP2C9": 0.9818351551067426,
    "CYP2D6": 1.0426136099389756,
    "CYP3A4": 0.9197755952404983
  },
  "restored_validation_st_rae_by_cyp": {
    "CYP1A2": 0.8481698110619268,
    "CYP2C9": 1.02023888705072,
    "CYP2D6": 1.0260989773641414,
    "CYP3A4": 0.9046905718145897
  },
  "validation_bootstrap_metrics": {
    "n_bootstrap_samples": 1000,
    "seed": 0,
    "macro": {
      "st_rae": {
        "mean": 0.9497995618228444,
        "ci_low": 0.897003579430652,
        "ci_high": 1.0037685190746237
      },
      "mae": {
        "mean": 0.6826612571264745,
        "ci_low": 0.636562837601784,
        "ci_high": 0.7335253099879999
      },
      "r2": {
        "mean": 0.06292737556829534,
        "ci_low": 0.011562953291836136,
        "ci_high": 0.11432053578629274
      },
      "spearman_rho": {
        "mean": 0.2612482968087952,
        "ci_low": 0.1895098840973723,
        "ci_high": 0.3371339862754541
      },
      "kendall_tau": {
        "mean": 0.17905491279162356,
        "ci_low": 0.12938151618744492,
        "ci_high": 0.23295913955860512
      }
    },
    "per_endpoint": {
      "CYP1A2": {
        "st_rae": {
          "mean": 0.8481698110619268,
          "ci_low": 0.7608277527482238,
          "ci_high": 0.9419416281040273
        },
        "mae": {
          "mean": 0.7320709803836255,
          "ci_low": 0.6295886233071737,
          "ci_high": 0.8492389559745789
        },
        "r2": {
          "mean": 0.142376886755979,
          "ci_low": 0.06237268515436509,
          "ci_high": 0.22248838014257213
        },
        "spearman_rho": {
          "mean": 0.41376495591300616,
          "ci_low": 0.2803223403874669,
          "ci_high": 0.5432642825263956
        },
        "kendall_tau": {
          "mean": 0.28733366919735104,
          "ci_low": 0.19099832567124925,
          "ci_high": 0.3830490907796876
        }
      },
      "CYP2C9": {
        "st_rae": {
          "mean": 1.02023888705072,
          "ci_low": 0.8591023113911884,
          "ci_high": 1.207315500864915
        },
        "mae": {
          "mean": 0.5332234361797084,
          "ci_low": 0.45774263187510067,
          "ci_high": 0.6082488994617932
        },
        "r2": {
          "mean": 0.05067489790080995,
          "ci_low": -0.11971436060871188,
          "ci_high": 0.21092470830670654
        },
        "spearman_rho": {
          "mean": 0.20806037678600184,
          "ci_low": 0.030771892860771987,
          "ci_high": 0.3844305865473476
        },
        "kendall_tau": {
          "mean": 0.1438069689461716,
          "ci_low": 0.021006418712838214,
          "ci_high": 0.2705459592565076
        }
      },
      "CYP2D6": {
        "st_rae": {
          "mean": 1.0260989773641414,
          "ci_low": 0.9551205918742619,
          "ci_high": 1.1017963463163187
        },
        "mae": {
          "mean": 0.6588712961504646,
          "ci_low": 0.5538402005290309,
          "ci_high": 0.7718181939835244
        },
        "r2": {
          "mean": -0.0509328709686129,
          "ci_low": -0.1262936433367548,
          "ci_high": 0.021639407391007715
        },
        "spearman_rho": {
          "mean": 0.07647843588976465,
          "ci_low": -0.09305795595885567,
          "ci_high": 0.2459763305036696
        },
        "kendall_tau": {
          "mean": 0.04773408723540148,
          "ci_low": -0.06844232268349093,
          "ci_high": 0.16335593249830582
        }
      },
      "CYP3A4": {
        "st_rae": {
          "mean": 0.9046905718145897,
          "ci_low": 0.8424815724700518,
          "ci_high": 0.9684379531307957
        },
        "mae": {
          "mean": 0.8064793157920999,
          "ci_low": 0.7344605212999603,
          "ci_high": 0.873241791836286
        },
        "r2": {
          "mean": 0.10959058858500532,
          "ci_low": 0.043232590370797845,
          "ci_high": 0.17137473928952243
        },
        "spearman_rho": {
          "mean": 0.3466894186464083,
          "ci_low": 0.2239699209613526,
          "ci_high": 0.46031567674677615
        },
        "kendall_tau": {
          "mean": 0.23734492578757022,
          "ci_low": 0.14983351497289127,
          "ci_high": 0.31889174043064095
        }
      }
    }
  },
  "epochs_run": 4,
  "fit_observations": 2636,
  "validation_observations": 657,
  "rule": "kuramoto_sakaguchi",
  "generations": 16,
  "hidden_channels": 4,
  "atom_feature_profile": "electronic_local",
  "atom_feature_count": 37,
  "atom_feature_names": [
    "element_H",
    "element_C",
    "element_N",
    "element_O",
    "element_F",
    "element_P",
    "element_S",
    "element_Cl",
    "element_Br",
    "element_I",
    "element_other",
    "formal_charge",
    "aromatic",
    "hybrid_sp",
    "hybrid_sp2",
    "hybrid_sp3",
    "hybrid_other",
    "degree",
    "total_hydrogens",
    "in_ring",
    "hbond_donor",
    "hbond_acceptor",
    "chiral_cw",
    "chiral_ccw",
    "chiral_other",
    "electronegativity",
    "polarizability",
    "heteroatom",
    "halogen",
    "conjugated_bond_fraction",
    "first_ionization_energy",
    "electron_affinity",
    "electronic_property_missing",
    "mean_neighbour_electronegativity",
    "electronegativity_difference",
    "mean_neighbour_atomic_number",
    "neighbour_formal_charge"
  ],
  "device": "cuda",
  "gpu": "NVIDIA GeForce RTX 5070 Ti",
  "training_seconds": 12.129455999936908,
  "peak_gpu_memory_bytes": 33780224,
  "runtime": {
    "operating_system": "Windows-10-10.0.26200-SP0",
    "machine": "AMD64",
    "python": "3.11.16",
    "python_executable": "C:\\Users\\Anthony\\anaconda3\\envs\\strange-matter-gpu\\python.exe",
    "pytorch": "2.11.0+cu128",
    "pytorch_cuda": "12.8",
    "device": "cuda",
    "gpu": "NVIDIA GeForce RTX 5070 Ti"
  },
  "validation_protocol": {
    "kind": "scaffold_cross_validation",
    "fold": 2,
    "folds": 5
  },
  "readout": "differentiable_closed_form_ridge",
  "prediction_mode": "direct",
  "residual_alpha": null,
  "trajectory_pooling": "legacy",
  "ridge_mode": "shared",
  "loss_mode": "hybrid_interval",
  "interval_loss_beta": 0.75,
  "interval_temperature": 0.1,
  "hyperparameters": {
    "ca_lr": 0.0003,
    "ridge": 0.1,
    "ca_l2": 1e-06,
    "gradient_clip": 2.0,
    "update_scale": 0.4,
    "init_scale": 1.5,
    "initial_noise": 0.01,
    "support_fraction": 0.85,
    "bond_temperature": 0.5,
    "dyn_a": 0.8,
    "dyn_b": 0.8,
    "dyn_c": 0.8,
    "dyn_d": 0.05,
    "lr_schedule": "cosine_0.1x"
  }
}
