{"operating_system": "Windows-10-10.0.26200-SP0", "machine": "AMD64", "python": "3.11.16", "python_executable": "C:\\Users\\Anthony\\anaconda3\\envs\\strange-matter-gpu\\python.exe", "pytorch": "2.11.0+cu128", "pytorch_cuda": "12.8", "device": "cuda", "gpu": "NVIDIA GeForce RTX 5070 Ti"}
{"epoch": 1, "train_rmse": 1.3299401043993884, "validation_rmse": 0.9033175706863403, "validation_ma_st_rae": 0.9203351660398553, "validation_CYP1A2_st_rae": 0.9523551392196122, "validation_CYP2C9_st_rae": 0.8141680974230717, "validation_CYP2D6_st_rae": 1.0974669486097195, "validation_CYP3A4_st_rae": 0.8173504789070181, "mean_raw_gradient_norm": 48.74918752908707, "fraction_gradients_clipped": 1.0}
{"epoch": 2, "train_rmse": 1.2618320718102594, "validation_rmse": 0.8930362462997437, "validation_ma_st_rae": 0.9192639582175484, "validation_CYP1A2_st_rae": 0.9242177702550783, "validation_CYP2C9_st_rae": 0.8728268656141464, "validation_CYP2D6_st_rae": 1.096910253281419, "validation_CYP3A4_st_rae": 0.7831009437195495, "mean_raw_gradient_norm": 49.326746582984924, "fraction_gradients_clipped": 1.0}
{"epoch": 3, "train_rmse": 1.2970144319207022, "validation_rmse": 0.8978563547134399, "validation_ma_st_rae": 0.9409729080298389, "validation_CYP1A2_st_rae": 0.9525975103212303, "validation_CYP2C9_st_rae": 0.928764511728753, "validation_CYP2D6_st_rae": 1.1039138131996389, "validation_CYP3A4_st_rae": 0.7786157968697335, "mean_raw_gradient_norm": 49.076545804739, "fraction_gradients_clipped": 1.0}
{"epoch": 4, "train_rmse": 1.2250207895698189, "validation_rmse": 0.8959922194480896, "validation_ma_st_rae": 0.9318267642898848, "validation_CYP1A2_st_rae": 0.9348568514595087, "validation_CYP2C9_st_rae": 0.9142292492175728, "validation_CYP2D6_st_rae": 1.1010607950730353, "validation_CYP3A4_st_rae": 0.777160161409422, "mean_raw_gradient_norm": 31.040527403354645, "fraction_gradients_clipped": 1.0}
{
  "seed": 1701,
  "selection_metric": "validation_ma_st_rae",
  "best_validation_ma_st_rae": 0.9203351660398553,
  "best_validation_rmse": 0.9033175706863403,
  "restored_fit_rmse": 0.9086802005767822,
  "restored_validation_rmse": 0.9033166766166687,
  "restored_fit_ma_st_rae": 0.9151541253122186,
  "restored_validation_ma_st_rae": 0.924363341553355,
  "restored_validation_point_ma_st_rae": 0.9203378925288741,
  "restored_validation_point_st_rae_by_cyp": {
    "CYP1A2": 0.9523676142065404,
    "CYP2C9": 0.8141808466807008,
    "CYP2D6": 1.0974642332605962,
    "CYP3A4": 0.8173388759676594
  },
  "restored_fit_st_rae_by_cyp": {
    "CYP1A2": 0.9184878458668103,
    "CYP2C9": 0.851349231085684,
    "CYP2D6": 1.0611119324958769,
    "CYP3A4": 0.8296674918005033
  },
  "restored_validation_st_rae_by_cyp": {
    "CYP1A2": 0.9584133217537162,
    "CYP2C9": 0.8174740923611957,
    "CYP2D6": 1.1019307910558482,
    "CYP3A4": 0.81963516104266
  },
  "validation_bootstrap_metrics": {
    "n_bootstrap_samples": 1000,
    "seed": 0,
    "macro": {
      "st_rae": {
        "mean": 0.924363341553355,
        "ci_low": 0.8615659458429274,
        "ci_high": 0.9876208896846242
      },
      "mae": {
        "mean": 0.663274784460685,
        "ci_low": 0.6176087741847966,
        "ci_high": 0.7088381402030753
      },
      "r2": {
        "mean": 0.11049105638743915,
        "ci_low": 0.04450628134602398,
        "ci_high": 0.1743254408892261
      },
      "spearman_rho": {
        "mean": 0.361583470882843,
        "ci_low": 0.28584868588831186,
        "ci_high": 0.4402386387935049
      },
      "kendall_tau": {
        "mean": 0.2516751224159917,
        "ci_low": 0.1978191587305753,
        "ci_high": 0.30751272181127587
      }
    },
    "per_endpoint": {
      "CYP1A2": {
        "st_rae": {
          "mean": 0.9584133217537162,
          "ci_low": 0.8369345710633017,
          "ci_high": 1.104963873327612
        },
        "mae": {
          "mean": 0.7053278286613688,
          "ci_low": 0.6106794609640637,
          "ci_high": 0.8106452240996117
        },
        "r2": {
          "mean": 0.08303615586256367,
          "ci_low": -0.04705271872988529,
          "ci_high": 0.19816625313768865
        },
        "spearman_rho": {
          "mean": 0.3919750186477869,
          "ci_low": 0.2409454353883914,
          "ci_high": 0.5317752464647495
        },
        "kendall_tau": {
          "mean": 0.26497420507355113,
          "ci_low": 0.15881191667748717,
          "ci_high": 0.36748610695516576
        }
      },
      "CYP2C9": {
        "st_rae": {
          "mean": 0.8174740923611957,
          "ci_low": 0.6745145481163927,
          "ci_high": 0.9729880192366037
        },
        "mae": {
          "mean": 0.5201880924428692,
          "ci_low": 0.449678177687958,
          "ci_high": 0.600566976398002
        },
        "r2": {
          "mean": 0.1557990512793136,
          "ci_low": -0.02696662313676591,
          "ci_high": 0.30258969583776296
        },
        "spearman_rho": {
          "mean": 0.46734573834960236,
          "ci_low": 0.3054918501866044,
          "ci_high": 0.6032256440485048
        },
        "kendall_tau": {
          "mean": 0.33497010559880774,
          "ci_low": 0.22028530839351249,
          "ci_high": 0.437592995936655
        }
      },
      "CYP2D6": {
        "st_rae": {
          "mean": 1.1019307910558482,
          "ci_low": 0.9880614921681152,
          "ci_high": 1.2413958319793732
        },
        "mae": {
          "mean": 0.6399131433198052,
          "ci_low": 0.5405403078472527,
          "ci_high": 0.741808835041784
        },
        "r2": {
          "mean": 0.01446573822152902,
          "ci_low": -0.10786836601521417,
          "ci_high": 0.12241221015967588
        },
        "spearman_rho": {
          "mean": 0.13657435387368497,
          "ci_low": -0.03623351968732951,
          "ci_high": 0.3093613569708116
        },
        "kendall_tau": {
          "mean": 0.09179720617522663,
          "ci_low": -0.019228681683131642,
          "ci_high": 0.20852537055068696
        }
      },
      "CYP3A4": {
        "st_rae": {
          "mean": 0.81963516104266,
          "ci_low": 0.7309830159768906,
          "ci_high": 0.9119999892482171
        },
        "mae": {
          "mean": 0.7876700734186963,
          "ci_low": 0.7071677396282616,
          "ci_high": 0.867208982416703
        },
        "r2": {
          "mean": 0.18866328018635037,
          "ci_low": 0.0979850774171708,
          "ci_high": 0.2778548478441692
        },
        "spearman_rho": {
          "mean": 0.4504387726602977,
          "ci_low": 0.3391007817761452,
          "ci_high": 0.5531826949862277
        },
        "kendall_tau": {
          "mean": 0.3149589728163815,
          "ci_low": 0.2370119019452066,
          "ci_high": 0.39014871464872025
        }
      }
    }
  },
  "epochs_run": 4,
  "fit_observations": 2659,
  "validation_observations": 646,
  "rule": "delayed_memory",
  "generations": 500,
  "hidden_channels": 8,
  "atom_feature_profile": "comprehensive",
  "atom_feature_count": 57,
  "atom_feature_names": [
    "element_H",
    "element_C",
    "element_N",
    "element_O",
    "element_F",
    "element_P",
    "element_S",
    "element_Cl",
    "element_Br",
    "element_I",
    "element_other",
    "formal_charge",
    "aromatic",
    "hybrid_sp",
    "hybrid_sp2",
    "hybrid_sp3",
    "hybrid_other",
    "degree",
    "total_hydrogens",
    "in_ring",
    "hbond_donor",
    "hbond_acceptor",
    "chiral_cw",
    "chiral_ccw",
    "chiral_other",
    "atomic_number",
    "atomic_mass",
    "covalent_radius",
    "vdw_radius",
    "outer_electrons",
    "period",
    "periodic_group",
    "atomic_volume",
    "total_valence",
    "implicit_valence",
    "heavy_atom_degree",
    "radical_electrons",
    "absolute_formal_charge",
    "electronegativity",
    "polarizability",
    "heteroatom",
    "halogen",
    "conjugated_bond_fraction",
    "first_ionization_energy",
    "electron_affinity",
    "electronic_property_missing",
    "ring_count",
    "ring_size_3",
    "ring_size_4",
    "ring_size_5",
    "ring_size_6",
    "ring_size_7",
    "ring_size_8_plus",
    "mean_neighbour_electronegativity",
    "electronegativity_difference",
    "mean_neighbour_atomic_number",
    "neighbour_formal_charge"
  ],
  "device": "cuda",
  "gpu": "NVIDIA GeForce RTX 5070 Ti",
  "training_seconds": 233.49703229998704,
  "peak_gpu_memory_bytes": 594969088,
  "runtime": {
    "operating_system": "Windows-10-10.0.26200-SP0",
    "machine": "AMD64",
    "python": "3.11.16",
    "python_executable": "C:\\Users\\Anthony\\anaconda3\\envs\\strange-matter-gpu\\python.exe",
    "pytorch": "2.11.0+cu128",
    "pytorch_cuda": "12.8",
    "device": "cuda",
    "gpu": "NVIDIA GeForce RTX 5070 Ti"
  },
  "validation_protocol": {
    "kind": "scaffold_cross_validation",
    "fold": 1,
    "folds": 5
  },
  "readout": "differentiable_closed_form_ridge",
  "hyperparameters": {
    "ca_lr": 0.003,
    "ridge": 0.1,
    "ca_l2": 1e-06,
    "gradient_clip": 1.0,
    "update_scale": 0.25,
    "init_scale": 0.5,
    "initial_noise": 0.005,
    "support_fraction": 0.6,
    "bond_temperature": 1.0,
    "dyn_a": 0.8,
    "dyn_b": 0.8,
    "dyn_c": 0.8,
    "dyn_d": 0.3,
    "lr_schedule": "cosine_0.1x"
  }
}
