{"operating_system": "Windows-10-10.0.26200-SP0", "machine": "AMD64", "python": "3.11.16", "python_executable": "C:\\Users\\Anthony\\anaconda3\\envs\\strange-matter-gpu\\python.exe", "pytorch": "2.11.0+cu128", "pytorch_cuda": "12.8", "device": "cuda", "gpu": "NVIDIA GeForce RTX 5070 Ti"}
{"epoch": 1, "train_rmse": 1.151468235334724, "validation_rmse": 0.8796496391296387, "validation_ma_st_rae": 0.890822241992022, "validation_CYP1A2_st_rae": 0.9303411336105323, "validation_CYP2C9_st_rae": 0.8201186916323248, "validation_CYP2D6_st_rae": 1.0317541411525653, "validation_CYP3A4_st_rae": 0.7810750015726657, "mean_raw_gradient_norm": 78.10589015483856, "fraction_gradients_clipped": 1.0}
{"epoch": 2, "train_rmse": 1.1101295388433372, "validation_rmse": 0.8866318464279175, "validation_ma_st_rae": 0.8995563177459958, "validation_CYP1A2_st_rae": 0.9574664021487533, "validation_CYP2C9_st_rae": 0.8258094511843319, "validation_CYP2D6_st_rae": 1.0365222017663678, "validation_CYP3A4_st_rae": 0.7784272158845298, "mean_raw_gradient_norm": 65.21079689264297, "fraction_gradients_clipped": 1.0}
{"epoch": 3, "train_rmse": 1.0946186070724329, "validation_rmse": 0.8870446681976318, "validation_ma_st_rae": 0.8972745792999003, "validation_CYP1A2_st_rae": 0.9596182432894237, "validation_CYP2C9_st_rae": 0.8326339194398573, "validation_CYP2D6_st_rae": 1.0278120723677504, "validation_CYP3A4_st_rae": 0.7690340821025695, "mean_raw_gradient_norm": 54.818797171115875, "fraction_gradients_clipped": 1.0}
{"epoch": 4, "train_rmse": 1.1406881108222324, "validation_rmse": 0.8936876058578491, "validation_ma_st_rae": 0.9067549773260069, "validation_CYP1A2_st_rae": 0.984347745376406, "validation_CYP2C9_st_rae": 0.8382701477082144, "validation_CYP2D6_st_rae": 1.0361059594809916, "validation_CYP3A4_st_rae": 0.7682960567384154, "mean_raw_gradient_norm": 108.03202962875366, "fraction_gradients_clipped": 1.0}
{
  "seed": 1701,
  "selection_metric": "validation_ma_st_rae",
  "best_validation_ma_st_rae": 0.890822241992022,
  "best_validation_rmse": 0.8796496391296387,
  "restored_fit_rmse": 0.8690049648284912,
  "restored_validation_rmse": 0.8796508312225342,
  "restored_fit_ma_st_rae": 0.8561044479625908,
  "restored_validation_ma_st_rae": 0.8944489030672508,
  "restored_validation_point_ma_st_rae": 0.8908097110508018,
  "restored_validation_point_st_rae_by_cyp": {
    "CYP1A2": 0.930322857468559,
    "CYP2C9": 0.8200553005108182,
    "CYP2D6": 1.0317746732342041,
    "CYP3A4": 0.7810860129896257
  },
  "restored_fit_st_rae_by_cyp": {
    "CYP1A2": 0.8697123610086478,
    "CYP2C9": 0.7739393416801527,
    "CYP2D6": 1.023708095914375,
    "CYP3A4": 0.7570579932471883
  },
  "restored_validation_st_rae_by_cyp": {
    "CYP1A2": 0.9364744842763548,
    "CYP2C9": 0.8230771835641862,
    "CYP2D6": 1.035331749797142,
    "CYP3A4": 0.7829121946313201
  },
  "validation_bootstrap_metrics": {
    "n_bootstrap_samples": 1000,
    "seed": 0,
    "macro": {
      "st_rae": {
        "mean": 0.8944489030672508,
        "ci_low": 0.8294332101170014,
        "ci_high": 0.963886311391521
      },
      "mae": {
        "mean": 0.6511321121798627,
        "ci_low": 0.6081849199032885,
        "ci_high": 0.69593135051323
      },
      "r2": {
        "mean": 0.15276554270077594,
        "ci_low": 0.07477637738959046,
        "ci_high": 0.22279414667822003
      },
      "spearman_rho": {
        "mean": 0.4209049165950748,
        "ci_low": 0.35778352191370794,
        "ci_high": 0.48265110768467473
      },
      "kendall_tau": {
        "mean": 0.29307870495241334,
        "ci_low": 0.247623682678498,
        "ci_high": 0.3408944655380707
      }
    },
    "per_endpoint": {
      "CYP1A2": {
        "st_rae": {
          "mean": 0.9364744842763548,
          "ci_low": 0.7952176509576027,
          "ci_high": 1.097149771113588
        },
        "mae": {
          "mean": 0.6948966364060006,
          "ci_low": 0.5967422530163814,
          "ci_high": 0.8021579237314905
        },
        "r2": {
          "mean": 0.13092924778237627,
          "ci_low": -0.038112355213562626,
          "ci_high": 0.2785243681146625
        },
        "spearman_rho": {
          "mean": 0.4485009293090801,
          "ci_low": 0.31822124284843223,
          "ci_high": 0.5767235552836556
        },
        "kendall_tau": {
          "mean": 0.3035037662274534,
          "ci_low": 0.21000454236584765,
          "ci_high": 0.39589459440678226
        }
      },
      "CYP2C9": {
        "st_rae": {
          "mean": 0.8230771835641862,
          "ci_low": 0.6608471998706649,
          "ci_high": 1.020624362729765
        },
        "mae": {
          "mean": 0.5312469611804904,
          "ci_low": 0.4613896302139486,
          "ci_high": 0.60908678988464
        },
        "r2": {
          "mean": 0.1695365856535107,
          "ci_low": -0.051644689509569644,
          "ci_high": 0.3455792525219961
        },
        "spearman_rho": {
          "mean": 0.48183548967864853,
          "ci_low": 0.34161551385796696,
          "ci_high": 0.6115227651839504
        },
        "kendall_tau": {
          "mean": 0.3364256738009398,
          "ci_low": 0.23033718144835932,
          "ci_high": 0.43759503883923173
        }
      },
      "CYP2D6": {
        "st_rae": {
          "mean": 1.035331749797142,
          "ci_low": 0.9150545432579522,
          "ci_high": 1.1736081410615724
        },
        "mae": {
          "mean": 0.6116010372690911,
          "ci_low": 0.5143857466478416,
          "ci_high": 0.7146711125861118
        },
        "r2": {
          "mean": 0.07629974618607531,
          "ci_low": -0.05056719747508285,
          "ci_high": 0.19864536977290298
        },
        "spearman_rho": {
          "mean": 0.2151534210428625,
          "ci_low": 0.04959932452757567,
          "ci_high": 0.3714301953079698
        },
        "kendall_tau": {
          "mean": 0.14633651482613919,
          "ci_low": 0.0352729875948227,
          "ci_high": 0.2564331308313553
        }
      },
      "CYP3A4": {
        "st_rae": {
          "mean": 0.7829121946313201,
          "ci_low": 0.6906138171485008,
          "ci_high": 0.884326145938471
        },
        "mae": {
          "mean": 0.766783813863869,
          "ci_low": 0.6936438322314583,
          "ci_high": 0.8401292268295011
        },
        "r2": {
          "mean": 0.23429659118114143,
          "ci_low": 0.14043510974497564,
          "ci_high": 0.32040004148011036
        },
        "spearman_rho": {
          "mean": 0.5381298263497079,
          "ci_low": 0.424620684532571,
          "ci_high": 0.6293640973716664
        },
        "kendall_tau": {
          "mean": 0.386048864955121,
          "ci_low": 0.30716010896905255,
          "ci_high": 0.4556459091153654
        }
      }
    }
  },
  "epochs_run": 4,
  "fit_observations": 2659,
  "validation_observations": 646,
  "rule": "coupled_map",
  "generations": 125,
  "hidden_channels": 16,
  "atom_feature_profile": "electronic",
  "atom_feature_count": 33,
  "atom_feature_names": [
    "element_H",
    "element_C",
    "element_N",
    "element_O",
    "element_F",
    "element_P",
    "element_S",
    "element_Cl",
    "element_Br",
    "element_I",
    "element_other",
    "formal_charge",
    "aromatic",
    "hybrid_sp",
    "hybrid_sp2",
    "hybrid_sp3",
    "hybrid_other",
    "degree",
    "total_hydrogens",
    "in_ring",
    "hbond_donor",
    "hbond_acceptor",
    "chiral_cw",
    "chiral_ccw",
    "chiral_other",
    "electronegativity",
    "polarizability",
    "heteroatom",
    "halogen",
    "conjugated_bond_fraction",
    "first_ionization_energy",
    "electron_affinity",
    "electronic_property_missing"
  ],
  "device": "cuda",
  "gpu": "NVIDIA GeForce RTX 5070 Ti",
  "training_seconds": 37.811173699912615,
  "peak_gpu_memory_bytes": 784472064,
  "runtime": {
    "operating_system": "Windows-10-10.0.26200-SP0",
    "machine": "AMD64",
    "python": "3.11.16",
    "python_executable": "C:\\Users\\Anthony\\anaconda3\\envs\\strange-matter-gpu\\python.exe",
    "pytorch": "2.11.0+cu128",
    "pytorch_cuda": "12.8",
    "device": "cuda",
    "gpu": "NVIDIA GeForce RTX 5070 Ti"
  },
  "validation_protocol": {
    "kind": "scaffold_cross_validation",
    "fold": 1,
    "folds": 5
  },
  "readout": "differentiable_closed_form_ridge",
  "hyperparameters": {
    "ca_lr": 0.0003,
    "ridge": 1.0,
    "ca_l2": 1e-05,
    "gradient_clip": 1.0,
    "update_scale": 0.08,
    "init_scale": 1.0,
    "initial_noise": 0.0,
    "support_fraction": 0.6,
    "bond_temperature": 2.0,
    "dyn_a": 0.5,
    "dyn_b": 0.2,
    "dyn_c": 0.5,
    "dyn_d": 0.05,
    "lr_schedule": "cosine_0.1x"
  }
}
