{"operating_system": "Windows-10-10.0.26200-SP0", "machine": "AMD64", "python": "3.11.16", "python_executable": "C:\\Users\\Anthony\\anaconda3\\envs\\strange-matter-gpu\\python.exe", "pytorch": "2.11.0+cu128", "pytorch_cuda": "12.8", "device": "cuda", "gpu": "NVIDIA GeForce RTX 5070 Ti"}
{"epoch": 1, "train_rmse": 1.1404045049099254, "validation_rmse": 0.8527575731277466, "validation_ma_st_rae": 0.962312414642505, "validation_CYP1A2_st_rae": 1.1087558901901646, "validation_CYP2C9_st_rae": 0.835702373062309, "validation_CYP2D6_st_rae": 1.1322545015876584, "validation_CYP3A4_st_rae": 0.7725368937298879, "mean_raw_gradient_norm": 176.13370513916016, "fraction_gradients_clipped": 1.0}
{"epoch": 2, "train_rmse": 1.1832184710789357, "validation_rmse": 0.8887032270431519, "validation_ma_st_rae": 1.034611536493078, "validation_CYP1A2_st_rae": 1.1431984492353537, "validation_CYP2C9_st_rae": 1.050266497518314, "validation_CYP2D6_st_rae": 1.1286218520808484, "validation_CYP3A4_st_rae": 0.8163593471377955, "mean_raw_gradient_norm": 20.767507362365723, "fraction_gradients_clipped": 1.0}
{"epoch": 3, "train_rmse": 1.1622187779323925, "validation_rmse": 0.8862736821174622, "validation_ma_st_rae": 1.0421603753171753, "validation_CYP1A2_st_rae": 1.1475197012520757, "validation_CYP2C9_st_rae": 1.0351149619197557, "validation_CYP2D6_st_rae": 1.1635036935294434, "validation_CYP3A4_st_rae": 0.822503144567427, "mean_raw_gradient_norm": 17.363726234436037, "fraction_gradients_clipped": 1.0}
{
  "seed": 1701,
  "selection_metric": "validation_ma_st_rae",
  "best_validation_ma_st_rae": 0.962312414642505,
  "best_validation_rmse": 0.8527575731277466,
  "restored_fit_rmse": 0.8891602754592896,
  "restored_validation_rmse": 0.8520894050598145,
  "restored_fit_ma_st_rae": 0.8540445882600518,
  "restored_validation_ma_st_rae": 0.9758742609100753,
  "restored_validation_point_ma_st_rae": 0.9613959865533055,
  "restored_validation_point_st_rae_by_cyp": {
    "CYP1A2": 1.1067030848218538,
    "CYP2C9": 0.8347848423786044,
    "CYP2D6": 1.1320072891545097,
    "CYP3A4": 0.7720887298582539
  },
  "restored_fit_st_rae_by_cyp": {
    "CYP1A2": 0.8206277109505539,
    "CYP2C9": 0.8584491263675526,
    "CYP2D6": 1.0031877464814882,
    "CYP3A4": 0.7339137692406126
  },
  "restored_validation_st_rae_by_cyp": {
    "CYP1A2": 1.109819865088073,
    "CYP2C9": 0.8594605993972588,
    "CYP2D6": 1.150282627981187,
    "CYP3A4": 0.7839339511737826
  },
  "validation_bootstrap_metrics": {
    "n_bootstrap_samples": 1000,
    "seed": 0,
    "macro": {
      "st_rae": {
        "mean": 0.9758742609100753,
        "ci_low": 0.8595038221482719,
        "ci_high": 1.0944010396167971
      },
      "mae": {
        "mean": 0.6484760262465842,
        "ci_low": 0.5838113362185223,
        "ci_high": 0.7152302660748666
      },
      "r2": {
        "mean": 0.0657084442154907,
        "ci_low": -0.04468033978845172,
        "ci_high": 0.16320424699334302
      },
      "spearman_rho": {
        "mean": 0.3516202670665715,
        "ci_low": 0.23744726595791596,
        "ci_high": 0.45532713763695837
      },
      "kendall_tau": {
        "mean": 0.2474330134872234,
        "ci_low": 0.16724080268105246,
        "ci_high": 0.3227703343138851
      }
    },
    "per_endpoint": {
      "CYP1A2": {
        "st_rae": {
          "mean": 1.109819865088073,
          "ci_low": 0.8630221397526247,
          "ci_high": 1.4187743382320446
        },
        "mae": {
          "mean": 0.7342736777555747,
          "ci_low": 0.5652245958320431,
          "ci_high": 0.9145957758192156
        },
        "r2": {
          "mean": -0.027948474396603303,
          "ci_low": -0.35148987314720403,
          "ci_high": 0.16813105561258956
        },
        "spearman_rho": {
          "mean": 0.25231886877123744,
          "ci_low": -0.00037171614982738673,
          "ci_high": 0.48959412773288374
        },
        "kendall_tau": {
          "mean": 0.16648665398422577,
          "ci_low": -0.009967330503943569,
          "ci_high": 0.33710910605219313
        }
      },
      "CYP2C9": {
        "st_rae": {
          "mean": 0.8594605993972588,
          "ci_low": 0.6118238013824057,
          "ci_high": 1.1549481155157926
        },
        "mae": {
          "mean": 0.5327614718278249,
          "ci_low": 0.42641840686400734,
          "ci_high": 0.6469174968202908
        },
        "r2": {
          "mean": 0.0980000292761685,
          "ci_low": -0.16846607491197693,
          "ci_high": 0.31534592517513405
        },
        "spearman_rho": {
          "mean": 0.4415503937187696,
          "ci_low": 0.20527066438345576,
          "ci_high": 0.6414993051097841
        },
        "kendall_tau": {
          "mean": 0.31718332349272393,
          "ci_low": 0.1438392825972257,
          "ci_high": 0.47380541162924583
        }
      },
      "CYP2D6": {
        "st_rae": {
          "mean": 1.150282627981187,
          "ci_low": 0.9795734976691401,
          "ci_high": 1.355446567255377
        },
        "mae": {
          "mean": 0.6284195175684415,
          "ci_low": 0.5095863690743079,
          "ci_high": 0.7574118810433608
        },
        "r2": {
          "mean": -0.11658775284257376,
          "ci_low": -0.3175267076577099,
          "ci_high": 0.02896115254935649
        },
        "spearman_rho": {
          "mean": 0.1093258743732202,
          "ci_low": -0.14415760803427458,
          "ci_high": 0.32310551384398345
        },
        "kendall_tau": {
          "mean": 0.07655590508748153,
          "ci_low": -0.09360866860572639,
          "ci_high": 0.22456192694000376
        }
      },
      "CYP3A4": {
        "st_rae": {
          "mean": 0.7839339511737826,
          "ci_low": 0.6254422533403782,
          "ci_high": 1.0142042319589974
        },
        "mae": {
          "mean": 0.6984494378344958,
          "ci_low": 0.5935483137535494,
          "ci_high": 0.8026741589224615
        },
        "r2": {
          "mean": 0.30936997482497136,
          "ci_low": 0.15876748461373216,
          "ci_high": 0.4268084471833514
        },
        "spearman_rho": {
          "mean": 0.6032859314030585,
          "ci_low": 0.4499039524262919,
          "ci_high": 0.7216176328406984
        },
        "kendall_tau": {
          "mean": 0.4295061713844624,
          "ci_low": 0.31319361900135473,
          "ci_high": 0.5345452593681359
        }
      }
    }
  },
  "epochs_run": 3,
  "fit_observations": 806,
  "validation_observations": 272,
  "rule": "fitzhugh_nagumo",
  "generations": 250,
  "hidden_channels": 16,
  "atom_feature_profile": "comprehensive",
  "atom_feature_count": 57,
  "atom_feature_names": [
    "element_H",
    "element_C",
    "element_N",
    "element_O",
    "element_F",
    "element_P",
    "element_S",
    "element_Cl",
    "element_Br",
    "element_I",
    "element_other",
    "formal_charge",
    "aromatic",
    "hybrid_sp",
    "hybrid_sp2",
    "hybrid_sp3",
    "hybrid_other",
    "degree",
    "total_hydrogens",
    "in_ring",
    "hbond_donor",
    "hbond_acceptor",
    "chiral_cw",
    "chiral_ccw",
    "chiral_other",
    "atomic_number",
    "atomic_mass",
    "covalent_radius",
    "vdw_radius",
    "outer_electrons",
    "period",
    "periodic_group",
    "atomic_volume",
    "total_valence",
    "implicit_valence",
    "heavy_atom_degree",
    "radical_electrons",
    "absolute_formal_charge",
    "electronegativity",
    "polarizability",
    "heteroatom",
    "halogen",
    "conjugated_bond_fraction",
    "first_ionization_energy",
    "electron_affinity",
    "electronic_property_missing",
    "ring_count",
    "ring_size_3",
    "ring_size_4",
    "ring_size_5",
    "ring_size_6",
    "ring_size_7",
    "ring_size_8_plus",
    "mean_neighbour_electronegativity",
    "electronegativity_difference",
    "mean_neighbour_atomic_number",
    "neighbour_formal_charge"
  ],
  "device": "cuda",
  "gpu": "NVIDIA GeForce RTX 5070 Ti",
  "training_seconds": 17.604261900065467,
  "peak_gpu_memory_bytes": 1135411200,
  "runtime": {
    "operating_system": "Windows-10-10.0.26200-SP0",
    "machine": "AMD64",
    "python": "3.11.16",
    "python_executable": "C:\\Users\\Anthony\\anaconda3\\envs\\strange-matter-gpu\\python.exe",
    "pytorch": "2.11.0+cu128",
    "pytorch_cuda": "12.8",
    "device": "cuda",
    "gpu": "NVIDIA GeForce RTX 5070 Ti"
  },
  "validation_protocol": {
    "kind": "scaffold_cross_validation",
    "fold": 0,
    "folds": 5
  },
  "readout": "differentiable_closed_form_ridge",
  "hyperparameters": {
    "ca_lr": 0.003,
    "ridge": 1.0,
    "ca_l2": 1e-06,
    "gradient_clip": 2.0,
    "update_scale": 0.15,
    "init_scale": 1.5,
    "initial_noise": 0.0,
    "support_fraction": 0.85,
    "bond_temperature": 0.5,
    "dyn_a": 0.5,
    "dyn_b": 0.2,
    "dyn_c": 0.5,
    "dyn_d": 0.05,
    "lr_schedule": "cosine_0.1x"
  }
}
