{"device": "cuda", "gpu": "NVIDIA GeForce RTX 5070 Ti", "pytorch": "2.11.0+cu128", "pytorch_cuda": "12.8"}
{"epoch": 1, "train_rmse": 1.5638447198491234, "validation_rmse": 1.046859622001648, "mean_raw_gradient_norm": 57.99913997650147, "fraction_gradients_clipped": 1.0}
{"epoch": 2, "train_rmse": 1.4769750335690772, "validation_rmse": 1.0455803871154785, "mean_raw_gradient_norm": 44.99212913513183, "fraction_gradients_clipped": 1.0}
{"epoch": 3, "train_rmse": 1.3743543928161177, "validation_rmse": 1.042446494102478, "mean_raw_gradient_norm": 31.51339120864868, "fraction_gradients_clipped": 1.0}
{
  "seed": 1701,
  "best_validation_rmse": 1.042446494102478,
  "restored_fit_rmse": 0.9087388515472412,
  "restored_validation_rmse": 1.042449951171875,
  "epochs_run": 3,
  "fit_observations": 791,
  "validation_observations": 273,
  "rule": "inertial_reaction_diffusion",
  "generations": 125,
  "hidden_channels": 8,
  "device": "cuda",
  "gpu": "NVIDIA GeForce RTX 5070 Ti",
  "training_seconds": 10.81533849996049,
  "peak_gpu_memory_bytes": 138048000,
  "readout": "differentiable_closed_form_ridge",
  "hyperparameters": {
    "ca_lr": 0.0003,
    "ridge": 0.01,
    "ca_l2": 0.0001,
    "gradient_clip": 1.0
  }
}
