{"operating_system": "Windows-10-10.0.26200-SP0", "machine": "AMD64", "python": "3.11.16", "python_executable": "C:\\Users\\Anthony\\anaconda3\\envs\\strange-matter-gpu\\python.exe", "pytorch": "2.11.0+cu128", "pytorch_cuda": "12.8", "device": "cuda", "gpu": "NVIDIA GeForce RTX 5070 Ti"}
{"epoch": 1, "train_rmse": 1.0469513557858707, "validation_rmse": 0.8122511506080627, "validation_ma_st_rae": 0.8611153833103677, "validation_CYP1A2_st_rae": 0.8676973013344009, "validation_CYP2C9_st_rae": 0.7712194492006105, "validation_CYP2D6_st_rae": 1.0006605815404848, "validation_CYP3A4_st_rae": 0.8048842011659751, "mean_raw_gradient_norm": 4.352117449045181, "fraction_gradients_clipped": 1.0}
{"epoch": 2, "train_rmse": 1.0525417756088333, "validation_rmse": 0.8134437203407288, "validation_ma_st_rae": 0.8665647588462811, "validation_CYP1A2_st_rae": 0.8742126773864141, "validation_CYP2C9_st_rae": 0.7793041852303689, "validation_CYP2D6_st_rae": 1.007720308530147, "validation_CYP3A4_st_rae": 0.8050218642381942, "mean_raw_gradient_norm": 4.611145935952663, "fraction_gradients_clipped": 0.9375}
{"epoch": 3, "train_rmse": 1.0784524921122296, "validation_rmse": 0.8134468793869019, "validation_ma_st_rae": 0.8671275774366853, "validation_CYP1A2_st_rae": 0.8756874430230889, "validation_CYP2C9_st_rae": 0.7799861737368695, "validation_CYP2D6_st_rae": 1.0074591670634179, "validation_CYP3A4_st_rae": 0.8053775259233655, "mean_raw_gradient_norm": 3.7740845531225204, "fraction_gradients_clipped": 1.0}
{"epoch": 4, "train_rmse": 1.0581749416796193, "validation_rmse": 0.8135468363761902, "validation_ma_st_rae": 0.8673346698684195, "validation_CYP1A2_st_rae": 0.8762854857826974, "validation_CYP2C9_st_rae": 0.7813086267202696, "validation_CYP2D6_st_rae": 1.0062987257334537, "validation_CYP3A4_st_rae": 0.8054458412372573, "mean_raw_gradient_norm": 4.45871601998806, "fraction_gradients_clipped": 1.0}
{
  "seed": 1701,
  "selection_metric": "validation_ma_st_rae",
  "best_validation_ma_st_rae": 0.8611153833103677,
  "best_validation_rmse": 0.8122511506080627,
  "restored_fit_rmse": 0.8724316954612732,
  "restored_validation_rmse": 0.812250554561615,
  "restored_fit_ma_st_rae": 0.8659029204540627,
  "restored_validation_ma_st_rae": 0.8644650666726014,
  "restored_validation_point_ma_st_rae": 0.8611152692252005,
  "restored_validation_point_st_rae_by_cyp": {
    "CYP1A2": 0.8677043206125034,
    "CYP2C9": 0.7712222475853835,
    "CYP2D6": 1.0006525479412731,
    "CYP3A4": 0.8048819607616422
  },
  "restored_fit_st_rae_by_cyp": {
    "CYP1A2": 0.8740984307855411,
    "CYP2C9": 0.8661113503912671,
    "CYP2D6": 0.9725939191292822,
    "CYP3A4": 0.7508079815101601
  },
  "restored_validation_st_rae_by_cyp": {
    "CYP1A2": 0.8713621698086473,
    "CYP2C9": 0.7738395196953761,
    "CYP2D6": 1.0053017903323314,
    "CYP3A4": 0.8073567868540505
  },
  "validation_bootstrap_metrics": {
    "n_bootstrap_samples": 1000,
    "seed": 0,
    "macro": {
      "st_rae": {
        "mean": 0.8644650666726014,
        "ci_low": 0.8008158395554901,
        "ci_high": 0.9290620424999991
      },
      "mae": {
        "mean": 0.5981691735051843,
        "ci_low": 0.560005727309806,
        "ci_high": 0.6403564465030334
      },
      "r2": {
        "mean": 0.18825139542619349,
        "ci_low": 0.1275720473803326,
        "ci_high": 0.24023986052766483
      },
      "spearman_rho": {
        "mean": 0.4674536166846649,
        "ci_low": 0.4010238702837259,
        "ci_high": 0.5314855631217684
      },
      "kendall_tau": {
        "mean": 0.3282752666283427,
        "ci_low": 0.278498343628692,
        "ci_high": 0.3760455595812925
      }
    },
    "per_endpoint": {
      "CYP1A2": {
        "st_rae": {
          "mean": 0.8713621698086473,
          "ci_low": 0.7442995084425555,
          "ci_high": 1.016035062279387
        },
        "mae": {
          "mean": 0.6119594569617594,
          "ci_low": 0.5150171409610291,
          "ci_high": 0.7181814017640032
        },
        "r2": {
          "mean": 0.2130586071849788,
          "ci_low": 0.10210517452973733,
          "ci_high": 0.3148389718432319
        },
        "spearman_rho": {
          "mean": 0.5467751141202695,
          "ci_low": 0.41591645151951384,
          "ci_high": 0.6542852739267782
        },
        "kendall_tau": {
          "mean": 0.38581761929389996,
          "ci_low": 0.2901777824851375,
          "ci_high": 0.4691140254217996
        }
      },
      "CYP2C9": {
        "st_rae": {
          "mean": 0.7738395196953761,
          "ci_low": 0.6288360576428307,
          "ci_high": 0.9421424022879669
        },
        "mae": {
          "mean": 0.5243791463844968,
          "ci_low": 0.4582524587203117,
          "ci_high": 0.599837371598195
        },
        "r2": {
          "mean": 0.27302582338115655,
          "ci_low": 0.14871568771329438,
          "ci_high": 0.3821595282625719
        },
        "spearman_rho": {
          "mean": 0.4968505478197084,
          "ci_low": 0.3456636412945483,
          "ci_high": 0.6308509829836688
        },
        "kendall_tau": {
          "mean": 0.3491179373618323,
          "ci_low": 0.23719390920484856,
          "ci_high": 0.454468089013098
        }
      },
      "CYP2D6": {
        "st_rae": {
          "mean": 1.0053017903323314,
          "ci_low": 0.9036586128224071,
          "ci_high": 1.1229757174193853
        },
        "mae": {
          "mean": 0.5407769844217121,
          "ci_low": 0.45874477947283093,
          "ci_high": 0.628792101219765
        },
        "r2": {
          "mean": -0.02756455391960614,
          "ci_low": -0.18707943759808413,
          "ci_high": 0.09539734729892281
        },
        "spearman_rho": {
          "mean": 0.28963240248810107,
          "ci_low": 0.1350847303823423,
          "ci_high": 0.4280315232760365
        },
        "kendall_tau": {
          "mean": 0.197714382651571,
          "ci_low": 0.09070043981812972,
          "ci_high": 0.29527546667450705
        }
      },
      "CYP3A4": {
        "st_rae": {
          "mean": 0.8073567868540505,
          "ci_low": 0.7099073477304113,
          "ci_high": 0.9033160479662478
        },
        "mae": {
          "mean": 0.7155611062527688,
          "ci_low": 0.6491247370592819,
          "ci_high": 0.7813083255217095
        },
        "r2": {
          "mean": 0.29448570505824473,
          "ci_low": 0.19457606559327298,
          "ci_high": 0.38754205621001775
        },
        "spearman_rho": {
          "mean": 0.5365564023105805,
          "ci_low": 0.4371397138421668,
          "ci_high": 0.6318472360109244
        },
        "kendall_tau": {
          "mean": 0.38045112720606766,
          "ci_low": 0.3064012073042531,
          "ci_high": 0.4557577774937761
        }
      }
    }
  },
  "epochs_run": 4,
  "fit_observations": 2652,
  "validation_observations": 680,
  "rule": "gated_residual",
  "generations": 250,
  "hidden_channels": 16,
  "atom_feature_profile": "local_environment",
  "atom_feature_count": 29,
  "atom_feature_names": [
    "element_H",
    "element_C",
    "element_N",
    "element_O",
    "element_F",
    "element_P",
    "element_S",
    "element_Cl",
    "element_Br",
    "element_I",
    "element_other",
    "formal_charge",
    "aromatic",
    "hybrid_sp",
    "hybrid_sp2",
    "hybrid_sp3",
    "hybrid_other",
    "degree",
    "total_hydrogens",
    "in_ring",
    "hbond_donor",
    "hbond_acceptor",
    "chiral_cw",
    "chiral_ccw",
    "chiral_other",
    "mean_neighbour_electronegativity",
    "electronegativity_difference",
    "mean_neighbour_atomic_number",
    "neighbour_formal_charge"
  ],
  "device": "cuda",
  "gpu": "NVIDIA GeForce RTX 5070 Ti",
  "training_seconds": 54.90497609996237,
  "peak_gpu_memory_bytes": 1528091136,
  "runtime": {
    "operating_system": "Windows-10-10.0.26200-SP0",
    "machine": "AMD64",
    "python": "3.11.16",
    "python_executable": "C:\\Users\\Anthony\\anaconda3\\envs\\strange-matter-gpu\\python.exe",
    "pytorch": "2.11.0+cu128",
    "pytorch_cuda": "12.8",
    "device": "cuda",
    "gpu": "NVIDIA GeForce RTX 5070 Ti"
  },
  "validation_protocol": {
    "kind": "scaffold_cross_validation",
    "fold": 0,
    "folds": 5
  },
  "readout": "differentiable_closed_form_ridge",
  "prediction_mode": "direct",
  "residual_alpha": null,
  "trajectory_pooling": "legacy",
  "ridge_mode": "shared",
  "loss_mode": "hybrid_interval",
  "interval_loss_beta": 0.75,
  "interval_temperature": 0.05,
  "hyperparameters": {
    "ca_lr": 0.0003,
    "ridge": 1.0,
    "ca_l2": 0.0001,
    "gradient_clip": 2.0,
    "update_scale": 0.15,
    "init_scale": 0.5,
    "initial_noise": 0.0,
    "support_fraction": 0.75,
    "bond_temperature": 0.5,
    "dyn_a": 0.2,
    "dyn_b": 0.5,
    "dyn_c": 0.8,
    "dyn_d": 0.3,
    "lr_schedule": "cosine_0.1x"
  }
}
