{"operating_system": "Windows-10-10.0.26200-SP0", "machine": "AMD64", "python": "3.11.16", "python_executable": "C:\\Users\\Anthony\\anaconda3\\envs\\strange-matter-gpu\\python.exe", "pytorch": "2.11.0+cu128", "pytorch_cuda": "12.8", "device": "cuda", "gpu": "NVIDIA GeForce RTX 5070 Ti"}
{"epoch": 1, "train_rmse": 1.14327365458793, "validation_rmse": 0.8820276260375977, "validation_ma_st_rae": 1.021698973982774, "validation_CYP1A2_st_rae": 1.0780122998992518, "validation_CYP2C9_st_rae": 1.0332213244688155, "validation_CYP2D6_st_rae": 1.0930232927041224, "validation_CYP3A4_st_rae": 0.8825389788589065, "mean_raw_gradient_norm": 7.342508387565613, "fraction_gradients_clipped": 1.0}
{"epoch": 2, "train_rmse": 1.0911289582259687, "validation_rmse": 0.8817739486694336, "validation_ma_st_rae": 1.0217148260813236, "validation_CYP1A2_st_rae": 1.0773562004745234, "validation_CYP2C9_st_rae": 1.0329372246967798, "validation_CYP2D6_st_rae": 1.0929177052895316, "validation_CYP3A4_st_rae": 0.8836481738644599, "mean_raw_gradient_norm": 10.724149322509765, "fraction_gradients_clipped": 1.0}
{"epoch": 3, "train_rmse": 1.3516762647433038, "validation_rmse": 0.8817700743675232, "validation_ma_st_rae": 1.022110450992767, "validation_CYP1A2_st_rae": 1.077167012226828, "validation_CYP2C9_st_rae": 1.0337663497112406, "validation_CYP2D6_st_rae": 1.093347776439908, "validation_CYP3A4_st_rae": 0.8841606655930913, "mean_raw_gradient_norm": 11.065264225006104, "fraction_gradients_clipped": 0.9}
{
  "seed": 1701,
  "selection_metric": "validation_ma_st_rae",
  "best_validation_ma_st_rae": 1.021698973982774,
  "best_validation_rmse": 0.8820276260375977,
  "restored_fit_rmse": 0.9595211148262024,
  "restored_validation_rmse": 0.8820067048072815,
  "restored_fit_ma_st_rae": 0.9185703014713602,
  "restored_validation_ma_st_rae": 1.0362088651205437,
  "restored_validation_point_ma_st_rae": 1.0217005451008592,
  "restored_validation_point_st_rae_by_cyp": {
    "CYP1A2": 1.0779616389890097,
    "CYP2C9": 1.0333813702014205,
    "CYP2D6": 1.093028380365859,
    "CYP3A4": 0.8824307908471468
  },
  "restored_fit_st_rae_by_cyp": {
    "CYP1A2": 0.9728312422154143,
    "CYP2C9": 0.8906878054774318,
    "CYP2D6": 0.9709369578359245,
    "CYP3A4": 0.83982520035667
  },
  "restored_validation_st_rae_by_cyp": {
    "CYP1A2": 1.08102211488464,
    "CYP2C9": 1.0580471153058058,
    "CYP2D6": 1.1078332225573955,
    "CYP3A4": 0.8979330077343323
  },
  "validation_bootstrap_metrics": {
    "n_bootstrap_samples": 1000,
    "seed": 0,
    "macro": {
      "st_rae": {
        "mean": 1.0362088651205437,
        "ci_low": 0.9385665350149381,
        "ci_high": 1.1412103286399542
      },
      "mae": {
        "mean": 0.6767965889519585,
        "ci_low": 0.6139328312331557,
        "ci_high": 0.7433925468154832
      },
      "r2": {
        "mean": -0.008919964354451394,
        "ci_low": -0.11186929962173356,
        "ci_high": 0.08100308266222193
      },
      "spearman_rho": {
        "mean": 0.2680758030399911,
        "ci_low": 0.1550545807541088,
        "ci_high": 0.373665864135497
      },
      "kendall_tau": {
        "mean": 0.18241986485833048,
        "ci_low": 0.10439536062091012,
        "ci_high": 0.2585208873333732
      }
    },
    "per_endpoint": {
      "CYP1A2": {
        "st_rae": {
          "mean": 1.08102211488464,
          "ci_low": 0.8505545895710452,
          "ci_high": 1.3705746023356158
        },
        "mae": {
          "mean": 0.7296831982174858,
          "ci_low": 0.579462206363678,
          "ci_high": 0.9012274511524888
        },
        "r2": {
          "mean": 0.04876745640672324,
          "ci_low": -0.19810845579734704,
          "ci_high": 0.23108546452955805
        },
        "spearman_rho": {
          "mean": 0.3636005903021924,
          "ci_low": 0.12914455365589386,
          "ci_high": 0.5920016272381774
        },
        "kendall_tau": {
          "mean": 0.2522315306271502,
          "ci_low": 0.08441204730229121,
          "ci_high": 0.42720728643216077
        }
      },
      "CYP2C9": {
        "st_rae": {
          "mean": 1.0580471153058058,
          "ci_low": 0.8911935974334698,
          "ci_high": 1.248508020187872
        },
        "mae": {
          "mean": 0.603833628809452,
          "ci_low": 0.4878365316987038,
          "ci_high": 0.7316858631372452
        },
        "r2": {
          "mean": -0.1487727107160424,
          "ci_low": -0.39058755948495927,
          "ci_high": 0.04375995512673918
        },
        "spearman_rho": {
          "mean": 0.18700560671325553,
          "ci_low": -0.07946697911287731,
          "ci_high": 0.41991629854785356
        },
        "kendall_tau": {
          "mean": 0.12791284192306399,
          "ci_low": -0.055728657995754445,
          "ci_high": 0.2950173516365112
        }
      },
      "CYP2D6": {
        "st_rae": {
          "mean": 1.1078332225573955,
          "ci_low": 0.9460255824499164,
          "ci_high": 1.3033199428289515
        },
        "mae": {
          "mean": 0.6068657353034387,
          "ci_low": 0.47878537141359767,
          "ci_high": 0.7534580796498519
        },
        "r2": {
          "mean": -0.13122992721062948,
          "ci_low": -0.32277124066116114,
          "ci_high": 0.01281727567300244
        },
        "spearman_rho": {
          "mean": 0.09502755669606043,
          "ci_low": -0.1651551179625133,
          "ci_high": 0.32027076076909783
        },
        "kendall_tau": {
          "mean": 0.05976409436677274,
          "ci_low": -0.11883918459121781,
          "ci_high": 0.2155211917874156
        }
      },
      "CYP3A4": {
        "st_rae": {
          "mean": 0.8979330077343323,
          "ci_low": 0.7338852418893723,
          "ci_high": 1.1063965927803605
        },
        "mae": {
          "mean": 0.7668037934774578,
          "ci_low": 0.6591302855070247,
          "ci_high": 0.8757512116848036
        },
        "r2": {
          "mean": 0.19555532410214307,
          "ci_low": 0.04320756131674489,
          "ci_high": 0.32312940604430485
        },
        "spearman_rho": {
          "mean": 0.4266694584484562,
          "ci_low": 0.24236184590518037,
          "ci_high": 0.5914638169817971
        },
        "kendall_tau": {
          "mean": 0.28977099251633504,
          "ci_low": 0.16071786531189297,
          "ci_high": 0.41706078680700515
        }
      }
    }
  },
  "epochs_run": 3,
  "fit_observations": 806,
  "validation_observations": 272,
  "rule": "gray_scott",
  "generations": 500,
  "hidden_channels": 4,
  "atom_feature_profile": "electronic",
  "atom_feature_count": 33,
  "atom_feature_names": [
    "element_H",
    "element_C",
    "element_N",
    "element_O",
    "element_F",
    "element_P",
    "element_S",
    "element_Cl",
    "element_Br",
    "element_I",
    "element_other",
    "formal_charge",
    "aromatic",
    "hybrid_sp",
    "hybrid_sp2",
    "hybrid_sp3",
    "hybrid_other",
    "degree",
    "total_hydrogens",
    "in_ring",
    "hbond_donor",
    "hbond_acceptor",
    "chiral_cw",
    "chiral_ccw",
    "chiral_other",
    "electronegativity",
    "polarizability",
    "heteroatom",
    "halogen",
    "conjugated_bond_fraction",
    "first_ionization_energy",
    "electron_affinity",
    "electronic_property_missing"
  ],
  "device": "cuda",
  "gpu": "NVIDIA GeForce RTX 5070 Ti",
  "training_seconds": 51.74617459997535,
  "peak_gpu_memory_bytes": 367175168,
  "runtime": {
    "operating_system": "Windows-10-10.0.26200-SP0",
    "machine": "AMD64",
    "python": "3.11.16",
    "python_executable": "C:\\Users\\Anthony\\anaconda3\\envs\\strange-matter-gpu\\python.exe",
    "pytorch": "2.11.0+cu128",
    "pytorch_cuda": "12.8",
    "device": "cuda",
    "gpu": "NVIDIA GeForce RTX 5070 Ti"
  },
  "validation_protocol": {
    "kind": "scaffold_cross_validation",
    "fold": 0,
    "folds": 5
  },
  "readout": "differentiable_closed_form_ridge",
  "hyperparameters": {
    "ca_lr": 0.0003,
    "ridge": 0.01,
    "ca_l2": 1e-05,
    "gradient_clip": 2.0,
    "update_scale": 0.08,
    "init_scale": 0.5,
    "initial_noise": 0.005,
    "support_fraction": 0.85,
    "bond_temperature": 0.5,
    "dyn_a": 0.5,
    "dyn_b": 0.2,
    "dyn_c": 0.8,
    "dyn_d": 0.05,
    "lr_schedule": "cosine_0.1x"
  }
}
