{"operating_system": "Windows-10-10.0.26200-SP0", "machine": "AMD64", "python": "3.11.16", "python_executable": "C:\\Users\\Anthony\\anaconda3\\envs\\strange-matter-gpu\\python.exe", "pytorch": "2.11.0+cu128", "pytorch_cuda": "12.8", "device": "cuda", "gpu": "NVIDIA GeForce RTX 5070 Ti"}
{"epoch": 1, "train_rmse": 1.1383726354529327, "validation_rmse": 0.8924821019172668, "validation_ma_st_rae": 0.8977697099811286, "validation_CYP1A2_st_rae": 0.9708860088135622, "validation_CYP2C9_st_rae": 0.7560977086394789, "validation_CYP2D6_st_rae": 1.080059919482788, "validation_CYP3A4_st_rae": 0.7840352029886852, "mean_raw_gradient_norm": 8.118381900787353, "fraction_gradients_clipped": 1.0}
{"epoch": 2, "train_rmse": 1.1910686588635457, "validation_rmse": 0.8909457325935364, "validation_ma_st_rae": 0.8954319672660067, "validation_CYP1A2_st_rae": 0.9688512270381499, "validation_CYP2C9_st_rae": 0.7516441580958121, "validation_CYP2D6_st_rae": 1.0812336362118748, "validation_CYP3A4_st_rae": 0.7799988477181897, "mean_raw_gradient_norm": 7.416128025054932, "fraction_gradients_clipped": 1.0}
{"epoch": 3, "train_rmse": 1.1096626554639237, "validation_rmse": 0.8900389671325684, "validation_ma_st_rae": 0.8954913483254443, "validation_CYP1A2_st_rae": 0.9667748536319191, "validation_CYP2C9_st_rae": 0.7518891459573221, "validation_CYP2D6_st_rae": 1.087299274704886, "validation_CYP3A4_st_rae": 0.77600211900765, "mean_raw_gradient_norm": 7.546025166511535, "fraction_gradients_clipped": 1.0}
{"epoch": 4, "train_rmse": 1.1390271583011504, "validation_rmse": 0.8897648453712463, "validation_ma_st_rae": 0.8983886289604244, "validation_CYP1A2_st_rae": 0.9693824374579258, "validation_CYP2C9_st_rae": 0.7605251172756295, "validation_CYP2D6_st_rae": 1.0905645161471067, "validation_CYP3A4_st_rae": 0.7730824449610356, "mean_raw_gradient_norm": 6.792146098613739, "fraction_gradients_clipped": 0.98}
{
  "seed": 1701,
  "selection_metric": "validation_ma_st_rae",
  "best_validation_ma_st_rae": 0.8977697099811286,
  "best_validation_rmse": 0.8924821019172668,
  "restored_fit_rmse": 0.8466475605964661,
  "restored_validation_rmse": 0.8924828767776489,
  "restored_fit_ma_st_rae": 0.8526784595198217,
  "restored_validation_ma_st_rae": 0.8996691413805977,
  "restored_validation_point_ma_st_rae": 0.8977703595767996,
  "restored_validation_point_st_rae_by_cyp": {
    "CYP1A2": 0.9708868143995676,
    "CYP2C9": 0.7560976198524828,
    "CYP2D6": 1.08005678986508,
    "CYP3A4": 0.7840402141900682
  },
  "restored_fit_st_rae_by_cyp": {
    "CYP1A2": 0.8766205891622635,
    "CYP2C9": 0.7861039343342843,
    "CYP2D6": 1.0177617670107908,
    "CYP3A4": 0.7302275475719477
  },
  "restored_validation_st_rae_by_cyp": {
    "CYP1A2": 0.9760371134021832,
    "CYP2C9": 0.7583206974115201,
    "CYP2D6": 1.080243959848102,
    "CYP3A4": 0.7840747948605862
  },
  "validation_bootstrap_metrics": {
    "n_bootstrap_samples": 1000,
    "seed": 0,
    "macro": {
      "st_rae": {
        "mean": 0.8996691413805977,
        "ci_low": 0.8503778305258419,
        "ci_high": 0.9552683803574711
      },
      "mae": {
        "mean": 0.6595764786808792,
        "ci_low": 0.6250633866205434,
        "ci_high": 0.6968980553254615
      },
      "r2": {
        "mean": 0.12616005210427594,
        "ci_low": 0.07129597617953395,
        "ci_high": 0.17674350710415768
      },
      "spearman_rho": {
        "mean": 0.3697550334828102,
        "ci_low": 0.312654025770844,
        "ci_high": 0.42401578045935784
      },
      "kendall_tau": {
        "mean": 0.2590608309666775,
        "ci_low": 0.2188862474222399,
        "ci_high": 0.29965219622535977
      }
    },
    "per_endpoint": {
      "CYP1A2": {
        "st_rae": {
          "mean": 0.9760371134021832,
          "ci_low": 0.8586752279885401,
          "ci_high": 1.1092086297077355
        },
        "mae": {
          "mean": 0.7426785689204238,
          "ci_low": 0.6624776209093803,
          "ci_high": 0.8305638084993806
        },
        "r2": {
          "mean": 0.060531798197751834,
          "ci_low": -0.0810342431875041,
          "ci_high": 0.1785602662865484
        },
        "spearman_rho": {
          "mean": 0.360720647032858,
          "ci_low": 0.2360728106501336,
          "ci_high": 0.4749482048195689
        },
        "kendall_tau": {
          "mean": 0.24626054412727252,
          "ci_low": 0.15924143563102217,
          "ci_high": 0.32919643850250074
        }
      },
      "CYP2C9": {
        "st_rae": {
          "mean": 0.7583206974115201,
          "ci_low": 0.6516557983198492,
          "ci_high": 0.8648299433742722
        },
        "mae": {
          "mean": 0.5164823785058134,
          "ci_low": 0.4520458161225779,
          "ci_high": 0.5817175799820024
        },
        "r2": {
          "mean": 0.22272133929534044,
          "ci_low": 0.11679588317898819,
          "ci_high": 0.32769496744308363
        },
        "spearman_rho": {
          "mean": 0.4966828814729687,
          "ci_low": 0.39015209429877923,
          "ci_high": 0.5978639849210757
        },
        "kendall_tau": {
          "mean": 0.3497982602136404,
          "ci_low": 0.2726243239681021,
          "ci_high": 0.4288425873771366
        }
      },
      "CYP2D6": {
        "st_rae": {
          "mean": 1.080243959848102,
          "ci_low": 0.9877990473531472,
          "ci_high": 1.1786357394675102
        },
        "mae": {
          "mean": 0.6123227445820104,
          "ci_low": 0.5349913861181425,
          "ci_high": 0.6921886233920637
        },
        "r2": {
          "mean": -0.013240500135329784,
          "ci_low": -0.13258923230575156,
          "ci_high": 0.0858837308719459
        },
        "spearman_rho": {
          "mean": 0.12132121780601603,
          "ci_low": -0.013226210402752427,
          "ci_high": 0.25726778735823375
        },
        "kendall_tau": {
          "mean": 0.08261249681486003,
          "ci_low": -0.008873998282989065,
          "ci_high": 0.1763408441435488
        }
      },
      "CYP3A4": {
        "st_rae": {
          "mean": 0.7840747948605862,
          "ci_low": 0.7029767555039244,
          "ci_high": 0.8704195664362581
        },
        "mae": {
          "mean": 0.7668222227152695,
          "ci_low": 0.7143061953320728,
          "ci_high": 0.8260173869017419
        },
        "r2": {
          "mean": 0.23462757105934132,
          "ci_low": 0.1426213502592355,
          "ci_high": 0.3214476975284151
        },
        "spearman_rho": {
          "mean": 0.5002953876193981,
          "ci_low": 0.41590351809760845,
          "ci_high": 0.5875815792766136
        },
        "kendall_tau": {
          "mean": 0.3575720227109371,
          "ci_low": 0.2968901655157297,
          "ci_high": 0.42110029002113714
        }
      }
    }
  },
  "epochs_run": 4,
  "fit_observations": 4213,
  "validation_observations": 1003,
  "rule": "gated_residual",
  "generations": 32,
  "hidden_channels": 16,
  "atom_feature_profile": "local_environment",
  "atom_feature_count": 29,
  "atom_feature_names": [
    "element_H",
    "element_C",
    "element_N",
    "element_O",
    "element_F",
    "element_P",
    "element_S",
    "element_Cl",
    "element_Br",
    "element_I",
    "element_other",
    "formal_charge",
    "aromatic",
    "hybrid_sp",
    "hybrid_sp2",
    "hybrid_sp3",
    "hybrid_other",
    "degree",
    "total_hydrogens",
    "in_ring",
    "hbond_donor",
    "hbond_acceptor",
    "chiral_cw",
    "chiral_ccw",
    "chiral_other",
    "mean_neighbour_electronegativity",
    "electronegativity_difference",
    "mean_neighbour_atomic_number",
    "neighbour_formal_charge"
  ],
  "device": "cuda",
  "gpu": "NVIDIA GeForce RTX 5070 Ti",
  "training_seconds": 23.326539299916476,
  "peak_gpu_memory_bytes": 122911232,
  "runtime": {
    "operating_system": "Windows-10-10.0.26200-SP0",
    "machine": "AMD64",
    "python": "3.11.16",
    "python_executable": "C:\\Users\\Anthony\\anaconda3\\envs\\strange-matter-gpu\\python.exe",
    "pytorch": "2.11.0+cu128",
    "pytorch_cuda": "12.8",
    "device": "cuda",
    "gpu": "NVIDIA GeForce RTX 5070 Ti"
  },
  "validation_protocol": {
    "kind": "scaffold_cross_validation",
    "fold": 1,
    "folds": 5
  },
  "readout": "differentiable_closed_form_ridge",
  "prediction_mode": "direct",
  "residual_alpha": null,
  "trajectory_pooling": "legacy",
  "ridge_mode": "shared",
  "loss_mode": "hybrid_interval",
  "interval_loss_beta": 0.5,
  "interval_temperature": 0.1,
  "hyperparameters": {
    "ca_lr": 0.0003,
    "ridge": 1.0,
    "ca_l2": 1e-05,
    "gradient_clip": 2.0,
    "update_scale": 0.08,
    "init_scale": 0.5,
    "initial_noise": 0.005,
    "support_fraction": 0.75,
    "bond_temperature": 1.0,
    "dyn_a": 0.5,
    "dyn_b": 0.8,
    "dyn_c": 0.2,
    "dyn_d": 0.05,
    "lr_schedule": "cosine_0.1x"
  }
}
