{"device": "cuda", "gpu": "NVIDIA GeForce RTX 5070 Ti", "pytorch": "2.11.0+cu128", "pytorch_cuda": "12.8"}
{"epoch": 1, "train_rmse": 1.0745554432085438, "validation_rmse": 0.909798800945282, "mean_raw_gradient_norm": 28.238646553408714, "fraction_gradients_clipped": 1.0}
{"epoch": 2, "train_rmse": 1.0087892717321294, "validation_rmse": 0.8943580389022827, "mean_raw_gradient_norm": 5.841349324872417, "fraction_gradients_clipped": 1.0}
{"epoch": 3, "train_rmse": 0.9724750524815025, "validation_rmse": 0.8966934680938721, "mean_raw_gradient_norm": 6.414809011643933, "fraction_gradients_clipped": 1.0}
{"epoch": 4, "train_rmse": 1.1007087236374644, "validation_rmse": 0.8987467288970947, "mean_raw_gradient_norm": 11.052943721894295, "fraction_gradients_clipped": 1.0}
{"epoch": 5, "train_rmse": 1.0206440665805376, "validation_rmse": 0.8872862458229065, "mean_raw_gradient_norm": 5.435633943926904, "fraction_gradients_clipped": 1.0}
{"epoch": 6, "train_rmse": 0.9999759152697475, "validation_rmse": 0.8996973037719727, "mean_raw_gradient_norm": 5.746326069678029, "fraction_gradients_clipped": 1.0}
{"epoch": 7, "train_rmse": 0.9642774279674587, "validation_rmse": 0.8800687193870544, "mean_raw_gradient_norm": 4.242939925962879, "fraction_gradients_clipped": 1.0}
{"epoch": 8, "train_rmse": 1.0213361386100037, "validation_rmse": 0.8824701309204102, "mean_raw_gradient_norm": 5.280085840532856, "fraction_gradients_clipped": 1.0}
{"epoch": 9, "train_rmse": 0.9749840358785141, "validation_rmse": 0.8807505369186401, "mean_raw_gradient_norm": 5.182565466050179, "fraction_gradients_clipped": 1.0}
{"epoch": 10, "train_rmse": 0.9357301279323698, "validation_rmse": 0.8800709843635559, "mean_raw_gradient_norm": 5.1111991290123235, "fraction_gradients_clipped": 1.0}
{
  "seed": 1701,
  "best_validation_rmse": 0.8800687193870544,
  "restored_fit_rmse": 0.8193215727806091,
  "restored_validation_rmse": 0.8800702095031738,
  "epochs_run": 10,
  "fit_observations": 5216,
  "validation_observations": 1309,
  "rule": "inertial_reaction_diffusion",
  "generations": 500,
  "hidden_channels": 16,
  "device": "cuda",
  "gpu": "NVIDIA GeForce RTX 5070 Ti",
  "training_seconds": 546.8320356999757,
  "peak_gpu_memory_bytes": 1973557760,
  "readout": "differentiable_closed_form_ridge",
  "hyperparameters": {
    "ca_lr": 0.003,
    "ridge": 1.0,
    "ca_l2": 1e-05,
    "gradient_clip": 1.0
  }
}
