{"operating_system": "Windows-10-10.0.26200-SP0", "machine": "AMD64", "python": "3.11.16", "python_executable": "C:\\Users\\Anthony\\anaconda3\\envs\\strange-matter-gpu\\python.exe", "pytorch": "2.11.0+cu128", "pytorch_cuda": "12.8", "device": "cuda", "gpu": "NVIDIA GeForce RTX 5070 Ti"}
{"epoch": 1, "train_rmse": 1.5502129276295644, "validation_rmse": 1.0106083154678345, "mean_raw_gradient_norm": 42.97886503659762, "fraction_gradients_clipped": 1.0}
{"epoch": 2, "train_rmse": 1.489907210048185, "validation_rmse": 1.005266547203064, "mean_raw_gradient_norm": 34.7866205068735, "fraction_gradients_clipped": 1.0}
{"epoch": 3, "train_rmse": 1.3867234862246596, "validation_rmse": 1.0070744752883911, "mean_raw_gradient_norm": 24.177757409902718, "fraction_gradients_clipped": 1.0}
{"epoch": 4, "train_rmse": 1.3748143928176713, "validation_rmse": 1.0074256658554077, "mean_raw_gradient_norm": 28.210159741915188, "fraction_gradients_clipped": 1.0}
{
  "seed": 1701,
  "best_validation_rmse": 1.005266547203064,
  "restored_fit_rmse": 0.8024365901947021,
  "restored_validation_rmse": 1.0036661624908447,
  "epochs_run": 4,
  "fit_observations": 1053,
  "validation_observations": 337,
  "rule": "coupled_map",
  "generations": 125,
  "hidden_channels": 24,
  "atom_feature_profile": "ring_geometry",
  "atom_feature_count": 32,
  "atom_feature_names": [
    "element_H",
    "element_C",
    "element_N",
    "element_O",
    "element_F",
    "element_P",
    "element_S",
    "element_Cl",
    "element_Br",
    "element_I",
    "element_other",
    "formal_charge",
    "aromatic",
    "hybrid_sp",
    "hybrid_sp2",
    "hybrid_sp3",
    "hybrid_other",
    "degree",
    "total_hydrogens",
    "in_ring",
    "hbond_donor",
    "hbond_acceptor",
    "chiral_cw",
    "chiral_ccw",
    "chiral_other",
    "ring_count",
    "ring_size_3",
    "ring_size_4",
    "ring_size_5",
    "ring_size_6",
    "ring_size_7",
    "ring_size_8_plus"
  ],
  "device": "cuda",
  "gpu": "NVIDIA GeForce RTX 5070 Ti",
  "training_seconds": 22.42066100006923,
  "peak_gpu_memory_bytes": 583655424,
  "runtime": {
    "operating_system": "Windows-10-10.0.26200-SP0",
    "machine": "AMD64",
    "python": "3.11.16",
    "python_executable": "C:\\Users\\Anthony\\anaconda3\\envs\\strange-matter-gpu\\python.exe",
    "pytorch": "2.11.0+cu128",
    "pytorch_cuda": "12.8",
    "device": "cuda",
    "gpu": "NVIDIA GeForce RTX 5070 Ti"
  },
  "readout": "differentiable_closed_form_ridge",
  "hyperparameters": {
    "ca_lr": 0.001,
    "ridge": 0.3,
    "ca_l2": 0.0001,
    "gradient_clip": 2.0,
    "update_scale": 0.25,
    "init_scale": 1.5,
    "initial_noise": 0.0,
    "support_fraction": 0.75,
    "bond_temperature": 0.5,
    "dyn_a": 0.2,
    "dyn_b": 0.5,
    "dyn_c": 0.2,
    "dyn_d": 0.15,
    "lr_schedule": "cosine_0.1x"
  }
}
