{"operating_system": "macOS-26.2-arm64-arm-64bit", "machine": "arm64", "python": "3.10.19", "python_executable": "/opt/anaconda3/envs/kcc2/bin/python3.10", "pytorch": "2.8.0", "pytorch_cuda": null, "device": "cpu", "gpu": null}
{"epoch": 1, "train_rmse": 1.434353178568085, "validation_rmse": 0.9025813341140747, "mean_raw_gradient_norm": 74.0990512601791, "fraction_gradients_clipped": 1.0}
{"epoch": 2, "train_rmse": 1.3842131780864744, "validation_rmse": 0.8919410705566406, "mean_raw_gradient_norm": 127.68725715144988, "fraction_gradients_clipped": 1.0}
{"epoch": 3, "train_rmse": 1.2520332305057815, "validation_rmse": 0.8931900262832642, "mean_raw_gradient_norm": 85.5750873165746, "fraction_gradients_clipped": 1.0}
{"epoch": 4, "train_rmse": 1.3237552866845288, "validation_rmse": 0.895817220211029, "mean_raw_gradient_norm": 82.59003246984174, "fraction_gradients_clipped": 1.0}
{"epoch": 5, "train_rmse": 1.3279127756533506, "validation_rmse": 0.893604576587677, "mean_raw_gradient_norm": 48.90194345289661, "fraction_gradients_clipped": 1.0}
{"epoch": 6, "train_rmse": 1.338899169317961, "validation_rmse": 0.8960689306259155, "mean_raw_gradient_norm": 69.28387714201405, "fraction_gradients_clipped": 1.0}
{
  "seed": 4211,
  "best_validation_rmse": 0.8919410705566406,
  "restored_fit_rmse": 0.835565447807312,
  "restored_validation_rmse": 0.8919410705566406,
  "epochs_run": 6,
  "fit_observations": 5216,
  "validation_observations": 1309,
  "rule": "gray_scott",
  "generations": 125,
  "hidden_channels": 16,
  "device": "cpu",
  "gpu": null,
  "training_seconds": 330.63342583400663,
  "peak_gpu_memory_bytes": 0,
  "runtime": {
    "operating_system": "macOS-26.2-arm64-arm-64bit",
    "machine": "arm64",
    "python": "3.10.19",
    "python_executable": "/opt/anaconda3/envs/kcc2/bin/python3.10",
    "pytorch": "2.8.0",
    "pytorch_cuda": null,
    "device": "cpu",
    "gpu": null
  },
  "readout": "differentiable_closed_form_ridge",
  "hyperparameters": {
    "ca_lr": 0.0003,
    "ridge": 0.1,
    "ca_l2": 0.0001,
    "gradient_clip": 0.5,
    "update_scale": 0.4,
    "init_scale": 1.5,
    "initial_noise": 0.0,
    "support_fraction": 0.85,
    "bond_temperature": 1.0,
    "dyn_a": 0.5,
    "dyn_b": 0.2,
    "dyn_c": 0.8,
    "dyn_d": 0.15,
    "lr_schedule": "cosine_0.1x"
  }
}
