{"operating_system": "Windows-10-10.0.26200-SP0", "machine": "AMD64", "python": "3.11.16", "python_executable": "C:\\Users\\Anthony\\anaconda3\\envs\\strange-matter-gpu\\python.exe", "pytorch": "2.11.0+cu128", "pytorch_cuda": "12.8", "device": "cuda", "gpu": "NVIDIA GeForce RTX 5070 Ti"}
{"epoch": 1, "train_rmse": 1.2488094503992133, "validation_rmse": 0.8544415831565857, "validation_ma_st_rae": 0.9666079454685819, "validation_CYP1A2_st_rae": 1.0542290617924268, "validation_CYP2C9_st_rae": 0.8349640792116003, "validation_CYP2D6_st_rae": 1.1349954381284388, "validation_CYP3A4_st_rae": 0.8422432027418613, "mean_raw_gradient_norm": 17.54469394683838, "fraction_gradients_clipped": 1.0}
{"epoch": 2, "train_rmse": 1.3683707658860633, "validation_rmse": 0.8552249073982239, "validation_ma_st_rae": 0.9671018554519578, "validation_CYP1A2_st_rae": 1.0491032038812451, "validation_CYP2C9_st_rae": 0.8636205855223232, "validation_CYP2D6_st_rae": 1.1015619127716576, "validation_CYP3A4_st_rae": 0.8541217196326053, "mean_raw_gradient_norm": 16.87409019470215, "fraction_gradients_clipped": 1.0}
{"epoch": 3, "train_rmse": 1.3561281217782521, "validation_rmse": 0.856208324432373, "validation_ma_st_rae": 0.9665217834841249, "validation_CYP1A2_st_rae": 1.0507965967312611, "validation_CYP2C9_st_rae": 0.8658766467029759, "validation_CYP2D6_st_rae": 1.0915113298749133, "validation_CYP3A4_st_rae": 0.8579025606273492, "mean_raw_gradient_norm": 16.172729110717775, "fraction_gradients_clipped": 1.0}
{
  "seed": 1701,
  "selection_metric": "validation_ma_st_rae",
  "best_validation_ma_st_rae": 0.9666079454685819,
  "best_validation_rmse": 0.8544415831565857,
  "restored_fit_rmse": 0.8815752863883972,
  "restored_validation_rmse": 0.8544411063194275,
  "restored_fit_ma_st_rae": 0.8237916779406065,
  "restored_validation_ma_st_rae": 0.9854592222170245,
  "restored_validation_point_ma_st_rae": 0.9665667450715986,
  "restored_validation_point_st_rae_by_cyp": {
    "CYP1A2": 1.0542850326162558,
    "CYP2C9": 0.8349169064161576,
    "CYP2D6": 1.1349279897433153,
    "CYP3A4": 0.8421370515106656
  },
  "restored_fit_st_rae_by_cyp": {
    "CYP1A2": 0.7712618528388883,
    "CYP2C9": 0.7872280971191553,
    "CYP2D6": 0.9786425760948662,
    "CYP3A4": 0.7580341857095163
  },
  "restored_validation_st_rae_by_cyp": {
    "CYP1A2": 1.0631289312207581,
    "CYP2C9": 0.8703226234400111,
    "CYP2D6": 1.1515528234586137,
    "CYP3A4": 0.8568325107487154
  },
  "validation_bootstrap_metrics": {
    "n_bootstrap_samples": 1000,
    "seed": 0,
    "macro": {
      "st_rae": {
        "mean": 0.9854592222170245,
        "ci_low": 0.8655760589537488,
        "ci_high": 1.112278217146905
      },
      "mae": {
        "mean": 0.6491457773153656,
        "ci_low": 0.5911607836020193,
        "ci_high": 0.7163331742451997
      },
      "r2": {
        "mean": 0.06476602821520203,
        "ci_low": -0.055200115409304626,
        "ci_high": 0.17375402199408732
      },
      "spearman_rho": {
        "mean": 0.40085800038753994,
        "ci_low": 0.29487632207750436,
        "ci_high": 0.5096458367600866
      },
      "kendall_tau": {
        "mean": 0.28455287812738983,
        "ci_low": 0.20665019770803117,
        "ci_high": 0.3621460783428183
      }
    },
    "per_endpoint": {
      "CYP1A2": {
        "st_rae": {
          "mean": 1.0631289312207581,
          "ci_low": 0.802820758067148,
          "ci_high": 1.3894411318898197
        },
        "mae": {
          "mean": 0.7128856842947788,
          "ci_low": 0.563160728821989,
          "ci_high": 0.875810987050416
        },
        "r2": {
          "mean": 0.08378810818120541,
          "ci_low": -0.15614664953099688,
          "ci_high": 0.2847489853283094
        },
        "spearman_rho": {
          "mean": 0.5016024596625053,
          "ci_low": 0.2866799106295619,
          "ci_high": 0.6883180761455636
        },
        "kendall_tau": {
          "mean": 0.3549583699080667,
          "ci_low": 0.19300776914539403,
          "ci_high": 0.5094828630253118
        }
      },
      "CYP2C9": {
        "st_rae": {
          "mean": 0.8703226234400111,
          "ci_low": 0.5964766053952479,
          "ci_high": 1.2184833450374961
        },
        "mae": {
          "mean": 0.5296461965680123,
          "ci_low": 0.42611280649900435,
          "ci_high": 0.6372316575050354
        },
        "r2": {
          "mean": 0.12178664682352112,
          "ci_low": -0.1773574070115895,
          "ci_high": 0.36377911860989426
        },
        "spearman_rho": {
          "mean": 0.46905768533641784,
          "ci_low": 0.2261453783611724,
          "ci_high": 0.6694374197527551
        },
        "kendall_tau": {
          "mean": 0.3326010895504144,
          "ci_low": 0.15563844807699956,
          "ci_high": 0.49397722696637403
        }
      },
      "CYP2D6": {
        "st_rae": {
          "mean": 1.1515528234586137,
          "ci_low": 0.9691091443463581,
          "ci_high": 1.3995422568019062
        },
        "mae": {
          "mean": 0.6159057669419509,
          "ci_low": 0.48383145433205826,
          "ci_high": 0.7715241398261143
        },
        "r2": {
          "mean": -0.18663769791418192,
          "ci_low": -0.49893603754347055,
          "ci_high": 0.003578920958707496
        },
        "spearman_rho": {
          "mean": 0.1641490297284178,
          "ci_low": -0.08347998824668888,
          "ci_high": 0.3887697401184129
        },
        "kendall_tau": {
          "mean": 0.11271987244223519,
          "ci_low": -0.04930654659325154,
          "ci_high": 0.2680243303419148
        }
      },
      "CYP3A4": {
        "st_rae": {
          "mean": 0.8568325107487154,
          "ci_low": 0.6615686209100595,
          "ci_high": 1.10456456114332
        },
        "mae": {
          "mean": 0.7381454614567201,
          "ci_low": 0.635707930076954,
          "ci_high": 0.8457877997049065
        },
        "r2": {
          "mean": 0.24012705577026347,
          "ci_low": 0.048282428611222464,
          "ci_high": 0.4001056072085744
        },
        "spearman_rho": {
          "mean": 0.4686228268228192,
          "ci_low": 0.2631585732934626,
          "ci_high": 0.6348088097326196
        },
        "kendall_tau": {
          "mean": 0.33793218060884295,
          "ci_low": 0.18681621267020565,
          "ci_high": 0.4706216559485136
        }
      }
    }
  },
  "epochs_run": 3,
  "fit_observations": 806,
  "validation_observations": 272,
  "rule": "gated_residual",
  "generations": 500,
  "hidden_channels": 16,
  "atom_feature_profile": "comprehensive",
  "atom_feature_count": 57,
  "atom_feature_names": [
    "element_H",
    "element_C",
    "element_N",
    "element_O",
    "element_F",
    "element_P",
    "element_S",
    "element_Cl",
    "element_Br",
    "element_I",
    "element_other",
    "formal_charge",
    "aromatic",
    "hybrid_sp",
    "hybrid_sp2",
    "hybrid_sp3",
    "hybrid_other",
    "degree",
    "total_hydrogens",
    "in_ring",
    "hbond_donor",
    "hbond_acceptor",
    "chiral_cw",
    "chiral_ccw",
    "chiral_other",
    "atomic_number",
    "atomic_mass",
    "covalent_radius",
    "vdw_radius",
    "outer_electrons",
    "period",
    "periodic_group",
    "atomic_volume",
    "total_valence",
    "implicit_valence",
    "heavy_atom_degree",
    "radical_electrons",
    "absolute_formal_charge",
    "electronegativity",
    "polarizability",
    "heteroatom",
    "halogen",
    "conjugated_bond_fraction",
    "first_ionization_energy",
    "electron_affinity",
    "electronic_property_missing",
    "ring_count",
    "ring_size_3",
    "ring_size_4",
    "ring_size_5",
    "ring_size_6",
    "ring_size_7",
    "ring_size_8_plus",
    "mean_neighbour_electronegativity",
    "electronegativity_difference",
    "mean_neighbour_atomic_number",
    "neighbour_formal_charge"
  ],
  "device": "cuda",
  "gpu": "NVIDIA GeForce RTX 5070 Ti",
  "training_seconds": 25.652398800011724,
  "peak_gpu_memory_bytes": 3228655616,
  "runtime": {
    "operating_system": "Windows-10-10.0.26200-SP0",
    "machine": "AMD64",
    "python": "3.11.16",
    "python_executable": "C:\\Users\\Anthony\\anaconda3\\envs\\strange-matter-gpu\\python.exe",
    "pytorch": "2.11.0+cu128",
    "pytorch_cuda": "12.8",
    "device": "cuda",
    "gpu": "NVIDIA GeForce RTX 5070 Ti"
  },
  "validation_protocol": {
    "kind": "scaffold_cross_validation",
    "fold": 0,
    "folds": 5
  },
  "readout": "differentiable_closed_form_ridge",
  "prediction_mode": "direct",
  "residual_alpha": null,
  "trajectory_pooling": "legacy",
  "ridge_mode": "shared",
  "loss_mode": "hybrid_interval",
  "interval_loss_beta": 0.75,
  "interval_temperature": 0.02,
  "hyperparameters": {
    "ca_lr": 0.003,
    "ridge": 0.01,
    "ca_l2": 1e-05,
    "gradient_clip": 1.0,
    "update_scale": 0.15,
    "init_scale": 1.0,
    "initial_noise": 0.005,
    "support_fraction": 0.75,
    "bond_temperature": 1.0,
    "dyn_a": 0.5,
    "dyn_b": 0.5,
    "dyn_c": 0.5,
    "dyn_d": 0.05,
    "lr_schedule": "cosine_0.1x"
  }
}
