{"device": "cuda", "gpu": "NVIDIA GeForce RTX 5070 Ti", "pytorch": "2.11.0+cu128", "pytorch_cuda": "12.8"}
{"epoch": 1, "train_rmse": 1.1903026059602242, "validation_rmse": 1.0241572856903076, "mean_raw_gradient_norm": 24.24615545272827, "fraction_gradients_clipped": 1.0}
{"epoch": 2, "train_rmse": 1.1636888311353806, "validation_rmse": 1.0212304592132568, "mean_raw_gradient_norm": 29.706496953964233, "fraction_gradients_clipped": 1.0}
{"epoch": 3, "train_rmse": 1.235953451555656, "validation_rmse": 1.0206445455551147, "mean_raw_gradient_norm": 15.855438089370727, "fraction_gradients_clipped": 1.0}
{
  "seed": 1701,
  "best_validation_rmse": 1.0206445455551147,
  "restored_fit_rmse": 0.8974695205688477,
  "restored_validation_rmse": 1.0206469297409058,
  "epochs_run": 3,
  "fit_observations": 791,
  "validation_observations": 273,
  "rule": "gated_residual",
  "generations": 64,
  "hidden_channels": 8,
  "device": "cuda",
  "gpu": "NVIDIA GeForce RTX 5070 Ti",
  "training_seconds": 6.678040400031023,
  "peak_gpu_memory_bytes": 121066496,
  "readout": "differentiable_closed_form_ridge",
  "hyperparameters": {
    "ca_lr": 0.001,
    "ridge": 0.1,
    "ca_l2": 1e-05,
    "gradient_clip": 1.0,
    "update_scale": 0.25,
    "init_scale": 1.0,
    "initial_noise": 0.0,
    "support_fraction": 0.75,
    "bond_temperature": 1.0,
    "dyn_a": 0.5,
    "dyn_b": 0.5,
    "dyn_c": 0.5,
    "dyn_d": 0.2,
    "lr_schedule": "cosine_0.1x"
  }
}
