{"device": "cuda", "gpu": "NVIDIA GeForce RTX 5070 Ti", "pytorch": "2.11.0+cu128", "pytorch_cuda": "12.8"}
{"epoch": 1, "train_rmse": 1.0535666735164806, "validation_rmse": 0.9551923274993896, "mean_raw_gradient_norm": 10.466512590646744, "fraction_gradients_clipped": 1.0}
{"epoch": 2, "train_rmse": 1.1410665490972507, "validation_rmse": 0.9557199478149414, "mean_raw_gradient_norm": 12.255362659692764, "fraction_gradients_clipped": 1.0}
{"epoch": 3, "train_rmse": 1.0705359273024315, "validation_rmse": 0.9557428956031799, "mean_raw_gradient_norm": 11.025152534246445, "fraction_gradients_clipped": 1.0}
{"epoch": 4, "train_rmse": 1.1469990383821875, "validation_rmse": 0.9548190236091614, "mean_raw_gradient_norm": 14.502323001623154, "fraction_gradients_clipped": 1.0}
{
  "seed": 1701,
  "best_validation_rmse": 0.9551923274993896,
  "restored_fit_rmse": 0.8981584906578064,
  "restored_validation_rmse": 0.9551933407783508,
  "epochs_run": 4,
  "fit_observations": 2643,
  "validation_observations": 670,
  "rule": "inertial_reaction_diffusion",
  "generations": 64,
  "hidden_channels": 8,
  "device": "cuda",
  "gpu": "NVIDIA GeForce RTX 5070 Ti",
  "training_seconds": 20.940367699950002,
  "peak_gpu_memory_bytes": 184220672,
  "readout": "differentiable_closed_form_ridge",
  "hyperparameters": {
    "ca_lr": 0.0003,
    "ridge": 0.01,
    "ca_l2": 1e-06,
    "gradient_clip": 2.0,
    "update_scale": 0.4,
    "init_scale": 0.5,
    "initial_noise": 0.01,
    "support_fraction": 0.85,
    "bond_temperature": 2.0,
    "dyn_a": 0.5,
    "dyn_b": 0.2,
    "dyn_c": 0.5,
    "dyn_d": 0.3,
    "lr_schedule": "cosine_0.1x"
  }
}
