{"operating_system": "macOS-26.2-arm64-arm-64bit", "machine": "arm64", "python": "3.10.19", "python_executable": "/opt/anaconda3/envs/kcc2/bin/python3.10", "pytorch": "2.8.0", "pytorch_cuda": null, "device": "cpu", "gpu": null}
{"epoch": 1, "train_rmse": 1.2049121262314348, "validation_rmse": 0.8898661136627197, "mean_raw_gradient_norm": 18.198395867501535, "fraction_gradients_clipped": 1.0}
{"epoch": 2, "train_rmse": 1.2145104932081285, "validation_rmse": 0.8782137632369995, "mean_raw_gradient_norm": 15.297262114863242, "fraction_gradients_clipped": 1.0}
{"epoch": 3, "train_rmse": 1.1828182713170388, "validation_rmse": 0.8696116209030151, "mean_raw_gradient_norm": 11.447597319079984, "fraction_gradients_clipped": 1.0}
{"epoch": 4, "train_rmse": 1.110946406969298, "validation_rmse": 0.8641464710235596, "mean_raw_gradient_norm": 7.833226380809661, "fraction_gradients_clipped": 1.0}
{"epoch": 5, "train_rmse": 1.092148651084902, "validation_rmse": 0.8739657402038574, "mean_raw_gradient_norm": 7.1697379927481375, "fraction_gradients_clipped": 1.0}
{"epoch": 6, "train_rmse": 1.1098656729421708, "validation_rmse": 0.8763012290000916, "mean_raw_gradient_norm": 6.585569058695147, "fraction_gradients_clipped": 1.0}
{"epoch": 7, "train_rmse": 1.0399039881646828, "validation_rmse": 0.8701797127723694, "mean_raw_gradient_norm": 6.5460291831724104, "fraction_gradients_clipped": 1.0}
{"epoch": 8, "train_rmse": 1.0868053633991197, "validation_rmse": 0.8683116436004639, "mean_raw_gradient_norm": 8.346595141195483, "fraction_gradients_clipped": 1.0}
{
  "seed": 4211,
  "best_validation_rmse": 0.8641464710235596,
  "restored_fit_rmse": 0.8128207921981812,
  "restored_validation_rmse": 0.8641464710235596,
  "epochs_run": 8,
  "fit_observations": 5216,
  "validation_observations": 1309,
  "rule": "gray_scott",
  "generations": 125,
  "hidden_channels": 16,
  "device": "cpu",
  "gpu": null,
  "training_seconds": 417.86991274997126,
  "peak_gpu_memory_bytes": 0,
  "runtime": {
    "operating_system": "macOS-26.2-arm64-arm-64bit",
    "machine": "arm64",
    "python": "3.10.19",
    "python_executable": "/opt/anaconda3/envs/kcc2/bin/python3.10",
    "pytorch": "2.8.0",
    "pytorch_cuda": null,
    "device": "cpu",
    "gpu": null
  },
  "readout": "differentiable_closed_form_ridge",
  "hyperparameters": {
    "ca_lr": 0.003,
    "ridge": 0.1,
    "ca_l2": 1e-05,
    "gradient_clip": 0.5,
    "update_scale": 0.25,
    "init_scale": 1.5,
    "initial_noise": 0.005,
    "support_fraction": 0.6,
    "bond_temperature": 1.0,
    "dyn_a": 0.5,
    "dyn_b": 0.2,
    "dyn_c": 0.8,
    "dyn_d": 0.15,
    "lr_schedule": "cosine_0.1x"
  }
}
