{"device": "cuda", "gpu": "NVIDIA GeForce RTX 5070 Ti", "pytorch": "2.11.0+cu128", "pytorch_cuda": "12.8"}
{"epoch": 1, "train_rmse": 2.598112128029635, "validation_rmse": 1.0160930156707764, "mean_raw_gradient_norm": 998.4898998862818, "fraction_gradients_clipped": 1.0}
{"epoch": 2, "train_rmse": 2.785674785044348, "validation_rmse": 1.031735897064209, "mean_raw_gradient_norm": 463.8950393074437, "fraction_gradients_clipped": 1.0}
{"epoch": 3, "train_rmse": 2.893391278228603, "validation_rmse": 1.0129799842834473, "mean_raw_gradient_norm": 756.4845451555753, "fraction_gradients_clipped": 1.0}
{
  "seed": 1701,
  "best_validation_rmse": 1.0129799842834473,
  "restored_fit_rmse": 0.8783584237098694,
  "restored_validation_rmse": 1.0130534172058105,
  "epochs_run": 3,
  "fit_observations": 791,
  "validation_observations": 273,
  "rule": "gated_residual",
  "generations": 250,
  "hidden_channels": 8,
  "device": "cuda",
  "gpu": "NVIDIA GeForce RTX 5070 Ti",
  "training_seconds": 43.78147499996703,
  "peak_gpu_memory_bytes": 96385024,
  "readout": "differentiable_closed_form_ridge",
  "hyperparameters": {
    "ca_lr": 0.003,
    "ridge": 0.001,
    "ca_l2": 1e-05,
    "gradient_clip": 0.5
  }
}
