{"operating_system": "Windows-10-10.0.26200-SP0", "machine": "AMD64", "python": "3.11.16", "python_executable": "C:\\Users\\Anthony\\anaconda3\\envs\\strange-matter-gpu\\python.exe", "pytorch": "2.11.0+cu128", "pytorch_cuda": "12.8", "device": "cuda", "gpu": "NVIDIA GeForce RTX 5070 Ti"}
{"epoch": 1, "train_rmse": 1.2695089589736837, "validation_rmse": 0.9004051089286804, "validation_ma_st_rae": 0.9821807206749783, "validation_CYP1A2_st_rae": 1.1488872016473812, "validation_CYP2C9_st_rae": 0.9599388914421882, "validation_CYP2D6_st_rae": 0.9006599087093797, "validation_CYP3A4_st_rae": 0.9192368809009638, "mean_raw_gradient_norm": 55.36949234008789, "fraction_gradients_clipped": 1.0}
{"epoch": 2, "train_rmse": 1.2990094540277801, "validation_rmse": 0.9132906794548035, "validation_ma_st_rae": 1.000962625073769, "validation_CYP1A2_st_rae": 1.1388208431152704, "validation_CYP2C9_st_rae": 0.9825906390131988, "validation_CYP2D6_st_rae": 0.927345279317383, "validation_CYP3A4_st_rae": 0.9550937388492247, "mean_raw_gradient_norm": 51.34574222564697, "fraction_gradients_clipped": 1.0}
{"epoch": 3, "train_rmse": 1.4430882933232672, "validation_rmse": 0.9057251811027527, "validation_ma_st_rae": 1.0025158497164846, "validation_CYP1A2_st_rae": 1.1268774281975373, "validation_CYP2C9_st_rae": 1.0140376327868508, "validation_CYP2D6_st_rae": 0.9341913674124959, "validation_CYP3A4_st_rae": 0.9349569704690546, "mean_raw_gradient_norm": 45.907382774353025, "fraction_gradients_clipped": 1.0}
{
  "seed": 1701,
  "selection_metric": "validation_ma_st_rae",
  "best_validation_ma_st_rae": 0.9821807206749783,
  "best_validation_rmse": 0.9004051089286804,
  "restored_fit_rmse": 0.9955395460128784,
  "restored_validation_rmse": 0.9004046320915222,
  "restored_fit_ma_st_rae": 0.9851163288995538,
  "restored_validation_ma_st_rae": 0.9928309744667404,
  "restored_validation_point_ma_st_rae": 0.9821760265744321,
  "restored_validation_point_st_rae_by_cyp": {
    "CYP1A2": 1.148887924084604,
    "CYP2C9": 0.9599329977309053,
    "CYP2D6": 0.9006481849671173,
    "CYP3A4": 0.9192349995151021
  },
  "restored_fit_st_rae_by_cyp": {
    "CYP1A2": 0.9481220711846309,
    "CYP2C9": 1.0224333115796878,
    "CYP2D6": 1.0161214768506983,
    "CYP3A4": 0.9537884559831981
  },
  "restored_validation_st_rae_by_cyp": {
    "CYP1A2": 1.1504846534535191,
    "CYP2C9": 0.9831610124803869,
    "CYP2D6": 0.9084899298078479,
    "CYP3A4": 0.9291883021252079
  },
  "validation_bootstrap_metrics": {
    "n_bootstrap_samples": 1000,
    "seed": 0,
    "macro": {
      "st_rae": {
        "mean": 0.9928309744667404,
        "ci_low": 0.8953034718014931,
        "ci_high": 1.0990637225512634
      },
      "mae": {
        "mean": 0.6727175630760421,
        "ci_low": 0.6097873510993037,
        "ci_high": 0.7440817041286483
      },
      "r2": {
        "mean": 0.003715118604220746,
        "ci_low": -0.10115721212871805,
        "ci_high": 0.09696162516054953
      },
      "spearman_rho": {
        "mean": 0.17292444944610938,
        "ci_low": 0.04164366614753623,
        "ci_high": 0.294047946304856
      },
      "kendall_tau": {
        "mean": 0.11652375137901812,
        "ci_low": 0.026937388807712542,
        "ci_high": 0.20310723991056825
      }
    },
    "per_endpoint": {
      "CYP1A2": {
        "st_rae": {
          "mean": 1.1504846534535191,
          "ci_low": 0.9269861845566788,
          "ci_high": 1.4099510536681354
        },
        "mae": {
          "mean": 0.769812735018183,
          "ci_low": 0.5982953939281527,
          "ci_high": 0.9583104422835053
        },
        "r2": {
          "mean": -0.07876892162785523,
          "ci_low": -0.34899061098936546,
          "ci_high": 0.07954099785778539
        },
        "spearman_rho": {
          "mean": 0.010342807236154213,
          "ci_low": -0.24191342072231833,
          "ci_high": 0.28796809686809133
        },
        "kendall_tau": {
          "mean": 0.00474889178322898,
          "ci_low": -0.1771969867367746,
          "ci_high": 0.20251255307007734
        }
      },
      "CYP2C9": {
        "st_rae": {
          "mean": 0.9831610124803869,
          "ci_low": 0.7445048285953619,
          "ci_high": 1.2469953318142637
        },
        "mae": {
          "mean": 0.573072618107001,
          "ci_low": 0.4666018662850062,
          "ci_high": 0.6991285488009452
        },
        "r2": {
          "mean": -0.03340744189050524,
          "ci_low": -0.3703978625078619,
          "ci_high": 0.24614274164264555
        },
        "spearman_rho": {
          "mean": 0.12307131726436066,
          "ci_low": -0.16670027816411678,
          "ci_high": 0.39553363612142506
        },
        "kendall_tau": {
          "mean": 0.07299713226044134,
          "ci_low": -0.12818582739173204,
          "ci_high": 0.26564459398476276
        }
      },
      "CYP2D6": {
        "st_rae": {
          "mean": 0.9084899298078479,
          "ci_low": 0.7758886320181915,
          "ci_high": 1.0617292110948238
        },
        "mae": {
          "mean": 0.5297460882627046,
          "ci_low": 0.41156266441712014,
          "ci_high": 0.6637826783840473
        },
        "r2": {
          "mean": 0.07051337951737446,
          "ci_low": -0.09776864442464754,
          "ci_high": 0.21274391327166592
        },
        "spearman_rho": {
          "mean": 0.3009455373997631,
          "ci_low": 0.040428924266999115,
          "ci_high": 0.5240433486195131
        },
        "kendall_tau": {
          "mean": 0.21104796281307198,
          "ci_low": 0.0224817967241256,
          "ci_high": 0.3748380151840699
        }
      },
      "CYP3A4": {
        "st_rae": {
          "mean": 0.9291883021252079,
          "ci_low": 0.8328044217316628,
          "ci_high": 1.0638835266905111
        },
        "mae": {
          "mean": 0.8182388109162796,
          "ci_low": 0.693483733437782,
          "ci_high": 0.9451607147621554
        },
        "r2": {
          "mean": 0.05652345841786901,
          "ci_low": -0.039048258136985176,
          "ci_high": 0.13988183609974175
        },
        "spearman_rho": {
          "mean": 0.25733813588415944,
          "ci_low": 0.0647512107016203,
          "ci_high": 0.43243619511458453
        },
        "kendall_tau": {
          "mean": 0.17730101865933023,
          "ci_low": 0.046267235405662216,
          "ci_high": 0.30144156452261156
        }
      }
    }
  },
  "epochs_run": 3,
  "fit_observations": 806,
  "validation_observations": 272,
  "rule": "kuramoto_sakaguchi",
  "generations": 125,
  "hidden_channels": 4,
  "atom_feature_profile": "periodic",
  "atom_feature_count": 33,
  "atom_feature_names": [
    "element_H",
    "element_C",
    "element_N",
    "element_O",
    "element_F",
    "element_P",
    "element_S",
    "element_Cl",
    "element_Br",
    "element_I",
    "element_other",
    "formal_charge",
    "aromatic",
    "hybrid_sp",
    "hybrid_sp2",
    "hybrid_sp3",
    "hybrid_other",
    "degree",
    "total_hydrogens",
    "in_ring",
    "hbond_donor",
    "hbond_acceptor",
    "chiral_cw",
    "chiral_ccw",
    "chiral_other",
    "atomic_number",
    "atomic_mass",
    "covalent_radius",
    "vdw_radius",
    "outer_electrons",
    "period",
    "periodic_group",
    "atomic_volume"
  ],
  "device": "cuda",
  "gpu": "NVIDIA GeForce RTX 5070 Ti",
  "training_seconds": 12.53167080017738,
  "peak_gpu_memory_bytes": 130264064,
  "runtime": {
    "operating_system": "Windows-10-10.0.26200-SP0",
    "machine": "AMD64",
    "python": "3.11.16",
    "python_executable": "C:\\Users\\Anthony\\anaconda3\\envs\\strange-matter-gpu\\python.exe",
    "pytorch": "2.11.0+cu128",
    "pytorch_cuda": "12.8",
    "device": "cuda",
    "gpu": "NVIDIA GeForce RTX 5070 Ti"
  },
  "validation_protocol": {
    "kind": "scaffold_cross_validation",
    "fold": 0,
    "folds": 5
  },
  "readout": "differentiable_closed_form_ridge",
  "prediction_mode": "direct",
  "residual_alpha": null,
  "trajectory_pooling": "legacy",
  "ridge_mode": "shared",
  "loss_mode": "hybrid_interval",
  "interval_loss_beta": 1.0,
  "interval_temperature": 0.1,
  "hyperparameters": {
    "ca_lr": 0.0003,
    "ridge": 1.0,
    "ca_l2": 1e-06,
    "gradient_clip": 0.5,
    "update_scale": 0.4,
    "init_scale": 0.5,
    "initial_noise": 0.01,
    "support_fraction": 0.85,
    "bond_temperature": 1.0,
    "dyn_a": 0.8,
    "dyn_b": 0.5,
    "dyn_c": 0.2,
    "dyn_d": 0.15,
    "lr_schedule": "cosine_0.1x"
  }
}
