{"operating_system": "Windows-10-10.0.26200-SP0", "machine": "AMD64", "python": "3.11.16", "python_executable": "C:\\Users\\Anthony\\anaconda3\\envs\\strange-matter-gpu\\python.exe", "pytorch": "2.11.0+cu128", "pytorch_cuda": "12.8", "device": "cuda", "gpu": "NVIDIA GeForce RTX 5070 Ti"}
{"epoch": 1, "train_rmse": 1.35057242653798, "validation_rmse": 0.9740651249885559, "validation_ma_st_rae": 1.1120099831893804, "validation_CYP1A2_st_rae": 1.2098129247819902, "validation_CYP2C9_st_rae": 1.1257441484881163, "validation_CYP2D6_st_rae": 1.2682838854175575, "validation_CYP3A4_st_rae": 0.8441989740698572, "mean_raw_gradient_norm": 42.81024560928345, "fraction_gradients_clipped": 1.0}
{"epoch": 2, "train_rmse": 1.4499782291735621, "validation_rmse": 0.9831426739692688, "validation_ma_st_rae": 1.1436652899781197, "validation_CYP1A2_st_rae": 1.2892250559694283, "validation_CYP2C9_st_rae": 1.138128567335438, "validation_CYP2D6_st_rae": 1.3038605280512094, "validation_CYP3A4_st_rae": 0.8434470085564032, "mean_raw_gradient_norm": 28.131264019012452, "fraction_gradients_clipped": 1.0}
{"epoch": 3, "train_rmse": 1.515041409510554, "validation_rmse": 0.9628108739852905, "validation_ma_st_rae": 1.132961621986948, "validation_CYP1A2_st_rae": 1.246593429800449, "validation_CYP2C9_st_rae": 1.099002300401294, "validation_CYP2D6_st_rae": 1.3216534634478023, "validation_CYP3A4_st_rae": 0.864597294298247, "mean_raw_gradient_norm": 48.54871673583985, "fraction_gradients_clipped": 1.0}
{
  "seed": 1701,
  "selection_metric": "validation_ma_st_rae",
  "best_validation_ma_st_rae": 1.1120099831893804,
  "best_validation_rmse": 0.9740651249885559,
  "restored_fit_rmse": 0.8808422684669495,
  "restored_validation_rmse": 0.9740667343139648,
  "restored_fit_ma_st_rae": 0.8286186550476602,
  "restored_validation_ma_st_rae": 1.1243465324684778,
  "restored_validation_point_ma_st_rae": 1.1119766567070906,
  "restored_validation_point_st_rae_by_cyp": {
    "CYP1A2": 1.2099048910404402,
    "CYP2C9": 1.1254420528694933,
    "CYP2D6": 1.268396016744889,
    "CYP3A4": 0.8441636661735397
  },
  "restored_fit_st_rae_by_cyp": {
    "CYP1A2": 0.8619639967114552,
    "CYP2C9": 0.790014032598343,
    "CYP2D6": 0.9353591301371869,
    "CYP3A4": 0.7271374607436559
  },
  "restored_validation_st_rae_by_cyp": {
    "CYP1A2": 1.2041849097271429,
    "CYP2C9": 1.1445772891028678,
    "CYP2D6": 1.2901809275858092,
    "CYP3A4": 0.858443003458091
  },
  "validation_bootstrap_metrics": {
    "n_bootstrap_samples": 1000,
    "seed": 0,
    "macro": {
      "st_rae": {
        "mean": 1.1243465324684778,
        "ci_low": 0.9512644021848519,
        "ci_high": 1.3093213366084313
      },
      "mae": {
        "mean": 0.7060617509037533,
        "ci_low": 0.6280480961693266,
        "ci_high": 0.79328464512969
      },
      "r2": {
        "mean": -0.2637756817216411,
        "ci_low": -0.7513027855863977,
        "ci_high": 0.05889414293224956
      },
      "spearman_rho": {
        "mean": 0.2900261148577231,
        "ci_low": 0.17684194091456487,
        "ci_high": 0.4035430971903509
      },
      "kendall_tau": {
        "mean": 0.20278861339814244,
        "ci_low": 0.12428411852434071,
        "ci_high": 0.2827520852284866
      }
    },
    "per_endpoint": {
      "CYP1A2": {
        "st_rae": {
          "mean": 1.2041849097271429,
          "ci_low": 0.8450490264636571,
          "ci_high": 1.6492017251044035
        },
        "mae": {
          "mean": 0.782221932802044,
          "ci_low": 0.5675786785414961,
          "ci_high": 1.0493055904497866
        },
        "r2": {
          "mean": -0.48417529419803307,
          "ci_low": -1.7435741509139884,
          "ci_high": 0.17137411133817176
        },
        "spearman_rho": {
          "mean": 0.2602345987904186,
          "ci_low": -0.0005471501062086075,
          "ci_high": 0.5114855809798871
        },
        "kendall_tau": {
          "mean": 0.18359431093580555,
          "ci_low": 0.002183082354187506,
          "ci_high": 0.35726388525523617
        }
      },
      "CYP2C9": {
        "st_rae": {
          "mean": 1.1445772891028678,
          "ci_low": 0.7113735240342405,
          "ci_high": 1.802477069806511
        },
        "mae": {
          "mean": 0.6116886908094089,
          "ci_low": 0.46343879113594694,
          "ci_high": 0.7741122168302537
        },
        "r2": {
          "mean": -0.492617451140753,
          "ci_low": -1.7696519448858716,
          "ci_high": 0.21224175848511528
        },
        "spearman_rho": {
          "mean": 0.3629130524330304,
          "ci_low": 0.09802535597078182,
          "ci_high": 0.5940516025617704
        },
        "kendall_tau": {
          "mean": 0.26454135508128684,
          "ci_low": 0.08009743220701526,
          "ci_high": 0.43390221546947627
        }
      },
      "CYP2D6": {
        "st_rae": {
          "mean": 1.2901809275858092,
          "ci_low": 1.0680064989734308,
          "ci_high": 1.5764721910940325
        },
        "mae": {
          "mean": 0.6827924795664273,
          "ci_low": 0.549321383879735,
          "ci_high": 0.8240169199613425
        },
        "r2": {
          "mean": -0.33661580154150106,
          "ci_low": -0.721037405246036,
          "ci_high": -0.07847498678595712
        },
        "spearman_rho": {
          "mean": 0.05118335963328457,
          "ci_low": -0.21289627862794455,
          "ci_high": 0.2841114086763058
        },
        "kendall_tau": {
          "mean": 0.03420273562714685,
          "ci_low": -0.15303549687643453,
          "ci_high": 0.2025684931506849
        }
      },
      "CYP3A4": {
        "st_rae": {
          "mean": 0.858443003458091,
          "ci_low": 0.7055633256619208,
          "ci_high": 1.0777900740028121
        },
        "mae": {
          "mean": 0.7475439004371333,
          "ci_low": 0.6441438042840293,
          "ci_high": 0.8504020927950393
        },
        "r2": {
          "mean": 0.2583058199937228,
          "ci_low": 0.11002209387476608,
          "ci_high": 0.38169005083524227
        },
        "spearman_rho": {
          "mean": 0.48577344857415905,
          "ci_low": 0.3097471072222,
          "ci_high": 0.6296593124486555
        },
        "kendall_tau": {
          "mean": 0.32881605194833047,
          "ci_low": 0.20386438118802372,
          "ci_high": 0.4378700524196875
        }
      }
    }
  },
  "epochs_run": 3,
  "fit_observations": 806,
  "validation_observations": 272,
  "rule": "fitzhugh_nagumo",
  "generations": 32,
  "hidden_channels": 16,
  "atom_feature_profile": "local_environment",
  "atom_feature_count": 29,
  "atom_feature_names": [
    "element_H",
    "element_C",
    "element_N",
    "element_O",
    "element_F",
    "element_P",
    "element_S",
    "element_Cl",
    "element_Br",
    "element_I",
    "element_other",
    "formal_charge",
    "aromatic",
    "hybrid_sp",
    "hybrid_sp2",
    "hybrid_sp3",
    "hybrid_other",
    "degree",
    "total_hydrogens",
    "in_ring",
    "hbond_donor",
    "hbond_acceptor",
    "chiral_cw",
    "chiral_ccw",
    "chiral_other",
    "mean_neighbour_electronegativity",
    "electronegativity_difference",
    "mean_neighbour_atomic_number",
    "neighbour_formal_charge"
  ],
  "device": "cuda",
  "gpu": "NVIDIA GeForce RTX 5070 Ti",
  "training_seconds": 4.557854000013322,
  "peak_gpu_memory_bytes": 95226368,
  "runtime": {
    "operating_system": "Windows-10-10.0.26200-SP0",
    "machine": "AMD64",
    "python": "3.11.16",
    "python_executable": "C:\\Users\\Anthony\\anaconda3\\envs\\strange-matter-gpu\\python.exe",
    "pytorch": "2.11.0+cu128",
    "pytorch_cuda": "12.8",
    "device": "cuda",
    "gpu": "NVIDIA GeForce RTX 5070 Ti"
  },
  "validation_protocol": {
    "kind": "scaffold_cross_validation",
    "fold": 0,
    "folds": 5
  },
  "readout": "differentiable_closed_form_ridge",
  "prediction_mode": "direct",
  "residual_alpha": null,
  "trajectory_pooling": "legacy",
  "ridge_mode": "shared",
  "loss_mode": "hybrid_interval",
  "interval_loss_beta": 0.5,
  "interval_temperature": 0.05,
  "hyperparameters": {
    "ca_lr": 0.003,
    "ridge": 1.0,
    "ca_l2": 1e-05,
    "gradient_clip": 1.0,
    "update_scale": 0.08,
    "init_scale": 1.5,
    "initial_noise": 0.0,
    "support_fraction": 0.75,
    "bond_temperature": 2.0,
    "dyn_a": 0.5,
    "dyn_b": 0.8,
    "dyn_c": 0.2,
    "dyn_d": 0.05,
    "lr_schedule": "cosine_0.1x"
  }
}
