{"operating_system": "Windows-10-10.0.26200-SP0", "machine": "AMD64", "python": "3.11.16", "python_executable": "C:\\Users\\Anthony\\anaconda3\\envs\\strange-matter-gpu\\python.exe", "pytorch": "2.11.0+cu128", "pytorch_cuda": "12.8", "device": "cuda", "gpu": "NVIDIA GeForce RTX 5070 Ti"}
{"epoch": 1, "train_rmse": 1.2818679784641065, "validation_rmse": 0.9212567806243896, "validation_ma_st_rae": 1.045684833657378, "validation_CYP1A2_st_rae": 1.2345141593019004, "validation_CYP2C9_st_rae": 1.000850710619806, "validation_CYP2D6_st_rae": 1.1279491355670956, "validation_CYP3A4_st_rae": 0.8194253291407102, "mean_raw_gradient_norm": 13.248535394668579, "fraction_gradients_clipped": 1.0}
{"epoch": 2, "train_rmse": 1.2404305507812132, "validation_rmse": 0.9195627570152283, "validation_ma_st_rae": 1.0442468080766678, "validation_CYP1A2_st_rae": 1.2315461071269769, "validation_CYP2C9_st_rae": 1.000601945811677, "validation_CYP2D6_st_rae": 1.1230216200613574, "validation_CYP3A4_st_rae": 0.8218175593066598, "mean_raw_gradient_norm": 11.93393440246582, "fraction_gradients_clipped": 1.0}
{"epoch": 3, "train_rmse": 1.2464911198211401, "validation_rmse": 0.9258419275283813, "validation_ma_st_rae": 1.05809132389229, "validation_CYP1A2_st_rae": 1.2493431519174363, "validation_CYP2C9_st_rae": 0.9755233000633574, "validation_CYP2D6_st_rae": 1.1574212966885808, "validation_CYP3A4_st_rae": 0.8500775468997854, "mean_raw_gradient_norm": 14.677601957321167, "fraction_gradients_clipped": 1.0}
{
  "seed": 1701,
  "selection_metric": "validation_ma_st_rae",
  "best_validation_ma_st_rae": 1.045684833657378,
  "best_validation_rmse": 0.9212567806243896,
  "restored_fit_rmse": 1.0164158344268799,
  "restored_validation_rmse": 0.9236177802085876,
  "restored_fit_ma_st_rae": 1.0035759403236184,
  "restored_validation_ma_st_rae": 1.0620279695833517,
  "restored_validation_point_ma_st_rae": 1.0476826433514723,
  "restored_validation_point_st_rae_by_cyp": {
    "CYP1A2": 1.2556543176230968,
    "CYP2C9": 0.9952123939407852,
    "CYP2D6": 1.1194020777851084,
    "CYP3A4": 0.8204617840568991
  },
  "restored_fit_st_rae_by_cyp": {
    "CYP1A2": 1.1072766694958558,
    "CYP2C9": 0.963320331495654,
    "CYP2D6": 1.0720759570383576,
    "CYP3A4": 0.871630803264607
  },
  "restored_validation_st_rae_by_cyp": {
    "CYP1A2": 1.2565447562710872,
    "CYP2C9": 1.0218868575615485,
    "CYP2D6": 1.1363801557373685,
    "CYP3A4": 0.8333001087634022
  },
  "validation_bootstrap_metrics": {
    "n_bootstrap_samples": 1000,
    "seed": 0,
    "macro": {
      "st_rae": {
        "mean": 1.0620279695833517,
        "ci_low": 0.9481781781260724,
        "ci_high": 1.1843561575002164
      },
      "mae": {
        "mean": 0.6864116873838676,
        "ci_low": 0.6124134685116954,
        "ci_high": 0.760012838882027
      },
      "r2": {
        "mean": -0.0684706821374704,
        "ci_low": -0.19830803811657857,
        "ci_high": 0.0316126501820261
      },
      "spearman_rho": {
        "mean": 0.2891416073551303,
        "ci_low": 0.17520258272112574,
        "ci_high": 0.40014996962195865
      },
      "kendall_tau": {
        "mean": 0.18475530511448757,
        "ci_low": 0.1042276190404837,
        "ci_high": 0.26286847635573773
      }
    },
    "per_endpoint": {
      "CYP1A2": {
        "st_rae": {
          "mean": 1.2565447562710872,
          "ci_low": 0.9473126905338991,
          "ci_high": 1.610168323168172
        },
        "mae": {
          "mean": 0.780620902612561,
          "ci_low": 0.612559597609473,
          "ci_high": 0.9481558081556539
        },
        "r2": {
          "mean": -0.07531712696905823,
          "ci_low": -0.41632754835431396,
          "ci_high": 0.09739032058833376
        },
        "spearman_rho": {
          "mean": 0.3895141207424436,
          "ci_low": 0.17177482587999418,
          "ci_high": 0.580713345292438
        },
        "kendall_tau": {
          "mean": 0.24973509810272954,
          "ci_low": 0.10115681304907206,
          "ci_high": 0.39225
        }
      },
      "CYP2C9": {
        "st_rae": {
          "mean": 1.0218868575615485,
          "ci_low": 0.7915359002560313,
          "ci_high": 1.3053734868644398
        },
        "mae": {
          "mean": 0.5740564210772514,
          "ci_low": 0.46116568992535273,
          "ci_high": 0.6934920729200045
        },
        "r2": {
          "mean": -0.033206774132615836,
          "ci_low": -0.2957844918481558,
          "ci_high": 0.16745985433653052
        },
        "spearman_rho": {
          "mean": 0.29973070317384576,
          "ci_low": 0.07238019227765369,
          "ci_high": 0.5128921167022278
        },
        "kendall_tau": {
          "mean": 0.19010393400129513,
          "ci_low": 0.026303331068639905,
          "ci_high": 0.33070720280778754
        }
      },
      "CYP2D6": {
        "st_rae": {
          "mean": 1.1363801557373685,
          "ci_low": 0.960194835048131,
          "ci_high": 1.3440012491425986
        },
        "mae": {
          "mean": 0.6133904263789837,
          "ci_low": 0.4818476168008951,
          "ci_high": 0.7623682087201339
        },
        "r2": {
          "mean": -0.2072716996669609,
          "ci_low": -0.49071195027724385,
          "ci_high": -0.02039761361153072
        },
        "spearman_rho": {
          "mean": 0.06070371871707307,
          "ci_low": -0.22657182583746657,
          "ci_high": 0.30126661326923504
        },
        "kendall_tau": {
          "mean": 0.02727284336221192,
          "ci_low": -0.17609357809659257,
          "ci_high": 0.20531357643511083
        }
      },
      "CYP3A4": {
        "st_rae": {
          "mean": 0.8333001087634022,
          "ci_low": 0.7231265598253549,
          "ci_high": 0.9480049038566493
        },
        "mae": {
          "mean": 0.7775789994666743,
          "ci_low": 0.6348263977571975,
          "ci_high": 0.9128203180640242
        },
        "r2": {
          "mean": 0.04191287221875334,
          "ci_low": -0.13482878965595718,
          "ci_high": 0.19018559111139569
        },
        "spearman_rho": {
          "mean": 0.40661788678715893,
          "ci_low": 0.21806957001642374,
          "ci_high": 0.5660378880928738
        },
        "kendall_tau": {
          "mean": 0.27190934499171376,
          "ci_low": 0.13833677720978196,
          "ci_high": 0.38849150169886265
        }
      }
    }
  },
  "epochs_run": 3,
  "fit_observations": 806,
  "validation_observations": 272,
  "rule": "conservative_graph_flux",
  "generations": 32,
  "hidden_channels": 4,
  "atom_feature_profile": "baseline",
  "atom_feature_count": 25,
  "atom_feature_names": [
    "element_H",
    "element_C",
    "element_N",
    "element_O",
    "element_F",
    "element_P",
    "element_S",
    "element_Cl",
    "element_Br",
    "element_I",
    "element_other",
    "formal_charge",
    "aromatic",
    "hybrid_sp",
    "hybrid_sp2",
    "hybrid_sp3",
    "hybrid_other",
    "degree",
    "total_hydrogens",
    "in_ring",
    "hbond_donor",
    "hbond_acceptor",
    "chiral_cw",
    "chiral_ccw",
    "chiral_other"
  ],
  "device": "cuda",
  "gpu": "NVIDIA GeForce RTX 5070 Ti",
  "training_seconds": 3.496536700055003,
  "peak_gpu_memory_bytes": 33481728,
  "runtime": {
    "operating_system": "Windows-10-10.0.26200-SP0",
    "machine": "AMD64",
    "python": "3.11.16",
    "python_executable": "C:\\Users\\Anthony\\anaconda3\\envs\\strange-matter-gpu\\python.exe",
    "pytorch": "2.11.0+cu128",
    "pytorch_cuda": "12.8",
    "device": "cuda",
    "gpu": "NVIDIA GeForce RTX 5070 Ti"
  },
  "validation_protocol": {
    "kind": "scaffold_cross_validation",
    "fold": 0,
    "folds": 5
  },
  "readout": "differentiable_closed_form_ridge",
  "hyperparameters": {
    "ca_lr": 0.0003,
    "ridge": 0.01,
    "ca_l2": 1e-05,
    "gradient_clip": 2.0,
    "update_scale": 0.08,
    "init_scale": 1.5,
    "initial_noise": 0.0,
    "support_fraction": 0.6,
    "bond_temperature": 0.5,
    "dyn_a": 0.2,
    "dyn_b": 0.8,
    "dyn_c": 0.2,
    "dyn_d": 0.15,
    "lr_schedule": "cosine_0.1x"
  }
}
