{"operating_system": "macOS-26.2-arm64-arm-64bit", "machine": "arm64", "python": "3.10.19", "python_executable": "/opt/anaconda3/envs/kcc2/bin/python3.10", "pytorch": "2.8.0", "pytorch_cuda": null, "device": "cpu", "gpu": null}
{"epoch": 1, "train_rmse": 8.751182857944322, "validation_rmse": 0.9230951070785522, "mean_raw_gradient_norm": 2719.93989187479, "fraction_gradients_clipped": 1.0}
{"epoch": 2, "train_rmse": 7.31779050760048, "validation_rmse": 0.9184409379959106, "mean_raw_gradient_norm": 3006.192667245865, "fraction_gradients_clipped": 1.0}
{"epoch": 3, "train_rmse": 31.282242506203684, "validation_rmse": 0.9177945852279663, "mean_raw_gradient_norm": 22150.18821758032, "fraction_gradients_clipped": 1.0}
{"epoch": 4, "train_rmse": 1.5714864154219472, "validation_rmse": 0.9158888459205627, "mean_raw_gradient_norm": 80.89020216464996, "fraction_gradients_clipped": 1.0}
{"epoch": 5, "train_rmse": 1.6141045190248329, "validation_rmse": 0.9144870042800903, "mean_raw_gradient_norm": 37.27309274673462, "fraction_gradients_clipped": 1.0}
{
  "seed": 1701,
  "best_validation_rmse": 0.9144870042800903,
  "restored_fit_rmse": 0.8646296858787537,
  "restored_validation_rmse": 0.9144870042800903,
  "epochs_run": 5,
  "fit_observations": 2643,
  "validation_observations": 670,
  "rule": "kuramoto_sakaguchi",
  "generations": 64,
  "hidden_channels": 16,
  "device": "cpu",
  "gpu": null,
  "training_seconds": 78.25761870900169,
  "peak_gpu_memory_bytes": 0,
  "runtime": {
    "operating_system": "macOS-26.2-arm64-arm-64bit",
    "machine": "arm64",
    "python": "3.10.19",
    "python_executable": "/opt/anaconda3/envs/kcc2/bin/python3.10",
    "pytorch": "2.8.0",
    "pytorch_cuda": null,
    "device": "cpu",
    "gpu": null
  },
  "readout": "differentiable_closed_form_ridge",
  "hyperparameters": {
    "ca_lr": 0.0003,
    "ridge": 0.1,
    "ca_l2": 1e-06,
    "gradient_clip": 1.0,
    "update_scale": 0.08,
    "init_scale": 1.0,
    "initial_noise": 0.0,
    "support_fraction": 0.85,
    "bond_temperature": 1.0,
    "dyn_a": 0.8,
    "dyn_b": 0.8,
    "dyn_c": 0.2,
    "dyn_d": 0.15,
    "lr_schedule": "cosine_0.1x"
  }
}
