{"operating_system": "Windows-10-10.0.26200-SP0", "machine": "AMD64", "python": "3.11.16", "python_executable": "C:\\Users\\Anthony\\anaconda3\\envs\\strange-matter-gpu\\python.exe", "pytorch": "2.11.0+cu128", "pytorch_cuda": "12.8", "device": "cuda", "gpu": "NVIDIA GeForce RTX 5070 Ti"}
{"epoch": 1, "train_rmse": 1.1643867445221974, "validation_rmse": 0.8856920003890991, "validation_ma_st_rae": 1.0358062522258895, "validation_CYP1A2_st_rae": 1.03399664516709, "validation_CYP2C9_st_rae": 1.1586633421580788, "validation_CYP2D6_st_rae": 1.0575148949103104, "validation_CYP3A4_st_rae": 0.893050126668079, "mean_raw_gradient_norm": 4.640561163425446, "fraction_gradients_clipped": 1.0}
{"epoch": 2, "train_rmse": 1.050851603146099, "validation_rmse": 0.8853074908256531, "validation_ma_st_rae": 1.0358939906458586, "validation_CYP1A2_st_rae": 1.0307148131563129, "validation_CYP2C9_st_rae": 1.1595508520297444, "validation_CYP2D6_st_rae": 1.0584039822323317, "validation_CYP3A4_st_rae": 0.8949063151650455, "mean_raw_gradient_norm": 5.712315559387207, "fraction_gradients_clipped": 1.0}
{"epoch": 3, "train_rmse": 1.255889621494972, "validation_rmse": 0.8850739002227783, "validation_ma_st_rae": 1.0354780009067794, "validation_CYP1A2_st_rae": 1.0284371492024358, "validation_CYP2C9_st_rae": 1.1585299924125592, "validation_CYP2D6_st_rae": 1.0589052643818393, "validation_CYP3A4_st_rae": 0.896039597630284, "mean_raw_gradient_norm": 6.027297592163086, "fraction_gradients_clipped": 1.0}
{
  "seed": 1701,
  "selection_metric": "validation_ma_st_rae",
  "best_validation_ma_st_rae": 1.0358062522258895,
  "best_validation_rmse": 0.8856920003890991,
  "restored_fit_rmse": 0.9694628715515137,
  "restored_validation_rmse": 0.8856934905052185,
  "restored_fit_ma_st_rae": 0.9378262307617554,
  "restored_validation_ma_st_rae": 1.052255554672132,
  "restored_validation_point_ma_st_rae": 1.0358089741708076,
  "restored_validation_point_st_rae_by_cyp": {
    "CYP1A2": 1.0339962117047563,
    "CYP2C9": 1.1586830975349762,
    "CYP2D6": 1.0575071989002558,
    "CYP3A4": 0.8930493885432425
  },
  "restored_fit_st_rae_by_cyp": {
    "CYP1A2": 0.9293515294555644,
    "CYP2C9": 0.9542753262409636,
    "CYP2D6": 0.9704107701474821,
    "CYP3A4": 0.8972672972030116
  },
  "restored_validation_st_rae_by_cyp": {
    "CYP1A2": 1.034596913430066,
    "CYP2C9": 1.1972046823319447,
    "CYP2D6": 1.0705044810111917,
    "CYP3A4": 0.9067161419153249
  },
  "validation_bootstrap_metrics": {
    "n_bootstrap_samples": 1000,
    "seed": 0,
    "macro": {
      "st_rae": {
        "mean": 1.052255554672132,
        "ci_low": 0.937305416754072,
        "ci_high": 1.1752586448170967
      },
      "mae": {
        "mean": 0.6758782064478472,
        "ci_low": 0.6124136988709439,
        "ci_high": 0.74537857365446
      },
      "r2": {
        "mean": -0.03522860266214745,
        "ci_low": -0.1708938543781684,
        "ci_high": 0.07809862136482176
      },
      "spearman_rho": {
        "mean": 0.28148370554304725,
        "ci_low": 0.1672991280508797,
        "ci_high": 0.3871244184565674
      },
      "kendall_tau": {
        "mean": 0.1983641428721379,
        "ci_low": 0.11551576515162289,
        "ci_high": 0.27804174003594595
      }
    },
    "per_endpoint": {
      "CYP1A2": {
        "st_rae": {
          "mean": 1.034596913430066,
          "ci_low": 0.7834542219008163,
          "ci_high": 1.31276456088803
        },
        "mae": {
          "mean": 0.6778827931411932,
          "ci_low": 0.5270265395524072,
          "ci_high": 0.8474799968180109
        },
        "r2": {
          "mean": 0.1423596006097052,
          "ci_low": -0.11297686771001496,
          "ci_high": 0.2907707018193377
        },
        "spearman_rho": {
          "mean": 0.5305079585586256,
          "ci_low": 0.31376019594403887,
          "ci_high": 0.7127679666059735
        },
        "kendall_tau": {
          "mean": 0.38771287512829145,
          "ci_low": 0.22474314957569477,
          "ci_high": 0.5393625498752359
        }
      },
      "CYP2C9": {
        "st_rae": {
          "mean": 1.1972046823319447,
          "ci_low": 0.9004495233909764,
          "ci_high": 1.536345482778973
        },
        "mae": {
          "mean": 0.6390833715558051,
          "ci_low": 0.5081765661636988,
          "ci_high": 0.7783096486330032
        },
        "r2": {
          "mean": -0.34385018387898914,
          "ci_low": -0.7680525782622696,
          "ci_high": -0.016430358601172826
        },
        "spearman_rho": {
          "mean": 0.08867846221620625,
          "ci_low": -0.19385849927385285,
          "ci_high": 0.3379347655648488
        },
        "kendall_tau": {
          "mean": 0.05762299121188441,
          "ci_low": -0.14258204996238963,
          "ci_high": 0.24050928232096466
        }
      },
      "CYP2D6": {
        "st_rae": {
          "mean": 1.0705044810111917,
          "ci_low": 0.9116090120722472,
          "ci_high": 1.2521736514826853
        },
        "mae": {
          "mean": 0.5915053745233095,
          "ci_low": 0.4668255394238692,
          "ci_high": 0.7328239380396329
        },
        "r2": {
          "mean": -0.10200192214000373,
          "ci_low": -0.2734643026105605,
          "ci_high": 0.036906840360348206
        },
        "spearman_rho": {
          "mean": 0.10507205381158084,
          "ci_low": -0.13562183056039576,
          "ci_high": 0.33897748134132005
        },
        "kendall_tau": {
          "mean": 0.08038848037652249,
          "ci_low": -0.0825545507799508,
          "ci_high": 0.2472436427953596
        }
      },
      "CYP3A4": {
        "st_rae": {
          "mean": 0.9067161419153249,
          "ci_low": 0.767594123655872,
          "ci_high": 1.0904047866617628
        },
        "mae": {
          "mean": 0.7950412865710813,
          "ci_low": 0.6866839598777683,
          "ci_high": 0.9016390354134315
        },
        "r2": {
          "mean": 0.16257809476069784,
          "ci_low": 0.04067716431672652,
          "ci_high": 0.26536523159163883
        },
        "spearman_rho": {
          "mean": 0.4016763475857761,
          "ci_low": 0.2211030296992078,
          "ci_high": 0.5556307538737706
        },
        "kendall_tau": {
          "mean": 0.2677322247718532,
          "ci_low": 0.13834680801467938,
          "ci_high": 0.38729617987395787
        }
      }
    }
  },
  "epochs_run": 3,
  "fit_observations": 806,
  "validation_observations": 272,
  "rule": "gated_residual",
  "generations": 125,
  "hidden_channels": 4,
  "atom_feature_profile": "periodic",
  "atom_feature_count": 33,
  "atom_feature_names": [
    "element_H",
    "element_C",
    "element_N",
    "element_O",
    "element_F",
    "element_P",
    "element_S",
    "element_Cl",
    "element_Br",
    "element_I",
    "element_other",
    "formal_charge",
    "aromatic",
    "hybrid_sp",
    "hybrid_sp2",
    "hybrid_sp3",
    "hybrid_other",
    "degree",
    "total_hydrogens",
    "in_ring",
    "hbond_donor",
    "hbond_acceptor",
    "chiral_cw",
    "chiral_ccw",
    "chiral_other",
    "atomic_number",
    "atomic_mass",
    "covalent_radius",
    "vdw_radius",
    "outer_electrons",
    "period",
    "periodic_group",
    "atomic_volume"
  ],
  "device": "cuda",
  "gpu": "NVIDIA GeForce RTX 5070 Ti",
  "training_seconds": 10.023842100054026,
  "peak_gpu_memory_bytes": 150822400,
  "runtime": {
    "operating_system": "Windows-10-10.0.26200-SP0",
    "machine": "AMD64",
    "python": "3.11.16",
    "python_executable": "C:\\Users\\Anthony\\anaconda3\\envs\\strange-matter-gpu\\python.exe",
    "pytorch": "2.11.0+cu128",
    "pytorch_cuda": "12.8",
    "device": "cuda",
    "gpu": "NVIDIA GeForce RTX 5070 Ti"
  },
  "validation_protocol": {
    "kind": "scaffold_cross_validation",
    "fold": 0,
    "folds": 5
  },
  "readout": "differentiable_closed_form_ridge",
  "prediction_mode": "direct",
  "residual_alpha": null,
  "trajectory_pooling": "legacy",
  "ridge_mode": "shared",
  "loss_mode": "hybrid_interval",
  "interval_loss_beta": 1.0,
  "interval_temperature": 0.1,
  "hyperparameters": {
    "ca_lr": 0.0003,
    "ridge": 1.0,
    "ca_l2": 1e-06,
    "gradient_clip": 0.5,
    "update_scale": 0.4,
    "init_scale": 0.5,
    "initial_noise": 0.01,
    "support_fraction": 0.85,
    "bond_temperature": 1.0,
    "dyn_a": 0.8,
    "dyn_b": 0.5,
    "dyn_c": 0.2,
    "dyn_d": 0.15,
    "lr_schedule": "cosine_0.1x"
  }
}
