{"device": "cuda", "gpu": "NVIDIA GeForce RTX 5070 Ti", "pytorch": "2.11.0+cu128", "pytorch_cuda": "12.8"}
{"epoch": 1, "train_rmse": 1.323662066378892, "validation_rmse": 0.9823364019393921, "mean_raw_gradient_norm": 18.868991661071778, "fraction_gradients_clipped": 1.0}
{"epoch": 2, "train_rmse": 1.3314734265219847, "validation_rmse": 0.9820924997329712, "mean_raw_gradient_norm": 17.12878551483154, "fraction_gradients_clipped": 1.0}
{"epoch": 3, "train_rmse": 1.450433054999247, "validation_rmse": 0.9821640849113464, "mean_raw_gradient_norm": 22.428046131134032, "fraction_gradients_clipped": 1.0}
{
  "seed": 1701,
  "best_validation_rmse": 0.9823364019393921,
  "restored_fit_rmse": 0.8474746346473694,
  "restored_validation_rmse": 0.982346773147583,
  "epochs_run": 3,
  "fit_observations": 791,
  "validation_observations": 273,
  "rule": "gated_residual",
  "generations": 64,
  "hidden_channels": 16,
  "device": "cuda",
  "gpu": "NVIDIA GeForce RTX 5070 Ti",
  "training_seconds": 6.549440799979493,
  "peak_gpu_memory_bytes": 205259264,
  "readout": "differentiable_closed_form_ridge",
  "hyperparameters": {
    "ca_lr": 0.0003,
    "ridge": 0.1,
    "ca_l2": 1e-06,
    "gradient_clip": 1.0,
    "update_scale": 0.08,
    "init_scale": 1.0,
    "initial_noise": 0.0,
    "support_fraction": 0.85,
    "bond_temperature": 1.0,
    "dyn_a": 0.8,
    "dyn_b": 0.8,
    "dyn_c": 0.2,
    "dyn_d": 0.15,
    "lr_schedule": "cosine_0.1x"
  }
}
