{"operating_system": "Windows-10-10.0.26200-SP0", "machine": "AMD64", "python": "3.11.16", "python_executable": "C:\\Users\\Anthony\\anaconda3\\envs\\strange-matter-gpu\\python.exe", "pytorch": "2.11.0+cu128", "pytorch_cuda": "12.8", "device": "cuda", "gpu": "NVIDIA GeForce RTX 5070 Ti"}
{"epoch": 1, "train_rmse": 1.20716827423408, "validation_rmse": 0.9005695581436157, "validation_ma_st_rae": 0.9351109705070354, "validation_CYP1A2_st_rae": 0.9775704714465855, "validation_CYP2C9_st_rae": 0.8568195018403737, "validation_CYP2D6_st_rae": 1.1198575675504396, "validation_CYP3A4_st_rae": 0.7861963411907428, "mean_raw_gradient_norm": 78.43729766845703, "fraction_gradients_clipped": 1.0}
{"epoch": 2, "train_rmse": 2.662573921117151, "validation_rmse": 0.9019402265548706, "validation_ma_st_rae": 0.928371283182011, "validation_CYP1A2_st_rae": 0.9795612478842629, "validation_CYP2C9_st_rae": 0.8420331112776673, "validation_CYP2D6_st_rae": 1.1086923647982196, "validation_CYP3A4_st_rae": 0.7831984087678944, "mean_raw_gradient_norm": 1849.8220027923585, "fraction_gradients_clipped": 1.0}
{"epoch": 3, "train_rmse": 3.3380421803262785, "validation_rmse": 0.90606290102005, "validation_ma_st_rae": 0.9361192593332535, "validation_CYP1A2_st_rae": 0.9781286005351234, "validation_CYP2C9_st_rae": 0.8453070811501537, "validation_CYP2D6_st_rae": 1.1296009274261825, "validation_CYP3A4_st_rae": 0.7914404282215541, "mean_raw_gradient_norm": 8181.269484329224, "fraction_gradients_clipped": 1.0}
{"epoch": 4, "train_rmse": 1.175246213929767, "validation_rmse": 0.9066620469093323, "validation_ma_st_rae": 0.9436865549819778, "validation_CYP1A2_st_rae": 0.9729725962146558, "validation_CYP2C9_st_rae": 0.8827409509373519, "validation_CYP2D6_st_rae": 1.1260277986991045, "validation_CYP3A4_st_rae": 0.7930048740767988, "mean_raw_gradient_norm": 60.26880702972412, "fraction_gradients_clipped": 1.0}
{"epoch": 5, "train_rmse": 1.14847163858226, "validation_rmse": 0.9077324867248535, "validation_ma_st_rae": 0.9422636016976019, "validation_CYP1A2_st_rae": 0.9772234930503991, "validation_CYP2C9_st_rae": 0.8668337515103617, "validation_CYP2D6_st_rae": 1.1323879073389929, "validation_CYP3A4_st_rae": 0.7926092548906539, "mean_raw_gradient_norm": 42.57441074371338, "fraction_gradients_clipped": 1.0}
{
  "seed": 2909,
  "selection_metric": "validation_ma_st_rae",
  "best_validation_ma_st_rae": 0.928371283182011,
  "best_validation_rmse": 0.9019402265548706,
  "restored_fit_rmse": 0.846330463886261,
  "restored_validation_rmse": 0.9019395709037781,
  "restored_fit_ma_st_rae": 0.865421444492006,
  "restored_validation_ma_st_rae": 0.9316743424949671,
  "restored_validation_point_ma_st_rae": 0.9283740358431193,
  "restored_validation_point_st_rae_by_cyp": {
    "CYP1A2": 0.9795692041526398,
    "CYP2C9": 0.8420160332919765,
    "CYP2D6": 1.1087148433586262,
    "CYP3A4": 0.7831960625692349
  },
  "restored_fit_st_rae_by_cyp": {
    "CYP1A2": 0.8777154172154371,
    "CYP2C9": 0.8143217219867902,
    "CYP2D6": 1.04033305748754,
    "CYP3A4": 0.729315581278257
  },
  "restored_validation_st_rae_by_cyp": {
    "CYP1A2": 0.9859788745517137,
    "CYP2C9": 0.8426002571810212,
    "CYP2D6": 1.1128647540871475,
    "CYP3A4": 0.7852534841599861
  },
  "validation_bootstrap_metrics": {
    "n_bootstrap_samples": 1000,
    "seed": 0,
    "macro": {
      "st_rae": {
        "mean": 0.9316743424949671,
        "ci_low": 0.8760182685001104,
        "ci_high": 0.9886457228265855
      },
      "mae": {
        "mean": 0.6699122729062478,
        "ci_low": 0.6349223896534072,
        "ci_high": 0.7076228123882786
      },
      "r2": {
        "mean": 0.09953042598598673,
        "ci_low": 0.04386756145078174,
        "ci_high": 0.1584484798147926
      },
      "spearman_rho": {
        "mean": 0.3614485110207139,
        "ci_low": 0.3058597097155184,
        "ci_high": 0.41802847491605605
      },
      "kendall_tau": {
        "mean": 0.250762271540103,
        "ci_low": 0.21150025375066914,
        "ci_high": 0.29106863022961876
      }
    },
    "per_endpoint": {
      "CYP1A2": {
        "st_rae": {
          "mean": 0.9859788745517137,
          "ci_low": 0.8752288804183129,
          "ci_high": 1.10864970651098
        },
        "mae": {
          "mean": 0.7441994982896849,
          "ci_low": 0.658721008065135,
          "ci_high": 0.8316597349976385
        },
        "r2": {
          "mean": 0.04903838524320622,
          "ci_low": -0.05584875485860573,
          "ci_high": 0.15460853267353275
        },
        "spearman_rho": {
          "mean": 0.340886605777305,
          "ci_low": 0.22813330211932695,
          "ci_high": 0.45293791455848353
        },
        "kendall_tau": {
          "mean": 0.22882073109198445,
          "ci_low": 0.1525585247726069,
          "ci_high": 0.30619870937121907
        }
      },
      "CYP2C9": {
        "st_rae": {
          "mean": 0.8426002571810212,
          "ci_low": 0.7256947563748745,
          "ci_high": 0.9748479130871229
        },
        "mae": {
          "mean": 0.5335366695169265,
          "ci_low": 0.4665859786387022,
          "ci_high": 0.6109383406070283
        },
        "r2": {
          "mean": 0.14323024180662663,
          "ci_low": 0.00040984547244067414,
          "ci_high": 0.2716505498722981
        },
        "spearman_rho": {
          "mean": 0.44965789610853935,
          "ci_low": 0.33130047496208365,
          "ci_high": 0.5641777982197832
        },
        "kendall_tau": {
          "mean": 0.31105511288501814,
          "ci_low": 0.2267320289723032,
          "ci_high": 0.3966301622344649
        }
      },
      "CYP2D6": {
        "st_rae": {
          "mean": 1.1128647540871475,
          "ci_low": 0.987329358121669,
          "ci_high": 1.2481656137868988
        },
        "mae": {
          "mean": 0.6243149820618007,
          "ci_low": 0.552977806692538,
          "ci_high": 0.7014318179047625
        },
        "r2": {
          "mean": -0.014370680015877288,
          "ci_low": -0.14955486620330083,
          "ci_high": 0.1120688456911633
        },
        "spearman_rho": {
          "mean": 0.17451280402765623,
          "ci_low": 0.04206736315358716,
          "ci_high": 0.29758392643138637
        },
        "kendall_tau": {
          "mean": 0.12366604711996809,
          "ci_low": 0.033798162027233875,
          "ci_high": 0.211104916041814
        }
      },
      "CYP3A4": {
        "st_rae": {
          "mean": 0.7852534841599861,
          "ci_low": 0.7028632512615411,
          "ci_high": 0.8708991544436
        },
        "mae": {
          "mean": 0.7775979417565786,
          "ci_low": 0.7213425033640662,
          "ci_high": 0.8483810812317434
        },
        "r2": {
          "mean": 0.22022375690999135,
          "ci_low": 0.1313737877442541,
          "ci_high": 0.3049680184574781
        },
        "spearman_rho": {
          "mean": 0.4807367381693549,
          "ci_low": 0.38928052393983786,
          "ci_high": 0.5658000980577904
        },
        "kendall_tau": {
          "mean": 0.3395071950634412,
          "ci_low": 0.2735216378710631,
          "ci_high": 0.4052681401949293
        }
      }
    }
  },
  "epochs_run": 5,
  "fit_observations": 4213,
  "validation_observations": 1003,
  "rule": "fitzhugh_nagumo",
  "generations": 125,
  "hidden_channels": 16,
  "atom_feature_profile": "electronic",
  "atom_feature_count": 33,
  "atom_feature_names": [
    "element_H",
    "element_C",
    "element_N",
    "element_O",
    "element_F",
    "element_P",
    "element_S",
    "element_Cl",
    "element_Br",
    "element_I",
    "element_other",
    "formal_charge",
    "aromatic",
    "hybrid_sp",
    "hybrid_sp2",
    "hybrid_sp3",
    "hybrid_other",
    "degree",
    "total_hydrogens",
    "in_ring",
    "hbond_donor",
    "hbond_acceptor",
    "chiral_cw",
    "chiral_ccw",
    "chiral_other",
    "electronegativity",
    "polarizability",
    "heteroatom",
    "halogen",
    "conjugated_bond_fraction",
    "first_ionization_energy",
    "electron_affinity",
    "electronic_property_missing"
  ],
  "device": "cuda",
  "gpu": "NVIDIA GeForce RTX 5070 Ti",
  "training_seconds": 73.70132009999361,
  "peak_gpu_memory_bytes": 577957888,
  "runtime": {
    "operating_system": "Windows-10-10.0.26200-SP0",
    "machine": "AMD64",
    "python": "3.11.16",
    "python_executable": "C:\\Users\\Anthony\\anaconda3\\envs\\strange-matter-gpu\\python.exe",
    "pytorch": "2.11.0+cu128",
    "pytorch_cuda": "12.8",
    "device": "cuda",
    "gpu": "NVIDIA GeForce RTX 5070 Ti"
  },
  "validation_protocol": {
    "kind": "scaffold_cross_validation",
    "fold": 1,
    "folds": 5
  },
  "readout": "differentiable_closed_form_ridge",
  "hyperparameters": {
    "ca_lr": 0.0003,
    "ridge": 1.0,
    "ca_l2": 1e-05,
    "gradient_clip": 1.0,
    "update_scale": 0.08,
    "init_scale": 1.0,
    "initial_noise": 0.0,
    "support_fraction": 0.6,
    "bond_temperature": 2.0,
    "dyn_a": 0.5,
    "dyn_b": 0.2,
    "dyn_c": 0.5,
    "dyn_d": 0.05,
    "lr_schedule": "cosine_0.1x"
  }
}
