{"device": "cuda", "gpu": "NVIDIA GeForce RTX 5070 Ti", "pytorch": "2.11.0+cu128", "pytorch_cuda": "12.8"}
{"epoch": 1, "train_rmse": 31.0686231108615, "validation_rmse": 1.1227461099624634, "mean_raw_gradient_norm": 3447110.653782895, "fraction_gradients_clipped": 1.0}
{"epoch": 2, "train_rmse": 26.391823634962414, "validation_rmse": 0.9912307262420654, "mean_raw_gradient_norm": 1435275.6876027961, "fraction_gradients_clipped": 1.0}
{"epoch": 3, "train_rmse": 37.39799824265467, "validation_rmse": 0.9573971033096313, "mean_raw_gradient_norm": 4297527.138569079, "fraction_gradients_clipped": 1.0}
{
  "seed": 1701,
  "best_validation_rmse": 0.9573971033096313,
  "restored_fit_rmse": 0.823347806930542,
  "restored_validation_rmse": 0.9626721143722534,
  "epochs_run": 3,
  "fit_observations": 791,
  "validation_observations": 273,
  "rule": "gated_residual",
  "generations": 125,
  "hidden_channels": 16,
  "device": "cuda",
  "gpu": "NVIDIA GeForce RTX 5070 Ti",
  "training_seconds": 22.797128699952736,
  "peak_gpu_memory_bytes": 87096320,
  "readout": "differentiable_closed_form_ridge",
  "hyperparameters": {
    "ca_lr": 0.001,
    "ridge": 0.0001,
    "ca_l2": 0.0001,
    "gradient_clip": 0.5
  }
}
