{"operating_system": "Windows-10-10.0.26200-SP0", "machine": "AMD64", "python": "3.11.16", "python_executable": "C:\\Users\\Anthony\\anaconda3\\envs\\strange-matter-gpu\\python.exe", "pytorch": "2.11.0+cu128", "pytorch_cuda": "12.8", "device": "cuda", "gpu": "NVIDIA GeForce RTX 5070 Ti"}
{"epoch": 1, "train_rmse": 1.1953429961931723, "validation_rmse": 0.84359210729599, "validation_ma_st_rae": 0.8200940983495526, "validation_CYP1A2_st_rae": 0.8096032611753536, "validation_CYP2C9_st_rae": 0.799042327644606, "validation_CYP2D6_st_rae": 0.9687149335625377, "validation_CYP3A4_st_rae": 0.7030158710157131, "mean_raw_gradient_norm": 11.194606021046638, "fraction_gradients_clipped": 1.0}
{"epoch": 2, "train_rmse": 1.1378924592182482, "validation_rmse": 0.8459243774414062, "validation_ma_st_rae": 0.8409646066953266, "validation_CYP1A2_st_rae": 0.7990615889042967, "validation_CYP2C9_st_rae": 0.8897352931570564, "validation_CYP2D6_st_rae": 1.0016875184381298, "validation_CYP3A4_st_rae": 0.6733740262818234, "mean_raw_gradient_norm": 7.972273364663124, "fraction_gradients_clipped": 1.0}
{"epoch": 3, "train_rmse": 1.057197168023717, "validation_rmse": 0.8456277847290039, "validation_ma_st_rae": 0.8280930037526716, "validation_CYP1A2_st_rae": 0.7749306051077762, "validation_CYP2C9_st_rae": 0.8783302569340741, "validation_CYP2D6_st_rae": 0.9619376885511158, "validation_CYP3A4_st_rae": 0.69717346441772, "mean_raw_gradient_norm": 6.0629680417478085, "fraction_gradients_clipped": 1.0}
{"epoch": 4, "train_rmse": 1.0864803010257151, "validation_rmse": 0.8482996821403503, "validation_ma_st_rae": 0.8318607878835802, "validation_CYP1A2_st_rae": 0.7744194686737216, "validation_CYP2C9_st_rae": 0.8843829132673989, "validation_CYP2D6_st_rae": 0.9682892260092364, "validation_CYP3A4_st_rae": 0.7003515435839638, "mean_raw_gradient_norm": 6.823504518717527, "fraction_gradients_clipped": 1.0}
{
  "seed": 1701,
  "selection_metric": "validation_ma_st_rae",
  "best_validation_ma_st_rae": 0.8200940983495526,
  "best_validation_rmse": 0.84359210729599,
  "restored_fit_rmse": 0.8498841524124146,
  "restored_validation_rmse": 0.8435915112495422,
  "restored_fit_ma_st_rae": 0.8432186450754862,
  "restored_validation_ma_st_rae": 0.8256118641605317,
  "restored_validation_point_ma_st_rae": 0.8200915245665138,
  "restored_validation_point_st_rae_by_cyp": {
    "CYP1A2": 0.8095898048101732,
    "CYP2C9": 0.7990438158544352,
    "CYP2D6": 0.9687126937414934,
    "CYP3A4": 0.7030197838599538
  },
  "restored_fit_st_rae_by_cyp": {
    "CYP1A2": 0.8566764517849522,
    "CYP2C9": 0.7876312154091464,
    "CYP2D6": 1.0064254010125584,
    "CYP3A4": 0.7221415120952877
  },
  "restored_validation_st_rae_by_cyp": {
    "CYP1A2": 0.8134303427163092,
    "CYP2C9": 0.8081456517030735,
    "CYP2D6": 0.9747741076466345,
    "CYP3A4": 0.7060973545761096
  },
  "validation_bootstrap_metrics": {
    "n_bootstrap_samples": 1000,
    "seed": 0,
    "macro": {
      "st_rae": {
        "mean": 0.8256118641605317,
        "ci_low": 0.7691325047829043,
        "ci_high": 0.8864220374640981
      },
      "mae": {
        "mean": 0.6257298508092233,
        "ci_low": 0.5844313027974497,
        "ci_high": 0.6694517307876474
      },
      "r2": {
        "mean": 0.23043025443379614,
        "ci_low": 0.16648735537049775,
        "ci_high": 0.2884833529999415
      },
      "spearman_rho": {
        "mean": 0.4808735472678361,
        "ci_low": 0.41733188523424036,
        "ci_high": 0.5405454027225102
      },
      "kendall_tau": {
        "mean": 0.3388032613979827,
        "ci_low": 0.2937202873995721,
        "ci_high": 0.3833913073002185
      }
    },
    "per_endpoint": {
      "CYP1A2": {
        "st_rae": {
          "mean": 0.8134303427163092,
          "ci_low": 0.7066944060606869,
          "ci_high": 0.9542416745643113
        },
        "mae": {
          "mean": 0.7060560735713077,
          "ci_low": 0.613762134860588,
          "ci_high": 0.803837861460221
        },
        "r2": {
          "mean": 0.2585039047356172,
          "ci_low": 0.15142090136702194,
          "ci_high": 0.34427438282850564
        },
        "spearman_rho": {
          "mean": 0.5469811578695514,
          "ci_low": 0.43453623377556755,
          "ci_high": 0.6449883052327121
        },
        "kendall_tau": {
          "mean": 0.3817129944184658,
          "ci_low": 0.30187358219485516,
          "ci_high": 0.4576601227426417
        }
      },
      "CYP2C9": {
        "st_rae": {
          "mean": 0.8081456517030735,
          "ci_low": 0.6646503861009532,
          "ci_high": 0.9680984336850836
        },
        "mae": {
          "mean": 0.48632208194889004,
          "ci_low": 0.4295027308288168,
          "ci_high": 0.5450462671576953
        },
        "r2": {
          "mean": 0.28814906271736884,
          "ci_low": 0.13471678338951426,
          "ci_high": 0.4110359088202808
        },
        "spearman_rho": {
          "mean": 0.4585269944480596,
          "ci_low": 0.30433596864970125,
          "ci_high": 0.589564281176562
        },
        "kendall_tau": {
          "mean": 0.31943847808371695,
          "ci_low": 0.2082176073335348,
          "ci_high": 0.41768946714646127
        }
      },
      "CYP2D6": {
        "st_rae": {
          "mean": 0.9747741076466345,
          "ci_low": 0.8712248475727786,
          "ci_high": 1.1001590312611182
        },
        "mae": {
          "mean": 0.6311638103241617,
          "ci_low": 0.5235246199665341,
          "ci_high": 0.742750009365961
        },
        "r2": {
          "mean": 0.028364098315445944,
          "ci_low": -0.12829965092713677,
          "ci_high": 0.16477189605905793
        },
        "spearman_rho": {
          "mean": 0.3252318505494375,
          "ci_low": 0.16939406080849842,
          "ci_high": 0.47558878576804525
        },
        "kendall_tau": {
          "mean": 0.22765059157563838,
          "ci_low": 0.11570898749967713,
          "ci_high": 0.3364800491931773
        }
      },
      "CYP3A4": {
        "st_rae": {
          "mean": 0.7060973545761096,
          "ci_low": 0.6155772712017249,
          "ci_high": 0.7998590419942951
        },
        "mae": {
          "mean": 0.6793774373925338,
          "ci_low": 0.6140910525822034,
          "ci_high": 0.7465805148674269
        },
        "r2": {
          "mean": 0.34670395196675247,
          "ci_low": 0.24684540083456963,
          "ci_high": 0.4354120498604671
        },
        "spearman_rho": {
          "mean": 0.5927541862042957,
          "ci_low": 0.4966546322842198,
          "ci_high": 0.6824803451733321
        },
        "kendall_tau": {
          "mean": 0.4264109815141098,
          "ci_low": 0.35209729649724253,
          "ci_high": 0.5001909941735279
        }
      }
    }
  },
  "epochs_run": 4,
  "fit_observations": 2636,
  "validation_observations": 657,
  "rule": "damped_symplectic",
  "generations": 16,
  "hidden_channels": 16,
  "atom_feature_profile": "local_environment",
  "atom_feature_count": 29,
  "atom_feature_names": [
    "element_H",
    "element_C",
    "element_N",
    "element_O",
    "element_F",
    "element_P",
    "element_S",
    "element_Cl",
    "element_Br",
    "element_I",
    "element_other",
    "formal_charge",
    "aromatic",
    "hybrid_sp",
    "hybrid_sp2",
    "hybrid_sp3",
    "hybrid_other",
    "degree",
    "total_hydrogens",
    "in_ring",
    "hbond_donor",
    "hbond_acceptor",
    "chiral_cw",
    "chiral_ccw",
    "chiral_other",
    "mean_neighbour_electronegativity",
    "electronegativity_difference",
    "mean_neighbour_atomic_number",
    "neighbour_formal_charge"
  ],
  "device": "cuda",
  "gpu": "NVIDIA GeForce RTX 5070 Ti",
  "training_seconds": 11.025742699974217,
  "peak_gpu_memory_bytes": 57976320,
  "runtime": {
    "operating_system": "Windows-10-10.0.26200-SP0",
    "machine": "AMD64",
    "python": "3.11.16",
    "python_executable": "C:\\Users\\Anthony\\anaconda3\\envs\\strange-matter-gpu\\python.exe",
    "pytorch": "2.11.0+cu128",
    "pytorch_cuda": "12.8",
    "device": "cuda",
    "gpu": "NVIDIA GeForce RTX 5070 Ti"
  },
  "validation_protocol": {
    "kind": "scaffold_cross_validation",
    "fold": 2,
    "folds": 5
  },
  "readout": "differentiable_closed_form_ridge",
  "hyperparameters": {
    "ca_lr": 0.003,
    "ridge": 1.0,
    "ca_l2": 1e-06,
    "gradient_clip": 1.0,
    "update_scale": 0.25,
    "init_scale": 1.5,
    "initial_noise": 0.0,
    "support_fraction": 0.6,
    "bond_temperature": 1.0,
    "dyn_a": 0.5,
    "dyn_b": 0.2,
    "dyn_c": 0.2,
    "dyn_d": 0.15,
    "lr_schedule": "cosine_0.1x"
  }
}
