{"operating_system": "Windows-10-10.0.26200-SP0", "machine": "AMD64", "python": "3.11.16", "python_executable": "C:\\Users\\Anthony\\anaconda3\\envs\\strange-matter-gpu\\python.exe", "pytorch": "2.11.0+cu128", "pytorch_cuda": "12.8", "device": "cuda", "gpu": "NVIDIA GeForce RTX 5070 Ti"}
{"epoch": 1, "train_rmse": 1.4379188130803258, "validation_rmse": 0.8775287866592407, "validation_ma_st_rae": 1.0264560956783977, "validation_CYP1A2_st_rae": 1.1103707634670341, "validation_CYP2C9_st_rae": 1.024742097301857, "validation_CYP2D6_st_rae": 1.0720504469326986, "validation_CYP3A4_st_rae": 0.898661075012001, "mean_raw_gradient_norm": 47.45089111328125, "fraction_gradients_clipped": 1.0}
{"epoch": 2, "train_rmse": 1.6577041800312016, "validation_rmse": 0.8827769756317139, "validation_ma_st_rae": 1.0234341250546013, "validation_CYP1A2_st_rae": 1.1065302012517464, "validation_CYP2C9_st_rae": 1.027424576151305, "validation_CYP2D6_st_rae": 1.0553030481585746, "validation_CYP3A4_st_rae": 0.9044786746567791, "mean_raw_gradient_norm": 74.5953540802002, "fraction_gradients_clipped": 1.0}
{"epoch": 3, "train_rmse": 1.6249212166499978, "validation_rmse": 0.8849873542785645, "validation_ma_st_rae": 1.0260020375989347, "validation_CYP1A2_st_rae": 1.1174875438160736, "validation_CYP2C9_st_rae": 1.030226319336609, "validation_CYP2D6_st_rae": 1.0467920352643167, "validation_CYP3A4_st_rae": 0.9095022519787395, "mean_raw_gradient_norm": 52.704586029052734, "fraction_gradients_clipped": 1.0}
{
  "seed": 1701,
  "selection_metric": "validation_ma_st_rae",
  "best_validation_ma_st_rae": 1.0234341250546013,
  "best_validation_rmse": 0.8827769756317139,
  "restored_fit_rmse": 0.8737685680389404,
  "restored_validation_rmse": 0.8827768564224243,
  "restored_fit_ma_st_rae": 0.8272833558522721,
  "restored_validation_ma_st_rae": 1.041475096704928,
  "restored_validation_point_ma_st_rae": 1.023431449242552,
  "restored_validation_point_st_rae_by_cyp": {
    "CYP1A2": 1.106493049917569,
    "CYP2C9": 1.027481667903077,
    "CYP2D6": 1.0552469364110164,
    "CYP3A4": 0.9045041427385461
  },
  "restored_fit_st_rae_by_cyp": {
    "CYP1A2": 0.8148110275511764,
    "CYP2C9": 0.8121219792982104,
    "CYP2D6": 0.9725696135781994,
    "CYP3A4": 0.7096308029815025
  },
  "restored_validation_st_rae_by_cyp": {
    "CYP1A2": 1.1076289742294239,
    "CYP2C9": 1.0622276646929145,
    "CYP2D6": 1.0733687195305006,
    "CYP3A4": 0.9226750283668735
  },
  "validation_bootstrap_metrics": {
    "n_bootstrap_samples": 1000,
    "seed": 0,
    "macro": {
      "st_rae": {
        "mean": 1.041475096704928,
        "ci_low": 0.9142468959725828,
        "ci_high": 1.189439086225224
      },
      "mae": {
        "mean": 0.6691129856998009,
        "ci_low": 0.6049875468507386,
        "ci_high": 0.7390098023348407
      },
      "r2": {
        "mean": -0.01666795064577891,
        "ci_low": -0.1787059143796779,
        "ci_high": 0.1142991610986781
      },
      "spearman_rho": {
        "mean": 0.36675718713655736,
        "ci_low": 0.2597893532752313,
        "ci_high": 0.46980232930296806
      },
      "kendall_tau": {
        "mean": 0.2544676319604037,
        "ci_low": 0.17791024808479589,
        "ci_high": 0.32998744968627736
      }
    },
    "per_endpoint": {
      "CYP1A2": {
        "st_rae": {
          "mean": 1.1076289742294239,
          "ci_low": 0.7956961527297656,
          "ci_high": 1.4471384117158685
        },
        "mae": {
          "mean": 0.7295883043203198,
          "ci_low": 0.5519608007102716,
          "ci_high": 0.91848371370894
        },
        "r2": {
          "mean": -0.022085900097020068,
          "ci_low": -0.32831319820498933,
          "ci_high": 0.21954029979298975
        },
        "spearman_rho": {
          "mean": 0.33335086590760127,
          "ci_low": 0.10049837453302639,
          "ci_high": 0.5398695692109502
        },
        "kendall_tau": {
          "mean": 0.23484174275781333,
          "ci_low": 0.07024740207833732,
          "ci_high": 0.3967975329252458
        }
      },
      "CYP2C9": {
        "st_rae": {
          "mean": 1.0622276646929145,
          "ci_low": 0.814021335091138,
          "ci_high": 1.3825572996591748
        },
        "mae": {
          "mean": 0.5907376301129659,
          "ci_low": 0.4774184675017993,
          "ci_high": 0.7082591511805852
        },
        "r2": {
          "mean": -0.10072981658398973,
          "ci_low": -0.44495669252857256,
          "ci_high": 0.16153021948566015
        },
        "spearman_rho": {
          "mean": 0.28512067210216774,
          "ci_low": 0.0351763663699434,
          "ci_high": 0.5083737420794263
        },
        "kendall_tau": {
          "mean": 0.20051137802522906,
          "ci_low": 0.02475532527345999,
          "ci_high": 0.36032841863556714
        }
      },
      "CYP2D6": {
        "st_rae": {
          "mean": 1.0733687195305006,
          "ci_low": 0.8564066885658497,
          "ci_high": 1.3473558479861818
        },
        "mae": {
          "mean": 0.5982014518444355,
          "ci_low": 0.4613183002288525,
          "ci_high": 0.7521518520208506
        },
        "r2": {
          "mean": -0.18293415290681656,
          "ci_low": -0.5631160453151862,
          "ci_high": 0.09106997363543039
        },
        "spearman_rho": {
          "mean": 0.32711837632864893,
          "ci_low": 0.07775160807218802,
          "ci_high": 0.5510942886358876
        },
        "kendall_tau": {
          "mean": 0.23268528540004488,
          "ci_low": 0.05649286768322676,
          "ci_high": 0.4039122999237805
        }
      },
      "CYP3A4": {
        "st_rae": {
          "mean": 0.9226750283668735,
          "ci_low": 0.7281085753590617,
          "ci_high": 1.1906924790061264
        },
        "mae": {
          "mean": 0.7579245565214822,
          "ci_low": 0.6639295248098152,
          "ci_high": 0.8561716041592664
        },
        "r2": {
          "mean": 0.2390780670047107,
          "ci_low": 0.03385914988211026,
          "ci_high": 0.39345434356481784
        },
        "spearman_rho": {
          "mean": 0.5214388342078116,
          "ci_low": 0.37204607403692147,
          "ci_high": 0.6413132746317272
        },
        "kendall_tau": {
          "mean": 0.34983212165852723,
          "ci_low": 0.2440385845936717,
          "ci_high": 0.4444475240206947
        }
      }
    }
  },
  "epochs_run": 3,
  "fit_observations": 806,
  "validation_observations": 272,
  "rule": "inertial_reaction_diffusion",
  "generations": 250,
  "hidden_channels": 16,
  "atom_feature_profile": "ring_geometry",
  "atom_feature_count": 32,
  "atom_feature_names": [
    "element_H",
    "element_C",
    "element_N",
    "element_O",
    "element_F",
    "element_P",
    "element_S",
    "element_Cl",
    "element_Br",
    "element_I",
    "element_other",
    "formal_charge",
    "aromatic",
    "hybrid_sp",
    "hybrid_sp2",
    "hybrid_sp3",
    "hybrid_other",
    "degree",
    "total_hydrogens",
    "in_ring",
    "hbond_donor",
    "hbond_acceptor",
    "chiral_cw",
    "chiral_ccw",
    "chiral_other",
    "ring_count",
    "ring_size_3",
    "ring_size_4",
    "ring_size_5",
    "ring_size_6",
    "ring_size_7",
    "ring_size_8_plus"
  ],
  "device": "cuda",
  "gpu": "NVIDIA GeForce RTX 5070 Ti",
  "training_seconds": 16.855284000048414,
  "peak_gpu_memory_bytes": 1281669632,
  "runtime": {
    "operating_system": "Windows-10-10.0.26200-SP0",
    "machine": "AMD64",
    "python": "3.11.16",
    "python_executable": "C:\\Users\\Anthony\\anaconda3\\envs\\strange-matter-gpu\\python.exe",
    "pytorch": "2.11.0+cu128",
    "pytorch_cuda": "12.8",
    "device": "cuda",
    "gpu": "NVIDIA GeForce RTX 5070 Ti"
  },
  "validation_protocol": {
    "kind": "scaffold_cross_validation",
    "fold": 0,
    "folds": 5
  },
  "readout": "differentiable_closed_form_ridge",
  "hyperparameters": {
    "ca_lr": 0.001,
    "ridge": 0.1,
    "ca_l2": 1e-06,
    "gradient_clip": 2.0,
    "update_scale": 0.25,
    "init_scale": 1.5,
    "initial_noise": 0.005,
    "support_fraction": 0.6,
    "bond_temperature": 1.0,
    "dyn_a": 0.5,
    "dyn_b": 0.2,
    "dyn_c": 0.8,
    "dyn_d": 0.15,
    "lr_schedule": "cosine_0.1x"
  }
}
