{"operating_system": "Windows-10-10.0.26200-SP0", "machine": "AMD64", "python": "3.11.16", "python_executable": "C:\\Users\\Anthony\\anaconda3\\envs\\strange-matter-gpu\\python.exe", "pytorch": "2.11.0+cu128", "pytorch_cuda": "12.8", "device": "cuda", "gpu": "NVIDIA GeForce RTX 5070 Ti"}
{"epoch": 1, "train_rmse": 1.0991209490024232, "validation_rmse": 0.8813757300376892, "validation_ma_st_rae": 0.8822273827807462, "validation_CYP1A2_st_rae": 0.8317312593211943, "validation_CYP2C9_st_rae": 0.9334781285831593, "validation_CYP2D6_st_rae": 0.9750801484165387, "validation_CYP3A4_st_rae": 0.7886199948020925, "mean_raw_gradient_norm": 8.57525710016489, "fraction_gradients_clipped": 1.0}
{"epoch": 2, "train_rmse": 1.1210471588080648, "validation_rmse": 0.8742678165435791, "validation_ma_st_rae": 0.8756507360917658, "validation_CYP1A2_st_rae": 0.8502180590097419, "validation_CYP2C9_st_rae": 0.9413395567473822, "validation_CYP2D6_st_rae": 0.9426021595569062, "validation_CYP3A4_st_rae": 0.7684431690530331, "mean_raw_gradient_norm": 5.981553204357624, "fraction_gradients_clipped": 1.0}
{"epoch": 3, "train_rmse": 1.0623918827801317, "validation_rmse": 0.8707850575447083, "validation_ma_st_rae": 0.857299820421959, "validation_CYP1A2_st_rae": 0.8380411658704859, "validation_CYP2C9_st_rae": 0.868612288460553, "validation_CYP2D6_st_rae": 0.9629458342951779, "validation_CYP3A4_st_rae": 0.7595999930616187, "mean_raw_gradient_norm": 5.73428026586771, "fraction_gradients_clipped": 1.0}
{"epoch": 4, "train_rmse": 1.0247637130077558, "validation_rmse": 0.8760798573493958, "validation_ma_st_rae": 0.8614712284254024, "validation_CYP1A2_st_rae": 0.8472187577099931, "validation_CYP2C9_st_rae": 0.8797671913608544, "validation_CYP2D6_st_rae": 0.9561712997872157, "validation_CYP3A4_st_rae": 0.7627276648435463, "mean_raw_gradient_norm": 8.130393095314503, "fraction_gradients_clipped": 1.0}
{"epoch": 5, "train_rmse": 1.1252973089862657, "validation_rmse": 0.8738198280334473, "validation_ma_st_rae": 0.8622397845843902, "validation_CYP1A2_st_rae": 0.8485136006244913, "validation_CYP2C9_st_rae": 0.8857358218887199, "validation_CYP2D6_st_rae": 0.9522601734254215, "validation_CYP3A4_st_rae": 0.7624495423989283, "mean_raw_gradient_norm": 7.758875831961632, "fraction_gradients_clipped": 1.0}
{
  "seed": 1701,
  "selection_metric": "validation_ma_st_rae",
  "best_validation_ma_st_rae": 0.857299820421959,
  "best_validation_rmse": 0.8707850575447083,
  "restored_fit_rmse": 0.8778807520866394,
  "restored_validation_rmse": 0.8707829713821411,
  "restored_fit_ma_st_rae": 0.8698958712138014,
  "restored_validation_ma_st_rae": 0.8628855572639439,
  "restored_validation_point_ma_st_rae": 0.8572991370331553,
  "restored_validation_point_st_rae_by_cyp": {
    "CYP1A2": 0.8380406127121303,
    "CYP2C9": 0.8686127845304961,
    "CYP2D6": 0.9629448522488515,
    "CYP3A4": 0.7595982986411435
  },
  "restored_fit_st_rae_by_cyp": {
    "CYP1A2": 0.8864805398148394,
    "CYP2C9": 0.826392688797464,
    "CYP2D6": 0.9915292244852912,
    "CYP3A4": 0.7751810317576109
  },
  "restored_validation_st_rae_by_cyp": {
    "CYP1A2": 0.8398286108557868,
    "CYP2C9": 0.8799488395229413,
    "CYP2D6": 0.968432114749605,
    "CYP3A4": 0.7633326639274423
  },
  "validation_bootstrap_metrics": {
    "n_bootstrap_samples": 1000,
    "seed": 0,
    "macro": {
      "st_rae": {
        "mean": 0.8628855572639439,
        "ci_low": 0.8037787805977837,
        "ci_high": 0.929038153001187
      },
      "mae": {
        "mean": 0.6427613320861504,
        "ci_low": 0.6019809062378978,
        "ci_high": 0.687846655796663
      },
      "r2": {
        "mean": 0.1848921632387862,
        "ci_low": 0.12400414094980607,
        "ci_high": 0.2402570397758557
      },
      "spearman_rho": {
        "mean": 0.4203763354821096,
        "ci_low": 0.3482447837764895,
        "ci_high": 0.4860751088602956
      },
      "kendall_tau": {
        "mean": 0.2942236630346165,
        "ci_low": 0.2431992101502337,
        "ci_high": 0.342877477420457
      }
    },
    "per_endpoint": {
      "CYP1A2": {
        "st_rae": {
          "mean": 0.8398286108557868,
          "ci_low": 0.7278257527972165,
          "ci_high": 0.984126216250009
        },
        "mae": {
          "mean": 0.7228818014128299,
          "ci_low": 0.6200034645539295,
          "ci_high": 0.8284738592331923
        },
        "r2": {
          "mean": 0.191564388486652,
          "ci_low": 0.06685084897762869,
          "ci_high": 0.28543393275954443
        },
        "spearman_rho": {
          "mean": 0.46878911786858835,
          "ci_low": 0.3223989593385956,
          "ci_high": 0.5874552939425395
        },
        "kendall_tau": {
          "mean": 0.3230128594851469,
          "ci_low": 0.218789750786282,
          "ci_high": 0.4111351225009426
        }
      },
      "CYP2C9": {
        "st_rae": {
          "mean": 0.8799488395229413,
          "ci_low": 0.7221170871938156,
          "ci_high": 1.0628150763752109
        },
        "mae": {
          "mean": 0.5084507845757438,
          "ci_low": 0.4486312166100643,
          "ci_high": 0.5706147813406147
        },
        "r2": {
          "mean": 0.236129022120726,
          "ci_low": 0.06857083999676085,
          "ci_high": 0.3739434407109301
        },
        "spearman_rho": {
          "mean": 0.411094227036643,
          "ci_low": 0.25370091423474,
          "ci_high": 0.5561924672362788
        },
        "kendall_tau": {
          "mean": 0.28998482959792177,
          "ci_low": 0.17417284950112197,
          "ci_high": 0.3990220094671474
        }
      },
      "CYP2D6": {
        "st_rae": {
          "mean": 0.968432114749605,
          "ci_low": 0.875836916421325,
          "ci_high": 1.0663859331668522
        },
        "mae": {
          "mean": 0.631617496039005,
          "ci_low": 0.5233358706988341,
          "ci_high": 0.7436922583174198
        },
        "r2": {
          "mean": 0.016350818603324987,
          "ci_low": -0.09250060543280596,
          "ci_high": 0.12270428610472499
        },
        "spearman_rho": {
          "mean": 0.2559410527011719,
          "ci_low": 0.09288505263893983,
          "ci_high": 0.425996559242216
        },
        "kendall_tau": {
          "mean": 0.17677803192920077,
          "ci_low": 0.0632187759548709,
          "ci_high": 0.2950763887641578
        }
      },
      "CYP3A4": {
        "st_rae": {
          "mean": 0.7633326639274423,
          "ci_low": 0.673239482738715,
          "ci_high": 0.8589742481911199
        },
        "mae": {
          "mean": 0.708095246317023,
          "ci_low": 0.6427350632846355,
          "ci_high": 0.7733885008147207
        },
        "r2": {
          "mean": 0.29552442374444193,
          "ci_low": 0.2088654178855953,
          "ci_high": 0.38210060171073745
        },
        "spearman_rho": {
          "mean": 0.5456809443220352,
          "ci_low": 0.44482192232793216,
          "ci_high": 0.6417472935707159
        },
        "kendall_tau": {
          "mean": 0.38711893112619655,
          "ci_low": 0.30950445311550095,
          "ci_high": 0.4616397655717382
        }
      }
    }
  },
  "epochs_run": 5,
  "fit_observations": 2636,
  "validation_observations": 657,
  "rule": "delayed_memory",
  "generations": 64,
  "hidden_channels": 8,
  "atom_feature_profile": "baseline",
  "atom_feature_count": 25,
  "atom_feature_names": [
    "element_H",
    "element_C",
    "element_N",
    "element_O",
    "element_F",
    "element_P",
    "element_S",
    "element_Cl",
    "element_Br",
    "element_I",
    "element_other",
    "formal_charge",
    "aromatic",
    "hybrid_sp",
    "hybrid_sp2",
    "hybrid_sp3",
    "hybrid_other",
    "degree",
    "total_hydrogens",
    "in_ring",
    "hbond_donor",
    "hbond_acceptor",
    "chiral_cw",
    "chiral_ccw",
    "chiral_other"
  ],
  "device": "cuda",
  "gpu": "NVIDIA GeForce RTX 5070 Ti",
  "training_seconds": 30.736004000063986,
  "peak_gpu_memory_bytes": 91530752,
  "runtime": {
    "operating_system": "Windows-10-10.0.26200-SP0",
    "machine": "AMD64",
    "python": "3.11.16",
    "python_executable": "C:\\Users\\Anthony\\anaconda3\\envs\\strange-matter-gpu\\python.exe",
    "pytorch": "2.11.0+cu128",
    "pytorch_cuda": "12.8",
    "device": "cuda",
    "gpu": "NVIDIA GeForce RTX 5070 Ti"
  },
  "validation_protocol": {
    "kind": "scaffold_cross_validation",
    "fold": 2,
    "folds": 5
  },
  "readout": "differentiable_closed_form_ridge",
  "prediction_mode": "direct",
  "residual_alpha": null,
  "trajectory_pooling": "legacy",
  "ridge_mode": "shared",
  "loss_mode": "hybrid_interval",
  "interval_loss_beta": 0.25,
  "interval_temperature": 0.1,
  "hyperparameters": {
    "ca_lr": 0.003,
    "ridge": 1.0,
    "ca_l2": 0.0001,
    "gradient_clip": 1.0,
    "update_scale": 0.15,
    "init_scale": 1.5,
    "initial_noise": 0.005,
    "support_fraction": 0.6,
    "bond_temperature": 2.0,
    "dyn_a": 0.8,
    "dyn_b": 0.8,
    "dyn_c": 0.5,
    "dyn_d": 0.15,
    "lr_schedule": "cosine_0.1x"
  }
}
