{"operating_system": "Windows-10-10.0.26200-SP0", "machine": "AMD64", "python": "3.11.16", "python_executable": "C:\\Users\\Anthony\\anaconda3\\envs\\strange-matter-gpu\\python.exe", "pytorch": "2.11.0+cu128", "pytorch_cuda": "12.8", "device": "cuda", "gpu": "NVIDIA GeForce RTX 5070 Ti"}
{"epoch": 1, "train_rmse": 1.1433942913457573, "validation_rmse": 0.8929544687271118, "validation_ma_st_rae": 1.0241783660652402, "validation_CYP1A2_st_rae": 1.1956738021087256, "validation_CYP2C9_st_rae": 1.0137481055031898, "validation_CYP2D6_st_rae": 1.0047941502986815, "validation_CYP3A4_st_rae": 0.8824974063503637, "mean_raw_gradient_norm": 9.655520248413087, "fraction_gradients_clipped": 1.0}
{"epoch": 2, "train_rmse": 1.0954216341954608, "validation_rmse": 0.8921537399291992, "validation_ma_st_rae": 1.0217760157971358, "validation_CYP1A2_st_rae": 1.1896522156137728, "validation_CYP2C9_st_rae": 1.007483235011598, "validation_CYP2D6_st_rae": 1.0071711390424063, "validation_CYP3A4_st_rae": 0.8827974735207661, "mean_raw_gradient_norm": 8.167589616775512, "fraction_gradients_clipped": 1.0}
{"epoch": 3, "train_rmse": 1.215981622080209, "validation_rmse": 0.891795814037323, "validation_ma_st_rae": 1.0209872879468382, "validation_CYP1A2_st_rae": 1.1879476159563396, "validation_CYP2C9_st_rae": 1.0071308997958255, "validation_CYP2D6_st_rae": 1.006162841907159, "validation_CYP3A4_st_rae": 0.8827077941280286, "mean_raw_gradient_norm": 7.570495700836181, "fraction_gradients_clipped": 1.0}
{
  "seed": 1701,
  "selection_metric": "validation_ma_st_rae",
  "best_validation_ma_st_rae": 1.0209872879468382,
  "best_validation_rmse": 0.891795814037323,
  "restored_fit_rmse": 0.9810636043548584,
  "restored_validation_rmse": 0.8917955160140991,
  "restored_fit_ma_st_rae": 0.9588486281344576,
  "restored_validation_ma_st_rae": 1.0326166969065596,
  "restored_validation_point_ma_st_rae": 1.020985559271231,
  "restored_validation_point_st_rae_by_cyp": {
    "CYP1A2": 1.1879467309707419,
    "CYP2C9": 1.00712698019172,
    "CYP2D6": 1.0061631737111854,
    "CYP3A4": 0.882705352211276
  },
  "restored_fit_st_rae_by_cyp": {
    "CYP1A2": 1.013049958923721,
    "CYP2C9": 0.9756288417137386,
    "CYP2D6": 0.9622155151029056,
    "CYP3A4": 0.8845001967974658
  },
  "restored_validation_st_rae_by_cyp": {
    "CYP1A2": 1.1870466986048622,
    "CYP2C9": 1.0295224978991653,
    "CYP2D6": 1.0202049782310763,
    "CYP3A4": 0.8936926128911347
  },
  "validation_bootstrap_metrics": {
    "n_bootstrap_samples": 1000,
    "seed": 0,
    "macro": {
      "st_rae": {
        "mean": 1.0326166969065596,
        "ci_low": 0.9365900991477564,
        "ci_high": 1.135209290476205
      },
      "mae": {
        "mean": 0.6744286745643987,
        "ci_low": 0.6071607122509847,
        "ci_high": 0.7390792263213377
      },
      "r2": {
        "mean": -0.01502013970894724,
        "ci_low": -0.13221944318762627,
        "ci_high": 0.07644166255357611
      },
      "spearman_rho": {
        "mean": 0.2340821909793669,
        "ci_low": 0.11516166846730184,
        "ci_high": 0.3455306894804065
      },
      "kendall_tau": {
        "mean": 0.16003290362401829,
        "ci_low": 0.07608994199855294,
        "ci_high": 0.24304254494814992
      }
    },
    "per_endpoint": {
      "CYP1A2": {
        "st_rae": {
          "mean": 1.1870466986048622,
          "ci_low": 0.9273535385588577,
          "ci_high": 1.4921754805218919
        },
        "mae": {
          "mean": 0.7610922299330353,
          "ci_low": 0.6089434584633249,
          "ci_high": 0.9260440710138103
        },
        "r2": {
          "mean": -0.0064885338899031385,
          "ci_low": -0.3342443588772961,
          "ci_high": 0.1492074342669219
        },
        "spearman_rho": {
          "mean": 0.2813007566714556,
          "ci_low": 0.018285376011212894,
          "ci_high": 0.5020089994706193
        },
        "kendall_tau": {
          "mean": 0.18863719509856627,
          "ci_low": -0.0027876258377564386,
          "ci_high": 0.3477613770652634
        }
      },
      "CYP2C9": {
        "st_rae": {
          "mean": 1.0295224978991653,
          "ci_low": 0.8585673278257605,
          "ci_high": 1.2365113427575527
        },
        "mae": {
          "mean": 0.5797513723651568,
          "ci_low": 0.45445379505554834,
          "ci_high": 0.7184860802690188
        },
        "r2": {
          "mean": -0.16413455647766392,
          "ci_low": -0.4634369115250277,
          "ci_high": 0.05706574547774525
        },
        "spearman_rho": {
          "mean": 0.08741958532564498,
          "ci_low": -0.2045976526283883,
          "ci_high": 0.34029782894345073
        },
        "kendall_tau": {
          "mean": 0.05760725127798413,
          "ci_low": -0.15026263659780018,
          "ci_high": 0.23920119445083565
        }
      },
      "CYP2D6": {
        "st_rae": {
          "mean": 1.0202049782310763,
          "ci_low": 0.8765994850651246,
          "ci_high": 1.186326130898719
        },
        "mae": {
          "mean": 0.56913047780257,
          "ci_low": 0.44621574319325963,
          "ci_high": 0.7018427161070016
        },
        "r2": {
          "mean": -0.039488520948839395,
          "ci_low": -0.2116680553392916,
          "ci_high": 0.11226674452080168
        },
        "spearman_rho": {
          "mean": 0.16032370768455995,
          "ci_low": -0.10273844123074094,
          "ci_high": 0.3908098194794654
        },
        "kendall_tau": {
          "mean": 0.11806488298711033,
          "ci_low": -0.06847906023717476,
          "ci_high": 0.2836291809084073
        }
      },
      "CYP3A4": {
        "st_rae": {
          "mean": 0.8936926128911347,
          "ci_low": 0.7564060770629439,
          "ci_high": 1.0615351731241405
        },
        "mae": {
          "mean": 0.7877406181568324,
          "ci_low": 0.6739088208869446,
          "ci_high": 0.9061480287202569
        },
        "r2": {
          "mean": 0.1500310524806175,
          "ci_low": 0.038590897399751016,
          "ci_high": 0.25380001440547884
        },
        "spearman_rho": {
          "mean": 0.4072847142358072,
          "ci_low": 0.22336909303750252,
          "ci_high": 0.5809740275026289
        },
        "kendall_tau": {
          "mean": 0.2758222851324124,
          "ci_low": 0.14441860465116277,
          "ci_high": 0.40442434557870416
        }
      }
    }
  },
  "epochs_run": 3,
  "fit_observations": 806,
  "validation_observations": 272,
  "rule": "kuramoto_sakaguchi",
  "generations": 32,
  "hidden_channels": 4,
  "atom_feature_profile": "periodic",
  "atom_feature_count": 33,
  "atom_feature_names": [
    "element_H",
    "element_C",
    "element_N",
    "element_O",
    "element_F",
    "element_P",
    "element_S",
    "element_Cl",
    "element_Br",
    "element_I",
    "element_other",
    "formal_charge",
    "aromatic",
    "hybrid_sp",
    "hybrid_sp2",
    "hybrid_sp3",
    "hybrid_other",
    "degree",
    "total_hydrogens",
    "in_ring",
    "hbond_donor",
    "hbond_acceptor",
    "chiral_cw",
    "chiral_ccw",
    "chiral_other",
    "atomic_number",
    "atomic_mass",
    "covalent_radius",
    "vdw_radius",
    "outer_electrons",
    "period",
    "periodic_group",
    "atomic_volume"
  ],
  "device": "cuda",
  "gpu": "NVIDIA GeForce RTX 5070 Ti",
  "training_seconds": 5.960162999923341,
  "peak_gpu_memory_bytes": 48270848,
  "runtime": {
    "operating_system": "Windows-10-10.0.26200-SP0",
    "machine": "AMD64",
    "python": "3.11.16",
    "python_executable": "C:\\Users\\Anthony\\anaconda3\\envs\\strange-matter-gpu\\python.exe",
    "pytorch": "2.11.0+cu128",
    "pytorch_cuda": "12.8",
    "device": "cuda",
    "gpu": "NVIDIA GeForce RTX 5070 Ti"
  },
  "validation_protocol": {
    "kind": "scaffold_cross_validation",
    "fold": 0,
    "folds": 5
  },
  "readout": "differentiable_closed_form_ridge",
  "hyperparameters": {
    "ca_lr": 0.0003,
    "ridge": 1.0,
    "ca_l2": 0.0001,
    "gradient_clip": 1.0,
    "update_scale": 0.15,
    "init_scale": 1.5,
    "initial_noise": 0.0,
    "support_fraction": 0.85,
    "bond_temperature": 1.0,
    "dyn_a": 0.8,
    "dyn_b": 0.8,
    "dyn_c": 0.8,
    "dyn_d": 0.05,
    "lr_schedule": "cosine_0.1x"
  }
}
