{"operating_system": "Windows-10-10.0.26200-SP0", "machine": "AMD64", "python": "3.11.16", "python_executable": "C:\\Users\\Anthony\\anaconda3\\envs\\strange-matter-gpu\\python.exe", "pytorch": "2.11.0+cu128", "pytorch_cuda": "12.8", "device": "cuda", "gpu": "NVIDIA GeForce RTX 5070 Ti"}
{"epoch": 1, "train_rmse": 1.0781173310885739, "validation_rmse": 0.8970540165901184, "validation_ma_st_rae": 0.8942880142587515, "validation_CYP1A2_st_rae": 0.8564318253218038, "validation_CYP2C9_st_rae": 0.9324501566020765, "validation_CYP2D6_st_rae": 1.0075570133143, "validation_CYP3A4_st_rae": 0.7807130617968259, "mean_raw_gradient_norm": 4.294888027012348, "fraction_gradients_clipped": 1.0}
{"epoch": 2, "train_rmse": 1.1220662029846438, "validation_rmse": 0.8967092633247375, "validation_ma_st_rae": 0.89127632750899, "validation_CYP1A2_st_rae": 0.8551404164204308, "validation_CYP2C9_st_rae": 0.932183050703561, "validation_CYP2D6_st_rae": 1.0029974890508297, "validation_CYP3A4_st_rae": 0.7747843538611386, "mean_raw_gradient_norm": 4.297831047326326, "fraction_gradients_clipped": 1.0}
{"epoch": 3, "train_rmse": 1.1245341844537042, "validation_rmse": 0.8963040709495544, "validation_ma_st_rae": 0.8889546579025952, "validation_CYP1A2_st_rae": 0.8533182538825808, "validation_CYP2C9_st_rae": 0.9329510803443305, "validation_CYP2D6_st_rae": 0.9986288754005961, "validation_CYP3A4_st_rae": 0.7709204219828734, "mean_raw_gradient_norm": 5.801000602543354, "fraction_gradients_clipped": 1.0}
{"epoch": 4, "train_rmse": 1.1110200263609, "validation_rmse": 0.8957720994949341, "validation_ma_st_rae": 0.8871570429958825, "validation_CYP1A2_st_rae": 0.8522133786038354, "validation_CYP2C9_st_rae": 0.9319829033924624, "validation_CYP2D6_st_rae": 0.9960140242993426, "validation_CYP3A4_st_rae": 0.7684178656878897, "mean_raw_gradient_norm": 4.613322746008635, "fraction_gradients_clipped": 1.0}
{"epoch": 5, "train_rmse": 1.108316991411045, "validation_rmse": 0.895649254322052, "validation_ma_st_rae": 0.8868004859102959, "validation_CYP1A2_st_rae": 0.8521155698885741, "validation_CYP2C9_st_rae": 0.9320210594389138, "validation_CYP2D6_st_rae": 0.994607854827244, "validation_CYP3A4_st_rae": 0.7684574594864516, "mean_raw_gradient_norm": 4.31165523827076, "fraction_gradients_clipped": 1.0}
{
  "seed": 1701,
  "selection_metric": "validation_ma_st_rae",
  "best_validation_ma_st_rae": 0.8871570429958825,
  "best_validation_rmse": 0.8957720994949341,
  "restored_fit_rmse": 0.8881013989448547,
  "restored_validation_rmse": 0.895769476890564,
  "restored_fit_ma_st_rae": 0.8901346132697875,
  "restored_validation_ma_st_rae": 0.8922662226483533,
  "restored_validation_point_ma_st_rae": 0.8871528305864476,
  "restored_validation_point_st_rae_by_cyp": {
    "CYP1A2": 0.8522129515541205,
    "CYP2C9": 0.9319815598697,
    "CYP2D6": 0.9960013483475301,
    "CYP3A4": 0.7684154625744399
  },
  "restored_fit_st_rae_by_cyp": {
    "CYP1A2": 0.8936768490374438,
    "CYP2C9": 0.8401601060178195,
    "CYP2D6": 1.0314166164259901,
    "CYP3A4": 0.7952848815978958
  },
  "restored_validation_st_rae_by_cyp": {
    "CYP1A2": 0.8544257573466262,
    "CYP2C9": 0.9425051260419405,
    "CYP2D6": 1.0010661487848256,
    "CYP3A4": 0.7710678584200209
  },
  "validation_bootstrap_metrics": {
    "n_bootstrap_samples": 1000,
    "seed": 0,
    "macro": {
      "st_rae": {
        "mean": 0.8922662226483533,
        "ci_low": 0.8329255831053197,
        "ci_high": 0.9539896015360844
      },
      "mae": {
        "mean": 0.6538418814319348,
        "ci_low": 0.6099208466300895,
        "ci_high": 0.6984706380685478
      },
      "r2": {
        "mean": 0.1363640658679635,
        "ci_low": 0.062464316969344735,
        "ci_high": 0.20280256232066476
      },
      "spearman_rho": {
        "mean": 0.40974489992546503,
        "ci_low": 0.3486670245705092,
        "ci_high": 0.476308496933227
      },
      "kendall_tau": {
        "mean": 0.28589643343628085,
        "ci_low": 0.24218272301765253,
        "ci_high": 0.33303866905530854
      }
    },
    "per_endpoint": {
      "CYP1A2": {
        "st_rae": {
          "mean": 0.8544257573466262,
          "ci_low": 0.7451821013193693,
          "ci_high": 0.99278348470256
        },
        "mae": {
          "mean": 0.7284136122940462,
          "ci_low": 0.6248921184600155,
          "ci_high": 0.8392740413169318
        },
        "r2": {
          "mean": 0.14746439005116652,
          "ci_low": -0.08240366602328972,
          "ci_high": 0.2941411000280647
        },
        "spearman_rho": {
          "mean": 0.4967770904790566,
          "ci_low": 0.3582843066673368,
          "ci_high": 0.6093065700626039
        },
        "kendall_tau": {
          "mean": 0.3447088785140096,
          "ci_low": 0.24373096942399944,
          "ci_high": 0.4303567449658177
        }
      },
      "CYP2C9": {
        "st_rae": {
          "mean": 0.9425051260419405,
          "ci_low": 0.7784726654699612,
          "ci_high": 1.1333595003268546
        },
        "mae": {
          "mean": 0.5151360363452161,
          "ci_low": 0.44678807043638386,
          "ci_high": 0.5816155413623716
        },
        "r2": {
          "mean": 0.1562094535785269,
          "ci_low": -0.02516607417524755,
          "ci_high": 0.2903349971312938
        },
        "spearman_rho": {
          "mean": 0.4188058307527396,
          "ci_low": 0.2666157671252139,
          "ci_high": 0.5499922662865794
        },
        "kendall_tau": {
          "mean": 0.288635001400761,
          "ci_low": 0.17995738806978068,
          "ci_high": 0.3869711282705362
        }
      },
      "CYP2D6": {
        "st_rae": {
          "mean": 1.0010661487848256,
          "ci_low": 0.888519415385797,
          "ci_high": 1.1163803889654567
        },
        "mae": {
          "mean": 0.6470516431128726,
          "ci_low": 0.5400259204790101,
          "ci_high": 0.7570506266668333
        },
        "r2": {
          "mean": -0.0034247093167774495,
          "ci_low": -0.11471427950838142,
          "ci_high": 0.09745741496683043
        },
        "spearman_rho": {
          "mean": 0.21591338660405535,
          "ci_low": 0.0653309289307321,
          "ci_high": 0.3736479127694014
        },
        "kendall_tau": {
          "mean": 0.14658705526680163,
          "ci_low": 0.04364164797063023,
          "ci_high": 0.26020821449282844
        }
      },
      "CYP3A4": {
        "st_rae": {
          "mean": 0.7710678584200209,
          "ci_low": 0.6916640622744356,
          "ci_high": 0.8568013965140735
        },
        "mae": {
          "mean": 0.7247662339756044,
          "ci_low": 0.6533409591448509,
          "ci_high": 0.795775370034626
        },
        "r2": {
          "mean": 0.24520712915893814,
          "ci_low": 0.15914503141959901,
          "ci_high": 0.3295266174461609
        },
        "spearman_rho": {
          "mean": 0.5074832918660083,
          "ci_low": 0.40237466771143104,
          "ci_high": 0.614314946594272
        },
        "kendall_tau": {
          "mean": 0.36365479856355126,
          "ci_low": 0.2851307366774642,
          "ci_high": 0.44660202637164687
        }
      }
    }
  },
  "epochs_run": 5,
  "fit_observations": 2636,
  "validation_observations": 657,
  "rule": "gated_residual",
  "generations": 250,
  "hidden_channels": 8,
  "atom_feature_profile": "electronic_local",
  "atom_feature_count": 37,
  "atom_feature_names": [
    "element_H",
    "element_C",
    "element_N",
    "element_O",
    "element_F",
    "element_P",
    "element_S",
    "element_Cl",
    "element_Br",
    "element_I",
    "element_other",
    "formal_charge",
    "aromatic",
    "hybrid_sp",
    "hybrid_sp2",
    "hybrid_sp3",
    "hybrid_other",
    "degree",
    "total_hydrogens",
    "in_ring",
    "hbond_donor",
    "hbond_acceptor",
    "chiral_cw",
    "chiral_ccw",
    "chiral_other",
    "electronegativity",
    "polarizability",
    "heteroatom",
    "halogen",
    "conjugated_bond_fraction",
    "first_ionization_energy",
    "electron_affinity",
    "electronic_property_missing",
    "mean_neighbour_electronegativity",
    "electronegativity_difference",
    "mean_neighbour_atomic_number",
    "neighbour_formal_charge"
  ],
  "device": "cuda",
  "gpu": "NVIDIA GeForce RTX 5070 Ti",
  "training_seconds": 105.51940019999165,
  "peak_gpu_memory_bytes": 453648384,
  "runtime": {
    "operating_system": "Windows-10-10.0.26200-SP0",
    "machine": "AMD64",
    "python": "3.11.16",
    "python_executable": "C:\\Users\\Anthony\\anaconda3\\envs\\strange-matter-gpu\\python.exe",
    "pytorch": "2.11.0+cu128",
    "pytorch_cuda": "12.8",
    "device": "cuda",
    "gpu": "NVIDIA GeForce RTX 5070 Ti"
  },
  "validation_protocol": {
    "kind": "scaffold_cross_validation",
    "fold": 2,
    "folds": 5
  },
  "readout": "differentiable_closed_form_ridge",
  "hyperparameters": {
    "ca_lr": 0.0003,
    "ridge": 1.0,
    "ca_l2": 0.0001,
    "gradient_clip": 1.0,
    "update_scale": 0.25,
    "init_scale": 0.5,
    "initial_noise": 0.0,
    "support_fraction": 0.6,
    "bond_temperature": 2.0,
    "dyn_a": 0.5,
    "dyn_b": 0.2,
    "dyn_c": 0.5,
    "dyn_d": 0.05,
    "lr_schedule": "cosine_0.1x"
  }
}
