{"operating_system": "Windows-10-10.0.26200-SP0", "machine": "AMD64", "python": "3.11.16", "python_executable": "C:\\Users\\Anthony\\anaconda3\\envs\\strange-matter-gpu\\python.exe", "pytorch": "2.11.0+cu128", "pytorch_cuda": "12.8", "device": "cuda", "gpu": "NVIDIA GeForce RTX 5070 Ti"}
{"epoch": 1, "train_rmse": 3.988880248680265, "validation_rmse": 0.8191606402397156, "validation_ma_st_rae": 0.8858722485901479, "validation_CYP1A2_st_rae": 0.9112567253150051, "validation_CYP2C9_st_rae": 0.7428131715699354, "validation_CYP2D6_st_rae": 1.0915958762094646, "validation_CYP3A4_st_rae": 0.7978232212661863, "mean_raw_gradient_norm": 22247.88045334816, "fraction_gradients_clipped": 1.0}
{"epoch": 2, "train_rmse": 1.4837340036402935, "validation_rmse": 0.8178164958953857, "validation_ma_st_rae": 0.8789433145643994, "validation_CYP1A2_st_rae": 0.9274590153416669, "validation_CYP2C9_st_rae": 0.6954131086565448, "validation_CYP2D6_st_rae": 1.096075872165797, "validation_CYP3A4_st_rae": 0.796825262093589, "mean_raw_gradient_norm": 895.0906658172607, "fraction_gradients_clipped": 1.0}
{"epoch": 3, "train_rmse": 1.18511471693389, "validation_rmse": 0.8216044902801514, "validation_ma_st_rae": 0.8831198603223083, "validation_CYP1A2_st_rae": 0.9643744989281952, "validation_CYP2C9_st_rae": 0.6851848881577205, "validation_CYP2D6_st_rae": 1.0717007053761587, "validation_CYP3A4_st_rae": 0.8112193488271585, "mean_raw_gradient_norm": 181.20708096027374, "fraction_gradients_clipped": 1.0}
{"epoch": 4, "train_rmse": 1.1906635746389915, "validation_rmse": 0.822210431098938, "validation_ma_st_rae": 0.8889786655592243, "validation_CYP1A2_st_rae": 0.9553632245541008, "validation_CYP2C9_st_rae": 0.6916350532893554, "validation_CYP2D6_st_rae": 1.0982114917268762, "validation_CYP3A4_st_rae": 0.8107048926665649, "mean_raw_gradient_norm": 99.6330680847168, "fraction_gradients_clipped": 1.0}
{"epoch": 5, "train_rmse": 1.4724095244045126, "validation_rmse": 0.8189613223075867, "validation_ma_st_rae": 0.8788638159813617, "validation_CYP1A2_st_rae": 0.941189722252076, "validation_CYP2C9_st_rae": 0.689722547450954, "validation_CYP2D6_st_rae": 1.078175599601158, "validation_CYP3A4_st_rae": 0.8063673946212585, "mean_raw_gradient_norm": 1857.7305250167847, "fraction_gradients_clipped": 1.0}
{
  "seed": 1701,
  "selection_metric": "validation_ma_st_rae",
  "best_validation_ma_st_rae": 0.8789433145643994,
  "best_validation_rmse": 0.8178164958953857,
  "restored_fit_rmse": 0.8532284498214722,
  "restored_validation_rmse": 0.817817211151123,
  "restored_fit_ma_st_rae": 0.8419674309958926,
  "restored_validation_ma_st_rae": 0.8829673708408193,
  "restored_validation_point_ma_st_rae": 0.8789417050500887,
  "restored_validation_point_st_rae_by_cyp": {
    "CYP1A2": 0.9274519317706077,
    "CYP2C9": 0.695421986290997,
    "CYP2D6": 1.0960585102473435,
    "CYP3A4": 0.7968343918914068
  },
  "restored_fit_st_rae_by_cyp": {
    "CYP1A2": 0.8906633200958554,
    "CYP2C9": 0.7887146765021246,
    "CYP2D6": 0.9825431155888904,
    "CYP3A4": 0.7059486117967
  },
  "restored_validation_st_rae_by_cyp": {
    "CYP1A2": 0.9291709305389662,
    "CYP2C9": 0.700693079804615,
    "CYP2D6": 1.1024897300972392,
    "CYP3A4": 0.7995157429224562
  },
  "validation_bootstrap_metrics": {
    "n_bootstrap_samples": 1000,
    "seed": 0,
    "macro": {
      "st_rae": {
        "mean": 0.8829673708408193,
        "ci_low": 0.8175573657309354,
        "ci_high": 0.9533762644961497
      },
      "mae": {
        "mean": 0.6057218970957128,
        "ci_low": 0.5653731661812592,
        "ci_high": 0.6473953337516586
      },
      "r2": {
        "mean": 0.17240431618648736,
        "ci_low": 0.1018851089795286,
        "ci_high": 0.24087990918351623
      },
      "spearman_rho": {
        "mean": 0.4414159593755186,
        "ci_low": 0.3743082704663446,
        "ci_high": 0.508100170615287
      },
      "kendall_tau": {
        "mean": 0.31149386461880557,
        "ci_low": 0.26196257121219985,
        "ci_high": 0.36109234538661567
      }
    },
    "per_endpoint": {
      "CYP1A2": {
        "st_rae": {
          "mean": 0.9291709305389662,
          "ci_low": 0.7955546808093307,
          "ci_high": 1.0940060553525524
        },
        "mae": {
          "mean": 0.642848581182285,
          "ci_low": 0.5376565611908134,
          "ci_high": 0.7510883745383209
        },
        "r2": {
          "mean": 0.12802526924691834,
          "ci_low": -0.045091334713700505,
          "ci_high": 0.2679135963785543
        },
        "spearman_rho": {
          "mean": 0.49184842151112834,
          "ci_low": 0.35064730812731576,
          "ci_high": 0.605746183390552
        },
        "kendall_tau": {
          "mean": 0.34209160123465865,
          "ci_low": 0.23995322037639577,
          "ci_high": 0.4326734384451977
        }
      },
      "CYP2C9": {
        "st_rae": {
          "mean": 0.700693079804615,
          "ci_low": 0.5534623096158189,
          "ci_high": 0.8886350438989352
        },
        "mae": {
          "mean": 0.5006543782175022,
          "ci_low": 0.43309417580166,
          "ci_high": 0.568662944718869
        },
        "r2": {
          "mean": 0.33081842115070936,
          "ci_low": 0.19389620908846927,
          "ci_high": 0.4479413413505713
        },
        "spearman_rho": {
          "mean": 0.5406033716436066,
          "ci_low": 0.38186012156322274,
          "ci_high": 0.6736855655506411
        },
        "kendall_tau": {
          "mean": 0.3888139341968472,
          "ci_low": 0.2714951258173616,
          "ci_high": 0.4964937515187372
        }
      },
      "CYP2D6": {
        "st_rae": {
          "mean": 1.1024897300972392,
          "ci_low": 0.9816981521208313,
          "ci_high": 1.2358161089935251
        },
        "mae": {
          "mean": 0.583347579410241,
          "ci_low": 0.5008591688653958,
          "ci_high": 0.6644205610332249
        },
        "r2": {
          "mean": -0.08413647577905436,
          "ci_low": -0.26499304971086896,
          "ci_high": 0.04310366715510096
        },
        "spearman_rho": {
          "mean": 0.16793882126999568,
          "ci_low": 0.0031651911597750824,
          "ci_high": 0.3232846747528392
        },
        "kendall_tau": {
          "mean": 0.11451672591139471,
          "ci_low": -0.0026540744732023386,
          "ci_high": 0.22208330864231002
        }
      },
      "CYP3A4": {
        "st_rae": {
          "mean": 0.7995157429224562,
          "ci_low": 0.6919697515919688,
          "ci_high": 0.9085976292040358
        },
        "mae": {
          "mean": 0.6960370495728224,
          "ci_low": 0.6293936955288422,
          "ci_high": 0.7625122362301369
        },
        "r2": {
          "mean": 0.31491005012737616,
          "ci_low": 0.19639731567514185,
          "ci_high": 0.4128271711740046
        },
        "spearman_rho": {
          "mean": 0.5652732230773436,
          "ci_low": 0.47437559425987175,
          "ci_high": 0.6516759364122438
        },
        "kendall_tau": {
          "mean": 0.4005531971323217,
          "ci_low": 0.330366766504867,
          "ci_high": 0.47171178992591406
        }
      }
    }
  },
  "epochs_run": 5,
  "fit_observations": 2652,
  "validation_observations": 680,
  "rule": "fitzhugh_nagumo",
  "generations": 125,
  "hidden_channels": 16,
  "atom_feature_profile": "electronic",
  "atom_feature_count": 33,
  "atom_feature_names": [
    "element_H",
    "element_C",
    "element_N",
    "element_O",
    "element_F",
    "element_P",
    "element_S",
    "element_Cl",
    "element_Br",
    "element_I",
    "element_other",
    "formal_charge",
    "aromatic",
    "hybrid_sp",
    "hybrid_sp2",
    "hybrid_sp3",
    "hybrid_other",
    "degree",
    "total_hydrogens",
    "in_ring",
    "hbond_donor",
    "hbond_acceptor",
    "chiral_cw",
    "chiral_ccw",
    "chiral_other",
    "electronegativity",
    "polarizability",
    "heteroatom",
    "halogen",
    "conjugated_bond_fraction",
    "first_ionization_energy",
    "electron_affinity",
    "electronic_property_missing"
  ],
  "device": "cuda",
  "gpu": "NVIDIA GeForce RTX 5070 Ti",
  "training_seconds": 47.20562680007424,
  "peak_gpu_memory_bytes": 593290752,
  "runtime": {
    "operating_system": "Windows-10-10.0.26200-SP0",
    "machine": "AMD64",
    "python": "3.11.16",
    "python_executable": "C:\\Users\\Anthony\\anaconda3\\envs\\strange-matter-gpu\\python.exe",
    "pytorch": "2.11.0+cu128",
    "pytorch_cuda": "12.8",
    "device": "cuda",
    "gpu": "NVIDIA GeForce RTX 5070 Ti"
  },
  "validation_protocol": {
    "kind": "scaffold_cross_validation",
    "fold": 0,
    "folds": 5
  },
  "readout": "differentiable_closed_form_ridge",
  "hyperparameters": {
    "ca_lr": 0.0003,
    "ridge": 1.0,
    "ca_l2": 1e-05,
    "gradient_clip": 1.0,
    "update_scale": 0.08,
    "init_scale": 1.0,
    "initial_noise": 0.0,
    "support_fraction": 0.6,
    "bond_temperature": 2.0,
    "dyn_a": 0.5,
    "dyn_b": 0.2,
    "dyn_c": 0.5,
    "dyn_d": 0.05,
    "lr_schedule": "cosine_0.1x"
  }
}
