{"operating_system": "macOS-26.2-arm64-arm-64bit", "machine": "arm64", "python": "3.10.19", "python_executable": "/opt/anaconda3/envs/kcc2/bin/python3.10", "pytorch": "2.8.0", "pytorch_cuda": null, "device": "cpu", "gpu": null}
{"epoch": 1, "train_rmse": 1.3855993038584606, "validation_rmse": 0.9098992943763733, "mean_raw_gradient_norm": 22.428114875670403, "fraction_gradients_clipped": 1.0}
{"epoch": 2, "train_rmse": 1.2480184628070177, "validation_rmse": 0.902381420135498, "mean_raw_gradient_norm": 18.24772370246149, "fraction_gradients_clipped": 1.0}
{"epoch": 3, "train_rmse": 1.2347201115502564, "validation_rmse": 0.9030919075012207, "mean_raw_gradient_norm": 15.275805342581965, "fraction_gradients_clipped": 1.0}
{"epoch": 4, "train_rmse": 1.2364953405413317, "validation_rmse": 0.8948321342468262, "mean_raw_gradient_norm": 15.597274757200672, "fraction_gradients_clipped": 1.0}
{"epoch": 5, "train_rmse": 1.2271867261003317, "validation_rmse": 0.8951428532600403, "mean_raw_gradient_norm": 14.25451502492351, "fraction_gradients_clipped": 1.0}
{"epoch": 6, "train_rmse": 1.1503796261434514, "validation_rmse": 0.8950021862983704, "mean_raw_gradient_norm": 13.224279557504962, "fraction_gradients_clipped": 1.0}
{"epoch": 7, "train_rmse": 1.2125882686058973, "validation_rmse": 0.8947820663452148, "mean_raw_gradient_norm": 13.518112105707969, "fraction_gradients_clipped": 1.0}
{"epoch": 8, "train_rmse": 1.1499014688870064, "validation_rmse": 0.8941337466239929, "mean_raw_gradient_norm": 12.134611683507119, "fraction_gradients_clipped": 1.0}
{
  "seed": 4211,
  "best_validation_rmse": 0.8948321342468262,
  "restored_fit_rmse": 0.8342179656028748,
  "restored_validation_rmse": 0.8948321342468262,
  "epochs_run": 8,
  "fit_observations": 5216,
  "validation_observations": 1309,
  "rule": "delayed_memory",
  "generations": 16,
  "hidden_channels": 16,
  "device": "cpu",
  "gpu": null,
  "training_seconds": 42.16581441601738,
  "peak_gpu_memory_bytes": 0,
  "runtime": {
    "operating_system": "macOS-26.2-arm64-arm-64bit",
    "machine": "arm64",
    "python": "3.10.19",
    "python_executable": "/opt/anaconda3/envs/kcc2/bin/python3.10",
    "pytorch": "2.8.0",
    "pytorch_cuda": null,
    "device": "cpu",
    "gpu": null
  },
  "readout": "differentiable_closed_form_ridge",
  "hyperparameters": {
    "ca_lr": 0.001,
    "ridge": 0.1,
    "ca_l2": 1e-05,
    "gradient_clip": 1.0,
    "update_scale": 0.4,
    "init_scale": 0.5,
    "initial_noise": 0.0,
    "support_fraction": 0.85,
    "bond_temperature": 2.0,
    "dyn_a": 0.2,
    "dyn_b": 0.5,
    "dyn_c": 0.8,
    "dyn_d": 0.3,
    "lr_schedule": "cosine_0.1x"
  }
}
