{"operating_system": "Windows-10-10.0.26200-SP0", "machine": "AMD64", "python": "3.11.16", "python_executable": "C:\\Users\\Anthony\\anaconda3\\envs\\strange-matter-gpu\\python.exe", "pytorch": "2.11.0+cu128", "pytorch_cuda": "12.8", "device": "cuda", "gpu": "NVIDIA GeForce RTX 5070 Ti"}
{"epoch": 1, "train_rmse": 1.284618561014702, "validation_rmse": 0.9619572162628174, "validation_ma_st_rae": 1.0312105745517715, "validation_CYP1A2_st_rae": 1.185324716774099, "validation_CYP2C9_st_rae": 0.9405972362377524, "validation_CYP2D6_st_rae": 1.1839159499571943, "validation_CYP3A4_st_rae": 0.8150043952380394, "mean_raw_gradient_norm": 136.38267250061034, "fraction_gradients_clipped": 1.0}
{"epoch": 2, "train_rmse": 1.1980046962277087, "validation_rmse": 0.9624184966087341, "validation_ma_st_rae": 1.0238332785922324, "validation_CYP1A2_st_rae": 1.1621166610035356, "validation_CYP2C9_st_rae": 0.9557661828890744, "validation_CYP2D6_st_rae": 1.1563812357977377, "validation_CYP3A4_st_rae": 0.8210690346785826, "mean_raw_gradient_norm": 98.37578258514404, "fraction_gradients_clipped": 1.0}
{"epoch": 3, "train_rmse": 1.210272065930387, "validation_rmse": 0.9669195413589478, "validation_ma_st_rae": 1.0210279670843776, "validation_CYP1A2_st_rae": 1.1595776313701087, "validation_CYP2C9_st_rae": 0.9353066480986255, "validation_CYP2D6_st_rae": 1.1572266315071504, "validation_CYP3A4_st_rae": 0.8320009573616252, "mean_raw_gradient_norm": 102.20603481292724, "fraction_gradients_clipped": 1.0}
{"epoch": 4, "train_rmse": 1.2396566853178337, "validation_rmse": 0.9671216011047363, "validation_ma_st_rae": 1.0346472982360597, "validation_CYP1A2_st_rae": 1.1692565918558746, "validation_CYP2C9_st_rae": 0.9656539763063559, "validation_CYP2D6_st_rae": 1.1582142316585504, "validation_CYP3A4_st_rae": 0.8454643931234583, "mean_raw_gradient_norm": 106.95599765777588, "fraction_gradients_clipped": 1.0}
{"epoch": 5, "train_rmse": 1.1414668745462013, "validation_rmse": 0.9608481526374817, "validation_ma_st_rae": 1.0226919389766458, "validation_CYP1A2_st_rae": 1.177554249724263, "validation_CYP2C9_st_rae": 0.9062758587128851, "validation_CYP2D6_st_rae": 1.1819836242569788, "validation_CYP3A4_st_rae": 0.8249540232124565, "mean_raw_gradient_norm": 139.70753719329835, "fraction_gradients_clipped": 1.0}
{
  "seed": 2909,
  "selection_metric": "validation_ma_st_rae",
  "best_validation_ma_st_rae": 1.0238332785922324,
  "best_validation_rmse": 0.9624184966087341,
  "restored_fit_rmse": 0.9343631267547607,
  "restored_validation_rmse": 0.9628413319587708,
  "restored_fit_ma_st_rae": 1.0014670748723509,
  "restored_validation_ma_st_rae": 1.0283490239994058,
  "restored_validation_point_ma_st_rae": 1.0243957337845302,
  "restored_validation_point_st_rae_by_cyp": {
    "CYP1A2": 1.1623864725603186,
    "CYP2C9": 0.954486575118123,
    "CYP2D6": 1.1585795526791776,
    "CYP3A4": 0.8221303347805019
  },
  "restored_fit_st_rae_by_cyp": {
    "CYP1A2": 1.1099169036213739,
    "CYP2C9": 0.9127043107806649,
    "CYP2D6": 1.1989590614487846,
    "CYP3A4": 0.7842880236385797
  },
  "restored_validation_st_rae_by_cyp": {
    "CYP1A2": 1.1700027395541408,
    "CYP2C9": 0.9561525745874541,
    "CYP2D6": 1.1627928078525074,
    "CYP3A4": 0.8244479740035209
  },
  "validation_bootstrap_metrics": {
    "n_bootstrap_samples": 1000,
    "seed": 0,
    "macro": {
      "st_rae": {
        "mean": 1.0283490239994058,
        "ci_low": 0.9683653035148703,
        "ci_high": 1.0915656806388971
      },
      "mae": {
        "mean": 0.7163541522265015,
        "ci_low": 0.67874389053908,
        "ci_high": 0.7555505895738442
      },
      "r2": {
        "mean": -0.005882363422519143,
        "ci_low": -0.06866571835838994,
        "ci_high": 0.05629766409507752
      },
      "spearman_rho": {
        "mean": 0.3377373072314779,
        "ci_low": 0.28268581547237176,
        "ci_high": 0.3963302238987546
      },
      "kendall_tau": {
        "mean": 0.23183461996640942,
        "ci_low": 0.1941501283697303,
        "ci_high": 0.2722403210536723
      }
    },
    "per_endpoint": {
      "CYP1A2": {
        "st_rae": {
          "mean": 1.1700027395541408,
          "ci_low": 1.0232480375205657,
          "ci_high": 1.3448171339971235
        },
        "mae": {
          "mean": 0.8251495766550996,
          "ci_low": 0.7414313109253728,
          "ci_high": 0.9099482158588809
        },
        "r2": {
          "mean": -0.06443190239908925,
          "ci_low": -0.23610624884363865,
          "ci_high": 0.06690473509626611
        },
        "spearman_rho": {
          "mean": 0.3255833944896213,
          "ci_low": 0.2039525779143437,
          "ci_high": 0.44305092182800526
        },
        "kendall_tau": {
          "mean": 0.21965660295626743,
          "ci_low": 0.14162121787271703,
          "ci_high": 0.2984348925660677
        }
      },
      "CYP2C9": {
        "st_rae": {
          "mean": 0.9561525745874541,
          "ci_low": 0.8357087834018275,
          "ci_high": 1.0910545510462926
        },
        "mae": {
          "mean": 0.5827186637360433,
          "ci_low": 0.5177691498686214,
          "ci_high": 0.6535677638453274
        },
        "r2": {
          "mean": 0.08820463943947027,
          "ci_low": -0.055443385336940994,
          "ci_high": 0.21373225242340002
        },
        "spearman_rho": {
          "mean": 0.406452307374427,
          "ci_low": 0.28834825790020674,
          "ci_high": 0.5128854033633738
        },
        "kendall_tau": {
          "mean": 0.2773844266143496,
          "ci_low": 0.1957481509228179,
          "ci_high": 0.35311491444507104
        }
      },
      "CYP2D6": {
        "st_rae": {
          "mean": 1.1627928078525074,
          "ci_low": 1.050026862169823,
          "ci_high": 1.2908949181011566
        },
        "mae": {
          "mean": 0.640090550716027,
          "ci_low": 0.5605705126731292,
          "ci_high": 0.7158688540044038
        },
        "r2": {
          "mean": -0.11334144527400383,
          "ci_low": -0.2752655266729803,
          "ci_high": 0.0036468363214088
        },
        "spearman_rho": {
          "mean": 0.20832026100135792,
          "ci_low": 0.07418496805536563,
          "ci_high": 0.3349720782181867
        },
        "kendall_tau": {
          "mean": 0.14432641725960696,
          "ci_low": 0.05402732600996954,
          "ci_high": 0.23308750513736487
        }
      },
      "CYP3A4": {
        "st_rae": {
          "mean": 0.8244479740035209,
          "ci_low": 0.7576903179655632,
          "ci_high": 0.89540742841758
        },
        "mae": {
          "mean": 0.8174578177988363,
          "ci_low": 0.7472203352444721,
          "ci_high": 0.8879071061135659
        },
        "r2": {
          "mean": 0.06603925454354624,
          "ci_low": -0.02624472243270564,
          "ci_high": 0.14821427884418575
        },
        "spearman_rho": {
          "mean": 0.4105932660605052,
          "ci_low": 0.3153723672865481,
          "ci_high": 0.499197125334092
        },
        "kendall_tau": {
          "mean": 0.2859710330354136,
          "ci_low": 0.21710637831355342,
          "ci_high": 0.3519483488467128
        }
      }
    }
  },
  "epochs_run": 5,
  "fit_observations": 4213,
  "validation_observations": 1003,
  "rule": "conservative_graph_flux",
  "generations": 500,
  "hidden_channels": 8,
  "atom_feature_profile": "valence_electronic",
  "atom_feature_count": 38,
  "atom_feature_names": [
    "element_H",
    "element_C",
    "element_N",
    "element_O",
    "element_F",
    "element_P",
    "element_S",
    "element_Cl",
    "element_Br",
    "element_I",
    "element_other",
    "formal_charge",
    "aromatic",
    "hybrid_sp",
    "hybrid_sp2",
    "hybrid_sp3",
    "hybrid_other",
    "degree",
    "total_hydrogens",
    "in_ring",
    "hbond_donor",
    "hbond_acceptor",
    "chiral_cw",
    "chiral_ccw",
    "chiral_other",
    "total_valence",
    "implicit_valence",
    "heavy_atom_degree",
    "radical_electrons",
    "absolute_formal_charge",
    "electronegativity",
    "polarizability",
    "heteroatom",
    "halogen",
    "conjugated_bond_fraction",
    "first_ionization_energy",
    "electron_affinity",
    "electronic_property_missing"
  ],
  "device": "cuda",
  "gpu": "NVIDIA GeForce RTX 5070 Ti",
  "training_seconds": 381.6085759999696,
  "peak_gpu_memory_bytes": 428919296,
  "runtime": {
    "operating_system": "Windows-10-10.0.26200-SP0",
    "machine": "AMD64",
    "python": "3.11.16",
    "python_executable": "C:\\Users\\Anthony\\anaconda3\\envs\\strange-matter-gpu\\python.exe",
    "pytorch": "2.11.0+cu128",
    "pytorch_cuda": "12.8",
    "device": "cuda",
    "gpu": "NVIDIA GeForce RTX 5070 Ti"
  },
  "validation_protocol": {
    "kind": "scaffold_cross_validation",
    "fold": 1,
    "folds": 5
  },
  "readout": "differentiable_closed_form_ridge",
  "hyperparameters": {
    "ca_lr": 0.001,
    "ridge": 0.1,
    "ca_l2": 1e-05,
    "gradient_clip": 2.0,
    "update_scale": 0.4,
    "init_scale": 0.5,
    "initial_noise": 0.0,
    "support_fraction": 0.85,
    "bond_temperature": 2.0,
    "dyn_a": 0.2,
    "dyn_b": 0.5,
    "dyn_c": 0.8,
    "dyn_d": 0.3,
    "lr_schedule": "cosine_0.1x"
  }
}
