{"device": "cuda", "gpu": "NVIDIA GeForce RTX 5070 Ti", "pytorch": "2.11.0+cu128", "pytorch_cuda": "12.8"}
{"epoch": 1, "train_rmse": 0.9830230977603488, "validation_rmse": 1.0256853103637695, "mean_raw_gradient_norm": 9.286634039878845, "fraction_gradients_clipped": 1.0}
{"epoch": 2, "train_rmse": 1.112502481693543, "validation_rmse": 1.019867181777954, "mean_raw_gradient_norm": 8.72042875289917, "fraction_gradients_clipped": 1.0}
{"epoch": 3, "train_rmse": 1.0359885067736514, "validation_rmse": 1.017369031906128, "mean_raw_gradient_norm": 4.702520823478698, "fraction_gradients_clipped": 1.0}
{
  "seed": 1701,
  "best_validation_rmse": 1.019867181777954,
  "restored_fit_rmse": 0.9191469550132751,
  "restored_validation_rmse": 1.019866704940796,
  "epochs_run": 3,
  "fit_observations": 791,
  "validation_observations": 273,
  "rule": "inertial_reaction_diffusion",
  "generations": 125,
  "hidden_channels": 4,
  "device": "cuda",
  "gpu": "NVIDIA GeForce RTX 5070 Ti",
  "training_seconds": 10.701657500001602,
  "peak_gpu_memory_bytes": 80313856,
  "readout": "differentiable_closed_form_ridge",
  "hyperparameters": {
    "ca_lr": 0.001,
    "ridge": 1.0,
    "ca_l2": 1e-05,
    "gradient_clip": 1.0
  }
}
