{"operating_system": "Windows-10-10.0.26200-SP0", "machine": "AMD64", "python": "3.11.16", "python_executable": "C:\\Users\\Anthony\\anaconda3\\envs\\strange-matter-gpu\\python.exe", "pytorch": "2.11.0+cu128", "pytorch_cuda": "12.8", "device": "cuda", "gpu": "NVIDIA GeForce RTX 5070 Ti"}
{"epoch": 1, "train_rmse": 1.3796474520569224, "validation_rmse": 0.8313069939613342, "validation_ma_st_rae": 0.8921277016246186, "validation_CYP1A2_st_rae": 0.8585095281246846, "validation_CYP2C9_st_rae": 0.8530237429071944, "validation_CYP2D6_st_rae": 1.0393839142159795, "validation_CYP3A4_st_rae": 0.8175936212506163, "mean_raw_gradient_norm": 48.12626540660858, "fraction_gradients_clipped": 1.0}
{"epoch": 2, "train_rmse": 1.3822303669735811, "validation_rmse": 0.8242517709732056, "validation_ma_st_rae": 0.8823489597280411, "validation_CYP1A2_st_rae": 0.8415252479871204, "validation_CYP2C9_st_rae": 0.8473985797847325, "validation_CYP2D6_st_rae": 1.0346082347845595, "validation_CYP3A4_st_rae": 0.8058637763557521, "mean_raw_gradient_norm": 46.248530596494675, "fraction_gradients_clipped": 1.0}
{"epoch": 3, "train_rmse": 1.3269090122749987, "validation_rmse": 0.8269760012626648, "validation_ma_st_rae": 0.8911144940147175, "validation_CYP1A2_st_rae": 0.8552862819957251, "validation_CYP2C9_st_rae": 0.8594934639484758, "validation_CYP2D6_st_rae": 1.0435497111832552, "validation_CYP3A4_st_rae": 0.8061285189314141, "mean_raw_gradient_norm": 38.88758113980293, "fraction_gradients_clipped": 1.0}
{"epoch": 4, "train_rmse": 1.352835770753903, "validation_rmse": 0.8279798626899719, "validation_ma_st_rae": 0.8919576836971161, "validation_CYP1A2_st_rae": 0.8573329800285574, "validation_CYP2C9_st_rae": 0.8544619567741725, "validation_CYP2D6_st_rae": 1.0474717040961117, "validation_CYP3A4_st_rae": 0.8085640938896229, "mean_raw_gradient_norm": 38.82745236158371, "fraction_gradients_clipped": 1.0}
{"epoch": 5, "train_rmse": 1.336693585219645, "validation_rmse": 0.8257254362106323, "validation_ma_st_rae": 0.8879610545061243, "validation_CYP1A2_st_rae": 0.8508370933456562, "validation_CYP2C9_st_rae": 0.849034576904847, "validation_CYP2D6_st_rae": 1.043987608534288, "validation_CYP3A4_st_rae": 0.807984939239706, "mean_raw_gradient_norm": 37.84387618303299, "fraction_gradients_clipped": 1.0}
{
  "seed": 1701,
  "selection_metric": "validation_ma_st_rae",
  "best_validation_ma_st_rae": 0.8823489597280411,
  "best_validation_rmse": 0.8242517709732056,
  "restored_fit_rmse": 0.8845653533935547,
  "restored_validation_rmse": 0.824245274066925,
  "restored_fit_ma_st_rae": 0.887891540685255,
  "restored_validation_ma_st_rae": 0.8874763410995032,
  "restored_validation_point_ma_st_rae": 0.8823376814230837,
  "restored_validation_point_st_rae_by_cyp": {
    "CYP1A2": 0.8415212920793105,
    "CYP2C9": 0.8473849114063687,
    "CYP2D6": 1.0345977701208255,
    "CYP3A4": 0.8058467520858298
  },
  "restored_fit_st_rae_by_cyp": {
    "CYP1A2": 0.8937595321727237,
    "CYP2C9": 0.9151762844814347,
    "CYP2D6": 0.9653161159054237,
    "CYP3A4": 0.7773142301814376
  },
  "restored_validation_st_rae_by_cyp": {
    "CYP1A2": 0.8448985914099684,
    "CYP2C9": 0.8561813879209154,
    "CYP2D6": 1.0403877291187131,
    "CYP3A4": 0.808437655948416
  },
  "validation_bootstrap_metrics": {
    "n_bootstrap_samples": 1000,
    "seed": 0,
    "macro": {
      "st_rae": {
        "mean": 0.8874763410995032,
        "ci_low": 0.8249613792006489,
        "ci_high": 0.9536212354649819
      },
      "mae": {
        "mean": 0.614152269389802,
        "ci_low": 0.5725181191782092,
        "ci_high": 0.6554060081422207
      },
      "r2": {
        "mean": 0.15907779020881607,
        "ci_low": 0.0993441079516546,
        "ci_high": 0.21163317049535024
      },
      "spearman_rho": {
        "mean": 0.41794987055121646,
        "ci_low": 0.350603231744299,
        "ci_high": 0.4817502773500824
      },
      "kendall_tau": {
        "mean": 0.2927363653667834,
        "ci_low": 0.24493246299416535,
        "ci_high": 0.3388555124460119
      }
    },
    "per_endpoint": {
      "CYP1A2": {
        "st_rae": {
          "mean": 0.8448985914099684,
          "ci_low": 0.7347829287144348,
          "ci_high": 0.9687626297761933
        },
        "mae": {
          "mean": 0.6076248520520371,
          "ci_low": 0.5138178969982644,
          "ci_high": 0.7184540085809331
        },
        "r2": {
          "mean": 0.2261397903453332,
          "ci_low": 0.13090847937672065,
          "ci_high": 0.3039916809415716
        },
        "spearman_rho": {
          "mean": 0.5704191997615695,
          "ci_low": 0.4478935181142401,
          "ci_high": 0.6734711588091777
        },
        "kendall_tau": {
          "mean": 0.4000614033865195,
          "ci_low": 0.31092272020615797,
          "ci_high": 0.48134978105754006
        }
      },
      "CYP2C9": {
        "st_rae": {
          "mean": 0.8561813879209154,
          "ci_low": 0.6807541892076697,
          "ci_high": 1.0713439162024885
        },
        "mae": {
          "mean": 0.5715536919440666,
          "ci_low": 0.5031353408837841,
          "ci_high": 0.6430342221347085
        },
        "r2": {
          "mean": 0.19043694304994038,
          "ci_low": 0.009579151927728395,
          "ci_high": 0.32279903961079803
        },
        "spearman_rho": {
          "mean": 0.4067251383490361,
          "ci_low": 0.24501403886132944,
          "ci_high": 0.5514756530502306
        },
        "kendall_tau": {
          "mean": 0.2894135838529071,
          "ci_low": 0.17445896533723693,
          "ci_high": 0.39375260149010755
        }
      },
      "CYP2D6": {
        "st_rae": {
          "mean": 1.0403877291187131,
          "ci_low": 0.9401062593643535,
          "ci_high": 1.157027987027437
        },
        "mae": {
          "mean": 0.557598278134124,
          "ci_low": 0.4735282133960124,
          "ci_high": 0.6405918421235475
        },
        "r2": {
          "mean": -0.051633185756466776,
          "ci_low": -0.1851859983732081,
          "ci_high": 0.047491374287987595
        },
        "spearman_rho": {
          "mean": 0.1602892527429675,
          "ci_low": -0.004483800935284548,
          "ci_high": 0.3154561625200155
        },
        "kendall_tau": {
          "mean": 0.10992466783941325,
          "ci_low": -0.004092704442091354,
          "ci_high": 0.22059329154818325
        }
      },
      "CYP3A4": {
        "st_rae": {
          "mean": 0.808437655948416,
          "ci_low": 0.7131290354451156,
          "ci_high": 0.9033792201628309
        },
        "mae": {
          "mean": 0.7198322554289802,
          "ci_low": 0.6543658974126351,
          "ci_high": 0.7906101152916585
        },
        "r2": {
          "mean": 0.2713676131964576,
          "ci_low": 0.180825116287996,
          "ci_high": 0.35738676943230635
        },
        "spearman_rho": {
          "mean": 0.5343658913512929,
          "ci_low": 0.4434170149737519,
          "ci_high": 0.6234594802780546
        },
        "kendall_tau": {
          "mean": 0.37154580638829354,
          "ci_low": 0.3039515240625083,
          "ci_high": 0.44081056993003603
        }
      }
    }
  },
  "epochs_run": 5,
  "fit_observations": 2652,
  "validation_observations": 680,
  "rule": "delayed_memory",
  "generations": 250,
  "hidden_channels": 8,
  "atom_feature_profile": "local_environment",
  "atom_feature_count": 29,
  "atom_feature_names": [
    "element_H",
    "element_C",
    "element_N",
    "element_O",
    "element_F",
    "element_P",
    "element_S",
    "element_Cl",
    "element_Br",
    "element_I",
    "element_other",
    "formal_charge",
    "aromatic",
    "hybrid_sp",
    "hybrid_sp2",
    "hybrid_sp3",
    "hybrid_other",
    "degree",
    "total_hydrogens",
    "in_ring",
    "hbond_donor",
    "hbond_acceptor",
    "chiral_cw",
    "chiral_ccw",
    "chiral_other",
    "mean_neighbour_electronegativity",
    "electronegativity_difference",
    "mean_neighbour_atomic_number",
    "neighbour_formal_charge"
  ],
  "device": "cuda",
  "gpu": "NVIDIA GeForce RTX 5070 Ti",
  "training_seconds": 97.89139410015196,
  "peak_gpu_memory_bytes": 318292480,
  "runtime": {
    "operating_system": "Windows-10-10.0.26200-SP0",
    "machine": "AMD64",
    "python": "3.11.16",
    "python_executable": "C:\\Users\\Anthony\\anaconda3\\envs\\strange-matter-gpu\\python.exe",
    "pytorch": "2.11.0+cu128",
    "pytorch_cuda": "12.8",
    "device": "cuda",
    "gpu": "NVIDIA GeForce RTX 5070 Ti"
  },
  "validation_protocol": {
    "kind": "scaffold_cross_validation",
    "fold": 0,
    "folds": 5
  },
  "readout": "differentiable_closed_form_ridge",
  "prediction_mode": "direct",
  "residual_alpha": null,
  "trajectory_pooling": "legacy",
  "ridge_mode": "shared",
  "loss_mode": "hybrid_interval",
  "interval_loss_beta": 0.5,
  "interval_temperature": 0.02,
  "hyperparameters": {
    "ca_lr": 0.0003,
    "ridge": 0.1,
    "ca_l2": 1e-05,
    "gradient_clip": 0.5,
    "update_scale": 0.08,
    "init_scale": 1.0,
    "initial_noise": 0.01,
    "support_fraction": 0.6,
    "bond_temperature": 2.0,
    "dyn_a": 0.2,
    "dyn_b": 0.2,
    "dyn_c": 0.2,
    "dyn_d": 0.3,
    "lr_schedule": "cosine_0.1x"
  }
}
