{"operating_system": "Windows-10-10.0.26200-SP0", "machine": "AMD64", "python": "3.11.16", "python_executable": "C:\\Users\\Anthony\\anaconda3\\envs\\strange-matter-gpu\\python.exe", "pytorch": "2.11.0+cu128", "pytorch_cuda": "12.8", "device": "cuda", "gpu": "NVIDIA GeForce RTX 5070 Ti"}
{"epoch": 1, "train_rmse": 1.210890032750577, "validation_rmse": 0.8958537578582764, "mean_raw_gradient_norm": 12.474561422101912, "fraction_gradients_clipped": 1.0}
{"epoch": 2, "train_rmse": 1.038443869506359, "validation_rmse": 0.8978649377822876, "mean_raw_gradient_norm": 6.9544093435810455, "fraction_gradients_clipped": 0.9838709677419355}
{"epoch": 3, "train_rmse": 1.0981768106772862, "validation_rmse": 0.893889307975769, "mean_raw_gradient_norm": 5.674096916952441, "fraction_gradients_clipped": 0.9838709677419355}
{"epoch": 4, "train_rmse": 1.1778352117037076, "validation_rmse": 0.8940986394882202, "mean_raw_gradient_norm": 7.473058494829362, "fraction_gradients_clipped": 0.9516129032258065}
{"epoch": 5, "train_rmse": 1.085891952459495, "validation_rmse": 0.8906962275505066, "mean_raw_gradient_norm": 4.715468410522707, "fraction_gradients_clipped": 0.9516129032258065}
{"epoch": 6, "train_rmse": 1.0646620801776279, "validation_rmse": 0.8929858207702637, "mean_raw_gradient_norm": 4.551798095626216, "fraction_gradients_clipped": 0.9354838709677419}
{"epoch": 7, "train_rmse": 1.0095904983253357, "validation_rmse": 0.8924334049224854, "mean_raw_gradient_norm": 5.06876399055604, "fraction_gradients_clipped": 0.8870967741935484}
{"epoch": 8, "train_rmse": 1.0286517698557194, "validation_rmse": 0.8915783762931824, "mean_raw_gradient_norm": 4.027873468014501, "fraction_gradients_clipped": 0.8548387096774194}
{"epoch": 9, "train_rmse": 0.9903441201831555, "validation_rmse": 0.883912980556488, "mean_raw_gradient_norm": 3.9265357563572545, "fraction_gradients_clipped": 0.8709677419354839}
{"epoch": 10, "train_rmse": 0.9652466043670423, "validation_rmse": 0.8877153992652893, "mean_raw_gradient_norm": 3.333189220197739, "fraction_gradients_clipped": 0.8064516129032258}
{"epoch": 11, "train_rmse": 1.0391348476073288, "validation_rmse": 0.8874780535697937, "mean_raw_gradient_norm": 3.467838018171249, "fraction_gradients_clipped": 0.8064516129032258}
{"epoch": 12, "train_rmse": 1.009632067208244, "validation_rmse": 0.886876106262207, "mean_raw_gradient_norm": 3.9269551307924333, "fraction_gradients_clipped": 0.8548387096774194}
{"epoch": 13, "train_rmse": 1.0479707162949101, "validation_rmse": 0.8876751065254211, "mean_raw_gradient_norm": 4.531487143808795, "fraction_gradients_clipped": 0.8225806451612904}
{"epoch": 14, "train_rmse": 0.9456627439274294, "validation_rmse": 0.8885486721992493, "mean_raw_gradient_norm": 2.990542626188647, "fraction_gradients_clipped": 0.7419354838709677}
{"epoch": 15, "train_rmse": 0.9971586112631862, "validation_rmse": 0.8874028325080872, "mean_raw_gradient_norm": 3.717830677186289, "fraction_gradients_clipped": 0.7903225806451613}
{"dynamics_phase": "screen_start", "validation_pairs": 1309}
{"dynamics_phase": "screen_complete", "validation_pairs": 1309}
{
  "seed": 1701,
  "best_validation_rmse": 0.883912980556488,
  "restored_fit_rmse": 0.8209957480430603,
  "restored_validation_rmse": 0.8839160203933716,
  "epochs_run": 15,
  "fit_observations": 5216,
  "validation_observations": 1309,
  "rule": "coupled_map",
  "generations": 250,
  "hidden_channels": 24,
  "atom_feature_profile": "valence_electronic",
  "atom_feature_count": 35,
  "atom_feature_names": [
    "element_H",
    "element_C",
    "element_N",
    "element_O",
    "element_F",
    "element_P",
    "element_S",
    "element_Cl",
    "element_Br",
    "element_I",
    "element_other",
    "formal_charge",
    "aromatic",
    "hybrid_sp",
    "hybrid_sp2",
    "hybrid_sp3",
    "hybrid_other",
    "degree",
    "total_hydrogens",
    "in_ring",
    "hbond_donor",
    "hbond_acceptor",
    "chiral_cw",
    "chiral_ccw",
    "chiral_other",
    "total_valence",
    "implicit_valence",
    "heavy_atom_degree",
    "radical_electrons",
    "absolute_formal_charge",
    "electronegativity",
    "polarizability",
    "heteroatom",
    "halogen",
    "conjugated_bond_fraction"
  ],
  "device": "cuda",
  "gpu": "NVIDIA GeForce RTX 5070 Ti",
  "training_seconds": 741.9946347000077,
  "peak_gpu_memory_bytes": 1218475008,
  "runtime": {
    "operating_system": "Windows-10-10.0.26200-SP0",
    "machine": "AMD64",
    "python": "3.11.16",
    "python_executable": "C:\\Users\\Anthony\\anaconda3\\envs\\strange-matter-gpu\\python.exe",
    "pytorch": "2.11.0+cu128",
    "pytorch_cuda": "12.8",
    "device": "cuda",
    "gpu": "NVIDIA GeForce RTX 5070 Ti"
  },
  "readout": "differentiable_closed_form_ridge",
  "hyperparameters": {
    "ca_lr": 0.003,
    "ridge": 1.0,
    "ca_l2": 1e-06,
    "gradient_clip": 2.0,
    "update_scale": 0.15,
    "init_scale": 1.0,
    "initial_noise": 0.005,
    "support_fraction": 0.85,
    "bond_temperature": 2.0,
    "dyn_a": 0.2,
    "dyn_b": 0.2,
    "dyn_c": 0.5,
    "dyn_d": 0.05,
    "lr_schedule": "cosine_0.1x"
  },
  "dynamical_analysis": {
    "validation_trajectories_screened": 1309,
    "perturbation_cases": 0,
    "classification_counts": {},
    "perturbation_status": "deferred_after_native_cuda_failure"
  }
}
