{"device": "cuda", "gpu": "NVIDIA GeForce RTX 5070 Ti", "pytorch": "2.11.0+cu128", "pytorch_cuda": "12.8"}
{"epoch": 1, "train_rmse": 3.872408720213884, "validation_rmse": 0.9701718688011169, "mean_raw_gradient_norm": 3549.8237979286596, "fraction_gradients_clipped": 1.0}
{"epoch": 2, "train_rmse": 3.216464632421357, "validation_rmse": 1.003082513809204, "mean_raw_gradient_norm": 1583.2843961213764, "fraction_gradients_clipped": 1.0}
{"epoch": 3, "train_rmse": 3.4413718471522907, "validation_rmse": 0.9946979880332947, "mean_raw_gradient_norm": 1983.4294168572676, "fraction_gradients_clipped": 1.0}
{
  "seed": 1701,
  "best_validation_rmse": 0.9701718688011169,
  "restored_fit_rmse": 0.8151935935020447,
  "restored_validation_rmse": 0.9703550338745117,
  "epochs_run": 3,
  "fit_observations": 791,
  "validation_observations": 273,
  "rule": "gated_residual",
  "generations": 16,
  "hidden_channels": 16,
  "device": "cuda",
  "gpu": "NVIDIA GeForce RTX 5070 Ti",
  "training_seconds": 4.67502029996831,
  "peak_gpu_memory_bytes": 27660800,
  "readout": "differentiable_closed_form_ridge",
  "hyperparameters": {
    "ca_lr": 0.001,
    "ridge": 0.001,
    "ca_l2": 1e-06,
    "gradient_clip": 1.0
  }
}
