{"operating_system": "Windows-10-10.0.26200-SP0", "machine": "AMD64", "python": "3.11.16", "python_executable": "C:\\Users\\Anthony\\anaconda3\\envs\\strange-matter-gpu\\python.exe", "pytorch": "2.11.0+cu128", "pytorch_cuda": "12.8", "device": "cuda", "gpu": "NVIDIA GeForce RTX 5070 Ti"}
{"epoch": 1, "train_rmse": 2.9516826976343373, "validation_rmse": 0.9467513561248779, "validation_ma_st_rae": 1.1046801566819975, "validation_CYP1A2_st_rae": 1.4263215374485902, "validation_CYP2C9_st_rae": 0.9021964612936453, "validation_CYP2D6_st_rae": 1.072019906391216, "validation_CYP3A4_st_rae": 1.0181827215945387, "mean_raw_gradient_norm": 196.05346603393554, "fraction_gradients_clipped": 1.0}
{"epoch": 2, "train_rmse": 3.901696678652821, "validation_rmse": 0.880605161190033, "validation_ma_st_rae": 1.029221570503671, "validation_CYP1A2_st_rae": 1.0661871310388633, "validation_CYP2C9_st_rae": 1.0630930490857047, "validation_CYP2D6_st_rae": 1.115198257446273, "validation_CYP3A4_st_rae": 0.8724078444438423, "mean_raw_gradient_norm": 2204.0744709014893, "fraction_gradients_clipped": 1.0}
{"epoch": 3, "train_rmse": 2.743977070924243, "validation_rmse": 0.9066879153251648, "validation_ma_st_rae": 1.0893432912878651, "validation_CYP1A2_st_rae": 1.181819431063459, "validation_CYP2C9_st_rae": 1.0782810643520124, "validation_CYP2D6_st_rae": 1.172189994056123, "validation_CYP3A4_st_rae": 0.9250826756798658, "mean_raw_gradient_norm": 176.925048828125, "fraction_gradients_clipped": 1.0}
{
  "seed": 1701,
  "selection_metric": "validation_ma_st_rae",
  "best_validation_ma_st_rae": 1.029221570503671,
  "best_validation_rmse": 0.880605161190033,
  "restored_fit_rmse": 0.9082419276237488,
  "restored_validation_rmse": 0.880605936050415,
  "restored_fit_ma_st_rae": 0.8497482847989194,
  "restored_validation_ma_st_rae": 1.05072224375237,
  "restored_validation_point_ma_st_rae": 1.0291895691423953,
  "restored_validation_point_st_rae_by_cyp": {
    "CYP1A2": 1.0662598353148631,
    "CYP2C9": 1.062924820821901,
    "CYP2D6": 1.115141334622206,
    "CYP3A4": 0.8724322858106112
  },
  "restored_fit_st_rae_by_cyp": {
    "CYP1A2": 0.8774257134393361,
    "CYP2C9": 0.7410428400632743,
    "CYP2D6": 1.0102495573830368,
    "CYP3A4": 0.7702750283100304
  },
  "restored_validation_st_rae_by_cyp": {
    "CYP1A2": 1.0727224776071136,
    "CYP2C9": 1.1060277882500487,
    "CYP2D6": 1.1357611975004138,
    "CYP3A4": 0.8883775116519046
  },
  "validation_bootstrap_metrics": {
    "n_bootstrap_samples": 1000,
    "seed": 0,
    "macro": {
      "st_rae": {
        "mean": 1.05072224375237,
        "ci_low": 0.9052178393786953,
        "ci_high": 1.2044388958382177
      },
      "mae": {
        "mean": 0.6695413411962166,
        "ci_low": 0.6045797728647072,
        "ci_high": 0.7382859078847042
      },
      "r2": {
        "mean": -0.007565216349284199,
        "ci_low": -0.17775054628606177,
        "ci_high": 0.13235426078819812
      },
      "spearman_rho": {
        "mean": 0.3616923662207441,
        "ci_low": 0.25506546121909845,
        "ci_high": 0.46912642953957956
      },
      "kendall_tau": {
        "mean": 0.25598301510769245,
        "ci_low": 0.17852403310432427,
        "ci_high": 0.33397788927469896
      }
    },
    "per_endpoint": {
      "CYP1A2": {
        "st_rae": {
          "mean": 1.0727224776071136,
          "ci_low": 0.7629105180171691,
          "ci_high": 1.462676845156097
        },
        "mae": {
          "mean": 0.6905329595315652,
          "ci_low": 0.5290202570743249,
          "ci_high": 0.8888735036380955
        },
        "r2": {
          "mean": -0.036485133717636474,
          "ci_low": -0.47691191624426355,
          "ci_high": 0.2682491112068721
        },
        "spearman_rho": {
          "mean": 0.4159509281729487,
          "ci_low": 0.18256707655685137,
          "ci_high": 0.6325495901220752
        },
        "kendall_tau": {
          "mean": 0.3059678421319757,
          "ci_low": 0.14237833172626613,
          "ci_high": 0.4668910983417671
        }
      },
      "CYP2C9": {
        "st_rae": {
          "mean": 1.1060277882500487,
          "ci_low": 0.8244955401943894,
          "ci_high": 1.494486871108786
        },
        "mae": {
          "mean": 0.5968175669431687,
          "ci_low": 0.4877880283196767,
          "ci_high": 0.7157227439681689
        },
        "r2": {
          "mean": -0.08986754360426082,
          "ci_low": -0.4695311106724833,
          "ci_high": 0.19709842483819595
        },
        "spearman_rho": {
          "mean": 0.24442456251044298,
          "ci_low": -0.019929728195619126,
          "ci_high": 0.4648283722629483
        },
        "kendall_tau": {
          "mean": 0.1612625030138842,
          "ci_low": -0.025233727779308008,
          "ci_high": 0.3199532149439528
        }
      },
      "CYP2D6": {
        "st_rae": {
          "mean": 1.1357611975004138,
          "ci_low": 0.8808986049566415,
          "ci_high": 1.455812792469502
        },
        "mae": {
          "mean": 0.6239192835624401,
          "ci_low": 0.5004810129679166,
          "ci_high": 0.7627551149404965
        },
        "r2": {
          "mean": -0.10853650751583396,
          "ci_low": -0.5001539281019748,
          "ci_high": 0.17278312221978326
        },
        "spearman_rho": {
          "mean": 0.33072191929903066,
          "ci_low": 0.09233273581825083,
          "ci_high": 0.5520371582535109
        },
        "kendall_tau": {
          "mean": 0.23466618626217883,
          "ci_low": 0.06141463414634146,
          "ci_high": 0.39679095048035457
        }
      },
      "CYP3A4": {
        "st_rae": {
          "mean": 0.8883775116519046,
          "ci_low": 0.6994651777666544,
          "ci_high": 1.1302074716926125
        },
        "mae": {
          "mean": 0.7668955547476923,
          "ci_low": 0.6631752953972927,
          "ci_high": 0.8791623298511949
        },
        "r2": {
          "mean": 0.20462831944059445,
          "ci_low": 0.007490440558509681,
          "ci_high": 0.34970454107501425
        },
        "spearman_rho": {
          "mean": 0.455672054900554,
          "ci_low": 0.27276125419947117,
          "ci_high": 0.6191382656293875
        },
        "kendall_tau": {
          "mean": 0.32203552902273114,
          "ci_low": 0.18931807654738847,
          "ci_high": 0.4526113115359835
        }
      }
    }
  },
  "epochs_run": 3,
  "fit_observations": 806,
  "validation_observations": 272,
  "rule": "kuramoto_sakaguchi",
  "generations": 64,
  "hidden_channels": 16,
  "atom_feature_profile": "baseline",
  "atom_feature_count": 25,
  "atom_feature_names": [
    "element_H",
    "element_C",
    "element_N",
    "element_O",
    "element_F",
    "element_P",
    "element_S",
    "element_Cl",
    "element_Br",
    "element_I",
    "element_other",
    "formal_charge",
    "aromatic",
    "hybrid_sp",
    "hybrid_sp2",
    "hybrid_sp3",
    "hybrid_other",
    "degree",
    "total_hydrogens",
    "in_ring",
    "hbond_donor",
    "hbond_acceptor",
    "chiral_cw",
    "chiral_ccw",
    "chiral_other"
  ],
  "device": "cuda",
  "gpu": "NVIDIA GeForce RTX 5070 Ti",
  "training_seconds": 7.188550800085068,
  "peak_gpu_memory_bytes": 242474496,
  "runtime": {
    "operating_system": "Windows-10-10.0.26200-SP0",
    "machine": "AMD64",
    "python": "3.11.16",
    "python_executable": "C:\\Users\\Anthony\\anaconda3\\envs\\strange-matter-gpu\\python.exe",
    "pytorch": "2.11.0+cu128",
    "pytorch_cuda": "12.8",
    "device": "cuda",
    "gpu": "NVIDIA GeForce RTX 5070 Ti"
  },
  "validation_protocol": {
    "kind": "scaffold_cross_validation",
    "fold": 0,
    "folds": 5
  },
  "readout": "differentiable_closed_form_ridge",
  "prediction_mode": "direct",
  "residual_alpha": null,
  "trajectory_pooling": "legacy",
  "ridge_mode": "shared",
  "loss_mode": "hybrid_interval",
  "interval_loss_beta": 0.5,
  "interval_temperature": 0.02,
  "hyperparameters": {
    "ca_lr": 0.003,
    "ridge": 0.01,
    "ca_l2": 0.0001,
    "gradient_clip": 0.5,
    "update_scale": 0.25,
    "init_scale": 1.5,
    "initial_noise": 0.0,
    "support_fraction": 0.75,
    "bond_temperature": 0.5,
    "dyn_a": 0.8,
    "dyn_b": 0.2,
    "dyn_c": 0.2,
    "dyn_d": 0.15,
    "lr_schedule": "cosine_0.1x"
  }
}
