{"operating_system": "Windows-10-10.0.26200-SP0", "machine": "AMD64", "python": "3.11.16", "python_executable": "C:\\Users\\Anthony\\anaconda3\\envs\\strange-matter-gpu\\python.exe", "pytorch": "2.11.0+cu128", "pytorch_cuda": "12.8", "device": "cuda", "gpu": "NVIDIA GeForce RTX 5070 Ti"}
{"epoch": 1, "train_rmse": 1.1612123565200783, "validation_rmse": 0.878472626209259, "validation_ma_st_rae": 0.9025269490425384, "validation_CYP1A2_st_rae": 0.9707365239928281, "validation_CYP2C9_st_rae": 0.8266937245774993, "validation_CYP2D6_st_rae": 1.0770013215428205, "validation_CYP3A4_st_rae": 0.7356762260570057, "mean_raw_gradient_norm": 7.223381900787354, "fraction_gradients_clipped": 1.0}
{"epoch": 2, "train_rmse": 1.1600868615450852, "validation_rmse": 0.8799603581428528, "validation_ma_st_rae": 0.9004456211541245, "validation_CYP1A2_st_rae": 0.9600442065653928, "validation_CYP2C9_st_rae": 0.8245425087379082, "validation_CYP2D6_st_rae": 1.0777394688614697, "validation_CYP3A4_st_rae": 0.7394563004517269, "mean_raw_gradient_norm": 7.406892175674439, "fraction_gradients_clipped": 1.0}{{"epoch": 3, "train_rmse": 1.0961271973733984, "validation_rmse": 0.8673639297485352, "validation_ma_st_rae": 0.8789918545397494, "validation_CYP1A2_st_rae": 0.9284153667490661, "validation_CYP2C9_st_rae": 0.8187405374419503, "validation_CYP2D6_st_rae": 1.0387156164677014, "validation_CYP3A4_st_rae": 0.7300958975002794, "mean_raw_gradient_norm": 5.621869325637817, "fraction_gradients_clipped": 1.0}{{"epoch": 4, "train_rmse": 1.1439763380538241, "validation_rmse": 0.8634682297706604, "validation_ma_st_rae": 0.8708746342229007, "validation_CYP1A2_st_rae": 0.9406955660514404, "validation_CYP2C9_st_rae": 0.7968243315093109, "validation_CYP2D6_st_rae": 1.0323297205425217, "validation_CYP3A4_st_rae": 0.7136489187883296, "mean_raw_gradient_norm": 6.46787320137024, "fraction_gradients_clipped": 1.0}
{"epoch": 5, "train_rmse": 1.1245720626440936, "validation_rmse": 0.8657272458076477, "validation_ma_st_rae": 0.8754261163875783, "validation_CYP1A2_st_rae": 0.9400180394471875, "validation_CYP2C9_st_rae": 0.8189507478206353, "validation_CYP2D6_st_rae": 1.0204507655014796, "validation_CYP3A4_st_rae": 0.7222849127810108, "mean_raw_gradient_norm": 5.727947058677674, "fraction_gradients_clipped": 1.0}{{"epoch": 6, "train_rmse": 1.087471676853867, "validation_rmse": 0.8667281866073608, "validation_ma_st_rae": 0.8753928707553998, "validation_CYP1A2_st_rae": 0.9304602991679165, "validation_CYP2C9_st_rae": 0.8194945536717771, "validation_CYP2D6_st_rae": 1.0219858650956892, "validation_CYP3A4_st_rae": 0.7296307650862163, "mean_raw_gradient_norm": 5.916777076721192, "fraction_gradients_clipped": 1.0}
{"epoch": 7, "train_rmse": 1.0968804871933469, "validation_rmse": 0.8665375113487244, "validation_ma_st_rae": 0.8723461308910463, "validation_CYP1A2_st_rae": 0.9298251975266398, "validation_CYP2C9_st_rae": 0.8119843512735528, "validation_CYP2D6_st_rae": 1.0149232134460822, "validation_CYP3A4_st_rae": 0.7326517613179104, "mean_raw_gradient_norm": 7.229249715805054, "fraction_gradients_clipped": 1.0}
{
  "seed": 1701,
  "selection_metric": "validation_ma_st_rae",
  "best_validation_ma_st_rae": 0.8708746342229007,
  "best_validation_rmse": 0.8634682297706604,
  "restored_fit_rmse": 0.8140008449554443,
  "restored_validation_rmse": 0.8634594678878784,
  "restored_fit_ma_st_rae": 0.819917830701667,
  "restored_validation_ma_st_rae": 0.8729639513523555,
  "restored_validation_point_ma_st_r{
  "seed": 1701,
  "selection_metric": "validation_ma_st_rae",
  "best_validation_ma_st_rae": 0.8700447950230467,
  "best_validation_rmse": 0.8655287623405457,
  "restored_fit_rmse": 0.808699905872345,
  "restored_validation_rmse": 0.8655233979225159,
  "restored_fit_ma_st_rae": 0.8089621848635205,
  "restored_validation_ma_st_rae": 0.8724290103257484,
  "restored_validation_point_ma_st_rae": 0.8700195336992729,
  "restored_validation_point_st_rae_by_cyp": {
    "CYP1A2": 0.9297587653007133,
    "CYP2C9": 0.8091789804257087,
    "CYP2D6": 1.0172795148188463,
    "CYP3A4": 0.7238608742518231
  },
  "restored_fit_st_rae_by_cyp": {
    "CYP1A2": 0.8717140588073501,
    "CYP2C9": 0.7345933912549689,
    "CYP2D6": 0.9589668123862921,
    "CYP3A4": 0.6705744770054709
  },
  "restored_validation_st_rae_by_cyp": {
    "CYP1A2": 0.9352558433555808,
    "CYP2C9": 0.8109310802665651,
    "CYP2D6": 1.0183525100602617,
    "CYP3A4": 0.7251766076205857
  },
  "validation_bootstrap_metrics": {
    "n_bootstrap_samples": 1000,
    "seed": 0,
    "macro": {
      "st_rae": {
        "mean": 0.8724290103257484,
        "ci_low": 0.8184960965207295,
        "ci_high": 0.9280724690278978
      },
      "mae": {
        "mean": 0.6368810975963065,
        "ci_low": 0.6045520997600918,
        "ci_high": 0.6740739131310256
      },
      "r2": {
        "mean": 0.1641110581917197,
        "ci_low": 0.10968901324022273,
        "ci_high": 0.2164316025003045
      },
      "spearman_rho": {
        "mean": 0.4193765620185437,
        "ci_low": 0.3653356349253444,
        "ci_high": 0.4722515115517093
      },
      "kendall_tau": {
        "mean": 0.2953293881945709,
        "ci_low": 0.2557877038447981,
        "ci_high": 0.3331569741924542
      }
    },
    "per_endpoint": {
      "CYP1A2": {
        "st_rae": {
          "mean": 0.9352558433555808,
          "ci_low": 0.8194643889716817,
          "ci_high": 1.0608158427344379
        },
        "mae": {
          "mean": 0.7122698833016461,
          "ci_low": 0.6340220050617706,
          "ci_high": 0.7977083884006323
        },
        "r2": {
          "mean": 0.11370117492935022,
          "ci_low": -0.006333952798995983,
          "ci_high": 0.21608737818880264
        },
        "spearman_rho": {
          "mean": 0.4109432988033239,
          "ci_low": 0.30017548232367053,
          "ci_high": 0.5145913875498489
        },
        "kendall_tau": {
          "mean": 0.2794121706609116,
          "ci_low": 0.20223065624727948,
          "ci_high": 0.35428365699723263
        }
      },
      "CYP2C9": {
        "st_rae": {
          "mean": 0.8109310802665651,
          "ci_low": 0.6836337362079442,
          "ci_high": 0.9423158436592187
        },
        "mae": {
          "mean": 0.5303983031892535,
          "ci_low": 0.46470302648955797,
          "ci_high": 0.598816927374922
        },
        "r2": {
          "mean": 0.19791303313822833,
          "ci_low": 0.0663666571565996,
          "ci_high": 0.3190637220630854
        },
        "spearman_rho": {
          "mean": 0.4773712123431198,
          "ci_low": 0.3631105321671681,
          "ci_high": 0.5821041325258852
        },
        "kendall_tau": {
          "mean": 0.3401972521675642,
          "ci_low": 0.2559560608312012,
          "ci_high": 0.42299456672838043
        }
      },
      "CYP2D6": {
        "st_rae": {
          "mean": 1.0183525100602617,
          "ci_low": 0.9258242400586241,
          "ci_high": 1.1281412625070812
        },
        "mae": {
          "mean": 0.5836818247017653,
          "ci_low": 0.5041623445438302,
          "ci_high": 0.6642498061967932
        },
        "r2": {
          "mean": 0.043140080474418085,
          "ci_low": -0.06522945737525894,
          "ci_high": 0.1413643313617354
        },
        "spearman_rho": {
          "mean": 0.23684303883411534,
          "ci_low": 0.10895458612979031,
          "ci_high": 0.36103867873931994
        },
        "kendall_tau": {
          "mean": 0.16322124245100708,
          "ci_low": 0.07242881560009841,
          "ci_high": 0.25079631471406255
        }
      },
      "CYP3A4": {
        "st_rae": {
          "mean": 0.7251766076205857,
          "ci_low": 0.6385035192289075,
          "ci_high": 0.8172892073354324
        },
        "mae": {
          "mean": 0.721174379192561,
          "ci_low": 0.6690532203691488,
          "ci_high": 0.7814304640418605
        },
        "r2": {
          "mean": 0.3016899442248822,
          "ci_low": 0.2049918290946329,
          "ci_high": 0.3920095227650805
        },
        "spearman_rho": {
          "mean": 0.5523486980936156,
          "ci_low": 0.4647931411482587,
          "ci_high": 0.6308241063267227
        },
        "kendall_tau": {
          "mean": 0.3984868874988007,
          "ci_low": 0.33347664199471944,
          "ci_high": 0.4592565732625602
        }
      }
    }
  },
  "epochs_run": 8,
  "fit_observations": 4213,
  "validation_observations": 1003,
  "rule": "inertial_reaction_diffusion",
  "generations": 64,
  "hidden_channels": 16,
  "atom_feature_profile": "local_environment",
  "atom_feature_count": 29,
  "atom_feature_names": [
    "element_H",
    "element_C",
    "element_N",
    "element_O",
    "element_F",
    "element_P",
    "element_S",
    "element_Cl",
    "element_Br",
    "element_I",
    "element_other",
    "formal_charge",
    "aromatic",
    "hybrid_sp",
    "hybrid_sp2",
    "hybrid_sp3",
    "hybrid_other",
    "degree",
    "total_hydrogens",
    "in_ring",
    "hbond_donor",
    "hbond_acceptor",
    "chiral_cw",
    "chiral_ccw",
    "chiral_other",
    "mean_neighbour_electronegativity",
    "electronegativity_difference",
    "mean_neighbour_atomic_number",
    "neighbour_formal_charge"
  ],
  "device": "cuda",
  "gpu": "NVIDIA GeForce RTX 5070 Ti",
  "training_seconds": 116.1876489999704,
  "peak_gpu_memory_bytes": 346775040,
  "runtime": {
    "operating_system": "Windows-10-10.0.26200-SP0",
    "machine": "AMD64",
    "python": "3.11.16",
    "python_executable": "C:\\Users\\Anthony\\anaconda3\\envs\\strange-matter-gpu\\python.exe",
    "pytorch": "2.11.0+cu128",
    "pytorch_cuda": "12.8",
    "device": "cuda",
    "gpu": "NVIDIA GeForce RTX 5070 Ti"
  },
  "validation_protocol": {
    "kind": "scaffold_cross_validation",
    "fold": 1,
    "folds": 5
  },
  "readout": "differentiable_closed_form_ridge",
  "hyperparameters": {
    "ca_lr": 0.003,
    "ridge": 0.1,
    "ca_l2": 1e-05,
    "gradient_clip": 1.0,
    "update_scale": 0.15,
    "init_scale": 0.5,
    "initial_noise": 0.01,
    "support_fraction": 0.6,
    "bond_temperature": 0.5,
    "dyn_a": 0.2,
    "dyn_b": 0.8,
    "dyn_c": 0.5,
    "dyn_d": 0.05,
    "lr_schedule": "cosine_0.1x"
  }
}
