{"operating_system": "Windows-10-10.0.26200-SP0", "machine": "AMD64", "python": "3.11.16", "python_executable": "C:\\Users\\Anthony\\anaconda3\\envs\\strange-matter-gpu\\python.exe", "pytorch": "2.11.0+cu128", "pytorch_cuda": "12.8", "device": "cuda", "gpu": "NVIDIA GeForce RTX 5070 Ti"}
{"epoch": 1, "train_rmse": 1.1454106140484122, "validation_rmse": 0.8786837458610535, "validation_ma_st_rae": 0.9736152939436454, "validation_CYP1A2_st_rae": 1.2025875698415214, "validation_CYP2C9_st_rae": 0.805493842708896, "validation_CYP2D6_st_rae": 0.9921832422918349, "validation_CYP3A4_st_rae": 0.8941965209323294, "mean_raw_gradient_norm": 23.826448440551758, "fraction_gradients_clipped": 1.0}
{"epoch": 2, "train_rmse": 1.1730631578116328, "validation_rmse": 0.8745064735412598, "validation_ma_st_rae": 0.9803219188501153, "validation_CYP1A2_st_rae": 1.185671182504354, "validation_CYP2C9_st_rae": 0.9251114819355183, "validation_CYP2D6_st_rae": 0.9557414380101606, "validation_CYP3A4_st_rae": 0.8547635729504283, "mean_raw_gradient_norm": 52.369514083862306, "fraction_gradients_clipped": 1.0}
{"epoch": 3, "train_rmse": 1.1860189862030366, "validation_rmse": 0.872564971446991, "validation_ma_st_rae": 0.9819215495154225, "validation_CYP1A2_st_rae": 1.1827672270959309, "validation_CYP2C9_st_rae": 0.9303274145788581, "validation_CYP2D6_st_rae": 0.9539287450635882, "validation_CYP3A4_st_rae": 0.8606628113233128, "mean_raw_gradient_norm": 40.6234130859375, "fraction_gradients_clipped": 1.0}
{
  "seed": 1701,
  "selection_metric": "validation_ma_st_rae",
  "best_validation_ma_st_rae": 0.9736152939436454,
  "best_validation_rmse": 0.8786837458610535,
  "restored_fit_rmse": 0.9678815603256226,
  "restored_validation_rmse": 0.8787133097648621,
  "restored_fit_ma_st_rae": 0.922829186500466,
  "restored_validation_ma_st_rae": 0.9883973432592841,
  "restored_validation_point_ma_st_rae": 0.9735777394638939,
  "restored_validation_point_st_rae_by_cyp": {
    "CYP1A2": 1.202661637717779,
    "CYP2C9": 0.8052584089703178,
    "CYP2D6": 0.9921660806502525,
    "CYP3A4": 0.8942248305172266
  },
  "restored_fit_st_rae_by_cyp": {
    "CYP1A2": 1.0024746009729868,
    "CYP2C9": 0.8571449072713847,
    "CYP2D6": 0.9594475608620573,
    "CYP3A4": 0.8722496768954353
  },
  "restored_validation_st_rae_by_cyp": {
    "CYP1A2": 1.2097662486045886,
    "CYP2C9": 0.828732905537027,
    "CYP2D6": 1.0069973408785662,
    "CYP3A4": 0.9080928780169546
  },
  "validation_bootstrap_metrics": {
    "n_bootstrap_samples": 1000,
    "seed": 0,
    "macro": {
      "st_rae": {
        "mean": 0.9883973432592841,
        "ci_low": 0.8786476517535894,
        "ci_high": 1.111036288257595
      },
      "mae": {
        "mean": 0.6620663443329831,
        "ci_low": 0.5989624390718669,
        "ci_high": 0.7277130791631526
      },
      "r2": {
        "mean": 0.04375038153067024,
        "ci_low": -0.08856959015514564,
        "ci_high": 0.14782136173350444
      },
      "spearman_rho": {
        "mean": 0.32631952145993376,
        "ci_low": 0.2160439624564597,
        "ci_high": 0.43524309472021183
      },
      "kendall_tau": {
        "mean": 0.23308056710253777,
        "ci_low": 0.15408431182119803,
        "ci_high": 0.31098565320819144
      }
    },
    "per_endpoint": {
      "CYP1A2": {
        "st_rae": {
          "mean": 1.2097662486045886,
          "ci_low": 0.9012843973592363,
          "ci_high": 1.5810038402121855
        },
        "mae": {
          "mean": 0.7708256307351785,
          "ci_low": 0.6139293439075596,
          "ci_high": 0.934298594369263
        },
        "r2": {
          "mean": 0.003322337969636481,
          "ci_low": -0.36422391637641544,
          "ci_high": 0.21784650659606752
        },
        "spearman_rho": {
          "mean": 0.3373013393011203,
          "ci_low": 0.09151523710411213,
          "ci_high": 0.5613318778838017
        },
        "kendall_tau": {
          "mean": 0.2349294923381127,
          "ci_low": 0.06303571211700817,
          "ci_high": 0.3915715005691437
        }
      },
      "CYP2C9": {
        "st_rae": {
          "mean": 0.828732905537027,
          "ci_low": 0.6331628685668319,
          "ci_high": 1.04607870906676
        },
        "mae": {
          "mean": 0.5109321762204171,
          "ci_low": 0.3967852239807447,
          "ci_high": 0.6370709909995397
        },
        "r2": {
          "mean": 0.0730887647703175,
          "ci_low": -0.213954734136303,
          "ci_high": 0.3160949649071677
        },
        "spearman_rho": {
          "mean": 0.3586537416262945,
          "ci_low": 0.11909651095216306,
          "ci_high": 0.5928669000287131
        },
        "kendall_tau": {
          "mean": 0.2624615001247669,
          "ci_low": 0.07992693960717574,
          "ci_high": 0.43939247801826725
        }
      },
      "CYP2D6": {
        "st_rae": {
          "mean": 1.0069973408785662,
          "ci_low": 0.8199656649786583,
          "ci_high": 1.2089510077929144
        },
        "mae": {
          "mean": 0.5661804918509263,
          "ci_low": 0.44210475811591515,
          "ci_high": 0.6936388177138109
        },
        "r2": {
          "mean": -0.00030588107697702527,
          "ci_low": -0.272206265459366,
          "ci_high": 0.1764251172630381
        },
        "spearman_rho": {
          "mean": 0.28801266492519506,
          "ci_low": 0.058973237471765735,
          "ci_high": 0.5069870699633533
        },
        "kendall_tau": {
          "mean": 0.21578846367448798,
          "ci_low": 0.05875153560079408,
          "ci_high": 0.3739685635346289
        }
      },
      "CYP3A4": {
        "st_rae": {
          "mean": 0.9080928780169546,
          "ci_low": 0.7974993669752943,
          "ci_high": 1.0551868920435976
        },
        "mae": {
          "mean": 0.8003270785254101,
          "ci_low": 0.6821424295735914,
          "ci_high": 0.9276523163845373
        },
        "r2": {
          "mean": 0.09889630445970399,
          "ci_low": -0.010159361053913117,
          "ci_high": 0.2036051074978187
        },
        "spearman_rho": {
          "mean": 0.32131033998712544,
          "ci_low": 0.10909695960723542,
          "ci_high": 0.5124601983501532
        },
        "kendall_tau": {
          "mean": 0.21914281227278348,
          "ci_low": 0.07074350469872857,
          "ci_high": 0.35176991150442477
        }
      }
    }
  },
  "epochs_run": 3,
  "fit_observations": 806,
  "validation_observations": 272,
  "rule": "fitzhugh_nagumo",
  "generations": 125,
  "hidden_channels": 8,
  "atom_feature_profile": "periodic",
  "atom_feature_count": 33,
  "atom_feature_names": [
    "element_H",
    "element_C",
    "element_N",
    "element_O",
    "element_F",
    "element_P",
    "element_S",
    "element_Cl",
    "element_Br",
    "element_I",
    "element_other",
    "formal_charge",
    "aromatic",
    "hybrid_sp",
    "hybrid_sp2",
    "hybrid_sp3",
    "hybrid_other",
    "degree",
    "total_hydrogens",
    "in_ring",
    "hbond_donor",
    "hbond_acceptor",
    "chiral_cw",
    "chiral_ccw",
    "chiral_other",
    "atomic_number",
    "atomic_mass",
    "covalent_radius",
    "vdw_radius",
    "outer_electrons",
    "period",
    "periodic_group",
    "atomic_volume"
  ],
  "device": "cuda",
  "gpu": "NVIDIA GeForce RTX 5070 Ti",
  "training_seconds": 10.05285259988159,
  "peak_gpu_memory_bytes": 302476288,
  "runtime": {
    "operating_system": "Windows-10-10.0.26200-SP0",
    "machine": "AMD64",
    "python": "3.11.16",
    "python_executable": "C:\\Users\\Anthony\\anaconda3\\envs\\strange-matter-gpu\\python.exe",
    "pytorch": "2.11.0+cu128",
    "pytorch_cuda": "12.8",
    "device": "cuda",
    "gpu": "NVIDIA GeForce RTX 5070 Ti"
  },
  "validation_protocol": {
    "kind": "scaffold_cross_validation",
    "fold": 0,
    "folds": 5
  },
  "readout": "differentiable_closed_form_ridge",
  "prediction_mode": "direct",
  "residual_alpha": null,
  "trajectory_pooling": "legacy",
  "ridge_mode": "shared",
  "loss_mode": "hybrid_interval",
  "interval_loss_beta": 0.5,
  "interval_temperature": 0.02,
  "hyperparameters": {
    "ca_lr": 0.003,
    "ridge": 1.0,
    "ca_l2": 1e-05,
    "gradient_clip": 0.5,
    "update_scale": 0.08,
    "init_scale": 0.5,
    "initial_noise": 0.0,
    "support_fraction": 0.6,
    "bond_temperature": 1.0,
    "dyn_a": 0.8,
    "dyn_b": 0.5,
    "dyn_c": 0.5,
    "dyn_d": 0.15,
    "lr_schedule": "cosine_0.1x"
  }
}
