{"operating_system": "Windows-10-10.0.26200-SP0", "machine": "AMD64", "python": "3.11.16", "python_executable": "C:\\Users\\Anthony\\anaconda3\\envs\\strange-matter-gpu\\python.exe", "pytorch": "2.11.0+cu128", "pytorch_cuda": "12.8", "device": "cuda", "gpu": "NVIDIA GeForce RTX 5070 Ti"}
{"epoch": 1, "train_rmse": 1.086900999557177, "validation_rmse": 0.8459338545799255, "validation_ma_st_rae": 0.8286941272945629, "validation_CYP1A2_st_rae": 0.8701557419279464, "validation_CYP2C9_st_rae": 0.7643992789508023, "validation_CYP2D6_st_rae": 0.9828498674941061, "validation_CYP3A4_st_rae": 0.6973716208053969, "mean_raw_gradient_norm": 7.854244089126587, "fraction_gradients_clipped": 1.0}
{"epoch": 2, "train_rmse": 1.1261242718052116, "validation_rmse": 0.8433135151863098, "validation_ma_st_rae": 0.8282247033520898, "validation_CYP1A2_st_rae": 0.8683027324194305, "validation_CYP2C9_st_rae": 0.7707389725331899, "validation_CYP2D6_st_rae": 0.9798057535998386, "validation_CYP3A4_st_rae": 0.6940513548559004, "mean_raw_gradient_norm": 8.008618764877319, "fraction_gradients_clipped": 1.0}
{"epoch": 3, "train_rmse": 1.1137968786214838, "validation_rmse": 0.8436068296432495, "validation_ma_st_rae": 0.8313010445524311, "validation_CYP1A2_st_rae": 0.8694154148190406, "validation_CYP2C9_st_rae": 0.7735056196447645, "validation_CYP2D6_st_rae": 0.9873250237380351, "validation_CYP3A4_st_rae": 0.6949581200078843, "mean_raw_gradient_norm": 6.518322505950928, "fraction_gradients_clipped": 1.0}
{"epoch": 4, "train_rmse": 1.050304684023812, "validation_rmse": 0.839336633682251, "validation_ma_st_rae": 0.8278314628528436, "validation_CYP1A2_st_rae": 0.8610167410016274, "validation_CYP2C9_st_rae": 0.7683842225227496, "validation_CYP2D6_st_rae": 0.9911961813549567, "validation_CYP3A4_st_rae": 0.6907287065320405, "mean_raw_gradient_norm": 5.491455621719361, "fraction_gradients_clipped": 1.0}
{
  "seed": 2909,
  "selection_metric": "validation_ma_st_rae",
  "best_validation_ma_st_rae": 0.8286941272945629,
  "best_validation_rmse": 0.8459338545799255,
  "restored_fit_rmse": 0.8435782194137573,
  "restored_validation_rmse": 0.845921516418457,
  "restored_fit_ma_st_rae": 0.8468865182657447,
  "restored_validation_ma_st_rae": 0.8317280641875907,
  "restored_validation_point_ma_st_rae": 0.8287194121850545,
  "restored_validation_point_st_rae_by_cyp": {
    "CYP1A2": 0.8702278636448559,
    "CYP2C9": 0.7644948201726033,
    "CYP2D6": 0.9828026226071495,
    "CYP3A4": 0.6973523423156097
  },
  "restored_fit_st_rae_by_cyp": {
    "CYP1A2": 0.8795672565617118,
    "CYP2C9": 0.7580009258169697,
    "CYP2D6": 1.0281994565242094,
    "CYP3A4": 0.7217784341600877
  },
  "restored_validation_st_rae_by_cyp": {
    "CYP1A2": 0.875307816525397,
    "CYP2C9": 0.7680166075601434,
    "CYP2D6": 0.9850289622999421,
    "CYP3A4": 0.69855887036488
  },
  "validation_bootstrap_metrics": {
    "n_bootstrap_samples": 1000,
    "seed": 0,
    "macro": {
      "st_rae": {
        "mean": 0.8317280641875907,
        "ci_low": 0.7826910305003406,
        "ci_high": 0.8836229476113906
      },
      "mae": {
        "mean": 0.6080789706671174,
        "ci_low": 0.5728759445309355,
        "ci_high": 0.6419695578356378
      },
      "r2": {
        "mean": 0.19557798788249806,
        "ci_low": 0.13516324791694825,
        "ci_high": 0.24999985524914664
      },
      "spearman_rho": {
        "mean": 0.4619693789286981,
        "ci_low": 0.4063600286121406,
        "ci_high": 0.5155375362231822
      },
      "kendall_tau": {
        "mean": 0.32537878059343994,
        "ci_low": 0.2847166999264274,
        "ci_high": 0.36420447287929464
      }
    },
    "per_endpoint": {
      "CYP1A2": {
        "st_rae": {
          "mean": 0.875307816525397,
          "ci_low": 0.7635699782017407,
          "ci_high": 0.9921225142075247
        },
        "mae": {
          "mean": 0.6721660957960612,
          "ci_low": 0.5922777210566107,
          "ci_high": 0.7554690741929885
        },
        "r2": {
          "mean": 0.16074306940844355,
          "ci_low": 0.014274723674924715,
          "ci_high": 0.277432558945181
        },
        "spearman_rho": {
          "mean": 0.44029968720254364,
          "ci_low": 0.329625241911018,
          "ci_high": 0.5427886930483843
        },
        "kendall_tau": {
          "mean": 0.3051464541774124,
          "ci_low": 0.22276589446215794,
          "ci_high": 0.3792604076813903
        }
      },
      "CYP2C9": {
        "st_rae": {
          "mean": 0.7680166075601434,
          "ci_low": 0.6563255745292744,
          "ci_high": 0.8981235244088249
        },
        "mae": {
          "mean": 0.4704343864197778,
          "ci_low": 0.4175583400348626,
          "ci_high": 0.5236221059419142
        },
        "r2": {
          "mean": 0.28874276764488316,
          "ci_low": 0.1783249044362129,
          "ci_high": 0.3910919852479888
        },
        "spearman_rho": {
          "mean": 0.4908475945708275,
          "ci_low": 0.3723383713921693,
          "ci_high": 0.5981009485405191
        },
        "kendall_tau": {
          "mean": 0.3416888679687977,
          "ci_low": 0.25291168858662255,
          "ci_high": 0.42509073625519694
        }
      },
      "CYP2D6": {
        "st_rae": {
          "mean": 0.9850289622999421,
          "ci_low": 0.9015976446698757,
          "ci_high": 1.0678845958407441
        },
        "mae": {
          "mean": 0.6164019993772674,
          "ci_low": 0.5302196675122565,
          "ci_high": 0.6975153461814447
        },
        "r2": {
          "mean": -0.0011696535450245807,
          "ci_low": -0.098902049550906,
          "ci_high": 0.09197980984027983
        },
        "spearman_rho": {
          "mean": 0.29545884839976333,
          "ci_low": 0.1673308132984881,
          "ci_high": 0.41264337920023325
        },
        "kendall_tau": {
          "mean": 0.2046280851933226,
          "ci_low": 0.11762779780675385,
          "ci_high": 0.28708613725435733
        }
      },
      "CYP3A4": {
        "st_rae": {
          "mean": 0.69855887036488,
          "ci_low": 0.6257292876697773,
          "ci_high": 0.7732466008779185
        },
        "mae": {
          "mean": 0.6733134010753631,
          "ci_low": 0.6207132057348886,
          "ci_high": 0.7253412964502971
        },
        "r2": {
          "mean": 0.33399576802169006,
          "ci_low": 0.20568548101639175,
          "ci_high": 0.43342046688838937
        },
        "spearman_rho": {
          "mean": 0.6212713855416581,
          "ci_low": 0.5468559927241552,
          "ci_high": 0.6919857335319264
        },
        "kendall_tau": {
          "mean": 0.4500517150342272,
          "ci_low": 0.39462901050630805,
          "ci_high": 0.5090933155611989
        }
      }
    }
  },
  "epochs_run": 4,
  "fit_observations": 4177,
  "validation_observations": 1039,
  "rule": "kuramoto_sakaguchi",
  "generations": 32,
  "hidden_channels": 16,
  "atom_feature_profile": "periodic",
  "atom_feature_count": 33,
  "atom_feature_names": [
    "element_H",
    "element_C",
    "element_N",
    "element_O",
    "element_F",
    "element_P",
    "element_S",
    "element_Cl",
    "element_Br",
    "element_I",
    "element_other",
    "formal_charge",
    "aromatic",
    "hybrid_sp",
    "hybrid_sp2",
    "hybrid_sp3",
    "hybrid_other",
    "degree",
    "total_hydrogens",
    "in_ring",
    "hbond_donor",
    "hbond_acceptor",
    "chiral_cw",
    "chiral_ccw",
    "chiral_other",
    "atomic_number",
    "atomic_mass",
    "covalent_radius",
    "vdw_radius",
    "outer_electrons",
    "period",
    "periodic_group",
    "atomic_volume"
  ],
  "device": "cuda",
  "gpu": "NVIDIA GeForce RTX 5070 Ti",
  "training_seconds": 21.272918800008483,
  "peak_gpu_memory_bytes": 244109312,
  "runtime": {
    "operating_system": "Windows-10-10.0.26200-SP0",
    "machine": "AMD64",
    "python": "3.11.16",
    "python_executable": "C:\\Users\\Anthony\\anaconda3\\envs\\strange-matter-gpu\\python.exe",
    "pytorch": "2.11.0+cu128",
    "pytorch_cuda": "12.8",
    "device": "cuda",
    "gpu": "NVIDIA GeForce RTX 5070 Ti"
  },
  "validation_protocol": {
    "kind": "scaffold_cross_validation",
    "fold": 2,
    "folds": 5
  },
  "readout": "differentiable_closed_form_ridge",
  "hyperparameters": {
    "ca_lr": 0.001,
    "ridge": 0.1,
    "ca_l2": 1e-06,
    "gradient_clip": 2.0,
    "update_scale": 0.08,
    "init_scale": 0.5,
    "initial_noise": 0.005,
    "support_fraction": 0.85,
    "bond_temperature": 1.0,
    "dyn_a": 0.5,
    "dyn_b": 0.2,
    "dyn_c": 0.5,
    "dyn_d": 0.05,
    "lr_schedule": "cosine_0.1x"
  }
}
