{"operating_system": "macOS-26.2-arm64-arm-64bit", "machine": "arm64", "python": "3.10.19", "python_executable": "/opt/anaconda3/envs/kcc2/bin/python3.10", "pytorch": "2.8.0", "pytorch_cuda": null, "device": "cpu", "gpu": null}
{"epoch": 1, "train_rmse": 1.2823397399529044, "validation_rmse": 1.0492184162139893, "mean_raw_gradient_norm": 37.686618304252626, "fraction_gradients_clipped": 1.0}
{"epoch": 2, "train_rmse": 1.188455205398572, "validation_rmse": 1.0617495775222778, "mean_raw_gradient_norm": 17.72669084072113, "fraction_gradients_clipped": 1.0}
{"epoch": 3, "train_rmse": 1.305359095040573, "validation_rmse": 1.0480191707611084, "mean_raw_gradient_norm": 13.020796251296996, "fraction_gradients_clipped": 1.0}
{
  "seed": 1701,
  "best_validation_rmse": 1.0492184162139893,
  "restored_fit_rmse": 0.9952948689460754,
  "restored_validation_rmse": 1.0492184162139893,
  "epochs_run": 3,
  "fit_observations": 791,
  "validation_observations": 273,
  "rule": "conservative_graph_flux",
  "generations": 32,
  "hidden_channels": 4,
  "device": "cpu",
  "gpu": null,
  "training_seconds": 2.516772291972302,
  "peak_gpu_memory_bytes": 0,
  "runtime": {
    "operating_system": "macOS-26.2-arm64-arm-64bit",
    "machine": "arm64",
    "python": "3.10.19",
    "python_executable": "/opt/anaconda3/envs/kcc2/bin/python3.10",
    "pytorch": "2.8.0",
    "pytorch_cuda": null,
    "device": "cpu",
    "gpu": null
  },
  "readout": "differentiable_closed_form_ridge",
  "hyperparameters": {
    "ca_lr": 0.0003,
    "ridge": 0.01,
    "ca_l2": 1e-05,
    "gradient_clip": 2.0,
    "update_scale": 0.08,
    "init_scale": 1.5,
    "initial_noise": 0.0,
    "support_fraction": 0.6,
    "bond_temperature": 0.5,
    "dyn_a": 0.2,
    "dyn_b": 0.8,
    "dyn_c": 0.2,
    "dyn_d": 0.15,
    "lr_schedule": "cosine_0.1x"
  }
}
