{"operating_system": "macOS-26.2-arm64-arm-64bit", "machine": "arm64", "python": "3.10.19", "python_executable": "/opt/anaconda3/envs/kcc2/bin/python3.10", "pytorch": "2.8.0", "pytorch_cuda": null, "device": "cpu", "gpu": null}
{"epoch": 1, "train_rmse": 1.2098755254797935, "validation_rmse": 0.9446433782577515, "mean_raw_gradient_norm": 11.011017829179764, "fraction_gradients_clipped": 1.0}
{"epoch": 2, "train_rmse": 1.208046966064344, "validation_rmse": 0.9431836605072021, "mean_raw_gradient_norm": 7.858675301074982, "fraction_gradients_clipped": 1.0}
{"epoch": 3, "train_rmse": 1.2044571754904787, "validation_rmse": 0.9419736266136169, "mean_raw_gradient_norm": 8.082214951515198, "fraction_gradients_clipped": 1.0}
{"epoch": 4, "train_rmse": 1.1849212252984997, "validation_rmse": 0.9427879452705383, "mean_raw_gradient_norm": 11.14058668911457, "fraction_gradients_clipped": 1.0}
{
  "seed": 1701,
  "best_validation_rmse": 0.9446433782577515,
  "restored_fit_rmse": 0.8652953505516052,
  "restored_validation_rmse": 0.9446433782577515,
  "epochs_run": 4,
  "fit_observations": 2643,
  "validation_observations": 670,
  "rule": "delayed_memory",
  "generations": 16,
  "hidden_channels": 16,
  "device": "cpu",
  "gpu": null,
  "training_seconds": 10.572969750035554,
  "peak_gpu_memory_bytes": 0,
  "runtime": {
    "operating_system": "macOS-26.2-arm64-arm-64bit",
    "machine": "arm64",
    "python": "3.10.19",
    "python_executable": "/opt/anaconda3/envs/kcc2/bin/python3.10",
    "pytorch": "2.8.0",
    "pytorch_cuda": null,
    "device": "cpu",
    "gpu": null
  },
  "readout": "differentiable_closed_form_ridge",
  "hyperparameters": {
    "ca_lr": 0.0003,
    "ridge": 0.1,
    "ca_l2": 0.0001,
    "gradient_clip": 1.0,
    "update_scale": 0.25,
    "init_scale": 0.5,
    "initial_noise": 0.01,
    "support_fraction": 0.6,
    "bond_temperature": 2.0,
    "dyn_a": 0.5,
    "dyn_b": 0.8,
    "dyn_c": 0.8,
    "dyn_d": 0.3,
    "lr_schedule": "cosine_0.1x"
  }
}
