{"operating_system": "Windows-10-10.0.26200-SP0", "machine": "AMD64", "python": "3.11.16", "python_executable": "C:\\Users\\Anthony\\anaconda3\\envs\\strange-matter-gpu\\python.exe", "pytorch": "2.11.0+cu128", "pytorch_cuda": "12.8", "device": "cuda", "gpu": "NVIDIA GeForce RTX 5070 Ti"}
{"epoch": 1, "train_rmse": 1.0803760715016695, "validation_rmse": 0.8053928017616272, "validation_ma_st_rae": 0.8619434623405245, "validation_CYP1A2_st_rae": 0.8994987572694287, "validation_CYP2C9_st_rae": 0.8247069954849569, "validation_CYP2D6_st_rae": 0.9765538917388663, "validation_CYP3A4_st_rae": 0.7470142048688465, "mean_raw_gradient_norm": 5.358274211883545, "fraction_gradients_clipped": 1.0}
{"epoch": 2, "train_rmse": 1.0225463165691153, "validation_rmse": 0.7961997985839844, "validation_ma_st_rae": 0.8627321754958298, "validation_CYP1A2_st_rae": 0.8895964231819229, "validation_CYP2C9_st_rae": 0.8445113454907348, "validation_CYP2D6_st_rae": 0.9882562406242824, "validation_CYP3A4_st_rae": 0.728564692686379, "mean_raw_gradient_norm": 5.147546110153198, "fraction_gradients_clipped": 1.0}
{"epoch": 3, "train_rmse": 1.06190776284774, "validation_rmse": 0.8000317215919495, "validation_ma_st_rae": 0.8651955258834432, "validation_CYP1A2_st_rae": 0.8826785240060953, "validation_CYP2C9_st_rae": 0.8506811674275735, "validation_CYP2D6_st_rae": 0.9920649560548271, "validation_CYP3A4_st_rae": 0.7353574560452769, "mean_raw_gradient_norm": 4.821128835678101, "fraction_gradients_clipped": 1.0}
{"epoch": 4, "train_rmse": 1.0180743306267817, "validation_rmse": 0.7902213335037231, "validation_ma_st_rae": 0.8495002483574261, "validation_CYP1A2_st_rae": 0.8576793098003226, "validation_CYP2C9_st_rae": 0.82222215593956, "validation_CYP2D6_st_rae": 1.0022985345241977, "validation_CYP3A4_st_rae": 0.715800993165624, "mean_raw_gradient_norm": 3.7578726196289063, "fraction_gradients_clipped": 1.0}
{"epoch": 5, "train_rmse": 1.0135568094232899, "validation_rmse": 0.7943097352981567, "validation_ma_st_rae": 0.8550593231475666, "validation_CYP1A2_st_rae": 0.8674072586487298, "validation_CYP2C9_st_rae": 0.8331239721431263, "validation_CYP2D6_st_rae": 0.9971021288752041, "validation_CYP3A4_st_rae": 0.7226039329232062, "mean_raw_gradient_norm": 3.4571794271469116, "fraction_gradients_clipped": 0.88}
{"epoch": 6, "train_rmse": 0.9813460491208522, "validation_rmse": 0.7922650575637817, "validation_ma_st_rae": 0.8511038564179746, "validation_CYP1A2_st_rae": 0.8763228290268538, "validation_CYP2C9_st_rae": 0.8031672790787536, "validation_CYP2D6_st_rae": 1.0010181486474061, "validation_CYP3A4_st_rae": 0.7239071689188846, "mean_raw_gradient_norm": 3.51137806892395, "fraction_gradients_clipped": 0.92}
{"epoch": 7, "train_rmse": 1.0035406742616886, "validation_rmse": 0.7922340035438538, "validation_ma_st_rae": 0.8467778353822208, "validation_CYP1A2_st_rae": 0.871550764616703, "validation_CYP2C9_st_rae": 0.7974650904474896, "validation_CYP2D6_st_rae": 0.9878057829796791, "validation_CYP3A4_st_rae": 0.7302897034850113, "mean_raw_gradient_norm": 3.1405903720855712, "fraction_gradients_clipped": 1.0}
{
  "seed": 2909,
  "selection_metric": "validation_ma_st_rae",
  "best_validation_ma_st_rae": 0.8495002483574261,
  "best_validation_rmse": 0.7902213335037231,
  "restored_fit_rmse": 0.8518844246864319,
  "restored_validation_rmse": 0.7902215719223022,
  "restored_fit_ma_st_rae": 0.840973626276087,
  "restored_validation_ma_st_rae": 0.8526867690246411,
  "restored_validation_point_ma_st_rae": 0.8495047913389009,
  "restored_validation_point_st_rae_by_cyp": {
    "CYP1A2": 0.8576837527837577,
    "CYP2C9": 0.8222227598010182,
    "CYP2D6": 1.0023132278553224,
    "CYP3A4": 0.7157994249155051
  },
  "restored_fit_st_rae_by_cyp": {
    "CYP1A2": 0.8731938102293398,
    "CYP2C9": 0.7738041694573794,
    "CYP2D6": 1.0028188649702332,
    "CYP3A4": 0.7140776604473954
  },
  "restored_validation_st_rae_by_cyp": {
    "CYP1A2": 0.85925687144673,
    "CYP2C9": 0.8274848844115537,
    "CYP2D6": 1.0065998161534877,
    "CYP3A4": 0.7174055040867934
  },
  "validation_bootstrap_metrics": {
    "n_bootstrap_samples": 1000,
    "seed": 0,
    "macro": {
      "st_rae": {
        "mean": 0.8526867690246411,
        "ci_low": 0.8012037670706605,
        "ci_high": 0.913167681947444
      },
      "mae": {
        "mean": 0.5841843196929429,
        "ci_low": 0.5530190325776615,
        "ci_high": 0.6149222483089222
      },
      "r2": {
        "mean": 0.20775607255140915,
        "ci_low": 0.14922042188802737,
        "ci_high": 0.26079613363900733
      },
      "spearman_rho": {
        "mean": 0.48194008318078546,
        "ci_low": 0.42523531229124234,
        "ci_high": 0.530724369946969
      },
      "kendall_tau": {
        "mean": 0.34149240323740765,
        "ci_low": 0.3003036273854474,
        "ci_high": 0.3774197756797559
      }
    },
    "per_endpoint": {
      "CYP1A2": {
        "st_rae": {
          "mean": 0.85925687144673,
          "ci_low": 0.7524335460895168,
          "ci_high": 0.9812916227554985
        },
        "mae": {
          "mean": 0.6011878576316276,
          "ci_low": 0.528201074388113,
          "ci_high": 0.6807442524680146
        },
        "r2": {
          "mean": 0.19758226483546396,
          "ci_low": 0.07830606197771113,
          "ci_high": 0.30466647398902313
        },
        "spearman_rho": {
          "mean": 0.49095599088447167,
          "ci_low": 0.37805955399519725,
          "ci_high": 0.5944175490118087
        },
        "kendall_tau": {
          "mean": 0.3486008619205206,
          "ci_low": 0.26421017708140293,
          "ci_high": 0.42758648299525664
        }
      },
      "CYP2C9": {
        "st_rae": {
          "mean": 0.8274848844115537,
          "ci_low": 0.7043663021355996,
          "ci_high": 0.9725512354669754
        },
        "mae": {
          "mean": 0.5095013238504735,
          "ci_low": 0.45652352799468326,
          "ci_high": 0.566319402461777
        },
        "r2": {
          "mean": 0.2237409962696491,
          "ci_low": 0.10039568754540108,
          "ci_high": 0.33392508790620734
        },
        "spearman_rho": {
          "mean": 0.4710862425357383,
          "ci_low": 0.35645200182489634,
          "ci_high": 0.5756350573346598
        },
        "kendall_tau": {
          "mean": 0.33209521797829633,
          "ci_low": 0.24592566899205393,
          "ci_high": 0.4128170369159837
        }
      },
      "CYP2D6": {
        "st_rae": {
          "mean": 1.0065998161534877,
          "ci_low": 0.9134958651032421,
          "ci_high": 1.1096962063541531
        },
        "mae": {
          "mean": 0.5584985977635424,
          "ci_low": 0.5006150260440305,
          "ci_high": 0.6277436402363655
        },
        "r2": {
          "mean": 0.04252273074929246,
          "ci_low": -0.07885355548357706,
          "ci_high": 0.14620373838947082
        },
        "spearman_rho": {
          "mean": 0.341249430748432,
          "ci_low": 0.214051075630614,
          "ci_high": 0.4569282615526918
        },
        "kendall_tau": {
          "mean": 0.22991916336679918,
          "ci_low": 0.14296375881799592,
          "ci_high": 0.31077855441624663
        }
      },
      "CYP3A4": {
        "st_rae": {
          "mean": 0.7174055040867934,
          "ci_low": 0.6380399654960898,
          "ci_high": 0.8050425477464858
        },
        "mae": {
          "mean": 0.6675494995261286,
          "ci_low": 0.6145864840392228,
          "ci_high": 0.7184432288365705
        },
        "r2": {
          "mean": 0.3671782983512311,
          "ci_low": 0.26612255694048975,
          "ci_high": 0.44725434399693664
        },
        "spearman_rho": {
          "mean": 0.6244686685545,
          "ci_low": 0.5469197132210295,
          "ci_high": 0.6912986195968025
        },
        "kendall_tau": {
          "mean": 0.4553543696840145,
          "ci_low": 0.39419397662404076,
          "ci_high": 0.5107309957607241
        }
      }
    }
  },
  "epochs_run": 7,
  "fit_observations": 4179,
  "validation_observations": 1037,
  "rule": "delayed_memory",
  "generations": 64,
  "hidden_channels": 16,
  "atom_feature_profile": "periodic_valence",
  "atom_feature_count": 38,
  "atom_feature_names": [
    "element_H",
    "element_C",
    "element_N",
    "element_O",
    "element_F",
    "element_P",
    "element_S",
    "element_Cl",
    "element_Br",
    "element_I",
    "element_other",
    "formal_charge",
    "aromatic",
    "hybrid_sp",
    "hybrid_sp2",
    "hybrid_sp3",
    "hybrid_other",
    "degree",
    "total_hydrogens",
    "in_ring",
    "hbond_donor",
    "hbond_acceptor",
    "chiral_cw",
    "chiral_ccw",
    "chiral_other",
    "atomic_number",
    "atomic_mass",
    "covalent_radius",
    "vdw_radius",
    "outer_electrons",
    "period",
    "periodic_group",
    "atomic_volume",
    "total_valence",
    "implicit_valence",
    "heavy_atom_degree",
    "radical_electrons",
    "absolute_formal_charge"
  ],
  "device": "cuda",
  "gpu": "NVIDIA GeForce RTX 5070 Ti",
  "training_seconds": 50.32674910011701,
  "peak_gpu_memory_bytes": 310900736,
  "runtime": {
    "operating_system": "Windows-10-10.0.26200-SP0",
    "machine": "AMD64",
    "python": "3.11.16",
    "python_executable": "C:\\Users\\Anthony\\anaconda3\\envs\\strange-matter-gpu\\python.exe",
    "pytorch": "2.11.0+cu128",
    "pytorch_cuda": "12.8",
    "device": "cuda",
    "gpu": "NVIDIA GeForce RTX 5070 Ti"
  },
  "validation_protocol": {
    "kind": "scaffold_cross_validation",
    "fold": 0,
    "folds": 5
  },
  "readout": "differentiable_closed_form_ridge",
  "prediction_mode": "direct",
  "residual_alpha": null,
  "trajectory_pooling": "legacy",
  "ridge_mode": "shared",
  "loss_mode": "mse",
  "interval_loss_beta": 0.0,
  "interval_temperature": 0.1,
  "hyperparameters": {
    "ca_lr": 0.003,
    "ridge": 1.0,
    "ca_l2": 1e-06,
    "gradient_clip": 2.0,
    "update_scale": 0.08,
    "init_scale": 1.0,
    "initial_noise": 0.01,
    "support_fraction": 0.6,
    "bond_temperature": 0.5,
    "dyn_a": 0.2,
    "dyn_b": 0.2,
    "dyn_c": 0.8,
    "dyn_d": 0.05,
    "lr_schedule": "cosine_0.1x"
  }
}
