{"device": "cuda", "gpu": "NVIDIA GeForce RTX 5070 Ti", "pytorch": "2.11.0+cu128", "pytorch_cuda": "12.8"}
{"epoch": 1, "train_rmse": 2.420722664621901, "validation_rmse": 1.014054775238037, "mean_raw_gradient_norm": 275.45891335136014, "fraction_gradients_clipped": 1.0}
{"epoch": 2, "train_rmse": 2.0223923876180265, "validation_rmse": 1.0111057758331299, "mean_raw_gradient_norm": 137.09421012276098, "fraction_gradients_clipped": 1.0}
{"epoch": 3, "train_rmse": 1.9668874904856595, "validation_rmse": 1.0131711959838867, "mean_raw_gradient_norm": 147.17229963603774, "fraction_gradients_clipped": 1.0}
{
  "seed": 1701,
  "best_validation_rmse": 1.014054775238037,
  "restored_fit_rmse": 0.8950029611587524,
  "restored_validation_rmse": 1.014064908027649,
  "epochs_run": 3,
  "fit_observations": 791,
  "validation_observations": 273,
  "rule": "gated_residual",
  "generations": 125,
  "hidden_channels": 8,
  "device": "cuda",
  "gpu": "NVIDIA GeForce RTX 5070 Ti",
  "training_seconds": 23.06600140000228,
  "peak_gpu_memory_bytes": 57537024,
  "readout": "differentiable_closed_form_ridge",
  "hyperparameters": {
    "ca_lr": 0.001,
    "ridge": 0.01,
    "ca_l2": 1e-05,
    "gradient_clip": 1.0
  }
}
