{"operating_system": "macOS-26.2-arm64-arm-64bit", "machine": "arm64", "python": "3.10.19", "python_executable": "/opt/anaconda3/envs/kcc2/bin/python3.10", "pytorch": "2.8.0", "pytorch_cuda": null, "device": "cpu", "gpu": null}
{"epoch": 1, "train_rmse": 1.864510304600541, "validation_rmse": 0.9637193083763123, "mean_raw_gradient_norm": 99.99431532813657, "fraction_gradients_clipped": 1.0}
{"epoch": 2, "train_rmse": 4.137040987065539, "validation_rmse": 0.9637996554374695, "mean_raw_gradient_norm": 2024.4189590830956, "fraction_gradients_clipped": 1.0}
{"epoch": 3, "train_rmse": 1.378007801582112, "validation_rmse": 0.9725306034088135, "mean_raw_gradient_norm": 12.128252140937313, "fraction_gradients_clipped": 1.0}
{"epoch": 4, "train_rmse": 1.554979929858705, "validation_rmse": 0.9550547003746033, "mean_raw_gradient_norm": 22.632047830089444, "fraction_gradients_clipped": 1.0}
{"epoch": 5, "train_rmse": 1.3870057760431729, "validation_rmse": 0.9615862369537354, "mean_raw_gradient_norm": 12.895046057239655, "fraction_gradients_clipped": 1.0}
{"epoch": 6, "train_rmse": 7.256961171993781, "validation_rmse": 0.9602048993110657, "mean_raw_gradient_norm": 3047.5697585613498, "fraction_gradients_clipped": 1.0}
{"epoch": 7, "train_rmse": 2.289011708462777, "validation_rmse": 0.9716730117797852, "mean_raw_gradient_norm": 448.8338807475182, "fraction_gradients_clipped": 1.0}
{"epoch": 8, "train_rmse": 1.387842182732596, "validation_rmse": 0.9664580225944519, "mean_raw_gradient_norm": 13.850791585060858, "fraction_gradients_clipped": 1.0}
{
  "seed": 4211,
  "best_validation_rmse": 0.9550547003746033,
  "restored_fit_rmse": 0.8970281481742859,
  "restored_validation_rmse": 0.9550547003746033,
  "epochs_run": 8,
  "fit_observations": 5216,
  "validation_observations": 1309,
  "rule": "kuramoto_sakaguchi",
  "generations": 64,
  "hidden_channels": 8,
  "device": "cpu",
  "gpu": null,
  "training_seconds": 161.4297167500481,
  "peak_gpu_memory_bytes": 0,
  "runtime": {
    "operating_system": "macOS-26.2-arm64-arm-64bit",
    "machine": "arm64",
    "python": "3.10.19",
    "python_executable": "/opt/anaconda3/envs/kcc2/bin/python3.10",
    "pytorch": "2.8.0",
    "pytorch_cuda": null,
    "device": "cpu",
    "gpu": null
  },
  "readout": "differentiable_closed_form_ridge",
  "hyperparameters": {
    "ca_lr": 0.001,
    "ridge": 0.1,
    "ca_l2": 1e-05,
    "gradient_clip": 1.0,
    "update_scale": 0.25,
    "init_scale": 1.0,
    "initial_noise": 0.0,
    "support_fraction": 0.75,
    "bond_temperature": 1.0,
    "dyn_a": 0.5,
    "dyn_b": 0.5,
    "dyn_c": 0.5,
    "dyn_d": 0.2,
    "lr_schedule": "cosine_0.1x"
  }
}
