{"operating_system": "Windows-10-10.0.26200-SP0", "machine": "AMD64", "python": "3.11.16", "python_executable": "C:\\Users\\Anthony\\anaconda3\\envs\\strange-matter-gpu\\python.exe", "pytorch": "2.11.0+cu128", "pytorch_cuda": "12.8", "device": "cuda", "gpu": "NVIDIA GeForce RTX 5070 Ti"}
{"epoch": 1, "train_rmse": 1.235929066344471, "validation_rmse": 0.7954569458961487, "validation_ma_st_rae": 0.8548230491622993, "validation_CYP1A2_st_rae": 0.8801131878194549, "validation_CYP2C9_st_rae": 0.734933407024555, "validation_CYP2D6_st_rae": 1.058011678970388, "validation_CYP3A4_st_rae": 0.7462339228347993, "mean_raw_gradient_norm": 9.216907113790512, "fraction_gradients_clipped": 1.0}
{"epoch": 2, "train_rmse": 1.2366101524481259, "validation_rmse": 0.7970412969589233, "validation_ma_st_rae": 0.8496641035477165, "validation_CYP1A2_st_rae": 0.8471825634832847, "validation_CYP2C9_st_rae": 0.7148858461625415, "validation_CYP2D6_st_rae": 1.0651208631740765, "validation_CYP3A4_st_rae": 0.7714671413709634, "mean_raw_gradient_norm": 10.415158092975616, "fraction_gradients_clipped": 1.0}
{"epoch": 3, "train_rmse": 1.1662935417175695, "validation_rmse": 0.7906197905540466, "validation_ma_st_rae": 0.8390641700258823, "validation_CYP1A2_st_rae": 0.848665356540185, "validation_CYP2C9_st_rae": 0.6865579548119848, "validation_CYP2D6_st_rae": 1.06115561946832, "validation_CYP3A4_st_rae": 0.7598777492830397, "mean_raw_gradient_norm": 6.395746737718582, "fraction_gradients_clipped": 1.0}
{"epoch": 4, "train_rmse": 1.1472052117123344, "validation_rmse": 0.7865354418754578, "validation_ma_st_rae": 0.8357597451841302, "validation_CYP1A2_st_rae": 0.852135923609577, "validation_CYP2C9_st_rae": 0.6900282353390912, "validation_CYP2D6_st_rae": 1.0467527725770664, "validation_CYP3A4_st_rae": 0.7541220492107862, "mean_raw_gradient_norm": 7.425623863935471, "fraction_gradients_clipped": 1.0}
{"epoch": 5, "train_rmse": 1.201187238528474, "validation_rmse": 0.7850348353385925, "validation_ma_st_rae": 0.8350690530594589, "validation_CYP1A2_st_rae": 0.8524782987320642, "validation_CYP2C9_st_rae": 0.6901517935132181, "validation_CYP2D6_st_rae": 1.0452627907383691, "validation_CYP3A4_st_rae": 0.752383329254184, "mean_raw_gradient_norm": 5.408968426287174, "fraction_gradients_clipped": 1.0}
{
  "seed": 1701,
  "selection_metric": "validation_ma_st_rae",
  "best_validation_ma_st_rae": 0.8357597451841302,
  "best_validation_rmse": 0.7865354418754578,
  "restored_fit_rmse": 0.8419249653816223,
  "restored_validation_rmse": 0.7865426540374756,
  "restored_fit_ma_st_rae": 0.8376364914666913,
  "restored_validation_ma_st_rae": 0.8398335585693613,
  "restored_validation_point_ma_st_rae": 0.8357507638053909,
  "restored_validation_point_st_rae_by_cyp": {
    "CYP1A2": 0.852087560178341,
    "CYP2C9": 0.6900330714928976,
    "CYP2D6": 1.0467307425396033,
    "CYP3A4": 0.7541516810107216
  },
  "restored_fit_st_rae_by_cyp": {
    "CYP1A2": 0.857211011013958,
    "CYP2C9": 0.8003154077722113,
    "CYP2D6": 1.0034701245765134,
    "CYP3A4": 0.6895494225040825
  },
  "restored_validation_st_rae_by_cyp": {
    "CYP1A2": 0.8545427058546838,
    "CYP2C9": 0.6953688526748174,
    "CYP2D6": 1.0524496011725937,
    "CYP3A4": 0.7569730745753496
  },
  "validation_bootstrap_metrics": {
    "n_bootstrap_samples": 1000,
    "seed": 0,
    "macro": {
      "st_rae": {
        "mean": 0.8398335585693613,
        "ci_low": 0.7751981095909886,
        "ci_high": 0.9088541354961926
      },
      "mae": {
        "mean": 0.5836200733136041,
        "ci_low": 0.5459503522804224,
        "ci_high": 0.625279399477829
      },
      "r2": {
        "mean": 0.21892403127462556,
        "ci_low": 0.15573535321466103,
        "ci_high": 0.2777259785857771
      },
      "spearman_rho": {
        "mean": 0.49174990134987273,
        "ci_low": 0.42841991992294787,
        "ci_high": 0.5551437310164788
      },
      "kendall_tau": {
        "mean": 0.3515610428454677,
        "ci_low": 0.30263969407893365,
        "ci_high": 0.40152679287335885
      }
    },
    "per_endpoint": {
      "CYP1A2": {
        "st_rae": {
          "mean": 0.8545427058546838,
          "ci_low": 0.7235913239045646,
          "ci_high": 0.9963857966645844
        },
        "mae": {
          "mean": 0.606592454133739,
          "ci_low": 0.5094980303670319,
          "ci_high": 0.7132975571801965
        },
        "r2": {
          "mean": 0.21533669784132936,
          "ci_low": 0.09212541881912148,
          "ci_high": 0.3253206406622575
        },
        "spearman_rho": {
          "mean": 0.5539090056754389,
          "ci_low": 0.41840299800576236,
          "ci_high": 0.6675201206007462
        },
        "kendall_tau": {
          "mean": 0.3962440704389691,
          "ci_low": 0.2963141204353271,
          "ci_high": 0.48637783548001695
        }
      },
      "CYP2C9": {
        "st_rae": {
          "mean": 0.6953688526748174,
          "ci_low": 0.5443885152765261,
          "ci_high": 0.8528174482367115
        },
        "mae": {
          "mean": 0.5014277887918653,
          "ci_low": 0.4334494993634468,
          "ci_high": 0.5748481014784236
        },
        "r2": {
          "mean": 0.3254886984728678,
          "ci_low": 0.1991949002388541,
          "ci_high": 0.4313622932998836
        },
        "spearman_rho": {
          "mean": 0.5249445054928131,
          "ci_low": 0.3717267101454033,
          "ci_high": 0.6625518336433667
        },
        "kendall_tau": {
          "mean": 0.3797082463788106,
          "ci_low": 0.26243778402943085,
          "ci_high": 0.49254568759653955
        }
      },
      "CYP2D6": {
        "st_rae": {
          "mean": 1.0524496011725937,
          "ci_low": 0.9338593212110479,
          "ci_high": 1.1829033275066776
        },
        "mae": {
          "mean": 0.5573632319048516,
          "ci_low": 0.4745546280213122,
          "ci_high": 0.6413561174329722
        },
        "r2": {
          "mean": -0.055061196291870104,
          "ci_low": -0.24736784667789993,
          "ci_high": 0.09119302178361925
        },
        "spearman_rho": {
          "mean": 0.27339905641101064,
          "ci_low": 0.12210260709377209,
          "ci_high": 0.41834597851091515
        },
        "kendall_tau": {
          "mean": 0.18680249837953602,
          "ci_low": 0.08281817828830494,
          "ci_high": 0.2867380677877631
        }
      },
      "CYP3A4": {
        "st_rae": {
          "mean": 0.7569730745753496,
          "ci_low": 0.6440490402639985,
          "ci_high": 0.8662052685169895
        },
        "mae": {
          "mean": 0.6690968184239608,
          "ci_low": 0.6092987378150964,
          "ci_high": 0.728789897053695
        },
        "r2": {
          "mean": 0.38993192507617513,
          "ci_low": 0.2974063489546388,
          "ci_high": 0.4779010082384882
        },
        "spearman_rho": {
          "mean": 0.6147470378202287,
          "ci_low": 0.5296420082309654,
          "ci_high": 0.6984029454949799
        },
        "kendall_tau": {
          "mean": 0.44348935618455515,
          "ci_low": 0.37546624730523503,
          "ci_high": 0.5124734354020347
        }
      }
    }
  },
  "epochs_run": 5,
  "fit_observations": 2652,
  "validation_observations": 680,
  "rule": "gated_residual",
  "generations": 64,
  "hidden_channels": 16,
  "atom_feature_profile": "local_environment",
  "atom_feature_count": 29,
  "atom_feature_names": [
    "element_H",
    "element_C",
    "element_N",
    "element_O",
    "element_F",
    "element_P",
    "element_S",
    "element_Cl",
    "element_Br",
    "element_I",
    "element_other",
    "formal_charge",
    "aromatic",
    "hybrid_sp",
    "hybrid_sp2",
    "hybrid_sp3",
    "hybrid_other",
    "degree",
    "total_hydrogens",
    "in_ring",
    "hbond_donor",
    "hbond_acceptor",
    "chiral_cw",
    "chiral_ccw",
    "chiral_other",
    "mean_neighbour_electronegativity",
    "electronegativity_difference",
    "mean_neighbour_atomic_number",
    "neighbour_formal_charge"
  ],
  "device": "cuda",
  "gpu": "NVIDIA GeForce RTX 5070 Ti",
  "training_seconds": 25.13467669999227,
  "peak_gpu_memory_bytes": 409182720,
  "runtime": {
    "operating_system": "Windows-10-10.0.26200-SP0",
    "machine": "AMD64",
    "python": "3.11.16",
    "python_executable": "C:\\Users\\Anthony\\anaconda3\\envs\\strange-matter-gpu\\python.exe",
    "pytorch": "2.11.0+cu128",
    "pytorch_cuda": "12.8",
    "device": "cuda",
    "gpu": "NVIDIA GeForce RTX 5070 Ti"
  },
  "validation_protocol": {
    "kind": "scaffold_cross_validation",
    "fold": 0,
    "folds": 5
  },
  "readout": "differentiable_closed_form_ridge",
  "hyperparameters": {
    "ca_lr": 0.003,
    "ridge": 0.1,
    "ca_l2": 1e-05,
    "gradient_clip": 1.0,
    "update_scale": 0.15,
    "init_scale": 0.5,
    "initial_noise": 0.01,
    "support_fraction": 0.6,
    "bond_temperature": 0.5,
    "dyn_a": 0.2,
    "dyn_b": 0.8,
    "dyn_c": 0.5,
    "dyn_d": 0.05,
    "lr_schedule": "cosine_0.1x"
  }
}
