{"device": "cuda", "gpu": "NVIDIA GeForce RTX 5070 Ti", "pytorch": "2.11.0+cu128", "pytorch_cuda": "12.8"}
{"epoch": 1, "train_rmse": 1.0299444050707707, "validation_rmse": 1.0440020561218262, "mean_raw_gradient_norm": 2.9334837436676025, "fraction_gradients_clipped": 0.6}
{"epoch": 2, "train_rmse": 1.0377493317449593, "validation_rmse": 1.039594292640686, "mean_raw_gradient_norm": 2.897853374481201, "fraction_gradients_clipped": 0.6}
{"epoch": 3, "train_rmse": 1.0695691572654165, "validation_rmse": 1.0355007648468018, "mean_raw_gradient_norm": 3.4197455644607544, "fraction_gradients_clipped": 0.8}
{
  "seed": 1701,
  "best_validation_rmse": 1.0355007648468018,
  "restored_fit_rmse": 0.9385884404182434,
  "restored_validation_rmse": 1.035496473312378,
  "epochs_run": 3,
  "fit_observations": 791,
  "validation_observations": 273,
  "rule": "gated_residual",
  "generations": 64,
  "hidden_channels": 4,
  "device": "cuda",
  "gpu": "NVIDIA GeForce RTX 5070 Ti",
  "training_seconds": 4.266926600015722,
  "peak_gpu_memory_bytes": 106260992,
  "readout": "differentiable_closed_form_ridge",
  "hyperparameters": {
    "ca_lr": 0.001,
    "ridge": 0.1,
    "ca_l2": 1e-05,
    "gradient_clip": 2.0
  }
}
