{"operating_system": "macOS-26.2-arm64-arm-64bit", "machine": "arm64", "python": "3.10.19", "python_executable": "/opt/anaconda3/envs/kcc2/bin/python3.10", "pytorch": "2.8.0", "pytorch_cuda": null, "device": "cpu", "gpu": null}
{"epoch": 1, "train_rmse": 1.1832043765904723, "validation_rmse": 1.0062168836593628, "mean_raw_gradient_norm": 57.718477725982666, "fraction_gradients_clipped": 1.0}
{"epoch": 2, "train_rmse": 1.1696077723806622, "validation_rmse": 0.9836061596870422, "mean_raw_gradient_norm": 40.91094446182251, "fraction_gradients_clipped": 1.0}
{"epoch": 3, "train_rmse": 1.1652816746808536, "validation_rmse": 0.9932202100753784, "mean_raw_gradient_norm": 46.5709144026041, "fraction_gradients_clipped": 1.0}
{"epoch": 4, "train_rmse": 1.118118918312376, "validation_rmse": 0.988609790802002, "mean_raw_gradient_norm": 46.3483812212944, "fraction_gradients_clipped": 1.0}
{"epoch": 5, "train_rmse": 1.1005318487952307, "validation_rmse": 0.987526535987854, "mean_raw_gradient_norm": 43.42382189631462, "fraction_gradients_clipped": 1.0}
{
  "seed": 1701,
  "best_validation_rmse": 0.9836061596870422,
  "restored_fit_rmse": 0.9255877137184143,
  "restored_validation_rmse": 0.9836061596870422,
  "epochs_run": 5,
  "fit_observations": 2643,
  "validation_observations": 670,
  "rule": "fitzhugh_nagumo",
  "generations": 32,
  "hidden_channels": 4,
  "device": "cpu",
  "gpu": null,
  "training_seconds": 16.769027541973628,
  "peak_gpu_memory_bytes": 0,
  "runtime": {
    "operating_system": "macOS-26.2-arm64-arm-64bit",
    "machine": "arm64",
    "python": "3.10.19",
    "python_executable": "/opt/anaconda3/envs/kcc2/bin/python3.10",
    "pytorch": "2.8.0",
    "pytorch_cuda": null,
    "device": "cpu",
    "gpu": null
  },
  "readout": "differentiable_closed_form_ridge",
  "hyperparameters": {
    "ca_lr": 0.003,
    "ridge": 0.1,
    "ca_l2": 1e-05,
    "gradient_clip": 2.0,
    "update_scale": 0.25,
    "init_scale": 1.5,
    "initial_noise": 0.0,
    "support_fraction": 0.75,
    "bond_temperature": 0.5,
    "dyn_a": 0.5,
    "dyn_b": 0.2,
    "dyn_c": 0.5,
    "dyn_d": 0.15,
    "lr_schedule": "cosine_0.1x"
  }
}
