{"device": "cuda", "gpu": "NVIDIA GeForce RTX 5070 Ti", "pytorch": "2.11.0+cu128", "pytorch_cuda": "12.8"}
{"epoch": 1, "train_rmse": 1.7879123931379628, "validation_rmse": 0.9064355492591858, "mean_raw_gradient_norm": 120.05375196087745, "fraction_gradients_clipped": 1.0}
{"epoch": 2, "train_rmse": 1.2758150989270434, "validation_rmse": 0.8998058438301086, "mean_raw_gradient_norm": 32.190130172237275, "fraction_gradients_clipped": 1.0}
{"epoch": 3, "train_rmse": 1.1621857942659735, "validation_rmse": 0.8998448848724365, "mean_raw_gradient_norm": 12.606446912211757, "fraction_gradients_clipped": 1.0}
{"epoch": 4, "train_rmse": 1.3391950161781578, "validation_rmse": 0.8999380469322205, "mean_raw_gradient_norm": 25.293248530357115, "fraction_gradients_clipped": 1.0}
{"epoch": 5, "train_rmse": 1.2114207866305216, "validation_rmse": 0.8971157073974609, "mean_raw_gradient_norm": 15.03080952552057, "fraction_gradients_clipped": 1.0}
{"epoch": 6, "train_rmse": 1.19849717806669, "validation_rmse": 0.9015225768089294, "mean_raw_gradient_norm": 11.646771884733631, "fraction_gradients_clipped": 1.0}
{
  "seed": 1701,
  "best_validation_rmse": 0.8998058438301086,
  "restored_fit_rmse": 0.8451322317123413,
  "restored_validation_rmse": 0.8998162150382996,
  "epochs_run": 6,
  "fit_observations": 5216,
  "validation_observations": 1309,
  "rule": "damped_symplectic",
  "generations": 500,
  "hidden_channels": 16,
  "device": "cuda",
  "gpu": "NVIDIA GeForce RTX 5070 Ti",
  "training_seconds": 368.15254979999736,
  "peak_gpu_memory_bytes": 2414491648,
  "readout": "differentiable_closed_form_ridge",
  "hyperparameters": {
    "ca_lr": 0.003,
    "ridge": 0.01,
    "ca_l2": 1e-05,
    "gradient_clip": 1.0,
    "update_scale": 0.15,
    "init_scale": 1.0,
    "initial_noise": 0.005,
    "support_fraction": 0.75,
    "bond_temperature": 1.0,
    "dyn_a": 0.5,
    "dyn_b": 0.5,
    "dyn_c": 0.5,
    "dyn_d": 0.05,
    "lr_schedule": "cosine_0.1x"
  }
}
