{"device": "cuda", "gpu": "NVIDIA GeForce RTX 5070 Ti", "pytorch": "2.11.0+cu128", "pytorch_cuda": "12.8"}
{"epoch": 1, "train_rmse": 1.008169154877907, "validation_rmse": 1.0076932907104492, "mean_raw_gradient_norm": 1.8274226903915405, "fraction_gradients_clipped": 1.0}
{"epoch": 2, "train_rmse": 0.9652707718671936, "validation_rmse": 1.006186842918396, "mean_raw_gradient_norm": 1.7258758068084716, "fraction_gradients_clipped": 1.0}
{"epoch": 3, "train_rmse": 1.042667558176676, "validation_rmse": 1.0053455829620361, "mean_raw_gradient_norm": 1.7658304691314697, "fraction_gradients_clipped": 1.0}
{
  "seed": 1701,
  "best_validation_rmse": 1.0076932907104492,
  "restored_fit_rmse": 0.9235653281211853,
  "restored_validation_rmse": 1.0076935291290283,
  "epochs_run": 3,
  "fit_observations": 791,
  "validation_observations": 273,
  "rule": "gated_residual",
  "generations": 32,
  "hidden_channels": 4,
  "device": "cuda",
  "gpu": "NVIDIA GeForce RTX 5070 Ti",
  "training_seconds": 3.1722807000624016,
  "peak_gpu_memory_bytes": 78170112,
  "readout": "differentiable_closed_form_ridge",
  "hyperparameters": {
    "ca_lr": 0.001,
    "ridge": 1.0,
    "ca_l2": 1e-05,
    "gradient_clip": 0.5,
    "update_scale": 0.15,
    "init_scale": 1.0,
    "initial_noise": 0.005,
    "support_fraction": 0.6,
    "bond_temperature": 2.0,
    "dyn_a": 0.5,
    "dyn_b": 0.8,
    "dyn_c": 0.8,
    "dyn_d": 0.3,
    "lr_schedule": "cosine_0.1x"
  }
}
