{"operating_system": "Windows-10-10.0.26200-SP0", "machine": "AMD64", "python": "3.11.16", "python_executable": "C:\\Users\\Anthony\\anaconda3\\envs\\strange-matter-gpu\\python.exe", "pytorch": "2.11.0+cu128", "pytorch_cuda": "12.8", "device": "cuda", "gpu": "NVIDIA GeForce RTX 5070 Ti"}
{"epoch": 1, "train_rmse": 1.16726644632765, "validation_rmse": 0.90757817029953, "validation_ma_st_rae": 1.0526133934074549, "validation_CYP1A2_st_rae": 1.2680670656883304, "validation_CYP2C9_st_rae": 0.9048318923028437, "validation_CYP2D6_st_rae": 1.2314113896443204, "validation_CYP3A4_st_rae": 0.8061432259943252, "mean_raw_gradient_norm": 12.981072306632996, "fraction_gradients_clipped": 1.0}
{"epoch": 2, "train_rmse": 1.1584894122311935, "validation_rmse": 0.8997790813446045, "validation_ma_st_rae": 1.037541511572827, "validation_CYP1A2_st_rae": 1.1896118582604693, "validation_CYP2C9_st_rae": 0.9452322803502509, "validation_CYP2D6_st_rae": 1.2198174998032407, "validation_CYP3A4_st_rae": 0.7955044078773471, "mean_raw_gradient_norm": 20.051580630242825, "fraction_gradients_clipped": 1.0}
{"epoch": 3, "train_rmse": 1.1421756063358082, "validation_rmse": 0.9024777412414551, "validation_ma_st_rae": 1.0262033540357298, "validation_CYP1A2_st_rae": 1.1859841375720737, "validation_CYP2C9_st_rae": 0.9108679285387437, "validation_CYP2D6_st_rae": 1.2213370825681313, "validation_CYP3A4_st_rae": 0.7866242674639708, "mean_raw_gradient_norm": 15.169100485742092, "fraction_gradients_clipped": 1.0}
{"epoch": 4, "train_rmse": 1.0232142354457625, "validation_rmse": 0.9024160504341125, "validation_ma_st_rae": 1.0383789679167148, "validation_CYP1A2_st_rae": 1.1912202154873315, "validation_CYP2C9_st_rae": 0.9473341150242873, "validation_CYP2D6_st_rae": 1.2084211087089074, "validation_CYP3A4_st_rae": 0.8065404324463333, "mean_raw_gradient_norm": 15.329016864299774, "fraction_gradients_clipped": 1.0}
{"epoch": 5, "train_rmse": 1.1444110350977204, "validation_rmse": 0.9045839309692383, "validation_ma_st_rae": 1.0385830845664739, "validation_CYP1A2_st_rae": 1.1987807515869275, "validation_CYP2C9_st_rae": 0.9403934474838708, "validation_CYP2D6_st_rae": 1.2017740729302266, "validation_CYP3A4_st_rae": 0.8133840662648709, "mean_raw_gradient_norm": 13.900187276303768, "fraction_gradients_clipped": 1.0}
{
  "seed": 1701,
  "selection_metric": "validation_ma_st_rae",
  "best_validation_ma_st_rae": 1.0262033540357298,
  "best_validation_rmse": 0.9024777412414551,
  "restored_fit_rmse": 0.9570297002792358,
  "restored_validation_rmse": 0.902519702911377,
  "restored_fit_ma_st_rae": 1.007822477139269,
  "restored_validation_ma_st_rae": 1.032688642095227,
  "restored_validation_point_ma_st_rae": 1.0263898595603949,
  "restored_validation_point_st_rae_by_cyp": {
    "CYP1A2": 1.1862669631125247,
    "CYP2C9": 0.9114864453646528,
    "CYP2D6": 1.2213259250114148,
    "CYP3A4": 0.7864801047529876
  },
  "restored_fit_st_rae_by_cyp": {
    "CYP1A2": 1.1482142419661647,
    "CYP2C9": 0.9543607291467537,
    "CYP2D6": 1.1393901788277963,
    "CYP3A4": 0.7893247586163615
  },
  "restored_validation_st_rae_by_cyp": {
    "CYP1A2": 1.195993006461341,
    "CYP2C9": 0.9189061455390897,
    "CYP2D6": 1.2270879593638162,
    "CYP3A4": 0.7887674570166612
  },
  "validation_bootstrap_metrics": {
    "n_bootstrap_samples": 1000,
    "seed": 0,
    "macro": {
      "st_rae": {
        "mean": 1.032688642095227,
        "ci_low": 0.9472893145543785,
        "ci_high": 1.1258499301333058
      },
      "mae": {
        "mean": 0.6727397166607593,
        "ci_low": 0.629026860592524,
        "ci_high": 0.7173280010110097
      },
      "r2": {
        "mean": -0.003064028346018747,
        "ci_low": -0.09645482031186456,
        "ci_high": 0.0815767229553433
      },
      "spearman_rho": {
        "mean": 0.35909122118713505,
        "ci_low": 0.2934392790863755,
        "ci_high": 0.4278175676288385
      },
      "kendall_tau": {
        "mean": 0.24933599226647157,
        "ci_low": 0.20287304024041183,
        "ci_high": 0.29782641812339783
      }
    },
    "per_endpoint": {
      "CYP1A2": {
        "st_rae": {
          "mean": 1.195993006461341,
          "ci_low": 0.966729482257246,
          "ci_high": 1.4479621739624742
        },
        "mae": {
          "mean": 0.7574217580162304,
          "ci_low": 0.6527794894827923,
          "ci_high": 0.8619744905073877
        },
        "r2": {
          "mean": -0.04679654248675582,
          "ci_low": -0.2907582707984253,
          "ci_high": 0.14826061773134303
        },
        "spearman_rho": {
          "mean": 0.355643489204131,
          "ci_low": 0.193266495027725,
          "ci_high": 0.5054684208650962
        },
        "kendall_tau": {
          "mean": 0.24913858162482708,
          "ci_low": 0.13140012442132662,
          "ci_high": 0.3586342495337918
        }
      },
      "CYP2C9": {
        "st_rae": {
          "mean": 0.9189061455390897,
          "ci_low": 0.7378253749199594,
          "ci_high": 1.1322849838591267
        },
        "mae": {
          "mean": 0.5642223113105245,
          "ci_low": 0.49335494272030184,
          "ci_high": 0.641464569142265
        },
        "r2": {
          "mean": 0.1857821309664896,
          "ci_low": 0.0018319630866036733,
          "ci_high": 0.3355639163184424
        },
        "spearman_rho": {
          "mean": 0.4444831957167867,
          "ci_low": 0.2876350764388321,
          "ci_high": 0.5807595450918821
        },
        "kendall_tau": {
          "mean": 0.3054746810229829,
          "ci_low": 0.19486052232007287,
          "ci_high": 0.4052513597184382
        }
      },
      "CYP2D6": {
        "st_rae": {
          "mean": 1.2270879593638162,
          "ci_low": 1.0913146493127108,
          "ci_high": 1.3862439855944289
        },
        "mae": {
          "mean": 0.6259956707324621,
          "ci_low": 0.5369102606983305,
          "ci_high": 0.7154780884583791
        },
        "r2": {
          "mean": -0.2935799751857222,
          "ci_low": -0.5382287321797719,
          "ci_high": -0.11932418502859211
        },
        "spearman_rho": {
          "mean": 0.12106629609190583,
          "ci_low": -0.035901940363746665,
          "ci_high": 0.27625984645359125
        },
        "kendall_tau": {
          "mean": 0.08454116391703845,
          "ci_low": -0.019925184768934765,
          "ci_high": 0.18914746171504615
        }
      },
      "CYP3A4": {
        "st_rae": {
          "mean": 0.7887674570166612,
          "ci_low": 0.7086346272070057,
          "ci_high": 0.8773820929473882
        },
        "mae": {
          "mean": 0.7433191265838206,
          "ci_low": 0.6638269213605518,
          "ci_high": 0.8263992292082999
        },
        "r2": {
          "mean": 0.14233827332191346,
          "ci_low": 0.008387154388191785,
          "ci_high": 0.24919265463431997
        },
        "spearman_rho": {
          "mean": 0.5151719037357165,
          "ci_low": 0.41428200473744753,
          "ci_high": 0.600898676098908
        },
        "kendall_tau": {
          "mean": 0.3581895425010378,
          "ci_low": 0.2823492836888473,
          "ci_high": 0.42428357083209983
        }
      }
    }
  },
  "epochs_run": 5,
  "fit_observations": 2652,
  "validation_observations": 680,
  "rule": "conservative_graph_flux",
  "generations": 125,
  "hidden_channels": 4,
  "atom_feature_profile": "periodic_valence",
  "atom_feature_count": 38,
  "atom_feature_names": [
    "element_H",
    "element_C",
    "element_N",
    "element_O",
    "element_F",
    "element_P",
    "element_S",
    "element_Cl",
    "element_Br",
    "element_I",
    "element_other",
    "formal_charge",
    "aromatic",
    "hybrid_sp",
    "hybrid_sp2",
    "hybrid_sp3",
    "hybrid_other",
    "degree",
    "total_hydrogens",
    "in_ring",
    "hbond_donor",
    "hbond_acceptor",
    "chiral_cw",
    "chiral_ccw",
    "chiral_other",
    "atomic_number",
    "atomic_mass",
    "covalent_radius",
    "vdw_radius",
    "outer_electrons",
    "period",
    "periodic_group",
    "atomic_volume",
    "total_valence",
    "implicit_valence",
    "heavy_atom_degree",
    "radical_electrons",
    "absolute_formal_charge"
  ],
  "device": "cuda",
  "gpu": "NVIDIA GeForce RTX 5070 Ti",
  "training_seconds": 50.857494900003076,
  "peak_gpu_memory_bytes": 74572800,
  "runtime": {
    "operating_system": "Windows-10-10.0.26200-SP0",
    "machine": "AMD64",
    "python": "3.11.16",
    "python_executable": "C:\\Users\\Anthony\\anaconda3\\envs\\strange-matter-gpu\\python.exe",
    "pytorch": "2.11.0+cu128",
    "pytorch_cuda": "12.8",
    "device": "cuda",
    "gpu": "NVIDIA GeForce RTX 5070 Ti"
  },
  "validation_protocol": {
    "kind": "scaffold_cross_validation",
    "fold": 0,
    "folds": 5
  },
  "readout": "differentiable_closed_form_ridge",
  "hyperparameters": {
    "ca_lr": 0.003,
    "ridge": 0.1,
    "ca_l2": 1e-05,
    "gradient_clip": 2.0,
    "update_scale": 0.25,
    "init_scale": 0.5,
    "initial_noise": 0.0,
    "support_fraction": 0.75,
    "bond_temperature": 1.0,
    "dyn_a": 0.8,
    "dyn_b": 0.8,
    "dyn_c": 0.8,
    "dyn_d": 0.15,
    "lr_schedule": "cosine_0.1x"
  }
}
