{"device": "cuda", "gpu": "NVIDIA GeForce RTX 5070 Ti", "pytorch": "2.11.0+cu128", "pytorch_cuda": "12.8"}
{"epoch": 1, "train_rmse": 1.0030845057463862, "validation_rmse": 0.9764668941497803, "mean_raw_gradient_norm": 3.064638264477253, "fraction_gradients_clipped": 0.75}
{"epoch": 2, "train_rmse": 1.0354828943590915, "validation_rmse": 0.9752761125564575, "mean_raw_gradient_norm": 3.2481930553913116, "fraction_gradients_clipped": 0.875}
{"epoch": 3, "train_rmse": 1.0574934458443142, "validation_rmse": 0.9740168452262878, "mean_raw_gradient_norm": 3.696336753666401, "fraction_gradients_clipped": 0.9375}
{"epoch": 4, "train_rmse": 1.0549738012082954, "validation_rmse": 0.9737433195114136, "mean_raw_gradient_norm": 4.093074686825275, "fraction_gradients_clipped": 0.875}
{
  "seed": 1701,
  "best_validation_rmse": 0.9764668941497803,
  "restored_fit_rmse": 0.9250924587249756,
  "restored_validation_rmse": 0.9764646887779236,
  "epochs_run": 4,
  "fit_observations": 2643,
  "validation_observations": 670,
  "rule": "inertial_reaction_diffusion",
  "generations": 16,
  "hidden_channels": 4,
  "device": "cuda",
  "gpu": "NVIDIA GeForce RTX 5070 Ti",
  "training_seconds": 8.889859899994917,
  "peak_gpu_memory_bytes": 36641280,
  "readout": "differentiable_closed_form_ridge",
  "hyperparameters": {
    "ca_lr": 0.0003,
    "ridge": 0.01,
    "ca_l2": 1e-05,
    "gradient_clip": 2.0
  }
}
