{"device": "cuda", "gpu": "NVIDIA GeForce RTX 5070 Ti", "pytorch": "2.11.0+cu128", "pytorch_cuda": "12.8"}
{"epoch": 1, "train_rmse": 1.452823817852877, "validation_rmse": 0.8907524347305298, "mean_raw_gradient_norm": 25.961467281464607, "fraction_gradients_clipped": 1.0}
{"epoch": 2, "train_rmse": 1.3808664726572182, "validation_rmse": 0.8879318237304688, "mean_raw_gradient_norm": 21.007900214964344, "fraction_gradients_clipped": 1.0}
{"epoch": 3, "train_rmse": 1.2563024413022543, "validation_rmse": 0.884913444519043, "mean_raw_gradient_norm": 17.732649249415243, "fraction_gradients_clipped": 1.0}
{"epoch": 4, "train_rmse": 1.3610233395953317, "validation_rmse": 0.8830971121788025, "mean_raw_gradient_norm": 19.969952898640788, "fraction_gradients_clipped": 1.0}
{"epoch": 5, "train_rmse": 1.2903939815097867, "validation_rmse": 0.8824116587638855, "mean_raw_gradient_norm": 15.733305861873012, "fraction_gradients_clipped": 1.0}
{"epoch": 6, "train_rmse": 1.23679528705522, "validation_rmse": 0.8896360993385315, "mean_raw_gradient_norm": 15.77786144518083, "fraction_gradients_clipped": 1.0}
{"epoch": 7, "train_rmse": 1.2316079062937095, "validation_rmse": 0.8846831917762756, "mean_raw_gradient_norm": 14.899714812155693, "fraction_gradients_clipped": 1.0}
{
  "seed": 4211,
  "best_validation_rmse": 0.884913444519043,
  "restored_fit_rmse": 0.8277768492698669,
  "restored_validation_rmse": 0.8849048614501953,
  "epochs_run": 7,
  "fit_observations": 5216,
  "validation_observations": 1309,
  "rule": "gated_residual",
  "generations": 16,
  "hidden_channels": 16,
  "device": "cuda",
  "gpu": "NVIDIA GeForce RTX 5070 Ti",
  "training_seconds": 33.91736870002933,
  "peak_gpu_memory_bytes": 55783936,
  "readout": "differentiable_closed_form_ridge",
  "hyperparameters": {
    "ca_lr": 0.001,
    "ridge": 0.1,
    "ca_l2": 1e-06,
    "gradient_clip": 1.0
  }
}
