{"device": "cuda", "gpu": "NVIDIA GeForce RTX 5070 Ti", "pytorch": "2.11.0+cu128", "pytorch_cuda": "12.8"}
{"epoch": 1, "train_rmse": 1.340271686546702, "validation_rmse": 0.9104669690132141, "mean_raw_gradient_norm": 17.5901620388031, "fraction_gradients_clipped": 1.0}
{"epoch": 2, "train_rmse": 1.2989831825415081, "validation_rmse": 0.9130536317825317, "mean_raw_gradient_norm": 19.568449774096088, "fraction_gradients_clipped": 1.0}
{"epoch": 3, "train_rmse": 1.223282044109834, "validation_rmse": 0.9124996662139893, "mean_raw_gradient_norm": 12.91155932795617, "fraction_gradients_clipped": 1.0}
{"epoch": 4, "train_rmse": 1.3740931145826802, "validation_rmse": 0.9090194702148438, "mean_raw_gradient_norm": 20.350316897515327, "fraction_gradients_clipped": 1.0}
{"epoch": 5, "train_rmse": 1.2089167722962453, "validation_rmse": 0.9090171456336975, "mean_raw_gradient_norm": 15.785915240164726, "fraction_gradients_clipped": 1.0}
{
  "seed": 1701,
  "best_validation_rmse": 0.9104669690132141,
  "restored_fit_rmse": 0.8480031490325928,
  "restored_validation_rmse": 0.9104505777359009,
  "epochs_run": 5,
  "fit_observations": 5216,
  "validation_observations": 1309,
  "rule": "gated_residual",
  "generations": 16,
  "hidden_channels": 16,
  "device": "cuda",
  "gpu": "NVIDIA GeForce RTX 5070 Ti",
  "training_seconds": 26.318453600048088,
  "peak_gpu_memory_bytes": 70886400,
  "readout": "differentiable_closed_form_ridge",
  "hyperparameters": {
    "ca_lr": 0.001,
    "ridge": 0.1,
    "ca_l2": 1e-05,
    "gradient_clip": 1.0,
    "update_scale": 0.4,
    "init_scale": 0.5,
    "initial_noise": 0.0,
    "support_fraction": 0.85,
    "bond_temperature": 2.0,
    "dyn_a": 0.2,
    "dyn_b": 0.5,
    "dyn_c": 0.8,
    "dyn_d": 0.3,
    "lr_schedule": "cosine_0.1x"
  }
}
