{"operating_system": "Windows-10-10.0.26200-SP0", "machine": "AMD64", "python": "3.11.16", "python_executable": "C:\\Users\\Anthony\\anaconda3\\envs\\strange-matter-gpu\\python.exe", "pytorch": "2.11.0+cu128", "pytorch_cuda": "12.8", "device": "cuda", "gpu": "NVIDIA GeForce RTX 5070 Ti"}
{"epoch": 1, "train_rmse": 1.1262192530382154, "validation_rmse": 0.8148083090782166, "validation_ma_st_rae": 0.8850658475192302, "validation_CYP1A2_st_rae": 0.9258394941255602, "validation_CYP2C9_st_rae": 0.7601145857438487, "validation_CYP2D6_st_rae": 1.0922846306229832, "validation_CYP3A4_st_rae": 0.7620246795845289, "mean_raw_gradient_norm": 7.386369839310646, "fraction_gradients_clipped": 1.0}
{"epoch": 2, "train_rmse": 1.1132383240035704, "validation_rmse": 0.8052213788032532, "validation_ma_st_rae": 0.8840553716394177, "validation_CYP1A2_st_rae": 0.9435778343551886, "validation_CYP2C9_st_rae": 0.7622409131274658, "validation_CYP2D6_st_rae": 1.0923528115826302, "validation_CYP3A4_st_rae": 0.738049927492386, "mean_raw_gradient_norm": 8.222352892160416, "fraction_gradients_clipped": 1.0}
{"epoch": 3, "train_rmse": 1.1269398875138241, "validation_rmse": 0.8034842014312744, "validation_ma_st_rae": 0.8859927814809055, "validation_CYP1A2_st_rae": 0.9527889431711732, "validation_CYP2C9_st_rae": 0.7630026405364445, "validation_CYP2D6_st_rae": 1.1049922744282994, "validation_CYP3A4_st_rae": 0.723187267787705, "mean_raw_gradient_norm": 6.160529583692551, "fraction_gradients_clipped": 1.0}
{"epoch": 4, "train_rmse": 1.1387515938362363, "validation_rmse": 0.8067871332168579, "validation_ma_st_rae": 0.8962711782081687, "validation_CYP1A2_st_rae": 0.9567024766588282, "validation_CYP2C9_st_rae": 0.7817159240228154, "validation_CYP2D6_st_rae": 1.1189254654272363, "validation_CYP3A4_st_rae": 0.7277408467237951, "mean_raw_gradient_norm": 6.569670990109444, "fraction_gradients_clipped": 1.0}
{
  "seed": 1701,
  "selection_metric": "validation_ma_st_rae",
  "best_validation_ma_st_rae": 0.8850658475192302,
  "best_validation_rmse": 0.8148083090782166,
  "restored_fit_rmse": 0.8501116037368774,
  "restored_validation_rmse": 0.8148202300071716,
  "restored_fit_ma_st_rae": 0.8340320749581179,
  "restored_validation_ma_st_rae": 0.8900057929581481,
  "restored_validation_point_ma_st_rae": 0.8850744766664007,
  "restored_validation_point_st_rae_by_cyp": {
    "CYP1A2": 0.9258586042614717,
    "CYP2C9": 0.7601281178925279,
    "CYP2D6": 1.092261127693008,
    "CYP3A4": 0.7620500568185953
  },
  "restored_fit_st_rae_by_cyp": {
    "CYP1A2": 0.8693866861364921,
    "CYP2C9": 0.7807719902799144,
    "CYP2D6": 0.9840619885894183,
    "CYP3A4": 0.701907634826647
  },
  "restored_validation_st_rae_by_cyp": {
    "CYP1A2": 0.9296342948285448,
    "CYP2C9": 0.7673939613911128,
    "CYP2D6": 1.0982918386683864,
    "CYP3A4": 0.764703076944548
  },
  "validation_bootstrap_metrics": {
    "n_bootstrap_samples": 1000,
    "seed": 0,
    "macro": {
      "st_rae": {
        "mean": 0.8900057929581481,
        "ci_low": 0.8215347106649584,
        "ci_high": 0.9618993228410228
      },
      "mae": {
        "mean": 0.6075488337899996,
        "ci_low": 0.5669789976170024,
        "ci_high": 0.6503176456560118
      },
      "r2": {
        "mean": 0.16873749506709992,
        "ci_low": 0.102053028414235,
        "ci_high": 0.2316885353955766
      },
      "spearman_rho": {
        "mean": 0.45367537954406645,
        "ci_low": 0.3886530625436138,
        "ci_high": 0.5166231490672425
      },
      "kendall_tau": {
        "mean": 0.3231078361213612,
        "ci_low": 0.27566666505437104,
        "ci_high": 0.3714959384659272
      }
    },
    "per_endpoint": {
      "CYP1A2": {
        "st_rae": {
          "mean": 0.9296342948285448,
          "ci_low": 0.7861817945165127,
          "ci_high": 1.1085412285388743
        },
        "mae": {
          "mean": 0.6364446590458842,
          "ci_low": 0.5287458266800559,
          "ci_high": 0.7585446125184986
        },
        "r2": {
          "mean": 0.11358947273242379,
          "ci_low": -0.046982964013303825,
          "ci_high": 0.2550576521293175
        },
        "spearman_rho": {
          "mean": 0.4541404752312537,
          "ci_low": 0.3076485506197037,
          "ci_high": 0.5917620164003787
        },
        "kendall_tau": {
          "mean": 0.3195236643521342,
          "ci_low": 0.2177979424577664,
          "ci_high": 0.4188139219123699
        }
      },
      "CYP2C9": {
        "st_rae": {
          "mean": 0.7673939613911128,
          "ci_low": 0.6102110113616814,
          "ci_high": 0.9599337643639342
        },
        "mae": {
          "mean": 0.5257824081574044,
          "ci_low": 0.4596934629182746,
          "ci_high": 0.6008870073913657
        },
        "r2": {
          "mean": 0.27248886386563903,
          "ci_low": 0.12848355362250496,
          "ci_high": 0.3930783963421708
        },
        "spearman_rho": {
          "mean": 0.5020395744587977,
          "ci_low": 0.34742026185879576,
          "ci_high": 0.6327496709667265
        },
        "kendall_tau": {
          "mean": 0.3593781225759311,
          "ci_low": 0.24558989628629585,
          "ci_high": 0.4593357853742968
        }
      },
      "CYP2D6": {
        "st_rae": {
          "mean": 1.0982918386683864,
          "ci_low": 0.9786216777051752,
          "ci_high": 1.2311987074699156
        },
        "mae": {
          "mean": 0.5834329335119739,
          "ci_low": 0.5074851198391345,
          "ci_high": 0.6598389767625797
        },
        "r2": {
          "mean": -0.05300858456410332,
          "ci_low": -0.22484067477169276,
          "ci_high": 0.08242008880332621
        },
        "spearman_rho": {
          "mean": 0.2618252092036403,
          "ci_low": 0.11126794959996095,
          "ci_high": 0.4001644042641629
        },
        "kendall_tau": {
          "mean": 0.18166714394963665,
          "ci_low": 0.08439288010271624,
          "ci_high": 0.27667644884594156
        }
      },
      "CYP3A4": {
        "st_rae": {
          "mean": 0.764703076944548,
          "ci_low": 0.6647991282126675,
          "ci_high": 0.8739601171548793
        },
        "mae": {
          "mean": 0.6845353344447357,
          "ci_low": 0.6225591118054942,
          "ci_high": 0.7507788122685487
        },
        "r2": {
          "mean": 0.3418802282344403,
          "ci_low": 0.2418748665442888,
          "ci_high": 0.43194088574010875
        },
        "spearman_rho": {
          "mean": 0.5966962592825741,
          "ci_low": 0.5030992152878974,
          "ci_high": 0.6815646523567028
        },
        "kendall_tau": {
          "mean": 0.43186241360774286,
          "ci_low": 0.3601404667251253,
          "ci_high": 0.5038114584767939
        }
      }
    }
  },
  "epochs_run": 4,
  "fit_observations": 2652,
  "validation_observations": 680,
  "rule": "damped_symplectic",
  "generations": 64,
  "hidden_channels": 16,
  "atom_feature_profile": "electronic",
  "atom_feature_count": 33,
  "atom_feature_names": [
    "element_H",
    "element_C",
    "element_N",
    "element_O",
    "element_F",
    "element_P",
    "element_S",
    "element_Cl",
    "element_Br",
    "element_I",
    "element_other",
    "formal_charge",
    "aromatic",
    "hybrid_sp",
    "hybrid_sp2",
    "hybrid_sp3",
    "hybrid_other",
    "degree",
    "total_hydrogens",
    "in_ring",
    "hbond_donor",
    "hbond_acceptor",
    "chiral_cw",
    "chiral_ccw",
    "chiral_other",
    "electronegativity",
    "polarizability",
    "heteroatom",
    "halogen",
    "conjugated_bond_fraction",
    "first_ionization_energy",
    "electron_affinity",
    "electronic_property_missing"
  ],
  "device": "cuda",
  "gpu": "NVIDIA GeForce RTX 5070 Ti",
  "training_seconds": 19.89041319990065,
  "peak_gpu_memory_bytes": 325350912,
  "runtime": {
    "operating_system": "Windows-10-10.0.26200-SP0",
    "machine": "AMD64",
    "python": "3.11.16",
    "python_executable": "C:\\Users\\Anthony\\anaconda3\\envs\\strange-matter-gpu\\python.exe",
    "pytorch": "2.11.0+cu128",
    "pytorch_cuda": "12.8",
    "device": "cuda",
    "gpu": "NVIDIA GeForce RTX 5070 Ti"
  },
  "validation_protocol": {
    "kind": "scaffold_cross_validation",
    "fold": 0,
    "folds": 5
  },
  "readout": "differentiable_closed_form_ridge",
  "hyperparameters": {
    "ca_lr": 0.003,
    "ridge": 0.1,
    "ca_l2": 0.0001,
    "gradient_clip": 1.0,
    "update_scale": 0.4,
    "init_scale": 0.5,
    "initial_noise": 0.005,
    "support_fraction": 0.6,
    "bond_temperature": 0.5,
    "dyn_a": 0.2,
    "dyn_b": 0.8,
    "dyn_c": 0.2,
    "dyn_d": 0.05,
    "lr_schedule": "cosine_0.1x"
  }
}
