{"operating_system": "macOS-26.2-arm64-arm-64bit", "machine": "arm64", "python": "3.10.19", "python_executable": "/opt/anaconda3/envs/kcc2/bin/python3.10", "pytorch": "2.8.0", "pytorch_cuda": null, "device": "cpu", "gpu": null}
{"epoch": 1, "train_rmse": 0.9950215798193954, "validation_rmse": 1.0292686223983765, "mean_raw_gradient_norm": 5.235576248168945, "fraction_gradients_clipped": 1.0}
{"epoch": 2, "train_rmse": 1.2114633189801198, "validation_rmse": 1.0286771059036255, "mean_raw_gradient_norm": 6.533261179924011, "fraction_gradients_clipped": 1.0}
{"epoch": 3, "train_rmse": 1.0816528527229143, "validation_rmse": 1.0282704830169678, "mean_raw_gradient_norm": 5.852075219154358, "fraction_gradients_clipped": 1.0}
{
  "seed": 1701,
  "best_validation_rmse": 1.0292686223983765,
  "restored_fit_rmse": 0.9303257465362549,
  "restored_validation_rmse": 1.0292686223983765,
  "epochs_run": 3,
  "fit_observations": 791,
  "validation_observations": 273,
  "rule": "delayed_memory",
  "generations": 16,
  "hidden_channels": 4,
  "device": "cpu",
  "gpu": null,
  "training_seconds": 1.7065613339655101,
  "peak_gpu_memory_bytes": 0,
  "runtime": {
    "operating_system": "macOS-26.2-arm64-arm-64bit",
    "machine": "arm64",
    "python": "3.10.19",
    "python_executable": "/opt/anaconda3/envs/kcc2/bin/python3.10",
    "pytorch": "2.8.0",
    "pytorch_cuda": null,
    "device": "cpu",
    "gpu": null
  },
  "readout": "differentiable_closed_form_ridge",
  "hyperparameters": {
    "ca_lr": 0.0003,
    "ridge": 0.1,
    "ca_l2": 1e-06,
    "gradient_clip": 1.0,
    "update_scale": 0.25,
    "init_scale": 1.0,
    "initial_noise": 0.005,
    "support_fraction": 0.85,
    "bond_temperature": 1.0,
    "dyn_a": 0.5,
    "dyn_b": 0.2,
    "dyn_c": 0.8,
    "dyn_d": 0.15,
    "lr_schedule": "cosine_0.1x"
  }
}
