{"operating_system": "Windows-10-10.0.26200-SP0", "machine": "AMD64", "python": "3.11.16", "python_executable": "C:\\Users\\Anthony\\anaconda3\\envs\\strange-matter-gpu\\python.exe", "pytorch": "2.11.0+cu128", "pytorch_cuda": "12.8", "device": "cuda", "gpu": "NVIDIA GeForce RTX 5070 Ti"}
{"epoch": 1, "train_rmse": 1.1663587014916583, "validation_rmse": 0.8156282901763916, "validation_ma_st_rae": 0.884038058083629, "validation_CYP1A2_st_rae": 0.8955456826862241, "validation_CYP2C9_st_rae": 0.8586719506749333, "validation_CYP2D6_st_rae": 1.0302579567700474, "validation_CYP3A4_st_rae": 0.7516766422033113, "mean_raw_gradient_norm": 15.62583176612854, "fraction_gradients_clipped": 1.0}
{"epoch": 2, "train_rmse": 1.1986749932063596, "validation_rmse": 0.8107032179832458, "validation_ma_st_rae": 0.8756025018660835, "validation_CYP1A2_st_rae": 0.8886145688495969, "validation_CYP2C9_st_rae": 0.8429270748682698, "validation_CYP2D6_st_rae": 1.0202443957912468, "validation_CYP3A4_st_rae": 0.7506239679552204, "mean_raw_gradient_norm": 13.474512176513672, "fraction_gradients_clipped": 1.0}
{"epoch": 3, "train_rmse": 1.1950074998782998, "validation_rmse": 0.8097142577171326, "validation_ma_st_rae": 0.8757175534055623, "validation_CYP1A2_st_rae": 0.8875596093892456, "validation_CYP2C9_st_rae": 0.845276760401009, "validation_CYP2D6_st_rae": 1.014579964813612, "validation_CYP3A4_st_rae": 0.7554538790183829, "mean_raw_gradient_norm": 12.148281211853027, "fraction_gradients_clipped": 1.0}
{"epoch": 4, "train_rmse": 1.118073950352017, "validation_rmse": 0.808853268623352, "validation_ma_st_rae": 0.8726158875636767, "validation_CYP1A2_st_rae": 0.8904771542286859, "validation_CYP2C9_st_rae": 0.8393862793731205, "validation_CYP2D6_st_rae": 1.0072661543527046, "validation_CYP3A4_st_rae": 0.7533339623001954, "mean_raw_gradient_norm": 9.85408772468567, "fraction_gradients_clipped": 1.0}
{"epoch": 5, "train_rmse": 1.182311661720013, "validation_rmse": 0.8075298070907593, "validation_ma_st_rae": 0.8699308986333152, "validation_CYP1A2_st_rae": 0.8935820287576165, "validation_CYP2C9_st_rae": 0.8369545135307299, "validation_CYP2D6_st_rae": 1.000346644997132, "validation_CYP3A4_st_rae": 0.7488404072477822, "mean_raw_gradient_norm": 12.861483030319214, "fraction_gradients_clipped": 1.0}
{"epoch": 6, "train_rmse": 1.1116488579903163, "validation_rmse": 0.8066705465316772, "validation_ma_st_rae": 0.8682431701950393, "validation_CYP1A2_st_rae": 0.8949174832658298, "validation_CYP2C9_st_rae": 0.834930240050059, "validation_CYP2D6_st_rae": 0.9942240383001468, "validation_CYP3A4_st_rae": 0.7489009191641218, "mean_raw_gradient_norm": 10.375185317993164, "fraction_gradients_clipped": 1.0}
{"epoch": 7, "train_rmse": 1.1358705288331952, "validation_rmse": 0.8065553903579712, "validation_ma_st_rae": 0.86775596324033, "validation_CYP1A2_st_rae": 0.8952626786784259, "validation_CYP2C9_st_rae": 0.8331749553123402, "validation_CYP2D6_st_rae": 0.9935911717780535, "validation_CYP3A4_st_rae": 0.7489950471925002, "mean_raw_gradient_norm": 12.07663688659668, "fraction_gradients_clipped": 1.0}
{"epoch": 8, "train_rmse": 1.1311038617283788, "validation_rmse": 0.8064209818840027, "validation_ma_st_rae": 0.8680592244719865, "validation_CYP1A2_st_rae": 0.8958887365823558, "validation_CYP2C9_st_rae": 0.8348579437813924, "validation_CYP2D6_st_rae": 0.9921027795943503, "validation_CYP3A4_st_rae": 0.749387437929847, "mean_raw_gradient_norm": 10.09947172164917, "fraction_gradients_clipped": 1.0}
{
  "seed": 2909,
  "selection_metric": "validation_ma_st_rae",
  "best_validation_ma_st_rae": 0.8699308986333152,
  "best_validation_rmse": 0.8075298070907593,
  "restored_fit_rmse": 0.8680953979492188,
  "restored_validation_rmse": 0.807590901851654,
  "restored_fit_ma_st_rae": 0.8696299488503852,
  "restored_validation_ma_st_rae": 0.872428204997673,
  "restored_validation_point_ma_st_rae": 0.8699672795678824,
  "restored_validation_point_st_rae_by_cyp": {
    "CYP1A2": 0.8930929276376557,
    "CYP2C9": 0.8371269598445759,
    "CYP2D6": 1.0008414841699416,
    "CYP3A4": 0.7488077466193565
  },
  "restored_fit_st_rae_by_cyp": {
    "CYP1A2": 0.8700624950276303,
    "CYP2C9": 0.8729144345963896,
    "CYP2D6": 1.0166588437629283,
    "CYP3A4": 0.718884022014593
  },
  "restored_validation_st_rae_by_cyp": {
    "CYP1A2": 0.8957973399128991,
    "CYP2C9": 0.8399585821942431,
    "CYP2D6": 1.004180088411633,
    "CYP3A4": 0.7497768094719172
  },
  "validation_bootstrap_metrics": {
    "n_bootstrap_samples": 1000,
    "seed": 0,
    "macro": {
      "st_rae": {
        "mean": 0.872428204997673,
        "ci_low": 0.8194682781001261,
        "ci_high": 0.9294386897646816
      },
      "mae": {
        "mean": 0.5945800449090047,
        "ci_low": 0.561802409931524,
        "ci_high": 0.6272430052341657
      },
      "r2": {
        "mean": 0.1774293429640631,
        "ci_low": 0.12286021384556747,
        "ci_high": 0.22905122602538114
      },
      "spearman_rho": {
        "mean": 0.43326566091532154,
        "ci_low": 0.37891162894020003,
        "ci_high": 0.48511975423486237
      },
      "kendall_tau": {
        "mean": 0.306485949908112,
        "ci_low": 0.2678860903755759,
        "ci_high": 0.3427685297359441
      }
    },
    "per_endpoint": {
      "CYP1A2": {
        "st_rae": {
          "mean": 0.8957973399128991,
          "ci_low": 0.7690381513630917,
          "ci_high": 1.0377672572779475
        },
        "mae": {
          "mean": 0.6102086435175156,
          "ci_low": 0.5362581494155231,
          "ci_high": 0.6898875837121998
        },
        "r2": {
          "mean": 0.17163790784942573,
          "ci_low": 0.02952863814126305,
          "ci_high": 0.2966491657294599
        },
        "spearman_rho": {
          "mean": 0.47828652089665774,
          "ci_low": 0.3598190194782251,
          "ci_high": 0.5828828804341405
        },
        "kendall_tau": {
          "mean": 0.3339679333953453,
          "ci_low": 0.24853329515709685,
          "ci_high": 0.4112734452536493
        }
      },
      "CYP2C9": {
        "st_rae": {
          "mean": 0.8399585821942431,
          "ci_low": 0.7098182955940807,
          "ci_high": 0.9781347248378051
        },
        "mae": {
          "mean": 0.5126756970431947,
          "ci_low": 0.45689978970360645,
          "ci_high": 0.5741035896237544
        },
        "r2": {
          "mean": 0.20675280677927635,
          "ci_low": 0.08153373740435105,
          "ci_high": 0.31628183055442816
        },
        "spearman_rho": {
          "mean": 0.42267768252389165,
          "ci_low": 0.2945214769836407,
          "ci_high": 0.5392309187983411
        },
        "kendall_tau": {
          "mean": 0.30279983225657925,
          "ci_low": 0.2107406732704589,
          "ci_high": 0.38924541388680534
        }
      },
      "CYP2D6": {
        "st_rae": {
          "mean": 1.004180088411633,
          "ci_low": 0.9206213844492186,
          "ci_high": 1.0973208810126074
        },
        "mae": {
          "mean": 0.5615132721112325,
          "ci_low": 0.4977653134072948,
          "ci_high": 0.6346322252964361
        },
        "r2": {
          "mean": 0.0031105168918188555,
          "ci_low": -0.09246921828821095,
          "ci_high": 0.0975584832955043
        },
        "spearman_rho": {
          "mean": 0.24374464792854544,
          "ci_low": 0.11764384826857452,
          "ci_high": 0.36457622759177444
        },
        "kendall_tau": {
          "mean": 0.16683561906364888,
          "ci_low": 0.08164429945550361,
          "ci_high": 0.24832515244878461
        }
      },
      "CYP3A4": {
        "st_rae": {
          "mean": 0.7497768094719172,
          "ci_low": 0.675335115961669,
          "ci_high": 0.8260418318456031
        },
        "mae": {
          "mean": 0.6939225669640761,
          "ci_low": 0.6385810857781997,
          "ci_high": 0.7443870530514927
        },
        "r2": {
          "mean": 0.32821614033573154,
          "ci_low": 0.25022561719533143,
          "ci_high": 0.3942962007857091
        },
        "spearman_rho": {
          "mean": 0.5883537923121912,
          "ci_low": 0.5063985574443955,
          "ci_high": 0.6614466246296675
        },
        "kendall_tau": {
          "mean": 0.4223404149168746,
          "ci_low": 0.36009416250992593,
          "ci_high": 0.4819994823360571
        }
      }
    }
  },
  "epochs_run": 8,
  "fit_observations": 4179,
  "validation_observations": 1037,
  "rule": "coupled_map",
  "generations": 32,
  "hidden_channels": 16,
  "atom_feature_profile": "electronic_local",
  "atom_feature_count": 37,
  "atom_feature_names": [
    "element_H",
    "element_C",
    "element_N",
    "element_O",
    "element_F",
    "element_P",
    "element_S",
    "element_Cl",
    "element_Br",
    "element_I",
    "element_other",
    "formal_charge",
    "aromatic",
    "hybrid_sp",
    "hybrid_sp2",
    "hybrid_sp3",
    "hybrid_other",
    "degree",
    "total_hydrogens",
    "in_ring",
    "hbond_donor",
    "hbond_acceptor",
    "chiral_cw",
    "chiral_ccw",
    "chiral_other",
    "electronegativity",
    "polarizability",
    "heteroatom",
    "halogen",
    "conjugated_bond_fraction",
    "first_ionization_energy",
    "electron_affinity",
    "electronic_property_missing",
    "mean_neighbour_electronegativity",
    "electronegativity_difference",
    "mean_neighbour_atomic_number",
    "neighbour_formal_charge"
  ],
  "device": "cuda",
  "gpu": "NVIDIA GeForce RTX 5070 Ti",
  "training_seconds": 52.137799999909475,
  "peak_gpu_memory_bytes": 128822272,
  "runtime": {
    "operating_system": "Windows-10-10.0.26200-SP0",
    "machine": "AMD64",
    "python": "3.11.16",
    "python_executable": "C:\\Users\\Anthony\\anaconda3\\envs\\strange-matter-gpu\\python.exe",
    "pytorch": "2.11.0+cu128",
    "pytorch_cuda": "12.8",
    "device": "cuda",
    "gpu": "NVIDIA GeForce RTX 5070 Ti"
  },
  "validation_protocol": {
    "kind": "scaffold_cross_validation",
    "fold": 0,
    "folds": 5
  },
  "readout": "differentiable_closed_form_ridge",
  "hyperparameters": {
    "ca_lr": 0.0003,
    "ridge": 1.0,
    "ca_l2": 0.0001,
    "gradient_clip": 0.5,
    "update_scale": 0.08,
    "init_scale": 0.5,
    "initial_noise": 0.0,
    "support_fraction": 0.75,
    "bond_temperature": 0.5,
    "dyn_a": 0.5,
    "dyn_b": 0.8,
    "dyn_c": 0.8,
    "dyn_d": 0.05,
    "lr_schedule": "cosine_0.1x"
  }
}
