{"operating_system": "Windows-10-10.0.26200-SP0", "machine": "AMD64", "python": "3.11.16", "python_executable": "C:\\Users\\Anthony\\anaconda3\\envs\\strange-matter-gpu\\python.exe", "pytorch": "2.11.0+cu128", "pytorch_cuda": "12.8", "device": "cuda", "gpu": "NVIDIA GeForce RTX 5070 Ti"}
{"epoch": 1, "train_rmse": 1.3179602720819772, "validation_rmse": 0.8677931427955627, "validation_ma_st_rae": 0.9618652810976209, "validation_CYP1A2_st_rae": 1.0551311132519579, "validation_CYP2C9_st_rae": 0.9261650068727665, "validation_CYP2D6_st_rae": 1.057010284017279, "validation_CYP3A4_st_rae": 0.8091547202484805, "mean_raw_gradient_norm": 53.30637702941895, "fraction_gradients_clipped": 1.0}
{"epoch": 2, "train_rmse": 1.3027034906731811, "validation_rmse": 0.8701388835906982, "validation_ma_st_rae": 0.9756071110702863, "validation_CYP1A2_st_rae": 1.0544658498821324, "validation_CYP2C9_st_rae": 0.9933107938355049, "validation_CYP2D6_st_rae": 1.0329431739544754, "validation_CYP3A4_st_rae": 0.8217086266090328, "mean_raw_gradient_norm": 74.04235515594482, "fraction_gradients_clipped": 1.0}
{"epoch": 3, "train_rmse": 1.783162346364237, "validation_rmse": 0.869879424571991, "validation_ma_st_rae": 0.9766102313236019, "validation_CYP1A2_st_rae": 1.0538925598240565, "validation_CYP2C9_st_rae": 0.9930149924716501, "validation_CYP2D6_st_rae": 1.0372911209815057, "validation_CYP3A4_st_rae": 0.8222422520171954, "mean_raw_gradient_norm": 144.6995641708374, "fraction_gradients_clipped": 1.0}
{
  "seed": 1701,
  "selection_metric": "validation_ma_st_rae",
  "best_validation_ma_st_rae": 0.9618652810976209,
  "best_validation_rmse": 0.8677931427955627,
  "restored_fit_rmse": 0.9447692036628723,
  "restored_validation_rmse": 0.8677937388420105,
  "restored_fit_ma_st_rae": 0.8919216208252772,
  "restored_validation_ma_st_rae": 0.9783882787619728,
  "restored_validation_point_ma_st_rae": 0.9618601335613463,
  "restored_validation_point_st_rae_by_cyp": {
    "CYP1A2": 1.0551656547816683,
    "CYP2C9": 0.9261963923158605,
    "CYP2D6": 1.0569727717287505,
    "CYP3A4": 0.8091057154191054
  },
  "restored_fit_st_rae_by_cyp": {
    "CYP1A2": 0.955938592885457,
    "CYP2C9": 0.8665173011072378,
    "CYP2D6": 0.9141007128259089,
    "CYP3A4": 0.8311298764825046
  },
  "restored_validation_st_rae_by_cyp": {
    "CYP1A2": 1.0543322640802448,
    "CYP2C9": 0.9601924183062508,
    "CYP2D6": 1.0789450509478802,
    "CYP3A4": 0.820083381713515
  },
  "validation_bootstrap_metrics": {
    "n_bootstrap_samples": 1000,
    "seed": 0,
    "macro": {
      "st_rae": {
        "mean": 0.9783882787619728,
        "ci_low": 0.865193650608171,
        "ci_high": 1.1090992812513896
      },
      "mae": {
        "mean": 0.6554606686027616,
        "ci_low": 0.5916053526753806,
        "ci_high": 0.7230959627151886
      },
      "r2": {
        "mean": 0.03396812205093197,
        "ci_low": -0.0862242221860569,
        "ci_high": 0.14371211256024272
      },
      "spearman_rho": {
        "mean": 0.38799991107511494,
        "ci_low": 0.2866792759825071,
        "ci_high": 0.48873836221153105
      },
      "kendall_tau": {
        "mean": 0.27052876151313654,
        "ci_low": 0.19575954134716783,
        "ci_high": 0.34371854727752715
      }
    },
    "per_endpoint": {
      "CYP1A2": {
        "st_rae": {
          "mean": 1.0543322640802448,
          "ci_low": 0.812495852997192,
          "ci_high": 1.322696046667894
        },
        "mae": {
          "mean": 0.712721861960458,
          "ci_low": 0.5475777403253024,
          "ci_high": 0.8933450850306964
        },
        "r2": {
          "mean": 0.024627100809062632,
          "ci_low": -0.2265420413611949,
          "ci_high": 0.17572438701073748
        },
        "spearman_rho": {
          "mean": 0.31515571212580634,
          "ci_low": 0.082865258616378,
          "ci_high": 0.5367538668185934
        },
        "kendall_tau": {
          "mean": 0.22279633749848135,
          "ci_low": 0.05893644074854849,
          "ci_high": 0.3847926901969144
        }
      },
      "CYP2C9": {
        "st_rae": {
          "mean": 0.9601924183062508,
          "ci_low": 0.6661971713681392,
          "ci_high": 1.2958992691514617
        },
        "mae": {
          "mean": 0.5619031700412431,
          "ci_low": 0.45681663443644843,
          "ci_high": 0.6769343955318133
        },
        "r2": {
          "mean": 0.014228142649820358,
          "ci_low": -0.3089093774635639,
          "ci_high": 0.27425953106013007
        },
        "spearman_rho": {
          "mean": 0.39371898184622445,
          "ci_low": 0.16558166629469262,
          "ci_high": 0.6042669813040096
        },
        "kendall_tau": {
          "mean": 0.27460588789405405,
          "ci_low": 0.1114910858188909,
          "ci_high": 0.4356584955381048
        }
      },
      "CYP2D6": {
        "st_rae": {
          "mean": 1.0789450509478802,
          "ci_low": 0.8611407819859884,
          "ci_high": 1.3563452717615159
        },
        "mae": {
          "mean": 0.5993340960209187,
          "ci_low": 0.4597314112003033,
          "ci_high": 0.752529616355896
        },
        "r2": {
          "mean": -0.1268582409961932,
          "ci_low": -0.4772298737981243,
          "ci_high": 0.11474948642167165
        },
        "spearman_rho": {
          "mean": 0.3389210765385869,
          "ci_low": 0.1043335372521735,
          "ci_high": 0.5358925544435763
        },
        "kendall_tau": {
          "mean": 0.22592104975710778,
          "ci_low": 0.06607767952349665,
          "ci_high": 0.3721966030434055
        }
      },
      "CYP3A4": {
        "st_rae": {
          "mean": 0.820083381713515,
          "ci_low": 0.7005266735675251,
          "ci_high": 0.9804374228768982
        },
        "mae": {
          "mean": 0.7478835463884265,
          "ci_low": 0.6396050944577817,
          "ci_high": 0.8639218950687453
        },
        "r2": {
          "mean": 0.22387548574103805,
          "ci_low": 0.10892240868421735,
          "ci_high": 0.3283292348635595
        },
        "spearman_rho": {
          "mean": 0.5042038737898421,
          "ci_low": 0.3281529220085684,
          "ci_high": 0.6504601625729096
        },
        "kendall_tau": {
          "mean": 0.358791770902903,
          "ci_low": 0.23012211493263862,
          "ci_high": 0.47310547030440553
        }
      }
    }
  },
  "epochs_run": 3,
  "fit_observations": 806,
  "validation_observations": 272,
  "rule": "fitzhugh_nagumo",
  "generations": 64,
  "hidden_channels": 8,
  "atom_feature_profile": "periodic",
  "atom_feature_count": 33,
  "atom_feature_names": [
    "element_H",
    "element_C",
    "element_N",
    "element_O",
    "element_F",
    "element_P",
    "element_S",
    "element_Cl",
    "element_Br",
    "element_I",
    "element_other",
    "formal_charge",
    "aromatic",
    "hybrid_sp",
    "hybrid_sp2",
    "hybrid_sp3",
    "hybrid_other",
    "degree",
    "total_hydrogens",
    "in_ring",
    "hbond_donor",
    "hbond_acceptor",
    "chiral_cw",
    "chiral_ccw",
    "chiral_other",
    "atomic_number",
    "atomic_mass",
    "covalent_radius",
    "vdw_radius",
    "outer_electrons",
    "period",
    "periodic_group",
    "atomic_volume"
  ],
  "device": "cuda",
  "gpu": "NVIDIA GeForce RTX 5070 Ti",
  "training_seconds": 7.806460599997081,
  "peak_gpu_memory_bytes": 95267328,
  "runtime": {
    "operating_system": "Windows-10-10.0.26200-SP0",
    "machine": "AMD64",
    "python": "3.11.16",
    "python_executable": "C:\\Users\\Anthony\\anaconda3\\envs\\strange-matter-gpu\\python.exe",
    "pytorch": "2.11.0+cu128",
    "pytorch_cuda": "12.8",
    "device": "cuda",
    "gpu": "NVIDIA GeForce RTX 5070 Ti"
  },
  "validation_protocol": {
    "kind": "scaffold_cross_validation",
    "fold": 0,
    "folds": 5
  },
  "readout": "differentiable_closed_form_ridge",
  "hyperparameters": {
    "ca_lr": 0.0003,
    "ridge": 0.1,
    "ca_l2": 0.0001,
    "gradient_clip": 1.0,
    "update_scale": 0.15,
    "init_scale": 1.5,
    "initial_noise": 0.01,
    "support_fraction": 0.85,
    "bond_temperature": 2.0,
    "dyn_a": 0.5,
    "dyn_b": 0.8,
    "dyn_c": 0.8,
    "dyn_d": 0.3,
    "lr_schedule": "cosine_0.1x"
  }
}
