{"operating_system": "Windows-10-10.0.26200-SP0", "machine": "AMD64", "python": "3.11.16", "python_executable": "C:\\Users\\Anthony\\anaconda3\\envs\\strange-matter-gpu\\python.exe", "pytorch": "2.11.0+cu128", "pytorch_cuda": "12.8", "device": "cuda", "gpu": "NVIDIA GeForce RTX 5070 Ti"}
{"epoch": 1, "train_rmse": 1.1220667956966435, "validation_rmse": 0.9105099439620972, "validation_ma_st_rae": 0.9188295597735073, "validation_CYP1A2_st_rae": 0.9673706785946675, "validation_CYP2C9_st_rae": 0.7921315470969847, "validation_CYP2D6_st_rae": 1.1321463753930456, "validation_CYP3A4_st_rae": 0.7836696380093312, "mean_raw_gradient_norm": 22.309608762462933, "fraction_gradients_clipped": 1.0}
{"epoch": 2, "train_rmse": 1.0189594442293848, "validation_rmse": 0.9175276756286621, "validation_ma_st_rae": 0.9423269327513387, "validation_CYP1A2_st_rae": 1.015444112895584, "validation_CYP2C9_st_rae": 0.8391658223301898, "validation_CYP2D6_st_rae": 1.0982519776247028, "validation_CYP3A4_st_rae": 0.8164458181548785, "mean_raw_gradient_norm": 11.68176161746184, "fraction_gradients_clipped": 1.0}
{"epoch": 3, "train_rmse": 1.0626552874118282, "validation_rmse": 0.906798243522644, "validation_ma_st_rae": 0.9115747301235094, "validation_CYP1A2_st_rae": 0.9761629329023316, "validation_CYP2C9_st_rae": 0.7877338882716336, "validation_CYP2D6_st_rae": 1.0820149477255865, "validation_CYP3A4_st_rae": 0.800387151594486, "mean_raw_gradient_norm": 13.631927380959192, "fraction_gradients_clipped": 1.0}
{"epoch": 4, "train_rmse": 1.0568196859938552, "validation_rmse": 0.888095498085022, "validation_ma_st_rae": 0.883031746248922, "validation_CYP1A2_st_rae": 0.9464330857296421, "validation_CYP2C9_st_rae": 0.7653274937535423, "validation_CYP2D6_st_rae": 1.0472437769105298, "validation_CYP3A4_st_rae": 0.7731226286019733, "mean_raw_gradient_norm": 7.547468980153401, "fraction_gradients_clipped": 1.0}
{"epoch": 5, "train_rmse": 0.9968033894133085, "validation_rmse": 0.9010323286056519, "validation_ma_st_rae": 0.9022711257521022, "validation_CYP1A2_st_rae": 0.9524394078936732, "validation_CYP2C9_st_rae": 0.7755439057026902, "validation_CYP2D6_st_rae": 1.085297029130076, "validation_CYP3A4_st_rae": 0.7958041602819695, "mean_raw_gradient_norm": 6.9501687834660215, "fraction_gradients_clipped": 1.0}
{"epoch": 6, "train_rmse": 0.980596646109389, "validation_rmse": 0.8945731520652771, "validation_ma_st_rae": 0.8949445026853727, "validation_CYP1A2_st_rae": 0.9755978022694247, "validation_CYP2C9_st_rae": 0.7676801673898658, "validation_CYP2D6_st_rae": 1.0617690000120643, "validation_CYP3A4_st_rae": 0.7747310410701362, "mean_raw_gradient_norm": 6.327368664244811, "fraction_gradients_clipped": 1.0}
{"epoch": 7, "train_rmse": 1.0136081066202363, "validation_rmse": 0.8966231346130371, "validation_ma_st_rae": 0.8943863381952695, "validation_CYP1A2_st_rae": 0.9757834535433132, "validation_CYP2C9_st_rae": 0.7605078934204842, "validation_CYP2D6_st_rae": 1.0570999930273297, "validation_CYP3A4_st_rae": 0.784154012789951, "mean_raw_gradient_norm": 6.10184774796168, "fraction_gradients_clipped": 1.0}
{
  "seed": 2909,
  "selection_metric": "validation_ma_st_rae",
  "best_validation_ma_st_rae": 0.883031746248922,
  "best_validation_rmse": 0.888095498085022,
  "restored_fit_rmse": 0.8283928632736206,
  "restored_validation_rmse": 0.8880987167358398,
  "restored_fit_ma_st_rae": 0.8324829224511225,
  "restored_validation_ma_st_rae": 0.8865724158585199,
  "restored_validation_point_ma_st_rae": 0.8830397004236504,
  "restored_validation_point_st_rae_by_cyp": {
    "CYP1A2": 0.9464453517292357,
    "CYP2C9": 0.7653791693273821,
    "CYP2D6": 1.0472155176641196,
    "CYP3A4": 0.7731187629738643
  },
  "restored_fit_st_rae_by_cyp": {
    "CYP1A2": 0.8457055213609106,
    "CYP2C9": 0.8133257667137979,
    "CYP2D6": 0.957505647606081,
    "CYP3A4": 0.713394754123701
  },
  "restored_validation_st_rae_by_cyp": {
    "CYP1A2": 0.9505002541793917,
    "CYP2C9": 0.7692931721720602,
    "CYP2D6": 1.0498420780584252,
    "CYP3A4": 0.7766541590242024
  },
  "validation_bootstrap_metrics": {
    "n_bootstrap_samples": 1000,
    "seed": 0,
    "macro": {
      "st_rae": {
        "mean": 0.8865724158585199,
        "ci_low": 0.8446771450132976,
        "ci_high": 0.9334746634832971
      },
      "mae": {
        "mean": 0.6598052053124543,
        "ci_low": 0.6239492235624539,
        "ci_high": 0.696031007433504
      },
      "r2": {
        "mean": 0.1723951066637857,
        "ci_low": 0.13011363390806324,
        "ci_high": 0.2091738283705754
      },
      "spearman_rho": {
        "mean": 0.40628555805512706,
        "ci_low": 0.3545175674115551,
        "ci_high": 0.4563933073656307
      },
      "kendall_tau": {
        "mean": 0.2838506779865365,
        "ci_low": 0.2469213215637552,
        "ci_high": 0.3192646681588341
      }
    },
    "per_endpoint": {
      "CYP1A2": {
        "st_rae": {
          "mean": 0.9505002541793917,
          "ci_low": 0.8502713197433679,
          "ci_high": 1.0647792926168678
        },
        "mae": {
          "mean": 0.6955885891233172,
          "ci_low": 0.6180822597474468,
          "ci_high": 0.770809640057233
        },
        "r2": {
          "mean": 0.12890953527431712,
          "ci_low": 0.022004402975391392,
          "ci_high": 0.2094942565258637
        },
        "spearman_rho": {
          "mean": 0.3598202537871175,
          "ci_low": 0.23996289056680586,
          "ci_high": 0.4734182622920051
        },
        "kendall_tau": {
          "mean": 0.24843472222855975,
          "ci_low": 0.16708623020635346,
          "ci_high": 0.32760740775859004
        }
      },
      "CYP2C9": {
        "st_rae": {
          "mean": 0.7692931721720602,
          "ci_low": 0.6857006288541303,
          "ci_high": 0.8622032742292279
        },
        "mae": {
          "mean": 0.5602810907426633,
          "ci_low": 0.4985060553801687,
          "ci_high": 0.624534789172181
        },
        "r2": {
          "mean": 0.2420178906161377,
          "ci_low": 0.16505198319411263,
          "ci_high": 0.3179130397124404
        },
        "spearman_rho": {
          "mean": 0.5231273958387495,
          "ci_low": 0.4169135825668686,
          "ci_high": 0.6294540632853244
        },
        "kendall_tau": {
          "mean": 0.3743822171492617,
          "ci_low": 0.29429358221554475,
          "ci_high": 0.4568471135732685
        }
      },
      "CYP2D6": {
        "st_rae": {
          "mean": 1.0498420780584252,
          "ci_low": 0.9794673993699425,
          "ci_high": 1.1291397231158322
        },
        "mae": {
          "mean": 0.6626181081663116,
          "ci_low": 0.5827891636218985,
          "ci_high": 0.7520644173462521
        },
        "r2": {
          "mean": -0.0012163722184910944,
          "ci_low": -0.09877627744958825,
          "ci_high": 0.07893126804489689
        },
        "spearman_rho": {
          "mean": 0.16554138437768393,
          "ci_low": 0.04366151755358185,
          "ci_high": 0.28206301032685444
        },
        "kendall_tau": {
          "mean": 0.11150791641310825,
          "ci_low": 0.02786830776408524,
          "ci_high": 0.19050351040006452
        }
      },
      "CYP3A4": {
        "st_rae": {
          "mean": 0.7766541590242024,
          "ci_low": 0.7025760888589518,
          "ci_high": 0.8512405625915433
        },
        "mae": {
          "mean": 0.720733033217525,
          "ci_low": 0.668971669257252,
          "ci_high": 0.7728262013309939
        },
        "r2": {
          "mean": 0.31986937298317925,
          "ci_low": 0.24977543317181453,
          "ci_high": 0.38480567650698627
        },
        "spearman_rho": {
          "mean": 0.5766531982169575,
          "ci_low": 0.5106688892415577,
          "ci_high": 0.6392279990122205
        },
        "kendall_tau": {
          "mean": 0.40107785615521635,
          "ci_low": 0.3535113534920475,
          "ci_high": 0.4487973696175184
        }
      }
    }
  },
  "epochs_run": 7,
  "fit_observations": 4082,
  "validation_observations": 1134,
  "rule": "delayed_memory",
  "generations": 125,
  "hidden_channels": 16,
  "atom_feature_profile": "electronic_local",
  "atom_feature_count": 37,
  "atom_feature_names": [
    "element_H",
    "element_C",
    "element_N",
    "element_O",
    "element_F",
    "element_P",
    "element_S",
    "element_Cl",
    "element_Br",
    "element_I",
    "element_other",
    "formal_charge",
    "aromatic",
    "hybrid_sp",
    "hybrid_sp2",
    "hybrid_sp3",
    "hybrid_other",
    "degree",
    "total_hydrogens",
    "in_ring",
    "hbond_donor",
    "hbond_acceptor",
    "chiral_cw",
    "chiral_ccw",
    "chiral_other",
    "electronegativity",
    "polarizability",
    "heteroatom",
    "halogen",
    "conjugated_bond_fraction",
    "first_ionization_energy",
    "electron_affinity",
    "electronic_property_missing",
    "mean_neighbour_electronegativity",
    "electronegativity_difference",
    "mean_neighbour_atomic_number",
    "neighbour_formal_charge"
  ],
  "device": "cuda",
  "gpu": "NVIDIA GeForce RTX 5070 Ti",
  "training_seconds": 157.43338510009926,
  "peak_gpu_memory_bytes": 316783104,
  "runtime": {
    "operating_system": "Windows-10-10.0.26200-SP0",
    "machine": "AMD64",
    "python": "3.11.16",
    "python_executable": "C:\\Users\\Anthony\\anaconda3\\envs\\strange-matter-gpu\\python.exe",
    "pytorch": "2.11.0+cu128",
    "pytorch_cuda": "12.8",
    "device": "cuda",
    "gpu": "NVIDIA GeForce RTX 5070 Ti"
  },
  "validation_protocol": {
    "kind": "scaffold_cross_validation",
    "fold": 4,
    "folds": 5
  },
  "readout": "differentiable_closed_form_ridge",
  "hyperparameters": {
    "ca_lr": 0.003,
    "ridge": 1.0,
    "ca_l2": 1e-05,
    "gradient_clip": 1.0,
    "update_scale": 0.15,
    "init_scale": 0.5,
    "initial_noise": 0.005,
    "support_fraction": 0.75,
    "bond_temperature": 1.0,
    "dyn_a": 0.8,
    "dyn_b": 0.8,
    "dyn_c": 0.2,
    "dyn_d": 0.05,
    "lr_schedule": "cosine_0.1x"
  }
}
