{"device": "cuda", "gpu": "NVIDIA GeForce RTX 5070 Ti", "pytorch": "2.11.0+cu128", "pytorch_cuda": "12.8"}
{"epoch": 1, "train_rmse": 1.264192387496642, "validation_rmse": 0.9548531770706177, "mean_raw_gradient_norm": 23.62857503890991, "fraction_gradients_clipped": 1.0}
{"epoch": 2, "train_rmse": 1.412103649671247, "validation_rmse": 0.9543841481208801, "mean_raw_gradient_norm": 19.410332107543944, "fraction_gradients_clipped": 1.0}
{"epoch": 3, "train_rmse": 1.434194297282279, "validation_rmse": 0.9531956911087036, "mean_raw_gradient_norm": 24.828155326843262, "fraction_gradients_clipped": 1.0}
{
  "seed": 1701,
  "best_validation_rmse": 0.9548531770706177,
  "restored_fit_rmse": 0.8380582928657532,
  "restored_validation_rmse": 0.9548574686050415,
  "epochs_run": 3,
  "fit_observations": 791,
  "validation_observations": 273,
  "rule": "gated_residual",
  "generations": 16,
  "hidden_channels": 16,
  "device": "cuda",
  "gpu": "NVIDIA GeForce RTX 5070 Ti",
  "training_seconds": 2.5664575999835506,
  "peak_gpu_memory_bytes": 52097024,
  "readout": "differentiable_closed_form_ridge",
  "hyperparameters": {
    "ca_lr": 0.001,
    "ridge": 0.1,
    "ca_l2": 1e-06,
    "gradient_clip": 1.0
  }
}
