{"operating_system": "Windows-10-10.0.26200-SP0", "machine": "AMD64", "python": "3.11.16", "python_executable": "C:\\Users\\Anthony\\anaconda3\\envs\\strange-matter-gpu\\python.exe", "pytorch": "2.11.0+cu128", "pytorch_cuda": "12.8", "device": "cuda", "gpu": "NVIDIA GeForce RTX 5070 Ti"}
{"epoch": 1, "train_rmse": 1.327270854690465, "validation_rmse": 0.9363517761230469, "mean_raw_gradient_norm": 22.038304269313812, "fraction_gradients_clipped": 1.0}
{"epoch": 2, "train_rmse": 1.314733460127108, "validation_rmse": 0.93429034948349, "mean_raw_gradient_norm": 22.955877378582954, "fraction_gradients_clipped": 1.0}
{"epoch": 3, "train_rmse": 1.2164751914955243, "validation_rmse": 0.9308019280433655, "mean_raw_gradient_norm": 18.70914353430271, "fraction_gradients_clipped": 1.0}
{"epoch": 4, "train_rmse": 1.2622167690926818, "validation_rmse": 0.9334746599197388, "mean_raw_gradient_norm": 18.650785639882088, "fraction_gradients_clipped": 1.0}
{"epoch": 5, "train_rmse": 1.1990356928380128, "validation_rmse": 0.9360724091529846, "mean_raw_gradient_norm": 16.788467213511467, "fraction_gradients_clipped": 1.0}
{"epoch": 6, "train_rmse": 1.1836600733195812, "validation_rmse": 0.9369552731513977, "mean_raw_gradient_norm": 14.326860219240189, "fraction_gradients_clipped": 1.0}
{"epoch": 7, "train_rmse": 1.3506005056018606, "validation_rmse": 0.9370186924934387, "mean_raw_gradient_norm": 23.672589614987373, "fraction_gradients_clipped": 1.0}
{
  "seed": 1701,
  "best_validation_rmse": 0.9308019280433655,
  "restored_fit_rmse": 0.8507930040359497,
  "restored_validation_rmse": 0.930930495262146,
  "epochs_run": 7,
  "fit_observations": 2643,
  "validation_observations": 670,
  "rule": "coupled_map",
  "generations": 16,
  "hidden_channels": 16,
  "atom_feature_profile": "periodic_valence",
  "atom_feature_count": 35,
  "atom_feature_names": [
    "element_H",
    "element_C",
    "element_N",
    "element_O",
    "element_F",
    "element_P",
    "element_S",
    "element_Cl",
    "element_Br",
    "element_I",
    "element_other",
    "formal_charge",
    "aromatic",
    "hybrid_sp",
    "hybrid_sp2",
    "hybrid_sp3",
    "hybrid_other",
    "degree",
    "total_hydrogens",
    "in_ring",
    "hbond_donor",
    "hbond_acceptor",
    "chiral_cw",
    "chiral_ccw",
    "chiral_other",
    "atomic_number",
    "atomic_mass",
    "covalent_radius",
    "vdw_radius",
    "outer_electrons",
    "total_valence",
    "implicit_valence",
    "heavy_atom_degree",
    "radical_electrons",
    "absolute_formal_charge"
  ],
  "device": "cuda",
  "gpu": "NVIDIA GeForce RTX 5070 Ti",
  "training_seconds": 23.933525200001895,
  "peak_gpu_memory_bytes": 71345664,
  "runtime": {
    "operating_system": "Windows-10-10.0.26200-SP0",
    "machine": "AMD64",
    "python": "3.11.16",
    "python_executable": "C:\\Users\\Anthony\\anaconda3\\envs\\strange-matter-gpu\\python.exe",
    "pytorch": "2.11.0+cu128",
    "pytorch_cuda": "12.8",
    "device": "cuda",
    "gpu": "NVIDIA GeForce RTX 5070 Ti"
  },
  "readout": "differentiable_closed_form_ridge",
  "hyperparameters": {
    "ca_lr": 0.001,
    "ridge": 0.1,
    "ca_l2": 1e-05,
    "gradient_clip": 1.0,
    "update_scale": 0.4,
    "init_scale": 0.5,
    "initial_noise": 0.0,
    "support_fraction": 0.85,
    "bond_temperature": 2.0,
    "dyn_a": 0.2,
    "dyn_b": 0.5,
    "dyn_c": 0.8,
    "dyn_d": 0.3,
    "lr_schedule": "cosine_0.1x"
  }
}
