{"operating_system": "Windows-10-10.0.26200-SP0", "machine": "AMD64", "python": "3.11.16", "python_executable": "C:\\Users\\Anthony\\anaconda3\\envs\\strange-matter-gpu\\python.exe", "pytorch": "2.11.0+cu128", "pytorch_cuda": "12.8", "device": "cuda", "gpu": "NVIDIA GeForce RTX 5070 Ti"}
{"epoch": 1, "train_rmse": 1.1915641497627822, "validation_rmse": 0.897472083568573, "validation_ma_st_rae": 0.8981984896237853, "validation_CYP1A2_st_rae": 0.972129879516805, "validation_CYP2C9_st_rae": 0.7463844735250883, "validation_CYP2D6_st_rae": 1.0767442635383166, "validation_CYP3A4_st_rae": 0.7975353419149311, "mean_raw_gradient_norm": 13.580712874730429, "fraction_gradients_clipped": 1.0}
{"epoch": 2, "train_rmse": 1.066241877369231, "validation_rmse": 0.9036955237388611, "validation_ma_st_rae": 0.9004175384487463, "validation_CYP1A2_st_rae": 0.9836116217424542, "validation_CYP2C9_st_rae": 0.787431293004909, "validation_CYP2D6_st_rae": 1.0253306487049718, "validation_CYP3A4_st_rae": 0.8052965903426502, "mean_raw_gradient_norm": 4.968436909218629, "fraction_gradients_clipped": 1.0}
{"epoch": 3, "train_rmse": 0.993993878700096, "validation_rmse": 0.8882312774658203, "validation_ma_st_rae": 0.8923229215266044, "validation_CYP1A2_st_rae": 0.9703384789037165, "validation_CYP2C9_st_rae": 0.7737546898568379, "validation_CYP2D6_st_rae": 1.035041726284893, "validation_CYP3A4_st_rae": 0.7901567910609699, "mean_raw_gradient_norm": 3.131906179090341, "fraction_gradients_clipped": 1.0}
{"epoch": 4, "train_rmse": 1.0045909971351137, "validation_rmse": 0.8834754824638367, "validation_ma_st_rae": 0.8872713558277554, "validation_CYP1A2_st_rae": 0.9731718599465184, "validation_CYP2C9_st_rae": 0.7634646261059456, "validation_CYP2D6_st_rae": 1.0311310187478675, "validation_CYP3A4_st_rae": 0.7813179185106904, "mean_raw_gradient_norm": 3.293879677851995, "fraction_gradients_clipped": 1.0}
{"epoch": 5, "train_rmse": 1.0126212063999833, "validation_rmse": 0.8832899332046509, "validation_ma_st_rae": 0.8845347453761669, "validation_CYP1A2_st_rae": 0.9779861325351513, "validation_CYP2C9_st_rae": 0.7526855031509381, "validation_CYP2D6_st_rae": 1.033427423316915, "validation_CYP3A4_st_rae": 0.7740399225016635, "mean_raw_gradient_norm": 3.3535210266709328, "fraction_gradients_clipped": 1.0}
{"epoch": 6, "train_rmse": 0.9609796133409986, "validation_rmse": 0.8835393786430359, "validation_ma_st_rae": 0.8784284177987569, "validation_CYP1A2_st_rae": 0.958380991540914, "validation_CYP2C9_st_rae": 0.7376259598939469, "validation_CYP2D6_st_rae": 1.0409549467305388, "validation_CYP3A4_st_rae": 0.776751773029628, "mean_raw_gradient_norm": 2.799096723397573, "fraction_gradients_clipped": 1.0}
{"epoch": 7, "train_rmse": 0.9660633901345688, "validation_rmse": 0.8819594383239746, "validation_ma_st_rae": 0.8764270200904776, "validation_CYP1A2_st_rae": 0.9633002644136318, "validation_CYP2C9_st_rae": 0.7291596528052844, "validation_CYP2D6_st_rae": 1.0374964940038058, "validation_CYP3A4_st_rae": 0.7757516691391881, "mean_raw_gradient_norm": 3.1890910789370537, "fraction_gradients_clipped": 1.0}
{"epoch": 8, "train_rmse": 0.9605538059416869, "validation_rmse": 0.8821123242378235, "validation_ma_st_rae": 0.8782943289226746, "validation_CYP1A2_st_rae": 0.9718985217555276, "validation_CYP2C9_st_rae": 0.7341832447725147, "validation_CYP2D6_st_rae": 1.033610985004305, "validation_CYP3A4_st_rae": 0.773484564158351, "mean_raw_gradient_norm": 2.423521500080824, "fraction_gradients_clipped": 0.9791666666666666}
{
  "seed": 4211,
  "selection_metric": "validation_ma_st_rae",
  "best_validation_ma_st_rae": 0.8784284177987569,
  "best_validation_rmse": 0.8835393786430359,
  "restored_fit_rmse": 0.8276750445365906,
  "restored_validation_rmse": 0.8835387229919434,
  "restored_fit_ma_st_rae": 0.8175296885417503,
  "restored_validation_ma_st_rae": 0.8837734937350695,
  "restored_validation_point_ma_st_rae": 0.8784281743249225,
  "restored_validation_point_st_rae_by_cyp": {
    "CYP1A2": 0.9583823327615055,
    "CYP2C9": 0.7376234026306577,
    "CYP2D6": 1.040952817639967,
    "CYP3A4": 0.7767541442675601
  },
  "restored_fit_st_rae_by_cyp": {
    "CYP1A2": 0.8480158666228612,
    "CYP2C9": 0.7613339221617375,
    "CYP2D6": 0.9426986489492352,
    "CYP3A4": 0.7180703164331673
  },
  "restored_validation_st_rae_by_cyp": {
    "CYP1A2": 0.9656005941711792,
    "CYP2C9": 0.7464197034523854,
    "CYP2D6": 1.0436560953101015,
    "CYP3A4": 0.7794175820066116
  },
  "validation_bootstrap_metrics": {
    "n_bootstrap_samples": 1000,
    "seed": 0,
    "macro": {
      "st_rae": {
        "mean": 0.8837734937350695,
        "ci_low": 0.8374708801528267,
        "ci_high": 0.9336652579577598
      },
      "mae": {
        "mean": 0.658327673067675,
        "ci_low": 0.6237904989347992,
        "ci_high": 0.6899090720599093
      },
      "r2": {
        "mean": 0.18587768474008276,
        "ci_low": 0.14084748207886252,
        "ci_high": 0.23290234011112845
      },
      "spearman_rho": {
        "mean": 0.4151700758926921,
        "ci_low": 0.3612351484981047,
        "ci_high": 0.465254917966201
      },
      "kendall_tau": {
        "mean": 0.28995842556099993,
        "ci_low": 0.2515715785772617,
        "ci_high": 0.32676638215852155
      }
    },
    "per_endpoint": {
      "CYP1A2": {
        "st_rae": {
          "mean": 0.9656005941711792,
          "ci_low": 0.8678213408200093,
          "ci_high": 1.0728681354951237
        },
        "mae": {
          "mean": 0.7002398276144145,
          "ci_low": 0.6266091751809023,
          "ci_high": 0.7781584584712982
        },
        "r2": {
          "mean": 0.11340494465776714,
          "ci_low": 0.017104763079745913,
          "ci_high": 0.1928146129004938
        },
        "spearman_rho": {
          "mean": 0.34238493313212576,
          "ci_low": 0.21347097791512334,
          "ci_high": 0.4544095419749081
        },
        "kendall_tau": {
          "mean": 0.23416683014869313,
          "ci_low": 0.14716594882171163,
          "ci_high": 0.31164172230359455
        }
      },
      "CYP2C9": {
        "st_rae": {
          "mean": 0.7464197034523854,
          "ci_low": 0.6434784685803233,
          "ci_high": 0.8638444445297347
        },
        "mae": {
          "mean": 0.544625911539061,
          "ci_low": 0.4829338126015245,
          "ci_high": 0.6074549695117432
        },
        "r2": {
          "mean": 0.27888566318486974,
          "ci_low": 0.16481587483645493,
          "ci_high": 0.38220407169580495
        },
        "spearman_rho": {
          "mean": 0.49616069882477265,
          "ci_low": 0.38548515002429456,
          "ci_high": 0.5996864142390085
        },
        "kendall_tau": {
          "mean": 0.35518645740529,
          "ci_low": 0.2716795479069442,
          "ci_high": 0.43711330202228
        }
      },
      "CYP2D6": {
        "st_rae": {
          "mean": 1.0436560953101015,
          "ci_low": 0.9609089695836667,
          "ci_high": 1.137269419118401
        },
        "mae": {
          "mean": 0.6621671330021016,
          "ci_low": 0.5813831162377879,
          "ci_high": 0.7404587350879254
        },
        "r2": {
          "mean": 0.03173532046619619,
          "ci_low": -0.0653159766436408,
          "ci_high": 0.11882158804664214
        },
        "spearman_rho": {
          "mean": 0.24203063348713272,
          "ci_low": 0.12327624083517637,
          "ci_high": 0.36432082662566934
        },
        "kendall_tau": {
          "mean": 0.1626364340858302,
          "ci_low": 0.08066444890601507,
          "ci_high": 0.24551636911963762
        }
      },
      "CYP3A4": {
        "st_rae": {
          "mean": 0.7794175820066116,
          "ci_low": 0.6938965277797374,
          "ci_high": 0.86459488541807
        },
        "mae": {
          "mean": 0.7262778201151234,
          "ci_low": 0.6714682661102847,
          "ci_high": 0.7773518681526184
        },
        "r2": {
          "mean": 0.31948481065149803,
          "ci_low": 0.24564615126939768,
          "ci_high": 0.3906056841960952
        },
        "spearman_rho": {
          "mean": 0.5801040381267375,
          "ci_low": 0.5087566702216477,
          "ci_high": 0.6490438278490124
        },
        "kendall_tau": {
          "mean": 0.40784398060418653,
          "ci_low": 0.3548545616659073,
          "ci_high": 0.4608398723254838
        }
      }
    }
  },
  "epochs_run": 8,
  "fit_observations": 4082,
  "validation_observations": 1134,
  "rule": "damped_symplectic",
  "generations": 16,
  "hidden_channels": 16,
  "atom_feature_profile": "local_environment",
  "atom_feature_count": 29,
  "atom_feature_names": [
    "element_H",
    "element_C",
    "element_N",
    "element_O",
    "element_F",
    "element_P",
    "element_S",
    "element_Cl",
    "element_Br",
    "element_I",
    "element_other",
    "formal_charge",
    "aromatic",
    "hybrid_sp",
    "hybrid_sp2",
    "hybrid_sp3",
    "hybrid_other",
    "degree",
    "total_hydrogens",
    "in_ring",
    "hbond_donor",
    "hbond_acceptor",
    "chiral_cw",
    "chiral_ccw",
    "chiral_other",
    "mean_neighbour_electronegativity",
    "electronegativity_difference",
    "mean_neighbour_atomic_number",
    "neighbour_formal_charge"
  ],
  "device": "cuda",
  "gpu": "NVIDIA GeForce RTX 5070 Ti",
  "training_seconds": 32.65453289996367,
  "peak_gpu_memory_bytes": 60494848,
  "runtime": {
    "operating_system": "Windows-10-10.0.26200-SP0",
    "machine": "AMD64",
    "python": "3.11.16",
    "python_executable": "C:\\Users\\Anthony\\anaconda3\\envs\\strange-matter-gpu\\python.exe",
    "pytorch": "2.11.0+cu128",
    "pytorch_cuda": "12.8",
    "device": "cuda",
    "gpu": "NVIDIA GeForce RTX 5070 Ti"
  },
  "validation_protocol": {
    "kind": "scaffold_cross_validation",
    "fold": 4,
    "folds": 5
  },
  "readout": "differentiable_closed_form_ridge",
  "hyperparameters": {
    "ca_lr": 0.003,
    "ridge": 1.0,
    "ca_l2": 1e-06,
    "gradient_clip": 1.0,
    "update_scale": 0.25,
    "init_scale": 1.5,
    "initial_noise": 0.0,
    "support_fraction": 0.6,
    "bond_temperature": 1.0,
    "dyn_a": 0.5,
    "dyn_b": 0.2,
    "dyn_c": 0.2,
    "dyn_d": 0.15,
    "lr_schedule": "cosine_0.1x"
  }
}
