{"device": "cuda", "gpu": "NVIDIA GeForce RTX 5070 Ti", "pytorch": "2.11.0+cu128", "pytorch_cuda": "12.8"}
{"epoch": 1, "train_rmse": 4.138656296266482, "validation_rmse": 0.932031512260437, "mean_raw_gradient_norm": 4950.803763427734, "fraction_gradients_clipped": 1.0}
{"epoch": 2, "train_rmse": 3.742036377356422, "validation_rmse": 0.917423665523529, "mean_raw_gradient_norm": 3571.472044494629, "fraction_gradients_clipped": 1.0}
{"epoch": 3, "train_rmse": 4.239162468084769, "validation_rmse": 0.9247143864631653, "mean_raw_gradient_norm": 3462.319539520264, "fraction_gradients_clipped": 1.0}
{"epoch": 4, "train_rmse": 3.6144441590723018, "validation_rmse": 0.9339700937271118, "mean_raw_gradient_norm": 1846.8796299591065, "fraction_gradients_clipped": 1.0}
{"epoch": 5, "train_rmse": 3.6430319194727447, "validation_rmse": 0.9278897643089294, "mean_raw_gradient_norm": 1252.7185494384767, "fraction_gradients_clipped": 1.0}
{
  "seed": 1701,
  "best_validation_rmse": 0.917423665523529,
  "restored_fit_rmse": 0.8557338118553162,
  "restored_validation_rmse": 0.9172112345695496,
  "epochs_run": 5,
  "fit_observations": 2643,
  "validation_observations": 670,
  "rule": "gated_residual",
  "generations": 16,
  "hidden_channels": 16,
  "device": "cuda",
  "gpu": "NVIDIA GeForce RTX 5070 Ti",
  "training_seconds": 24.472455500042997,
  "peak_gpu_memory_bytes": 29176320,
  "readout": "differentiable_closed_form_ridge",
  "hyperparameters": {
    "ca_lr": 0.001,
    "ridge": 0.001,
    "ca_l2": 1e-06,
    "gradient_clip": 1.0
  }
}
