{"operating_system": "Windows-10-10.0.26200-SP0", "machine": "AMD64", "python": "3.11.16", "python_executable": "C:\\Users\\Anthony\\anaconda3\\envs\\strange-matter-gpu\\python.exe", "pytorch": "2.11.0+cu128", "pytorch_cuda": "12.8", "device": "cuda", "gpu": "NVIDIA GeForce RTX 5070 Ti"}
{"epoch": 1, "train_rmse": 1.222236333758098, "validation_rmse": 0.8291168212890625, "validation_ma_st_rae": 0.9373930874398462, "validation_CYP1A2_st_rae": 1.0578646962751244, "validation_CYP2C9_st_rae": 0.8310963377245486, "validation_CYP2D6_st_rae": 0.97272106366581, "validation_CYP3A4_st_rae": 0.8878902520939019, "mean_raw_gradient_norm": 9.218158960342407, "fraction_gradients_clipped": 1.0}
{"epoch": 2, "train_rmse": 1.0793803917787526, "validation_rmse": 0.8286744952201843, "validation_ma_st_rae": 0.936129415881344, "validation_CYP1A2_st_rae": 1.0509206477514326, "validation_CYP2C9_st_rae": 0.8349382853345032, "validation_CYP2D6_st_rae": 0.9686772541375163, "validation_CYP3A4_st_rae": 0.8899814763019238, "mean_raw_gradient_norm": 9.901916933059692, "fraction_gradients_clipped": 1.0}
{"epoch": 3, "train_rmse": 1.453682188779701, "validation_rmse": 0.8283305168151855, "validation_ma_st_rae": 0.935885874855553, "validation_CYP1A2_st_rae": 1.0441184497764187, "validation_CYP2C9_st_rae": 0.8381122491320968, "validation_CYP2D6_st_rae": 0.9693878677605036, "validation_CYP3A4_st_rae": 0.8919249327531931, "mean_raw_gradient_norm": 19.255500555038452, "fraction_gradients_clipped": 1.0}
{
  "seed": 1701,
  "selection_metric": "validation_ma_st_rae",
  "best_validation_ma_st_rae": 0.9373930874398462,
  "best_validation_rmse": 0.8291168212890625,
  "restored_fit_rmse": 0.8848680257797241,
  "restored_validation_rmse": 0.8291181921958923,
  "restored_fit_ma_st_rae": 0.8099095733194149,
  "restored_validation_ma_st_rae": 0.9544441457303434,
  "restored_validation_point_ma_st_rae": 0.9374030922766838,
  "restored_validation_point_st_rae_by_cyp": {
    "CYP1A2": 1.0578570023187026,
    "CYP2C9": 0.8311188253802203,
    "CYP2D6": 0.9727547694248148,
    "CYP3A4": 0.8878817719829977
  },
  "restored_fit_st_rae_by_cyp": {
    "CYP1A2": 0.7748285281618035,
    "CYP2C9": 0.766217861035944,
    "CYP2D6": 0.9567324317933896,
    "CYP3A4": 0.7418594722865223
  },
  "restored_validation_st_rae_by_cyp": {
    "CYP1A2": 1.064842737865658,
    "CYP2C9": 0.8603845095814333,
    "CYP2D6": 0.9887098095920873,
    "CYP3A4": 0.9038395258821946
  },
  "validation_bootstrap_metrics": {
    "n_bootstrap_samples": 1000,
    "seed": 0,
    "macro": {
      "st_rae": {
        "mean": 0.9544441457303434,
        "ci_low": 0.8363170584924837,
        "ci_high": 1.084085344746822
      },
      "mae": {
        "mean": 0.645364411377695,
        "ci_low": 0.588087398422426,
        "ci_high": 0.7100277947689745
      },
      "r2": {
        "mean": 0.1327881474355659,
        "ci_low": 0.02112237123033488,
        "ci_high": 0.23168456616632405
      },
      "spearman_rho": {
        "mean": 0.4455473330132811,
        "ci_low": 0.35011898981960843,
        "ci_high": 0.5431142901551402
      },
      "kendall_tau": {
        "mean": 0.316956715999082,
        "ci_low": 0.24554777243324946,
        "ci_high": 0.3910671801119169
      }
    },
    "per_endpoint": {
      "CYP1A2": {
        "st_rae": {
          "mean": 1.064842737865658,
          "ci_low": 0.7945628760139517,
          "ci_high": 1.391468911105015
        },
        "mae": {
          "mean": 0.7046465399304375,
          "ci_low": 0.5573406399273482,
          "ci_high": 0.8669666788617119
        },
        "r2": {
          "mean": 0.11040752172740353,
          "ci_low": -0.114508258460081,
          "ci_high": 0.26346426119441924
        },
        "spearman_rho": {
          "mean": 0.5247203134361592,
          "ci_low": 0.32689526905924576,
          "ci_high": 0.6805301593262557
        },
        "kendall_tau": {
          "mean": 0.36607876885067075,
          "ci_low": 0.2257230255839822,
          "ci_high": 0.49366288667660513
        }
      },
      "CYP2C9": {
        "st_rae": {
          "mean": 0.8603845095814333,
          "ci_low": 0.5888519023097428,
          "ci_high": 1.1747057488234098
        },
        "mae": {
          "mean": 0.5323803407073021,
          "ci_low": 0.4344767698645592,
          "ci_high": 0.6372519553701084
        },
        "r2": {
          "mean": 0.14793777057324967,
          "ci_low": -0.13316554070653644,
          "ci_high": 0.37628126542949186
        },
        "spearman_rho": {
          "mean": 0.4388635699343849,
          "ci_low": 0.18696556421332805,
          "ci_high": 0.6515655921349812
        },
        "kendall_tau": {
          "mean": 0.32726447277545834,
          "ci_low": 0.14287436448711308,
          "ci_high": 0.4870826051342594
        }
      },
      "CYP2D6": {
        "st_rae": {
          "mean": 0.9887098095920873,
          "ci_low": 0.8166745632866086,
          "ci_high": 1.1913123166141968
        },
        "mae": {
          "mean": 0.569153285246629,
          "ci_low": 0.45382089569018436,
          "ci_high": 0.6992963154499346
        },
        "r2": {
          "mean": 0.03526381675178047,
          "ci_low": -0.19028463860630263,
          "ci_high": 0.19032162241872214
        },
        "spearman_rho": {
          "mean": 0.324947249578698,
          "ci_low": 0.08619903504921798,
          "ci_high": 0.528243266352064
        },
        "kendall_tau": {
          "mean": 0.21917792544784015,
          "ci_low": 0.0513343862027017,
          "ci_high": 0.3717649665349607
        }
      },
      "CYP3A4": {
        "st_rae": {
          "mean": 0.9038395258821946,
          "ci_low": 0.7091413467043239,
          "ci_high": 1.158666228366229
        },
        "mae": {
          "mean": 0.7752774796264116,
          "ci_low": 0.6798737083063568,
          "ci_high": 0.8771950158268906
        },
        "r2": {
          "mean": 0.23754348068983003,
          "ci_low": 0.03730786004273119,
          "ci_high": 0.3879308451243265
        },
        "spearman_rho": {
          "mean": 0.4936581991038821,
          "ci_low": 0.2979738344335452,
          "ci_high": 0.6445986536604214
        },
        "kendall_tau": {
          "mean": 0.3553056969223588,
          "ci_low": 0.21537413506409914,
          "ci_high": 0.47327197208772404
        }
      }
    }
  },
  "epochs_run": 3,
  "fit_observations": 806,
  "validation_observations": 272,
  "rule": "delayed_memory",
  "generations": 16,
  "hidden_channels": 16,
  "atom_feature_profile": "local_environment",
  "atom_feature_count": 29,
  "atom_feature_names": [
    "element_H",
    "element_C",
    "element_N",
    "element_O",
    "element_F",
    "element_P",
    "element_S",
    "element_Cl",
    "element_Br",
    "element_I",
    "element_other",
    "formal_charge",
    "aromatic",
    "hybrid_sp",
    "hybrid_sp2",
    "hybrid_sp3",
    "hybrid_other",
    "degree",
    "total_hydrogens",
    "in_ring",
    "hbond_donor",
    "hbond_acceptor",
    "chiral_cw",
    "chiral_ccw",
    "chiral_other",
    "mean_neighbour_electronegativity",
    "electronegativity_difference",
    "mean_neighbour_atomic_number",
    "neighbour_formal_charge"
  ],
  "device": "cuda",
  "gpu": "NVIDIA GeForce RTX 5070 Ti",
  "training_seconds": 4.37047760002315,
  "peak_gpu_memory_bytes": 57768960,
  "runtime": {
    "operating_system": "Windows-10-10.0.26200-SP0",
    "machine": "AMD64",
    "python": "3.11.16",
    "python_executable": "C:\\Users\\Anthony\\anaconda3\\envs\\strange-matter-gpu\\python.exe",
    "pytorch": "2.11.0+cu128",
    "pytorch_cuda": "12.8",
    "device": "cuda",
    "gpu": "NVIDIA GeForce RTX 5070 Ti"
  },
  "validation_protocol": {
    "kind": "scaffold_cross_validation",
    "fold": 0,
    "folds": 5
  },
  "readout": "differentiable_closed_form_ridge",
  "hyperparameters": {
    "ca_lr": 0.0003,
    "ridge": 1.0,
    "ca_l2": 0.0001,
    "gradient_clip": 1.0,
    "update_scale": 0.4,
    "init_scale": 1.0,
    "initial_noise": 0.0,
    "support_fraction": 0.85,
    "bond_temperature": 1.0,
    "dyn_a": 0.2,
    "dyn_b": 0.5,
    "dyn_c": 0.2,
    "dyn_d": 0.3,
    "lr_schedule": "cosine_0.1x"
  }
}
