{"device": "cuda", "gpu": "NVIDIA GeForce RTX 5070 Ti", "pytorch": "2.11.0+cu128", "pytorch_cuda": "12.8"}
{"epoch": 1, "train_rmse": 1.2528899082125704, "validation_rmse": 0.9240813851356506, "mean_raw_gradient_norm": 21.154720352542014, "fraction_gradients_clipped": 1.0}
{"epoch": 2, "train_rmse": 1.2306101235310032, "validation_rmse": 0.9124209880828857, "mean_raw_gradient_norm": 13.910608299316898, "fraction_gradients_clipped": 1.0}
{"epoch": 3, "train_rmse": 1.1345243758003123, "validation_rmse": 0.9056219458580017, "mean_raw_gradient_norm": 11.403147466721073, "fraction_gradients_clipped": 1.0}
{"epoch": 4, "train_rmse": 1.1342022282763222, "validation_rmse": 0.9058210849761963, "mean_raw_gradient_norm": 7.970203168930546, "fraction_gradients_clipped": 1.0}
{"epoch": 5, "train_rmse": 1.1388922771241332, "validation_rmse": 0.8995084166526794, "mean_raw_gradient_norm": 11.326765921808057, "fraction_gradients_clipped": 1.0}
{"epoch": 6, "train_rmse": 1.1373568608491742, "validation_rmse": 0.8873089551925659, "mean_raw_gradient_norm": 8.05869657762589, "fraction_gradients_clipped": 1.0}
{"epoch": 7, "train_rmse": 1.0911410738903513, "validation_rmse": 0.8865935206413269, "mean_raw_gradient_norm": 8.623571495856009, "fraction_gradients_clipped": 1.0}
{"epoch": 8, "train_rmse": 1.063461277894515, "validation_rmse": 0.8896687626838684, "mean_raw_gradient_norm": 6.578528688799951, "fraction_gradients_clipped": 1.0}
{"epoch": 9, "train_rmse": 1.0718463474223132, "validation_rmse": 0.8896762728691101, "mean_raw_gradient_norm": 6.2276665702942875, "fraction_gradients_clipped": 1.0}
{"epoch": 10, "train_rmse": 1.0991427059572942, "validation_rmse": 0.8867136836051941, "mean_raw_gradient_norm": 6.534196822874008, "fraction_gradients_clipped": 1.0}
{
  "seed": 2909,
  "best_validation_rmse": 0.8873089551925659,
  "restored_fit_rmse": 0.8279454112052917,
  "restored_validation_rmse": 0.8880239725112915,
  "epochs_run": 10,
  "fit_observations": 5216,
  "validation_observations": 1309,
  "rule": "damped_symplectic",
  "generations": 125,
  "hidden_channels": 16,
  "device": "cuda",
  "gpu": "NVIDIA GeForce RTX 5070 Ti",
  "training_seconds": 171.0064507999923,
  "peak_gpu_memory_bytes": 621017088,
  "readout": "differentiable_closed_form_ridge",
  "hyperparameters": {
    "ca_lr": 0.003,
    "ridge": 0.1,
    "ca_l2": 1e-05,
    "gradient_clip": 0.5,
    "update_scale": 0.25,
    "init_scale": 1.5,
    "initial_noise": 0.005,
    "support_fraction": 0.6,
    "bond_temperature": 1.0,
    "dyn_a": 0.5,
    "dyn_b": 0.2,
    "dyn_c": 0.8,
    "dyn_d": 0.15,
    "lr_schedule": "cosine_0.1x"
  }
}
