{"operating_system": "Windows-10-10.0.26200-SP0", "machine": "AMD64", "python": "3.11.16", "python_executable": "C:\\Users\\Anthony\\anaconda3\\envs\\strange-matter-gpu\\python.exe", "pytorch": "2.11.0+cu128", "pytorch_cuda": "12.8", "device": "cuda", "gpu": "NVIDIA GeForce RTX 5070 Ti"}
{"epoch": 1, "train_rmse": 1.1736810574635934, "validation_rmse": 0.9126351475715637, "validation_ma_st_rae": 1.0164489788528708, "validation_CYP1A2_st_rae": 1.1102078676626184, "validation_CYP2C9_st_rae": 0.859361754178279, "validation_CYP2D6_st_rae": 1.206052587909321, "validation_CYP3A4_st_rae": 0.8901737056612646, "mean_raw_gradient_norm": 13.648358964920044, "fraction_gradients_clipped": 1.0}
{"epoch": 2, "train_rmse": 1.1090181246021904, "validation_rmse": 0.9104819893836975, "validation_ma_st_rae": 1.014299916146039, "validation_CYP1A2_st_rae": 1.113377883373797, "validation_CYP2C9_st_rae": 0.8498473878623314, "validation_CYP2D6_st_rae": 1.2068431328166886, "validation_CYP3A4_st_rae": 0.8871312605313396, "mean_raw_gradient_norm": 9.918792819976806, "fraction_gradients_clipped": 1.0}
{"epoch": 3, "train_rmse": 1.3739091860321613, "validation_rmse": 0.9091476798057556, "validation_ma_st_rae": 1.0109615973955637, "validation_CYP1A2_st_rae": 1.1196885425145682, "validation_CYP2C9_st_rae": 0.8304639996438229, "validation_CYP2D6_st_rae": 1.2083573457573533, "validation_CYP3A4_st_rae": 0.8853365016665101, "mean_raw_gradient_norm": 16.508150720596312, "fraction_gradients_clipped": 1.0}
{
  "seed": 1701,
  "selection_metric": "validation_ma_st_rae",
  "best_validation_ma_st_rae": 1.0109615973955637,
  "best_validation_rmse": 0.9091476798057556,
  "restored_fit_rmse": 0.9765146374702454,
  "restored_validation_rmse": 0.9091465473175049,
  "restored_fit_ma_st_rae": 0.9390468399498852,
  "restored_validation_ma_st_rae": 1.0218907385819727,
  "restored_validation_point_ma_st_rae": 1.0109562734856894,
  "restored_validation_point_st_rae_by_cyp": {
    "CYP1A2": 1.1196911613495006,
    "CYP2C9": 0.8304550160256537,
    "CYP2D6": 1.2083443961835492,
    "CYP3A4": 0.885334520384054
  },
  "restored_fit_st_rae_by_cyp": {
    "CYP1A2": 0.9475662418112294,
    "CYP2C9": 0.8901742907558037,
    "CYP2D6": 1.0184531883069003,
    "CYP3A4": 0.8999936389256078
  },
  "restored_validation_st_rae_by_cyp": {
    "CYP1A2": 1.1177797454033191,
    "CYP2C9": 0.8489553283325284,
    "CYP2D6": 1.2261346358175185,
    "CYP3A4": 0.8946932447745239
  },
  "validation_bootstrap_metrics": {
    "n_bootstrap_samples": 1000,
    "seed": 0,
    "macro": {
      "st_rae": {
        "mean": 1.0218907385819727,
        "ci_low": 0.931264898011731,
        "ci_high": 1.1119017297809852
      },
      "mae": {
        "mean": 0.6815524923292363,
        "ci_low": 0.6165644335529753,
        "ci_high": 0.753264300244704
      },
      "r2": {
        "mean": -0.04347622970356922,
        "ci_low": -0.14739425338141643,
        "ci_high": 0.042366114713967826
      },
      "spearman_rho": {
        "mean": 0.1850434904054036,
        "ci_low": 0.0780144796660824,
        "ci_high": 0.2939719874656321
      },
      "kendall_tau": {
        "mean": 0.12570150538125496,
        "ci_low": 0.05313935380028435,
        "ci_high": 0.20225879062054
      }
    },
    "per_endpoint": {
      "CYP1A2": {
        "st_rae": {
          "mean": 1.1177797454033191,
          "ci_low": 0.893177921354597,
          "ci_high": 1.3710495886464387
        },
        "mae": {
          "mean": 0.7505832627327715,
          "ci_low": 0.5806603504986059,
          "ci_high": 0.9328943184164703
        },
        "r2": {
          "mean": -0.04448730060035879,
          "ci_low": -0.2636027061036769,
          "ci_high": 0.09907365844097933
        },
        "spearman_rho": {
          "mean": 0.10657503501595536,
          "ci_low": -0.14441129462103364,
          "ci_high": 0.3613988325882025
        },
        "kendall_tau": {
          "mean": 0.07770331417437418,
          "ci_low": -0.09647834586094658,
          "ci_high": 0.25558407738095235
        }
      },
      "CYP2C9": {
        "st_rae": {
          "mean": 0.8489553283325284,
          "ci_low": 0.6389222466579059,
          "ci_high": 1.0538025762765153
        },
        "mae": {
          "mean": 0.5374797715544699,
          "ci_low": 0.43196012576421106,
          "ci_high": 0.6577143047253291
        },
        "r2": {
          "mean": 0.06631353172239224,
          "ci_low": -0.1875933886751606,
          "ci_high": 0.2845548028200234
        },
        "spearman_rho": {
          "mean": 0.385502607808315,
          "ci_low": 0.14211328421480426,
          "ci_high": 0.6115630815698788
        },
        "kendall_tau": {
          "mean": 0.26981526538402284,
          "ci_low": 0.09471833951590022,
          "ci_high": 0.43666926708698856
        }
      },
      "CYP2D6": {
        "st_rae": {
          "mean": 1.2261346358175185,
          "ci_low": 1.0874688201338805,
          "ci_high": 1.3995913532915818
        },
        "mae": {
          "mean": 0.653615741113516,
          "ci_low": 0.5203628482268406,
          "ci_high": 0.8029126345194303
        },
        "r2": {
          "mean": -0.31856293234372945,
          "ci_low": -0.6004199907662792,
          "ci_high": -0.14836711689832535
        },
        "spearman_rho": {
          "mean": -0.12756945776333703,
          "ci_low": -0.33897110495965765,
          "ci_high": 0.0974738164459282
        },
        "kendall_tau": {
          "mean": -0.08501465588806759,
          "ci_low": -0.22961133320884003,
          "ci_high": 0.06485304994742898
        }
      },
      "CYP3A4": {
        "st_rae": {
          "mean": 0.8946932447745239,
          "ci_low": 0.7945571069295311,
          "ci_high": 1.0411870627811928
        },
        "mae": {
          "mean": 0.7845311939161878,
          "ci_low": 0.6684576478808425,
          "ci_high": 0.9098957788805628
        },
        "r2": {
          "mean": 0.12283178240741915,
          "ci_low": 0.040224919044988136,
          "ci_high": 0.20027777648267014
        },
        "spearman_rho": {
          "mean": 0.375665776560681,
          "ci_low": 0.21692991056675995,
          "ci_high": 0.5242895515009247
        },
        "kendall_tau": {
          "mean": 0.24030209785469042,
          "ci_low": 0.13182703399035103,
          "ci_high": 0.3435530182353999
        }
      }
    }
  },
  "epochs_run": 3,
  "fit_observations": 806,
  "validation_observations": 272,
  "rule": "inertial_reaction_diffusion",
  "generations": 250,
  "hidden_channels": 4,
  "atom_feature_profile": "ring_geometry",
  "atom_feature_count": 32,
  "atom_feature_names": [
    "element_H",
    "element_C",
    "element_N",
    "element_O",
    "element_F",
    "element_P",
    "element_S",
    "element_Cl",
    "element_Br",
    "element_I",
    "element_other",
    "formal_charge",
    "aromatic",
    "hybrid_sp",
    "hybrid_sp2",
    "hybrid_sp3",
    "hybrid_other",
    "degree",
    "total_hydrogens",
    "in_ring",
    "hbond_donor",
    "hbond_acceptor",
    "chiral_cw",
    "chiral_ccw",
    "chiral_other",
    "ring_count",
    "ring_size_3",
    "ring_size_4",
    "ring_size_5",
    "ring_size_6",
    "ring_size_7",
    "ring_size_8_plus"
  ],
  "device": "cuda",
  "gpu": "NVIDIA GeForce RTX 5070 Ti",
  "training_seconds": 21.998660400044173,
  "peak_gpu_memory_bytes": 189103616,
  "runtime": {
    "operating_system": "Windows-10-10.0.26200-SP0",
    "machine": "AMD64",
    "python": "3.11.16",
    "python_executable": "C:\\Users\\Anthony\\anaconda3\\envs\\strange-matter-gpu\\python.exe",
    "pytorch": "2.11.0+cu128",
    "pytorch_cuda": "12.8",
    "device": "cuda",
    "gpu": "NVIDIA GeForce RTX 5070 Ti"
  },
  "validation_protocol": {
    "kind": "scaffold_cross_validation",
    "fold": 0,
    "folds": 5
  },
  "readout": "differentiable_closed_form_ridge",
  "prediction_mode": "direct",
  "residual_alpha": null,
  "trajectory_pooling": "legacy",
  "ridge_mode": "shared",
  "loss_mode": "hybrid_interval",
  "interval_loss_beta": 0.75,
  "interval_temperature": 0.1,
  "hyperparameters": {
    "ca_lr": 0.001,
    "ridge": 1.0,
    "ca_l2": 1e-06,
    "gradient_clip": 1.0,
    "update_scale": 0.4,
    "init_scale": 0.5,
    "initial_noise": 0.005,
    "support_fraction": 0.75,
    "bond_temperature": 0.5,
    "dyn_a": 0.2,
    "dyn_b": 0.2,
    "dyn_c": 0.5,
    "dyn_d": 0.05,
    "lr_schedule": "cosine_0.1x"
  }
}
