{"operating_system": "Windows-10-10.0.26200-SP0", "machine": "AMD64", "python": "3.11.16", "python_executable": "C:\\Users\\Anthony\\anaconda3\\envs\\strange-matter-gpu\\python.exe", "pytorch": "2.11.0+cu128", "pytorch_cuda": "12.8", "device": "cuda", "gpu": "NVIDIA GeForce RTX 5070 Ti"}
{"epoch": 1, "train_rmse": 0.9932635841829806, "validation_rmse": 0.8765164017677307, "validation_ma_st_rae": 0.9446458931403459, "validation_CYP1A2_st_rae": 1.0960838388091347, "validation_CYP2C9_st_rae": 0.8050101050086906, "validation_CYP2D6_st_rae": 0.9659237619459534, "validation_CYP3A4_st_rae": 0.9115658667976045, "mean_raw_gradient_norm": 11.104524910449982, "fraction_gradients_clipped": 1.0}
{"epoch": 2, "train_rmse": 1.0213030329892443, "validation_rmse": 0.8758500814437866, "validation_ma_st_rae": 0.958852150691704, "validation_CYP1A2_st_rae": 1.097036160325045, "validation_CYP2C9_st_rae": 0.8571538090411552, "validation_CYP2D6_st_rae": 1.0140218934973497, "validation_CYP3A4_st_rae": 0.8671967399032664, "mean_raw_gradient_norm": 10.271886378526688, "fraction_gradients_clipped": 1.0}
{"epoch": 3, "train_rmse": 1.0107797798711855, "validation_rmse": 0.8761694431304932, "validation_ma_st_rae": 0.9759658372683184, "validation_CYP1A2_st_rae": 1.0934386509680694, "validation_CYP2C9_st_rae": 0.9350896134538916, "validation_CYP2D6_st_rae": 1.0346315309409515, "validation_CYP3A4_st_rae": 0.8407035537103615, "mean_raw_gradient_norm": 9.813832059502602, "fraction_gradients_clipped": 1.0}
{"epoch": 4, "train_rmse": 0.9603555719192222, "validation_rmse": 0.8709607124328613, "validation_ma_st_rae": 0.9686363762222742, "validation_CYP1A2_st_rae": 1.0963152197902521, "validation_CYP2C9_st_rae": 0.9186541139718765, "validation_CYP2D6_st_rae": 1.035824106091528, "validation_CYP3A4_st_rae": 0.8237520650354395, "mean_raw_gradient_norm": 11.77903439104557, "fraction_gradients_clipped": 1.0}
{
  "seed": 1701,
  "selection_metric": "validation_ma_st_rae",
  "best_validation_ma_st_rae": 0.9446458931403459,
  "best_validation_rmse": 0.8765164017677307,
  "restored_fit_rmse": 0.9419130682945251,
  "restored_validation_rmse": 0.8765155673027039,
  "restored_fit_ma_st_rae": 0.9480644963218929,
  "restored_validation_ma_st_rae": 0.9484458595119573,
  "restored_validation_point_ma_st_rae": 0.9446440570782103,
  "restored_validation_point_st_rae_by_cyp": {
    "CYP1A2": 1.0960774095134591,
    "CYP2C9": 0.8050092422206876,
    "CYP2D6": 0.9659260663100446,
    "CYP3A4": 0.9115635102686502
  },
  "restored_fit_st_rae_by_cyp": {
    "CYP1A2": 0.9833295222216912,
    "CYP2C9": 0.9233783611522828,
    "CYP2D6": 0.970351378238487,
    "CYP3A4": 0.915198723675111
  },
  "restored_validation_st_rae_by_cyp": {
    "CYP1A2": 1.1003543626013088,
    "CYP2C9": 0.8102619975549085,
    "CYP2D6": 0.9698833967842618,
    "CYP3A4": 0.9132836811073498
  },
  "validation_bootstrap_metrics": {
    "n_bootstrap_samples": 1000,
    "seed": 0,
    "macro": {
      "st_rae": {
        "mean": 0.9484458595119573,
        "ci_low": 0.8913669709812645,
        "ci_high": 1.0111765724119013
      },
      "mae": {
        "mean": 0.6458897208263792,
        "ci_low": 0.6038186332759999,
        "ci_high": 0.6894550080494029
      },
      "r2": {
        "mean": 0.09172528181062144,
        "ci_low": 0.03793288109454694,
        "ci_high": 0.14231216764843327
      },
      "spearman_rho": {
        "mean": 0.31999206979244116,
        "ci_low": 0.2475424886137698,
        "ci_high": 0.39260317249805804
      },
      "kendall_tau": {
        "mean": 0.21888142675468875,
        "ci_low": 0.1673522278025999,
        "ci_high": 0.27122353905164964
      }
    },
    "per_endpoint": {
      "CYP1A2": {
        "st_rae": {
          "mean": 1.1003543626013088,
          "ci_low": 0.9610536143663074,
          "ci_high": 1.2513631608236533
        },
        "mae": {
          "mean": 0.7293047390815238,
          "ci_low": 0.626250847481506,
          "ci_high": 0.8375544230283145
        },
        "r2": {
          "mean": 0.0032095965081189674,
          "ci_low": -0.11117926730269052,
          "ci_high": 0.0835848213888369
        },
        "spearman_rho": {
          "mean": 0.2684680812497672,
          "ci_low": 0.10827998091355197,
          "ci_high": 0.41112592523126906
        },
        "kendall_tau": {
          "mean": 0.1764215268620134,
          "ci_low": 0.07178990040715351,
          "ci_high": 0.27481421256715777
        }
      },
      "CYP2C9": {
        "st_rae": {
          "mean": 0.8102619975549085,
          "ci_low": 0.6615533836928911,
          "ci_high": 0.9771002458332754
        },
        "mae": {
          "mean": 0.5334752164965998,
          "ci_low": 0.46084943087431635,
          "ci_high": 0.6127667028538503
        },
        "r2": {
          "mean": 0.22660178018269367,
          "ci_low": 0.058017334611681015,
          "ci_high": 0.3546761038244012
        },
        "spearman_rho": {
          "mean": 0.42250881558498893,
          "ci_low": 0.2530615376471416,
          "ci_high": 0.5666880824146494
        },
        "kendall_tau": {
          "mean": 0.2967207214770268,
          "ci_low": 0.1741230825094516,
          "ci_high": 0.40320840503404054
        }
      },
      "CYP2D6": {
        "st_rae": {
          "mean": 0.9698833967842618,
          "ci_low": 0.9027193915315499,
          "ci_high": 1.0459549793281568
        },
        "mae": {
          "mean": 0.5328384467340865,
          "ci_low": 0.45248313467457607,
          "ci_high": 0.6167701339196859
        },
        "r2": {
          "mean": 0.010718289784940245,
          "ci_low": -0.0644644346045403,
          "ci_high": 0.08222652411608869
        },
        "spearman_rho": {
          "mean": 0.2225786142093847,
          "ci_low": 0.06705131539214007,
          "ci_high": 0.3724512539757118
        },
        "kendall_tau": {
          "mean": 0.15429685730669893,
          "ci_low": 0.047996059571509854,
          "ci_high": 0.2623217562529976
        }
      },
      "CYP3A4": {
        "st_rae": {
          "mean": 0.9132836811073498,
          "ci_low": 0.8336216147555369,
          "ci_high": 0.99352870821603
        },
        "mae": {
          "mean": 0.7879404809933063,
          "ci_low": 0.7163154231738453,
          "ci_high": 0.8593523110486259
        },
        "r2": {
          "mean": 0.1263714607667329,
          "ci_low": 0.06533135997744773,
          "ci_high": 0.18532559300706367
        },
        "spearman_rho": {
          "mean": 0.3664127681256241,
          "ci_low": 0.25212642845243927,
          "ci_high": 0.47447737318717403
        },
        "kendall_tau": {
          "mean": 0.2480866013730159,
          "ci_low": 0.17049705141771926,
          "ci_high": 0.3248643178630895
        }
      }
    }
  },
  "epochs_run": 4,
  "fit_observations": 2652,
  "validation_observations": 680,
  "rule": "fitzhugh_nagumo",
  "generations": 125,
  "hidden_channels": 4,
  "atom_feature_profile": "periodic",
  "atom_feature_count": 33,
  "atom_feature_names": [
    "element_H",
    "element_C",
    "element_N",
    "element_O",
    "element_F",
    "element_P",
    "element_S",
    "element_Cl",
    "element_Br",
    "element_I",
    "element_other",
    "formal_charge",
    "aromatic",
    "hybrid_sp",
    "hybrid_sp2",
    "hybrid_sp3",
    "hybrid_other",
    "degree",
    "total_hydrogens",
    "in_ring",
    "hbond_donor",
    "hbond_acceptor",
    "chiral_cw",
    "chiral_ccw",
    "chiral_other",
    "atomic_number",
    "atomic_mass",
    "covalent_radius",
    "vdw_radius",
    "outer_electrons",
    "period",
    "periodic_group",
    "atomic_volume"
  ],
  "device": "cuda",
  "gpu": "NVIDIA GeForce RTX 5070 Ti",
  "training_seconds": 38.408510599983856,
  "peak_gpu_memory_bytes": 167828992,
  "runtime": {
    "operating_system": "Windows-10-10.0.26200-SP0",
    "machine": "AMD64",
    "python": "3.11.16",
    "python_executable": "C:\\Users\\Anthony\\anaconda3\\envs\\strange-matter-gpu\\python.exe",
    "pytorch": "2.11.0+cu128",
    "pytorch_cuda": "12.8",
    "device": "cuda",
    "gpu": "NVIDIA GeForce RTX 5070 Ti"
  },
  "validation_protocol": {
    "kind": "scaffold_cross_validation",
    "fold": 0,
    "folds": 5
  },
  "readout": "differentiable_closed_form_ridge",
  "prediction_mode": "direct",
  "residual_alpha": null,
  "trajectory_pooling": "legacy",
  "ridge_mode": "shared",
  "loss_mode": "hybrid_interval",
  "interval_loss_beta": 1.0,
  "interval_temperature": 0.02,
  "hyperparameters": {
    "ca_lr": 0.003,
    "ridge": 1.0,
    "ca_l2": 0.0001,
    "gradient_clip": 2.0,
    "update_scale": 0.15,
    "init_scale": 1.0,
    "initial_noise": 0.0,
    "support_fraction": 0.85,
    "bond_temperature": 2.0,
    "dyn_a": 0.2,
    "dyn_b": 0.8,
    "dyn_c": 0.2,
    "dyn_d": 0.3,
    "lr_schedule": "cosine_0.1x"
  }
}
