{"operating_system": "Windows-10-10.0.26200-SP0", "machine": "AMD64", "python": "3.11.16", "python_executable": "C:\\Users\\Anthony\\anaconda3\\envs\\strange-matter-gpu\\python.exe", "pytorch": "2.11.0+cu128", "pytorch_cuda": "12.8", "device": "cuda", "gpu": "NVIDIA GeForce RTX 5070 Ti"}
{"epoch": 1, "train_rmse": 69.74072723569203, "validation_rmse": 0.9312868118286133, "validation_ma_st_rae": 1.0033667091003382, "validation_CYP1A2_st_rae": 1.2097004402331624, "validation_CYP2C9_st_rae": 0.8518541458668742, "validation_CYP2D6_st_rae": 1.074552406158488, "validation_CYP3A4_st_rae": 0.8773598441428281, "mean_raw_gradient_norm": 1010615.5810062408, "fraction_gradients_clipped": 1.0}
{"epoch": 2, "train_rmse": 93.01713218232744, "validation_rmse": 0.9432322978973389, "validation_ma_st_rae": 1.0214773650180249, "validation_CYP1A2_st_rae": 1.2197486426891457, "validation_CYP2C9_st_rae": 0.861670179229071, "validation_CYP2D6_st_rae": 1.1113077773161915, "validation_CYP3A4_st_rae": 0.8931828608376913, "mean_raw_gradient_norm": 1897330.7125285626, "fraction_gradients_clipped": 1.0}
{"epoch": 3, "train_rmse": 30.561211214962135, "validation_rmse": 0.9438503980636597, "validation_ma_st_rae": 1.0189322524074798, "validation_CYP1A2_st_rae": 1.2575712638116983, "validation_CYP2C9_st_rae": 0.8619567108722672, "validation_CYP2D6_st_rae": 1.0571193619459305, "validation_CYP3A4_st_rae": 0.899081673000024, "mean_raw_gradient_norm": 680657.493473816, "fraction_gradients_clipped": 1.0}
{
  "seed": 1701,
  "selection_metric": "validation_ma_st_rae",
  "best_validation_ma_st_rae": 1.0033667091003382,
  "best_validation_rmse": 0.9312868118286133,
  "restored_fit_rmse": 0.9650600552558899,
  "restored_validation_rmse": 0.9317567944526672,
  "restored_fit_ma_st_rae": 0.901798756738111,
  "restored_validation_ma_st_rae": 1.0173488622700602,
  "restored_validation_point_ma_st_rae": 1.0039235456011137,
  "restored_validation_point_st_rae_by_cyp": {
    "CYP1A2": 1.2108384775291559,
    "CYP2C9": 0.852381289703708,
    "CYP2D6": 1.074919123341775,
    "CYP3A4": 0.877555291829816
  },
  "restored_fit_st_rae_by_cyp": {
    "CYP1A2": 0.9090714356425336,
    "CYP2C9": 0.8655280694918249,
    "CYP2D6": 0.9366880165132218,
    "CYP3A4": 0.8959075053048638
  },
  "restored_validation_st_rae_by_cyp": {
    "CYP1A2": 1.2157268039332376,
    "CYP2C9": 0.868451628573537,
    "CYP2D6": 1.0937786896877342,
    "CYP3A4": 0.8914383268857328
  },
  "validation_bootstrap_metrics": {
    "n_bootstrap_samples": 1000,
    "seed": 0,
    "macro": {
      "st_rae": {
        "mean": 1.0173488622700602,
        "ci_low": 0.9030461822410691,
        "ci_high": 1.1582914539716553
      },
      "mae": {
        "mean": 0.6743115550628002,
        "ci_low": 0.6040368136708562,
        "ci_high": 0.7473339987476155
      },
      "r2": {
        "mean": -0.09266818000367158,
        "ci_low": -0.38208677072647057,
        "ci_high": 0.08440593131118458
      },
      "spearman_rho": {
        "mean": 0.2936747124008814,
        "ci_low": 0.16977756856361062,
        "ci_high": 0.4031867112805346
      },
      "kendall_tau": {
        "mean": 0.20577080705839926,
        "ci_low": 0.11763096018552396,
        "ci_high": 0.28627366691375256
      }
    },
    "per_endpoint": {
      "CYP1A2": {
        "st_rae": {
          "mean": 1.2157268039332376,
          "ci_low": 0.8540395011168186,
          "ci_high": 1.7306791842174944
        },
        "mae": {
          "mean": 0.7848908217226873,
          "ci_low": 0.5861982071008839,
          "ci_high": 0.9992555574315491
        },
        "r2": {
          "mean": -0.3775364728872874,
          "ci_low": -1.5451694863476932,
          "ci_high": 0.16990095989835927
        },
        "spearman_rho": {
          "mean": 0.31248052814239125,
          "ci_low": 0.07371099833490677,
          "ci_high": 0.535992844960397
        },
        "kendall_tau": {
          "mean": 0.21776787226644853,
          "ci_low": 0.04506059413074442,
          "ci_high": 0.378834146165507
        }
      },
      "CYP2C9": {
        "st_rae": {
          "mean": 0.868451628573537,
          "ci_low": 0.7176165431043949,
          "ci_high": 1.034491461697684
        },
        "mae": {
          "mean": 0.509970405169328,
          "ci_low": 0.38783825625975926,
          "ci_high": 0.6426876759529113
        },
        "r2": {
          "mean": 0.04933767632648191,
          "ci_low": -0.1218764621269494,
          "ci_high": 0.21088421667591015
        },
        "spearman_rho": {
          "mean": 0.34170782867473304,
          "ci_low": 0.08492562035765475,
          "ci_high": 0.5661612036892537
        },
        "kendall_tau": {
          "mean": 0.24482762506815858,
          "ci_low": 0.05678994780967187,
          "ci_high": 0.41625643952568225
        }
      },
      "CYP2D6": {
        "st_rae": {
          "mean": 1.0937786896877342,
          "ci_low": 0.8951622918525385,
          "ci_high": 1.3599868730358224
        },
        "mae": {
          "mean": 0.6066001694092383,
          "ci_low": 0.46854788367564865,
          "ci_high": 0.7621183370626889
        },
        "r2": {
          "mean": -0.1847370590178382,
          "ci_low": -0.5752931421960221,
          "ci_high": 0.047300684176449
        },
        "spearman_rho": {
          "mean": 0.11750600156745508,
          "ci_low": -0.13808191171533474,
          "ci_high": 0.36173931319746344
        },
        "kendall_tau": {
          "mean": 0.08228463501021571,
          "ci_low": -0.09600249209410432,
          "ci_high": 0.25722659327876035
        }
      },
      "CYP3A4": {
        "st_rae": {
          "mean": 0.8914383268857328,
          "ci_low": 0.7821555330546672,
          "ci_high": 1.0476687222906276
        },
        "mae": {
          "mean": 0.795784823949947,
          "ci_low": 0.6799977536118308,
          "ci_high": 0.9111374442660531
        },
        "r2": {
          "mean": 0.14226313556395745,
          "ci_low": 0.023933917931570632,
          "ci_high": 0.23721832704855098
        },
        "spearman_rho": {
          "mean": 0.4030044912189462,
          "ci_low": 0.20409534273062716,
          "ci_high": 0.567418949795083
        },
        "kendall_tau": {
          "mean": 0.2782030958887743,
          "ci_low": 0.13886015785113157,
          "ci_high": 0.4077936266371518
        }
      }
    }
  },
  "epochs_run": 3,
  "fit_observations": 806,
  "validation_observations": 272,
  "rule": "fitzhugh_nagumo",
  "generations": 250,
  "hidden_channels": 8,
  "atom_feature_profile": "electronic_local",
  "atom_feature_count": 37,
  "atom_feature_names": [
    "element_H",
    "element_C",
    "element_N",
    "element_O",
    "element_F",
    "element_P",
    "element_S",
    "element_Cl",
    "element_Br",
    "element_I",
    "element_other",
    "formal_charge",
    "aromatic",
    "hybrid_sp",
    "hybrid_sp2",
    "hybrid_sp3",
    "hybrid_other",
    "degree",
    "total_hydrogens",
    "in_ring",
    "hbond_donor",
    "hbond_acceptor",
    "chiral_cw",
    "chiral_ccw",
    "chiral_other",
    "electronegativity",
    "polarizability",
    "heteroatom",
    "halogen",
    "conjugated_bond_fraction",
    "first_ionization_energy",
    "electron_affinity",
    "electronic_property_missing",
    "mean_neighbour_electronegativity",
    "electronegativity_difference",
    "mean_neighbour_atomic_number",
    "neighbour_formal_charge"
  ],
  "device": "cuda",
  "gpu": "NVIDIA GeForce RTX 5070 Ti",
  "training_seconds": 24.47283320000861,
  "peak_gpu_memory_bytes": 312967168,
  "runtime": {
    "operating_system": "Windows-10-10.0.26200-SP0",
    "machine": "AMD64",
    "python": "3.11.16",
    "python_executable": "C:\\Users\\Anthony\\anaconda3\\envs\\strange-matter-gpu\\python.exe",
    "pytorch": "2.11.0+cu128",
    "pytorch_cuda": "12.8",
    "device": "cuda",
    "gpu": "NVIDIA GeForce RTX 5070 Ti"
  },
  "validation_protocol": {
    "kind": "scaffold_cross_validation",
    "fold": 0,
    "folds": 5
  },
  "readout": "differentiable_closed_form_ridge",
  "hyperparameters": {
    "ca_lr": 0.0003,
    "ridge": 1.0,
    "ca_l2": 0.0001,
    "gradient_clip": 1.0,
    "update_scale": 0.25,
    "init_scale": 0.5,
    "initial_noise": 0.0,
    "support_fraction": 0.6,
    "bond_temperature": 2.0,
    "dyn_a": 0.5,
    "dyn_b": 0.2,
    "dyn_c": 0.5,
    "dyn_d": 0.05,
    "lr_schedule": "cosine_0.1x"
  }
}
