{"operating_system": "Windows-10-10.0.26200-SP0", "machine": "AMD64", "python": "3.11.16", "python_executable": "C:\\Users\\Anthony\\anaconda3\\envs\\strange-matter-gpu\\python.exe", "pytorch": "2.11.0+cu128", "pytorch_cuda": "12.8", "device": "cuda", "gpu": "NVIDIA GeForce RTX 5070 Ti"}
{"epoch": 1, "train_rmse": 1.0206622933267224, "validation_rmse": 0.8866555094718933, "validation_ma_st_rae": 0.992939195897176, "validation_CYP1A2_st_rae": 1.1805705009905785, "validation_CYP2C9_st_rae": 0.9062725855581936, "validation_CYP2D6_st_rae": 1.0281122350557819, "validation_CYP3A4_st_rae": 0.8568014619841506, "mean_raw_gradient_norm": 1.8693280935287475, "fraction_gradients_clipped": 0.2}
{"epoch": 2, "train_rmse": 1.0555459919445178, "validation_rmse": 0.8856633901596069, "validation_ma_st_rae": 0.9935080417791341, "validation_CYP1A2_st_rae": 1.1816366919047743, "validation_CYP2C9_st_rae": 0.9074480805515216, "validation_CYP2D6_st_rae": 1.0318574177019448, "validation_CYP3A4_st_rae": 0.8530899769582959, "mean_raw_gradient_norm": 2.082774591445923, "fraction_gradients_clipped": 0.6}
{"epoch": 3, "train_rmse": 1.094231839618194, "validation_rmse": 0.8850259184837341, "validation_ma_st_rae": 0.9937880678842266, "validation_CYP1A2_st_rae": 1.1839818314952522, "validation_CYP2C9_st_rae": 0.9078224385920222, "validation_CYP2D6_st_rae": 1.0322006136664788, "validation_CYP3A4_st_rae": 0.8511473877831534, "mean_raw_gradient_norm": 2.643131422996521, "fraction_gradients_clipped": 0.6}
{
  "seed": 1701,
  "selection_metric": "validation_ma_st_rae",
  "best_validation_ma_st_rae": 0.992939195897176,
  "best_validation_rmse": 0.8866555094718933,
  "restored_fit_rmse": 0.9752802848815918,
  "restored_validation_rmse": 0.8866561055183411,
  "restored_fit_ma_st_rae": 0.9312827432758731,
  "restored_validation_ma_st_rae": 1.0064404612159632,
  "restored_validation_point_ma_st_rae": 0.9929404350675074,
  "restored_validation_point_st_rae_by_cyp": {
    "CYP1A2": 1.180581463975433,
    "CYP2C9": 0.9062668635084042,
    "CYP2D6": 1.0281105023014223,
    "CYP3A4": 0.8568029104847698
  },
  "restored_fit_st_rae_by_cyp": {
    "CYP1A2": 0.9441918840801329,
    "CYP2C9": 0.8605443245020379,
    "CYP2D6": 1.059059932641137,
    "CYP3A4": 0.8613348318801848
  },
  "restored_validation_st_rae_by_cyp": {
    "CYP1A2": 1.1828622944077356,
    "CYP2C9": 0.9350658026490456,
    "CYP2D6": 1.0383589454412554,
    "CYP3A4": 0.8694748023658166
  },
  "validation_bootstrap_metrics": {
    "n_bootstrap_samples": 1000,
    "seed": 0,
    "macro": {
      "st_rae": {
        "mean": 1.0064404612159632,
        "ci_low": 0.910158467212662,
        "ci_high": 1.115365925079086
      },
      "mae": {
        "mean": 0.6782591615905311,
        "ci_low": 0.6147996980208558,
        "ci_high": 0.7424078680555455
      },
      "r2": {
        "mean": 0.015925180480694103,
        "ci_low": -0.07753921339943594,
        "ci_high": 0.09536029507013596
      },
      "spearman_rho": {
        "mean": 0.2611376463257942,
        "ci_low": 0.154376378198389,
        "ci_high": 0.36423358973145475
      },
      "kendall_tau": {
        "mean": 0.17988608071144757,
        "ci_low": 0.10358959162258001,
        "ci_high": 0.2544317159099166
      }
    },
    "per_endpoint": {
      "CYP1A2": {
        "st_rae": {
          "mean": 1.1828622944077356,
          "ci_low": 0.9694989425251093,
          "ci_high": 1.4421223514193726
        },
        "mae": {
          "mean": 0.7912498273614976,
          "ci_low": 0.6294983461254933,
          "ci_high": 0.9763281118674356
        },
        "r2": {
          "mean": -0.1080568754141584,
          "ci_low": -0.32479931250808963,
          "ci_high": 0.02931539812229139
        },
        "spearman_rho": {
          "mean": 0.04749310261590636,
          "ci_low": -0.20888135526624135,
          "ci_high": 0.3011013810853646
        },
        "kendall_tau": {
          "mean": 0.04085088767589121,
          "ci_low": -0.13936149621349592,
          "ci_high": 0.22116666666666662
        }
      },
      "CYP2C9": {
        "st_rae": {
          "mean": 0.9350658026490456,
          "ci_low": 0.6678969174815537,
          "ci_high": 1.264965608694551
        },
        "mae": {
          "mean": 0.5512887408534687,
          "ci_low": 0.43932717710733415,
          "ci_high": 0.6684799026449522
        },
        "r2": {
          "mean": 0.03320029077317506,
          "ci_low": -0.27772750116393846,
          "ci_high": 0.2871208194908642
        },
        "spearman_rho": {
          "mean": 0.3884310539028756,
          "ci_low": 0.13263523790594323,
          "ci_high": 0.6063888017117619
        },
        "kendall_tau": {
          "mean": 0.2657307037695207,
          "ci_low": 0.07443994577818999,
          "ci_high": 0.43242473110251695
        }
      },
      "CYP2D6": {
        "st_rae": {
          "mean": 1.0383589454412554,
          "ci_low": 0.9505075643036193,
          "ci_high": 1.1466269021993398
        },
        "mae": {
          "mean": 0.5847415785129253,
          "ci_low": 0.4665180914218609,
          "ci_high": 0.725674017209273
        },
        "r2": {
          "mean": -0.03240711801756593,
          "ci_low": -0.17221901565659875,
          "ci_high": 0.05642553931137776
        },
        "spearman_rho": {
          "mean": 0.1075157009917767,
          "ci_low": -0.13361248074331786,
          "ci_high": 0.3377951669424277
        },
        "kendall_tau": {
          "mean": 0.07278938620758028,
          "ci_low": -0.08768987646243843,
          "ci_high": 0.23009281875915974
        }
      },
      "CYP3A4": {
        "st_rae": {
          "mean": 0.8694748023658166,
          "ci_low": 0.7558186639007576,
          "ci_high": 1.032751744031789
        },
        "mae": {
          "mean": 0.7857564996342326,
          "ci_low": 0.6751975191193957,
          "ci_high": 0.9009428405484486
        },
        "r2": {
          "mean": 0.17096442458132569,
          "ci_low": 0.09357215152003245,
          "ci_high": 0.24216180914055696
        },
        "spearman_rho": {
          "mean": 0.5011107277926182,
          "ci_low": 0.33487438036239153,
          "ci_high": 0.6422079654485766
        },
        "kendall_tau": {
          "mean": 0.3401733451927979,
          "ci_low": 0.22464653103953938,
          "ci_high": 0.4470208568758957
        }
      }
    }
  },
  "epochs_run": 3,
  "fit_observations": 806,
  "validation_observations": 272,
  "rule": "gated_residual",
  "generations": 125,
  "hidden_channels": 4,
  "atom_feature_profile": "local_environment",
  "atom_feature_count": 29,
  "atom_feature_names": [
    "element_H",
    "element_C",
    "element_N",
    "element_O",
    "element_F",
    "element_P",
    "element_S",
    "element_Cl",
    "element_Br",
    "element_I",
    "element_other",
    "formal_charge",
    "aromatic",
    "hybrid_sp",
    "hybrid_sp2",
    "hybrid_sp3",
    "hybrid_other",
    "degree",
    "total_hydrogens",
    "in_ring",
    "hbond_donor",
    "hbond_acceptor",
    "chiral_cw",
    "chiral_ccw",
    "chiral_other",
    "mean_neighbour_electronegativity",
    "electronegativity_difference",
    "mean_neighbour_atomic_number",
    "neighbour_formal_charge"
  ],
  "device": "cuda",
  "gpu": "NVIDIA GeForce RTX 5070 Ti",
  "training_seconds": 8.376288399915211,
  "peak_gpu_memory_bytes": 262731264,
  "runtime": {
    "operating_system": "Windows-10-10.0.26200-SP0",
    "machine": "AMD64",
    "python": "3.11.16",
    "python_executable": "C:\\Users\\Anthony\\anaconda3\\envs\\strange-matter-gpu\\python.exe",
    "pytorch": "2.11.0+cu128",
    "pytorch_cuda": "12.8",
    "device": "cuda",
    "gpu": "NVIDIA GeForce RTX 5070 Ti"
  },
  "validation_protocol": {
    "kind": "scaffold_cross_validation",
    "fold": 0,
    "folds": 5
  },
  "readout": "differentiable_closed_form_ridge",
  "hyperparameters": {
    "ca_lr": 0.001,
    "ridge": 1.0,
    "ca_l2": 1e-05,
    "gradient_clip": 2.0,
    "update_scale": 0.08,
    "init_scale": 1.0,
    "initial_noise": 0.01,
    "support_fraction": 0.6,
    "bond_temperature": 1.0,
    "dyn_a": 0.8,
    "dyn_b": 0.2,
    "dyn_c": 0.2,
    "dyn_d": 0.15,
    "lr_schedule": "cosine_0.1x"
  }
}
