{"device": "cuda", "gpu": "NVIDIA GeForce RTX 5070 Ti", "pytorch": "2.11.0+cu128", "pytorch_cuda": "12.8"}
{"epoch": 1, "train_rmse": 1.2092432393982202, "validation_rmse": 1.0180827379226685, "mean_raw_gradient_norm": 22.17886471748352, "fraction_gradients_clipped": 1.0}
{"epoch": 2, "train_rmse": 1.205217476502855, "validation_rmse": 1.007174015045166, "mean_raw_gradient_norm": 13.688948106765746, "fraction_gradients_clipped": 1.0}
{"epoch": 3, "train_rmse": 1.1694557427737382, "validation_rmse": 1.0052015781402588, "mean_raw_gradient_norm": 24.596689891815185, "fraction_gradients_clipped": 1.0}
{
  "seed": 1701,
  "best_validation_rmse": 1.007174015045166,
  "restored_fit_rmse": 0.8978673219680786,
  "restored_validation_rmse": 1.0071721076965332,
  "epochs_run": 3,
  "fit_observations": 791,
  "validation_observations": 273,
  "rule": "damped_symplectic",
  "generations": 250,
  "hidden_channels": 4,
  "device": "cuda",
  "gpu": "NVIDIA GeForce RTX 5070 Ti",
  "training_seconds": 22.336786800064147,
  "peak_gpu_memory_bytes": 166660096,
  "readout": "differentiable_closed_form_ridge",
  "hyperparameters": {
    "ca_lr": 0.003,
    "ridge": 0.01,
    "ca_l2": 1e-06,
    "gradient_clip": 1.0,
    "update_scale": 0.25,
    "init_scale": 0.5,
    "initial_noise": 0.01,
    "support_fraction": 0.6,
    "bond_temperature": 0.5,
    "dyn_a": 0.5,
    "dyn_b": 0.2,
    "dyn_c": 0.8,
    "dyn_d": 0.15,
    "lr_schedule": "cosine_0.1x"
  }
}
