{"operating_system": "Windows-10-10.0.26200-SP0", "machine": "AMD64", "python": "3.11.16", "python_executable": "C:\\Users\\Anthony\\anaconda3\\envs\\strange-matter-gpu\\python.exe", "pytorch": "2.11.0+cu128", "pytorch_cuda": "12.8", "device": "cuda", "gpu": "NVIDIA GeForce RTX 5070 Ti"}
{"epoch": 1, "train_rmse": 0.9902171490280863, "validation_rmse": 0.8146576285362244, "validation_ma_st_rae": 0.8729613361900381, "validation_CYP1A2_st_rae": 0.8421648681804874, "validation_CYP2C9_st_rae": 0.7855775762793725, "validation_CYP2D6_st_rae": 1.082088118603053, "validation_CYP3A4_st_rae": 0.7820147816972394, "mean_raw_gradient_norm": 3.6584331691265106, "fraction_gradients_clipped": 1.0}
{"epoch": 2, "train_rmse": 0.9819048223977608, "validation_rmse": 0.8094122409820557, "validation_ma_st_rae": 0.8695862715334293, "validation_CYP1A2_st_rae": 0.8175021369704404, "validation_CYP2C9_st_rae": 0.8117237719585589, "validation_CYP2D6_st_rae": 1.080453033382958, "validation_CYP3A4_st_rae": 0.7686661438217597, "mean_raw_gradient_norm": 3.4666626006364822, "fraction_gradients_clipped": 1.0}
{"epoch": 3, "train_rmse": 1.0270040057928593, "validation_rmse": 0.8093564510345459, "validation_ma_st_rae": 0.8730526421333995, "validation_CYP1A2_st_rae": 0.81960148931534, "validation_CYP2C9_st_rae": 0.8159686712283316, "validation_CYP2D6_st_rae": 1.0916285760842717, "validation_CYP3A4_st_rae": 0.765011831905655, "mean_raw_gradient_norm": 3.6694941371679306, "fraction_gradients_clipped": 1.0}
{"epoch": 4, "train_rmse": 1.0309911651534727, "validation_rmse": 0.8078256845474243, "validation_ma_st_rae": 0.8658244009893676, "validation_CYP1A2_st_rae": 0.8243090095899374, "validation_CYP2C9_st_rae": 0.797972816216387, "validation_CYP2D6_st_rae": 1.078986919957847, "validation_CYP3A4_st_rae": 0.7620288581932992, "mean_raw_gradient_norm": 4.162633612751961, "fraction_gradients_clipped": 1.0}
{"epoch": 5, "train_rmse": 1.049761466294981, "validation_rmse": 0.8073094487190247, "validation_ma_st_rae": 0.8641386908347912, "validation_CYP1A2_st_rae": 0.8272609736051758, "validation_CYP2C9_st_rae": 0.7965283627188834, "validation_CYP2D6_st_rae": 1.0715097697274554, "validation_CYP3A4_st_rae": 0.7612556572876505, "mean_raw_gradient_norm": 3.456461474299431, "fraction_gradients_clipped": 1.0}
{
  "seed": 1701,
  "selection_metric": "validation_ma_st_rae",
  "best_validation_ma_st_rae": 0.8658244009893676,
  "best_validation_rmse": 0.8078256845474243,
  "restored_fit_rmse": 0.8673312067985535,
  "restored_validation_rmse": 0.8078244924545288,
  "restored_fit_ma_st_rae": 0.8546900442382303,
  "restored_validation_ma_st_rae": 0.8700550741963478,
  "restored_validation_point_ma_st_rae": 0.8658056529571669,
  "restored_validation_point_st_rae_by_cyp": {
    "CYP1A2": 0.8243132302334515,
    "CYP2C9": 0.7979038726434607,
    "CYP2D6": 1.0789567890115686,
    "CYP3A4": 0.7620487199401865
  },
  "restored_fit_st_rae_by_cyp": {
    "CYP1A2": 0.8917878720646819,
    "CYP2C9": 0.7969307765763796,
    "CYP2D6": 0.9950168537654037,
    "CYP3A4": 0.735024674546456
  },
  "restored_validation_st_rae_by_cyp": {
    "CYP1A2": 0.8259020866002325,
    "CYP2C9": 0.8053315056686913,
    "CYP2D6": 1.085030501943395,
    "CYP3A4": 0.7639562025730726
  },
  "validation_bootstrap_metrics": {
    "n_bootstrap_samples": 1000,
    "seed": 0,
    "macro": {
      "st_rae": {
        "mean": 0.8700550741963478,
        "ci_low": 0.8069955706435582,
        "ci_high": 0.9405737947588119
      },
      "mae": {
        "mean": 0.5952229705873561,
        "ci_low": 0.5570877689224615,
        "ci_high": 0.6371804984998517
      },
      "r2": {
        "mean": 0.18347488025061298,
        "ci_low": 0.11619953357315949,
        "ci_high": 0.2435647908165492
      },
      "spearman_rho": {
        "mean": 0.4532955798462524,
        "ci_low": 0.385645849779288,
        "ci_high": 0.5162579907188711
      },
      "kendall_tau": {
        "mean": 0.3211701157899429,
        "ci_low": 0.2719679694513529,
        "ci_high": 0.36813127685168334
      }
    },
    "per_endpoint": {
      "CYP1A2": {
        "st_rae": {
          "mean": 0.8259020866002325,
          "ci_low": 0.7056499053240508,
          "ci_high": 0.9707119195579569
        },
        "mae": {
          "mean": 0.5905347222299644,
          "ci_low": 0.4872731546071214,
          "ci_high": 0.7008131919192596
        },
        "r2": {
          "mean": 0.22326934899629006,
          "ci_low": 0.10944485378618198,
          "ci_high": 0.327466897831635
        },
        "spearman_rho": {
          "mean": 0.5463590090358262,
          "ci_low": 0.40846387953837576,
          "ci_high": 0.6649334179525727
        },
        "kendall_tau": {
          "mean": 0.39176459361259,
          "ci_low": 0.28884717798660875,
          "ci_high": 0.48511199012576156
        }
      },
      "CYP2C9": {
        "st_rae": {
          "mean": 0.8053315056686913,
          "ci_low": 0.6343777684135736,
          "ci_high": 1.0061168263736338
        },
        "mae": {
          "mean": 0.5330519476824434,
          "ci_low": 0.46286510768598016,
          "ci_high": 0.6067351671465993
        },
        "r2": {
          "mean": 0.2574506806086515,
          "ci_low": 0.10625538782781128,
          "ci_high": 0.3852568093845766
        },
        "spearman_rho": {
          "mean": 0.4656549426139103,
          "ci_low": 0.3202801414208807,
          "ci_high": 0.6024242901622767
        },
        "kendall_tau": {
          "mean": 0.324582744262941,
          "ci_low": 0.22093560803538936,
          "ci_high": 0.4297551667869181
        }
      },
      "CYP2D6": {
        "st_rae": {
          "mean": 1.085030501943395,
          "ci_low": 0.9678597032576552,
          "ci_high": 1.225498842058283
        },
        "mae": {
          "mean": 0.5775407883026316,
          "ci_low": 0.4962127044890662,
          "ci_high": 0.6577969949575341
        },
        "r2": {
          "mean": -0.07570076922008119,
          "ci_low": -0.25346228293480116,
          "ci_high": 0.0542580710771054
        },
        "spearman_rho": {
          "mean": 0.2232583870504772,
          "ci_low": 0.06506163224963728,
          "ci_high": 0.36572806109232225
        },
        "kendall_tau": {
          "mean": 0.15131192910084557,
          "ci_low": 0.045058799377547386,
          "ci_high": 0.2514683211389416
        }
      },
      "CYP3A4": {
        "st_rae": {
          "mean": 0.7639562025730726,
          "ci_low": 0.6617496586868249,
          "ci_high": 0.8665872025985356
        },
        "mae": {
          "mean": 0.6797644241343845,
          "ci_low": 0.6144992219022483,
          "ci_high": 0.7476109316895816
        },
        "r2": {
          "mean": 0.3288802606175915,
          "ci_low": 0.22485621078391427,
          "ci_high": 0.4229119860961855
        },
        "spearman_rho": {
          "mean": 0.5779099806847958,
          "ci_low": 0.48592628461829773,
          "ci_high": 0.6622707545244394
        },
        "kendall_tau": {
          "mean": 0.41702119618339545,
          "ci_low": 0.3461119099370358,
          "ci_high": 0.48178055363918465
        }
      }
    }
  },
  "epochs_run": 5,
  "fit_observations": 2652,
  "validation_observations": 680,
  "rule": "gated_residual",
  "generations": 64,
  "hidden_channels": 8,
  "atom_feature_profile": "electronic",
  "atom_feature_count": 33,
  "atom_feature_names": [
    "element_H",
    "element_C",
    "element_N",
    "element_O",
    "element_F",
    "element_P",
    "element_S",
    "element_Cl",
    "element_Br",
    "element_I",
    "element_other",
    "formal_charge",
    "aromatic",
    "hybrid_sp",
    "hybrid_sp2",
    "hybrid_sp3",
    "hybrid_other",
    "degree",
    "total_hydrogens",
    "in_ring",
    "hbond_donor",
    "hbond_acceptor",
    "chiral_cw",
    "chiral_ccw",
    "chiral_other",
    "electronegativity",
    "polarizability",
    "heteroatom",
    "halogen",
    "conjugated_bond_fraction",
    "first_ionization_energy",
    "electron_affinity",
    "electronic_property_missing"
  ],
  "device": "cuda",
  "gpu": "NVIDIA GeForce RTX 5070 Ti",
  "training_seconds": 22.63435920001939,
  "peak_gpu_memory_bytes": 239816704,
  "runtime": {
    "operating_system": "Windows-10-10.0.26200-SP0",
    "machine": "AMD64",
    "python": "3.11.16",
    "python_executable": "C:\\Users\\Anthony\\anaconda3\\envs\\strange-matter-gpu\\python.exe",
    "pytorch": "2.11.0+cu128",
    "pytorch_cuda": "12.8",
    "device": "cuda",
    "gpu": "NVIDIA GeForce RTX 5070 Ti"
  },
  "validation_protocol": {
    "kind": "scaffold_cross_validation",
    "fold": 0,
    "folds": 5
  },
  "readout": "differentiable_closed_form_ridge",
  "prediction_mode": "direct",
  "residual_alpha": null,
  "trajectory_pooling": "legacy",
  "ridge_mode": "shared",
  "loss_mode": "hybrid_interval",
  "interval_loss_beta": 0.75,
  "interval_temperature": 0.05,
  "hyperparameters": {
    "ca_lr": 0.003,
    "ridge": 0.1,
    "ca_l2": 1e-05,
    "gradient_clip": 0.5,
    "update_scale": 0.4,
    "init_scale": 1.0,
    "initial_noise": 0.0,
    "support_fraction": 0.75,
    "bond_temperature": 0.5,
    "dyn_a": 0.5,
    "dyn_b": 0.5,
    "dyn_c": 0.2,
    "dyn_d": 0.3,
    "lr_schedule": "cosine_0.1x"
  }
}
