{"device": "cuda", "gpu": "NVIDIA GeForce RTX 5070 Ti", "pytorch": "2.11.0+cu128", "pytorch_cuda": "12.8"}
{"epoch": 1, "train_rmse": 1.870800202083118, "validation_rmse": 0.912736713886261, "mean_raw_gradient_norm": 114.04045202255249, "fraction_gradients_clipped": 1.0}
{"epoch": 2, "train_rmse": 2.0249681593418742, "validation_rmse": 0.9126651287078857, "mean_raw_gradient_norm": 113.11167212677002, "fraction_gradients_clipped": 1.0}
{"epoch": 3, "train_rmse": 2.055121022816832, "validation_rmse": 0.9096710085868835, "mean_raw_gradient_norm": 95.91814242744445, "fraction_gradients_clipped": 1.0}
{"epoch": 4, "train_rmse": 1.796312884335975, "validation_rmse": 0.9079893231391907, "mean_raw_gradient_norm": 67.34518120002747, "fraction_gradients_clipped": 1.0}
{"epoch": 5, "train_rmse": 1.680688280498966, "validation_rmse": 0.9060928821563721, "mean_raw_gradient_norm": 70.95401847648621, "fraction_gradients_clipped": 1.0}
{
  "seed": 1701,
  "best_validation_rmse": 0.9060928821563721,
  "restored_fit_rmse": 0.8518393635749817,
  "restored_validation_rmse": 0.9060538411140442,
  "epochs_run": 5,
  "fit_observations": 2643,
  "validation_observations": 670,
  "rule": "gated_residual",
  "generations": 32,
  "hidden_channels": 16,
  "device": "cuda",
  "gpu": "NVIDIA GeForce RTX 5070 Ti",
  "training_seconds": 38.8916466999799,
  "peak_gpu_memory_bytes": 39293440,
  "readout": "differentiable_closed_form_ridge",
  "hyperparameters": {
    "ca_lr": 0.0003,
    "ridge": 0.01,
    "ca_l2": 1e-06,
    "gradient_clip": 1.0
  }
}
