{"operating_system": "Windows-10-10.0.26200-SP0", "machine": "AMD64", "python": "3.11.16", "python_executable": "C:\\Users\\Anthony\\anaconda3\\envs\\strange-matter-gpu\\python.exe", "pytorch": "2.11.0+cu128", "pytorch_cuda": "12.8", "device": "cuda", "gpu": "NVIDIA GeForce RTX 5070 Ti"}
{"epoch": 1, "train_rmse": 1.036671532809475, "validation_rmse": 0.9212490320205688, "mean_raw_gradient_norm": 17.745511327471053, "fraction_gradients_clipped": 1.0}
{"epoch": 2, "train_rmse": 0.9730598696529632, "validation_rmse": 0.9162774682044983, "mean_raw_gradient_norm": 10.587104763303484, "fraction_gradients_clipped": 1.0}
{"epoch": 3, "train_rmse": 1.0105631787609373, "validation_rmse": 0.914249837398529, "mean_raw_gradient_norm": 18.609166315623693, "fraction_gradients_clipped": 1.0}
{"epoch": 4, "train_rmse": 1.057449537089688, "validation_rmse": 0.9137834310531616, "mean_raw_gradient_norm": 8.938098362513951, "fraction_gradients_clipped": 1.0}
{
  "seed": 1701,
  "best_validation_rmse": 0.9162774682044983,
  "restored_fit_rmse": 0.8107201457023621,
  "restored_validation_rmse": 0.9162582755088806,
  "epochs_run": 4,
  "fit_observations": 1053,
  "validation_observations": 337,
  "rule": "gray_scott",
  "generations": 250,
  "hidden_channels": 16,
  "atom_feature_profile": "periodic_valence",
  "atom_feature_count": 35,
  "atom_feature_names": [
    "element_H",
    "element_C",
    "element_N",
    "element_O",
    "element_F",
    "element_P",
    "element_S",
    "element_Cl",
    "element_Br",
    "element_I",
    "element_other",
    "formal_charge",
    "aromatic",
    "hybrid_sp",
    "hybrid_sp2",
    "hybrid_sp3",
    "hybrid_other",
    "degree",
    "total_hydrogens",
    "in_ring",
    "hbond_donor",
    "hbond_acceptor",
    "chiral_cw",
    "chiral_ccw",
    "chiral_other",
    "atomic_number",
    "atomic_mass",
    "covalent_radius",
    "vdw_radius",
    "outer_electrons",
    "total_valence",
    "implicit_valence",
    "heavy_atom_degree",
    "radical_electrons",
    "absolute_formal_charge"
  ],
  "device": "cuda",
  "gpu": "NVIDIA GeForce RTX 5070 Ti",
  "training_seconds": 37.39706059999298,
  "peak_gpu_memory_bytes": 1297952256,
  "runtime": {
    "operating_system": "Windows-10-10.0.26200-SP0",
    "machine": "AMD64",
    "python": "3.11.16",
    "python_executable": "C:\\Users\\Anthony\\anaconda3\\envs\\strange-matter-gpu\\python.exe",
    "pytorch": "2.11.0+cu128",
    "pytorch_cuda": "12.8",
    "device": "cuda",
    "gpu": "NVIDIA GeForce RTX 5070 Ti"
  },
  "readout": "differentiable_closed_form_ridge",
  "hyperparameters": {
    "ca_lr": 0.001,
    "ridge": 0.3,
    "ca_l2": 0.0001,
    "gradient_clip": 1.0,
    "update_scale": 0.25,
    "init_scale": 0.5,
    "initial_noise": 0.005,
    "support_fraction": 0.85,
    "bond_temperature": 1.0,
    "dyn_a": 0.8,
    "dyn_b": 0.2,
    "dyn_c": 0.8,
    "dyn_d": 0.3,
    "lr_schedule": "cosine_0.1x"
  }
}
