{"operating_system": "Windows-10-10.0.26200-SP0", "machine": "AMD64", "python": "3.11.16", "python_executable": "C:\\Users\\Anthony\\anaconda3\\envs\\strange-matter-gpu\\python.exe", "pytorch": "2.11.0+cu128", "pytorch_cuda": "12.8", "device": "cuda", "gpu": "NVIDIA GeForce RTX 5070 Ti"}
{"epoch": 1, "train_rmse": 1.0929534433104806, "validation_rmse": 0.886772871017456, "validation_ma_st_rae": 0.8775615526865158, "validation_CYP1A2_st_rae": 0.8737727274276921, "validation_CYP2C9_st_rae": 0.9197201454339885, "validation_CYP2D6_st_rae": 1.0110404652922074, "validation_CYP3A4_st_rae": 0.705712872592175, "mean_raw_gradient_norm": 12.225213623046875, "fraction_gradients_clipped": 1.0}
{"epoch": 2, "train_rmse": 1.102524767387628, "validation_rmse": 0.8859810829162598, "validation_ma_st_rae": 0.8792617261601166, "validation_CYP1A2_st_rae": 0.874181263584681, "validation_CYP2C9_st_rae": 0.9309834073633211, "validation_CYP2D6_st_rae": 1.0097473521440914, "validation_CYP3A4_st_rae": 0.7021348815483731, "mean_raw_gradient_norm": 11.117691025733947, "fraction_gradients_clipped": 1.0}
{"epoch": 3, "train_rmse": 1.17250167578203, "validation_rmse": 0.8851485252380371, "validation_ma_st_rae": 0.8753377251890915, "validation_CYP1A2_st_rae": 0.8678743631752726, "validation_CYP2C9_st_rae": 0.9159076894058494, "validation_CYP2D6_st_rae": 1.0160383893401284, "validation_CYP3A4_st_rae": 0.7015304588351159, "mean_raw_gradient_norm": 14.225414409637452, "fraction_gradients_clipped": 1.0}
{"epoch": 4, "train_rmse": 1.1291358742894078, "validation_rmse": 0.8842501640319824, "validation_ma_st_rae": 0.8743317904732664, "validation_CYP1A2_st_rae": 0.8634036869214977, "validation_CYP2C9_st_rae": 0.9043845872812104, "validation_CYP2D6_st_rae": 1.0268943301349613, "validation_CYP3A4_st_rae": 0.7026445575553959, "mean_raw_gradient_norm": 11.405546340942383, "fraction_gradients_clipped": 1.0}
{"epoch": 5, "train_rmse": 1.0843454932407712, "validation_rmse": 0.8840230703353882, "validation_ma_st_rae": 0.8748963527275508, "validation_CYP1A2_st_rae": 0.8631041410494033, "validation_CYP2C9_st_rae": 0.9068270248303882, "validation_CYP2D6_st_rae": 1.0277207222338451, "validation_CYP3A4_st_rae": 0.7019335227965667, "mean_raw_gradient_norm": 10.220069389343262, "fraction_gradients_clipped": 1.0}
{"epoch": 6, "train_rmse": 1.1127093245824624, "validation_rmse": 0.8832085728645325, "validation_ma_st_rae": 0.8757447395316853, "validation_CYP1A2_st_rae": 0.8640578916222958, "validation_CYP2C9_st_rae": 0.9106395646796388, "validation_CYP2D6_st_rae": 1.0276964005199818, "validation_CYP3A4_st_rae": 0.7005851013048247, "mean_raw_gradient_norm": 10.931102194786071, "fraction_gradients_clipped": 1.0}
{"epoch": 7, "train_rmse": 1.1405289381821568, "validation_rmse": 0.8829044103622437, "validation_ma_st_rae": 0.8767445369524771, "validation_CYP1A2_st_rae": 0.8647574539963057, "validation_CYP2C9_st_rae": 0.9175877888096043, "validation_CYP2D6_st_rae": 1.0246365011394867, "validation_CYP3A4_st_rae": 0.6999964038645121, "mean_raw_gradient_norm": 13.506892504692077, "fraction_gradients_clipped": 1.0}
{
  "seed": 2909,
  "selection_metric": "validation_ma_st_rae",
  "best_validation_ma_st_rae": 0.8743317904732664,
  "best_validation_rmse": 0.8842501640319824,
  "restored_fit_rmse": 0.8390597105026245,
  "restored_validation_rmse": 0.8842485547065735,
  "restored_fit_ma_st_rae": 0.8458023283973117,
  "restored_validation_ma_st_rae": 0.878522172751888,
  "restored_validation_point_ma_st_rae": 0.8743266600836916,
  "restored_validation_point_st_rae_by_cyp": {
    "CYP1A2": 0.8634004906399717,
    "CYP2C9": 0.9043763310797126,
    "CYP2D6": 1.0268863167736022,
    "CYP3A4": 0.70264350184148
  },
  "restored_fit_st_rae_by_cyp": {
    "CYP1A2": 0.866813482658761,
    "CYP2C9": 0.7632922038617883,
    "CYP2D6": 1.0212090731409749,
    "CYP3A4": 0.7318945539277222
  },
  "restored_validation_st_rae_by_cyp": {
    "CYP1A2": 0.8692484042289845,
    "CYP2C9": 0.910352933966916,
    "CYP2D6": 1.029055192792909,
    "CYP3A4": 0.7054321600187428
  },
  "validation_bootstrap_metrics": {
    "n_bootstrap_samples": 1000,
    "seed": 0,
    "macro": {
      "st_rae": {
        "mean": 0.878522172751888,
        "ci_low": 0.8204376875882734,
        "ci_high": 0.9396272264843392
      },
      "mae": {
        "mean": 0.6466122423485585,
        "ci_low": 0.6123737469982086,
        "ci_high": 0.6803276793402107
      },
      "r2": {
        "mean": 0.1616706861018694,
        "ci_low": 0.10012058676137196,
        "ci_high": 0.21479742130576676
      },
      "spearman_rho": {
        "mean": 0.4431386065589269,
        "ci_low": 0.3897694149001195,
        "ci_high": 0.4965532420871271
      },
      "kendall_tau": {
        "mean": 0.3103360611333979,
        "ci_low": 0.2722611698474967,
        "ci_high": 0.3490924496266783
      }
    },
    "per_endpoint": {
      "CYP1A2": {
        "st_rae": {
          "mean": 0.8692484042289845,
          "ci_low": 0.7647469978664156,
          "ci_high": 0.994303880432343
        },
        "mae": {
          "mean": 0.7163099202262031,
          "ci_low": 0.6398697296778362,
          "ci_high": 0.7935167971452077
        },
        "r2": {
          "mean": 0.19109938243777078,
          "ci_low": 0.10394107834035209,
          "ci_high": 0.27218371297426375
        },
        "spearman_rho": {
          "mean": 0.4493680795671235,
          "ci_low": 0.33946293851198045,
          "ci_high": 0.5534457534707314
        },
        "kendall_tau": {
          "mean": 0.3106048257666791,
          "ci_low": 0.23167025120049478,
          "ci_high": 0.3873451404023605
        }
      },
      "CYP2C9": {
        "st_rae": {
          "mean": 0.910352933966916,
          "ci_low": 0.7588115235243494,
          "ci_high": 1.0821582774445715
        },
        "mae": {
          "mean": 0.49486830749839705,
          "ci_low": 0.4431419625168755,
          "ci_high": 0.5485039046201756
        },
        "r2": {
          "mean": 0.16937034998936815,
          "ci_low": -0.013453129062656324,
          "ci_high": 0.31364031515103136
        },
        "spearman_rho": {
          "mean": 0.44645311191357284,
          "ci_low": 0.3228326391932478,
          "ci_high": 0.5700827393284882
        },
        "kendall_tau": {
          "mean": 0.3100533558706381,
          "ci_low": 0.21649857960402855,
          "ci_high": 0.4062095493313756
        }
      },
      "CYP2D6": {
        "st_rae": {
          "mean": 1.029055192792909,
          "ci_low": 0.9268898501126536,
          "ci_high": 1.144820992547158
        },
        "mae": {
          "mean": 0.6578684480493353,
          "ci_low": 0.573237682500128,
          "ci_high": 0.74175519685624
        },
        "r2": {
          "mean": -0.035055885792399294,
          "ci_low": -0.14616437996295834,
          "ci_high": 0.062675574864518
        },
        "spearman_rho": {
          "mean": 0.24927840045038505,
          "ci_low": 0.12227313787875053,
          "ci_high": 0.3666594763960337
        },
        "kendall_tau": {
          "mean": 0.17169978639088465,
          "ci_low": 0.08473000469218185,
          "ci_high": 0.25270246483913306
        }
      },
      "CYP3A4": {
        "st_rae": {
          "mean": 0.7054321600187428,
          "ci_low": 0.63582824670224,
          "ci_high": 0.7836409220837084
        },
        "mae": {
          "mean": 0.7174022936202987,
          "ci_low": 0.6547914754736525,
          "ci_high": 0.7778354167431677
        },
        "r2": {
          "mean": 0.321268897772738,
          "ci_low": 0.2161385587712982,
          "ci_high": 0.40088466957988816
        },
        "spearman_rho": {
          "mean": 0.6274548343046261,
          "ci_low": 0.557779762998626,
          "ci_high": 0.6863903213509492
        },
        "kendall_tau": {
          "mean": 0.4489862765053897,
          "ci_low": 0.395021026243244,
          "ci_high": 0.4966964627424535
        }
      }
    }
  },
  "epochs_run": 7,
  "fit_observations": 4213,
  "validation_observations": 1003,
  "rule": "damped_symplectic",
  "generations": 32,
  "hidden_channels": 16,
  "atom_feature_profile": "electronic_local",
  "atom_feature_count": 37,
  "atom_feature_names": [
    "element_H",
    "element_C",
    "element_N",
    "element_O",
    "element_F",
    "element_P",
    "element_S",
    "element_Cl",
    "element_Br",
    "element_I",
    "element_other",
    "formal_charge",
    "aromatic",
    "hybrid_sp",
    "hybrid_sp2",
    "hybrid_sp3",
    "hybrid_other",
    "degree",
    "total_hydrogens",
    "in_ring",
    "hbond_donor",
    "hbond_acceptor",
    "chiral_cw",
    "chiral_ccw",
    "chiral_other",
    "electronegativity",
    "polarizability",
    "heteroatom",
    "halogen",
    "conjugated_bond_fraction",
    "first_ionization_energy",
    "electron_affinity",
    "electronic_property_missing",
    "mean_neighbour_electronegativity",
    "electronegativity_difference",
    "mean_neighbour_atomic_number",
    "neighbour_formal_charge"
  ],
  "device": "cuda",
  "gpu": "NVIDIA GeForce RTX 5070 Ti",
  "training_seconds": 43.86113960004877,
  "peak_gpu_memory_bytes": 104158720,
  "runtime": {
    "operating_system": "Windows-10-10.0.26200-SP0",
    "machine": "AMD64",
    "python": "3.11.16",
    "python_executable": "C:\\Users\\Anthony\\anaconda3\\envs\\strange-matter-gpu\\python.exe",
    "pytorch": "2.11.0+cu128",
    "pytorch_cuda": "12.8",
    "device": "cuda",
    "gpu": "NVIDIA GeForce RTX 5070 Ti"
  },
  "validation_protocol": {
    "kind": "scaffold_cross_validation",
    "fold": 3,
    "folds": 5
  },
  "readout": "differentiable_closed_form_ridge",
  "hyperparameters": {
    "ca_lr": 0.0003,
    "ridge": 1.0,
    "ca_l2": 0.0001,
    "gradient_clip": 0.5,
    "update_scale": 0.08,
    "init_scale": 0.5,
    "initial_noise": 0.0,
    "support_fraction": 0.75,
    "bond_temperature": 0.5,
    "dyn_a": 0.5,
    "dyn_b": 0.8,
    "dyn_c": 0.8,
    "dyn_d": 0.05,
    "lr_schedule": "cosine_0.1x"
  }
}
