{"device": "cuda", "gpu": "NVIDIA GeForce RTX 5070 Ti", "pytorch": "2.11.0+cu128", "pytorch_cuda": "12.8"}
{"epoch": 1, "train_rmse": 1.5360411346856166, "validation_rmse": 1.0348016023635864, "mean_raw_gradient_norm": 41.73240224938644, "fraction_gradients_clipped": 1.0}
{"epoch": 2, "train_rmse": 1.5678650795611255, "validation_rmse": 1.0321247577667236, "mean_raw_gradient_norm": 37.91488090314363, "fraction_gradients_clipped": 1.0}
{"epoch": 3, "train_rmse": 1.595062908236292, "validation_rmse": 1.032261848449707, "mean_raw_gradient_norm": 35.96973680195055, "fraction_gradients_clipped": 1.0}
{
  "seed": 1701,
  "best_validation_rmse": 1.0348016023635864,
  "restored_fit_rmse": 0.9441744685173035,
  "restored_validation_rmse": 1.034781813621521,
  "epochs_run": 3,
  "fit_observations": 791,
  "validation_observations": 273,
  "rule": "gated_residual",
  "generations": 125,
  "hidden_channels": 4,
  "device": "cuda",
  "gpu": "NVIDIA GeForce RTX 5070 Ti",
  "training_seconds": 13.897391899954528,
  "peak_gpu_memory_bytes": 66299392,
  "readout": "differentiable_closed_form_ridge",
  "hyperparameters": {
    "ca_lr": 0.0003,
    "ridge": 0.01,
    "ca_l2": 1e-05,
    "gradient_clip": 0.5
  }
}
