{"device": "cuda", "gpu": "NVIDIA GeForce RTX 5070 Ti", "pytorch": "2.11.0+cu128", "pytorch_cuda": "12.8"}
{"epoch": 1, "train_rmse": 1.112313021955735, "validation_rmse": 1.0432466268539429, "mean_raw_gradient_norm": 27.97328326702118, "fraction_gradients_clipped": 1.0}
{"epoch": 2, "train_rmse": 1.197691516891979, "validation_rmse": 1.0412371158599854, "mean_raw_gradient_norm": 8.372472715377807, "fraction_gradients_clipped": 1.0}
{"epoch": 3, "train_rmse": 1.0611298800734825, "validation_rmse": 1.0403480529785156, "mean_raw_gradient_norm": 4.824346423149109, "fraction_gradients_clipped": 1.0}
{
  "seed": 1701,
  "best_validation_rmse": 1.0432466268539429,
  "restored_fit_rmse": 0.9462955594062805,
  "restored_validation_rmse": 1.0432448387145996,
  "epochs_run": 3,
  "fit_observations": 791,
  "validation_observations": 273,
  "rule": "gated_residual",
  "generations": 250,
  "hidden_channels": 4,
  "device": "cuda",
  "gpu": "NVIDIA GeForce RTX 5070 Ti",
  "training_seconds": 17.21133970003575,
  "peak_gpu_memory_bytes": 193170432,
  "readout": "differentiable_closed_form_ridge",
  "hyperparameters": {
    "ca_lr": 0.0003,
    "ridge": 0.1,
    "ca_l2": 1e-06,
    "gradient_clip": 0.5
  }
}
