{"operating_system": "macOS-26.2-arm64-arm-64bit", "machine": "arm64", "python": "3.10.19", "python_executable": "/opt/anaconda3/envs/kcc2/bin/python3.10", "pytorch": "2.8.0", "pytorch_cuda": null, "device": "cpu", "gpu": null}
{"epoch": 1, "train_rmse": 1.3609255041351898, "validation_rmse": 0.907626211643219, "mean_raw_gradient_norm": 21.257232658324703, "fraction_gradients_clipped": 1.0}
{"epoch": 2, "train_rmse": 1.2509039866127842, "validation_rmse": 0.910247266292572, "mean_raw_gradient_norm": 20.02977460045968, "fraction_gradients_clipped": 1.0}
{"epoch": 3, "train_rmse": 1.2593766364500023, "validation_rmse": 0.9092426300048828, "mean_raw_gradient_norm": 15.1666068607761, "fraction_gradients_clipped": 1.0}
{"epoch": 4, "train_rmse": 1.446191454251265, "validation_rmse": 0.9072834849357605, "mean_raw_gradient_norm": 25.537606916119977, "fraction_gradients_clipped": 1.0}
{"epoch": 5, "train_rmse": 1.2322253606151166, "validation_rmse": 0.9086185097694397, "mean_raw_gradient_norm": 15.15287313538213, "fraction_gradients_clipped": 1.0}
{
  "seed": 1701,
  "best_validation_rmse": 0.907626211643219,
  "restored_fit_rmse": 0.8470616936683655,
  "restored_validation_rmse": 0.907626211643219,
  "epochs_run": 5,
  "fit_observations": 5216,
  "validation_observations": 1309,
  "rule": "delayed_memory",
  "generations": 16,
  "hidden_channels": 16,
  "device": "cpu",
  "gpu": null,
  "training_seconds": 26.69479420897551,
  "peak_gpu_memory_bytes": 0,
  "runtime": {
    "operating_system": "macOS-26.2-arm64-arm-64bit",
    "machine": "arm64",
    "python": "3.10.19",
    "python_executable": "/opt/anaconda3/envs/kcc2/bin/python3.10",
    "pytorch": "2.8.0",
    "pytorch_cuda": null,
    "device": "cpu",
    "gpu": null
  },
  "readout": "differentiable_closed_form_ridge",
  "hyperparameters": {
    "ca_lr": 0.001,
    "ridge": 0.1,
    "ca_l2": 1e-05,
    "gradient_clip": 1.0,
    "update_scale": 0.4,
    "init_scale": 0.5,
    "initial_noise": 0.0,
    "support_fraction": 0.85,
    "bond_temperature": 2.0,
    "dyn_a": 0.2,
    "dyn_b": 0.5,
    "dyn_c": 0.8,
    "dyn_d": 0.3,
    "lr_schedule": "cosine_0.1x"
  }
}
