{"operating_system": "macOS-26.2-arm64-arm-64bit", "machine": "arm64", "python": "3.10.19", "python_executable": "/opt/anaconda3/envs/kcc2/bin/python3.10", "pytorch": "2.8.0", "pytorch_cuda": null, "device": "cpu", "gpu": null}
{"epoch": 1, "train_rmse": 1.2205011164770188, "validation_rmse": 0.8902649283409119, "mean_raw_gradient_norm": 14.413658557399627, "fraction_gradients_clipped": 1.0}
{"epoch": 2, "train_rmse": 1.171867076131542, "validation_rmse": 0.8860469460487366, "mean_raw_gradient_norm": 10.511410982378068, "fraction_gradients_clipped": 1.0}
{"epoch": 3, "train_rmse": 1.1765401484331703, "validation_rmse": 0.8827558755874634, "mean_raw_gradient_norm": 9.450341516925443, "fraction_gradients_clipped": 1.0}
{"epoch": 4, "train_rmse": 1.2228179795533163, "validation_rmse": 0.8889525532722473, "mean_raw_gradient_norm": 13.561232336105839, "fraction_gradients_clipped": 1.0}
{"epoch": 5, "train_rmse": 1.0976315580224756, "validation_rmse": 0.8841913938522339, "mean_raw_gradient_norm": 6.073265744793799, "fraction_gradients_clipped": 1.0}
{"epoch": 6, "train_rmse": 1.1707788397564554, "validation_rmse": 0.8856455087661743, "mean_raw_gradient_norm": 8.463453100573632, "fraction_gradients_clipped": 1.0}
{"epoch": 7, "train_rmse": 1.1205296639606341, "validation_rmse": 0.883432149887085, "mean_raw_gradient_norm": 8.460771637578164, "fraction_gradients_clipped": 1.0}
{
  "seed": 1701,
  "best_validation_rmse": 0.8827558755874634,
  "restored_fit_rmse": 0.8280543684959412,
  "restored_validation_rmse": 0.8827558755874634,
  "epochs_run": 7,
  "fit_observations": 5216,
  "validation_observations": 1309,
  "rule": "gray_scott",
  "generations": 125,
  "hidden_channels": 16,
  "device": "cpu",
  "gpu": null,
  "training_seconds": 344.25644091703,
  "peak_gpu_memory_bytes": 0,
  "runtime": {
    "operating_system": "macOS-26.2-arm64-arm-64bit",
    "machine": "arm64",
    "python": "3.10.19",
    "python_executable": "/opt/anaconda3/envs/kcc2/bin/python3.10",
    "pytorch": "2.8.0",
    "pytorch_cuda": null,
    "device": "cpu",
    "gpu": null
  },
  "readout": "differentiable_closed_form_ridge",
  "hyperparameters": {
    "ca_lr": 0.003,
    "ridge": 0.1,
    "ca_l2": 1e-05,
    "gradient_clip": 0.5,
    "update_scale": 0.25,
    "init_scale": 1.5,
    "initial_noise": 0.005,
    "support_fraction": 0.6,
    "bond_temperature": 1.0,
    "dyn_a": 0.5,
    "dyn_b": 0.2,
    "dyn_c": 0.8,
    "dyn_d": 0.15,
    "lr_schedule": "cosine_0.1x"
  }
}
