{"operating_system": "Windows-10-10.0.26200-SP0", "machine": "AMD64", "python": "3.11.16", "python_executable": "C:\\Users\\Anthony\\anaconda3\\envs\\strange-matter-gpu\\python.exe", "pytorch": "2.11.0+cu128", "pytorch_cuda": "12.8", "device": "cuda", "gpu": "NVIDIA GeForce RTX 5070 Ti"}
{"epoch": 1, "train_rmse": 1.0895535432053711, "validation_rmse": 0.8952739834785461, "validation_ma_st_rae": 0.9227588186141458, "validation_CYP1A2_st_rae": 0.8960745616920069, "validation_CYP2C9_st_rae": 0.9653748108426904, "validation_CYP2D6_st_rae": 1.1126640657782587, "validation_CYP3A4_st_rae": 0.7169218361436275, "mean_raw_gradient_norm": 12.517090206146241, "fraction_gradients_clipped": 1.0}
{"epoch": 2, "train_rmse": 1.0575806234343315, "validation_rmse": 0.8747963905334473, "validation_ma_st_rae": 0.8868833073853645, "validation_CYP1A2_st_rae": 0.8575938718060153, "validation_CYP2C9_st_rae": 0.9118072675299284, "validation_CYP2D6_st_rae": 1.0744602857453467, "validation_CYP3A4_st_rae": 0.7036718044601672, "mean_raw_gradient_norm": 9.235241260528564, "fraction_gradients_clipped": 1.0}
{"epoch": 3, "train_rmse": 1.0882700344159966, "validation_rmse": 0.8709384202957153, "validation_ma_st_rae": 0.8762806529090377, "validation_CYP1A2_st_rae": 0.8552147028339422, "validation_CYP2C9_st_rae": 0.9281735280242643, "validation_CYP2D6_st_rae": 1.0260131801342913, "validation_CYP3A4_st_rae": 0.6957212006436524, "mean_raw_gradient_norm": 9.384003124237061, "fraction_gradients_clipped": 1.0}
{"epoch": 4, "train_rmse": 1.0960586688464993, "validation_rmse": 0.8791765570640564, "validation_ma_st_rae": 0.8994953490760345, "validation_CYP1A2_st_rae": 0.9132166591937907, "validation_CYP2C9_st_rae": 0.9488822969528857, "validation_CYP2D6_st_rae": 1.0458760255712447, "validation_CYP3A4_st_rae": 0.6900064145862163, "mean_raw_gradient_norm": 7.903505859375, "fraction_gradients_clipped": 1.0}
{"epoch": 5, "train_rmse": 1.0884001467319135, "validation_rmse": 0.8811823725700378, "validation_ma_st_rae": 0.8976122356480126, "validation_CYP1A2_st_rae": 0.8917559603005549, "validation_CYP2C9_st_rae": 0.9770711554877752, "validation_CYP2D6_st_rae": 1.0300512231418246, "validation_CYP3A4_st_rae": 0.6915706036618956, "mean_raw_gradient_norm": 9.272264671325683, "fraction_gradients_clipped": 1.0}
{"epoch": 6, "train_rmse": 1.0320666047133589, "validation_rmse": 0.8846502304077148, "validation_ma_st_rae": 0.9019986898438233, "validation_CYP1A2_st_rae": 0.8756775216973285, "validation_CYP2C9_st_rae": 0.9761464454564015, "validation_CYP2D6_st_rae": 1.0531849059856815, "validation_CYP3A4_st_rae": 0.7029858862358815, "mean_raw_gradient_norm": 9.25420415878296, "fraction_gradients_clipped": 1.0}
{
  "seed": 2909,
  "selection_metric": "validation_ma_st_rae",
  "best_validation_ma_st_rae": 0.8762806529090377,
  "best_validation_rmse": 0.8709384202957153,
  "restored_fit_rmse": 0.8165559768676758,
  "restored_validation_rmse": 0.8709425926208496,
  "restored_fit_ma_st_rae": 0.8267632805510968,
  "restored_validation_ma_st_rae": 0.8803085895373768,
  "restored_validation_point_ma_st_rae": 0.8762784499690373,
  "restored_validation_point_st_rae_by_cyp": {
    "CYP1A2": 0.8552099559016242,
    "CYP2C9": 0.9281472531892427,
    "CYP2D6": 1.026036429199865,
    "CYP3A4": 0.6957201615854172
  },
  "restored_fit_st_rae_by_cyp": {
    "CYP1A2": 0.8565075247169223,
    "CYP2C9": 0.7729950837294544,
    "CYP2D6": 0.9958101130377084,
    "CYP3A4": 0.6817404007203022
  },
  "restored_validation_st_rae_by_cyp": {
    "CYP1A2": 0.861807687081543,
    "CYP2C9": 0.9336751898568679,
    "CYP2D6": 1.0276157029232436,
    "CYP3A4": 0.6981357782878526
  },
  "validation_bootstrap_metrics": {
    "n_bootstrap_samples": 1000,
    "seed": 0,
    "macro": {
      "st_rae": {
        "mean": 0.8803085895373768,
        "ci_low": 0.8230635153862331,
        "ci_high": 0.9443776190746049
      },
      "mae": {
        "mean": 0.6442447330843555,
        "ci_low": 0.6102091423949033,
        "ci_high": 0.6789774907241576
      },
      "r2": {
        "mean": 0.17116878136783362,
        "ci_low": 0.10351168912131652,
        "ci_high": 0.22811018593008187
      },
      "spearman_rho": {
        "mean": 0.4500617051434422,
        "ci_low": 0.40002518098550294,
        "ci_high": 0.5015828793588818
      },
      "kendall_tau": {
        "mean": 0.31535209657544,
        "ci_low": 0.27919035917575813,
        "ci_high": 0.3533792303560859
      }
    },
    "per_endpoint": {
      "CYP1A2": {
        "st_rae": {
          "mean": 0.861807687081543,
          "ci_low": 0.7520888359405494,
          "ci_high": 0.9875888703113238
        },
        "mae": {
          "mean": 0.7111697888183593,
          "ci_low": 0.6391338255140516,
          "ci_high": 0.7903659324116177
        },
        "r2": {
          "mean": 0.22696450966057494,
          "ci_low": 0.14184030935204908,
          "ci_high": 0.30688232111394653
        },
        "spearman_rho": {
          "mean": 0.48827728159889316,
          "ci_low": 0.38593375573960687,
          "ci_high": 0.5815183634949294
        },
        "kendall_tau": {
          "mean": 0.33607405555103753,
          "ci_low": 0.26071235992621117,
          "ci_high": 0.40800537269407844
        }
      },
      "CYP2C9": {
        "st_rae": {
          "mean": 0.9336751898568679,
          "ci_low": 0.7703169601716116,
          "ci_high": 1.1104644675885262
        },
        "mae": {
          "mean": 0.5060757112048921,
          "ci_low": 0.45415349593238225,
          "ci_high": 0.5621676166221579
        },
        "r2": {
          "mean": 0.12602311564337937,
          "ci_low": -0.07921044663963583,
          "ci_high": 0.28218419421626045
        },
        "spearman_rho": {
          "mean": 0.4478878763489935,
          "ci_low": 0.3310322989072482,
          "ci_high": 0.5614297754094205
        },
        "kendall_tau": {
          "mean": 0.3124231248631675,
          "ci_low": 0.22909924421861688,
          "ci_high": 0.40010264652837374
        }
      },
      "CYP2D6": {
        "st_rae": {
          "mean": 1.0276157029232436,
          "ci_low": 0.9359922177609294,
          "ci_high": 1.1294579924091788
        },
        "mae": {
          "mean": 0.6594164868744754,
          "ci_low": 0.5745642475657544,
          "ci_high": 0.7447904905777867
        },
        "r2": {
          "mean": -0.02878733512795408,
          "ci_low": -0.12782151253248242,
          "ci_high": 0.06311899334418286
        },
        "spearman_rho": {
          "mean": 0.2158746989710869,
          "ci_low": 0.08221629003127384,
          "ci_high": 0.3386602300341686
        },
        "kendall_tau": {
          "mean": 0.14994517467646443,
          "ci_low": 0.05710065426029925,
          "ci_high": 0.23884477415799005
        }
      },
      "CYP3A4": {
        "st_rae": {
          "mean": 0.6981357782878526,
          "ci_low": 0.6219223417816885,
          "ci_high": 0.784360337921123
        },
        "mae": {
          "mean": 0.7003169454396954,
          "ci_low": 0.6462278743641234,
          "ci_high": 0.7623121314109553
        },
        "r2": {
          "mean": 0.36047483529533436,
          "ci_low": 0.23120311506712293,
          "ci_high": 0.4509261315122294
        },
        "spearman_rho": {
          "mean": 0.6482069636547951,
          "ci_low": 0.5866751755018847,
          "ci_high": 0.7051229373099636
        },
        "kendall_tau": {
          "mean": 0.4629660312110906,
          "ci_low": 0.4134548036731598,
          "ci_high": 0.5118622047863134
        }
      }
    }
  },
  "epochs_run": 6,
  "fit_observations": 4213,
  "validation_observations": 1003,
  "rule": "inertial_reaction_diffusion",
  "generations": 250,
  "hidden_channels": 16,
  "atom_feature_profile": "periodic_valence",
  "atom_feature_count": 38,
  "atom_feature_names": [
    "element_H",
    "element_C",
    "element_N",
    "element_O",
    "element_F",
    "element_P",
    "element_S",
    "element_Cl",
    "element_Br",
    "element_I",
    "element_other",
    "formal_charge",
    "aromatic",
    "hybrid_sp",
    "hybrid_sp2",
    "hybrid_sp3",
    "hybrid_other",
    "degree",
    "total_hydrogens",
    "in_ring",
    "hbond_donor",
    "hbond_acceptor",
    "chiral_cw",
    "chiral_ccw",
    "chiral_other",
    "atomic_number",
    "atomic_mass",
    "covalent_radius",
    "vdw_radius",
    "outer_electrons",
    "period",
    "periodic_group",
    "atomic_volume",
    "total_valence",
    "implicit_valence",
    "heavy_atom_degree",
    "radical_electrons",
    "absolute_formal_charge"
  ],
  "device": "cuda",
  "gpu": "NVIDIA GeForce RTX 5070 Ti",
  "training_seconds": 144.9842626999598,
  "peak_gpu_memory_bytes": 1316198400,
  "runtime": {
    "operating_system": "Windows-10-10.0.26200-SP0",
    "machine": "AMD64",
    "python": "3.11.16",
    "python_executable": "C:\\Users\\Anthony\\anaconda3\\envs\\strange-matter-gpu\\python.exe",
    "pytorch": "2.11.0+cu128",
    "pytorch_cuda": "12.8",
    "device": "cuda",
    "gpu": "NVIDIA GeForce RTX 5070 Ti"
  },
  "validation_protocol": {
    "kind": "scaffold_cross_validation",
    "fold": 3,
    "folds": 5
  },
  "readout": "differentiable_closed_form_ridge",
  "prediction_mode": "direct",
  "residual_alpha": null,
  "trajectory_pooling": "legacy",
  "ridge_mode": "shared",
  "loss_mode": "hybrid_interval",
  "interval_loss_beta": 0.5,
  "interval_temperature": 0.05,
  "hyperparameters": {
    "ca_lr": 0.003,
    "ridge": 0.1,
    "ca_l2": 1e-06,
    "gradient_clip": 2.0,
    "update_scale": 0.15,
    "init_scale": 0.5,
    "initial_noise": 0.0,
    "support_fraction": 0.85,
    "bond_temperature": 2.0,
    "dyn_a": 0.2,
    "dyn_b": 0.5,
    "dyn_c": 0.5,
    "dyn_d": 0.3,
    "lr_schedule": "cosine_0.1x"
  }
}
