{"operating_system": "Windows-10-10.0.26200-SP0", "machine": "AMD64", "python": "3.11.16", "python_executable": "C:\\Users\\Anthony\\anaconda3\\envs\\strange-matter-gpu\\python.exe", "pytorch": "2.11.0+cu128", "pytorch_cuda": "12.8", "device": "cuda", "gpu": "NVIDIA GeForce RTX 5070 Ti"}
{"epoch": 1, "train_rmse": 0.9985544039546773, "validation_rmse": 0.8648198246955872, "validation_ma_st_rae": 0.8556409879722796, "validation_CYP1A2_st_rae": 0.8746200022994604, "validation_CYP2C9_st_rae": 0.8182222809156255, "validation_CYP2D6_st_rae": 1.0129309102403052, "validation_CYP3A4_st_rae": 0.7167907584337275, "mean_raw_gradient_norm": 3.3519206857681274, "fraction_gradients_clipped": 1.0}
{"epoch": 2, "train_rmse": 0.9540103896849609, "validation_rmse": 0.8661906719207764, "validation_ma_st_rae": 0.855939631103181, "validation_CYP1A2_st_rae": 0.8691354683670378, "validation_CYP2C9_st_rae": 0.8063645940150642, "validation_CYP2D6_st_rae": 1.025801410608218, "validation_CYP3A4_st_rae": 0.7224570514224041, "mean_raw_gradient_norm": 3.3712873792648317, "fraction_gradients_clipped": 1.0}
{"epoch": 3, "train_rmse": 0.9907917684401741, "validation_rmse": 0.8592888116836548, "validation_ma_st_rae": 0.8518342199611229, "validation_CYP1A2_st_rae": 0.8570781934947499, "validation_CYP2C9_st_rae": 0.7991496546900796, "validation_CYP2D6_st_rae": 1.039149257132517, "validation_CYP3A4_st_rae": 0.7119597745271447, "mean_raw_gradient_norm": 2.860880970954895, "fraction_gradients_clipped": 1.0}
{"epoch": 4, "train_rmse": 0.9285936971808958, "validation_rmse": 0.8471813201904297, "validation_ma_st_rae": 0.8429687346800934, "validation_CYP1A2_st_rae": 0.8487995961363591, "validation_CYP2C9_st_rae": 0.8319592669805924, "validation_CYP2D6_st_rae": 0.9962414670435517, "validation_CYP3A4_st_rae": 0.69487460855987, "mean_raw_gradient_norm": 2.8344060754776, "fraction_gradients_clipped": 1.0}
{"epoch": 5, "train_rmse": 0.9853113717947317, "validation_rmse": 0.8473870754241943, "validation_ma_st_rae": 0.8498349404276727, "validation_CYP1A2_st_rae": 0.849311867060984, "validation_CYP2C9_st_rae": 0.8528247262763456, "validation_CYP2D6_st_rae": 0.9959418069509803, "validation_CYP3A4_st_rae": 0.7012613614223807, "mean_raw_gradient_norm": 3.12734885931015, "fraction_gradients_clipped": 0.96}
{"epoch": 6, "train_rmse": 0.9349394324735655, "validation_rmse": 0.8453273177146912, "validation_ma_st_rae": 0.84372703606368, "validation_CYP1A2_st_rae": 0.8515786022565199, "validation_CYP2C9_st_rae": 0.8311762863838371, "validation_CYP2D6_st_rae": 0.9972471396005341, "validation_CYP3A4_st_rae": 0.6949061160138291, "mean_raw_gradient_norm": 2.568025107383728, "fraction_gradients_clipped": 1.0}
{"epoch": 7, "train_rmse": 0.9152635288063607, "validation_rmse": 0.8425300121307373, "validation_ma_st_rae": 0.8382314623130012, "validation_CYP1A2_st_rae": 0.8480138853760129, "validation_CYP2C9_st_rae": 0.8098810394981691, "validation_CYP2D6_st_rae": 0.9967493875800588, "validation_CYP3A4_st_rae": 0.698281536797764, "mean_raw_gradient_norm": 2.6345969009399415, "fraction_gradients_clipped": 1.0}
{"epoch": 8, "train_rmse": 0.9730987080230568, "validation_rmse": 0.8408561944961548, "validation_ma_st_rae": 0.8354454627082643, "validation_CYP1A2_st_rae": 0.8480128857797562, "validation_CYP2C9_st_rae": 0.8042299646907859, "validation_CYP2D6_st_rae": 0.9944289282305321, "validation_CYP3A4_st_rae": 0.6951100721319828, "mean_raw_gradient_norm": 2.711829590797424, "fraction_gradients_clipped": 1.0}
{
  "seed": 2909,
  "selection_metric": "validation_ma_st_rae",
  "best_validation_ma_st_rae": 0.8382314623130012,
  "best_validation_rmse": 0.8425300121307373,
  "restored_fit_rmse": 0.8197254538536072,
  "restored_validation_rmse": 0.8430817723274231,
  "restored_fit_ma_st_rae": 0.821689324451891,
  "restored_validation_ma_st_rae": 0.8417726916499355,
  "restored_validation_point_ma_st_rae": 0.837907227739783,
  "restored_validation_point_st_rae_by_cyp": {
    "CYP1A2": 0.8531167601103188,
    "CYP2C9": 0.8133779105164428,
    "CYP2D6": 0.9871474093307444,
    "CYP3A4": 0.6979868310016258
  },
  "restored_fit_st_rae_by_cyp": {
    "CYP1A2": 0.8562863810258375,
    "CYP2C9": 0.7439491680095123,
    "CYP2D6": 0.9988605343380458,
    "CYP3A4": 0.6876612144341684
  },
  "restored_validation_st_rae_by_cyp": {
    "CYP1A2": 0.8588130198132763,
    "CYP2C9": 0.8194522837152388,
    "CYP2D6": 0.9884809050558565,
    "CYP3A4": 0.7003445580153704
  },
  "validation_bootstrap_metrics": {
    "n_bootstrap_samples": 1000,
    "seed": 0,
    "macro": {
      "st_rae": {
        "mean": 0.8417726916499355,
        "ci_low": 0.78883499315906,
        "ci_high": 0.8956021596959937
      },
      "mae": {
        "mean": 0.605731999208419,
        "ci_low": 0.5706517865099333,
        "ci_high": 0.6393764617753791
      },
      "r2": {
        "mean": 0.18692100864438158,
        "ci_low": 0.11827780004099807,
        "ci_high": 0.2518818472322694
      },
      "spearman_rho": {
        "mean": 0.45082885267229683,
        "ci_low": 0.39881984363586187,
        "ci_high": 0.5039252883532375
      },
      "kendall_tau": {
        "mean": 0.31664877645978035,
        "ci_low": 0.278919878438512,
        "ci_high": 0.35611350603781505
      }
    },
    "per_endpoint": {
      "CYP1A2": {
        "st_rae": {
          "mean": 0.8588130198132763,
          "ci_low": 0.7573728326302844,
          "ci_high": 0.9695514598951069
        },
        "mae": {
          "mean": 0.6653248771444411,
          "ci_low": 0.5884285316830541,
          "ci_high": 0.7486751542454625
        },
        "r2": {
          "mean": 0.19840721370635903,
          "ci_low": 0.09542735245851211,
          "ci_high": 0.29546587568793986
        },
        "spearman_rho": {
          "mean": 0.4390318224662733,
          "ci_low": 0.3324519108669667,
          "ci_high": 0.5391587287296501
        },
        "kendall_tau": {
          "mean": 0.29904345136202914,
          "ci_low": 0.2245087961221067,
          "ci_high": 0.3727728418668762
        }
      },
      "CYP2C9": {
        "st_rae": {
          "mean": 0.8194522837152388,
          "ci_low": 0.6907391996153855,
          "ci_high": 0.9738345198284953
        },
        "mae": {
          "mean": 0.48667701885133685,
          "ci_low": 0.4313132325021347,
          "ci_high": 0.5473826309536943
        },
        "r2": {
          "mean": 0.1936099542008318,
          "ci_low": 0.03411282318224955,
          "ci_high": 0.34055018777345286
        },
        "spearman_rho": {
          "mean": 0.46508262976270387,
          "ci_low": 0.34699539985467115,
          "ci_high": 0.5804107037962447
        },
        "kendall_tau": {
          "mean": 0.3300194975897131,
          "ci_low": 0.2419742481637707,
          "ci_high": 0.41922590174337027
        }
      },
      "CYP2D6": {
        "st_rae": {
          "mean": 0.9884809050558565,
          "ci_low": 0.9100964926891905,
          "ci_high": 1.0687031506118836
        },
        "mae": {
          "mean": 0.616702523095639,
          "ci_low": 0.5360269975323865,
          "ci_high": 0.6990801657001003
        },
        "r2": {
          "mean": 0.01690881554084578,
          "ci_low": -0.09277857188342485,
          "ci_high": 0.10495023668296664
        },
        "spearman_rho": {
          "mean": 0.26287627028630467,
          "ci_low": 0.13460069493763796,
          "ci_high": 0.3844865681438732
        },
        "kendall_tau": {
          "mean": 0.17769466923482155,
          "ci_low": 0.0892510692142565,
          "ci_high": 0.26416457014065403
        }
      },
      "CYP3A4": {
        "st_rae": {
          "mean": 0.7003445580153704,
          "ci_low": 0.6148834761344913,
          "ci_high": 0.7933024715215318
        },
        "mae": {
          "mean": 0.6542235777422586,
          "ci_low": 0.5988729708274205,
          "ci_high": 0.7065688306490581
        },
        "r2": {
          "mean": 0.33875805112948965,
          "ci_low": 0.1527543656709355,
          "ci_high": 0.4718414832362853
        },
        "spearman_rho": {
          "mean": 0.6363246881739054,
          "ci_low": 0.5633806183448093,
          "ci_high": 0.7066824663236284
        },
        "kendall_tau": {
          "mean": 0.45983748765255733,
          "ci_low": 0.4046692805581106,
          "ci_high": 0.5181269204072432
        }
      }
    }
  },
  "epochs_run": 8,
  "fit_observations": 4177,
  "validation_observations": 1039,
  "rule": "coupled_map",
  "generations": 125,
  "hidden_channels": 16,
  "atom_feature_profile": "periodic_electronic",
  "atom_feature_count": 41,
  "atom_feature_names": [
    "element_H",
    "element_C",
    "element_N",
    "element_O",
    "element_F",
    "element_P",
    "element_S",
    "element_Cl",
    "element_Br",
    "element_I",
    "element_other",
    "formal_charge",
    "aromatic",
    "hybrid_sp",
    "hybrid_sp2",
    "hybrid_sp3",
    "hybrid_other",
    "degree",
    "total_hydrogens",
    "in_ring",
    "hbond_donor",
    "hbond_acceptor",
    "chiral_cw",
    "chiral_ccw",
    "chiral_other",
    "atomic_number",
    "atomic_mass",
    "covalent_radius",
    "vdw_radius",
    "outer_electrons",
    "period",
    "periodic_group",
    "atomic_volume",
    "electronegativity",
    "polarizability",
    "heteroatom",
    "halogen",
    "conjugated_bond_fraction",
    "first_ionization_energy",
    "electron_affinity",
    "electronic_property_missing"
  ],
  "device": "cuda",
  "gpu": "NVIDIA GeForce RTX 5070 Ti",
  "training_seconds": 109.60102760000154,
  "peak_gpu_memory_bytes": 788413440,
  "runtime": {
    "operating_system": "Windows-10-10.0.26200-SP0",
    "machine": "AMD64",
    "python": "3.11.16",
    "python_executable": "C:\\Users\\Anthony\\anaconda3\\envs\\strange-matter-gpu\\python.exe",
    "pytorch": "2.11.0+cu128",
    "pytorch_cuda": "12.8",
    "device": "cuda",
    "gpu": "NVIDIA GeForce RTX 5070 Ti"
  },
  "validation_protocol": {
    "kind": "scaffold_cross_validation",
    "fold": 2,
    "folds": 5
  },
  "readout": "differentiable_closed_form_ridge",
  "hyperparameters": {
    "ca_lr": 0.003,
    "ridge": 1.0,
    "ca_l2": 1e-06,
    "gradient_clip": 1.0,
    "update_scale": 0.4,
    "init_scale": 0.5,
    "initial_noise": 0.0,
    "support_fraction": 0.75,
    "bond_temperature": 2.0,
    "dyn_a": 0.5,
    "dyn_b": 0.5,
    "dyn_c": 0.2,
    "dyn_d": 0.3,
    "lr_schedule": "cosine_0.1x"
  }
}
