{"device": "cuda", "gpu": "NVIDIA GeForce RTX 5070 Ti", "pytorch": "2.11.0+cu128", "pytorch_cuda": "12.8"}
{"epoch": 1, "train_rmse": 1.210234841748962, "validation_rmse": 0.9088041186332703, "mean_raw_gradient_norm": 17.292411112016246, "fraction_gradients_clipped": 1.0}
{"epoch": 2, "train_rmse": 1.2112715411938069, "validation_rmse": 0.9115641117095947, "mean_raw_gradient_norm": 13.515051672535558, "fraction_gradients_clipped": 1.0}
{"epoch": 3, "train_rmse": 1.2004123168235694, "validation_rmse": 0.9164548516273499, "mean_raw_gradient_norm": 16.368639807547293, "fraction_gradients_clipped": 1.0}
{"epoch": 4, "train_rmse": 1.248687871355926, "validation_rmse": 0.9011929631233215, "mean_raw_gradient_norm": 23.356353329073997, "fraction_gradients_clipped": 1.0}
{"epoch": 5, "train_rmse": 1.2706565003108374, "validation_rmse": 0.9110355377197266, "mean_raw_gradient_norm": 18.291875085523053, "fraction_gradients_clipped": 1.0}
{"epoch": 6, "train_rmse": 1.2591068864906587, "validation_rmse": 0.8993436694145203, "mean_raw_gradient_norm": 16.613490996822232, "fraction_gradients_clipped": 1.0}
{"epoch": 7, "train_rmse": 1.205455097312906, "validation_rmse": 0.8970346450805664, "mean_raw_gradient_norm": 15.259479661141672, "fraction_gradients_clipped": 1.0}
{"epoch": 8, "train_rmse": 1.1762767987242437, "validation_rmse": 0.8981659412384033, "mean_raw_gradient_norm": 12.231177637653966, "fraction_gradients_clipped": 1.0}
{"epoch": 9, "train_rmse": 1.1301845500532968, "validation_rmse": 0.8969104290008545, "mean_raw_gradient_norm": 11.969753742218018, "fraction_gradients_clipped": 1.0}
{"epoch": 10, "train_rmse": 1.1473794144845852, "validation_rmse": 0.8963682651519775, "mean_raw_gradient_norm": 14.730812826464254, "fraction_gradients_clipped": 1.0}
{
  "seed": 4211,
  "best_validation_rmse": 0.8970346450805664,
  "restored_fit_rmse": 0.8272108435630798,
  "restored_validation_rmse": 0.8970898389816284,
  "epochs_run": 10,
  "fit_observations": 5216,
  "validation_observations": 1309,
  "rule": "damped_symplectic",
  "generations": 500,
  "hidden_channels": 16,
  "device": "cuda",
  "gpu": "NVIDIA GeForce RTX 5070 Ti",
  "training_seconds": 610.0403086999431,
  "peak_gpu_memory_bytes": 2465056256,
  "readout": "differentiable_closed_form_ridge",
  "hyperparameters": {
    "ca_lr": 0.003,
    "ridge": 0.01,
    "ca_l2": 1e-05,
    "gradient_clip": 1.0,
    "update_scale": 0.15,
    "init_scale": 1.0,
    "initial_noise": 0.005,
    "support_fraction": 0.75,
    "bond_temperature": 1.0,
    "dyn_a": 0.5,
    "dyn_b": 0.5,
    "dyn_c": 0.5,
    "dyn_d": 0.05,
    "lr_schedule": "cosine_0.1x"
  }
}
