{"operating_system": "Windows-10-10.0.26200-SP0", "machine": "AMD64", "python": "3.11.16", "python_executable": "C:\\Users\\Anthony\\anaconda3\\envs\\strange-matter-gpu\\python.exe", "pytorch": "2.11.0+cu128", "pytorch_cuda": "12.8", "device": "cuda", "gpu": "NVIDIA GeForce RTX 5070 Ti"}
{"epoch": 1, "train_rmse": 1.9267031920041706, "validation_rmse": 0.9167656898498535, "validation_ma_st_rae": 1.090051250382079, "validation_CYP1A2_st_rae": 1.2062412514348513, "validation_CYP2C9_st_rae": 1.0644275953651607, "validation_CYP2D6_st_rae": 1.096812460877592, "validation_CYP3A4_st_rae": 0.9927236938507114, "mean_raw_gradient_norm": 214.83595581054686, "fraction_gradients_clipped": 1.0}
{"epoch": 2, "train_rmse": 2.7222194118307774, "validation_rmse": 0.96583491563797, "validation_ma_st_rae": 1.1484745386748414, "validation_CYP1A2_st_rae": 1.3413005305009438, "validation_CYP2C9_st_rae": 1.1283899628924674, "validation_CYP2D6_st_rae": 1.1524541564629485, "validation_CYP3A4_st_rae": 0.9717535048430062, "mean_raw_gradient_norm": 1381.135661315918, "fraction_gradients_clipped": 1.0}
{"epoch": 3, "train_rmse": 1.9829906449569954, "validation_rmse": 0.9211661219596863, "validation_ma_st_rae": 1.129165999477257, "validation_CYP1A2_st_rae": 1.2285347873822794, "validation_CYP2C9_st_rae": 1.1974506467554162, "validation_CYP2D6_st_rae": 1.1619068661093508, "validation_CYP3A4_st_rae": 0.928771697661982, "mean_raw_gradient_norm": 210.84524688720703, "fraction_gradients_clipped": 1.0}
{
  "seed": 1701,
  "selection_metric": "validation_ma_st_rae",
  "best_validation_ma_st_rae": 1.090051250382079,
  "best_validation_rmse": 0.9167656898498535,
  "restored_fit_rmse": 0.9299870729446411,
  "restored_validation_rmse": 0.9160568714141846,
  "restored_fit_ma_st_rae": 0.90393995502591,
  "restored_validation_ma_st_rae": 1.1069488544945976,
  "restored_validation_point_ma_st_rae": 1.0883927773588047,
  "restored_validation_point_st_rae_by_cyp": {
    "CYP1A2": 1.2108534622434282,
    "CYP2C9": 1.0546483547831087,
    "CYP2D6": 1.0973971548725996,
    "CYP3A4": 0.9906721375360823
  },
  "restored_fit_st_rae_by_cyp": {
    "CYP1A2": 0.8682573204288484,
    "CYP2C9": 0.9215487235577825,
    "CYP2D6": 0.9980979418727882,
    "CYP3A4": 0.8278558342442212
  },
  "restored_validation_st_rae_by_cyp": {
    "CYP1A2": 1.2164746741642132,
    "CYP2C9": 1.0841648776374764,
    "CYP2D6": 1.1223936426180117,
    "CYP3A4": 1.0047622235586886
  },
  "validation_bootstrap_metrics": {
    "n_bootstrap_samples": 1000,
    "seed": 0,
    "macro": {
      "st_rae": {
        "mean": 1.1069488544945976,
        "ci_low": 0.9690079005789669,
        "ci_high": 1.26317854573968
      },
      "mae": {
        "mean": 0.7057566655408773,
        "ci_low": 0.6406100061585034,
        "ci_high": 0.776301760607945
      },
      "r2": {
        "mean": -0.06210680524478846,
        "ci_low": -0.23709823214860165,
        "ci_high": 0.08868327392504356
      },
      "spearman_rho": {
        "mean": 0.24856972188350665,
        "ci_low": 0.12714355235069075,
        "ci_high": 0.3669277284049433
      },
      "kendall_tau": {
        "mean": 0.1702661311560632,
        "ci_low": 0.08391074534741541,
        "ci_high": 0.2572914416555505
      }
    },
    "per_endpoint": {
      "CYP1A2": {
        "st_rae": {
          "mean": 1.2164746741642132,
          "ci_low": 0.9055223821210465,
          "ci_high": 1.6026425138767624
        },
        "mae": {
          "mean": 0.7804868120404541,
          "ci_low": 0.6242159857124578,
          "ci_high": 0.9582864324577519
        },
        "r2": {
          "mean": -0.02026744046337684,
          "ci_low": -0.36418626694545686,
          "ci_high": 0.2061520495297131
        },
        "spearman_rho": {
          "mean": 0.2144847391940328,
          "ci_low": -0.04863633634999111,
          "ci_high": 0.46310884612344483
        },
        "kendall_tau": {
          "mean": 0.15078596735728086,
          "ci_low": -0.03446273031825796,
          "ci_high": 0.33337981037367537
        }
      },
      "CYP2C9": {
        "st_rae": {
          "mean": 1.0841648776374764,
          "ci_low": 0.7800814794514606,
          "ci_high": 1.4933586046507985
        },
        "mae": {
          "mean": 0.5884131210009257,
          "ci_low": 0.4617842411001523,
          "ci_high": 0.7280443269014358
        },
        "r2": {
          "mean": -0.17320813121574105,
          "ci_low": -0.7174691930033533,
          "ci_high": 0.16993990275225127
        },
        "spearman_rho": {
          "mean": 0.2975799443740853,
          "ci_low": 0.059753900985005215,
          "ci_high": 0.5256293944525007
        },
        "kendall_tau": {
          "mean": 0.20710519138956357,
          "ci_low": 0.03629528790255453,
          "ci_high": 0.3762302188925067
        }
      },
      "CYP2D6": {
        "st_rae": {
          "mean": 1.1223936426180117,
          "ci_low": 0.9053685034727406,
          "ci_high": 1.3883901027829668
        },
        "mae": {
          "mean": 0.6165218347696156,
          "ci_low": 0.49689931328480064,
          "ci_high": 0.7465682884363027
        },
        "r2": {
          "mean": -0.08235883984842639,
          "ci_low": -0.5530695886000319,
          "ci_high": 0.1863373877776999
        },
        "spearman_rho": {
          "mean": 0.2083363924577005,
          "ci_low": -0.058295791606872156,
          "ci_high": 0.451947226816222
        },
        "kendall_tau": {
          "mean": 0.14052659001166096,
          "ci_low": -0.046945259042033234,
          "ci_high": 0.3171474972297353
        }
      },
      "CYP3A4": {
        "st_rae": {
          "mean": 1.0047622235586886,
          "ci_low": 0.8594006292489957,
          "ci_high": 1.1960441126721426
        },
        "mae": {
          "mean": 0.8376048943525137,
          "ci_low": 0.7159365254086117,
          "ci_high": 0.960961136914963
        },
        "r2": {
          "mean": 0.02740719054839043,
          "ci_low": -0.1459643481237525,
          "ci_high": 0.17253014427922952
        },
        "spearman_rho": {
          "mean": 0.27387781150820806,
          "ci_low": 0.07551905565590068,
          "ci_high": 0.46161414246122034
        },
        "kendall_tau": {
          "mean": 0.18264677586574732,
          "ci_low": 0.04800103488678026,
          "ci_high": 0.3126832824187917
        }
      }
    }
  },
  "epochs_run": 3,
  "fit_observations": 806,
  "validation_observations": 272,
  "rule": "kuramoto_sakaguchi",
  "generations": 500,
  "hidden_channels": 16,
  "atom_feature_profile": "comprehensive",
  "atom_feature_count": 57,
  "atom_feature_names": [
    "element_H",
    "element_C",
    "element_N",
    "element_O",
    "element_F",
    "element_P",
    "element_S",
    "element_Cl",
    "element_Br",
    "element_I",
    "element_other",
    "formal_charge",
    "aromatic",
    "hybrid_sp",
    "hybrid_sp2",
    "hybrid_sp3",
    "hybrid_other",
    "degree",
    "total_hydrogens",
    "in_ring",
    "hbond_donor",
    "hbond_acceptor",
    "chiral_cw",
    "chiral_ccw",
    "chiral_other",
    "atomic_number",
    "atomic_mass",
    "covalent_radius",
    "vdw_radius",
    "outer_electrons",
    "period",
    "periodic_group",
    "atomic_volume",
    "total_valence",
    "implicit_valence",
    "heavy_atom_degree",
    "radical_electrons",
    "absolute_formal_charge",
    "electronegativity",
    "polarizability",
    "heteroatom",
    "halogen",
    "conjugated_bond_fraction",
    "first_ionization_energy",
    "electron_affinity",
    "electronic_property_missing",
    "ring_count",
    "ring_size_3",
    "ring_size_4",
    "ring_size_5",
    "ring_size_6",
    "ring_size_7",
    "ring_size_8_plus",
    "mean_neighbour_electronegativity",
    "electronegativity_difference",
    "mean_neighbour_atomic_number",
    "neighbour_formal_charge"
  ],
  "device": "cuda",
  "gpu": "NVIDIA GeForce RTX 5070 Ti",
  "training_seconds": 32.37165699992329,
  "peak_gpu_memory_bytes": 3331646976,
  "runtime": {
    "operating_system": "Windows-10-10.0.26200-SP0",
    "machine": "AMD64",
    "python": "3.11.16",
    "python_executable": "C:\\Users\\Anthony\\anaconda3\\envs\\strange-matter-gpu\\python.exe",
    "pytorch": "2.11.0+cu128",
    "pytorch_cuda": "12.8",
    "device": "cuda",
    "gpu": "NVIDIA GeForce RTX 5070 Ti"
  },
  "validation_protocol": {
    "kind": "scaffold_cross_validation",
    "fold": 0,
    "folds": 5
  },
  "readout": "differentiable_closed_form_ridge",
  "prediction_mode": "direct",
  "residual_alpha": null,
  "trajectory_pooling": "legacy",
  "ridge_mode": "shared",
  "loss_mode": "hybrid_interval",
  "interval_loss_beta": 0.75,
  "interval_temperature": 0.02,
  "hyperparameters": {
    "ca_lr": 0.003,
    "ridge": 0.01,
    "ca_l2": 1e-05,
    "gradient_clip": 1.0,
    "update_scale": 0.15,
    "init_scale": 1.0,
    "initial_noise": 0.005,
    "support_fraction": 0.75,
    "bond_temperature": 1.0,
    "dyn_a": 0.5,
    "dyn_b": 0.5,
    "dyn_c": 0.5,
    "dyn_d": 0.05,
    "lr_schedule": "cosine_0.1x"
  }
}
