{"operating_system": "Windows-10-10.0.26200-SP0", "machine": "AMD64", "python": "3.11.16", "python_executable": "C:\\Users\\Anthony\\anaconda3\\envs\\strange-matter-gpu\\python.exe", "pytorch": "2.11.0+cu128", "pytorch_cuda": "12.8", "device": "cuda", "gpu": "NVIDIA GeForce RTX 5070 Ti"}
{"epoch": 1, "train_rmse": 1.1854144109303606, "validation_rmse": 0.935305655002594, "validation_ma_st_rae": 0.9542771167715742, "validation_CYP1A2_st_rae": 0.9813480761267946, "validation_CYP2C9_st_rae": 0.9139027990767603, "validation_CYP2D6_st_rae": 1.0417161102363044, "validation_CYP3A4_st_rae": 0.8801414816464376, "mean_raw_gradient_norm": 19.743968605995178, "fraction_gradients_clipped": 1.0}
{"epoch": 2, "train_rmse": 1.0901390613395288, "validation_rmse": 0.9305517673492432, "validation_ma_st_rae": 0.9475360684418077, "validation_CYP1A2_st_rae": 0.9689218264638478, "validation_CYP2C9_st_rae": 0.9090210371169645, "validation_CYP2D6_st_rae": 1.0354617381743731, "validation_CYP3A4_st_rae": 0.8767396720120457, "mean_raw_gradient_norm": 34.12200255692005, "fraction_gradients_clipped": 1.0}
{"epoch": 3, "train_rmse": 1.1321843882749179, "validation_rmse": 0.9279812574386597, "validation_ma_st_rae": 0.9443316912003229, "validation_CYP1A2_st_rae": 0.9691862844185772, "validation_CYP2C9_st_rae": 0.9048509657177453, "validation_CYP2D6_st_rae": 1.030229907199743, "validation_CYP3A4_st_rae": 0.8730596074652263, "mean_raw_gradient_norm": 30.122381508350372, "fraction_gradients_clipped": 1.0}
{"epoch": 4, "train_rmse": 1.0789489649311297, "validation_rmse": 0.9271324276924133, "validation_ma_st_rae": 0.9432876893139539, "validation_CYP1A2_st_rae": 0.9681694370752456, "validation_CYP2C9_st_rae": 0.9019528293094883, "validation_CYP2D6_st_rae": 1.030885369630492, "validation_CYP3A4_st_rae": 0.8721431212405893, "mean_raw_gradient_norm": 15.81275287270546, "fraction_gradients_clipped": 1.0}
{"epoch": 5, "train_rmse": 1.1323592640810527, "validation_rmse": 0.9271963834762573, "validation_ma_st_rae": 0.9440000310714326, "validation_CYP1A2_st_rae": 0.9677948584253149, "validation_CYP2C9_st_rae": 0.9029592922180574, "validation_CYP2D6_st_rae": 1.0329934491965909, "validation_CYP3A4_st_rae": 0.8722525244457674, "mean_raw_gradient_norm": 17.23674103617668, "fraction_gradients_clipped": 1.0}
{
  "seed": 1701,
  "selection_metric": "validation_ma_st_rae",
  "best_validation_ma_st_rae": 0.9443316912003229,
  "best_validation_rmse": 0.9279812574386597,
  "restored_fit_rmse": 0.9153286814689636,
  "restored_validation_rmse": 0.9279840588569641,
  "restored_fit_ma_st_rae": 0.9215772525437875,
  "restored_validation_ma_st_rae": 0.9477395827020659,
  "restored_validation_point_ma_st_rae": 0.9442796602914586,
  "restored_validation_point_st_rae_by_cyp": {
    "CYP1A2": 0.969023823464958,
    "CYP2C9": 0.9048323317163209,
    "CYP2D6": 1.030022187385585,
    "CYP3A4": 0.8732402985989703
  },
  "restored_fit_st_rae_by_cyp": {
    "CYP1A2": 0.9049082814776489,
    "CYP2C9": 0.8688836338378089,
    "CYP2D6": 1.0552376609195098,
    "CYP3A4": 0.8572794339401826
  },
  "restored_validation_st_rae_by_cyp": {
    "CYP1A2": 0.9734377804180526,
    "CYP2C9": 0.9089397613998076,
    "CYP2D6": 1.0342585645618658,
    "CYP3A4": 0.8743222244285378
  },
  "validation_bootstrap_metrics": {
    "n_bootstrap_samples": 1000,
    "seed": 0,
    "macro": {
      "st_rae": {
        "mean": 0.9477395827020659,
        "ci_low": 0.8882273468210201,
        "ci_high": 1.0109235995131427
      },
      "mae": {
        "mean": 0.6777148870121938,
        "ci_low": 0.6340056382376679,
        "ci_high": 0.72557968521727
      },
      "r2": {
        "mean": 0.07246965281109871,
        "ci_low": 0.009909099787464834,
        "ci_high": 0.1314707812453227
      },
      "spearman_rho": {
        "mean": 0.3166237163763905,
        "ci_low": 0.2455652401933048,
        "ci_high": 0.38217928427282927
      },
      "kendall_tau": {
        "mean": 0.21526708008522144,
        "ci_low": 0.166362811920586,
        "ci_high": 0.2621370644166069
      }
    },
    "per_endpoint": {
      "CYP1A2": {
        "st_rae": {
          "mean": 0.9734377804180526,
          "ci_low": 0.8564940654831539,
          "ci_high": 1.10273086905829
        },
        "mae": {
          "mean": 0.7255583203970081,
          "ci_low": 0.6316118765921488,
          "ci_high": 0.8283472199074542
        },
        "r2": {
          "mean": 0.089709862151632,
          "ci_low": -0.025255454695999092,
          "ci_high": 0.20110631040246962
        },
        "spearman_rho": {
          "mean": 0.3550621129635962,
          "ci_low": 0.19990262465672828,
          "ci_high": 0.5013666946709537
        },
        "kendall_tau": {
          "mean": 0.24365843566578085,
          "ci_low": 0.1369037490972534,
          "ci_high": 0.34943289811419814
        }
      },
      "CYP2C9": {
        "st_rae": {
          "mean": 0.9089397613998076,
          "ci_low": 0.7610979146233233,
          "ci_high": 1.0746002645760742
        },
        "mae": {
          "mean": 0.556562532714305,
          "ci_low": 0.4819958330110739,
          "ci_high": 0.6346143328506527
        },
        "r2": {
          "mean": 0.09135507996448322,
          "ci_low": -0.06691959852454736,
          "ci_high": 0.21987241489543666
        },
        "spearman_rho": {
          "mean": 0.34431883966139265,
          "ci_low": 0.18603360907212255,
          "ci_high": 0.488485291691612
        },
        "kendall_tau": {
          "mean": 0.22750393251311918,
          "ci_low": 0.11717895163794476,
          "ci_high": 0.3281045542247624
        }
      },
      "CYP2D6": {
        "st_rae": {
          "mean": 1.0342585645618658,
          "ci_low": 0.9303022869553952,
          "ci_high": 1.1454784564591902
        },
        "mae": {
          "mean": 0.6135513991004359,
          "ci_low": 0.5092733178695623,
          "ci_high": 0.7279295885649911
        },
        "r2": {
          "mean": 0.0014067909355292719,
          "ci_low": -0.1285972367996603,
          "ci_high": 0.11901428181931112
        },
        "spearman_rho": {
          "mean": 0.16399598368174975,
          "ci_low": -0.0038406934752774646,
          "ci_high": 0.33375979851188875
        },
        "kendall_tau": {
          "mean": 0.11433764969812314,
          "ci_low": -0.004126174330340896,
          "ci_high": 0.23613104635136048
        }
      },
      "CYP3A4": {
        "st_rae": {
          "mean": 0.8743222244285378,
          "ci_low": 0.7765288806825256,
          "ci_high": 0.9799474441549239
        },
        "mae": {
          "mean": 0.8151872958370263,
          "ci_low": 0.7363892091136751,
          "ci_high": 0.8994815918419865
        },
        "r2": {
          "mean": 0.10740687819275033,
          "ci_low": -0.019238412625807392,
          "ci_high": 0.21824517370048177
        },
        "spearman_rho": {
          "mean": 0.40311792919882333,
          "ci_low": 0.2966373802189576,
          "ci_high": 0.5063418924470718
        },
        "kendall_tau": {
          "mean": 0.27556830246386266,
          "ci_low": 0.19925183236724875,
          "ci_high": 0.3487519876654973
        }
      }
    }
  },
  "epochs_run": 5,
  "fit_observations": 2659,
  "validation_observations": 646,
  "rule": "kuramoto_sakaguchi",
  "generations": 16,
  "hidden_channels": 4,
  "atom_feature_profile": "electronic_local",
  "atom_feature_count": 37,
  "atom_feature_names": [
    "element_H",
    "element_C",
    "element_N",
    "element_O",
    "element_F",
    "element_P",
    "element_S",
    "element_Cl",
    "element_Br",
    "element_I",
    "element_other",
    "formal_charge",
    "aromatic",
    "hybrid_sp",
    "hybrid_sp2",
    "hybrid_sp3",
    "hybrid_other",
    "degree",
    "total_hydrogens",
    "in_ring",
    "hbond_donor",
    "hbond_acceptor",
    "chiral_cw",
    "chiral_ccw",
    "chiral_other",
    "electronegativity",
    "polarizability",
    "heteroatom",
    "halogen",
    "conjugated_bond_fraction",
    "first_ionization_energy",
    "electron_affinity",
    "electronic_property_missing",
    "mean_neighbour_electronegativity",
    "electronegativity_difference",
    "mean_neighbour_atomic_number",
    "neighbour_formal_charge"
  ],
  "device": "cuda",
  "gpu": "NVIDIA GeForce RTX 5070 Ti",
  "training_seconds": 16.010217600036412,
  "peak_gpu_memory_bytes": 34314240,
  "runtime": {
    "operating_system": "Windows-10-10.0.26200-SP0",
    "machine": "AMD64",
    "python": "3.11.16",
    "python_executable": "C:\\Users\\Anthony\\anaconda3\\envs\\strange-matter-gpu\\python.exe",
    "pytorch": "2.11.0+cu128",
    "pytorch_cuda": "12.8",
    "device": "cuda",
    "gpu": "NVIDIA GeForce RTX 5070 Ti"
  },
  "validation_protocol": {
    "kind": "scaffold_cross_validation",
    "fold": 1,
    "folds": 5
  },
  "readout": "differentiable_closed_form_ridge",
  "hyperparameters": {
    "ca_lr": 0.0003,
    "ridge": 0.01,
    "ca_l2": 1e-05,
    "gradient_clip": 0.5,
    "update_scale": 0.08,
    "init_scale": 1.5,
    "initial_noise": 0.005,
    "support_fraction": 0.75,
    "bond_temperature": 0.5,
    "dyn_a": 0.2,
    "dyn_b": 0.8,
    "dyn_c": 0.8,
    "dyn_d": 0.05,
    "lr_schedule": "cosine_0.1x"
  }
}
