{"operating_system": "Windows-10-10.0.26200-SP0", "machine": "AMD64", "python": "3.11.16", "python_executable": "C:\\Users\\Anthony\\anaconda3\\envs\\strange-matter-gpu\\python.exe", "pytorch": "2.11.0+cu128", "pytorch_cuda": "12.8", "device": "cuda", "gpu": "NVIDIA GeForce RTX 5070 Ti"}
{"epoch": 1, "train_rmse": 1.3022104093538778, "validation_rmse": 0.9265695810317993, "mean_raw_gradient_norm": 19.911354660987854, "fraction_gradients_clipped": 1.0}
{"epoch": 2, "train_rmse": 1.2529649358224026, "validation_rmse": 0.9149845242500305, "mean_raw_gradient_norm": 23.168171912431717, "fraction_gradients_clipped": 1.0}
{"epoch": 3, "train_rmse": 1.1858515607230298, "validation_rmse": 0.8994688987731934, "mean_raw_gradient_norm": 14.56217435002327, "fraction_gradients_clipped": 1.0}
{"epoch": 4, "train_rmse": 1.1737055373595295, "validation_rmse": 0.9002578258514404, "mean_raw_gradient_norm": 13.670694515109062, "fraction_gradients_clipped": 1.0}
{"epoch": 5, "train_rmse": 1.2016914365425215, "validation_rmse": 0.8964541554450989, "mean_raw_gradient_norm": 27.299399584531784, "fraction_gradients_clipped": 1.0}
{"epoch": 6, "train_rmse": 1.4296941754666477, "validation_rmse": 0.887984573841095, "mean_raw_gradient_norm": 139.89511160552502, "fraction_gradients_clipped": 1.0}
{"epoch": 7, "train_rmse": 1.1392878087984626, "validation_rmse": 0.8842188119888306, "mean_raw_gradient_norm": 12.0186148583889, "fraction_gradients_clipped": 1.0}
{"epoch": 8, "train_rmse": 1.1682210794466708, "validation_rmse": 0.8837473392486572, "mean_raw_gradient_norm": 11.046718299388885, "fraction_gradients_clipped": 1.0}
{
  "seed": 1701,
  "best_validation_rmse": 0.8842188119888306,
  "restored_fit_rmse": 0.8216428160667419,
  "restored_validation_rmse": 0.8842258453369141,
  "epochs_run": 8,
  "fit_observations": 2643,
  "validation_observations": 670,
  "rule": "gray_scott",
  "generations": 125,
  "hidden_channels": 16,
  "atom_feature_profile": "periodic_valence",
  "atom_feature_count": 35,
  "atom_feature_names": [
    "element_H",
    "element_C",
    "element_N",
    "element_O",
    "element_F",
    "element_P",
    "element_S",
    "element_Cl",
    "element_Br",
    "element_I",
    "element_other",
    "formal_charge",
    "aromatic",
    "hybrid_sp",
    "hybrid_sp2",
    "hybrid_sp3",
    "hybrid_other",
    "degree",
    "total_hydrogens",
    "in_ring",
    "hbond_donor",
    "hbond_acceptor",
    "chiral_cw",
    "chiral_ccw",
    "chiral_other",
    "atomic_number",
    "atomic_mass",
    "covalent_radius",
    "vdw_radius",
    "outer_electrons",
    "total_valence",
    "implicit_valence",
    "heavy_atom_degree",
    "radical_electrons",
    "absolute_formal_charge"
  ],
  "device": "cuda",
  "gpu": "NVIDIA GeForce RTX 5070 Ti",
  "training_seconds": 96.86695550009608,
  "peak_gpu_memory_bytes": 671425536,
  "runtime": {
    "operating_system": "Windows-10-10.0.26200-SP0",
    "machine": "AMD64",
    "python": "3.11.16",
    "python_executable": "C:\\Users\\Anthony\\anaconda3\\envs\\strange-matter-gpu\\python.exe",
    "pytorch": "2.11.0+cu128",
    "pytorch_cuda": "12.8",
    "device": "cuda",
    "gpu": "NVIDIA GeForce RTX 5070 Ti"
  },
  "readout": "differentiable_closed_form_ridge",
  "hyperparameters": {
    "ca_lr": 0.003,
    "ridge": 0.1,
    "ca_l2": 1e-05,
    "gradient_clip": 0.5,
    "update_scale": 0.25,
    "init_scale": 1.5,
    "initial_noise": 0.005,
    "support_fraction": 0.6,
    "bond_temperature": 1.0,
    "dyn_a": 0.5,
    "dyn_b": 0.2,
    "dyn_c": 0.8,
    "dyn_d": 0.15,
    "lr_schedule": "cosine_0.1x"
  }
}
