{"device": "cuda", "gpu": "NVIDIA GeForce RTX 5070 Ti", "pytorch": "2.11.0+cu128", "pytorch_cuda": "12.8"}
{"epoch": 1, "train_rmse": 1.135535278198215, "validation_rmse": 1.0115399360656738, "mean_raw_gradient_norm": 10.900232601165772, "fraction_gradients_clipped": 1.0}
{"epoch": 2, "train_rmse": 1.1072790241446784, "validation_rmse": 1.0219718217849731, "mean_raw_gradient_norm": 10.080476474761962, "fraction_gradients_clipped": 1.0}
{"epoch": 3, "train_rmse": 1.1493943715892734, "validation_rmse": 1.0225588083267212, "mean_raw_gradient_norm": 10.331783103942872, "fraction_gradients_clipped": 1.0}
{
  "seed": 1701,
  "best_validation_rmse": 1.0115399360656738,
  "restored_fit_rmse": 0.8921334743499756,
  "restored_validation_rmse": 1.0115342140197754,
  "epochs_run": 3,
  "fit_observations": 791,
  "validation_observations": 273,
  "rule": "damped_symplectic",
  "generations": 64,
  "hidden_channels": 8,
  "device": "cuda",
  "gpu": "NVIDIA GeForce RTX 5070 Ti",
  "training_seconds": 5.2324009001022205,
  "peak_gpu_memory_bytes": 163345408,
  "readout": "differentiable_closed_form_ridge",
  "hyperparameters": {
    "ca_lr": 0.003,
    "ridge": 0.01,
    "ca_l2": 0.0001,
    "gradient_clip": 1.0,
    "update_scale": 0.4,
    "init_scale": 1.5,
    "initial_noise": 0.0,
    "support_fraction": 0.75,
    "bond_temperature": 0.5,
    "dyn_a": 0.2,
    "dyn_b": 0.8,
    "dyn_c": 0.5,
    "dyn_d": 0.05,
    "lr_schedule": "cosine_0.1x"
  }
}
