{"device": "cuda", "gpu": "NVIDIA GeForce RTX 5070 Ti", "pytorch": "2.11.0+cu128", "pytorch_cuda": "12.8"}
{"epoch": 1, "train_rmse": 0.8391762058169586, "validation_rmse": 1.0406848192214966, "mean_raw_gradient_norm": 1.9328999280929566, "fraction_gradients_clipped": 1.0}
{"epoch": 2, "train_rmse": 0.9359002912509293, "validation_rmse": 1.0349314212799072, "mean_raw_gradient_norm": 2.575202202796936, "fraction_gradients_clipped": 1.0}
{"epoch": 3, "train_rmse": 1.0093730596816264, "validation_rmse": 1.032891869544983, "mean_raw_gradient_norm": 3.0164851903915406, "fraction_gradients_clipped": 1.0}
{
  "seed": 1701,
  "best_validation_rmse": 1.0349314212799072,
  "restored_fit_rmse": 0.9382694959640503,
  "restored_validation_rmse": 1.0349310636520386,
  "epochs_run": 3,
  "fit_observations": 791,
  "validation_observations": 273,
  "rule": "inertial_reaction_diffusion",
  "generations": 64,
  "hidden_channels": 4,
  "device": "cuda",
  "gpu": "NVIDIA GeForce RTX 5070 Ti",
  "training_seconds": 5.396873399964534,
  "peak_gpu_memory_bytes": 99999232,
  "readout": "differentiable_closed_form_ridge",
  "hyperparameters": {
    "ca_lr": 0.001,
    "ridge": 1.0,
    "ca_l2": 1e-05,
    "gradient_clip": 0.5,
    "update_scale": 0.25,
    "init_scale": 0.5,
    "initial_noise": 0.0,
    "support_fraction": 0.85,
    "bond_temperature": 0.5,
    "dyn_a": 0.5,
    "dyn_b": 0.8,
    "dyn_c": 0.5,
    "dyn_d": 0.3,
    "lr_schedule": "cosine_0.1x"
  }
}
