{"operating_system": "macOS-26.2-arm64-arm-64bit", "machine": "arm64", "python": "3.10.19", "python_executable": "/opt/anaconda3/envs/kcc2/bin/python3.10", "pytorch": "2.8.0", "pytorch_cuda": null, "device": "cpu", "gpu": null}
{"epoch": 1, "train_rmse": 1.1957042098353166, "validation_rmse": 0.914264976978302, "mean_raw_gradient_norm": 20.676186515438943, "fraction_gradients_clipped": 1.0}
{"epoch": 2, "train_rmse": 1.234467891745501, "validation_rmse": 0.8976741433143616, "mean_raw_gradient_norm": 19.35303278892271, "fraction_gradients_clipped": 1.0}
{"epoch": 3, "train_rmse": 1.266980905473193, "validation_rmse": 0.8983600735664368, "mean_raw_gradient_norm": 21.14910888671875, "fraction_gradients_clipped": 1.0}
{"epoch": 4, "train_rmse": 1.2078358952673331, "validation_rmse": 0.8991718888282776, "mean_raw_gradient_norm": 17.232260750186057, "fraction_gradients_clipped": 1.0}
{"epoch": 5, "train_rmse": 1.2637170875905759, "validation_rmse": 0.8949356079101562, "mean_raw_gradient_norm": 20.23424902269917, "fraction_gradients_clipped": 1.0}
{"epoch": 6, "train_rmse": 1.2454211325179343, "validation_rmse": 0.8902515769004822, "mean_raw_gradient_norm": 21.068689300167946, "fraction_gradients_clipped": 1.0}
{"epoch": 7, "train_rmse": 1.2532442062092355, "validation_rmse": 0.8898407220840454, "mean_raw_gradient_norm": 22.64187954318139, "fraction_gradients_clipped": 1.0}
{"epoch": 8, "train_rmse": 1.2507155971335098, "validation_rmse": 0.8897528648376465, "mean_raw_gradient_norm": 19.274475436056814, "fraction_gradients_clipped": 1.0}
{"epoch": 9, "train_rmse": 1.1895943961767341, "validation_rmse": 0.8891829252243042, "mean_raw_gradient_norm": 20.33584493206393, "fraction_gradients_clipped": 1.0}
{"epoch": 10, "train_rmse": 1.188502876967582, "validation_rmse": 0.8888847231864929, "mean_raw_gradient_norm": 20.94892184965072, "fraction_gradients_clipped": 1.0}
{
  "seed": 4211,
  "best_validation_rmse": 0.8902515769004822,
  "restored_fit_rmse": 0.8275970220565796,
  "restored_validation_rmse": 0.8902515769004822,
  "epochs_run": 10,
  "fit_observations": 5216,
  "validation_observations": 1309,
  "rule": "delayed_memory",
  "generations": 32,
  "hidden_channels": 16,
  "device": "cpu",
  "gpu": null,
  "training_seconds": 88.88889566704165,
  "peak_gpu_memory_bytes": 0,
  "runtime": {
    "operating_system": "macOS-26.2-arm64-arm-64bit",
    "machine": "arm64",
    "python": "3.10.19",
    "python_executable": "/opt/anaconda3/envs/kcc2/bin/python3.10",
    "pytorch": "2.8.0",
    "pytorch_cuda": null,
    "device": "cpu",
    "gpu": null
  },
  "readout": "differentiable_closed_form_ridge",
  "hyperparameters": {
    "ca_lr": 0.001,
    "ridge": 0.01,
    "ca_l2": 0.0001,
    "gradient_clip": 0.5,
    "update_scale": 0.4,
    "init_scale": 1.0,
    "initial_noise": 0.0,
    "support_fraction": 0.75,
    "bond_temperature": 2.0,
    "dyn_a": 0.5,
    "dyn_b": 0.8,
    "dyn_c": 0.5,
    "dyn_d": 0.05,
    "lr_schedule": "cosine_0.1x"
  }
}
