{"operating_system": "Windows-10-10.0.26200-SP0", "machine": "AMD64", "python": "3.11.16", "python_executable": "C:\\Users\\Anthony\\anaconda3\\envs\\strange-matter-gpu\\python.exe", "pytorch": "2.11.0+cu128", "pytorch_cuda": "12.8", "device": "cuda", "gpu": "NVIDIA GeForce RTX 5070 Ti"}
{"epoch": 1, "train_rmse": 1.0152158892307683, "validation_rmse": 0.8894667029380798, "validation_ma_st_rae": 0.8776541103842083, "validation_CYP1A2_st_rae": 0.8420375012788481, "validation_CYP2C9_st_rae": 0.9020642040855713, "validation_CYP2D6_st_rae": 1.0231404299814855, "validation_CYP3A4_st_rae": 0.7433743061909284, "mean_raw_gradient_norm": 4.705816641449928, "fraction_gradients_clipped": 1.0}
{"epoch": 2, "train_rmse": 1.019005762326189, "validation_rmse": 0.8816772699356079, "validation_ma_st_rae": 0.8677701425342961, "validation_CYP1A2_st_rae": 0.8436466866471007, "validation_CYP2C9_st_rae": 0.8801483318940041, "validation_CYP2D6_st_rae": 1.021275993947788, "validation_CYP3A4_st_rae": 0.7260095576482912, "mean_raw_gradient_norm": 3.5249107033014297, "fraction_gradients_clipped": 1.0}
{"epoch": 3, "train_rmse": 1.0505058764330593, "validation_rmse": 0.8802973031997681, "validation_ma_st_rae": 0.868420042599028, "validation_CYP1A2_st_rae": 0.839955386580038, "validation_CYP2C9_st_rae": 0.8886345100497324, "validation_CYP2D6_st_rae": 1.0240005306258546, "validation_CYP3A4_st_rae": 0.7210897431404869, "mean_raw_gradient_norm": 4.569993868470192, "fraction_gradients_clipped": 1.0}
{"epoch": 4, "train_rmse": 1.035170643774047, "validation_rmse": 0.8795590996742249, "validation_ma_st_rae": 0.8683647132028, "validation_CYP1A2_st_rae": 0.8378552464686596, "validation_CYP2C9_st_rae": 0.8927860710994101, "validation_CYP2D6_st_rae": 1.026459830224514, "validation_CYP3A4_st_rae": 0.716357705018616, "mean_raw_gradient_norm": 4.565973915159702, "fraction_gradients_clipped": 1.0}
{"epoch": 5, "train_rmse": 1.0216102707753707, "validation_rmse": 0.8788562417030334, "validation_ma_st_rae": 0.8675634884428907, "validation_CYP1A2_st_rae": 0.8370549724993909, "validation_CYP2C9_st_rae": 0.8927494855323499, "validation_CYP2D6_st_rae": 1.0269386533506366, "validation_CYP3A4_st_rae": 0.7135108423891854, "mean_raw_gradient_norm": 3.729657858610153, "fraction_gradients_clipped": 1.0}
{
  "seed": 1701,
  "selection_metric": "validation_ma_st_rae",
  "best_validation_ma_st_rae": 0.8677701425342961,
  "best_validation_rmse": 0.8816772699356079,
  "restored_fit_rmse": 0.8699663281440735,
  "restored_validation_rmse": 0.881676971912384,
  "restored_fit_ma_st_rae": 0.8674495431936894,
  "restored_validation_ma_st_rae": 0.8719680923922216,
  "restored_validation_point_ma_st_rae": 0.8677722052124434,
  "restored_validation_point_st_rae_by_cyp": {
    "CYP1A2": 0.8436410633481691,
    "CYP2C9": 0.8801605820656528,
    "CYP2D6": 1.0212781997749212,
    "CYP3A4": 0.7260089756610304
  },
  "restored_fit_st_rae_by_cyp": {
    "CYP1A2": 0.9054794891680727,
    "CYP2C9": 0.8047437211138004,
    "CYP2D6": 1.0195974877975886,
    "CYP3A4": 0.7399774746952961
  },
  "restored_validation_st_rae_by_cyp": {
    "CYP1A2": 0.8453182872496356,
    "CYP2C9": 0.8879123778294902,
    "CYP2D6": 1.0257797369991044,
    "CYP3A4": 0.7288619674906559
  },
  "validation_bootstrap_metrics": {
    "n_bootstrap_samples": 1000,
    "seed": 0,
    "macro": {
      "st_rae": {
        "mean": 0.8719680923922216,
        "ci_low": 0.8094121813223497,
        "ci_high": 0.936748914997433
      },
      "mae": {
        "mean": 0.6472162090528467,
        "ci_low": 0.6039151741765781,
        "ci_high": 0.6915732670051798
      },
      "r2": {
        "mean": 0.16144234056101542,
        "ci_low": 0.08768361767321299,
        "ci_high": 0.22761276418002055
      },
      "spearman_rho": {
        "mean": 0.4126530896801206,
        "ci_low": 0.34844490479301005,
        "ci_high": 0.47803449574980883
      },
      "kendall_tau": {
        "mean": 0.2908697498278129,
        "ci_low": 0.24476898513599551,
        "ci_high": 0.3402365723851396
      }
    },
    "per_endpoint": {
      "CYP1A2": {
        "st_rae": {
          "mean": 0.8453182872496356,
          "ci_low": 0.7324756663072878,
          "ci_high": 0.9883257826429124
        },
        "mae": {
          "mean": 0.7287068135851547,
          "ci_low": 0.6276120899787433,
          "ci_high": 0.835133477347561
        },
        "r2": {
          "mean": 0.17359567868132808,
          "ci_low": 0.01639993067722757,
          "ci_high": 0.2892619105196421
        },
        "spearman_rho": {
          "mean": 0.4767743379302174,
          "ci_low": 0.3332983643700244,
          "ci_high": 0.5945447717482574
        },
        "kendall_tau": {
          "mean": 0.33217093557952115,
          "ci_low": 0.22854674224738947,
          "ci_high": 0.4209087787056586
        }
      },
      "CYP2C9": {
        "st_rae": {
          "mean": 0.8879123778294902,
          "ci_low": 0.7172112041421917,
          "ci_high": 1.0860390502678945
        },
        "mae": {
          "mean": 0.5053611683259245,
          "ci_low": 0.43766194406102915,
          "ci_high": 0.5726168028643874
        },
        "r2": {
          "mean": 0.21162293029309193,
          "ci_low": -0.005599635666589527,
          "ci_high": 0.37490247680489697
        },
        "spearman_rho": {
          "mean": 0.43123076812334055,
          "ci_low": 0.278000761536656,
          "ci_high": 0.5721980435508177
        },
        "kendall_tau": {
          "mean": 0.3053467406431878,
          "ci_low": 0.195007536164457,
          "ci_high": 0.4099632807100734
        }
      },
      "CYP2D6": {
        "st_rae": {
          "mean": 1.0257797369991044,
          "ci_low": 0.929661529185321,
          "ci_high": 1.1377031821871801
        },
        "mae": {
          "mean": 0.6588105649051936,
          "ci_low": 0.5516266911587816,
          "ci_high": 0.7755279204101426
        },
        "r2": {
          "mean": -0.02626538374316584,
          "ci_low": -0.15448136835826787,
          "ci_high": 0.08199289518937912
        },
        "spearman_rho": {
          "mean": 0.18377611474985894,
          "ci_low": 0.02377390073519364,
          "ci_high": 0.3393105664890976
        },
        "kendall_tau": {
          "mean": 0.12491919391075129,
          "ci_low": 0.014359674893224813,
          "ci_high": 0.23390209189599603
        }
      },
      "CYP3A4": {
        "st_rae": {
          "mean": 0.7288619674906559,
          "ci_low": 0.6403355548591136,
          "ci_high": 0.8278643928040914
        },
        "mae": {
          "mean": 0.6959862893951141,
          "ci_low": 0.6256337782841618,
          "ci_high": 0.7695196652437671
        },
        "r2": {
          "mean": 0.2868161370128075,
          "ci_low": 0.1552328108204206,
          "ci_high": 0.39233995379531944
        },
        "spearman_rho": {
          "mean": 0.5588311379170655,
          "ci_low": 0.4546504437149585,
          "ci_high": 0.6553575143560877
        },
        "kendall_tau": {
          "mean": 0.4010421291777913,
          "ci_low": 0.32415942766731654,
          "ci_high": 0.47801714526056505
        }
      }
    }
  },
  "epochs_run": 5,
  "fit_observations": 2636,
  "validation_observations": 657,
  "rule": "inertial_reaction_diffusion",
  "generations": 16,
  "hidden_channels": 8,
  "atom_feature_profile": "electronic_local",
  "atom_feature_count": 37,
  "atom_feature_names": [
    "element_H",
    "element_C",
    "element_N",
    "element_O",
    "element_F",
    "element_P",
    "element_S",
    "element_Cl",
    "element_Br",
    "element_I",
    "element_other",
    "formal_charge",
    "aromatic",
    "hybrid_sp",
    "hybrid_sp2",
    "hybrid_sp3",
    "hybrid_other",
    "degree",
    "total_hydrogens",
    "in_ring",
    "hbond_donor",
    "hbond_acceptor",
    "chiral_cw",
    "chiral_ccw",
    "chiral_other",
    "electronegativity",
    "polarizability",
    "heteroatom",
    "halogen",
    "conjugated_bond_fraction",
    "first_ionization_energy",
    "electron_affinity",
    "electronic_property_missing",
    "mean_neighbour_electronegativity",
    "electronegativity_difference",
    "mean_neighbour_atomic_number",
    "neighbour_formal_charge"
  ],
  "device": "cuda",
  "gpu": "NVIDIA GeForce RTX 5070 Ti",
  "training_seconds": 12.735643799998797,
  "peak_gpu_memory_bytes": 62236160,
  "runtime": {
    "operating_system": "Windows-10-10.0.26200-SP0",
    "machine": "AMD64",
    "python": "3.11.16",
    "python_executable": "C:\\Users\\Anthony\\anaconda3\\envs\\strange-matter-gpu\\python.exe",
    "pytorch": "2.11.0+cu128",
    "pytorch_cuda": "12.8",
    "device": "cuda",
    "gpu": "NVIDIA GeForce RTX 5070 Ti"
  },
  "validation_protocol": {
    "kind": "scaffold_cross_validation",
    "fold": 2,
    "folds": 5
  },
  "readout": "differentiable_closed_form_ridge",
  "hyperparameters": {
    "ca_lr": 0.001,
    "ridge": 1.0,
    "ca_l2": 0.0001,
    "gradient_clip": 1.0,
    "update_scale": 0.08,
    "init_scale": 0.5,
    "initial_noise": 0.0,
    "support_fraction": 0.6,
    "bond_temperature": 2.0,
    "dyn_a": 0.8,
    "dyn_b": 0.5,
    "dyn_c": 0.5,
    "dyn_d": 0.3,
    "lr_schedule": "cosine_0.1x"
  }
}
