{"operating_system": "Windows-10-10.0.26200-SP0", "machine": "AMD64", "python": "3.11.16", "python_executable": "C:\\Users\\Anthony\\anaconda3\\envs\\strange-matter-gpu\\python.exe", "pytorch": "2.11.0+cu128", "pytorch_cuda": "12.8", "device": "cuda", "gpu": "NVIDIA GeForce RTX 5070 Ti"}
{"epoch": 1, "train_rmse": 0.9888619666589038, "validation_rmse": 0.8964617252349854, "validation_ma_st_rae": 0.9102144754865443, "validation_CYP1A2_st_rae": 0.8686991979866914, "validation_CYP2C9_st_rae": 0.9327779959385462, "validation_CYP2D6_st_rae": 1.1144836830602125, "validation_CYP3A4_st_rae": 0.7248970249607275, "mean_raw_gradient_norm": 4.68385347366333, "fraction_gradients_clipped": 1.0}
{"epoch": 2, "train_rmse": 1.0411438179234858, "validation_rmse": 0.8934100866317749, "validation_ma_st_rae": 0.9076856184049221, "validation_CYP1A2_st_rae": 0.8688175899450891, "validation_CYP2C9_st_rae": 0.9315132311334777, "validation_CYP2D6_st_rae": 1.1060923776298262, "validation_CYP3A4_st_rae": 0.7243192749112953, "mean_raw_gradient_norm": 4.477239012718201, "fraction_gradients_clipped": 1.0}
{"epoch": 3, "train_rmse": 1.0011141366081726, "validation_rmse": 0.8915132880210876, "validation_ma_st_rae": 0.9056844564743475, "validation_CYP1A2_st_rae": 0.867275698145074, "validation_CYP2C9_st_rae": 0.9320880452303885, "validation_CYP2D6_st_rae": 1.1019581634177635, "validation_CYP3A4_st_rae": 0.7214159191041638, "mean_raw_gradient_norm": 4.2550434970855715, "fraction_gradients_clipped": 1.0}
{"epoch": 4, "train_rmse": 1.0013677957991611, "validation_rmse": 0.890249490737915, "validation_ma_st_rae": 0.9040864327670839, "validation_CYP1A2_st_rae": 0.8662414583374475, "validation_CYP2C9_st_rae": 0.9296419764856511, "validation_CYP2D6_st_rae": 1.1014222185410958, "validation_CYP3A4_st_rae": 0.7190400777041416, "mean_raw_gradient_norm": 4.4296418571472165, "fraction_gradients_clipped": 1.0}
{"epoch": 5, "train_rmse": 1.0432555775558305, "validation_rmse": 0.8898350596427917, "validation_ma_st_rae": 0.904168845645937, "validation_CYP1A2_st_rae": 0.8665412924025383, "validation_CYP2C9_st_rae": 0.9286703280140886, "validation_CYP2D6_st_rae": 1.1020624572909707, "validation_CYP3A4_st_rae": 0.7194013048761505, "mean_raw_gradient_norm": 4.661563739776612, "fraction_gradients_clipped": 1.0}
{"epoch": 6, "train_rmse": 0.9780796109147187, "validation_rmse": 0.8893454074859619, "validation_ma_st_rae": 0.9037711733766884, "validation_CYP1A2_st_rae": 0.8672059218344376, "validation_CYP2C9_st_rae": 0.9290280876316875, "validation_CYP2D6_st_rae": 1.0998852506414702, "validation_CYP3A4_st_rae": 0.7189654333991584, "mean_raw_gradient_norm": 4.130719900131226, "fraction_gradients_clipped": 1.0}
{
  "seed": 4211,
  "selection_metric": "validation_ma_st_rae",
  "best_validation_ma_st_rae": 0.9056844564743475,
  "best_validation_rmse": 0.8915132880210876,
  "restored_fit_rmse": 0.8392282724380493,
  "restored_validation_rmse": 0.8915098309516907,
  "restored_fit_ma_st_rae": 0.8485852182697752,
  "restored_validation_ma_st_rae": 0.9101613328966162,
  "restored_validation_point_ma_st_rae": 0.9056780482236481,
  "restored_validation_point_st_rae_by_cyp": {
    "CYP1A2": 0.8672726835643065,
    "CYP2C9": 0.9320732495559763,
    "CYP2D6": 1.1019566992965588,
    "CYP3A4": 0.7214095604777505
  },
  "restored_fit_st_rae_by_cyp": {
    "CYP1A2": 0.8688495660392084,
    "CYP2C9": 0.7534093588785923,
    "CYP2D6": 1.063436394288896,
    "CYP3A4": 0.7086455538724039
  },
  "restored_validation_st_rae_by_cyp": {
    "CYP1A2": 0.8722817183930018,
    "CYP2C9": 0.9392753458209053,
    "CYP2D6": 1.1065538248877924,
    "CYP3A4": 0.7225344424847646
  },
  "validation_bootstrap_metrics": {
    "n_bootstrap_samples": 1000,
    "seed": 0,
    "macro": {
      "st_rae": {
        "mean": 0.9101613328966162,
        "ci_low": 0.8529832225418482,
        "ci_high": 0.9759826508559913
      },
      "mae": {
        "mean": 0.6597508951030143,
        "ci_low": 0.6267747015325319,
        "ci_high": 0.6944679218247565
      },
      "r2": {
        "mean": 0.1450866956567906,
        "ci_low": 0.08456891508135803,
        "ci_high": 0.19991081379892617
      },
      "spearman_rho": {
        "mean": 0.42110548157963995,
        "ci_low": 0.3686248719745664,
        "ci_high": 0.4759301776609069
      },
      "kendall_tau": {
        "mean": 0.29349385835786557,
        "ci_low": 0.2540908273673896,
        "ci_high": 0.3332934460765037
      }
    },
    "per_endpoint": {
      "CYP1A2": {
        "st_rae": {
          "mean": 0.8722817183930018,
          "ci_low": 0.7556540525100104,
          "ci_high": 1.001252273464847
        },
        "mae": {
          "mean": 0.7095209533500672,
          "ci_low": 0.6362434825632308,
          "ci_high": 0.7907256511317359
        },
        "r2": {
          "mean": 0.21569774934169636,
          "ci_low": 0.11812104568438148,
          "ci_high": 0.3108166447787373
        },
        "spearman_rho": {
          "mean": 0.48666943076716757,
          "ci_low": 0.3851608091227287,
          "ci_high": 0.5828384085463919
        },
        "kendall_tau": {
          "mean": 0.33397076671094883,
          "ci_low": 0.2613416875796688,
          "ci_high": 0.40625574056665703
        }
      },
      "CYP2C9": {
        "st_rae": {
          "mean": 0.9392753458209053,
          "ci_low": 0.7964694132532549,
          "ci_high": 1.106801126318291
        },
        "mae": {
          "mean": 0.5020028766664878,
          "ci_low": 0.44813527026504435,
          "ci_high": 0.5563771492589719
        },
        "r2": {
          "mean": 0.15279209971244803,
          "ci_low": -0.014581855813007876,
          "ci_high": 0.2884199275621434
        },
        "spearman_rho": {
          "mean": 0.4163813226156385,
          "ci_low": 0.28537288852510434,
          "ci_high": 0.5391173206997328
        },
        "kendall_tau": {
          "mean": 0.2915841440029816,
          "ci_low": 0.19727148399805675,
          "ci_high": 0.3823178142431999
        }
      },
      "CYP2D6": {
        "st_rae": {
          "mean": 1.1065538248877924,
          "ci_low": 0.9915969727580196,
          "ci_high": 1.2411616172118531
        },
        "mae": {
          "mean": 0.6903618670681776,
          "ci_low": 0.6042366605441448,
          "ci_high": 0.782852696311676
        },
        "r2": {
          "mean": -0.10378343205751767,
          "ci_low": -0.22613491209707795,
          "ci_high": 0.011603835621997391
        },
        "spearman_rho": {
          "mean": 0.16690662152994098,
          "ci_low": 0.04386896735846206,
          "ci_high": 0.2946271871374991
        },
        "kendall_tau": {
          "mean": 0.11350067434122886,
          "ci_low": 0.029881561055425665,
          "ci_high": 0.2005862241251844
        }
      },
      "CYP3A4": {
        "st_rae": {
          "mean": 0.7225344424847646,
          "ci_low": 0.6537001013844623,
          "ci_high": 0.7991783253840995
        },
        "mae": {
          "mean": 0.7371178833273248,
          "ci_low": 0.6829615796000694,
          "ci_high": 0.798262058329312
        },
        "r2": {
          "mean": 0.3156403656305357,
          "ci_low": 0.23303484107597439,
          "ci_high": 0.38158427899192265
        },
        "spearman_rho": {
          "mean": 0.6144645514058127,
          "ci_low": 0.5445207630094451,
          "ci_high": 0.6798040992496204
        },
        "kendall_tau": {
          "mean": 0.4349198483763032,
          "ci_low": 0.37950755834904143,
          "ci_high": 0.4875933558488917
        }
      }
    }
  },
  "epochs_run": 6,
  "fit_observations": 4213,
  "validation_observations": 1003,
  "rule": "kuramoto_sakaguchi",
  "generations": 32,
  "hidden_channels": 16,
  "atom_feature_profile": "electronic_local",
  "atom_feature_count": 37,
  "atom_feature_names": [
    "element_H",
    "element_C",
    "element_N",
    "element_O",
    "element_F",
    "element_P",
    "element_S",
    "element_Cl",
    "element_Br",
    "element_I",
    "element_other",
    "formal_charge",
    "aromatic",
    "hybrid_sp",
    "hybrid_sp2",
    "hybrid_sp3",
    "hybrid_other",
    "degree",
    "total_hydrogens",
    "in_ring",
    "hbond_donor",
    "hbond_acceptor",
    "chiral_cw",
    "chiral_ccw",
    "chiral_other",
    "electronegativity",
    "polarizability",
    "heteroatom",
    "halogen",
    "conjugated_bond_fraction",
    "first_ionization_energy",
    "electron_affinity",
    "electronic_property_missing",
    "mean_neighbour_electronegativity",
    "electronegativity_difference",
    "mean_neighbour_atomic_number",
    "neighbour_formal_charge"
  ],
  "device": "cuda",
  "gpu": "NVIDIA GeForce RTX 5070 Ti",
  "training_seconds": 33.351552200037986,
  "peak_gpu_memory_bytes": 239612928,
  "runtime": {
    "operating_system": "Windows-10-10.0.26200-SP0",
    "machine": "AMD64",
    "python": "3.11.16",
    "python_executable": "C:\\Users\\Anthony\\anaconda3\\envs\\strange-matter-gpu\\python.exe",
    "pytorch": "2.11.0+cu128",
    "pytorch_cuda": "12.8",
    "device": "cuda",
    "gpu": "NVIDIA GeForce RTX 5070 Ti"
  },
  "validation_protocol": {
    "kind": "scaffold_cross_validation",
    "fold": 3,
    "folds": 5
  },
  "readout": "differentiable_closed_form_ridge",
  "hyperparameters": {
    "ca_lr": 0.0003,
    "ridge": 1.0,
    "ca_l2": 1e-05,
    "gradient_clip": 0.5,
    "update_scale": 0.08,
    "init_scale": 0.5,
    "initial_noise": 0.0,
    "support_fraction": 0.75,
    "bond_temperature": 0.5,
    "dyn_a": 0.8,
    "dyn_b": 0.5,
    "dyn_c": 0.5,
    "dyn_d": 0.05,
    "lr_schedule": "cosine_0.1x"
  }
}
