{"operating_system": "Windows-10-10.0.26200-SP0", "machine": "AMD64", "python": "3.11.16", "python_executable": "C:\\Users\\Anthony\\anaconda3\\envs\\strange-matter-gpu\\python.exe", "pytorch": "2.11.0+cu128", "pytorch_cuda": "12.8", "device": "cuda", "gpu": "NVIDIA GeForce RTX 5070 Ti"}
{"epoch": 1, "train_rmse": 1.021154303073705, "validation_rmse": 0.9228264093399048, "validation_ma_st_rae": 0.9245390653722482, "validation_CYP1A2_st_rae": 0.9199421693566974, "validation_CYP2C9_st_rae": 0.8900461646657895, "validation_CYP2D6_st_rae": 1.1013784487587315, "validation_CYP3A4_st_rae": 0.7867894787077746, "mean_raw_gradient_norm": 4.059132218360901, "fraction_gradients_clipped": 1.0}
{"epoch": 2, "train_rmse": 0.9986423006463808, "validation_rmse": 0.9182268977165222, "validation_ma_st_rae": 0.9258413147544005, "validation_CYP1A2_st_rae": 0.9003392675721628, "validation_CYP2C9_st_rae": 0.9412184541827202, "validation_CYP2D6_st_rae": 1.0878952538869686, "validation_CYP3A4_st_rae": 0.7739122833757507, "mean_raw_gradient_norm": 3.1552219837903976, "fraction_gradients_clipped": 1.0}
{"epoch": 3, "train_rmse": 0.9642084423406455, "validation_rmse": 0.9091610312461853, "validation_ma_st_rae": 0.9098578601361724, "validation_CYP1A2_st_rae": 0.8858606434928427, "validation_CYP2C9_st_rae": 0.9145491684489503, "validation_CYP2D6_st_rae": 1.07901834467648, "validation_CYP3A4_st_rae": 0.7600032839264168, "mean_raw_gradient_norm": 2.998599126935005, "fraction_gradients_clipped": 1.0}
{"epoch": 4, "train_rmse": 0.9474743861144124, "validation_rmse": 0.9031993746757507, "validation_ma_st_rae": 0.8993124374702423, "validation_CYP1A2_st_rae": 0.8808693783457096, "validation_CYP2C9_st_rae": 0.8906496874760811, "validation_CYP2D6_st_rae": 1.0729015454440196, "validation_CYP3A4_st_rae": 0.7528291386151588, "mean_raw_gradient_norm": 2.893253356218338, "fraction_gradients_clipped": 1.0}
{"epoch": 5, "train_rmse": 0.9793615420329754, "validation_rmse": 0.8997069597244263, "validation_ma_st_rae": 0.8962616542691613, "validation_CYP1A2_st_rae": 0.8704443160402656, "validation_CYP2C9_st_rae": 0.8895734315844941, "validation_CYP2D6_st_rae": 1.0721355567754332, "validation_CYP3A4_st_rae": 0.752893312676452, "mean_raw_gradient_norm": 3.0889634042978287, "fraction_gradients_clipped": 1.0}
{
  "seed": 1701,
  "selection_metric": "validation_ma_st_rae",
  "best_validation_ma_st_rae": 0.8962616542691613,
  "best_validation_rmse": 0.8997069597244263,
  "restored_fit_rmse": 0.8869656920433044,
  "restored_validation_rmse": 0.899707555770874,
  "restored_fit_ma_st_rae": 0.902710572998104,
  "restored_validation_ma_st_rae": 0.9009646857522525,
  "restored_validation_point_ma_st_rae": 0.8962639163969742,
  "restored_validation_point_st_rae_by_cyp": {
    "CYP1A2": 0.870430157479245,
    "CYP2C9": 0.8895883619118072,
    "CYP2D6": 1.072140081742737,
    "CYP3A4": 0.7528970644541076
  },
  "restored_fit_st_rae_by_cyp": {
    "CYP1A2": 0.9104491058571835,
    "CYP2C9": 0.8332680391182271,
    "CYP2D6": 1.0942991706122844,
    "CYP3A4": 0.772825976404721
  },
  "restored_validation_st_rae_by_cyp": {
    "CYP1A2": 0.8721044206024212,
    "CYP2C9": 0.8976756812737076,
    "CYP2D6": 1.0782221724178913,
    "CYP3A4": 0.7558564687149903
  },
  "validation_bootstrap_metrics": {
    "n_bootstrap_samples": 1000,
    "seed": 0,
    "macro": {
      "st_rae": {
        "mean": 0.9009646857522525,
        "ci_low": 0.8469640125556742,
        "ci_high": 0.9654324139050627
      },
      "mae": {
        "mean": 0.6621360182261451,
        "ci_low": 0.61734134294686,
        "ci_high": 0.7092768382347827
      },
      "r2": {
        "mean": 0.12377375437745776,
        "ci_low": 0.05942943164446253,
        "ci_high": 0.1837602383895616
      },
      "spearman_rho": {
        "mean": 0.36772546154854274,
        "ci_low": 0.2985230829654981,
        "ci_high": 0.4329253985172139
      },
      "kendall_tau": {
        "mean": 0.2571327565045585,
        "ci_low": 0.20931470296135715,
        "ci_high": 0.30213071938215996
      }
    },
    "per_endpoint": {
      "CYP1A2": {
        "st_rae": {
          "mean": 0.8721044206024212,
          "ci_low": 0.7701471092738752,
          "ci_high": 0.992752308461806
        },
        "mae": {
          "mean": 0.7476141573183144,
          "ci_low": 0.6400734908030002,
          "ci_high": 0.8592238721968252
        },
        "r2": {
          "mean": 0.1023947055106097,
          "ci_low": -0.028718693124076832,
          "ci_high": 0.21869507570909075
        },
        "spearman_rho": {
          "mean": 0.35017183740856694,
          "ci_low": 0.19208983007436145,
          "ci_high": 0.5008403114968045
        },
        "kendall_tau": {
          "mean": 0.24589938579727807,
          "ci_low": 0.13432389164622283,
          "ci_high": 0.3528869504476637
        }
      },
      "CYP2C9": {
        "st_rae": {
          "mean": 0.8976756812737076,
          "ci_low": 0.7460997672454742,
          "ci_high": 1.0721841408142203
        },
        "mae": {
          "mean": 0.5093320032944445,
          "ci_low": 0.44287085919106595,
          "ci_high": 0.5718313142901561
        },
        "r2": {
          "mean": 0.19779350360907608,
          "ci_low": 0.027942470464540885,
          "ci_high": 0.3401565477128399
        },
        "spearman_rho": {
          "mean": 0.40364016231749106,
          "ci_low": 0.25219150083772607,
          "ci_high": 0.5372154625429701
        },
        "kendall_tau": {
          "mean": 0.27488437445039327,
          "ci_low": 0.16799726589200273,
          "ci_high": 0.3750004266211604
        }
      },
      "CYP2D6": {
        "st_rae": {
          "mean": 1.0782221724178913,
          "ci_low": 0.9522931430547593,
          "ci_high": 1.198766025093488
        },
        "mae": {
          "mean": 0.6853585137052739,
          "ci_low": 0.5753380551828561,
          "ci_high": 0.7963324819473511
        },
        "r2": {
          "mean": -0.09918605128100909,
          "ci_low": -0.2325679679523237,
          "ci_high": 0.01921210585656984
        },
        "spearman_rho": {
          "mean": 0.16190335899606464,
          "ci_low": 0.0020527313015832236,
          "ci_high": 0.3356005544557366
        },
        "kendall_tau": {
          "mean": 0.10937729649901858,
          "ci_low": 0.0028514318359733203,
          "ci_high": 0.2286009782332404
        }
      },
      "CYP3A4": {
        "st_rae": {
          "mean": 0.7558564687149903,
          "ci_low": 0.6679983996066718,
          "ci_high": 0.855836865584068
        },
        "mae": {
          "mean": 0.7062393985865479,
          "ci_low": 0.6411118151904163,
          "ci_high": 0.7767360995886688
        },
        "r2": {
          "mean": 0.29409285967115445,
          "ci_low": 0.17080611620098354,
          "ci_high": 0.3998024482655989
        },
        "spearman_rho": {
          "mean": 0.5551864874720482,
          "ci_low": 0.4511244670587439,
          "ci_high": 0.6557120091846871
        },
        "kendall_tau": {
          "mean": 0.39836996927154394,
          "ci_low": 0.3181464803012746,
          "ci_high": 0.4787235238701017
        }
      }
    }
  },
  "epochs_run": 5,
  "fit_observations": 2636,
  "validation_observations": 657,
  "rule": "kuramoto_sakaguchi",
  "generations": 32,
  "hidden_channels": 4,
  "atom_feature_profile": "periodic",
  "atom_feature_count": 33,
  "atom_feature_names": [
    "element_H",
    "element_C",
    "element_N",
    "element_O",
    "element_F",
    "element_P",
    "element_S",
    "element_Cl",
    "element_Br",
    "element_I",
    "element_other",
    "formal_charge",
    "aromatic",
    "hybrid_sp",
    "hybrid_sp2",
    "hybrid_sp3",
    "hybrid_other",
    "degree",
    "total_hydrogens",
    "in_ring",
    "hbond_donor",
    "hbond_acceptor",
    "chiral_cw",
    "chiral_ccw",
    "chiral_other",
    "atomic_number",
    "atomic_mass",
    "covalent_radius",
    "vdw_radius",
    "outer_electrons",
    "period",
    "periodic_group",
    "atomic_volume"
  ],
  "device": "cuda",
  "gpu": "NVIDIA GeForce RTX 5070 Ti",
  "training_seconds": 17.133410200010985,
  "peak_gpu_memory_bytes": 75020800,
  "runtime": {
    "operating_system": "Windows-10-10.0.26200-SP0",
    "machine": "AMD64",
    "python": "3.11.16",
    "python_executable": "C:\\Users\\Anthony\\anaconda3\\envs\\strange-matter-gpu\\python.exe",
    "pytorch": "2.11.0+cu128",
    "pytorch_cuda": "12.8",
    "device": "cuda",
    "gpu": "NVIDIA GeForce RTX 5070 Ti"
  },
  "validation_protocol": {
    "kind": "scaffold_cross_validation",
    "fold": 2,
    "folds": 5
  },
  "readout": "differentiable_closed_form_ridge",
  "prediction_mode": "direct",
  "residual_alpha": null,
  "trajectory_pooling": "legacy",
  "ridge_mode": "shared",
  "loss_mode": "mse",
  "interval_loss_beta": 0.0,
  "interval_temperature": 0.02,
  "hyperparameters": {
    "ca_lr": 0.001,
    "ridge": 1.0,
    "ca_l2": 0.0001,
    "gradient_clip": 1.0,
    "update_scale": 0.4,
    "init_scale": 1.5,
    "initial_noise": 0.005,
    "support_fraction": 0.6,
    "bond_temperature": 1.0,
    "dyn_a": 0.2,
    "dyn_b": 0.2,
    "dyn_c": 0.2,
    "dyn_d": 0.3,
    "lr_schedule": "cosine_0.1x"
  }
}
