{"operating_system": "macOS-26.2-arm64-arm-64bit", "machine": "arm64", "python": "3.10.19", "python_executable": "/opt/anaconda3/envs/kcc2/bin/python3.10", "pytorch": "2.8.0", "pytorch_cuda": null, "device": "cpu", "gpu": null}
{"epoch": 1, "train_rmse": 3.4316835001764674, "validation_rmse": 1.0269804000854492, "mean_raw_gradient_norm": 11447.361682128907, "fraction_gradients_clipped": 1.0}
{"epoch": 2, "train_rmse": 1.3030576473549904, "validation_rmse": 1.0209842920303345, "mean_raw_gradient_norm": 121.35929794311524, "fraction_gradients_clipped": 1.0}
{"epoch": 3, "train_rmse": 1.1683059108310836, "validation_rmse": 1.0233536958694458, "mean_raw_gradient_norm": 37.51602687835693, "fraction_gradients_clipped": 1.0}
{
  "seed": 1701,
  "best_validation_rmse": 1.0209842920303345,
  "restored_fit_rmse": 0.8592304587364197,
  "restored_validation_rmse": 1.0209842920303345,
  "epochs_run": 3,
  "fit_observations": 791,
  "validation_observations": 273,
  "rule": "delayed_memory",
  "generations": 500,
  "hidden_channels": 16,
  "device": "cpu",
  "gpu": null,
  "training_seconds": 75.01744312501978,
  "peak_gpu_memory_bytes": 0,
  "runtime": {
    "operating_system": "macOS-26.2-arm64-arm-64bit",
    "machine": "arm64",
    "python": "3.10.19",
    "python_executable": "/opt/anaconda3/envs/kcc2/bin/python3.10",
    "pytorch": "2.8.0",
    "pytorch_cuda": null,
    "device": "cpu",
    "gpu": null
  },
  "readout": "differentiable_closed_form_ridge",
  "hyperparameters": {
    "ca_lr": 0.0003,
    "ridge": 1.0,
    "ca_l2": 1e-06,
    "gradient_clip": 2.0,
    "update_scale": 0.25,
    "init_scale": 0.5,
    "initial_noise": 0.01,
    "support_fraction": 0.6,
    "bond_temperature": 2.0,
    "dyn_a": 0.8,
    "dyn_b": 0.2,
    "dyn_c": 0.8,
    "dyn_d": 0.05,
    "lr_schedule": "cosine_0.1x"
  }
}
