{"operating_system": "Windows-10-10.0.26200-SP0", "machine": "AMD64", "python": "3.11.16", "python_executable": "C:\\Users\\Anthony\\anaconda3\\envs\\strange-matter-gpu\\python.exe", "pytorch": "2.11.0+cu128", "pytorch_cuda": "12.8", "device": "cuda", "gpu": "NVIDIA GeForce RTX 5070 Ti"}
{"epoch": 1, "train_rmse": 13.523406033420754, "validation_rmse": 0.8334637880325317, "validation_ma_st_rae": 0.8845555789868564, "validation_CYP1A2_st_rae": 0.8911810220025411, "validation_CYP2C9_st_rae": 0.7612286365293072, "validation_CYP2D6_st_rae": 1.0204479708193597, "validation_CYP3A4_st_rae": 0.8653646865962179, "mean_raw_gradient_norm": 30302.006452679634, "fraction_gradients_clipped": 1.0}
{"epoch": 2, "train_rmse": 10.551555951123639, "validation_rmse": 0.8386683464050293, "validation_ma_st_rae": 0.9080296351147337, "validation_CYP1A2_st_rae": 0.9524261764201146, "validation_CYP2C9_st_rae": 0.7698684557618716, "validation_CYP2D6_st_rae": 1.0567127596769572, "validation_CYP3A4_st_rae": 0.8531111485999914, "mean_raw_gradient_norm": 59550.8155747056, "fraction_gradients_clipped": 1.0}
{"epoch": 3, "train_rmse": 1.4463878244916306, "validation_rmse": 0.8508508205413818, "validation_ma_st_rae": 0.9135052467581425, "validation_CYP1A2_st_rae": 0.9454709153044898, "validation_CYP2C9_st_rae": 0.7905048166642064, "validation_CYP2D6_st_rae": 1.045308428596533, "validation_CYP3A4_st_rae": 0.8727368264673409, "mean_raw_gradient_norm": 149.12144327163696, "fraction_gradients_clipped": 1.0}
{"epoch": 4, "train_rmse": 12.084068390099263, "validation_rmse": 0.8480375409126282, "validation_ma_st_rae": 0.9160965848044295, "validation_CYP1A2_st_rae": 0.9116251575224441, "validation_CYP2C9_st_rae": 0.8073486492237669, "validation_CYP2D6_st_rae": 1.0619624369573177, "validation_CYP3A4_st_rae": 0.8834500955141887, "mean_raw_gradient_norm": 7348.178315520287, "fraction_gradients_clipped": 1.0}
{
  "seed": 1701,
  "selection_metric": "validation_ma_st_rae",
  "best_validation_ma_st_rae": 0.8845555789868564,
  "best_validation_rmse": 0.8334637880325317,
  "restored_fit_rmse": 0.8986523747444153,
  "restored_validation_rmse": 0.8334642052650452,
  "restored_fit_ma_st_rae": 0.9008306746311059,
  "restored_validation_ma_st_rae": 0.8883792378607798,
  "restored_validation_point_ma_st_rae": 0.8845549015180674,
  "restored_validation_point_st_rae_by_cyp": {
    "CYP1A2": 0.8911746569998221,
    "CYP2C9": 0.7612256110950597,
    "CYP2D6": 1.0204575564988525,
    "CYP3A4": 0.865361781478535
  },
  "restored_fit_st_rae_by_cyp": {
    "CYP1A2": 0.9276763642444964,
    "CYP2C9": 0.8799685412010539,
    "CYP2D6": 0.9615689309150685,
    "CYP3A4": 0.834108862163805
  },
  "restored_validation_st_rae_by_cyp": {
    "CYP1A2": 0.8929269359325188,
    "CYP2C9": 0.7673878506413433,
    "CYP2D6": 1.0262314443316545,
    "CYP3A4": 0.8669707205376022
  },
  "validation_bootstrap_metrics": {
    "n_bootstrap_samples": 1000,
    "seed": 0,
    "macro": {
      "st_rae": {
        "mean": 0.8883792378607798,
        "ci_low": 0.8274864957365939,
        "ci_high": 0.951083424684695
      },
      "mae": {
        "mean": 0.6182161200667501,
        "ci_low": 0.5789634144220807,
        "ci_high": 0.6600085711564548
      },
      "r2": {
        "mean": 0.16023629828298716,
        "ci_low": 0.09947374821462669,
        "ci_high": 0.21449990038584957
      },
      "spearman_rho": {
        "mean": 0.3982043915119165,
        "ci_low": 0.32914817637909677,
        "ci_high": 0.4661166415849498
      },
      "kendall_tau": {
        "mean": 0.2789070217366384,
        "ci_low": 0.2298965596017974,
        "ci_high": 0.3285108278204673
      }
    },
    "per_endpoint": {
      "CYP1A2": {
        "st_rae": {
          "mean": 0.8929269359325188,
          "ci_low": 0.7561544403007255,
          "ci_high": 1.040270087121635
        },
        "mae": {
          "mean": 0.6360887170148567,
          "ci_low": 0.5352031316345846,
          "ci_high": 0.7414874111262845
        },
        "r2": {
          "mean": 0.1814205397337005,
          "ci_low": 0.06301550710187624,
          "ci_high": 0.2894787239805174
        },
        "spearman_rho": {
          "mean": 0.44565214835968003,
          "ci_low": 0.30002700641398306,
          "ci_high": 0.5736338122490547
        },
        "kendall_tau": {
          "mean": 0.3128857465150313,
          "ci_low": 0.20875014097260042,
          "ci_high": 0.41295262430828045
        }
      },
      "CYP2C9": {
        "st_rae": {
          "mean": 0.7673878506413433,
          "ci_low": 0.6191390074308508,
          "ci_high": 0.9295356658804356
        },
        "mae": {
          "mean": 0.5325661901557532,
          "ci_low": 0.4631313299175597,
          "ci_high": 0.6098908515742225
        },
        "r2": {
          "mean": 0.250129776594489,
          "ci_low": 0.11654089842903723,
          "ci_high": 0.3654809654745291
        },
        "spearman_rho": {
          "mean": 0.441555539521029,
          "ci_low": 0.2821151898404015,
          "ci_high": 0.5757258201837308
        },
        "kendall_tau": {
          "mean": 0.3094750672318947,
          "ci_low": 0.19369929691725257,
          "ci_high": 0.41110736945635634
        }
      },
      "CYP2D6": {
        "st_rae": {
          "mean": 1.0262314443316545,
          "ci_low": 0.9409302858283303,
          "ci_high": 1.1297765101533768
        },
        "mae": {
          "mean": 0.55686833987296,
          "ci_low": 0.4797234541215237,
          "ci_high": 0.6397989833504899
        },
        "r2": {
          "mean": -0.015635035004939277,
          "ci_low": -0.12498746715543323,
          "ci_high": 0.08038328263651714
        },
        "spearman_rho": {
          "mean": 0.2556367671408955,
          "ci_low": 0.10916625989718325,
          "ci_high": 0.3953296977210121
        },
        "kendall_tau": {
          "mean": 0.17922483508851314,
          "ci_low": 0.07981870918876847,
          "ci_high": 0.27422692558911266
        }
      },
      "CYP3A4": {
        "st_rae": {
          "mean": 0.8669707205376022,
          "ci_low": 0.7668310036499533,
          "ci_high": 0.9688916081748492
        },
        "mae": {
          "mean": 0.7473412332234305,
          "ci_low": 0.6825323567656446,
          "ci_high": 0.8164170704227834
        },
        "r2": {
          "mean": 0.22502991180869836,
          "ci_low": 0.12225385615791541,
          "ci_high": 0.3122376579726015
        },
        "spearman_rho": {
          "mean": 0.44997311102606163,
          "ci_low": 0.3418284410236908,
          "ci_high": 0.5455004466372575
        },
        "kendall_tau": {
          "mean": 0.31404243811111443,
          "ci_low": 0.23511560899497577,
          "ci_high": 0.3877127264282666
        }
      }
    }
  },
  "epochs_run": 4,
  "fit_observations": 2652,
  "validation_observations": 680,
  "rule": "fitzhugh_nagumo",
  "generations": 125,
  "hidden_channels": 8,
  "atom_feature_profile": "valence_electronic",
  "atom_feature_count": 38,
  "atom_feature_names": [
    "element_H",
    "element_C",
    "element_N",
    "element_O",
    "element_F",
    "element_P",
    "element_S",
    "element_Cl",
    "element_Br",
    "element_I",
    "element_other",
    "formal_charge",
    "aromatic",
    "hybrid_sp",
    "hybrid_sp2",
    "hybrid_sp3",
    "hybrid_other",
    "degree",
    "total_hydrogens",
    "in_ring",
    "hbond_donor",
    "hbond_acceptor",
    "chiral_cw",
    "chiral_ccw",
    "chiral_other",
    "total_valence",
    "implicit_valence",
    "heavy_atom_degree",
    "radical_electrons",
    "absolute_formal_charge",
    "electronegativity",
    "polarizability",
    "heteroatom",
    "halogen",
    "conjugated_bond_fraction",
    "first_ionization_energy",
    "electron_affinity",
    "electronic_property_missing"
  ],
  "device": "cuda",
  "gpu": "NVIDIA GeForce RTX 5070 Ti",
  "training_seconds": 54.50795379979536,
  "peak_gpu_memory_bytes": 172634624,
  "runtime": {
    "operating_system": "Windows-10-10.0.26200-SP0",
    "machine": "AMD64",
    "python": "3.11.16",
    "python_executable": "C:\\Users\\Anthony\\anaconda3\\envs\\strange-matter-gpu\\python.exe",
    "pytorch": "2.11.0+cu128",
    "pytorch_cuda": "12.8",
    "device": "cuda",
    "gpu": "NVIDIA GeForce RTX 5070 Ti"
  },
  "validation_protocol": {
    "kind": "scaffold_cross_validation",
    "fold": 0,
    "folds": 5
  },
  "readout": "differentiable_closed_form_ridge",
  "prediction_mode": "direct",
  "residual_alpha": null,
  "trajectory_pooling": "legacy",
  "ridge_mode": "shared",
  "loss_mode": "hybrid_interval",
  "interval_loss_beta": 0.75,
  "interval_temperature": 0.05,
  "hyperparameters": {
    "ca_lr": 0.001,
    "ridge": 0.1,
    "ca_l2": 1e-06,
    "gradient_clip": 1.0,
    "update_scale": 0.25,
    "init_scale": 1.5,
    "initial_noise": 0.01,
    "support_fraction": 0.85,
    "bond_temperature": 2.0,
    "dyn_a": 0.8,
    "dyn_b": 0.8,
    "dyn_c": 0.8,
    "dyn_d": 0.05,
    "lr_schedule": "cosine_0.1x"
  }
}
