{"operating_system": "Windows-10-10.0.26200-SP0", "machine": "AMD64", "python": "3.11.16", "python_executable": "C:\\Users\\Anthony\\anaconda3\\envs\\strange-matter-gpu\\python.exe", "pytorch": "2.11.0+cu128", "pytorch_cuda": "12.8", "device": "cuda", "gpu": "NVIDIA GeForce RTX 5070 Ti"}
{"epoch": 1, "train_rmse": 1.144122570483049, "validation_rmse": 0.8843550682067871, "validation_ma_st_rae": 0.9658444420349521, "validation_CYP1A2_st_rae": 1.0223324822505975, "validation_CYP2C9_st_rae": 0.9618543428181785, "validation_CYP2D6_st_rae": 0.9743525829641143, "validation_CYP3A4_st_rae": 0.9048383601069184, "mean_raw_gradient_norm": 60.657506465911865, "fraction_gradients_clipped": 1.0}
{"epoch": 2, "train_rmse": 4.785214291078597, "validation_rmse": 0.8828356266021729, "validation_ma_st_rae": 0.9687691212571922, "validation_CYP1A2_st_rae": 1.079214580042598, "validation_CYP2C9_st_rae": 0.9113303076621315, "validation_CYP2D6_st_rae": 1.0023134064784043, "validation_CYP3A4_st_rae": 0.8822181908456347, "mean_raw_gradient_norm": 9334.973898792266, "fraction_gradients_clipped": 1.0}
{"epoch": 3, "train_rmse": 4.631406463986481, "validation_rmse": 0.8857163190841675, "validation_ma_st_rae": 0.9774816316516323, "validation_CYP1A2_st_rae": 1.1266981605895567, "validation_CYP2C9_st_rae": 0.8949191112384789, "validation_CYP2D6_st_rae": 1.0185161287856024, "validation_CYP3A4_st_rae": 0.8697931259928907, "mean_raw_gradient_norm": 9717.419782829285, "fraction_gradients_clipped": 1.0}
{
  "seed": 1701,
  "selection_metric": "validation_ma_st_rae",
  "best_validation_ma_st_rae": 0.9658444420349521,
  "best_validation_rmse": 0.8843550682067871,
  "restored_fit_rmse": 0.9724656939506531,
  "restored_validation_rmse": 0.884354293346405,
  "restored_fit_ma_st_rae": 0.9870953993664148,
  "restored_validation_ma_st_rae": 0.9780423312271189,
  "restored_validation_point_ma_st_rae": 0.9658427009545306,
  "restored_validation_point_st_rae_by_cyp": {
    "CYP1A2": 1.0223279670179555,
    "CYP2C9": 0.961848248835153,
    "CYP2D6": 0.9743565830459868,
    "CYP3A4": 0.9048380049190271
  },
  "restored_fit_st_rae_by_cyp": {
    "CYP1A2": 0.9702036969763655,
    "CYP2C9": 1.0877251504871128,
    "CYP2D6": 1.0733877249570059,
    "CYP3A4": 0.8170650250451745
  },
  "restored_validation_st_rae_by_cyp": {
    "CYP1A2": 1.0262442786081898,
    "CYP2C9": 0.981653706243102,
    "CYP2D6": 0.9871962822956772,
    "CYP3A4": 0.9170750577615066
  },
  "validation_bootstrap_metrics": {
    "n_bootstrap_samples": 1000,
    "seed": 0,
    "macro": {
      "st_rae": {
        "mean": 0.9780423312271189,
        "ci_low": 0.8683594240443346,
        "ci_high": 1.0893988878865914
      },
      "mae": {
        "mean": 0.6598174456963659,
        "ci_low": 0.5981360481060484,
        "ci_high": 0.7277709765890729
      },
      "r2": {
        "mean": 0.024682312897040884,
        "ci_low": -0.08009730203605159,
        "ci_high": 0.12250555257457817
      },
      "spearman_rho": {
        "mean": 0.28038292604297277,
        "ci_low": 0.1693563357335862,
        "ci_high": 0.39744073081268483
      },
      "kendall_tau": {
        "mean": 0.1923908458073036,
        "ci_low": 0.11241136688819783,
        "ci_high": 0.27574671091716413
      }
    },
    "per_endpoint": {
      "CYP1A2": {
        "st_rae": {
          "mean": 1.0262442786081898,
          "ci_low": 0.7815677256672877,
          "ci_high": 1.311255214293981
        },
        "mae": {
          "mean": 0.7094090943961847,
          "ci_low": 0.5623783144794526,
          "ci_high": 0.8827750761977962
        },
        "r2": {
          "mean": 0.08445584548168679,
          "ci_low": -0.198960669010885,
          "ci_high": 0.282676348567736
        },
        "spearman_rho": {
          "mean": 0.3081724474987473,
          "ci_low": 0.043429180975518324,
          "ci_high": 0.5365603987062294
        },
        "kendall_tau": {
          "mean": 0.2114228920537608,
          "ci_low": 0.026696329254727477,
          "ci_high": 0.37847390797768493
        }
      },
      "CYP2C9": {
        "st_rae": {
          "mean": 0.981653706243102,
          "ci_low": 0.714450342593066,
          "ci_high": 1.2840806742142559
        },
        "mae": {
          "mean": 0.5629411513169608,
          "ci_low": 0.450592681368192,
          "ci_high": 0.6831818601489067
        },
        "r2": {
          "mean": -0.010707850717891827,
          "ci_low": -0.3022376267482121,
          "ci_high": 0.23095247675345995
        },
        "spearman_rho": {
          "mean": 0.25127264206452105,
          "ci_low": -0.01930928036520423,
          "ci_high": 0.5011248142287597
        },
        "kendall_tau": {
          "mean": 0.1792113268890951,
          "ci_low": -0.0048434048988200504,
          "ci_high": 0.3610175891881148
        }
      },
      "CYP2D6": {
        "st_rae": {
          "mean": 0.9871962822956772,
          "ci_low": 0.8209489657919908,
          "ci_high": 1.177086033513887
        },
        "mae": {
          "mean": 0.5551212300887476,
          "ci_low": 0.4271382492322188,
          "ci_high": 0.7039576369065504
        },
        "r2": {
          "mean": -0.0498370043312324,
          "ci_low": -0.2554430630950922,
          "ci_high": 0.12365061639355486
        },
        "spearman_rho": {
          "mean": 0.24653616050150523,
          "ci_low": 0.018538414958075965,
          "ci_high": 0.46451588832898194
        },
        "kendall_tau": {
          "mean": 0.15924265579598654,
          "ci_low": -0.013657579671590807,
          "ci_high": 0.3223144362902034
        }
      },
      "CYP3A4": {
        "st_rae": {
          "mean": 0.9170750577615066,
          "ci_low": 0.7933026935474272,
          "ci_high": 1.0718297507980592
        },
        "mae": {
          "mean": 0.8117983069835707,
          "ci_low": 0.6907977605974951,
          "ci_high": 0.9374929376812868
        },
        "r2": {
          "mean": 0.07481826115560096,
          "ci_low": -0.05615538466172891,
          "ci_high": 0.18979298260468072
        },
        "spearman_rho": {
          "mean": 0.3155504541071176,
          "ci_low": 0.10782306092186084,
          "ci_high": 0.49795802105196796
        },
        "kendall_tau": {
          "mean": 0.21968650849037175,
          "ci_low": 0.07922028702331223,
          "ci_high": 0.3479182842548306
        }
      }
    }
  },
  "epochs_run": 3,
  "fit_observations": 806,
  "validation_observations": 272,
  "rule": "fitzhugh_nagumo",
  "generations": 16,
  "hidden_channels": 4,
  "atom_feature_profile": "periodic_electronic",
  "atom_feature_count": 41,
  "atom_feature_names": [
    "element_H",
    "element_C",
    "element_N",
    "element_O",
    "element_F",
    "element_P",
    "element_S",
    "element_Cl",
    "element_Br",
    "element_I",
    "element_other",
    "formal_charge",
    "aromatic",
    "hybrid_sp",
    "hybrid_sp2",
    "hybrid_sp3",
    "hybrid_other",
    "degree",
    "total_hydrogens",
    "in_ring",
    "hbond_donor",
    "hbond_acceptor",
    "chiral_cw",
    "chiral_ccw",
    "chiral_other",
    "atomic_number",
    "atomic_mass",
    "covalent_radius",
    "vdw_radius",
    "outer_electrons",
    "period",
    "periodic_group",
    "atomic_volume",
    "electronegativity",
    "polarizability",
    "heteroatom",
    "halogen",
    "conjugated_bond_fraction",
    "first_ionization_energy",
    "electron_affinity",
    "electronic_property_missing"
  ],
  "device": "cuda",
  "gpu": "NVIDIA GeForce RTX 5070 Ti",
  "training_seconds": 3.083343100035563,
  "peak_gpu_memory_bytes": 29662720,
  "runtime": {
    "operating_system": "Windows-10-10.0.26200-SP0",
    "machine": "AMD64",
    "python": "3.11.16",
    "python_executable": "C:\\Users\\Anthony\\anaconda3\\envs\\strange-matter-gpu\\python.exe",
    "pytorch": "2.11.0+cu128",
    "pytorch_cuda": "12.8",
    "device": "cuda",
    "gpu": "NVIDIA GeForce RTX 5070 Ti"
  },
  "validation_protocol": {
    "kind": "scaffold_cross_validation",
    "fold": 0,
    "folds": 5
  },
  "readout": "differentiable_closed_form_ridge",
  "prediction_mode": "direct",
  "residual_alpha": null,
  "trajectory_pooling": "legacy",
  "ridge_mode": "shared",
  "loss_mode": "mse",
  "interval_loss_beta": 0.0,
  "interval_temperature": 0.05,
  "hyperparameters": {
    "ca_lr": 0.001,
    "ridge": 0.01,
    "ca_l2": 1e-05,
    "gradient_clip": 1.0,
    "update_scale": 0.25,
    "init_scale": 1.0,
    "initial_noise": 0.005,
    "support_fraction": 0.85,
    "bond_temperature": 0.5,
    "dyn_a": 0.5,
    "dyn_b": 0.2,
    "dyn_c": 0.2,
    "dyn_d": 0.3,
    "lr_schedule": "cosine_0.1x"
  }
}
