{"operating_system": "Windows-10-10.0.26200-SP0", "machine": "AMD64", "python": "3.11.16", "python_executable": "C:\\Users\\Anthony\\anaconda3\\envs\\strange-matter-gpu\\python.exe", "pytorch": "2.11.0+cu128", "pytorch_cuda": "12.8", "device": "cuda", "gpu": "NVIDIA GeForce RTX 5070 Ti"}
{"epoch": 1, "train_rmse": 1.0082411734820147, "validation_rmse": 0.9073290824890137, "validation_ma_st_rae": 0.910147693893691, "validation_CYP1A2_st_rae": 0.8586278704845779, "validation_CYP2C9_st_rae": 0.9404639514973769, "validation_CYP2D6_st_rae": 1.1235984977731688, "validation_CYP3A4_st_rae": 0.7179004558196407, "mean_raw_gradient_norm": 4.223488421440124, "fraction_gradients_clipped": 1.0}
{"epoch": 2, "train_rmse": 0.9883559864060857, "validation_rmse": 0.9129994511604309, "validation_ma_st_rae": 0.929574576293274, "validation_CYP1A2_st_rae": 0.8781122059344838, "validation_CYP2C9_st_rae": 1.0189610671474039, "validation_CYP2D6_st_rae": 1.0934194516574591, "validation_CYP3A4_st_rae": 0.7278055804337494, "mean_raw_gradient_norm": 3.5709454154968263, "fraction_gradients_clipped": 1.0}
{"epoch": 3, "train_rmse": 1.002211178557425, "validation_rmse": 0.9000480771064758, "validation_ma_st_rae": 0.902075485925056, "validation_CYP1A2_st_rae": 0.8644943185127193, "validation_CYP2C9_st_rae": 0.9375040527526987, "validation_CYP2D6_st_rae": 1.0911260118326496, "validation_CYP3A4_st_rae": 0.715177560602157, "mean_raw_gradient_norm": 3.448961877822876, "fraction_gradients_clipped": 1.0}
{"epoch": 4, "train_rmse": 0.9492236868452664, "validation_rmse": 0.8968890309333801, "validation_ma_st_rae": 0.8971272360836405, "validation_CYP1A2_st_rae": 0.8654871705844575, "validation_CYP2C9_st_rae": 0.9198251062664299, "validation_CYP2D6_st_rae": 1.0901552320229022, "validation_CYP3A4_st_rae": 0.7130414354607725, "mean_raw_gradient_norm": 3.4384173345565796, "fraction_gradients_clipped": 1.0}
{"epoch": 5, "train_rmse": 0.9623934225876674, "validation_rmse": 0.8992640376091003, "validation_ma_st_rae": 0.9031859568267949, "validation_CYP1A2_st_rae": 0.876471435587045, "validation_CYP2C9_st_rae": 0.9419379247653391, "validation_CYP2D6_st_rae": 1.0878007079171748, "validation_CYP3A4_st_rae": 0.7065337590376212, "mean_raw_gradient_norm": 2.857104697227478, "fraction_gradients_clipped": 1.0}
{"epoch": 6, "train_rmse": 0.9739626081114408, "validation_rmse": 0.9008426070213318, "validation_ma_st_rae": 0.9116196803114691, "validation_CYP1A2_st_rae": 0.8661637796697372, "validation_CYP2C9_st_rae": 0.9768235739959709, "validation_CYP2D6_st_rae": 1.0990931597845632, "validation_CYP3A4_st_rae": 0.7043982077956051, "mean_raw_gradient_norm": 2.574604048728943, "fraction_gradients_clipped": 1.0}
{"epoch": 7, "train_rmse": 0.9429843031498192, "validation_rmse": 0.8970639109611511, "validation_ma_st_rae": 0.9056574884414238, "validation_CYP1A2_st_rae": 0.8621371947851872, "validation_CYP2C9_st_rae": 0.9632984809788256, "validation_CYP2D6_st_rae": 1.0946659260356224, "validation_CYP3A4_st_rae": 0.7025283519660598, "mean_raw_gradient_norm": 3.432370047569275, "fraction_gradients_clipped": 1.0}
{
  "seed": 1701,
  "selection_metric": "validation_ma_st_rae",
  "best_validation_ma_st_rae": 0.8971272360836405,
  "best_validation_rmse": 0.8968890309333801,
  "restored_fit_rmse": 0.8339788913726807,
  "restored_validation_rmse": 0.8968815803527832,
  "restored_fit_ma_st_rae": 0.8387583973634362,
  "restored_validation_ma_st_rae": 0.8997648045242654,
  "restored_validation_point_ma_st_rae": 0.8971141433363486,
  "restored_validation_point_st_rae_by_cyp": {
    "CYP1A2": 0.8654847362072488,
    "CYP2C9": 0.9198193526529215,
    "CYP2D6": 1.0901179829124528,
    "CYP3A4": 0.7130345015727716
  },
  "restored_fit_st_rae_by_cyp": {
    "CYP1A2": 0.8568361079122916,
    "CYP2C9": 0.73836635905548,
    "CYP2D6": 1.0421813188445639,
    "CYP3A4": 0.717649803641409
  },
  "restored_validation_st_rae_by_cyp": {
    "CYP1A2": 0.8683860283636827,
    "CYP2C9": 0.9272667770944234,
    "CYP2D6": 1.089994934816341,
    "CYP3A4": 0.7134114778226152
  },
  "validation_bootstrap_metrics": {
    "n_bootstrap_samples": 1000,
    "seed": 0,
    "macro": {
      "st_rae": {
        "mean": 0.8997648045242654,
        "ci_low": 0.8361670787699399,
        "ci_high": 0.9716878251255497
      },
      "mae": {
        "mean": 0.6550581255558935,
        "ci_low": 0.61951576419566,
        "ci_high": 0.6898695227346888
      },
      "r2": {
        "mean": 0.12437789414146719,
        "ci_low": 0.020664969437145436,
        "ci_high": 0.2033463919329247
      },
      "spearman_rho": {
        "mean": 0.44550862409957837,
        "ci_low": 0.3902740745123233,
        "ci_high": 0.49850899508431135
      },
      "kendall_tau": {
        "mean": 0.3124732175723041,
        "ci_low": 0.27068588439940794,
        "ci_high": 0.3526116109841737
      }
    },
    "per_endpoint": {
      "CYP1A2": {
        "st_rae": {
          "mean": 0.8683860283636827,
          "ci_low": 0.7654945233106949,
          "ci_high": 0.9956381244911874
        },
        "mae": {
          "mean": 0.7144139322863685,
          "ci_low": 0.6417452705966101,
          "ci_high": 0.7871562423441145
        },
        "r2": {
          "mean": 0.19852352590038502,
          "ci_low": 0.11023638924058517,
          "ci_high": 0.2886709788054362
        },
        "spearman_rho": {
          "mean": 0.46872122590074833,
          "ci_low": 0.3691230594934895,
          "ci_high": 0.5761740306896288
        },
        "kendall_tau": {
          "mean": 0.3247687363015742,
          "ci_low": 0.25177020057727506,
          "ci_high": 0.40449376701646234
        }
      },
      "CYP2C9": {
        "st_rae": {
          "mean": 0.9272667770944234,
          "ci_low": 0.7484443841358466,
          "ci_high": 1.1437332641265057
        },
        "mae": {
          "mean": 0.4904831533974441,
          "ci_low": 0.429808834936253,
          "ci_high": 0.5537973628788398
        },
        "r2": {
          "mean": 0.06702794695920705,
          "ci_low": -0.33305827643896724,
          "ci_high": 0.31330266431880816
        },
        "spearman_rho": {
          "mean": 0.47128557053239084,
          "ci_low": 0.338234441454248,
          "ci_high": 0.5882821571355845
        },
        "kendall_tau": {
          "mean": 0.3340544803522175,
          "ci_low": 0.23569997064086926,
          "ci_high": 0.42531252657755425
        }
      },
      "CYP2D6": {
        "st_rae": {
          "mean": 1.089994934816341,
          "ci_low": 0.9736394479781818,
          "ci_high": 1.2297206827613938
        },
        "mae": {
          "mean": 0.6884698145773451,
          "ci_low": 0.6033025107141269,
          "ci_high": 0.7757565223817098
        },
        "r2": {
          "mean": -0.08326502262167561,
          "ci_low": -0.21880586121131762,
          "ci_high": 0.027266171729231854
        },
        "spearman_rho": {
          "mean": 0.2250225027494302,
          "ci_low": 0.09378801207504517,
          "ci_high": 0.35047094937176626
        },
        "kendall_tau": {
          "mean": 0.15158024369312637,
          "ci_low": 0.064233066733071,
          "ci_high": 0.23878115100283429
        }
      },
      "CYP3A4": {
        "st_rae": {
          "mean": 0.7134114778226152,
          "ci_low": 0.6411588477510002,
          "ci_high": 0.7901724167417695
        },
        "mae": {
          "mean": 0.7268656019624166,
          "ci_low": 0.6723596614160213,
          "ci_high": 0.7838799189828948
        },
        "r2": {
          "mean": 0.31522512632795235,
          "ci_low": 0.22453293516856002,
          "ci_high": 0.3993875652533173
        },
        "spearman_rho": {
          "mean": 0.6170051972157441,
          "ci_low": 0.5472232610168439,
          "ci_high": 0.6842069068181491
        },
        "kendall_tau": {
          "mean": 0.43948940994229846,
          "ci_low": 0.38540825459228506,
          "ci_high": 0.4945826243257442
        }
      }
    }
  },
  "epochs_run": 7,
  "fit_observations": 4213,
  "validation_observations": 1003,
  "rule": "gray_scott",
  "generations": 125,
  "hidden_channels": 16,
  "atom_feature_profile": "periodic_electronic",
  "atom_feature_count": 41,
  "atom_feature_names": [
    "element_H",
    "element_C",
    "element_N",
    "element_O",
    "element_F",
    "element_P",
    "element_S",
    "element_Cl",
    "element_Br",
    "element_I",
    "element_other",
    "formal_charge",
    "aromatic",
    "hybrid_sp",
    "hybrid_sp2",
    "hybrid_sp3",
    "hybrid_other",
    "degree",
    "total_hydrogens",
    "in_ring",
    "hbond_donor",
    "hbond_acceptor",
    "chiral_cw",
    "chiral_ccw",
    "chiral_other",
    "atomic_number",
    "atomic_mass",
    "covalent_radius",
    "vdw_radius",
    "outer_electrons",
    "period",
    "periodic_group",
    "atomic_volume",
    "electronegativity",
    "polarizability",
    "heteroatom",
    "halogen",
    "conjugated_bond_fraction",
    "first_ionization_energy",
    "electron_affinity",
    "electronic_property_missing"
  ],
  "device": "cuda",
  "gpu": "NVIDIA GeForce RTX 5070 Ti",
  "training_seconds": 112.51595949998591,
  "peak_gpu_memory_bytes": 676364288,
  "runtime": {
    "operating_system": "Windows-10-10.0.26200-SP0",
    "machine": "AMD64",
    "python": "3.11.16",
    "python_executable": "C:\\Users\\Anthony\\anaconda3\\envs\\strange-matter-gpu\\python.exe",
    "pytorch": "2.11.0+cu128",
    "pytorch_cuda": "12.8",
    "device": "cuda",
    "gpu": "NVIDIA GeForce RTX 5070 Ti"
  },
  "validation_protocol": {
    "kind": "scaffold_cross_validation",
    "fold": 3,
    "folds": 5
  },
  "readout": "differentiable_closed_form_ridge",
  "hyperparameters": {
    "ca_lr": 0.003,
    "ridge": 1.0,
    "ca_l2": 1e-06,
    "gradient_clip": 1.0,
    "update_scale": 0.4,
    "init_scale": 0.5,
    "initial_noise": 0.0,
    "support_fraction": 0.75,
    "bond_temperature": 2.0,
    "dyn_a": 0.5,
    "dyn_b": 0.5,
    "dyn_c": 0.2,
    "dyn_d": 0.3,
    "lr_schedule": "cosine_0.1x"
  }
}
