{"operating_system": "Windows-10-10.0.26200-SP0", "machine": "AMD64", "python": "3.11.16", "python_executable": "C:\\Users\\Anthony\\anaconda3\\envs\\strange-matter-gpu\\python.exe", "pytorch": "2.11.0+cu128", "pytorch_cuda": "12.8", "device": "cuda", "gpu": "NVIDIA GeForce RTX 5070 Ti"}
{"epoch": 1, "train_rmse": 1.2951560224616747, "validation_rmse": 0.7904764413833618, "validation_ma_st_rae": 0.840648927062106, "validation_CYP1A2_st_rae": 0.8741928391325267, "validation_CYP2C9_st_rae": 0.762415249134207, "validation_CYP2D6_st_rae": 1.0377657699598646, "validation_CYP3A4_st_rae": 0.688221850021826, "mean_raw_gradient_norm": 12.554184980392456, "fraction_gradients_clipped": 1.0}
{"epoch": 2, "train_rmse": 1.3202699508215838, "validation_rmse": 0.7854485511779785, "validation_ma_st_rae": 0.8308154945916819, "validation_CYP1A2_st_rae": 0.8917801596104299, "validation_CYP2C9_st_rae": 0.7463620186063235, "validation_CYP2D6_st_rae": 0.9969174067274653, "validation_CYP3A4_st_rae": 0.6882023934225092, "mean_raw_gradient_norm": 11.106980304718018, "fraction_gradients_clipped": 1.0}
{"epoch": 3, "train_rmse": 1.1765011625328832, "validation_rmse": 0.7845767140388489, "validation_ma_st_rae": 0.8373868056576632, "validation_CYP1A2_st_rae": 0.9202304707076177, "validation_CYP2C9_st_rae": 0.7388157356300136, "validation_CYP2D6_st_rae": 1.012562005586777, "validation_CYP3A4_st_rae": 0.6779390107062446, "mean_raw_gradient_norm": 7.382525768280029, "fraction_gradients_clipped": 1.0}
{"epoch": 4, "train_rmse": 1.2044068616559165, "validation_rmse": 0.7801414728164673, "validation_ma_st_rae": 0.8309275652809673, "validation_CYP1A2_st_rae": 0.8945121135057513, "validation_CYP2C9_st_rae": 0.7504883207324899, "validation_CYP2D6_st_rae": 0.998730297642806, "validation_CYP3A4_st_rae": 0.6799795292428219, "mean_raw_gradient_norm": 10.859112434387207, "fraction_gradients_clipped": 1.0{"e{"epoch": 5, "train_rmse": 1.1701999605926234, "validation_rmse": 0.7686372399330139, "validation_ma_st_rae": 0.8090422086285903, "validation_CYP1A2_st_rae": 0.872899158530824, "validation_CYP2C9_st_rae": 0.7103227094888762, "validation_CYP2D6_st_rae": 0.975452140689217, "validation_CYP3A4_st_rae": 0.6774948258054443, "mean_raw_gradient_norm": 7.3682701206207275, "fraction_gradients_clipped": 1.{"ep{"epoch": 6, "train_rmse": 1.1210021056027617, "validation_rmse": 0.7680455446243286, "validation_ma_st_rae": 0.8153775430208376, "validation_CYP1A2_st_rae": 0.8801396202343545, "validation_CYP2C9_st_rae": 0.736039890340097, "validation_CYP2D6_st_rae": 0.9727403065368212, "validation_CYP3A4_st_rae": 0.6725903549720779, "mean_raw_gradient_norm": 7.571379613876343, "fraction_gradients_clipped": 1.{"ep{"epoch": 7, "train_rmse": 1.2098386123722638, "validation_rmse": 0.7663304209709167, "validation_ma_st_rae": 0.8133136235987554, "validation_CYP1A2_st_rae": 0.8819973526448034, "validation_CYP2C9_st_rae": 0.7412902831334138, "validation_CYP2D6_st_rae": 0.9591854091322917, "validation_CYP3A4_st_rae": 0.6707814494845125, "mean_raw_gradient_norm": 7.357687497138977, "fraction_gradients_clipped": 1{"epo{"epoch": 8, "train_rmse": 1.1381795226112519, "validation_rmse": 0.7660012245178223, "validation_ma_st_rae": 0.8108896044597709, "validation_CYP1A2_st_rae": 0.8798895124212845, "validation_CYP2C9_st_rae": 0.7395200066362372, "validation_CYP2D6_st_rae": 0.9529847000432363, "validation_CYP3A4_st_rae": 0.6711641987383252, "mean_raw_gradient_norm": 6.060578527450562, "fraction_gradients_clipped":{
  "s{
  "seed": 2909,
  "selection_metric": "validation_ma_st_rae",
  "best_validation_ma_st_rae": 0.8090422086285903,
  "best_validation_rmse": 0.7686372399330139,
  "restored_fit_rmse": 0.8311607837677002,
  "restored_validation_rmse": 0.7686299681663513,
  "restored_fit_ma_st_rae": 0.8163449613659552,
  "restored_validation_ma_st_rae": 0.8125562767847364,
  "restored_validation_point_ma_st_rae": 0.8090357411208552,
  "restored_validation_point_st_rae_by_cyp": {
    "CYP1A2": 0.87290736574309,
    "CYP2C9": 0.7103310534110374,
    "CYP2D6": 0.975419728532836,
    "CYP3A4": 0.6774848167964574
  },
  "restored_fit_st_rae_by_cyp": {
    "CYP1A2": 0.8723310248569751,
    "CYP2C9": 0.7323668008831948,
    "CYP2D6": 0.988559489301246,
    "CYP3A4": 0.6721225304224052
  },
  "restored_validation_st_rae_by_cyp": {
    "CYP1A2": 0.8775419895818578,
    "CYP2C9": 0.7141415069483429,
    "CYP2D6": 0.9793316148574854,
    "CYP3A4": 0.6792099957512593
  },
  "validation_bootstrap_metrics": {
    "n_bootstrap_samples": 1000,
    "seed": 0,
    "macro": {
      "st_rae": {
        "mean": 0.8125562767847364,
        "ci_low": 0.7600275777702116,
        "ci_high": 0.8680100585943077
      },
      "mae": {
        "mean": 0.5639412312467389,
        "ci_low": 0.5318491397563843,
        "ci_high": 0.5933314186255695
      },
      "r2": {
        "mean": 0.242156959039595,
        "ci_low": 0.19013697988007894,
        "ci_high": 0.28979295021501883
      },
      "spearman_rho": {
        "mean": 0.5179499153440789,
        "ci_low": 0.46791766698185533,
        "ci_high": 0.5641952876557448
      },
      "kendall_tau": {
        "mean": 0.36953266607483565,
        "ci_low": 0.33153538570159546,
        "ci_high": 0.403933996358139
      }
    },
    "per_endpoint": {
      "CYP1A2": {
        "st_rae": {
          "mean": 0.8775419895818578,
          "ci_low": 0.7688693724017291,
          "ci_high": 1.0044163103880936
        },
        "mae": {
          "mean": 0.6016144084559905,
          "ci_low": 0.5277345796963115,
          "ci_high": 0.6857563640217523
        },
        "r2": {
          "mean": 0.1900376220063738,
          "ci_low": 0.08003889252387948,
          "ci_high": 0.28616648206848516
        },
        "spearman_rho": {
          "mean": 0.5209555249870383,
          "ci_low": 0.416848269132876,
          "ci_high": 0.6205774717424538
        },
        "kendall_tau": {
          "mean": 0.3704307105604031,
          "ci_low": 0.2923062118668359,
          "ci_high": 0.44664735207707956
        }
      },
      "CYP2C9": {
        "st_rae": {
          "mean": 0.7141415069483429,
          "ci_low": 0.5866387604469759,
          "ci_high": 0.8499191987764313
        },
        "mae": {
          "mean": 0.4842228082127285,
          "ci_low": 0.4344220117764539,
          "ci_high": 0.5386237547419588
        },
        "r2": {
          "mean": 0.30281090761139035,
          "ci_low": 0.1859486424300871,
          "ci_high": 0.4080361172030088
        },
        "spearman_rho": {
          "mean": 0.5422536166002047,
          "ci_low": 0.4302757741883884,
          "ci_high": 0.6442529618431325
        },
        "kendall_tau": {
          "mean": 0.3897013314051915,
          "ci_low": 0.3053256060076967,
          "ci_high": 0.46744036152414
        }
      },
      "CYP2D6": {
        "st_rae": {
          "mean": 0.9793316148574854,
          "ci_low": 0.8950149863283203,
          "ci_high": 1.069134568846231
        },
        "mae": {
          "mean": 0.5458687052166359,
          "ci_low": 0.48388314366850077,
          "ci_high": 0.6142722696320623
        },
        "r2": {
          "mean": 0.04692534839662975,
          "ci_low": -0.05316411404663108,
          "ci_high": 0.130062948645832
        },
        "spearman_rho": {
          "mean": 0.3492069034556138,
          "ci_low": 0.22806611783207853,
          "ci_high": 0.46151503463340643
        },
        "kendall_tau": {
          "mean": 0.23434093808514664,
          "ci_low": 0.15195744739801678,
          "ci_high": 0.3131307052029191
        }
      },
      "CYP3A4": {
        "st_rae": {
          "mean": 0.6792099957512593,
          "ci_low": 0.5953864869122869,
          "ci_high": 0.7662244338146471
        },
        "mae": {
          "mean": 0.6240590031016005,
          "ci_low": 0.5739039908071141,
          "ci_high": 0.6738326430893862
        },
        "r2": {
          "mean": 0.4288539581439859,
          "ci_low": 0.32843563213720056,
          "ci_high": 0.5153933898947323
        },
        "spearman_rho": {
          "mean": 0.6593836163334587,
          "ci_low": 0.5855165602321051,
          "ci_high": 0.7256809249338687
        },
        "kendall_tau": {
          "mean": 0.4836576842486015,
          "ci_low": 0.4256474088466559,
          "ci_high": 0.5405365849879797
        }
      }
    }
  },
  "epochs_run": 8,
  "fit_observations": 4179,
  "validation_observations": 1037,
  "rule": "inertial_reaction_diffusion",
  "generations": 32,
  "hidden_channels": 16,
  "atom_feature_profile": "electronic",
  "atom_feature_count": 33,
  "atom_feature_names": [
    "element_H",
    "element_C",
    "element_N",
    "element_O",
    "element_F",
    "element_P",
    "element_S",
    "element_Cl",
    "element_Br",
    "element_I",
    "element_other",
    "formal_charge",
    "aromatic",
    "hybrid_sp",
    "hybrid_sp2",
    "hybrid_sp3",
    "hybrid_other",
    "degree",
    "total_hydrogens",
    "in_ring",
    "hbond_donor",
    "hbond_acceptor",
    "chiral_cw",
    "chiral_ccw",
    "chiral_other",
    "electronegativity",
    "polarizability",
    "heteroatom",
    "halogen",
    "conjugated_bond_fraction",
    "first_ionization_energy",
    "electron_affinity",
    "electronic_property_missing"
  ],
  "device": "cuda",
  "gpu": "NVIDIA GeForce RTX 5070 Ti",
  "training_seconds": 111.78894820006099,
  "peak_gpu_memory_bytes": 112415232,
  "runtime": {
    "operating_system": "Windows-10-10.0.26200-SP0",
    "machine": "AMD64",
    "python": "3.11.16",
    "python_executable": "C:\\Users\\Anthony\\anaconda3\\envs\\strange-matter-gpu\\python.exe",
    "pytorch": "2.11.0+cu128",
    "pytorch_cuda": "12.8",
    "device": "cuda",
    "gpu": "NVIDIA GeForce RTX 5070 Ti"
  },
  "validation_protocol": {
    "kind": "scaffold_cross_validation",
    "fold": 0,
    "folds": 5
  },
  "readout": "differentiable_closed_form_ridge",
  "hyperparameters": {
    "ca_lr": 0.003,
    "ridge": 1.0,
    "ca_l2": 0.0001,
    "gradient_clip": 1.0,
    "update_scale": 0.08,
    "init_scale": 0.5,
    "initial_noise": 0.01,
    "support_fraction": 0.6,
    "bond_temperature": 1.0,
    "dyn_a": 0.8,
    "dyn_b": 0.8,
    "dyn_c": 0.8,
    "dyn_d": 0.15,
    "lr_schedule": "cosine_0.1x"
  }
}

