{"operating_system": "Windows-10-10.0.26200-SP0", "machine": "AMD64", "python": "3.11.16", "python_executable": "C:\\Users\\Anthony\\anaconda3\\envs\\strange-matter-gpu\\python.exe", "pytorch": "2.11.0+cu128", "pytorch_cuda": "12.8", "device": "cuda", "gpu": "NVIDIA GeForce RTX 5070 Ti"}
{"epoch": 1, "train_rmse": 1.1991267001296233, "validation_rmse": 0.7965459227561951, "validation_ma_st_rae": 0.8644524643620848, "validation_CYP1A2_st_rae": 0.9011299545570164, "validation_CYP2C9_st_rae": 0.8361437920469452, "validation_CYP2D6_st_rae": 0.9934450467934116, "validation_CYP3A4_st_rae": 0.7270910640509662, "mean_raw_gradient_norm": 10.129091911315918, "fraction_gradients_clipped": 1.0}
{"epoch": 2, "train_rmse": 1.1185270506333482, "validation_rmse": 0.7886727452278137, "validation_ma_st_rae": 0.8432645900408042, "validation_CYP1A2_st_rae": 0.8979586615459142, "validation_CYP2C9_st_rae": 0.7995928758945168, "validation_CYP2D6_st_rae": 0.9664174007323735, "validation_CYP3A4_st_rae": 0.7090894219904126, "mean_raw_gradient_norm": 6.038306632041931, "fraction_gradients_clipped": 1.0}
{"epoch": 3, "train_rmse": 1.108052743297203, "validation_rmse": 0.7882215976715088, "validation_ma_st_rae": 0.8348529831045404, "validation_CYP1A2_st_rae": 0.8955141633798496, "validation_CYP2C9_st_rae": 0.786362675704845, "validation_CYP2D6_st_rae": 0.943463526812731, "validation_CYP3A4_st_rae": 0.7140715665207356, "mean_raw_gradient_norm": 5.485596699714661, "fraction_gradients_clipped": 1.0}
{"epoch": 4, "train_rmse": 1.091006667562619, "validation_rmse": 0.7825429439544678, "validation_ma_st_rae": 0.8286542394084967, "validation_CYP1A2_st_rae": 0.885961523161154, "validation_CYP2C9_st_rae": 0.7747309250197878, "validation_CYP2D6_st_rae": 0.9532257644635266, "validation_CYP3A4_st_rae": 0.7006987449895185, "mean_raw_gradient_norm": 4.6108939290046695, "fraction_gradients_clipped": 1.0}
{"epoch": 5, "train_rmse": 1.035839502895382, "validation_rmse": 0.7839880585670471, "validation_ma_st_rae": 0.8359266938516456, "validation_CYP1A2_st_rae": 0.8896372143085731, "validation_CYP2C9_st_rae": 0.8018314338964676, "validation_CYP2D6_st_rae": 0.9533184137761895, "validation_CYP3A4_st_rae": 0.6989197134253523, "mean_raw_gradient_norm": 3.6530711030960084, "fraction_gradients_clipped": 1.0}
{"epoch": 6, "train_rmse": 1.2663966692521464, "validation_rmse": 0.7804268598556519, "validation_ma_st_rae": 0.8304338970407271, "validation_CYP1A2_st_rae": 0.8709787884411779, "validation_CYP2C9_st_rae": 0.8046241248619531, "validation_CYP2D6_st_rae": 0.9516112694852724, "validation_CYP3A4_st_rae": 0.694521405374505, "mean_raw_gradient_norm": 155.35831101179122, "fraction_gradients_clipped": 1.0}
{"epoch": 7, "train_rmse": 1.0624935322341607, "validation_rmse": 0.7767658829689026, "validation_ma_st_rae": 0.8240581214141749, "validation_CYP1A2_st_rae": 0.8677172436530031, "validation_CYP2C9_st_rae": 0.7825958771180176, "validation_CYP2D6_st_rae": 0.956462367118623, "validation_CYP3A4_st_rae": 0.6894569977670559, "mean_raw_gradient_norm": 3.6315245509147642, "fraction_gradients_clipped": 1.0}
{"epoch": 8, "train_rmse": 1.0775620329980746, "validation_rmse": 0.7741391062736511, "validation_ma_st_rae": 0.8224625578659057, "validation_CYP1A2_st_rae": 0.8696227023298765, "validation_CYP2C9_st_rae": 0.7714692280885965, "validation_CYP2D6_st_rae": 0.9609145742135197, "validation_CYP3A4_st_rae": 0.6878437268316305, "mean_raw_gradient_norm": 4.098120818138122, "fraction_gradients_clipped": 1.0}
{
  "seed": 1701,
  "selection_metric": "validation_ma_st_rae",
  "best_validation_ma_st_rae": 0.8240581214141749,
  "best_validation_rmse": 0.7767658829689026,
  "restored_fit_rmse": 0.8392705917358398,
  "restored_validation_rmse": 0.7767701745033264,
  "restored_fit_ma_st_rae": 0.8200960869310308,
  "restored_validation_ma_st_rae": 0.8270663367583332,
  "restored_validation_point_ma_st_rae": 0.8240701956174548,
  "restored_validation_point_st_rae_by_cyp": {
    "CYP1A2": 0.8677381905670721,
    "CYP2C9": 0.7826198264913214,
    "CYP2D6": 0.9564682212610109,
    "CYP3A4": 0.6894545441504143
  },
  "restored_fit_st_rae_by_cyp": {
    "CYP1A2": 0.8758486352601711,
    "CYP2C9": 0.7321097321090511,
    "CYP2D6": 0.9773984611245214,
    "CYP3A4": 0.6950275192303794
  },
  "restored_validation_st_rae_by_cyp": {
    "CYP1A2": 0.8693009890495289,
    "CYP2C9": 0.7873160988443951,
    "CYP2D6": 0.9605763492739063,
    "CYP3A4": 0.6910719098655025
  },
  "validation_bootstrap_metrics": {
    "n_bootstrap_samples": 1000,
    "seed": 0,
    "macro": {
      "st_rae": {
        "mean": 0.8270663367583332,
        "ci_low": 0.7719096316087669,
        "ci_high": 0.8846926688627927
      },
      "mae": {
        "mean": 0.5722760393267631,
        "ci_low": 0.541225473423101,
        "ci_high": 0.604882435791965
      },
      "r2": {
        "mean": 0.22681837489703002,
        "ci_low": 0.17153639406544438,
        "ci_high": 0.27691647589256185
      },
      "spearman_rho": {
        "mean": 0.4805837994927051,
        "ci_low": 0.4304125212917805,
        "ci_high": 0.5304263371417336
      },
      "kendall_tau": {
        "mean": 0.3419765802553862,
        "ci_low": 0.3057693582803058,
        "ci_high": 0.37802506541806835
      }
    },
    "per_endpoint": {
      "CYP1A2": {
        "st_rae": {
          "mean": 0.8693009890495289,
          "ci_low": 0.7538934901157184,
          "ci_high": 1.0027217843650476
        },
        "mae": {
          "mean": 0.6030335312797143,
          "ci_low": 0.5286188098761413,
          "ci_high": 0.6782993664209906
        },
        "r2": {
          "mean": 0.1951276174573838,
          "ci_low": 0.07824291966062127,
          "ci_high": 0.2983782120667201
        },
        "spearman_rho": {
          "mean": 0.5229286836471603,
          "ci_low": 0.4172627475785009,
          "ci_high": 0.6186113633541938
        },
        "kendall_tau": {
          "mean": 0.37024413029129927,
          "ci_low": 0.2943203744233006,
          "ci_high": 0.4422253941343416
        }
      },
      "CYP2C9": {
        "st_rae": {
          "mean": 0.7873160988443951,
          "ci_low": 0.6414981875946233,
          "ci_high": 0.9420621198960875
        },
        "mae": {
          "mean": 0.5003557472558615,
          "ci_low": 0.445466838207113,
          "ci_high": 0.5584636278965506
        },
        "r2": {
          "mean": 0.24155615410672535,
          "ci_low": 0.09461281178522325,
          "ci_high": 0.37653553389297484
        },
        "spearman_rho": {
          "mean": 0.47125038352615584,
          "ci_low": 0.34434842573629076,
          "ci_high": 0.5953961225447268
        },
        "kendall_tau": {
          "mean": 0.3407721842964843,
          "ci_low": 0.24821911379751227,
          "ci_high": 0.43440131000752685
        }
      },
      "CYP2D6": {
        "st_rae": {
          "mean": 0.9605763492739063,
          "ci_low": 0.8942150402623935,
          "ci_high": 1.0383489509877935
        },
        "mae": {
          "mean": 0.5433044063352112,
          "ci_low": 0.48591704939165686,
          "ci_high": 0.6069960268389466
        },
        "r2": {
          "mean": 0.061793110894491,
          "ci_low": -0.014595402140943986,
          "ci_high": 0.1284923977046927
        },
        "spearman_rho": {
          "mean": 0.29604547532219144,
          "ci_low": 0.18588004935341904,
          "ci_high": 0.40755589215446697
        },
        "kendall_tau": {
          "mean": 0.1976829161588643,
          "ci_low": 0.12248751592158107,
          "ci_high": 0.27579858213248326
        }
      },
      "CYP3A4": {
        "st_rae": {
          "mean": 0.6910719098655025,
          "ci_low": 0.6080081047651098,
          "ci_high": 0.7689189363307998
        },
        "mae": {
          "mean": 0.6424104724362657,
          "ci_low": 0.5912445770023943,
          "ci_high": 0.6958663046933138
        },
        "r2": {
          "mean": 0.40879661712951987,
          "ci_low": 0.33501645527309504,
          "ci_high": 0.4813156679863808
        },
        "spearman_rho": {
          "mean": 0.6321106554753126,
          "ci_low": 0.5646610365796589,
          "ci_high": 0.6997853096541274
        },
        "kendall_tau": {
          "mean": 0.4592070902748968,
          "ci_low": 0.40523452556184464,
          "ci_high": 0.5139960079448114
        }
      }
    }
  },
  "epochs_run": 8,
  "fit_observations": 4179,
  "validation_observations": 1037,
  "rule": "delayed_memory",
  "generations": 16,
  "hidden_channels": 16,
  "atom_feature_profile": "local_environment",
  "atom_feature_count": 29,
  "atom_feature_names": [
    "element_H",
    "element_C",
    "element_N",
    "element_O",
    "element_F",
    "element_P",
    "element_S",
    "element_Cl",
    "element_Br",
    "element_I",
    "element_other",
    "formal_charge",
    "aromatic",
    "hybrid_sp",
    "hybrid_sp2",
    "hybrid_sp3",
    "hybrid_other",
    "degree",
    "total_hydrogens",
    "in_ring",
    "hbond_donor",
    "hbond_acceptor",
    "chiral_cw",
    "chiral_ccw",
    "chiral_other",
    "mean_neighbour_electronegativity",
    "electronegativity_difference",
    "mean_neighbour_atomic_number",
    "neighbour_formal_charge"
  ],
  "device": "cuda",
  "gpu": "NVIDIA GeForce RTX 5070 Ti",
  "training_seconds": 32.990023699821904,
  "peak_gpu_memory_bytes": 58547200,
  "runtime": {
    "operating_system": "Windows-10-10.0.26200-SP0",
    "machine": "AMD64",
    "python": "3.11.16",
    "python_executable": "C:\\Users\\Anthony\\anaconda3\\envs\\strange-matter-gpu\\python.exe",
    "pytorch": "2.11.0+cu128",
    "pytorch_cuda": "12.8",
    "device": "cuda",
    "gpu": "NVIDIA GeForce RTX 5070 Ti"
  },
  "validation_protocol": {
    "kind": "scaffold_cross_validation",
    "fold": 0,
    "folds": 5
  },
  "readout": "differentiable_closed_form_ridge",
  "prediction_mode": "direct",
  "residual_alpha": null,
  "trajectory_pooling": "legacy",
  "ridge_mode": "shared",
  "loss_mode": "hybrid_interval",
  "interval_loss_beta": 0.25,
  "interval_temperature": 0.1,
  "hyperparameters": {
    "ca_lr": 0.003,
    "ridge": 1.0,
    "ca_l2": 1e-06,
    "gradient_clip": 1.0,
    "update_scale": 0.25,
    "init_scale": 1.5,
    "initial_noise": 0.0,
    "support_fraction": 0.6,
    "bond_temperature": 1.0,
    "dyn_a": 0.5,
    "dyn_b": 0.2,
    "dyn_c": 0.2,
    "dyn_d": 0.15,
    "lr_schedule": "cosine_0.1x"
  }
}
