{"operating_system": "Windows-10-10.0.26200-SP0", "machine": "AMD64", "python": "3.11.16", "python_executable": "C:\\Users\\Anthony\\anaconda3\\envs\\strange-matter-gpu\\python.exe", "pytorch": "2.11.0+cu128", "pytorch_cuda": "12.8", "device": "cuda", "gpu": "NVIDIA GeForce RTX 5070 Ti"}
{"epoch": 1, "train_rmse": 3.034325959860441, "validation_rmse": 0.8509553670883179, "validation_ma_st_rae": 0.8445226639268301, "validation_CYP1A2_st_rae": 0.8553611650957598, "validation_CYP2C9_st_rae": 0.8049108839702036, "validation_CYP2D6_st_rae": 0.9920496669375508, "validation_CYP3A4_st_rae": 0.7257689397038063, "mean_raw_gradient_norm": 1443.2081464385985, "fraction_gradients_clipped": 1.0}
{"epoch": 2, "train_rmse": 1.172318789080205, "validation_rmse": 0.8509557843208313, "validation_ma_st_rae": 0.8368827392417438, "validation_CYP1A2_st_rae": 0.8763338999950392, "validation_CYP2C9_st_rae": 0.7781582087729535, "validation_CYP2D6_st_rae": 0.9677962291272586, "validation_CYP3A4_st_rae": 0.7252426190717238, "mean_raw_gradient_norm": 106.49237617492676, "fraction_gradients_clipped": 1.0}
{"epoch": 3, "train_rmse": 12.582307300929841, "validation_rmse": 0.8542758226394653, "validation_ma_st_rae": 0.8348984874500893, "validation_CYP1A2_st_rae": 0.8919960536432006, "validation_CYP2C9_st_rae": 0.7823036728852784, "validation_CYP2D6_st_rae": 0.9426303660070436, "validation_CYP3A4_st_rae": 0.7226638572648347, "mean_raw_gradient_norm": 185116.1266489029, "fraction_gradients_clipped": 1.0}
{"epoch": 4, "train_rmse": 1.154920516613027, "validation_rmse": 0.8523877263069153, "validation_ma_st_rae": 0.8391496391128986, "validation_CYP1A2_st_rae": 0.8850326489501903, "validation_CYP2C9_st_rae": 0.7900159489571649, "validation_CYP2D6_st_rae": 0.9623417674909153, "validation_CYP3A4_st_rae": 0.7192081910533242, "mean_raw_gradient_norm": 49.79281230926514, "fraction_gradients_clipped": 1.0}
{"epoch": 5, "train_rmse": 1.1386234672137656, "validation_rmse": 0.8515827059745789, "validation_ma_st_rae": 0.837763897863223, "validation_CYP1A2_st_rae": 0.8737465217099112, "validation_CYP2C9_st_rae": 0.7830387080269577, "validation_CYP2D6_st_rae": 0.9761880623068454, "validation_CYP3A4_st_rae": 0.7180822994091778, "mean_raw_gradient_norm": 39.140000915527345, "fraction_gradients_clipped": 1.0}
{
  "seed": 1701,
  "selection_metric": "validation_ma_st_rae",
  "best_validation_ma_st_rae": 0.8368827392417438,
  "best_validation_rmse": 0.8509557843208313,
  "restored_fit_rmse": 0.8457903265953064,
  "restored_validation_rmse": 0.8509534001350403,
  "restored_fit_ma_st_rae": 0.8532772343994817,
  "restored_validation_ma_st_rae": 0.8394434598290756,
  "restored_validation_point_ma_st_rae": 0.8368790988875238,
  "restored_validation_point_st_rae_by_cyp": {
    "CYP1A2": 0.8763363414024267,
    "CYP2C9": 0.7781544568092902,
    "CYP2D6": 0.9677862061373345,
    "CYP3A4": 0.7252393912010436
  },
  "restored_fit_st_rae_by_cyp": {
    "CYP1A2": 0.897346626135129,
    "CYP2C9": 0.7852002047561386,
    "CYP2D6": 1.005611973721557,
    "CYP3A4": 0.724950132985102
  },
  "restored_validation_st_rae_by_cyp": {
    "CYP1A2": 0.8775890674446511,
    "CYP2C9": 0.7826314155503833,
    "CYP2D6": 0.971705341716502,
    "CYP3A4": 0.7258480146047663
  },
  "validation_bootstrap_metrics": {
    "n_bootstrap_samples": 1000,
    "seed": 0,
    "macro": {
      "st_rae": {
        "mean": 0.8394434598290756,
        "ci_low": 0.7955847365455,
        "ci_high": 0.8891233884111548
      },
      "mae": {
        "mean": 0.6185647998419838,
        "ci_low": 0.5824855550620098,
        "ci_high": 0.6542131340826065
      },
      "r2": {
        "mean": 0.1846261230708236,
        "ci_low": 0.13044484232422676,
        "ci_high": 0.23277297428753854
      },
      "spearman_rho": {
        "mean": 0.4474505123714501,
        "ci_low": 0.3956713486657113,
        "ci_high": 0.4989170671727852
      },
      "kendall_tau": {
        "mean": 0.3141958268334212,
        "ci_low": 0.2774425492827536,
        "ci_high": 0.35264387712564765
      }
    },
    "per_endpoint": {
      "CYP1A2": {
        "st_rae": {
          "mean": 0.8775890674446511,
          "ci_low": 0.7817601382623954,
          "ci_high": 0.9805268854570486
        },
        "mae": {
          "mean": 0.6825190403077736,
          "ci_low": 0.5981447774069504,
          "ci_high": 0.7789692804920827
        },
        "r2": {
          "mean": 0.15253618561112808,
          "ci_low": 0.04548153982990199,
          "ci_high": 0.2464082185442898
        },
        "spearman_rho": {
          "mean": 0.4362776882497158,
          "ci_low": 0.32102728012584697,
          "ci_high": 0.5456544620220813
        },
        "kendall_tau": {
          "mean": 0.2980102997367886,
          "ci_low": 0.21549631181353487,
          "ci_high": 0.37766404578169305
        }
      },
      "CYP2C9": {
        "st_rae": {
          "mean": 0.7826314155503833,
          "ci_low": 0.6606917353258824,
          "ci_high": 0.9155726260159317
        },
        "mae": {
          "mean": 0.4844127693494948,
          "ci_low": 0.42502912383268376,
          "ci_high": 0.5444827149705131
        },
        "r2": {
          "mean": 0.23529798970447183,
          "ci_low": 0.10690450775031639,
          "ci_high": 0.3462189702911184
        },
        "spearman_rho": {
          "mean": 0.4679140428991706,
          "ci_low": 0.34616110431189767,
          "ci_high": 0.5807739844882612
        },
        "kendall_tau": {
          "mean": 0.33030152795650436,
          "ci_low": 0.24007208666273086,
          "ci_high": 0.4165075935563356
        }
      },
      "CYP2D6": {
        "st_rae": {
          "mean": 0.971705341716502,
          "ci_low": 0.8969434920556889,
          "ci_high": 1.0531901747695602
        },
        "mae": {
          "mean": 0.6124699823184825,
          "ci_low": 0.5346865173510589,
          "ci_high": 0.6937986645375798
        },
        "r2": {
          "mean": 0.03116423103374501,
          "ci_low": -0.07509471082681615,
          "ci_high": 0.1329059055995257
        },
        "spearman_rho": {
          "mean": 0.2938448189668933,
          "ci_low": 0.17168564717041807,
          "ci_high": 0.41444500930404415
        },
        "kendall_tau": {
          "mean": 0.20449296593113706,
          "ci_low": 0.11857297556211932,
          "ci_high": 0.28852101163659233
        }
      },
      "CYP3A4": {
        "st_rae": {
          "mean": 0.7258480146047663,
          "ci_low": 0.6506243243821876,
          "ci_high": 0.8026546881926078
        },
        "mae": {
          "mean": 0.6948574073921838,
          "ci_low": 0.6406216125885645,
          "ci_high": 0.7493800802389781
        },
        "r2": {
          "mean": 0.31950608593394947,
          "ci_low": 0.2276560310825181,
          "ci_high": 0.4004157373746651
        },
        "spearman_rho": {
          "mean": 0.5917654993700208,
          "ci_low": 0.5130286397929857,
          "ci_high": 0.6636600604756493
        },
        "kendall_tau": {
          "mean": 0.42397851370925455,
          "ci_low": 0.3668179680380766,
          "ci_high": 0.4808383729898615
        }
      }
    }
  },
  "epochs_run": 5,
  "fit_observations": 4177,
  "validation_observations": 1039,
  "rule": "fitzhugh_nagumo",
  "generations": 125,
  "hidden_channels": 16,
  "atom_feature_profile": "electronic",
  "atom_feature_count": 33,
  "atom_feature_names": [
    "element_H",
    "element_C",
    "element_N",
    "element_O",
    "element_F",
    "element_P",
    "element_S",
    "element_Cl",
    "element_Br",
    "element_I",
    "element_other",
    "formal_charge",
    "aromatic",
    "hybrid_sp",
    "hybrid_sp2",
    "hybrid_sp3",
    "hybrid_other",
    "degree",
    "total_hydrogens",
    "in_ring",
    "hbond_donor",
    "hbond_acceptor",
    "chiral_cw",
    "chiral_ccw",
    "chiral_other",
    "electronegativity",
    "polarizability",
    "heteroatom",
    "halogen",
    "conjugated_bond_fraction",
    "first_ionization_energy",
    "electron_affinity",
    "electronic_property_missing"
  ],
  "device": "cuda",
  "gpu": "NVIDIA GeForce RTX 5070 Ti",
  "training_seconds": 73.52211989997886,
  "peak_gpu_memory_bytes": 590828032,
  "runtime": {
    "operating_system": "Windows-10-10.0.26200-SP0",
    "machine": "AMD64",
    "python": "3.11.16",
    "python_executable": "C:\\Users\\Anthony\\anaconda3\\envs\\strange-matter-gpu\\python.exe",
    "pytorch": "2.11.0+cu128",
    "pytorch_cuda": "12.8",
    "device": "cuda",
    "gpu": "NVIDIA GeForce RTX 5070 Ti"
  },
  "validation_protocol": {
    "kind": "scaffold_cross_validation",
    "fold": 2,
    "folds": 5
  },
  "readout": "differentiable_closed_form_ridge",
  "hyperparameters": {
    "ca_lr": 0.0003,
    "ridge": 1.0,
    "ca_l2": 1e-05,
    "gradient_clip": 1.0,
    "update_scale": 0.08,
    "init_scale": 1.0,
    "initial_noise": 0.0,
    "support_fraction": 0.6,
    "bond_temperature": 2.0,
    "dyn_a": 0.5,
    "dyn_b": 0.2,
    "dyn_c": 0.5,
    "dyn_d": 0.05,
    "lr_schedule": "cosine_0.1x"
  }
}
