{"operating_system": "Windows-10-10.0.26200-SP0", "machine": "AMD64", "python": "3.11.16", "python_executable": "C:\\Users\\Anthony\\anaconda3\\envs\\strange-matter-gpu\\python.exe", "pytorch": "2.11.0+cu128", "pytorch_cuda": "12.8", "device": "cuda", "gpu": "NVIDIA GeForce RTX 5070 Ti"}
{"epoch": 1, "train_rmse": 1.3903840889170553, "validation_rmse": 0.8929587006568909, "validation_ma_st_rae": 0.9908110515622072, "validation_CYP1A2_st_rae": 1.1452835454530292, "validation_CYP2C9_st_rae": 0.8395772559980034, "validation_CYP2D6_st_rae": 1.0481358809407706, "validation_CYP3A4_st_rae": 0.9302475238570252, "mean_raw_gradient_norm": 369.708589553833, "fraction_gradients_clipped": 1.0}
{"epoch": 2, "train_rmse": 1.3283197388036772, "validation_rmse": 0.872898519039154, "validation_ma_st_rae": 0.9528211903740602, "validation_CYP1A2_st_rae": 1.1275430868202805, "validation_CYP2C9_st_rae": 0.7978613643177718, "validation_CYP2D6_st_rae": 0.972913591157673, "validation_CYP3A4_st_rae": 0.9129667192005162, "mean_raw_gradient_norm": 209.63680191040038, "fraction_gradients_clipped": 1.0}
{"epoch": 3, "train_rmse": 1.5812460266787098, "validation_rmse": 0.880458414554596, "validation_ma_st_rae": 0.9597778313887786, "validation_CYP1A2_st_rae": 1.120931902264141, "validation_CYP2C9_st_rae": 0.7776714198910419, "validation_CYP2D6_st_rae": 0.9857261230398736, "validation_CYP3A4_st_rae": 0.9547818803600581, "mean_raw_gradient_norm": 765.2820407867432, "fraction_gradients_clipped": 1.0}
{
  "seed": 1701,
  "selection_metric": "validation_ma_st_rae",
  "best_validation_ma_st_rae": 0.9528211903740602,
  "best_validation_rmse": 0.872898519039154,
  "restored_fit_rmse": 0.9520520567893982,
  "restored_validation_rmse": 0.8728998899459839,
  "restored_fit_ma_st_rae": 0.9118249306356292,
  "restored_validation_ma_st_rae": 0.964670791979305,
  "restored_validation_point_ma_st_rae": 0.9528255866647587,
  "restored_validation_point_st_rae_by_cyp": {
    "CYP1A2": 1.1275401248276673,
    "CYP2C9": 0.7978710631921646,
    "CYP2D6": 0.972919738748938,
    "CYP3A4": 0.9129714198902649
  },
  "restored_fit_st_rae_by_cyp": {
    "CYP1A2": 0.9326332550274751,
    "CYP2C9": 0.9195584453121632,
    "CYP2D6": 0.9263793392690987,
    "CYP3A4": 0.8687286829337795
  },
  "restored_validation_st_rae_by_cyp": {
    "CYP1A2": 1.126712404260676,
    "CYP2C9": 0.8178443066741381,
    "CYP2D6": 0.9854997662477407,
    "CYP3A4": 0.9286266907346655
  },
  "validation_bootstrap_metrics": {
    "n_bootstrap_samples": 1000,
    "seed": 0,
    "macro": {
      "st_rae": {
        "mean": 0.964670791979305,
        "ci_low": 0.8645555013916838,
        "ci_high": 1.0751660123030864
      },
      "mae": {
        "mean": 0.6562940062865048,
        "ci_low": 0.5950003563056883,
        "ci_high": 0.7226998596452928
      },
      "r2": {
        "mean": 0.07072709565209269,
        "ci_low": -0.01793945485298508,
        "ci_high": 0.1549145230939969
      },
      "spearman_rho": {
        "mean": 0.3209445446919236,
        "ci_low": 0.20974872096329022,
        "ci_high": 0.4297710567353106
      },
      "kendall_tau": {
        "mean": 0.22244347298420014,
        "ci_low": 0.14601953852681057,
        "ci_high": 0.2970612829538605
      }
    },
    "per_endpoint": {
      "CYP1A2": {
        "st_rae": {
          "mean": 1.126712404260676,
          "ci_low": 0.9087725886012714,
          "ci_high": 1.4000023528620091
        },
        "mae": {
          "mean": 0.7533166221477945,
          "ci_low": 0.5815627237812417,
          "ci_high": 0.9377815074607974
        },
        "r2": {
          "mean": -0.06923998984187224,
          "ci_low": -0.2556816134619408,
          "ci_high": 0.06211234512261164
        },
        "spearman_rho": {
          "mean": 0.15525703148776165,
          "ci_low": -0.08513081337322492,
          "ci_high": 0.3698617601150279
        },
        "kendall_tau": {
          "mean": 0.1046006671771606,
          "ci_low": -0.05106294061843141,
          "ci_high": 0.25554615758637955
        }
      },
      "CYP2C9": {
        "st_rae": {
          "mean": 0.8178443066741381,
          "ci_low": 0.616260545605836,
          "ci_high": 1.0684511058379875
        },
        "mae": {
          "mean": 0.5207576188047728,
          "ci_low": 0.4291535904010137,
          "ci_high": 0.6278371289372444
        },
        "r2": {
          "mean": 0.18164772330844375,
          "ci_low": -0.018651080197393494,
          "ci_high": 0.3570184971269365
        },
        "spearman_rho": {
          "mean": 0.4939359382623048,
          "ci_low": 0.29372465156653504,
          "ci_high": 0.665920044315506
        },
        "kendall_tau": {
          "mean": 0.3333293577957286,
          "ci_low": 0.1921625417927869,
          "ci_high": 0.46590828642768084
        }
      },
      "CYP2D6": {
        "st_rae": {
          "mean": 0.9854997662477407,
          "ci_low": 0.8183528032867476,
          "ci_high": 1.170395045580438
        },
        "mae": {
          "mean": 0.5601337369405306,
          "ci_low": 0.4382628962626824,
          "ci_high": 0.6984503506697141
        },
        "r2": {
          "mean": 0.020848012290932246,
          "ci_low": -0.1788106604133167,
          "ci_high": 0.22215643091402196
        },
        "spearman_rho": {
          "mean": 0.22916445221657272,
          "ci_low": -0.012843753149979077,
          "ci_high": 0.46866261064147763
        },
        "kendall_tau": {
          "mean": 0.17266967694303823,
          "ci_low": 0.005315067161940955,
          "ci_high": 0.34842162893836176
        }
      },
      "CYP3A4": {
        "st_rae": {
          "mean": 0.9286266907346655,
          "ci_low": 0.7692755191429814,
          "ci_high": 1.1393766410814794
        },
        "mae": {
          "mean": 0.7909680472529212,
          "ci_low": 0.6860717329174973,
          "ci_high": 0.8972441953282024
        },
        "r2": {
          "mean": 0.149652636850867,
          "ci_low": -0.005203779581939243,
          "ci_high": 0.2849657153902285
        },
        "spearman_rho": {
          "mean": 0.40542075680105505,
          "ci_low": 0.20667168749412482,
          "ci_high": 0.5793121263900858
        },
        "kendall_tau": {
          "mean": 0.27917419002087307,
          "ci_low": 0.14539009234393827,
          "ci_high": 0.40856521775798665
        }
      }
    }
  },
  "epochs_run": 3,
  "fit_observations": 806,
  "validation_observations": 272,
  "rule": "fitzhugh_nagumo",
  "generations": 125,
  "hidden_channels": 8,
  "atom_feature_profile": "valence_electronic",
  "atom_feature_count": 38,
  "atom_feature_names": [
    "element_H",
    "element_C",
    "element_N",
    "element_O",
    "element_F",
    "element_P",
    "element_S",
    "element_Cl",
    "element_Br",
    "element_I",
    "element_other",
    "formal_charge",
    "aromatic",
    "hybrid_sp",
    "hybrid_sp2",
    "hybrid_sp3",
    "hybrid_other",
    "degree",
    "total_hydrogens",
    "in_ring",
    "hbond_donor",
    "hbond_acceptor",
    "chiral_cw",
    "chiral_ccw",
    "chiral_other",
    "total_valence",
    "implicit_valence",
    "heavy_atom_degree",
    "radical_electrons",
    "absolute_formal_charge",
    "electronegativity",
    "polarizability",
    "heteroatom",
    "halogen",
    "conjugated_bond_fraction",
    "first_ionization_energy",
    "electron_affinity",
    "electronic_property_missing"
  ],
  "device": "cuda",
  "gpu": "NVIDIA GeForce RTX 5070 Ti",
  "training_seconds": 13.235188100021333,
  "peak_gpu_memory_bytes": 166772736,
  "runtime": {
    "operating_system": "Windows-10-10.0.26200-SP0",
    "machine": "AMD64",
    "python": "3.11.16",
    "python_executable": "C:\\Users\\Anthony\\anaconda3\\envs\\strange-matter-gpu\\python.exe",
    "pytorch": "2.11.0+cu128",
    "pytorch_cuda": "12.8",
    "device": "cuda",
    "gpu": "NVIDIA GeForce RTX 5070 Ti"
  },
  "validation_protocol": {
    "kind": "scaffold_cross_validation",
    "fold": 0,
    "folds": 5
  },
  "readout": "differentiable_closed_form_ridge",
  "prediction_mode": "direct",
  "residual_alpha": null,
  "trajectory_pooling": "legacy",
  "ridge_mode": "shared",
  "loss_mode": "hybrid_interval",
  "interval_loss_beta": 0.75,
  "interval_temperature": 0.05,
  "hyperparameters": {
    "ca_lr": 0.001,
    "ridge": 0.1,
    "ca_l2": 1e-06,
    "gradient_clip": 1.0,
    "update_scale": 0.25,
    "init_scale": 1.5,
    "initial_noise": 0.01,
    "support_fraction": 0.85,
    "bond_temperature": 2.0,
    "dyn_a": 0.8,
    "dyn_b": 0.8,
    "dyn_c": 0.8,
    "dyn_d": 0.05,
    "lr_schedule": "cosine_0.1x"
  }
}
