{"operating_system": "Windows-10-10.0.26200-SP0", "machine": "AMD64", "python": "3.11.16", "python_executable": "C:\\Users\\Anthony\\anaconda3\\envs\\strange-matter-gpu\\python.exe", "pytorch": "2.11.0+cu128", "pytorch_cuda": "12.8", "device": "cuda", "gpu": "NVIDIA GeForce RTX 5070 Ti"}
{"epoch": 1, "train_rmse": 1.0545553853351317, "validation_rmse": 0.8964619636535645, "validation_ma_st_rae": 1.0362147198946896, "validation_CYP1A2_st_rae": 1.098136361897377, "validation_CYP2C9_st_rae": 1.0788247647915956, "validation_CYP2D6_st_rae": 1.0797302931324295, "validation_CYP3A4_st_rae": 0.888167459757356, "mean_raw_gradient_norm": 6.936957311630249, "fraction_gradients_clipped": 1.0}
{"epoch": 2, "train_rmse": 1.0688672836384032, "validation_rmse": 0.8919381499290466, "validation_ma_st_rae": 1.0099330526233472, "validation_CYP1A2_st_rae": 1.0591434085976885, "validation_CYP2C9_st_rae": 1.029131090057954, "validation_CYP2D6_st_rae": 1.0603487204318376, "validation_CYP3A4_st_rae": 0.8911089914059086, "mean_raw_gradient_norm": 8.296097755432129, "fraction_gradients_clipped": 1.0}
{"epoch": 3, "train_rmse": 1.0498244030897592, "validation_rmse": 0.889070987701416, "validation_ma_st_rae": 1.0030182398392644, "validation_CYP1A2_st_rae": 1.0346401248405253, "validation_CYP2C9_st_rae": 1.0280643712311195, "validation_CYP2D6_st_rae": 1.0526756962361432, "validation_CYP3A4_st_rae": 0.8966927670492699, "mean_raw_gradient_norm": 7.012649917602539, "fraction_gradients_clipped": 1.0}
{
  "seed": 1701,
  "selection_metric": "validation_ma_st_rae",
  "best_validation_ma_st_rae": 1.0030182398392644,
  "best_validation_rmse": 0.889070987701416,
  "restored_fit_rmse": 0.9596933126449585,
  "restored_validation_rmse": 0.8890703320503235,
  "restored_fit_ma_st_rae": 0.9328916958478535,
  "restored_validation_ma_st_rae": 1.0162468583681816,
  "restored_validation_point_ma_st_rae": 1.0030144415149045,
  "restored_validation_point_st_rae_by_cyp": {
    "CYP1A2": 1.034641045947984,
    "CYP2C9": 1.028056946871518,
    "CYP2D6": 1.052673355174402,
    "CYP3A4": 0.8966864180657133
  },
  "restored_fit_st_rae_by_cyp": {
    "CYP1A2": 0.9407983478047768,
    "CYP2C9": 0.9456021427229943,
    "CYP2D6": 0.9926132372184788,
    "CYP3A4": 0.8525530556451643
  },
  "restored_validation_st_rae_by_cyp": {
    "CYP1A2": 1.0380000107520824,
    "CYP2C9": 1.048864975632675,
    "CYP2D6": 1.0669818435086815,
    "CYP3A4": 0.9111406035792877
  },
  "validation_bootstrap_metrics": {
    "n_bootstrap_samples": 1000,
    "seed": 0,
    "macro": {
      "st_rae": {
        "mean": 1.0162468583681816,
        "ci_low": 0.9187263123145587,
        "ci_high": 1.1267927956831882
      },
      "mae": {
        "mean": 0.6682635606159912,
        "ci_low": 0.6064169305471109,
        "ci_high": 0.7386698041640654
      },
      "r2": {
        "mean": -0.014031872154395926,
        "ci_low": -0.11962396720860347,
        "ci_high": 0.08486057118197947
      },
      "spearman_rho": {
        "mean": 0.2792098336660216,
        "ci_low": 0.15868808480553745,
        "ci_high": 0.39317809897098954
      },
      "kendall_tau": {
        "mean": 0.19616237961949515,
        "ci_low": 0.11414470056425317,
        "ci_high": 0.275319620874338
      }
    },
    "per_endpoint": {
      "CYP1A2": {
        "st_rae": {
          "mean": 1.0380000107520824,
          "ci_low": 0.8082325156811403,
          "ci_high": 1.303275883531534
        },
        "mae": {
          "mean": 0.717496404022467,
          "ci_low": 0.5579698151252309,
          "ci_high": 0.8957901007816439
        },
        "r2": {
          "mean": 0.04237380936358864,
          "ci_low": -0.19762896803244137,
          "ci_high": 0.22724819653587267
        },
        "spearman_rho": {
          "mean": 0.34434508587112256,
          "ci_low": 0.08401920026981888,
          "ci_high": 0.5700985167239799
        },
        "kendall_tau": {
          "mean": 0.24758121267314115,
          "ci_low": 0.060298235592536525,
          "ci_high": 0.4217499875088999
        }
      },
      "CYP2C9": {
        "st_rae": {
          "mean": 1.048864975632675,
          "ci_low": 0.827694678904941,
          "ci_high": 1.2910475471843674
        },
        "mae": {
          "mean": 0.5766171106934547,
          "ci_low": 0.4472758625944456,
          "ci_high": 0.7184193067749342
        },
        "r2": {
          "mean": -0.1713116575308902,
          "ci_low": -0.45013142404698325,
          "ci_high": 0.09268893489054385
        },
        "spearman_rho": {
          "mean": 0.24633625131721398,
          "ci_low": -0.0187017400935482,
          "ci_high": 0.5067938985218108
        },
        "kendall_tau": {
          "mean": 0.17344485011842267,
          "ci_low": -0.01607533267916473,
          "ci_high": 0.35413805585415614
        }
      },
      "CYP2D6": {
        "st_rae": {
          "mean": 1.0669818435086815,
          "ci_low": 0.891195770489229,
          "ci_high": 1.2677671140996098
        },
        "mae": {
          "mean": 0.591312944485591,
          "ci_low": 0.4634767949581146,
          "ci_high": 0.732279292345047
        },
        "r2": {
          "mean": -0.07601531933237837,
          "ci_low": -0.3064796571808421,
          "ci_high": 0.09694640233535572
        },
        "spearman_rho": {
          "mean": 0.1932818391504939,
          "ci_low": -0.03803569198993769,
          "ci_high": 0.41166195200797506
        },
        "kendall_tau": {
          "mean": 0.13544536355503192,
          "ci_low": -0.02345091626927971,
          "ci_high": 0.2888477625013537
        }
      },
      "CYP3A4": {
        "st_rae": {
          "mean": 0.9111406035792877,
          "ci_low": 0.7728990435615312,
          "ci_high": 1.081215296414088
        },
        "mae": {
          "mean": 0.7876277832624524,
          "ci_low": 0.6709863969059878,
          "ci_high": 0.9057856709458106
        },
        "r2": {
          "mean": 0.14882567888209622,
          "ci_low": 0.007861585816496366,
          "ci_high": 0.27533904310469365
        },
        "spearman_rho": {
          "mean": 0.33287615832525613,
          "ci_low": 0.1252640839028517,
          "ci_high": 0.5265239107060232
        },
        "kendall_tau": {
          "mean": 0.2281780921313849,
          "ci_low": 0.07379520146012385,
          "ci_high": 0.3706243334230399
        }
      }
    }
  },
  "epochs_run": 3,
  "fit_observations": 806,
  "validation_observations": 272,
  "rule": "inertial_reaction_diffusion",
  "generations": 64,
  "hidden_channels": 4,
  "atom_feature_profile": "electronic_local",
  "atom_feature_count": 37,
  "atom_feature_names": [
    "element_H",
    "element_C",
    "element_N",
    "element_O",
    "element_F",
    "element_P",
    "element_S",
    "element_Cl",
    "element_Br",
    "element_I",
    "element_other",
    "formal_charge",
    "aromatic",
    "hybrid_sp",
    "hybrid_sp2",
    "hybrid_sp3",
    "hybrid_other",
    "degree",
    "total_hydrogens",
    "in_ring",
    "hbond_donor",
    "hbond_acceptor",
    "chiral_cw",
    "chiral_ccw",
    "chiral_other",
    "electronegativity",
    "polarizability",
    "heteroatom",
    "halogen",
    "conjugated_bond_fraction",
    "first_ionization_energy",
    "electron_affinity",
    "electronic_property_missing",
    "mean_neighbour_electronegativity",
    "electronegativity_difference",
    "mean_neighbour_atomic_number",
    "neighbour_formal_charge"
  ],
  "device": "cuda",
  "gpu": "NVIDIA GeForce RTX 5070 Ti",
  "training_seconds": 5.02850509993732,
  "peak_gpu_memory_bytes": 104174592,
  "runtime": {
    "operating_system": "Windows-10-10.0.26200-SP0",
    "machine": "AMD64",
    "python": "3.11.16",
    "python_executable": "C:\\Users\\Anthony\\anaconda3\\envs\\strange-matter-gpu\\python.exe",
    "pytorch": "2.11.0+cu128",
    "pytorch_cuda": "12.8",
    "device": "cuda",
    "gpu": "NVIDIA GeForce RTX 5070 Ti"
  },
  "validation_protocol": {
    "kind": "scaffold_cross_validation",
    "fold": 0,
    "folds": 5
  },
  "readout": "differentiable_closed_form_ridge",
  "prediction_mode": "direct",
  "residual_alpha": null,
  "trajectory_pooling": "legacy",
  "ridge_mode": "shared",
  "loss_mode": "mse",
  "interval_loss_beta": 0.0,
  "interval_temperature": 0.05,
  "hyperparameters": {
    "ca_lr": 0.003,
    "ridge": 0.01,
    "ca_l2": 1e-06,
    "gradient_clip": 2.0,
    "update_scale": 0.4,
    "init_scale": 1.0,
    "initial_noise": 0.01,
    "support_fraction": 0.85,
    "bond_temperature": 0.5,
    "dyn_a": 0.8,
    "dyn_b": 0.8,
    "dyn_c": 0.2,
    "dyn_d": 0.15,
    "lr_schedule": "cosine_0.1x"
  }
}
