{"device": "cuda", "gpu": "NVIDIA GeForce RTX 5070 Ti", "pytorch": "2.11.0+cu128", "pytorch_cuda": "12.8"}
{"epoch": 1, "train_rmse": 1.0795083214566694, "validation_rmse": 1.01573646068573, "mean_raw_gradient_norm": 6.313103580474854, "fraction_gradients_clipped": 1.0}
{"epoch": 2, "train_rmse": 1.0319839270323332, "validation_rmse": 1.003278374671936, "mean_raw_gradient_norm": 5.281091833114624, "fraction_gradients_clipped": 1.0}
{"epoch": 3, "train_rmse": 1.0594474133841816, "validation_rmse": 1.0036404132843018, "mean_raw_gradient_norm": 5.075495004653931, "fraction_gradients_clipped": 1.0}
{
  "seed": 1701,
  "best_validation_rmse": 1.003278374671936,
  "restored_fit_rmse": 0.8877476453781128,
  "restored_validation_rmse": 1.0032849311828613,
  "epochs_run": 3,
  "fit_observations": 791,
  "validation_observations": 273,
  "rule": "inertial_reaction_diffusion",
  "generations": 64,
  "hidden_channels": 8,
  "device": "cuda",
  "gpu": "NVIDIA GeForce RTX 5070 Ti",
  "training_seconds": 4.747681400040165,
  "peak_gpu_memory_bytes": 137481728,
  "readout": "differentiable_closed_form_ridge",
  "hyperparameters": {
    "ca_lr": 0.003,
    "ridge": 0.1,
    "ca_l2": 1e-06,
    "gradient_clip": 0.5
  }
}
