{"operating_system": "Windows-10-10.0.26200-SP0", "machine": "AMD64", "python": "3.11.16", "python_executable": "C:\\Users\\Anthony\\anaconda3\\envs\\strange-matter-gpu\\python.exe", "pytorch": "2.11.0+cu128", "pytorch_cuda": "12.8", "device": "cuda", "gpu": "NVIDIA GeForce RTX 5070 Ti"}
{"epoch": 1, "train_rmse": 1.0301812452618018, "validation_rmse": 0.8574195504188538, "validation_ma_st_rae": 0.8995263850656114, "validation_CYP1A2_st_rae": 0.9751553658053641, "validation_CYP2C9_st_rae": 0.7833372048407848, "validation_CYP2D6_st_rae": 0.9859932747223504, "validation_CYP3A4_st_rae": 0.8536196948939463, "mean_raw_gradient_norm": 3.953110545873642, "fraction_gradients_clipped": 1.0}
{"epoch": 2, "train_rmse": 1.0600978452930245, "validation_rmse": 0.8511936068534851, "validation_ma_st_rae": 0.8904344931850403, "validation_CYP1A2_st_rae": 0.9377056756241179, "validation_CYP2C9_st_rae": 0.7923702860950257, "validation_CYP2D6_st_rae": 0.9883568405995654, "validation_CYP3A4_st_rae": 0.843305170421452, "mean_raw_gradient_norm": 4.254405193030834, "fraction_gradients_clipped": 1.0}
{"epoch": 3, "train_rmse": 1.030432877205674, "validation_rmse": 0.8490090370178223, "validation_ma_st_rae": 0.8889368935108045, "validation_CYP1A2_st_rae": 0.928389387917443, "validation_CYP2C9_st_rae": 0.8000763988204492, "validation_CYP2D6_st_rae": 0.9877162493312822, "validation_CYP3A4_st_rae": 0.8395655379740439, "mean_raw_gradient_norm": 3.5713788717985153, "fraction_gradients_clipped": 1.0}
{"epoch": 4, "train_rmse": 0.9873632042373712, "validation_rmse": 0.8484021425247192, "validation_ma_st_rae": 0.8892774986107013, "validation_CYP1A2_st_rae": 0.9263517544085009, "validation_CYP2C9_st_rae": 0.804312597571434, "validation_CYP2D6_st_rae": 0.9865237616491087, "validation_CYP3A4_st_rae": 0.8399218808137613, "mean_raw_gradient_norm": 3.716682806611061, "fraction_gradients_clipped": 1.0}
{"epoch": 5, "train_rmse": 1.031315672466055, "validation_rmse": 0.847669780254364, "validation_ma_st_rae": 0.8887536652152419, "validation_CYP1A2_st_rae": 0.926073827302255, "validation_CYP2C9_st_rae": 0.8044577407698413, "validation_CYP2D6_st_rae": 0.9859090269948084, "validation_CYP3A4_st_rae": 0.8385740657940632, "mean_raw_gradient_norm": 2.822874829173088, "fraction_gradients_clipped": 1.0}
{
  "seed": 1701,
  "selection_metric": "validation_ma_st_rae",
  "best_validation_ma_st_rae": 0.8904344931850403,
  "best_validation_rmse": 0.8511936068534851,
  "restored_fit_rmse": 0.9151212573051453,
  "restored_validation_rmse": 0.8511916995048523,
  "restored_fit_ma_st_rae": 0.9066079322089665,
  "restored_validation_ma_st_rae": 0.8934599157198877,
  "restored_validation_point_ma_st_rae": 0.8904357353886138,
  "restored_validation_point_st_rae_by_cyp": {
    "CYP1A2": 0.9376986563460155,
    "CYP2C9": 0.7923832392675448,
    "CYP2D6": 0.9883547262861209,
    "CYP3A4": 0.8433063196547739
  },
  "restored_fit_st_rae_by_cyp": {
    "CYP1A2": 0.8565977547089763,
    "CYP2C9": 0.9113625696892914,
    "CYP2D6": 0.9897823945453526,
    "CYP3A4": 0.8686890098922462
  },
  "restored_validation_st_rae_by_cyp": {
    "CYP1A2": 0.9370476684027041,
    "CYP2C9": 0.7987077670666108,
    "CYP2D6": 0.9945502527301909,
    "CYP3A4": 0.8435339746800449
  },
  "validation_bootstrap_metrics": {
    "n_bootstrap_samples": 1000,
    "seed": 0,
    "macro": {
      "st_rae": {
        "mean": 0.8934599157198877,
        "ci_low": 0.840218909329259,
        "ci_high": 0.9483952128983917
      },
      "mae": {
        "mean": 0.6168551214579621,
        "ci_low": 0.5742641846659715,
        "ci_high": 0.6616944037243843
      },
      "r2": {
        "mean": 0.12472964793787607,
        "ci_low": 0.07323920566659717,
        "ci_high": 0.17523143942597755
      },
      "spearman_rho": {
        "mean": 0.3717742372420246,
        "ci_low": 0.29729256068378457,
        "ci_high": 0.4426239769004193
      },
      "kendall_tau": {
        "mean": 0.25994505348284275,
        "ci_low": 0.2066644249757373,
        "ci_high": 0.31083004651807766
      }
    },
    "per_endpoint": {
      "CYP1A2": {
        "st_rae": {
          "mean": 0.9370476684027041,
          "ci_low": 0.8144798891874347,
          "ci_high": 1.0761980880953115
        },
        "mae": {
          "mean": 0.6487782049237842,
          "ci_low": 0.5436404723516652,
          "ci_high": 0.7668383284353874
        },
        "r2": {
          "mean": 0.10792860525200922,
          "ci_low": -0.011206252144836152,
          "ci_high": 0.21301345983088543
        },
        "spearman_rho": {
          "mean": 0.4223805687257083,
          "ci_low": 0.27271908850768467,
          "ci_high": 0.5599230679094975
        },
        "kendall_tau": {
          "mean": 0.30102931700272123,
          "ci_low": 0.1911747695457181,
          "ci_high": 0.40497496596957494
        }
      },
      "CYP2C9": {
        "st_rae": {
          "mean": 0.7987077670666108,
          "ci_low": 0.6648909263558008,
          "ci_high": 0.9516757791824842
        },
        "mae": {
          "mean": 0.5366518219648487,
          "ci_low": 0.4589081249967979,
          "ci_high": 0.6143369826957257
        },
        "r2": {
          "mean": 0.2101789190188912,
          "ci_low": 0.07695133057507036,
          "ci_high": 0.3229786550731774
        },
        "spearman_rho": {
          "mean": 0.44922164936582937,
          "ci_low": 0.2904551044962645,
          "ci_high": 0.5923880503464061
        },
        "kendall_tau": {
          "mean": 0.31847662553031386,
          "ci_low": 0.20529742009426127,
          "ci_high": 0.42826737267417675
        }
      },
      "CYP2D6": {
        "st_rae": {
          "mean": 0.9945502527301909,
          "ci_low": 0.9165679239120791,
          "ci_high": 1.0813182659371567
        },
        "mae": {
          "mean": 0.538736276359678,
          "ci_low": 0.45639847243357007,
          "ci_high": 0.6266836971231976
        },
        "r2": {
          "mean": -0.02576846982781462,
          "ci_low": -0.10364624236923627,
          "ci_high": 0.0599673632414899
        },
        "spearman_rho": {
          "mean": 0.14993027390780825,
          "ci_low": -0.00966578858630813,
          "ci_high": 0.2939054494844754
        },
        "kendall_tau": {
          "mean": 0.10170100465802956,
          "ci_low": -0.008747875095700951,
          "ci_high": 0.20141936583650186
        }
      },
      "CYP3A4": {
        "st_rae": {
          "mean": 0.8435339746800449,
          "ci_low": 0.759826707661677,
          "ci_high": 0.9278582473077213
        },
        "mae": {
          "mean": 0.7432541825835369,
          "ci_low": 0.6730328133283567,
          "ci_high": 0.8133670459232054
        },
        "r2": {
          "mean": 0.2065795373084185,
          "ci_low": 0.13339878786631054,
          "ci_high": 0.27321187432406024
        },
        "spearman_rho": {
          "mean": 0.46556445696875265,
          "ci_low": 0.3690186402383236,
          "ci_high": 0.5581077398959635
        },
        "kendall_tau": {
          "mean": 0.31857326674030634,
          "ci_low": 0.24910493357202113,
          "ci_high": 0.3848943908746669
        }
      }
    }
  },
  "epochs_run": 5,
  "fit_observations": 2652,
  "validation_observations": 680,
  "rule": "gated_residual",
  "generations": 250,
  "hidden_channels": 4,
  "atom_feature_profile": "ring_geometry",
  "atom_feature_count": 32,
  "atom_feature_names": [
    "element_H",
    "element_C",
    "element_N",
    "element_O",
    "element_F",
    "element_P",
    "element_S",
    "element_Cl",
    "element_Br",
    "element_I",
    "element_other",
    "formal_charge",
    "aromatic",
    "hybrid_sp",
    "hybrid_sp2",
    "hybrid_sp3",
    "hybrid_other",
    "degree",
    "total_hydrogens",
    "in_ring",
    "hbond_donor",
    "hbond_acceptor",
    "chiral_cw",
    "chiral_ccw",
    "chiral_other",
    "ring_count",
    "ring_size_3",
    "ring_size_4",
    "ring_size_5",
    "ring_size_6",
    "ring_size_7",
    "ring_size_8_plus"
  ],
  "device": "cuda",
  "gpu": "NVIDIA GeForce RTX 5070 Ti",
  "training_seconds": 94.59447019989602,
  "peak_gpu_memory_bytes": 289884672,
  "runtime": {
    "operating_system": "Windows-10-10.0.26200-SP0",
    "machine": "AMD64",
    "python": "3.11.16",
    "python_executable": "C:\\Users\\Anthony\\anaconda3\\envs\\strange-matter-gpu\\python.exe",
    "pytorch": "2.11.0+cu128",
    "pytorch_cuda": "12.8",
    "device": "cuda",
    "gpu": "NVIDIA GeForce RTX 5070 Ti"
  },
  "validation_protocol": {
    "kind": "scaffold_cross_validation",
    "fold": 0,
    "folds": 5
  },
  "readout": "differentiable_closed_form_ridge",
  "prediction_mode": "direct",
  "residual_alpha": null,
  "trajectory_pooling": "legacy",
  "ridge_mode": "shared",
  "loss_mode": "hybrid_interval",
  "interval_loss_beta": 0.75,
  "interval_temperature": 0.1,
  "hyperparameters": {
    "ca_lr": 0.001,
    "ridge": 1.0,
    "ca_l2": 1e-06,
    "gradient_clip": 1.0,
    "update_scale": 0.4,
    "init_scale": 0.5,
    "initial_noise": 0.005,
    "support_fraction": 0.75,
    "bond_temperature": 0.5,
    "dyn_a": 0.2,
    "dyn_b": 0.2,
    "dyn_c": 0.5,
    "dyn_d": 0.05,
    "lr_schedule": "cosine_0.1x"
  }
}
