{"device": "cuda", "gpu": "NVIDIA GeForce RTX 5070 Ti", "pytorch": "2.11.0+cu128", "pytorch_cuda": "12.8"}
{"epoch": 1, "train_rmse": 0.8194002959952622, "validation_rmse": 1.018043041229248, "mean_raw_gradient_norm": 1.5784457683563233, "fraction_gradients_clipped": 1.0}
{"epoch": 2, "train_rmse": 0.8810936062605176, "validation_rmse": 1.0161843299865723, "mean_raw_gradient_norm": 2.129259991645813, "fraction_gradients_clipped": 1.0}
{"epoch": 3, "train_rmse": 0.9746973202165351, "validation_rmse": 1.0153162479400635, "mean_raw_gradient_norm": 2.268296718597412, "fraction_gradients_clipped": 1.0}
{
  "seed": 1701,
  "best_validation_rmse": 1.018043041229248,
  "restored_fit_rmse": 0.9241361021995544,
  "restored_validation_rmse": 1.018041729927063,
  "epochs_run": 3,
  "fit_observations": 791,
  "validation_observations": 273,
  "rule": "gated_residual",
  "generations": 64,
  "hidden_channels": 4,
  "device": "cuda",
  "gpu": "NVIDIA GeForce RTX 5070 Ti",
  "training_seconds": 4.7835319000296295,
  "peak_gpu_memory_bytes": 134969344,
  "readout": "differentiable_closed_form_ridge",
  "hyperparameters": {
    "ca_lr": 0.001,
    "ridge": 1.0,
    "ca_l2": 1e-05,
    "gradient_clip": 0.5,
    "update_scale": 0.25,
    "init_scale": 0.5,
    "initial_noise": 0.0,
    "support_fraction": 0.85,
    "bond_temperature": 0.5,
    "dyn_a": 0.5,
    "dyn_b": 0.8,
    "dyn_c": 0.5,
    "dyn_d": 0.3,
    "lr_schedule": "cosine_0.1x"
  }
}
