{"device": "cuda", "gpu": "NVIDIA GeForce RTX 5070 Ti", "pytorch": "2.11.0+cu128", "pytorch_cuda": "12.8"}
{"epoch": 1, "train_rmse": 1.1276904926313192, "validation_rmse": 1.01728355884552, "mean_raw_gradient_norm": 12.773901653289794, "fraction_gradients_clipped": 1.0}
{"epoch": 2, "train_rmse": 1.3307075935700379, "validation_rmse": 1.016290545463562, "mean_raw_gradient_norm": 37.27294340133667, "fraction_gradients_clipped": 1.0}
{"epoch": 3, "train_rmse": 1.036896125570944, "validation_rmse": 1.0159295797348022, "mean_raw_gradient_norm": 7.924889373779297, "fraction_gradients_clipped": 1.0}
{
  "seed": 1701,
  "best_validation_rmse": 1.01728355884552,
  "restored_fit_rmse": 0.9332898855209351,
  "restored_validation_rmse": 1.017280101776123,
  "epochs_run": 3,
  "fit_observations": 791,
  "validation_observations": 273,
  "rule": "inertial_reaction_diffusion",
  "generations": 64,
  "hidden_channels": 4,
  "device": "cuda",
  "gpu": "NVIDIA GeForce RTX 5070 Ti",
  "training_seconds": 6.972482900018804,
  "peak_gpu_memory_bytes": 61035520,
  "readout": "differentiable_closed_form_ridge",
  "hyperparameters": {
    "ca_lr": 0.0003,
    "ridge": 0.01,
    "ca_l2": 1e-06,
    "gradient_clip": 1.0,
    "update_scale": 0.08,
    "init_scale": 0.5,
    "initial_noise": 0.005,
    "support_fraction": 0.75,
    "bond_temperature": 2.0,
    "dyn_a": 0.2,
    "dyn_b": 0.8,
    "dyn_c": 0.2,
    "dyn_d": 0.15,
    "lr_schedule": "cosine_0.1x"
  }
}
