{"device": "cuda", "gpu": "NVIDIA GeForce RTX 5070 Ti", "pytorch": "2.11.0+cu128", "pytorch_cuda": "12.8"}
{"epoch": 1, "train_rmse": 2.4469721035447543, "validation_rmse": 1.0253688097000122, "mean_raw_gradient_norm": 172.82139727943823, "fraction_gradients_clipped": 1.0}
{"epoch": 2, "train_rmse": 2.4243147094333297, "validation_rmse": 1.020494818687439, "mean_raw_gradient_norm": 154.23938199093467, "fraction_gradients_clipped": 1.0}
{"epoch": 3, "train_rmse": 2.4945310036163715, "validation_rmse": 1.0115153789520264, "mean_raw_gradient_norm": 152.25855661693373, "fraction_gradients_clipped": 1.0}
{
  "seed": 1701,
  "best_validation_rmse": 1.0115153789520264,
  "restored_fit_rmse": 0.9210563898086548,
  "restored_validation_rmse": 1.0115147829055786,
  "epochs_run": 3,
  "fit_observations": 791,
  "validation_observations": 273,
  "rule": "gated_residual",
  "generations": 16,
  "hidden_channels": 4,
  "device": "cuda",
  "gpu": "NVIDIA GeForce RTX 5070 Ti",
  "training_seconds": 4.68746749998536,
  "peak_gpu_memory_bytes": 21666304,
  "readout": "differentiable_closed_form_ridge",
  "hyperparameters": {
    "ca_lr": 0.001,
    "ridge": 0.01,
    "ca_l2": 1e-05,
    "gradient_clip": 2.0
  }
}
