{"operating_system": "Windows-10-10.0.26200-SP0", "machine": "AMD64", "python": "3.11.16", "python_executable": "C:\\Users\\Anthony\\anaconda3\\envs\\strange-matter-gpu\\python.exe", "pytorch": "2.11.0+cu128", "pytorch_cuda": "12.8", "device": "cuda", "gpu": "NVIDIA GeForce RTX 5070 Ti"}
{"epoch": 1, "train_rmse": 0.9841843134344402, "validation_rmse": 0.8813754916191101, "validation_ma_st_rae": 0.8773696508387049, "validation_CYP1A2_st_rae": 0.930270586621133, "validation_CYP2C9_st_rae": 0.7725406723073562, "validation_CYP2D6_st_rae": 1.049261874127508, "validation_CYP3A4_st_rae": 0.7574054702988219, "mean_raw_gradient_norm": 4.017445888519287, "fraction_gradients_clipped": 1.0}
{"epoch": 2, "train_rmse": 1.0273565673432563, "validation_rmse": 0.8728644251823425, "validation_ma_st_rae": 0.8724648705377427, "validation_CYP1A2_st_rae": 0.9524000223783293, "validation_CYP2C9_st_rae": 0.7353280027643471, "validation_CYP2D6_st_rae": 1.0682766542941347, "validation_CYP3A4_st_rae": 0.7338548027141599, "mean_raw_gradient_norm": 4.055089383125305, "fraction_gradients_clipped": 1.0}
{"epoch": 3, "train_rmse": 0.9796589288631805, "validation_rmse": 0.8863833546638489, "validation_ma_st_rae": 0.891748553955837, "validation_CYP1A2_st_rae": 0.9837330729968217, "validation_CYP2C9_st_rae": 0.7672621170973111, "validation_CYP2D6_st_rae": 1.061762459494962, "validation_CYP3A4_st_rae": 0.7542365662342532, "mean_raw_gradient_norm": 3.411637887954712, "fraction_gradients_clipped": 1.0}
{"epoch": 4, "train_rmse": 1.0135602072623289, "validation_rmse": 0.8873607516288757, "validation_ma_st_rae": 0.8995016841835567, "validation_CYP1A2_st_rae": 0.9759180267026984, "validation_CYP2C9_st_rae": 0.7882547417568527, "validation_CYP2D6_st_rae": 1.0844239708626766, "validation_CYP3A4_st_rae": 0.7494099974119987, "mean_raw_gradient_norm": 37.49567204475403, "fraction_gradients_clipped": 1.0}
{"epoch": 5, "train_rmse": 0.9692431712285523, "validation_rmse": 0.8833538293838501, "validation_ma_st_rae": 0.9028410680302499, "validation_CYP1A2_st_rae": 0.988692013083697, "validation_CYP2C9_st_rae": 0.7926618151495988, "validation_CYP2D6_st_rae": 1.090547991395685, "validation_CYP3A4_st_rae": 0.7394624524920188, "mean_raw_gradient_norm": 6.289970831871033, "fraction_gradients_clipped": 1.0}
{
  "seed": 1701,
  "selection_metric": "validation_ma_st_rae",
  "best_validation_ma_st_rae": 0.8724648705377427,
  "best_validation_rmse": 0.8728644251823425,
  "restored_fit_rmse": 0.8336238861083984,
  "restored_validation_rmse": 0.8728566765785217,
  "restored_fit_ma_st_rae": 0.8369214830034774,
  "restored_validation_ma_st_rae": 0.8746522707901416,
  "restored_validation_point_ma_st_rae": 0.8725085402979197,
  "restored_validation_point_st_rae_by_cyp": {
    "CYP1A2": 0.9524251947278478,
    "CYP2C9": 0.7354808051846905,
    "CYP2D6": 1.0683023734708013,
    "CYP3A4": 0.7338257878083395
  },
  "restored_fit_st_rae_by_cyp": {
    "CYP1A2": 0.8449774448281471,
    "CYP2C9": 0.7514495305065212,
    "CYP2D6": 1.032258429906587,
    "CYP3A4": 0.7190005267726541
  },
  "restored_validation_st_rae_by_cyp": {
    "CYP1A2": 0.9575343483651497,
    "CYP2C9": 0.7368210690681066,
    "CYP2D6": 1.0702425881141582,
    "CYP3A4": 0.7340110776131515
  },
  "validation_bootstrap_metrics": {
    "n_bootstrap_samples": 1000,
    "seed": 0,
    "macro": {
      "st_rae": {
        "mean": 0.8746522707901416,
        "ci_low": 0.8211498070609352,
        "ci_high": 0.9333226541058407
      },
      "mae": {
        "mean": 0.6444300808246564,
        "ci_low": 0.6130327773051699,
        "ci_high": 0.6800430237670434
      },
      "r2": {
        "mean": 0.1632531825331262,
        "ci_low": 0.10649130845350419,
        "ci_high": 0.2168926613519585
      },
      "spearman_rho": {
        "mean": 0.4297314463603718,
        "ci_low": 0.37572027728295415,
        "ci_high": 0.48289671889548
      },
      "kendall_tau": {
        "mean": 0.3018168927592336,
        "ci_low": 0.26496162125395284,
        "ci_high": 0.33906086760925647
      }
    },
    "per_endpoint": {
      "CYP1A2": {
        "st_rae": {
          "mean": 0.9575343483651497,
          "ci_low": 0.8346146668172834,
          "ci_high": 1.0935431005881224
        },
        "mae": {
          "mean": 0.7282291253350501,
          "ci_low": 0.6504180083579796,
          "ci_high": 0.8190254857373791
        },
        "r2": {
          "mean": 0.07974147162906019,
          "ci_low": -0.057168806329600586,
          "ci_high": 0.20175052878968713
        },
        "spearman_rho": {
          "mean": 0.3947753837508522,
          "ci_low": 0.27548748303488385,
          "ci_high": 0.4954324342748754
        },
        "kendall_tau": {
          "mean": 0.26946129858635065,
          "ci_low": 0.18772822573600068,
          "ci_high": 0.339478310889296
        }
      },
      "CYP2C9": {
        "st_rae": {
          "mean": 0.7368210690681066,
          "ci_low": 0.6240402686797131,
          "ci_high": 0.853743948750381
        },
        "mae": {
          "mean": 0.5059325521657915,
          "ci_low": 0.44242685476535465,
          "ci_high": 0.5711139397572744
        },
        "r2": {
          "mean": 0.25354642590558574,
          "ci_low": 0.13264438753555613,
          "ci_high": 0.35802786018395066
        },
        "spearman_rho": {
          "mean": 0.5733320740188478,
          "ci_low": 0.4610343218576111,
          "ci_high": 0.6640838948921318
        },
        "kendall_tau": {
          "mean": 0.40417749750351856,
          "ci_low": 0.3248859263647177,
          "ci_high": 0.4732148262122635
        }
      },
      "CYP2D6": {
        "st_rae": {
          "mean": 1.0702425881141582,
          "ci_low": 0.9577253763628604,
          "ci_high": 1.2003352719773013
        },
        "mae": {
          "mean": 0.6071998439405275,
          "ci_low": 0.5365049680937891,
          "ci_high": 0.6820198429667431
        },
        "r2": {
          "mean": 0.047283815423868086,
          "ci_low": -0.08747154889464644,
          "ci_high": 0.16690939254477874
        },
        "spearman_rho": {
          "mean": 0.21621867255786315,
          "ci_low": 0.087736105723431,
          "ci_high": 0.3442984487481827
        },
        "kendall_tau": {
          "mean": 0.14827545641985465,
          "ci_low": 0.06309758813976864,
          "ci_high": 0.23653518987753694
        }
      },
      "CYP3A4": {
        "st_rae": {
          "mean": 0.7340110776131515,
          "ci_low": 0.6561781457299428,
          "ci_high": 0.8204068779742686
        },
        "mae": {
          "mean": 0.7363588018572561,
          "ci_low": 0.6827983728984056,
          "ci_high": 0.7958299345752209
        },
        "r2": {
          "mean": 0.2724410171739907,
          "ci_low": 0.17840990213240723,
          "ci_high": 0.35348834758815756
        },
        "spearman_rho": {
          "mean": 0.5345996551139242,
          "ci_low": 0.4476933312452216,
          "ci_high": 0.6136486118755881
        },
        "kendall_tau": {
          "mean": 0.3853533185272107,
          "ci_low": 0.3221846021322432,
          "ci_high": 0.444827718106075
        }
      }
    }
  },
  "epochs_run": 5,
  "fit_observations": 4213,
  "validation_observations": 1003,
  "rule": "gray_scott",
  "generations": 125,
  "hidden_channels": 16,
  "atom_feature_profile": "periodic_electronic",
  "atom_feature_count": 41,
  "atom_feature_names": [
    "element_H",
    "element_C",
    "element_N",
    "element_O",
    "element_F",
    "element_P",
    "element_S",
    "element_Cl",
    "element_Br",
    "element_I",
    "element_other",
    "formal_charge",
    "aromatic",
    "hybrid_sp",
    "hybrid_sp2",
    "hybrid_sp3",
    "hybrid_other",
    "degree",
    "total_hydrogens",
    "in_ring",
    "hbond_donor",
    "hbond_acceptor",
    "chiral_cw",
    "chiral_ccw",
    "chiral_other",
    "atomic_number",
    "atomic_mass",
    "covalent_radius",
    "vdw_radius",
    "outer_electrons",
    "period",
    "periodic_group",
    "atomic_volume",
    "electronegativity",
    "polarizability",
    "heteroatom",
    "halogen",
    "conjugated_bond_fraction",
    "first_ionization_energy",
    "electron_affinity",
    "electronic_property_missing"
  ],
  "device": "cuda",
  "gpu": "NVIDIA GeForce RTX 5070 Ti",
  "training_seconds": 87.4211573000066,
  "peak_gpu_memory_bytes": 674155520,
  "runtime": {
    "operating_system": "Windows-10-10.0.26200-SP0",
    "machine": "AMD64",
    "python": "3.11.16",
    "python_executable": "C:\\Users\\Anthony\\anaconda3\\envs\\strange-matter-gpu\\python.exe",
    "pytorch": "2.11.0+cu128",
    "pytorch_cuda": "12.8",
    "device": "cuda",
    "gpu": "NVIDIA GeForce RTX 5070 Ti"
  },
  "validation_protocol": {
    "kind": "scaffold_cross_validation",
    "fold": 1,
    "folds": 5
  },
  "readout": "differentiable_closed_form_ridge",
  "hyperparameters": {
    "ca_lr": 0.003,
    "ridge": 1.0,
    "ca_l2": 1e-06,
    "gradient_clip": 1.0,
    "update_scale": 0.4,
    "init_scale": 0.5,
    "initial_noise": 0.0,
    "support_fraction": 0.75,
    "bond_temperature": 2.0,
    "dyn_a": 0.5,
    "dyn_b": 0.5,
    "dyn_c": 0.2,
    "dyn_d": 0.3,
    "lr_schedule": "cosine_0.1x"
  }
}
