{"operating_system": "macOS-26.2-arm64-arm-64bit", "machine": "arm64", "python": "3.10.19", "python_executable": "/opt/anaconda3/envs/kcc2/bin/python3.10", "pytorch": "2.8.0", "pytorch_cuda": null, "device": "cpu", "gpu": null}
{"epoch": 1, "train_rmse": 2.45062944766862, "validation_rmse": 0.9270555973052979, "mean_raw_gradient_norm": 420.6555177473253, "fraction_gradients_clipped": 1.0}
{"epoch": 2, "train_rmse": 7.912463315960832, "validation_rmse": 0.9272588491439819, "mean_raw_gradient_norm": 5155.77860261548, "fraction_gradients_clipped": 1.0}
{"epoch": 3, "train_rmse": 1.4304849094826981, "validation_rmse": 0.9261289238929749, "mean_raw_gradient_norm": 30.078321356927194, "fraction_gradients_clipped": 1.0}
{"epoch": 4, "train_rmse": 8.590045931910998, "validation_rmse": 0.9247955083847046, "mean_raw_gradient_norm": 5410.690141101038, "fraction_gradients_clipped": 1.0}
{"epoch": 5, "train_rmse": 11.750980811720591, "validation_rmse": 0.9268166422843933, "mean_raw_gradient_norm": 9701.718791584815, "fraction_gradients_clipped": 1.0}
{
  "seed": 1701,
  "best_validation_rmse": 0.9270555973052979,
  "restored_fit_rmse": 0.8773778080940247,
  "restored_validation_rmse": 0.9270555973052979,
  "epochs_run": 5,
  "fit_observations": 5216,
  "validation_observations": 1309,
  "rule": "kuramoto_sakaguchi",
  "generations": 64,
  "hidden_channels": 8,
  "device": "cpu",
  "gpu": null,
  "training_seconds": 101.40861966693774,
  "peak_gpu_memory_bytes": 0,
  "runtime": {
    "operating_system": "macOS-26.2-arm64-arm-64bit",
    "machine": "arm64",
    "python": "3.10.19",
    "python_executable": "/opt/anaconda3/envs/kcc2/bin/python3.10",
    "pytorch": "2.8.0",
    "pytorch_cuda": null,
    "device": "cpu",
    "gpu": null
  },
  "readout": "differentiable_closed_form_ridge",
  "hyperparameters": {
    "ca_lr": 0.0003,
    "ridge": 0.1,
    "ca_l2": 0.0001,
    "gradient_clip": 0.5,
    "update_scale": 0.08,
    "init_scale": 1.5,
    "initial_noise": 0.005,
    "support_fraction": 0.6,
    "bond_temperature": 0.5,
    "dyn_a": 0.2,
    "dyn_b": 0.8,
    "dyn_c": 0.8,
    "dyn_d": 0.05,
    "lr_schedule": "cosine_0.1x"
  }
}
