{"operating_system": "Windows-10-10.0.26200-SP0", "machine": "AMD64", "python": "3.11.16", "python_executable": "C:\\Users\\Anthony\\anaconda3\\envs\\strange-matter-gpu\\python.exe", "pytorch": "2.11.0+cu128", "pytorch_cuda": "12.8", "device": "cuda", "gpu": "NVIDIA GeForce RTX 5070 Ti"}
{"epoch": 1, "train_rmse": 1.1561395606051876, "validation_rmse": 0.8828366994857788, "validation_ma_st_rae": 0.8962244091200986, "validation_CYP1A2_st_rae": 0.8490340135082399, "validation_CYP2C9_st_rae": 1.0128632767917285, "validation_CYP2D6_st_rae": 1.0070838582608426, "validation_CYP3A4_st_rae": 0.7159164879195833, "mean_raw_gradient_norm": 10.218624439239502, "fraction_gradients_clipped": 1.0}
{"epoch": 2, "train_rmse": 1.1176949267681928, "validation_rmse": 0.8847225308418274, "validation_ma_st_rae": 0.8872802457851044, "validation_CYP1A2_st_rae": 0.8573277475074899, "validation_CYP2C9_st_rae": 0.9608918623598051, "validation_CYP2D6_st_rae": 1.0215582179897993, "validation_CYP3A4_st_rae": 0.7093431552833236, "mean_raw_gradient_norm": 6.770046803951264, "fraction_gradients_clipped": 1.0}
{"epoch": 3, "train_rmse": 1.015530731064805, "validation_rmse": 0.879563570022583, "validation_ma_st_rae": 0.8821439039713848, "validation_CYP1A2_st_rae": 0.86526104626926, "validation_CYP2C9_st_rae": 0.9622255246714685, "validation_CYP2D6_st_rae": 1.024286980722424, "validation_CYP3A4_st_rae": 0.6768020642223868, "mean_raw_gradient_norm": 4.115315239429474, "fraction_gradients_clipped": 1.0}
{"epoch": 4, "train_rmse": 1.0505342364151182, "validation_rmse": 0.8699167966842651, "validation_ma_st_rae": 0.8667338942826848, "validation_CYP1A2_st_rae": 0.8560157473107909, "validation_CYP2C9_st_rae": 0.9249489733695735, "validation_CYP2D6_st_rae": 1.0143569691323757, "validation_CYP3A4_st_rae": 0.6716138873179995, "mean_raw_gradient_norm": 4.203125350475311, "fraction_gradients_clipped": 1.0}
{"epoch": 5, "train_rmse": 0.9804396261095218, "validation_rmse": 0.8783575892448425, "validation_ma_st_rae": 0.8719942100068009, "validation_CYP1A2_st_rae": 0.8568942476127824, "validation_CYP2C9_st_rae": 0.9458676124469247, "validation_CYP2D6_st_rae": 1.0010967632620436, "validation_CYP3A4_st_rae": 0.6841182167054529, "mean_raw_gradient_norm": 4.074111113548279, "fraction_gradients_clipped": 1.0}
{"epoch": 6, "train_rmse": 0.969297384730489, "validation_rmse": 0.8794742822647095, "validation_ma_st_rae": 0.8698012705349863, "validation_CYP1A2_st_rae": 0.8620134778440999, "validation_CYP2C9_st_rae": 0.9321873617244939, "validation_CYP2D6_st_rae": 0.9948321900922362, "validation_CYP3A4_st_rae": 0.6901720524791152, "mean_raw_gradient_norm": 3.4163085579872132, "fraction_gradients_clipped": 1.0}
{"epoch": 7, "train_rmse": 0.9649016806090285, "validation_rmse": 0.882341206073761, "validation_ma_st_rae": 0.8737735681680696, "validation_CYP1A2_st_rae": 0.8644656775675106, "validation_CYP2C9_st_rae": 0.9450299758595755, "validation_CYP2D6_st_rae": 0.9878926397218958, "validation_CYP3A4_st_rae": 0.6977059795232965, "mean_raw_gradient_norm": 3.2759737014770507, "fraction_gradients_clipped": 1.0}
{
  "seed": 4211,
  "selection_metric": "validation_ma_st_rae",
  "best_validation_ma_st_rae": 0.8667338942826848,
  "best_validation_rmse": 0.8699167966842651,
  "restored_fit_rmse": 0.8202371597290039,
  "restored_validation_rmse": 0.8699191808700562,
  "restored_fit_ma_st_rae": 0.8243221504833368,
  "restored_validation_ma_st_rae": 0.8707248092954715,
  "restored_validation_point_ma_st_rae": 0.8667357569898801,
  "restored_validation_point_st_rae_by_cyp": {
    "CYP1A2": 0.8560198211243896,
    "CYP2C9": 0.9249591380867717,
    "CYP2D6": 1.0143398959069174,
    "CYP3A4": 0.6716241728414423
  },
  "restored_fit_st_rae_by_cyp": {
    "CYP1A2": 0.8764563066400879,
    "CYP2C9": 0.7680922363729746,
    "CYP2D6": 0.9657271779462623,
    "CYP3A4": 0.6870128809740225
  },
  "restored_validation_st_rae_by_cyp": {
    "CYP1A2": 0.8595580594453275,
    "CYP2C9": 0.9337392052401828,
    "CYP2D6": 1.0169645230781066,
    "CYP3A4": 0.6726374494182688
  },
  "validation_bootstrap_metrics": {
    "n_bootstrap_samples": 1000,
    "seed": 0,
    "macro": {
      "st_rae": {
        "mean": 0.8707248092954715,
        "ci_low": 0.8174996603537721,
        "ci_high": 0.9314246642548868
      },
      "mae": {
        "mean": 0.6389014581474338,
        "ci_low": 0.6063134062864329,
        "ci_high": 0.6751831324219496
      },
      "r2": {
        "mean": 0.17918165106315032,
        "ci_low": 0.11455831109726489,
        "ci_high": 0.23647051090121007
      },
      "spearman_rho": {
        "mean": 0.44926334711625954,
        "ci_low": 0.39619797510563476,
        "ci_high": 0.502074236800119
      },
      "kendall_tau": {
        "mean": 0.3148995045062976,
        "ci_low": 0.2761287813058465,
        "ci_high": 0.3543100428209687
      }
    },
    "per_endpoint": {
      "CYP1A2": {
        "st_rae": {
          "mean": 0.8595580594453275,
          "ci_low": 0.7635302244496319,
          "ci_high": 0.9718684622254135
        },
        "mae": {
          "mean": 0.7091517512893677,
          "ci_low": 0.6336812855402628,
          "ci_high": 0.7921867503060235
        },
        "r2": {
          "mean": 0.1891930288380308,
          "ci_low": 0.1096951594322431,
          "ci_high": 0.26137427197708435
        },
        "spearman_rho": {
          "mean": 0.47703014452004594,
          "ci_low": 0.3736555062814675,
          "ci_high": 0.5751919134542625
        },
        "kendall_tau": {
          "mean": 0.3279285993939873,
          "ci_low": 0.2527679106495456,
          "ci_high": 0.4015764594813679
        }
      },
      "CYP2C9": {
        "st_rae": {
          "mean": 0.9337392052401828,
          "ci_low": 0.7949313314403609,
          "ci_high": 1.109021572480176
        },
        "mae": {
          "mean": 0.5004143910382791,
          "ci_low": 0.44603237147053715,
          "ci_high": 0.5523316820147176
        },
        "r2": {
          "mean": 0.15768834510377147,
          "ci_low": -0.04364914448841027,
          "ci_high": 0.30516849706763094
        },
        "spearman_rho": {
          "mean": 0.44780548031320844,
          "ci_low": 0.31696979553514826,
          "ci_high": 0.5613718162280109
        },
        "kendall_tau": {
          "mean": 0.31325834810846126,
          "ci_low": 0.21762756077714016,
          "ci_high": 0.4008081136444255
        }
      },
      "CYP2D6": {
        "st_rae": {
          "mean": 1.0169645230781066,
          "ci_low": 0.9306813748207509,
          "ci_high": 1.1151924495058263
        },
        "mae": {
          "mean": 0.659975398936514,
          "ci_low": 0.5781526034161195,
          "ci_high": 0.7440328130530098
        },
        "r2": {
          "mean": 0.0036409254388127853,
          "ci_low": -0.07933481982471369,
          "ci_high": 0.09015576626680738
        },
        "spearman_rho": {
          "mean": 0.21225791057619398,
          "ci_low": 0.0782496558407363,
          "ci_high": 0.3398307179437839
        },
        "kendall_tau": {
          "mean": 0.14310162270224286,
          "ci_low": 0.047073893714407296,
          "ci_high": 0.23288335839293967
        }
      },
      "CYP3A4": {
        "st_rae": {
          "mean": 0.6726374494182688,
          "ci_low": 0.5935792186531668,
          "ci_high": 0.762072092029853
        },
        "mae": {
          "mean": 0.6860642913255746,
          "ci_low": 0.6303795765631597,
          "ci_high": 0.7486839731084052
        },
        "r2": {
          "mean": 0.3662043048719862,
          "ci_low": 0.22306420224969253,
          "ci_high": 0.471322606498803
        },
        "spearman_rho": {
          "mean": 0.6599598530555896,
          "ci_low": 0.5912294241467372,
          "ci_high": 0.7186387242751007
        },
        "kendall_tau": {
          "mean": 0.47530944782049916,
          "ci_low": 0.41987683149178945,
          "ci_high": 0.5247142740751938
        }
      }
    }
  },
  "epochs_run": 7,
  "fit_observations": 4213,
  "validation_observations": 1003,
  "rule": "damped_symplectic",
  "generations": 16,
  "hidden_channels": 16,
  "atom_feature_profile": "local_environment",
  "atom_feature_count": 29,
  "atom_feature_names": [
    "element_H",
    "element_C",
    "element_N",
    "element_O",
    "element_F",
    "element_P",
    "element_S",
    "element_Cl",
    "element_Br",
    "element_I",
    "element_other",
    "formal_charge",
    "aromatic",
    "hybrid_sp",
    "hybrid_sp2",
    "hybrid_sp3",
    "hybrid_other",
    "degree",
    "total_hydrogens",
    "in_ring",
    "hbond_donor",
    "hbond_acceptor",
    "chiral_cw",
    "chiral_ccw",
    "chiral_other",
    "mean_neighbour_electronegativity",
    "electronegativity_difference",
    "mean_neighbour_atomic_number",
    "neighbour_formal_charge"
  ],
  "device": "cuda",
  "gpu": "NVIDIA GeForce RTX 5070 Ti",
  "training_seconds": 29.128947200020775,
  "peak_gpu_memory_bytes": 59970560,
  "runtime": {
    "operating_system": "Windows-10-10.0.26200-SP0",
    "machine": "AMD64",
    "python": "3.11.16",
    "python_executable": "C:\\Users\\Anthony\\anaconda3\\envs\\strange-matter-gpu\\python.exe",
    "pytorch": "2.11.0+cu128",
    "pytorch_cuda": "12.8",
    "device": "cuda",
    "gpu": "NVIDIA GeForce RTX 5070 Ti"
  },
  "validation_protocol": {
    "kind": "scaffold_cross_validation",
    "fold": 3,
    "folds": 5
  },
  "readout": "differentiable_closed_form_ridge",
  "hyperparameters": {
    "ca_lr": 0.003,
    "ridge": 1.0,
    "ca_l2": 1e-06,
    "gradient_clip": 1.0,
    "update_scale": 0.25,
    "init_scale": 1.5,
    "initial_noise": 0.0,
    "support_fraction": 0.6,
    "bond_temperature": 1.0,
    "dyn_a": 0.5,
    "dyn_b": 0.2,
    "dyn_c": 0.2,
    "dyn_d": 0.15,
    "lr_schedule": "cosine_0.1x"
  }
}
