{"device": "cuda", "gpu": "NVIDIA GeForce RTX 5070 Ti", "pytorch": "2.11.0+cu128", "pytorch_cuda": "12.8"}
{"epoch": 1, "train_rmse": 1.0126250058241066, "validation_rmse": 0.9189634919166565, "mean_raw_gradient_norm": 4.036036312580109, "fraction_gradients_clipped": 1.0}
{"epoch": 2, "train_rmse": 1.1950042256634874, "validation_rmse": 0.9098060727119446, "mean_raw_gradient_norm": 35.15095928311348, "fraction_gradients_clipped": 1.0}
{"epoch": 3, "train_rmse": 1.946481068931035, "validation_rmse": 0.9051578640937805, "mean_raw_gradient_norm": 213.92270509898663, "fraction_gradients_clipped": 1.0}
{"epoch": 4, "train_rmse": 1.0018152749600107, "validation_rmse": 0.9088468551635742, "mean_raw_gradient_norm": 3.446955069899559, "fraction_gradients_clipped": 0.9375}
{"epoch": 5, "train_rmse": 0.9761764931148611, "validation_rmse": 0.9063958525657654, "mean_raw_gradient_norm": 2.6986739709973335, "fraction_gradients_clipped": 1.0}
{
  "seed": 1701,
  "best_validation_rmse": 0.9051578640937805,
  "restored_fit_rmse": 0.8459801077842712,
  "restored_validation_rmse": 0.905185878276825,
  "epochs_run": 5,
  "fit_observations": 2643,
  "validation_observations": 670,
  "rule": "gated_residual",
  "generations": 500,
  "hidden_channels": 16,
  "device": "cuda",
  "gpu": "NVIDIA GeForce RTX 5070 Ti",
  "training_seconds": 117.47231579991058,
  "peak_gpu_memory_bytes": 1997606912,
  "readout": "differentiable_closed_form_ridge",
  "hyperparameters": {
    "ca_lr": 0.003,
    "ridge": 1.0,
    "ca_l2": 1e-05,
    "gradient_clip": 1.0
  }
}
