{"device": "cuda", "gpu": "NVIDIA GeForce RTX 5070 Ti", "pytorch": "2.11.0+cu128", "pytorch_cuda": "12.8"}
{"epoch": 1, "train_rmse": 1.9406973136025127, "validation_rmse": 0.9193189144134521, "mean_raw_gradient_norm": 118.37921364076676, "fraction_gradients_clipped": 1.0}
{"epoch": 2, "train_rmse": 1.8676529620098312, "validation_rmse": 0.9027352333068848, "mean_raw_gradient_norm": 101.25450712634671, "fraction_gradients_clipped": 1.0}
{"epoch": 3, "train_rmse": 1.927044714703146, "validation_rmse": 0.9193196892738342, "mean_raw_gradient_norm": 107.86042438014861, "fraction_gradients_clipped": 1.0}
{"epoch": 4, "train_rmse": 1.843941562565806, "validation_rmse": 0.9133340120315552, "mean_raw_gradient_norm": 81.72644052197856, "fraction_gradients_clipped": 1.0}
{"epoch": 5, "train_rmse": 1.8702756462380106, "validation_rmse": 0.9197806119918823, "mean_raw_gradient_norm": 69.01682462999898, "fraction_gradients_clipped": 1.0}
{"epoch": 6, "train_rmse": 2.026177076859926, "validation_rmse": 0.9083810448646545, "mean_raw_gradient_norm": 102.20820853017992, "fraction_gradients_clipped": 1.0}
{
  "seed": 2909,
  "best_validation_rmse": 0.9027352333068848,
  "restored_fit_rmse": 0.841884970664978,
  "restored_validation_rmse": 0.9027481079101562,
  "epochs_run": 6,
  "fit_observations": 5216,
  "validation_observations": 1309,
  "rule": "inertial_reaction_diffusion",
  "generations": 125,
  "hidden_channels": 16,
  "device": "cuda",
  "gpu": "NVIDIA GeForce RTX 5070 Ti",
  "training_seconds": 129.74489730002824,
  "peak_gpu_memory_bytes": 271698432,
  "readout": "differentiable_closed_form_ridge",
  "hyperparameters": {
    "ca_lr": 0.003,
    "ridge": 0.01,
    "ca_l2": 1e-06,
    "gradient_clip": 2.0
  }
}
