{"operating_system": "Windows-10-10.0.26200-SP0", "machine": "AMD64", "python": "3.11.16", "python_executable": "C:\\Users\\Anthony\\anaconda3\\envs\\strange-matter-gpu\\python.exe", "pytorch": "2.11.0+cu128", "pytorch_cuda": "12.8", "device": "cuda", "gpu": "NVIDIA GeForce RTX 5070 Ti"}
{"epoch": 1, "train_rmse": 1.0073476136392276, "validation_rmse": 0.896166980266571, "validation_ma_st_rae": 0.9025001714162282, "validation_CYP1A2_st_rae": 0.8431929047441264, "validation_CYP2C9_st_rae": 0.92759300119979, "validation_CYP2D6_st_rae": 1.0943514145771858, "validation_CYP3A4_st_rae": 0.7448633651438107, "mean_raw_gradient_norm": 4.658108925819397, "fraction_gradients_clipped": 1.0}
{"epoch": 2, "train_rmse": 1.0303824063027374, "validation_rmse": 0.884948194026947, "validation_ma_st_rae": 0.8895800684890126, "validation_CYP1A2_st_rae": 0.8371038647251146, "validation_CYP2C9_st_rae": 0.9286409508977231, "validation_CYP2D6_st_rae": 1.0771417329425375, "validation_CYP3A4_st_rae": 0.715433725390675, "mean_raw_gradient_norm": 3.8617950916290282, "fraction_gradients_clipped": 1.0}
{"epoch": 3, "train_rmse": 0.9523302719946328, "validation_rmse": 0.8827551007270813, "validation_ma_st_rae": 0.896219739948205, "validation_CYP1A2_st_rae": 0.8632247368285513, "validation_CYP2C9_st_rae": 0.9138578009579448, "validation_CYP2D6_st_rae": 1.1037368714123472, "validation_CYP3A4_st_rae": 0.7040595505939766, "mean_raw_gradient_norm": 3.2048632860183717, "fraction_gradients_clipped": 1.0}
{"epoch": 4, "train_rmse": 0.9653782437624863, "validation_rmse": 0.8797472715377808, "validation_ma_st_rae": 0.8925574023672469, "validation_CYP1A2_st_rae": 0.8601594798538614, "validation_CYP2C9_st_rae": 0.9420826591012, "validation_CYP2D6_st_rae": 1.0888486189106683, "validation_CYP3A4_st_rae": 0.6791388516032583, "mean_raw_gradient_norm": 3.6182515668869017, "fraction_gradients_clipped": 1.0}
{"epoch": 5, "train_rmse": 0.9757851786003087, "validation_rmse": 0.8813559412956238, "validation_ma_st_rae": 0.8887296369702786, "validation_CYP1A2_st_rae": 0.8622979400067785, "validation_CYP2C9_st_rae": 0.8961918057143036, "validation_CYP2D6_st_rae": 1.120602200570112, "validation_CYP3A4_st_rae": 0.6758266015899204, "mean_raw_gradient_norm": 3.74448561668396, "fraction_gradients_clipped": 1.0}
{
  "seed": 4211,
  "selection_metric": "validation_ma_st_rae",
  "best_validation_ma_st_rae": 0.8895800684890126,
  "best_validation_rmse": 0.884948194026947,
  "restored_fit_rmse": 0.8317090272903442,
  "restored_validation_rmse": 0.8849203586578369,
  "restored_fit_ma_st_rae": 0.8384485225101305,
  "restored_validation_ma_st_rae": 0.8940142170985085,
  "restored_validation_point_ma_st_rae": 0.8896001713091072,
  "restored_validation_point_st_rae_by_cyp": {
    "CYP1A2": 0.8370520717497932,
    "CYP2C9": 0.9288647056526506,
    "CYP2D6": 1.077169285934874,
    "CYP3A4": 0.7153146218991107
  },
  "restored_fit_st_rae_by_cyp": {
    "CYP1A2": 0.8478105049383206,
    "CYP2C9": 0.7510526189029694,
    "CYP2D6": 1.037626819117418,
    "CYP3A4": 0.7173041470818141
  },
  "restored_validation_st_rae_by_cyp": {
    "CYP1A2": 0.8398098156465855,
    "CYP2C9": 0.9385402182065838,
    "CYP2D6": 1.0811513766952126,
    "CYP3A4": 0.7165554578456518
  },
  "validation_bootstrap_metrics": {
    "n_bootstrap_samples": 1000,
    "seed": 0,
    "macro": {
      "st_rae": {
        "mean": 0.8940142170985085,
        "ci_low": 0.8342909696595816,
        "ci_high": 0.9638902857661317
      },
      "mae": {
        "mean": 0.6521436040637963,
        "ci_low": 0.619789632026868,
        "ci_high": 0.6866621249436323
      },
      "r2": {
        "mean": 0.1570569873091109,
        "ci_low": 0.08761078717241252,
        "ci_high": 0.21972028824365636
      },
      "spearman_rho": {
        "mean": 0.44215842709369235,
        "ci_low": 0.3861954950020548,
        "ci_high": 0.4965299299593371
      },
      "kendall_tau": {
        "mean": 0.30855988397062145,
        "ci_low": 0.2681950216997349,
        "ci_high": 0.3490807174478687
      }
    },
    "per_endpoint": {
      "CYP1A2": {
        "st_rae": {
          "mean": 0.8398098156465855,
          "ci_low": 0.7334549194062305,
          "ci_high": 0.9552739501345093
        },
        "mae": {
          "mean": 0.6966564615397983,
          "ci_low": 0.6251094954278734,
          "ci_high": 0.7769534173541599
        },
        "r2": {
          "mean": 0.212093638404889,
          "ci_low": 0.1275359180948788,
          "ci_high": 0.2979695441916243
        },
        "spearman_rho": {
          "mean": 0.4626341025106118,
          "ci_low": 0.3554844102673343,
          "ci_high": 0.5596015745033587
        },
        "kendall_tau": {
          "mean": 0.31759770413622823,
          "ci_low": 0.2399669598640029,
          "ci_high": 0.39127628863680364
        }
      },
      "CYP2C9": {
        "st_rae": {
          "mean": 0.9385402182065838,
          "ci_low": 0.790549568846975,
          "ci_high": 1.1307283550605916
        },
        "mae": {
          "mean": 0.49628630777893873,
          "ci_low": 0.4412005981755635,
          "ci_high": 0.5512291231798747
        },
        "r2": {
          "mean": 0.14544787739753842,
          "ci_low": -0.09573033108385581,
          "ci_high": 0.31491476122471834
        },
        "spearman_rho": {
          "mean": 0.4547767357250684,
          "ci_low": 0.3246776402878846,
          "ci_high": 0.5708071288906459
        },
        "kendall_tau": {
          "mean": 0.3203058971515116,
          "ci_low": 0.22800132770547904,
          "ci_high": 0.40766821533865344
        }
      },
      "CYP2D6": {
        "st_rae": {
          "mean": 1.0811513766952126,
          "ci_low": 0.9547686677230119,
          "ci_high": 1.2249132588672014
        },
        "mae": {
          "mean": 0.6811773841229535,
          "ci_low": 0.59922943683499,
          "ci_high": 0.7682713016109951
        },
        "r2": {
          "mean": -0.04783462231647835,
          "ci_low": -0.17707492286949522,
          "ci_high": 0.06406309231390818
        },
        "spearman_rho": {
          "mean": 0.238431063473719,
          "ci_low": 0.10868129358546255,
          "ci_high": 0.35352807148063525
        },
        "kendall_tau": {
          "mean": 0.1622528932949492,
          "ci_low": 0.07526311938859354,
          "ci_high": 0.2442721797594784
        }
      },
      "CYP3A4": {
        "st_rae": {
          "mean": 0.7165554578456518,
          "ci_low": 0.6399527653322642,
          "ci_high": 0.8016509115667638
        },
        "mae": {
          "mean": 0.7344542628134951,
          "ci_low": 0.677733479191156,
          "ci_high": 0.7962122758454709
        },
        "r2": {
          "mean": 0.3185210557504946,
          "ci_low": 0.2079212667435542,
          "ci_high": 0.4049264429939617
        },
        "spearman_rho": {
          "mean": 0.6127918066653701,
          "ci_low": 0.53787332399864,
          "ci_high": 0.6780639034818682
        },
        "kendall_tau": {
          "mean": 0.43408304129979686,
          "ci_low": 0.37515701316586453,
          "ci_high": 0.4870099335782739
        }
      }
    }
  },
  "epochs_run": 5,
  "fit_observations": 4213,
  "validation_observations": 1003,
  "rule": "gray_scott",
  "generations": 125,
  "hidden_channels": 16,
  "atom_feature_profile": "periodic_electronic",
  "atom_feature_count": 41,
  "atom_feature_names": [
    "element_H",
    "element_C",
    "element_N",
    "element_O",
    "element_F",
    "element_P",
    "element_S",
    "element_Cl",
    "element_Br",
    "element_I",
    "element_other",
    "formal_charge",
    "aromatic",
    "hybrid_sp",
    "hybrid_sp2",
    "hybrid_sp3",
    "hybrid_other",
    "degree",
    "total_hydrogens",
    "in_ring",
    "hbond_donor",
    "hbond_acceptor",
    "chiral_cw",
    "chiral_ccw",
    "chiral_other",
    "atomic_number",
    "atomic_mass",
    "covalent_radius",
    "vdw_radius",
    "outer_electrons",
    "period",
    "periodic_group",
    "atomic_volume",
    "electronegativity",
    "polarizability",
    "heteroatom",
    "halogen",
    "conjugated_bond_fraction",
    "first_ionization_energy",
    "electron_affinity",
    "electronic_property_missing"
  ],
  "device": "cuda",
  "gpu": "NVIDIA GeForce RTX 5070 Ti",
  "training_seconds": 87.26481059996877,
  "peak_gpu_memory_bytes": 673164288,
  "runtime": {
    "operating_system": "Windows-10-10.0.26200-SP0",
    "machine": "AMD64",
    "python": "3.11.16",
    "python_executable": "C:\\Users\\Anthony\\anaconda3\\envs\\strange-matter-gpu\\python.exe",
    "pytorch": "2.11.0+cu128",
    "pytorch_cuda": "12.8",
    "device": "cuda",
    "gpu": "NVIDIA GeForce RTX 5070 Ti"
  },
  "validation_protocol": {
    "kind": "scaffold_cross_validation",
    "fold": 3,
    "folds": 5
  },
  "readout": "differentiable_closed_form_ridge",
  "hyperparameters": {
    "ca_lr": 0.003,
    "ridge": 1.0,
    "ca_l2": 1e-06,
    "gradient_clip": 1.0,
    "update_scale": 0.4,
    "init_scale": 0.5,
    "initial_noise": 0.0,
    "support_fraction": 0.75,
    "bond_temperature": 2.0,
    "dyn_a": 0.5,
    "dyn_b": 0.5,
    "dyn_c": 0.2,
    "dyn_d": 0.3,
    "lr_schedule": "cosine_0.1x"
  }
}
