{"operating_system": "Windows-10-10.0.26200-SP0", "machine": "AMD64", "python": "3.11.16", "python_executable": "C:\\Users\\Anthony\\anaconda3\\envs\\strange-matter-gpu\\python.exe", "pytorch": "2.11.0+cu128", "pytorch_cuda": "12.8", "device": "cuda", "gpu": "NVIDIA GeForce RTX 5070 Ti"}
{"epoch": 1, "train_rmse": 1.0802502059678065, "validation_rmse": 0.961212694644928, "validation_ma_st_rae": 0.9285992486332926, "validation_CYP1A2_st_rae": 0.975087674148025, "validation_CYP2C9_st_rae": 0.9150537222846541, "validation_CYP2D6_st_rae": 1.1363478444747233, "validation_CYP3A4_st_rae": 0.6879077536257678, "mean_raw_gradient_norm": 16.726322658600346, "fraction_gradients_clipped": 1.0}
{"epoch": 2, "train_rmse": 1.077348344648298, "validation_rmse": 0.9502413868904114, "validation_ma_st_rae": 0.9043302183126831, "validation_CYP1A2_st_rae": 0.9578772164977102, "validation_CYP2C9_st_rae": 0.8681698996258804, "validation_CYP2D6_st_rae": 1.1361720789341028, "validation_CYP3A4_st_rae": 0.6551016781930389, "mean_raw_gradient_norm": 11.968456322147, "fraction_gradients_clipped": 1.0}
{"epoch": 3, "train_rmse": 0.9929040798753733, "validation_rmse": 0.9533970355987549, "validation_ma_st_rae": 0.9167611318665622, "validation_CYP1A2_st_rae": 0.9607471033970241, "validation_CYP2C9_st_rae": 0.8939638323004274, "validation_CYP2D6_st_rae": 1.1649305955153917, "validation_CYP3A4_st_rae": 0.6474029962534056, "mean_raw_gradient_norm": 9.207952007170647, "fraction_gradients_clipped": 1.0}
{"epoch": 4, "train_rmse": 1.09501959038827, "validation_rmse": 0.9571043252944946, "validation_ma_st_rae": 0.928383425219436, "validation_CYP1A2_st_rae": 0.9771247356191984, "validation_CYP2C9_st_rae": 0.9265012116125908, "validation_CYP2D6_st_rae": 1.1396587124639979, "validation_CYP3A4_st_rae": 0.6702490411819566, "mean_raw_gradient_norm": 11.132094321712371, "fraction_gradients_clipped": 1.0}
{"epoch": 5, "train_rmse": 1.0337020769052832, "validation_rmse": 0.9513546228408813, "validation_ma_st_rae": 0.9131726331550457, "validation_CYP1A2_st_rae": 0.9494665592701126, "validation_CYP2C9_st_rae": 0.9108508970278661, "validation_CYP2D6_st_rae": 1.129118048940979, "validation_CYP3A4_st_rae": 0.6632550273812251, "mean_raw_gradient_norm": 11.956022024154663, "fraction_gradients_clipped": 1.0}
{"epoch": 6, "train_rmse": 1.0587369981058263, "validation_rmse": 0.9488717913627625, "validation_ma_st_rae": 0.9103931336633894, "validation_CYP1A2_st_rae": 0.9438369608418922, "validation_CYP2C9_st_rae": 0.9194696880169986, "validation_CYP2D6_st_rae": 1.102524562018125, "validation_CYP3A4_st_rae": 0.6757413237765416, "mean_raw_gradient_norm": 20.04459362645303, "fraction_gradients_clipped": 1.0}
{"epoch": 7, "train_rmse": 0.9998077138259936, "validation_rmse": 0.9531108736991882, "validation_ma_st_rae": 0.9230051668340387, "validation_CYP1A2_st_rae": 0.9378831882682451, "validation_CYP2C9_st_rae": 0.9142288782352591, "validation_CYP2D6_st_rae": 1.1406817066120543, "validation_CYP3A4_st_rae": 0.6992268942205961, "mean_raw_gradient_norm": 10.306073381054786, "fraction_gradients_clipped": 1.0}
{"dynamics_phase": "screen_start", "validation_pairs": 1309}
{"dynamics_phase": "screen_complete", "validation_pairs": 1309}
{
  "seed": 1701,
  "selection_metric": "validation_ma_st_rae",
  "best_validation_ma_st_rae": 0.9043302183126831,
  "best_validation_rmse": 0.9502413868904114,
  "restored_fit_rmse": 0.9075018763542175,
  "restored_validation_rmse": 0.9501547813415527,
  "restored_fit_ma_st_rae": 0.9666951638080677,
  "restored_validation_ma_st_rae": 0.9090413237810503,
  "restored_validation_point_ma_st_rae": 0.9042681267693676,
  "restored_validation_point_st_rae_by_cyp": {
    "CYP1A2": 0.9570301493686401,
    "CYP2C9": 0.8679345981727662,
    "CYP2D6": 1.1373111467005665,
    "CYP3A4": 0.6547966128354976
  },
  "restored_fit_st_rae_by_cyp": {
    "CYP1A2": 1.0657348575378285,
    "CYP2C9": 0.8663874657732974,
    "CYP2D6": 1.2150592642873748,
    "CYP3A4": 0.7195990676337704
  },
  "restored_validation_st_rae_by_cyp": {
    "CYP1A2": 0.9624835374838544,
    "CYP2C9": 0.8755329782299832,
    "CYP2D6": 1.1422151436303065,
    "CYP3A4": 0.6559336357800573
  },
  "validation_bootstrap_metrics": {
    "n_bootstrap_samples": 1000,
    "seed": 0,
    "macro": {
      "st_rae": {
        "mean": 0.9090413237810503,
        "ci_low": 0.8588335330451234,
        "ci_high": 0.9610776638175167
      },
      "mae": {
        "mean": 0.6985670687329696,
        "ci_low": 0.6632090229133997,
        "ci_high": 0.7324630908897901
      },
      "r2": {
        "mean": 0.1339495595444261,
        "ci_low": 0.07758078357851587,
        "ci_high": 0.18084889682458258
      },
      "spearman_rho": {
        "mean": 0.416950084671484,
        "ci_low": 0.36990681274773907,
        "ci_high": 0.4637784197139444
      },
      "kendall_tau": {
        "mean": 0.29358692283733806,
        "ci_low": 0.25923091017181,
        "ci_high": 0.32852447112128214
      }
    },
    "per_endpoint": {
      "CYP1A2": {
        "st_rae": {
          "mean": 0.9624835374838544,
          "ci_low": 0.8298775524477836,
          "ci_high": 1.1144147089140324
        },
        "mae": {
          "mean": 0.7767628597003572,
          "ci_low": 0.6994316756177474,
          "ci_high": 0.8526435260825297
        },
        "r2": {
          "mean": 0.15626457312930836,
          "ci_low": 0.03725408869712683,
          "ci_high": 0.26070318536596215
        },
        "spearman_rho": {
          "mean": 0.3685918309528064,
          "ci_low": 0.26141392690552523,
          "ci_high": 0.4740941221569298
        },
        "kendall_tau": {
          "mean": 0.25727783595143655,
          "ci_low": 0.18064719889241668,
          "ci_high": 0.3324540558838016
        }
      },
      "CYP2C9": {
        "st_rae": {
          "mean": 0.8755329782299832,
          "ci_low": 0.7652365549530089,
          "ci_high": 0.9965973922556727
        },
        "mae": {
          "mean": 0.5584028854095746,
          "ci_low": 0.5040527208456917,
          "ci_high": 0.6166963772641288
        },
        "r2": {
          "mean": 0.19391428401567898,
          "ci_low": 0.06375114367796099,
          "ci_high": 0.30566613811528515
        },
        "spearman_rho": {
          "mean": 0.500963857513247,
          "ci_low": 0.3959713692996907,
          "ci_high": 0.5891122524086244
        },
        "kendall_tau": {
          "mean": 0.3542788541047742,
          "ci_low": 0.27687760790238164,
          "ci_high": 0.4217195502431957
        }
      },
      "CYP2D6": {
        "st_rae": {
          "mean": 1.1422151436303065,
          "ci_low": 1.0463816712289276,
          "ci_high": 1.2501846150362057
        },
        "mae": {
          "mean": 0.754575658438756,
          "ci_low": 0.6794712023826746,
          "ci_high": 0.8364319213812168
        },
        "r2": {
          "mean": -0.1251165055059898,
          "ci_low": -0.2377841819106686,
          "ci_high": -0.020264772902863597
        },
        "spearman_rho": {
          "mean": 0.17748452277095522,
          "ci_low": 0.06714476576824634,
          "ci_high": 0.2860302924411689
        },
        "kendall_tau": {
          "mean": 0.12098215087762787,
          "ci_low": 0.04566026625393326,
          "ci_high": 0.19761945586095736
        }
      },
      "CYP3A4": {
        "st_rae": {
          "mean": 0.6559336357800573,
          "ci_low": 0.6014585065448746,
          "ci_high": 0.7135311829578999
        },
        "mae": {
          "mean": 0.7045268713831901,
          "ci_low": 0.6551489402807277,
          "ci_high": 0.7577307158125484
        },
        "r2": {
          "mean": 0.3107358865387068,
          "ci_low": 0.2466553585632527,
          "ci_high": 0.37448648003237606
        },
        "spearman_rho": {
          "mean": 0.6207601274489274,
          "ci_low": 0.5608991583985213,
          "ci_high": 0.6746675592697529
        },
        "kendall_tau": {
          "mean": 0.4418088504155138,
          "ci_low": 0.39573172891893127,
          "ci_high": 0.48532344546335027
        }
      }
    }
  },
  "epochs_run": 7,
  "fit_observations": 5216,
  "validation_observations": 1309,
  "rule": "conservative_graph_flux",
  "generations": 250,
  "hidden_channels": 16,
  "atom_feature_profile": "comprehensive",
  "atom_feature_count": 57,
  "atom_feature_names": [
    "element_H",
    "element_C",
    "element_N",
    "element_O",
    "element_F",
    "element_P",
    "element_S",
    "element_Cl",
    "element_Br",
    "element_I",
    "element_other",
    "formal_charge",
    "aromatic",
    "hybrid_sp",
    "hybrid_sp2",
    "hybrid_sp3",
    "hybrid_other",
    "degree",
    "total_hydrogens",
    "in_ring",
    "hbond_donor",
    "hbond_acceptor",
    "chiral_cw",
    "chiral_ccw",
    "chiral_other",
    "atomic_number",
    "atomic_mass",
    "covalent_radius",
    "vdw_radius",
    "outer_electrons",
    "period",
    "periodic_group",
    "atomic_volume",
    "total_valence",
    "implicit_valence",
    "heavy_atom_degree",
    "radical_electrons",
    "absolute_formal_charge",
    "electronegativity",
    "polarizability",
    "heteroatom",
    "halogen",
    "conjugated_bond_fraction",
    "first_ionization_energy",
    "electron_affinity",
    "electronic_property_missing",
    "ring_count",
    "ring_size_3",
    "ring_size_4",
    "ring_size_5",
    "ring_size_6",
    "ring_size_7",
    "ring_size_8_plus",
    "mean_neighbour_electronegativity",
    "electronegativity_difference",
    "mean_neighbour_atomic_number",
    "neighbour_formal_charge"
  ],
  "device": "cuda",
  "gpu": "NVIDIA GeForce RTX 5070 Ti",
  "training_seconds": 297.5695745999692,
  "peak_gpu_memory_bytes": 854683136,
  "runtime": {
    "operating_system": "Windows-10-10.0.26200-SP0",
    "machine": "AMD64",
    "python": "3.11.16",
    "python_executable": "C:\\Users\\Anthony\\anaconda3\\envs\\strange-matter-gpu\\python.exe",
    "pytorch": "2.11.0+cu128",
    "pytorch_cuda": "12.8",
    "device": "cuda",
    "gpu": "NVIDIA GeForce RTX 5070 Ti"
  },
  "validation_protocol": {
    "kind": "reserved_scaffold_holdout"
  },
  "readout": "differentiable_closed_form_ridge",
  "hyperparameters": {
    "ca_lr": 0.003,
    "ridge": 1.0,
    "ca_l2": 1e-06,
    "gradient_clip": 2.0,
    "update_scale": 0.15,
    "init_scale": 1.5,
    "initial_noise": 0.0,
    "support_fraction": 0.85,
    "bond_temperature": 0.5,
    "dyn_a": 0.5,
    "dyn_b": 0.2,
    "dyn_c": 0.5,
    "dyn_d": 0.05,
    "lr_schedule": "cosine_0.1x"
  },
  "dynamical_analysis": {
    "validation_trajectories_screened": 1309,
    "perturbation_cases": 0,
    "classification_counts": {},
    "perturbation_status": "not_requested"
  }
}
