{"operating_system": "Windows-10-10.0.26200-SP0", "machine": "AMD64", "python": "3.11.16", "python_executable": "C:\\Users\\Anthony\\anaconda3\\envs\\strange-matter-gpu\\python.exe", "pytorch": "2.11.0+cu128", "pytorch_cuda": "12.8", "device": "cuda", "gpu": "NVIDIA GeForce RTX 5070 Ti"}
{"epoch": 1, "train_rmse": 1.4828429215971488, "validation_rmse": 0.8876689672470093, "validation_ma_st_rae": 0.9691884210673971, "validation_CYP1A2_st_rae": 0.9285569988743426, "validation_CYP2C9_st_rae": 0.9561913872857343, "validation_CYP2D6_st_rae": 1.017695629589931, "validation_CYP3A4_st_rae": 0.9743096685195805, "mean_raw_gradient_norm": 17.63050718307495, "fraction_gradients_clipped": 1.0}
{"epoch": 2, "train_rmse": 1.4023177681855066, "validation_rmse": 0.8869880437850952, "validation_ma_st_rae": 0.9703094178679081, "validation_CYP1A2_st_rae": 0.9296984819473703, "validation_CYP2C9_st_rae": 0.967271859705034, "validation_CYP2D6_st_rae": 1.0105172522501098, "validation_CYP3A4_st_rae": 0.9737500775691187, "mean_raw_gradient_norm": 23.34113621711731, "fraction_gradients_clipped": 1.0}
{"epoch": 3, "train_rmse": 1.3434741147564921, "validation_rmse": 0.8867396116256714, "validation_ma_st_rae": 0.9706701246863181, "validation_CYP1A2_st_rae": 0.9304044476013957, "validation_CYP2C9_st_rae": 0.9708377982183151, "validation_CYP2D6_st_rae": 1.0073593073684757, "validation_CYP3A4_st_rae": 0.9740789455570862, "mean_raw_gradient_norm": 13.71519079208374, "fraction_gradients_clipped": 1.0}
{
  "seed": 1701,
  "selection_metric": "validation_ma_st_rae",
  "best_validation_ma_st_rae": 0.9691884210673971,
  "best_validation_rmse": 0.8876689672470093,
  "restored_fit_rmse": 0.9830759167671204,
  "restored_validation_rmse": 0.8876678347587585,
  "restored_fit_ma_st_rae": 0.952886905704482,
  "restored_validation_ma_st_rae": 0.9812126141758291,
  "restored_validation_point_ma_st_rae": 0.9691846257617485,
  "restored_validation_point_st_rae_by_cyp": {
    "CYP1A2": 0.9285545967705772,
    "CYP2C9": 0.9561795712529195,
    "CYP2D6": 1.0176959429604004,
    "CYP3A4": 0.9743083920630962
  },
  "restored_fit_st_rae_by_cyp": {
    "CYP1A2": 0.9323755837509147,
    "CYP2C9": 0.9565243635608484,
    "CYP2D6": 0.9970066922753903,
    "CYP3A4": 0.9256409832307745
  },
  "restored_validation_st_rae_by_cyp": {
    "CYP1A2": 0.9239695194951578,
    "CYP2C9": 0.979153981680851,
    "CYP2D6": 1.0315832687866244,
    "CYP3A4": 0.9901436867406836
  },
  "validation_bootstrap_metrics": {
    "n_bootstrap_samples": 1000,
    "seed": 0,
    "macro": {
      "st_rae": {
        "mean": 0.9812126141758291,
        "ci_low": 0.8983515789645592,
        "ci_high": 1.069301826762006
      },
      "mae": {
        "mean": 0.6572938342044936,
        "ci_low": 0.5929064519334644,
        "ci_high": 0.7281444941266143
      },
      "r2": {
        "mean": 0.02622340811090632,
        "ci_low": -0.060210133119990863,
        "ci_high": 0.10234059024964091
      },
      "spearman_rho": {
        "mean": 0.28836550522393256,
        "ci_low": 0.17833130873826183,
        "ci_high": 0.39681523032346855
      },
      "kendall_tau": {
        "mean": 0.20109312150447528,
        "ci_low": 0.1227198156191392,
        "ci_high": 0.2831504339008498
      }
    },
    "per_endpoint": {
      "CYP1A2": {
        "st_rae": {
          "mean": 0.9239695194951578,
          "ci_low": 0.7697076152009662,
          "ci_high": 1.0954818945711746
        },
        "mae": {
          "mean": 0.6459644915471311,
          "ci_low": 0.48314390749227804,
          "ci_high": 0.8257590947581119
        },
        "r2": {
          "mean": 0.1404611168799157,
          "ci_low": 0.01971856412078694,
          "ci_high": 0.22557463650437273
        },
        "spearman_rho": {
          "mean": 0.5597956610474948,
          "ci_low": 0.3457503543314845,
          "ci_high": 0.7359887413766291
        },
        "kendall_tau": {
          "mean": 0.40242125119829575,
          "ci_low": 0.2377609052769523,
          "ci_high": 0.548189122551495
        }
      },
      "CYP2C9": {
        "st_rae": {
          "mean": 0.979153981680851,
          "ci_low": 0.7720729586624571,
          "ci_high": 1.221754698333146
        },
        "mae": {
          "mean": 0.5708989904761316,
          "ci_low": 0.4587092434366544,
          "ci_high": 0.6983339051405588
        },
        "r2": {
          "mean": -0.048132579103131345,
          "ci_low": -0.30887068651239286,
          "ci_high": 0.18057073526316772
        },
        "spearman_rho": {
          "mean": 0.2792318070137824,
          "ci_low": 0.024021506301834607,
          "ci_high": 0.5054661391001601
        },
        "kendall_tau": {
          "mean": 0.1974975892855092,
          "ci_low": 0.018482400162958365,
          "ci_high": 0.36252557253324413
        }
      },
      "CYP2D6": {
        "st_rae": {
          "mean": 1.0315832687866244,
          "ci_low": 0.914002515574568,
          "ci_high": 1.1831963547049194
        },
        "mae": {
          "mean": 0.5847877447935251,
          "ci_low": 0.46869529935029836,
          "ci_high": 0.7095840945610633
        },
        "r2": {
          "mean": -0.009804400777585518,
          "ci_low": -0.14438472621618897,
          "ci_high": 0.08383139932852351
        },
        "spearman_rho": {
          "mean": 0.1098535765859925,
          "ci_low": -0.14763455330930503,
          "ci_high": 0.35032708938104756
        },
        "kendall_tau": {
          "mean": 0.07345316514251175,
          "ci_low": -0.1018450752328909,
          "ci_high": 0.23967706669210895
        }
      },
      "CYP3A4": {
        "st_rae": {
          "mean": 0.9901436867406836,
          "ci_low": 0.8594158376132118,
          "ci_high": 1.153661178982689
        },
        "mae": {
          "mean": 0.827524110001187,
          "ci_low": 0.6972922092953394,
          "ci_high": 0.9644914520341296
        },
        "r2": {
          "mean": 0.022369495444426454,
          "ci_low": -0.11010472852770636,
          "ci_high": 0.14772534418869446
        },
        "spearman_rho": {
          "mean": 0.20458097624846078,
          "ci_low": 0.0010690059976101287,
          "ci_high": 0.3908146456738613
        },
        "kendall_tau": {
          "mean": 0.13100048039158438,
          "ci_low": -0.011663507552811555,
          "ci_high": 0.25954620918649696
        }
      }
    }
  },
  "epochs_run": 3,
  "fit_observations": 806,
  "validation_observations": 272,
  "rule": "inertial_reaction_diffusion",
  "generations": 32,
  "hidden_channels": 4,
  "atom_feature_profile": "valence",
  "atom_feature_count": 30,
  "atom_feature_names": [
    "element_H",
    "element_C",
    "element_N",
    "element_O",
    "element_F",
    "element_P",
    "element_S",
    "element_Cl",
    "element_Br",
    "element_I",
    "element_other",
    "formal_charge",
    "aromatic",
    "hybrid_sp",
    "hybrid_sp2",
    "hybrid_sp3",
    "hybrid_other",
    "degree",
    "total_hydrogens",
    "in_ring",
    "hbond_donor",
    "hbond_acceptor",
    "chiral_cw",
    "chiral_ccw",
    "chiral_other",
    "total_valence",
    "implicit_valence",
    "heavy_atom_degree",
    "radical_electrons",
    "absolute_formal_charge"
  ],
  "device": "cuda",
  "gpu": "NVIDIA GeForce RTX 5070 Ti",
  "training_seconds": 4.1695644001010805,
  "peak_gpu_memory_bytes": 41476096,
  "runtime": {
    "operating_system": "Windows-10-10.0.26200-SP0",
    "machine": "AMD64",
    "python": "3.11.16",
    "python_executable": "C:\\Users\\Anthony\\anaconda3\\envs\\strange-matter-gpu\\python.exe",
    "pytorch": "2.11.0+cu128",
    "pytorch_cuda": "12.8",
    "device": "cuda",
    "gpu": "NVIDIA GeForce RTX 5070 Ti"
  },
  "validation_protocol": {
    "kind": "scaffold_cross_validation",
    "fold": 0,
    "folds": 5
  },
  "readout": "differentiable_closed_form_ridge",
  "prediction_mode": "direct",
  "residual_alpha": null,
  "trajectory_pooling": "legacy",
  "ridge_mode": "shared",
  "loss_mode": "hybrid_interval",
  "interval_loss_beta": 1.0,
  "interval_temperature": 0.02,
  "hyperparameters": {
    "ca_lr": 0.0003,
    "ridge": 0.01,
    "ca_l2": 1e-05,
    "gradient_clip": 1.0,
    "update_scale": 0.4,
    "init_scale": 1.5,
    "initial_noise": 0.0,
    "support_fraction": 0.6,
    "bond_temperature": 0.5,
    "dyn_a": 0.8,
    "dyn_b": 0.5,
    "dyn_c": 0.2,
    "dyn_d": 0.05,
    "lr_schedule": "cosine_0.1x"
  }
}
