{"operating_system": "Windows-10-10.0.26200-SP0", "machine": "AMD64", "python": "3.11.16", "python_executable": "C:\\Users\\Anthony\\anaconda3\\envs\\strange-matter-gpu\\python.exe", "pytorch": "2.11.0+cu128", "pytorch_cuda": "12.8", "device": "cuda", "gpu": "NVIDIA GeForce RTX 5070 Ti"}
{"epoch": 1, "train_rmse": 1.0581700316318852, "validation_rmse": 0.8048744797706604, "validation_ma_st_rae": 0.8684462953504621, "validation_CYP1A2_st_rae": 0.8834818233451572, "validation_CYP2C9_st_rae": 0.7970910908300188, "validation_CYP2D6_st_rae": 1.067699917150491, "validation_CYP3A4_st_rae": 0.7255123500761816, "mean_raw_gradient_norm": 5.955160865783691, "fraction_gradients_clipped": 1.0}
{"epoch": 2, "train_rmse": 0.9906384464778234, "validation_rmse": 0.7980511784553528, "validation_ma_st_rae": 0.8539597034534281, "validation_CYP1A2_st_rae": 0.8922152923816328, "validation_CYP2C9_st_rae": 0.7739943623889192, "validation_CYP2D6_st_rae": 1.022526460982815, "validation_CYP3A4_st_rae": 0.7271026980603454, "mean_raw_gradient_norm": 3.861109380722046, "fraction_gradients_clipped": 1.0}
{"epoch": 3, "train_rmse": 0.9815771404574142, "validation_rmse": 0.8004746437072754, "validation_ma_st_rae": 0.8621825166912669, "validation_CYP1A2_st_rae": 0.8807907145977544, "validation_CYP2C9_st_rae": 0.7759355050188025, "validation_CYP2D6_st_rae": 1.0640590711972402, "validation_CYP3A4_st_rae": 0.7279447759512704, "mean_raw_gradient_norm": 4.8478963708877565, "fraction_gradients_clipped": 1.0}
{"epoch": 4, "train_rmse": 0.9949969878418706, "validation_rmse": 0.7976864576339722, "validation_ma_st_rae": 0.8569008690259338, "validation_CYP1A2_st_rae": 0.8769158557406455, "validation_CYP2C9_st_rae": 0.7726409276909045, "validation_CYP2D6_st_rae": 1.0407002851236942, "validation_CYP3A4_st_rae": 0.7373464075484911, "mean_raw_gradient_norm": 3.509098925590515, "fraction_gradients_clipped": 1.0}
{"epoch": 5, "train_rmse": 0.9629451658811308, "validation_rmse": 0.7904242873191833, "validation_ma_st_rae": 0.8523142896309828, "validation_CYP1A2_st_rae": 0.8734488850943807, "validation_CYP2C9_st_rae": 0.7860157984396657, "validation_CYP2D6_st_rae": 1.0246603853492307, "validation_CYP3A4_st_rae": 0.7251320896406541, "mean_raw_gradient_norm": 2.91641535282135, "fraction_gradients_clipped": 1.0}
{
  "seed": 4211,
  "selection_metric": "validation_ma_st_rae",
  "best_validation_ma_st_rae": 0.8539597034534281,
  "best_validation_rmse": 0.7980511784553528,
  "restored_fit_rmse": 0.859626829624176,
  "restored_validation_rmse": 0.7980526685714722,
  "restored_fit_ma_st_rae": 0.8514090063338613,
  "restored_validation_ma_st_rae": 0.8569348663939728,
  "restored_validation_point_ma_st_rae": 0.8539670193847219,
  "restored_validation_point_st_rae_by_cyp": {
    "CYP1A2": 0.8922235219704243,
    "CYP2C9": 0.774001145386179,
    "CYP2D6": 1.022547394058521,
    "CYP3A4": 0.7270960161237628
  },
  "restored_fit_st_rae_by_cyp": {
    "CYP1A2": 0.8878608448264738,
    "CYP2C9": 0.7912550468211669,
    "CYP2D6": 1.0207000136123219,
    "CYP3A4": 0.7058201200754823
  },
  "restored_validation_st_rae_by_cyp": {
    "CYP1A2": 0.8945864365177558,
    "CYP2C9": 0.7764101008907037,
    "CYP2D6": 1.0267927971723165,
    "CYP3A4": 0.7299501309951151
  },
  "validation_bootstrap_metrics": {
    "n_bootstrap_samples": 1000,
    "seed": 0,
    "macro": {
      "st_rae": {
        "mean": 0.8569348663939728,
        "ci_low": 0.8042761872898319,
        "ci_high": 0.914317659685237
      },
      "mae": {
        "mean": 0.5904927017409761,
        "ci_low": 0.5585985538517809,
        "ci_high": 0.6192874488566252
      },
      "r2": {
        "mean": 0.1973439375184249,
        "ci_low": 0.1423221299779576,
        "ci_high": 0.24897293039108054
      },
      "spearman_rho": {
        "mean": 0.4606131766365452,
        "ci_low": 0.406867794036644,
        "ci_high": 0.5120565080447381
      },
      "kendall_tau": {
        "mean": 0.3260967165750733,
        "ci_low": 0.28666743814468065,
        "ci_high": 0.3647205882390401
      }
    },
    "per_endpoint": {
      "CYP1A2": {
        "st_rae": {
          "mean": 0.8945864365177558,
          "ci_low": 0.7873034716838345,
          "ci_high": 1.006339008551615
        },
        "mae": {
          "mean": 0.6137463656357816,
          "ci_low": 0.5379024698256372,
          "ci_high": 0.6937891194278055
        },
        "r2": {
          "mean": 0.16716025849322277,
          "ci_low": 0.053456706550965044,
          "ci_high": 0.26787152418783783
        },
        "spearman_rho": {
          "mean": 0.48016996342325896,
          "ci_low": 0.3634243852982707,
          "ci_high": 0.578392275138116
        },
        "kendall_tau": {
          "mean": 0.34037368445002186,
          "ci_low": 0.2585552227425001,
          "ci_high": 0.41697229877986847
        }
      },
      "CYP2C9": {
        "st_rae": {
          "mean": 0.7764101008907037,
          "ci_low": 0.6496896235582723,
          "ci_high": 0.9226055296167293
        },
        "mae": {
          "mean": 0.4959608079101633,
          "ci_low": 0.4443856865579631,
          "ci_high": 0.5539084723193525
        },
        "r2": {
          "mean": 0.2704951846993068,
          "ci_low": 0.1359805704972188,
          "ci_high": 0.38219989520622494
        },
        "spearman_rho": {
          "mean": 0.49106432529462224,
          "ci_low": 0.3695211586602443,
          "ci_high": 0.6003355278783875
        },
        "kendall_tau": {
          "mean": 0.3504295112144874,
          "ci_low": 0.2580136906271908,
          "ci_high": 0.43190981996180716
        }
      },
      "CYP2D6": {
        "st_rae": {
          "mean": 1.0267927971723165,
          "ci_low": 0.9416307543965542,
          "ci_high": 1.1277549941312122
        },
        "mae": {
          "mean": 0.5727420704293456,
          "ci_low": 0.5103527712261574,
          "ci_high": 0.6396987041601768
        },
        "r2": {
          "mean": 0.0004689370589249443,
          "ci_low": -0.10018618035791083,
          "ci_high": 0.08814148033436837
        },
        "spearman_rho": {
          "mean": 0.26482880795195674,
          "ci_low": 0.14612900364450865,
          "ci_high": 0.38294990352642333
        },
        "kendall_tau": {
          "mean": 0.17969429564555425,
          "ci_low": 0.09674270854579936,
          "ci_high": 0.2624569603406252
        }
      },
      "CYP3A4": {
        "st_rae": {
          "mean": 0.7299501309951151,
          "ci_low": 0.6548057641392627,
          "ci_high": 0.8087398119752309
        },
        "mae": {
          "mean": 0.6795215629886141,
          "ci_low": 0.626095774515972,
          "ci_high": 0.7340515075312866
        },
        "r2": {
          "mean": 0.35125136982224514,
          "ci_low": 0.27282419586916157,
          "ci_high": 0.4216350953681049
        },
        "spearman_rho": {
          "mean": 0.606389609876343,
          "ci_low": 0.5357894443189352,
          "ci_high": 0.6756105348081438
        },
        "kendall_tau": {
          "mean": 0.43388937499022967,
          "ci_low": 0.37805117082437606,
          "ci_high": 0.490636763911368
        }
      }
    }
  },
  "epochs_run": 5,
  "fit_observations": 4179,
  "validation_observations": 1037,
  "rule": "gray_scott",
  "generations": 125,
  "hidden_channels": 16,
  "atom_feature_profile": "periodic_electronic",
  "atom_feature_count": 41,
  "atom_feature_names": [
    "element_H",
    "element_C",
    "element_N",
    "element_O",
    "element_F",
    "element_P",
    "element_S",
    "element_Cl",
    "element_Br",
    "element_I",
    "element_other",
    "formal_charge",
    "aromatic",
    "hybrid_sp",
    "hybrid_sp2",
    "hybrid_sp3",
    "hybrid_other",
    "degree",
    "total_hydrogens",
    "in_ring",
    "hbond_donor",
    "hbond_acceptor",
    "chiral_cw",
    "chiral_ccw",
    "chiral_other",
    "atomic_number",
    "atomic_mass",
    "covalent_radius",
    "vdw_radius",
    "outer_electrons",
    "period",
    "periodic_group",
    "atomic_volume",
    "electronegativity",
    "polarizability",
    "heteroatom",
    "halogen",
    "conjugated_bond_fraction",
    "first_ionization_energy",
    "electron_affinity",
    "electronic_property_missing"
  ],
  "device": "cuda",
  "gpu": "NVIDIA GeForce RTX 5070 Ti",
  "training_seconds": 85.79844579997007,
  "peak_gpu_memory_bytes": 677638656,
  "runtime": {
    "operating_system": "Windows-10-10.0.26200-SP0",
    "machine": "AMD64",
    "python": "3.11.16",
    "python_executable": "C:\\Users\\Anthony\\anaconda3\\envs\\strange-matter-gpu\\python.exe",
    "pytorch": "2.11.0+cu128",
    "pytorch_cuda": "12.8",
    "device": "cuda",
    "gpu": "NVIDIA GeForce RTX 5070 Ti"
  },
  "validation_protocol": {
    "kind": "scaffold_cross_validation",
    "fold": 0,
    "folds": 5
  },
  "readout": "differentiable_closed_form_ridge",
  "hyperparameters": {
    "ca_lr": 0.003,
    "ridge": 1.0,
    "ca_l2": 1e-06,
    "gradient_clip": 1.0,
    "update_scale": 0.4,
    "init_scale": 0.5,
    "initial_noise": 0.0,
    "support_fraction": 0.75,
    "bond_temperature": 2.0,
    "dyn_a": 0.5,
    "dyn_b": 0.5,
    "dyn_c": 0.2,
    "dyn_d": 0.3,
    "lr_schedule": "cosine_0.1x"
  }
}
