{"device": "cuda", "gpu": "NVIDIA GeForce RTX 5070 Ti", "pytorch": "2.11.0+cu128", "pytorch_cuda": "12.8"}
{"epoch": 1, "train_rmse": 27.25772434821756, "validation_rmse": 0.9461025595664978, "mean_raw_gradient_norm": 2507017.8155, "fraction_gradients_clipped": 1.0}
{"epoch": 2, "train_rmse": 25.32670414404148, "validation_rmse": 0.9166100025177002, "mean_raw_gradient_norm": 1699673.26775, "fraction_gradients_clipped": 1.0}
{"epoch": 3, "train_rmse": 23.738543741080733, "validation_rmse": 0.9061557650566101, "mean_raw_gradient_norm": 1865838.7155, "fraction_gradients_clipped": 1.0}
{"epoch": 4, "train_rmse": 21.09250283155387, "validation_rmse": 0.9165857434272766, "mean_raw_gradient_norm": 1103059.19084375, "fraction_gradients_clipped": 1.0}
{"epoch": 5, "train_rmse": 20.48996735078112, "validation_rmse": 1.3222382068634033, "mean_raw_gradient_norm": 1132479.83753125, "fraction_gradients_clipped": 1.0}
{
  "seed": 1701,
  "best_validation_rmse": 0.9061557650566101,
  "restored_fit_rmse": 0.8588383197784424,
  "restored_validation_rmse": 0.9047653675079346,
  "epochs_run": 5,
  "fit_observations": 2643,
  "validation_observations": 670,
  "rule": "gated_residual",
  "generations": 125,
  "hidden_channels": 16,
  "device": "cuda",
  "gpu": "NVIDIA GeForce RTX 5070 Ti",
  "training_seconds": 123.78022459999193,
  "peak_gpu_memory_bytes": 98099200,
  "readout": "differentiable_closed_form_ridge",
  "hyperparameters": {
    "ca_lr": 0.001,
    "ridge": 0.0001,
    "ca_l2": 0.0001,
    "gradient_clip": 0.5
  }
}
