{"operating_system": "Windows-10-10.0.26200-SP0", "machine": "AMD64", "python": "3.11.16", "python_executable": "C:\\Users\\Anthony\\anaconda3\\envs\\strange-matter-gpu\\python.exe", "pytorch": "2.11.0+cu128", "pytorch_cuda": "12.8", "device": "cuda", "gpu": "NVIDIA GeForce RTX 5070 Ti"}
{"epoch": 1, "train_rmse": 1.1925315489839046, "validation_rmse": 0.8502212166786194, "validation_ma_st_rae": 0.9702059843765886, "validation_CYP1A2_st_rae": 1.1159462183826088, "validation_CYP2C9_st_rae": 0.9034546532182046, "validation_CYP2D6_st_rae": 1.0803386081363247, "validation_CYP3A4_st_rae": 0.7810844577692163, "mean_raw_gradient_norm": 9.506690311431885, "fraction_gradients_clipped": 1.0}
{"epoch": 2, "train_rmse": 1.226470367822048, "validation_rmse": 0.8588402271270752, "validation_ma_st_rae": 0.97966264054644, "validation_CYP1A2_st_rae": 1.1514229580323405, "validation_CYP2C9_st_rae": 0.8686030135827542, "validation_CYP2D6_st_rae": 1.0894866716411005, "validation_CYP3A4_st_rae": 0.8091379189295651, "mean_raw_gradient_norm": 7.245978832244873, "fraction_gradients_clipped": 1.0}
{"epoch": 3, "train_rmse": 1.179063566755676, "validation_rmse": 0.8611614108085632, "validation_ma_st_rae": 0.9825486955614064, "validation_CYP1A2_st_rae": 1.14895160553466, "validation_CYP2C9_st_rae": 0.8623194680217011, "validation_CYP2D6_st_rae": 1.094380230828899, "validation_CYP3A4_st_rae": 0.8245434778603657, "mean_raw_gradient_norm": 8.721075820922852, "fraction_gradients_clipped": 1.0}
{
  "seed": 1701,
  "selection_metric": "validation_ma_st_rae",
  "best_validation_ma_st_rae": 0.9702059843765886,
  "best_validation_rmse": 0.8502212166786194,
  "restored_fit_rmse": 0.8806308507919312,
  "restored_validation_rmse": 0.8502250909805298,
  "restored_fit_ma_st_rae": 0.8275383117276404,
  "restored_validation_ma_st_rae": 0.9877593822253998,
  "restored_validation_point_ma_st_rae": 0.9702165577589138,
  "restored_validation_point_st_rae_by_cyp": {
    "CYP1A2": 1.1159488191566105,
    "CYP2C9": 0.903465553723053,
    "CYP2D6": 1.080369226274529,
    "CYP3A4": 0.7810826318814628
  },
  "restored_fit_st_rae_by_cyp": {
    "CYP1A2": 0.8469970024099582,
    "CYP2C9": 0.7363129714988891,
    "CYP2D6": 1.0006148866987212,
    "CYP3A4": 0.7262283863029931
  },
  "restored_validation_st_rae_by_cyp": {
    "CYP1A2": 1.1197529348607855,
    "CYP2C9": 0.9368843444915619,
    "CYP2D6": 1.0970358868615795,
    "CYP3A4": 0.7973643626876724
  },
  "validation_bootstrap_metrics": {
    "n_bootstrap_samples": 1000,
    "seed": 0,
    "macro": {
      "st_rae": {
        "mean": 0.9877593822253998,
        "ci_low": 0.8483906009271975,
        "ci_high": 1.146220447630903
      },
      "mae": {
        "mean": 0.6522169860479283,
        "ci_low": 0.5885819759901171,
        "ci_high": 0.7258790935811343
      },
      "r2": {
        "mean": 0.05746001444530853,
        "ci_low": -0.08780377930545756,
        "ci_high": 0.18457162821523634
      },
      "spearman_rho": {
        "mean": 0.4256511638036983,
        "ci_low": 0.3230119210160451,
        "ci_high": 0.5216980736831509
      },
      "kendall_tau": {
        "mean": 0.3003604868170748,
        "ci_low": 0.22686417211661955,
        "ci_high": 0.3708055993003396
      }
    },
    "per_endpoint": {
      "CYP1A2": {
        "st_rae": {
          "mean": 1.1197529348607855,
          "ci_low": 0.8320634008201564,
          "ci_high": 1.5123227903300147
        },
        "mae": {
          "mean": 0.7346383322965903,
          "ci_low": 0.5800621012195212,
          "ci_high": 0.9114989499576756
        },
        "r2": {
          "mean": -0.04484902952296037,
          "ci_low": -0.4361402371562654,
          "ci_high": 0.21243299139906788
        },
        "spearman_rho": {
          "mean": 0.4402200831902385,
          "ci_low": 0.2208289910955685,
          "ci_high": 0.6241829371411967
        },
        "kendall_tau": {
          "mean": 0.30486334812093935,
          "ci_low": 0.14125612889607758,
          "ci_high": 0.4459910486129645
        }
      },
      "CYP2C9": {
        "st_rae": {
          "mean": 0.9368843444915619,
          "ci_low": 0.5958215872273639,
          "ci_high": 1.3536183018941725
        },
        "mae": {
          "mean": 0.5596014078378678,
          "ci_low": 0.45201172878344853,
          "ci_high": 0.6755462482571603
        },
        "r2": {
          "mean": 0.019150626740638086,
          "ci_low": -0.3712751363986387,
          "ci_high": 0.3219990808601654
        },
        "spearman_rho": {
          "mean": 0.46383828048548176,
          "ci_low": 0.21987644421780603,
          "ci_high": 0.6758451148742279
        },
        "kendall_tau": {
          "mean": 0.34046488388590684,
          "ci_low": 0.15843701731479823,
          "ci_high": 0.5052875241400822
        }
      },
      "CYP2D6": {
        "st_rae": {
          "mean": 1.0970358868615795,
          "ci_low": 0.9160573940333184,
          "ci_high": 1.3270915417504885
        },
        "mae": {
          "mean": 0.6095515488551213,
          "ci_low": 0.49331665369180533,
          "ci_high": 0.7443712362876305
        },
        "r2": {
          "mean": -0.07283357764924113,
          "ci_low": -0.3023882402396894,
          "ci_high": 0.09857473600166543
        },
        "spearman_rho": {
          "mean": 0.24173732772503906,
          "ci_low": 0.01772283260658044,
          "ci_high": 0.44084796339584514
        },
        "kendall_tau": {
          "mean": 0.161598967509772,
          "ci_low": 0.01073995020079394,
          "ci_high": 0.3056254984449115
        }
      },
      "CYP3A4": {
        "st_rae": {
          "mean": 0.7973643626876724,
          "ci_low": 0.6106189262835195,
          "ci_high": 1.0246613169945478
        },
        "mae": {
          "mean": 0.7050766552021337,
          "ci_low": 0.6110463940820029,
          "ci_high": 0.8047410026539203
        },
        "r2": {
          "mean": 0.3283720382127976,
          "ci_low": 0.14416207757235508,
          "ci_high": 0.4776611551462867
        },
        "spearman_rho": {
          "mean": 0.5568089638140339,
          "ci_low": 0.39594477970245534,
          "ci_high": 0.6912879852957469
        },
        "kendall_tau": {
          "mean": 0.39451474775168105,
          "ci_low": 0.2674243252982587,
          "ci_high": 0.5058452242630673
        }
      }
    }
  },
  "epochs_run": 3,
  "fit_observations": 806,
  "validation_observations": 272,
  "rule": "inertial_reaction_diffusion",
  "generations": 64,
  "hidden_channels": 16,
  "atom_feature_profile": "periodic_valence",
  "atom_feature_count": 38,
  "atom_feature_names": [
    "element_H",
    "element_C",
    "element_N",
    "element_O",
    "element_F",
    "element_P",
    "element_S",
    "element_Cl",
    "element_Br",
    "element_I",
    "element_other",
    "formal_charge",
    "aromatic",
    "hybrid_sp",
    "hybrid_sp2",
    "hybrid_sp3",
    "hybrid_other",
    "degree",
    "total_hydrogens",
    "in_ring",
    "hbond_donor",
    "hbond_acceptor",
    "chiral_cw",
    "chiral_ccw",
    "chiral_other",
    "atomic_number",
    "atomic_mass",
    "covalent_radius",
    "vdw_radius",
    "outer_electrons",
    "period",
    "periodic_group",
    "atomic_volume",
    "total_valence",
    "implicit_valence",
    "heavy_atom_degree",
    "radical_electrons",
    "absolute_formal_charge"
  ],
  "device": "cuda",
  "gpu": "NVIDIA GeForce RTX 5070 Ti",
  "training_seconds": 5.512077999999747,
  "peak_gpu_memory_bytes": 345970176,
  "runtime": {
    "operating_system": "Windows-10-10.0.26200-SP0",
    "machine": "AMD64",
    "python": "3.11.16",
    "python_executable": "C:\\Users\\Anthony\\anaconda3\\envs\\strange-matter-gpu\\python.exe",
    "pytorch": "2.11.0+cu128",
    "pytorch_cuda": "12.8",
    "device": "cuda",
    "gpu": "NVIDIA GeForce RTX 5070 Ti"
  },
  "validation_protocol": {
    "kind": "scaffold_cross_validation",
    "fold": 0,
    "folds": 5
  },
  "readout": "differentiable_closed_form_ridge",
  "prediction_mode": "direct",
  "residual_alpha": null,
  "trajectory_pooling": "legacy",
  "ridge_mode": "shared",
  "loss_mode": "mse",
  "interval_loss_beta": 0.0,
  "interval_temperature": 0.1,
  "hyperparameters": {
    "ca_lr": 0.003,
    "ridge": 1.0,
    "ca_l2": 1e-06,
    "gradient_clip": 2.0,
    "update_scale": 0.08,
    "init_scale": 1.0,
    "initial_noise": 0.01,
    "support_fraction": 0.6,
    "bond_temperature": 0.5,
    "dyn_a": 0.2,
    "dyn_b": 0.2,
    "dyn_c": 0.8,
    "dyn_d": 0.05,
    "lr_schedule": "cosine_0.1x"
  }
}
