{"operating_system": "Windows-10-10.0.26200-SP0", "machine": "AMD64", "python": "3.11.16", "python_executable": "C:\\Users\\Anthony\\anaconda3\\envs\\strange-matter-gpu\\python.exe", "pytorch": "2.11.0+cu128", "pytorch_cuda": "12.8", "device": "cuda", "gpu": "NVIDIA GeForce RTX 5070 Ti"}
{"epoch": 1, "train_rmse": 1.2365471580980432, "validation_rmse": 0.9062858819961548, "validation_ma_st_rae": 0.8431742420317841, "validation_CYP1A2_st_rae": 0.8449903191321377, "validation_CYP2C9_st_rae": 0.7931711580328565, "validation_CYP2D6_st_rae": 1.0726579651387766, "validation_CYP3A4_st_rae": 0.6618775258233652, "mean_raw_gradient_norm": 10.986876703077748, "fraction_gradients_clipped": 1.0}
{"epoch": 2, "train_rmse": 1.182308547342715, "validation_rmse": 0.8892318606376648, "validation_ma_st_rae": 0.821016752944753, "validation_CYP1A2_st_rae": 0.8292343602812722, "validation_CYP2C9_st_rae": 0.7769593254945519, "validation_CYP2D6_st_rae": 1.0356299691547999, "validation_CYP3A4_st_rae": 0.6422433568483881, "mean_raw_gradient_norm": 9.2067141725171, "fraction_gradients_clipped": 1.0}
{"epoch": 3, "train_rmse": 1.149306861256103, "validation_rmse": 0.8919470310211182, "validation_ma_st_rae": 0.8268678604822373, "validation_CYP1A2_st_rae": 0.8247750587600056, "validation_CYP2C9_st_rae": 0.7904260113885276, "validation_CYP2D6_st_rae": 1.0534841433212192, "validation_CYP3A4_st_rae": 0.6387862284591972, "mean_raw_gradient_norm": 7.489884422671411, "fraction_gradients_clipped": 1.0}
{"epoch": 4, "train_rmse": 1.1550599873423821, "validation_rmse": 0.8922299742698669, "validation_ma_st_rae": 0.8290719583401833, "validation_CYP1A2_st_rae": 0.838342949304049, "validation_CYP2C9_st_rae": 0.7999421202222586, "validation_CYP2D6_st_rae": 1.0287698942696986, "validation_CYP3A4_st_rae": 0.6492328695647276, "mean_raw_gradient_norm": 7.119194576817174, "fraction_gradients_clipped": 1.0}
{"epoch": 5, "train_rmse": 1.138383736200206, "validation_rmse": 0.8911257982254028, "validation_ma_st_rae": 0.8295594398535774, "validation_CYP1A2_st_rae": 0.8493429368880633, "validation_CYP2C9_st_rae": 0.8067342355645606, "validation_CYP2D6_st_rae": 1.0254960801312454, "validation_CYP3A4_st_rae": 0.63666450683044, "mean_raw_gradient_norm": 6.441368258768512, "fraction_gradients_clipped": 1.0}
{"epoch": 6, "train_rmse": 1.1196690370595137, "validation_rmse": 0.8931102752685547, "validation_ma_st_rae": 0.8288724487142856, "validation_CYP1A2_st_rae": 0.8449299136824426, "validation_CYP2C9_st_rae": 0.8079077606085774, "validation_CYP2D6_st_rae": 1.0314296717521376, "validation_CYP3A4_st_rae": 0.6312224488139844, "mean_raw_gradient_norm": 5.796308644356266, "fraction_gradients_clipped": 1.0}
{"epoch": 7, "train_rmse": 1.0741651470167208, "validation_rmse": 0.8895255923271179, "validation_ma_st_rae": 0.8218919826684989, "validation_CYP1A2_st_rae": 0.8291361208190117, "validation_CYP2C9_st_rae": 0.8147559779457486, "validation_CYP2D6_st_rae": 1.0120721367900647, "validation_CYP3A4_st_rae": 0.6316036951191707, "mean_raw_gradient_norm": 4.955542773969712, "fraction_gradients_clipped": 1.0}
{"dynamics_phase": "screen_start", "validation_pairs": 1309}
{"dynamics_phase": "screen_complete", "validation_pairs": 1309}
{
  "seed": 1701,
  "selection_metric": "validation_ma_st_rae",
  "best_validation_ma_st_rae": 0.821016752944753,
  "best_validation_rmse": 0.8892318606376648,
  "restored_fit_rmse": 0.828993022441864,
  "restored_validation_rmse": 0.8892346620559692,
  "restored_fit_ma_st_rae": 0.829869489708201,
  "restored_validation_ma_st_rae": 0.8241436751343357,
  "restored_validation_point_ma_st_rae": 0.8210243997441715,
  "restored_validation_point_st_rae_by_cyp": {
    "CYP1A2": 0.8292386336204821,
    "CYP2C9": 0.7769627695567131,
    "CYP2D6": 1.0356400287898886,
    "CYP3A4": 0.6422561670096022
  },
  "restored_fit_st_rae_by_cyp": {
    "CYP1A2": 0.8802109969130686,
    "CYP2C9": 0.7366341274530745,
    "CYP2D6": 1.0097278959837104,
    "CYP3A4": 0.6929049384829501
  },
  "restored_validation_st_rae_by_cyp": {
    "CYP1A2": 0.8328356821815087,
    "CYP2C9": 0.780334858478661,
    "CYP2D6": 1.0391380187230954,
    "CYP3A4": 0.6442661411540779
  },
  "validation_bootstrap_metrics": {
    "n_bootstrap_samples": 1000,
    "seed": 0,
    "macro": {"epoch": 11, "train_rmse": 1.0471944418065344, "validation_rmse": 0.8851955533027649, "validation_ma_st_rae": 0.8155805408262069, "validation_CYP1A2_st_rae": 0.8387863175028635, "validation_CYP2C9_st_rae": 0.7984097202249347, "validation_CYP2D6_st_rae": 0.9941635865301242, "validation_CYP3A4_st_rae": 0.630962539046905, "mean_raw_gradient_norm": 5.0891063520985265, "fraction_gradients_clipped": 1.0}
{"epoch": 12, "train_rmse": 1.042770844036887, "validation_rmse": 0.8850876092910767, "validation_ma_st_rae": 0.8149788839770116, "validation_CYP1A2_st_rae": 0.8396726429438348, "validation_CYP2C9_st_rae": 0.796606371255445, "validation_CYP2D6_st_rae": 0.9936744275076886, "validation_CYP3A4_st_rae": 0.629962094201078, "mean_raw_gradient_norm": 4.384672387953727, "fraction_gradients_clipped": 1.0}
{"dynamics_phase": "screen_start", "validation_pairs": 1309}
{"dynamics_phase": "screen_complete", "validation_pairs": 1309}
{
  "seed": 1701,
  "selection_metric": "validation_ma_st_rae",
  "best_validation_ma_st_rae": 0.8153060443937592,
  "best_validation_rmse": 0.8865336179733276,
  "restored_fit_rmse": 0.8233128786087036,
  "restored_validation_rmse": 0.886533260345459,
  "restored_fit_ma_st_rae": 0.8176040653946779,
  "restored_validation_ma_st_rae": 0.8186173160559772,
  "restored_validation_point_ma_st_rae": 0.8153057131669299,
  "restored_validation_point_st_rae_by_cyp": {
    "CYP1A2": 0.8337079366232985,
    "CYP2C9": 0.7945446031776433,
    "CYP2D6": 1.0046209569360158,
    "CYP3A4": 0.6283493559307624
  },
  "restored_fit_st_rae_by_cyp": {
    "CYP1A2": 0.8612811981156453,
    "CYP2C9": 0.7426533953627565,
    "CYP2D6": 0.9843875973344848,
    "CYP3A4": 0.6820940707658256
  },
  "restored_validation_st_rae_by_cyp": {
    "CYP1A2": 0.8374853873036582,
    "CYP2C9": 0.7989272621102739,
    "CYP2D6": 1.0074054026844934,
    "CYP3A4": 0.6306512121254835
  },
  "validation_bootstrap_metrics": {
    "n_bootstrap_samples": 1000,
    "seed": 0,
    "macro": {
      "st_rae": {
        "mean": 0.8186173160559772,
        "ci_low": 0.7742530920296433,
        "ci_high": 0.8640999596289867
      },
      "mae": {
        "mean": 0.654752000517897,
        "ci_low": 0.6199449975333359,
        "ci_high": 0.6882124807815369
      },
      "r2": {
        "mean": 0.23248080299491755,
        "ci_low": 0.19154382112188506,
        "ci_high": 0.27493789486243086
      },
      "spearman_rho": {
        "mean": 0.4705079644926043,
        "ci_low": 0.424046453426038,
        "ci_high": 0.5209220617217352
      },
      "kendall_tau": {
        "mean": 0.3331538116194622,
        "ci_low": 0.29910215278256796,
        "ci_high": 0.37082897903637385
      }
    },
    "per_endpoint": {
      "CYP1A2": {
        "st_rae": {
          "mean": 0.8374853873036582,
          "ci_low": 0.7437901016314185,
          "ci_high": 0.9470138866748603
        },
        "mae": {
          "mean": 0.7148074049002984,
          "ci_low": 0.6280817027148955,
          "ci_high": 0.7929039189811139
        },
        "r2": {
          "mean": 0.18416001140366417,
          "ci_low": 0.08302415041353492,
          "ci_high": 0.27370928915648496
        },
        "spearman_rho": {
          "mean": 0.41962831208380147,
          "ci_low": 0.31280595258168425,
          "ci_high": 0.5167093876597899
        },
        "kendall_tau": {
          "mean": 0.29741988642837636,
          "ci_low": 0.2209707661494415,
          "ci_high": 0.3701038573251989
        }
      },
      "CYP2C9": {
        "st_rae": {
          "mean": 0.7989272621102739,
          "ci_low": 0.6997193381541305,
          "ci_high": 0.9103213166776737
        },
        "mae": {
          "mean": 0.549205950417216,
          "ci_low": 0.4984962733728545,
          "ci_high": 0.6043192808353711
        },
        "r2": {
          "mean": 0.25410995132391523,
          "ci_low": 0.13784138723689868,
          "ci_high": 0.35490040382777216
        },
        "spearman_rho": {
          "mean": 0.5365446001639267,
          "ci_low": 0.443396165308167,
          "ci_high": 0.6324046899047627
        },
        "kendall_tau": {
          "mean": 0.38014482093974655,
          "ci_low": 0.3079903262579309,
          "ci_high": 0.4538764958047056
        }
      },
      "CYP2D6": {
        "st_rae": {
          "mean": 1.0074054026844934,
          "ci_low": 0.9443009863605472,
          "ci_high": 1.0776263849206398
        },
        "mae": {
          "mean": 0.7001800666442284,
          "ci_low": 0.6310231699668444,
          "ci_high": 0.7749650675333464
        },
        "r2": {
          "mean": 0.04226527452574166,
          "ci_low": -0.04131560775474711,
          "ci_high": 0.1104655901760193
        },
        "spearman_rho": {
          "mean": 0.22829552920267002,
          "ci_low": 0.12342466108337345,
          "ci_high": 0.3303445100170246
        },
        "kendall_tau": {
          "mean": 0.15544784687423824,
          "ci_low": 0.08322680192762709,
          "ci_high": 0.22603351161309895
        }
      },
      "CYP3A4": {
        "st_rae": {
          "mean": 0.6306512121254835,
          "ci_low": 0.571600273587408,
          "ci_high": 0.6916005735362906
        },
        "mae": {
          "mean": 0.654814580109845,
          "ci_low": 0.6116239385825136,
          "ci_high": 0.7015234288638053
        },
        "r2": {
          "mean": 0.4493879747263493,
          "ci_low": 0.39447570790578307,
          "ci_high": 0.49853282061970994
        },
        "spearman_rho": {
          "mean": 0.6975634165200192,
          "ci_low": 0.646983630402138,
          "ci_high": 0.7404851308451417
        },
        "kendall_tau": {
          "mean": 0.4996026922354874,
          "ci_low": 0.4582740101931344,
          "ci_high": 0.5372219292186291
        }
      }
    }
  },
  "epochs_run": 12,
  "fit_observations": 5216,
  "validation_observations": 1309,
  "rule": "inertial_reaction_diffusion",
  "generations": 32,
  "hidden_channels": 16,
  "atom_feature_profile": "electronic",
  "atom_feature_count": 33,
  "atom_feature_names": [
    "element_H",
    "element_C",
    "element_N",
    "element_O",
    "element_F",
    "element_P",
    "element_S",
    "element_Cl",
    "element_Br",
    "element_I",
    "element_other",
    "formal_charge",
    "aromatic",
    "hybrid_sp",
    "hybrid_sp2",
    "hybrid_sp3",
    "hybrid_other",
    "degree",
    "total_hydrogens",
    "in_ring",
    "hbond_donor",
    "hbond_acceptor",
    "chiral_cw",
    "chiral_ccw",
    "chiral_other",
    "electronegativity",
    "polarizability",
    "heteroatom",
    "halogen",
    "conjugated_bond_fraction",
    "first_ionization_energy",
    "electron_affinity",
    "electronic_property_missing"
  ],
  "device": "cuda",
  "gpu": "NVIDIA GeForce RTX 5070 Ti",
  "training_seconds": 194.18090549996123,
  "peak_gpu_memory_bytes": 107768832,
  "runtime": {
    "operating_system": "Windows-10-10.0.26200-SP0",
    "machine": "AMD64",
    "python": "3.11.16",
    "python_executable": "C:\\Users\\Anthony\\anaconda3\\envs\\strange-matter-gpu\\python.exe",
    "pytorch": "2.11.0+cu128",
    "pytorch_cuda": "12.8",
    "device": "cuda",
    "gpu": "NVIDIA GeForce RTX 5070 Ti"
  },
  "validation_protocol": {
    "kind": "reserved_scaffold_holdout"
  },
  "readout": "differentiable_closed_form_ridge",
  "hyperparameters": {
    "ca_lr": 0.003,
    "ridge": 1.0,
    "ca_l2": 0.0001,
    "gradient_clip": 1.0,
    "update_scale": 0.08,
    "init_scale": 0.5,
    "initial_noise": 0.01,
    "support_fraction": 0.6,
    "bond_temperature": 1.0,
    "dyn_a": 0.8,
    "dyn_b": 0.8,
    "dyn_c": 0.8,
    "dyn_d": 0.15,
    "lr_schedule": "cosine_0.1x"
  },
  "dynamical_analysis": {
    "validation_trajectories_screened": 1309,
    "perturbation_cases": 0,
    "classification_counts": {},
    "perturbation_status": "not_requested"
  }
}
