{"operating_system": "macOS-26.2-arm64-arm-64bit", "machine": "arm64", "python": "3.10.19", "python_executable": "/opt/anaconda3/envs/kcc2/bin/python3.10", "pytorch": "2.8.0", "pytorch_cuda": null, "device": "cpu", "gpu": null}
{"epoch": 1, "train_rmse": 1.2450632521882095, "validation_rmse": 0.9872205853462219, "mean_raw_gradient_norm": 135.069819688797, "fraction_gradients_clipped": 1.0}
{"epoch": 2, "train_rmse": 1.437092490154809, "validation_rmse": 0.9787884950637817, "mean_raw_gradient_norm": 133.36311769485474, "fraction_gradients_clipped": 1.0}
{"epoch": 3, "train_rmse": 1.282850300614955, "validation_rmse": 0.9643191695213318, "mean_raw_gradient_norm": 170.814626455307, "fraction_gradients_clipped": 1.0}
{"epoch": 4, "train_rmse": 1.3758166313548634, "validation_rmse": 0.9724863767623901, "mean_raw_gradient_norm": 228.43734669685364, "fraction_gradients_clipped": 1.0}
{"epoch": 5, "train_rmse": 1.3380034388644422, "validation_rmse": 0.977359414100647, "mean_raw_gradient_norm": 133.37612390518188, "fraction_gradients_clipped": 1.0}
{
  "seed": 1701,
  "best_validation_rmse": 0.9643191695213318,
  "restored_fit_rmse": 0.9231062531471252,
  "restored_validation_rmse": 0.9643191695213318,
  "epochs_run": 5,
  "fit_observations": 2643,
  "validation_observations": 670,
  "rule": "conservative_graph_flux",
  "generations": 500,
  "hidden_channels": 16,
  "device": "cpu",
  "gpu": null,
  "training_seconds": 302.462330041104,
  "peak_gpu_memory_bytes": 0,
  "runtime": {
    "operating_system": "macOS-26.2-arm64-arm-64bit",
    "machine": "arm64",
    "python": "3.10.19",
    "python_executable": "/opt/anaconda3/envs/kcc2/bin/python3.10",
    "pytorch": "2.8.0",
    "pytorch_cuda": null,
    "device": "cpu",
    "gpu": null
  },
  "readout": "differentiable_closed_form_ridge",
  "hyperparameters": {
    "ca_lr": 0.003,
    "ridge": 0.01,
    "ca_l2": 1e-05,
    "gradient_clip": 1.0,
    "update_scale": 0.15,
    "init_scale": 1.0,
    "initial_noise": 0.005,
    "support_fraction": 0.75,
    "bond_temperature": 1.0,
    "dyn_a": 0.5,
    "dyn_b": 0.5,
    "dyn_c": 0.5,
    "dyn_d": 0.05,
    "lr_schedule": "cosine_0.1x"
  }
}
