{"operating_system": "Windows-10-10.0.26200-SP0", "machine": "AMD64", "python": "3.11.16", "python_executable": "C:\\Users\\Anthony\\anaconda3\\envs\\strange-matter-gpu\\python.exe", "pytorch": "2.11.0+cu128", "pytorch_cuda": "12.8", "device": "cuda", "gpu": "NVIDIA GeForce RTX 5070 Ti"}
{"epoch": 1, "train_rmse": 1.1039211692792663, "validation_rmse": 0.7976227402687073, "validation_ma_st_rae": 0.8804334398182341, "validation_CYP1A2_st_rae": 0.9155624543854558, "validation_CYP2C9_st_rae": 0.7220991686538432, "validation_CYP2D6_st_rae": 1.1281012871856058, "validation_CYP3A4_st_rae": 0.7559708490480314, "mean_raw_gradient_norm": 7.3624157309532166, "fraction_gradients_clipped": 1.0}
{"epoch": 2, "train_rmse": 1.0578885423039963, "validation_rmse": 0.7956921458244324, "validation_ma_st_rae": 0.8773553764749734, "validation_CYP1A2_st_rae": 0.902692336539458, "validation_CYP2C9_st_rae": 0.7244507324652164, "validation_CYP2D6_st_rae": 1.1234448482296573, "validation_CYP3A4_st_rae": 0.758833588665562, "mean_raw_gradient_norm": 7.716574996709824, "fraction_gradients_clipped": 1.0}
{"epoch": 3, "train_rmse": 1.0850396012782373, "validation_rmse": 0.7962689995765686, "validation_ma_st_rae": 0.8781581519934345, "validation_CYP1A2_st_rae": 0.905747221210739, "validation_CYP2C9_st_rae": 0.7229403853107798, "validation_CYP2D6_st_rae": 1.1204719115943427, "validation_CYP3A4_st_rae": 0.7634730898578763, "mean_raw_gradient_norm": 6.670925974845886, "fraction_gradients_clipped": 1.0}
{"epoch": 4, "train_rmse": 1.043935814039021, "validation_rmse": 0.7952755093574524, "validation_ma_st_rae": 0.8750713653204198, "validation_CYP1A2_st_rae": 0.9055695840963041, "validation_CYP2C9_st_rae": 0.718687539788202, "validation_CYP2D6_st_rae": 1.1127235121156602, "validation_CYP3A4_st_rae": 0.763304825281513, "mean_raw_gradient_norm": 7.099072605371475, "fraction_gradients_clipped": 1.0}
{"epoch": 5, "train_rmse": 1.1589659696788324, "validation_rmse": 0.7954197525978088, "validation_ma_st_rae": 0.8757718107563133, "validation_CYP1A2_st_rae": 0.9064357841930021, "validation_CYP2C9_st_rae": 0.7205352911164813, "validation_CYP2D6_st_rae": 1.1126954400513875, "validation_CYP3A4_st_rae": 0.7634207276643822, "mean_raw_gradient_norm": 6.697123751044273, "fraction_gradients_clipped": 1.0}
{
  "seed": 1701,
  "selection_metric": "validation_ma_st_rae",
  "best_validation_ma_st_rae": 0.8773553764749734,
  "best_validation_rmse": 0.7956921458244324,
  "restored_fit_rmse": 0.8421998620033264,
  "restored_validation_rmse": 0.7957004308700562,
  "restored_fit_ma_st_rae": 0.8383360692348333,
  "restored_validation_ma_st_rae": 0.8819537659436728,
  "restored_validation_point_ma_st_rae": 0.8773963952493518,
  "restored_validation_point_st_rae_by_cyp": {
    "CYP1A2": 0.902736940723693,
    "CYP2C9": 0.7245837096661835,
    "CYP2D6": 1.1234204702748296,
    "CYP3A4": 0.7588444603327005
  },
  "restored_fit_st_rae_by_cyp": {
    "CYP1A2": 0.8511471591710985,
    "CYP2C9": 0.7759804118549286,
    "CYP2D6": 1.0428916633020635,
    "CYP3A4": 0.6833250426112425
  },
  "restored_validation_st_rae_by_cyp": {
    "CYP1A2": 0.9044696685366165,
    "CYP2C9": 0.7305812623285977,
    "CYP2D6": 1.130748303996409,
    "CYP3A4": 0.7620158289130682
  },
  "validation_bootstrap_metrics": {
    "n_bootstrap_samples": 1000,
    "seed": 0,
    "macro": {
      "st_rae": {
        "mean": 0.8819537659436728,
        "ci_low": 0.8150081313416013,
        "ci_high": 0.9540607794663709
      },
      "mae": {
        "mean": 0.5950618491090625,
        "ci_low": 0.5580495238282717,
        "ci_high": 0.6362040284375973
      },
      "r2": {
        "mean": 0.20103699419604878,
        "ci_low": 0.13383199698319406,
        "ci_high": 0.2654725806712022
      },
      "spearman_rho": {
        "mean": 0.47983763627479276,
        "ci_low": 0.41493462432475237,
        "ci_high": 0.5422693174238993
      },
      "kendall_tau": {
        "mean": 0.3413152839702626,
        "ci_low": 0.2929466640896899,
        "ci_high": 0.38761323187871666
      }
    },
    "per_endpoint": {
      "CYP1A2": {
        "st_rae": {
          "mean": 0.9044696685366165,
          "ci_low": 0.7619833477572918,
          "ci_high": 1.0802311113637943
        },
        "mae": {
          "mean": 0.6237125988233257,
          "ci_low": 0.5248747830239819,
          "ci_high": 0.7343594318544362
        },
        "r2": {
          "mean": 0.1976846019839881,
          "ci_low": 0.04464238866846415,
          "ci_high": 0.32370930742386467
        },
        "spearman_rho": {
          "mean": 0.5315277315259173,
          "ci_low": 0.4022831361287821,
          "ci_high": 0.6458251249711024
        },
        "kendall_tau": {
          "mean": 0.37778791093354164,
          "ci_low": 0.282777374215079,
          "ci_high": 0.46569126123776805
        }
      },
      "CYP2C9": {
        "st_rae": {
          "mean": 0.7305812623285977,
          "ci_low": 0.5755531423461118,
          "ci_high": 0.9241592314109435
        },
        "mae": {
          "mean": 0.4965645487795781,
          "ci_low": 0.4289014774952492,
          "ci_high": 0.5692910981439325
        },
        "r2": {
          "mean": 0.329771945736241,
          "ci_low": 0.1968000675256484,
          "ci_high": 0.4436215828973387
        },
        "spearman_rho": {
          "mean": 0.5718599308684895,
          "ci_low": 0.4289730287302312,
          "ci_high": 0.6937785305734707
        },
        "kendall_tau": {
          "mean": 0.408461924876695,
          "ci_low": 0.29651363964158606,
          "ci_high": 0.5117534268376112
        }
      },
      "CYP2D6": {
        "st_rae": {
          "mean": 1.130748303996409,
          "ci_low": 1.0031346152617504,
          "ci_high": 1.2738112385731435
        },
        "mae": {
          "mean": 0.5898295718378991,
          "ci_low": 0.5102447680707247,
          "ci_high": 0.6682305830454676
        },
        "r2": {
          "mean": -0.10072318978993988,
          "ci_low": -0.28474830837548365,
          "ci_high": 0.0589409143738982
        },
        "spearman_rho": {
          "mean": 0.2072803960567797,
          "ci_low": 0.05226865665054821,
          "ci_high": 0.3529549746519559
        },
        "kendall_tau": {
          "mean": 0.1418524487504028,
          "ci_low": 0.03242585135958297,
          "ci_high": 0.2450632503697442
        }
      },
      "CYP3A4": {
        "st_rae": {
          "mean": 0.7620158289130682,
          "ci_low": 0.6598295115588338,
          "ci_high": 0.8666196206568416
        },
        "mae": {
          "mean": 0.670140676995447,
          "ci_low": 0.6104310309960823,
          "ci_high": 0.7319322881127192
        },
        "r2": {
          "mean": 0.3774146188539059,
          "ci_low": 0.281972342295447,
          "ci_high": 0.4636725428022564
        },
        "spearman_rho": {
          "mean": 0.6086824866479844,
          "ci_low": 0.5225580092628934,
          "ci_high": 0.6884611516320853
        },
        "kendall_tau": {
          "mean": 0.43715885132041116,
          "ci_low": 0.37017895237765625,
          "ci_high": 0.5028295840959742
        }
      }
    }
  },
  "epochs_run": 5,
  "fit_observations": 2652,
  "validation_observations": 680,
  "rule": "kuramoto_sakaguchi",
  "generations": 32,
  "hidden_channels": 16,
  "atom_feature_profile": "periodic",
  "atom_feature_count": 33,
  "atom_feature_names": [
    "element_H",
    "element_C",
    "element_N",
    "element_O",
    "element_F",
    "element_P",
    "element_S",
    "element_Cl",
    "element_Br",
    "element_I",
    "element_other",
    "formal_charge",
    "aromatic",
    "hybrid_sp",
    "hybrid_sp2",
    "hybrid_sp3",
    "hybrid_other",
    "degree",
    "total_hydrogens",
    "in_ring",
    "hbond_donor",
    "hbond_acceptor",
    "chiral_cw",
    "chiral_ccw",
    "chiral_other",
    "atomic_number",
    "atomic_mass",
    "covalent_radius",
    "vdw_radius",
    "outer_electrons",
    "period",
    "periodic_group",
    "atomic_volume"
  ],
  "device": "cuda",
  "gpu": "NVIDIA GeForce RTX 5070 Ti",
  "training_seconds": 18.987253600033,
  "peak_gpu_memory_bytes": 242337280,
  "runtime": {
    "operating_system": "Windows-10-10.0.26200-SP0",
    "machine": "AMD64",
    "python": "3.11.16",
    "python_executable": "C:\\Users\\Anthony\\anaconda3\\envs\\strange-matter-gpu\\python.exe",
    "pytorch": "2.11.0+cu128",
    "pytorch_cuda": "12.8",
    "device": "cuda",
    "gpu": "NVIDIA GeForce RTX 5070 Ti"
  },
  "validation_protocol": {
    "kind": "scaffold_cross_validation",
    "fold": 0,
    "folds": 5
  },
  "readout": "differentiable_closed_form_ridge",
  "hyperparameters": {
    "ca_lr": 0.001,
    "ridge": 0.1,
    "ca_l2": 1e-06,
    "gradient_clip": 2.0,
    "update_scale": 0.08,
    "init_scale": 0.5,
    "initial_noise": 0.005,
    "support_fraction": 0.85,
    "bond_temperature": 1.0,
    "dyn_a": 0.5,
    "dyn_b": 0.2,
    "dyn_c": 0.5,
    "dyn_d": 0.05,
    "lr_schedule": "cosine_0.1x"
  }
}
