{"device": "cuda", "gpu": "NVIDIA GeForce RTX 5070 Ti", "pytorch": "2.11.0+cu128", "pytorch_cuda": "12.8"}
{"epoch": 1, "train_rmse": 1.0502159912759248, "validation_rmse": 1.0028133392333984, "mean_raw_gradient_norm": 75.57025203704833, "fraction_gradients_clipped": 1.0}
{"epoch": 2, "train_rmse": 1.1022269482643248, "validation_rmse": 0.9966007471084595, "mean_raw_gradient_norm": 62.789812088012695, "fraction_gradients_clipped": 1.0}
{"epoch": 3, "train_rmse": 1.3030763278853819, "validation_rmse": 0.9939509630203247, "mean_raw_gradient_norm": 52.829576110839845, "fraction_gradients_clipped": 1.0}
{
  "seed": 1701,
  "best_validation_rmse": 0.9966007471084595,
  "restored_fit_rmse": 0.9042503237724304,
  "restored_validation_rmse": 0.9965949058532715,
  "epochs_run": 3,
  "fit_observations": 791,
  "validation_observations": 273,
  "rule": "inertial_reaction_diffusion",
  "generations": 250,
  "hidden_channels": 8,
  "device": "cuda",
  "gpu": "NVIDIA GeForce RTX 5070 Ti",
  "training_seconds": 22.937998000066727,
  "peak_gpu_memory_bytes": 336332800,
  "readout": "differentiable_closed_form_ridge",
  "hyperparameters": {
    "ca_lr": 0.0003,
    "ridge": 0.1,
    "ca_l2": 0.0001,
    "gradient_clip": 2.0,
    "update_scale": 0.4,
    "init_scale": 0.5,
    "initial_noise": 0.005,
    "support_fraction": 0.85,
    "bond_temperature": 0.5,
    "dyn_a": 0.2,
    "dyn_b": 0.2,
    "dyn_c": 0.2,
    "dyn_d": 0.3,
    "lr_schedule": "cosine_0.1x"
  }
}
