{"device": "cuda", "gpu": "NVIDIA GeForce RTX 5070 Ti", "pytorch": "2.11.0+cu128", "pytorch_cuda": "12.8"}
{"epoch": 1, "train_rmse": 1.2189285814912187, "validation_rmse": 0.9386354088783264, "mean_raw_gradient_norm": 11.208756148815155, "fraction_gradients_clipped": 1.0}
{"epoch": 2, "train_rmse": 1.2825321645703065, "validation_rmse": 0.9368124604225159, "mean_raw_gradient_norm": 12.005706906318665, "fraction_gradients_clipped": 1.0}
{"epoch": 3, "train_rmse": 1.2049395887005543, "validation_rmse": 0.935844898223877, "mean_raw_gradient_norm": 9.598996341228485, "fraction_gradients_clipped": 1.0}
{"epoch": 4, "train_rmse": 1.2346133720993453, "validation_rmse": 0.9350748658180237, "mean_raw_gradient_norm": 10.765859052538872, "fraction_gradients_clipped": 1.0}
{"epoch": 5, "train_rmse": 1.2274008453373608, "validation_rmse": 0.9344453811645508, "mean_raw_gradient_norm": 11.912835836410522, "fraction_gradients_clipped": 1.0}
{
  "seed": 1701,
  "best_validation_rmse": 0.9350748658180237,
  "restored_fit_rmse": 0.851901650428772,
  "restored_validation_rmse": 0.935116171836853,
  "epochs_run": 5,
  "fit_observations": 2643,
  "validation_observations": 670,
  "rule": "coupled_map",
  "generations": 16,
  "hidden_channels": 16,
  "device": "cuda",
  "gpu": "NVIDIA GeForce RTX 5070 Ti",
  "training_seconds": 12.028274599928409,
  "peak_gpu_memory_bytes": 119087104,
  "readout": "differentiable_closed_form_ridge",
  "hyperparameters": {
    "ca_lr": 0.0003,
    "ridge": 0.1,
    "ca_l2": 0.0001,
    "gradient_clip": 1.0,
    "update_scale": 0.25,
    "init_scale": 0.5,
    "initial_noise": 0.01,
    "support_fraction": 0.6,
    "bond_temperature": 2.0,
    "dyn_a": 0.5,
    "dyn_b": 0.8,
    "dyn_c": 0.8,
    "dyn_d": 0.3,
    "lr_schedule": "cosine_0.1x"
  }
}
