{"operating_system": "Windows-10-10.0.26200-SP0", "machine": "AMD64", "python": "3.11.16", "python_executable": "C:\\Users\\Anthony\\anaconda3\\envs\\strange-matter-gpu\\python.exe", "pytorch": "2.11.0+cu128", "pytorch_cuda": "12.8", "device": "cuda", "gpu": "NVIDIA GeForce RTX 5070 Ti"}
{"epoch": 1, "train_rmse": 1.0361293091048196, "validation_rmse": 0.8729100227355957, "validation_ma_st_rae": 0.9630844109555348, "validation_CYP1A2_st_rae": 1.0283765517675292, "validation_CYP2C9_st_rae": 0.9881315815448927, "validation_CYP2D6_st_rae": 0.9301985560816415, "validation_CYP3A4_st_rae": 0.9056309544280757, "mean_raw_gradient_norm": 9.293283367156983, "fraction_gradients_clipped": 1.0}
{"epoch": 2, "train_rmse": 1.0635090545485475, "validation_rmse": 0.8797789812088013, "validation_ma_st_rae": 0.9816511062803627, "validation_CYP1A2_st_rae": 1.0329945622888372, "validation_CYP2C9_st_rae": 1.04034623782304, "validation_CYP2D6_st_rae": 0.9366125122455441, "validation_CYP3A4_st_rae": 0.9166511127640297, "mean_raw_gradient_norm": 22.03261399269104, "fraction_gradients_clipped": 1.0}
{"epoch": 3, "train_rmse": 1.1070758945182628, "validation_rmse": 0.8797709345817566, "validation_ma_st_rae": 0.9819274229971587, "validation_CYP1A2_st_rae": 1.0321831749830888, "validation_CYP2C9_st_rae": 1.0401907697302661, "validation_CYP2D6_st_rae": 0.938470234220376, "validation_CYP3A4_st_rae": 0.9168655130549039, "mean_raw_gradient_norm": 24.093749809265137, "fraction_gradients_clipped": 1.0}
{
  "seed": 1701,
  "selection_metric": "validation_ma_st_rae",
  "best_validation_ma_st_rae": 0.9630844109555348,
  "best_validation_rmse": 0.8729100227355957,
  "restored_fit_rmse": 0.9772062301635742,
  "restored_validation_rmse": 0.8729076981544495,
  "restored_fit_ma_st_rae": 0.9404128764280536,
  "restored_validation_ma_st_rae": 0.9749846674681318,
  "restored_validation_point_ma_st_rae": 0.9630659834491582,
  "restored_validation_point_st_rae_by_cyp": {
    "CYP1A2": 1.0283947571855414,
    "CYP2C9": 0.988000575214968,
    "CYP2D6": 0.9302270912279031,
    "CYP3A4": 0.9056415101682197
  },
  "restored_fit_st_rae_by_cyp": {
    "CYP1A2": 0.9143451081217252,
    "CYP2C9": 0.9355874056192462,
    "CYP2D6": 0.966579642839987,
    "CYP3A4": 0.9451393491312561
  },
  "restored_validation_st_rae_by_cyp": {
    "CYP1A2": 1.0280094892169247,
    "CYP2C9": 1.0133687770828461,
    "CYP2D6": 0.9422528399362374,
    "CYP3A4": 0.9163075636365192
  },
  "validation_bootstrap_metrics": {
    "n_bootstrap_samples": 1000,
    "seed": 0,
    "macro": {
      "st_rae": {
        "mean": 0.9749846674681318,
        "ci_low": 0.8797103066544419,
        "ci_high": 1.072033277500135
      },
      "mae": {
        "mean": 0.6564072898173988,
        "ci_low": 0.5966404428576677,
        "ci_high": 0.7243413197511999
      },
      "r2": {
        "mean": 0.04978723265994019,
        "ci_low": -0.05064757869959977,
        "ci_high": 0.13894958426205842
      },
      "spearman_rho": {
        "mean": 0.28866246596946754,
        "ci_low": 0.16581901920927064,
        "ci_high": 0.39933873802433945
      },
      "kendall_tau": {
        "mean": 0.19816309220028464,
        "ci_low": 0.10615016071426492,
        "ci_high": 0.278799587377189
      }
    },
    "per_endpoint": {
      "CYP1A2": {
        "st_rae": {
          "mean": 1.0280094892169247,
          "ci_low": 0.813830107320606,
          "ci_high": 1.264387167991892
        },
        "mae": {
          "mean": 0.701911204971251,
          "ci_low": 0.5490416627438343,
          "ci_high": 0.8842259109997359
        },
        "r2": {
          "mean": 0.047357906314022764,
          "ci_low": -0.1808072418408335,
          "ci_high": 0.22328718938676148
        },
        "spearman_rho": {
          "mean": 0.2523282857516854,
          "ci_low": -0.0018048670392394352,
          "ci_high": 0.499803177216787
        },
        "kendall_tau": {
          "mean": 0.17309472775034795,
          "ci_low": -0.021165373244641534,
          "ci_high": 0.3575219159018258
        }
      },
      "CYP2C9": {
        "st_rae": {
          "mean": 1.0133687770828461,
          "ci_low": 0.7886658731545323,
          "ci_high": 1.260490193087277
        },
        "mae": {
          "mean": 0.5637659525195756,
          "ci_low": 0.44831297904253004,
          "ci_high": 0.6819713927308718
        },
        "r2": {
          "mean": -0.06217772159694897,
          "ci_low": -0.3705629747530511,
          "ci_high": 0.17161868735572167
        },
        "spearman_rho": {
          "mean": 0.18635520366548694,
          "ci_low": -0.10296127419419275,
          "ci_high": 0.44044784813105
        },
        "kendall_tau": {
          "mean": 0.12965890287017676,
          "ci_low": -0.06806615725275889,
          "ci_high": 0.3134727383327606
        }
      },
      "CYP2D6": {
        "st_rae": {
          "mean": 0.9422528399362374,
          "ci_low": 0.8227359179944088,
          "ci_high": 1.0966817094935206
        },
        "mae": {
          "mean": 0.547890187725654,
          "ci_low": 0.4428196392609523,
          "ci_high": 0.6759241489263681
        },
        "r2": {
          "mean": 0.09875460920645504,
          "ci_low": -0.05368840189665133,
          "ci_high": 0.20503325804894154
        },
        "spearman_rho": {
          "mean": 0.34340535842115133,
          "ci_low": 0.09894778290639424,
          "ci_high": 0.5616690196666629
        },
        "kendall_tau": {
          "mean": 0.24364419021359196,
          "ci_low": 0.06337641956969668,
          "ci_high": 0.40940831214199475
        }
      },
      "CYP3A4": {
        "st_rae": {
          "mean": 0.9163075636365192,
          "ci_low": 0.8071640048460889,
          "ci_high": 1.0698567099306402
        },
        "mae": {
          "mean": 0.8120618140531141,
          "ci_low": 0.6962445866923,
          "ci_high": 0.9248029510642207
        },
        "r2": {
          "mean": 0.11521413671623192,
          "ci_low": 0.020525648446329117,
          "ci_high": 0.19561116267904194
        },
        "spearman_rho": {
          "mean": 0.37256101603954633,
          "ci_low": 0.17834533358077637,
          "ci_high": 0.5422778822027738
        },
        "kendall_tau": {
          "mean": 0.2462545479670219,
          "ci_low": 0.11235437832365741,
          "ci_high": 0.37028873302326026
        }
      }
    }
  },
  "epochs_run": 3,
  "fit_observations": 806,
  "validation_observations": 272,
  "rule": "coupled_map",
  "generations": 250,
  "hidden_channels": 8,
  "atom_feature_profile": "valence",
  "atom_feature_count": 30,
  "atom_feature_names": [
    "element_H",
    "element_C",
    "element_N",
    "element_O",
    "element_F",
    "element_P",
    "element_S",
    "element_Cl",
    "element_Br",
    "element_I",
    "element_other",
    "formal_charge",
    "aromatic",
    "hybrid_sp",
    "hybrid_sp2",
    "hybrid_sp3",
    "hybrid_other",
    "degree",
    "total_hydrogens",
    "in_ring",
    "hbond_donor",
    "hbond_acceptor",
    "chiral_cw",
    "chiral_ccw",
    "chiral_other",
    "total_valence",
    "implicit_valence",
    "heavy_atom_degree",
    "radical_electrons",
    "absolute_formal_charge"
  ],
  "device": "cuda",
  "gpu": "NVIDIA GeForce RTX 5070 Ti",
  "training_seconds": 17.908862499985844,
  "peak_gpu_memory_bytes": 766030336,
  "runtime": {
    "operating_system": "Windows-10-10.0.26200-SP0",
    "machine": "AMD64",
    "python": "3.11.16",
    "python_executable": "C:\\Users\\Anthony\\anaconda3\\envs\\strange-matter-gpu\\python.exe",
    "pytorch": "2.11.0+cu128",
    "pytorch_cuda": "12.8",
    "device": "cuda",
    "gpu": "NVIDIA GeForce RTX 5070 Ti"
  },
  "validation_protocol": {
    "kind": "scaffold_cross_validation",
    "fold": 0,
    "folds": 5
  },
  "readout": "differentiable_closed_form_ridge",
  "hyperparameters": {
    "ca_lr": 0.0003,
    "ridge": 1.0,
    "ca_l2": 0.0001,
    "gradient_clip": 2.0,
    "update_scale": 0.25,
    "init_scale": 0.5,
    "initial_noise": 0.0,
    "support_fraction": 0.85,
    "bond_temperature": 0.5,
    "dyn_a": 0.5,
    "dyn_b": 0.8,
    "dyn_c": 0.5,
    "dyn_d": 0.3,
    "lr_schedule": "cosine_0.1x"
  }
}
