{"device": "cuda", "gpu": "NVIDIA GeForce RTX 5070 Ti", "pytorch": "2.11.0+cu128", "pytorch_cuda": "12.8"}
{"epoch": 1, "train_rmse": 1.2999743335677143, "validation_rmse": 0.9283585548400879, "mean_raw_gradient_norm": 24.70174059560222, "fraction_gradients_clipped": 1.0}
{"epoch": 2, "train_rmse": 1.3839777204586605, "validation_rmse": 0.9272559881210327, "mean_raw_gradient_norm": 38.382744589159564, "fraction_gradients_clipped": 1.0}
{"epoch": 3, "train_rmse": 1.2329069904183454, "validation_rmse": 0.9264748692512512, "mean_raw_gradient_norm": 20.328098474010343, "fraction_gradients_clipped": 1.0}
{"epoch": 4, "train_rmse": 1.3717033245662182, "validation_rmse": 0.9261059165000916, "mean_raw_gradient_norm": 35.11390505298491, "fraction_gradients_clipped": 1.0}
{"epoch": 5, "train_rmse": 1.2755241487336246, "validation_rmse": 0.9260780215263367, "mean_raw_gradient_norm": 30.28783852823319, "fraction_gradients_clipped": 1.0}
{
  "seed": 1701,
  "best_validation_rmse": 0.9283585548400879,
  "restored_fit_rmse": 0.8704409599304199,
  "restored_validation_rmse": 0.9283627867698669,
  "epochs_run": 5,
  "fit_observations": 5216,
  "validation_observations": 1309,
  "rule": "damped_symplectic",
  "generations": 32,
  "hidden_channels": 8,
  "device": "cuda",
  "gpu": "NVIDIA GeForce RTX 5070 Ti",
  "training_seconds": 40.9589452999644,
  "peak_gpu_memory_bytes": 60009472,
  "readout": "differentiable_closed_form_ridge",
  "hyperparameters": {
    "ca_lr": 0.0003,
    "ridge": 0.01,
    "ca_l2": 1e-05,
    "gradient_clip": 1.0,
    "update_scale": 0.08,
    "init_scale": 1.0,
    "initial_noise": 0.0,
    "support_fraction": 0.85,
    "bond_temperature": 2.0,
    "dyn_a": 0.2,
    "dyn_b": 0.5,
    "dyn_c": 0.2,
    "dyn_d": 0.3,
    "lr_schedule": "cosine_0.1x"
  }
}
