{"operating_system": "Windows-10-10.0.26200-SP0", "machine": "AMD64", "python": "3.11.16", "python_executable": "C:\\Users\\Anthony\\anaconda3\\envs\\strange-matter-gpu\\python.exe", "pytorch": "2.11.0+cu128", "pytorch_cuda": "12.8", "device": "cuda", "gpu": "NVIDIA GeForce RTX 5070 Ti"}
{"epoch": 1, "train_rmse": 1.010104747839033, "validation_rmse": 0.8643493056297302, "validation_ma_st_rae": 0.947636540840317, "validation_CYP1A2_st_rae": 0.9894909249729186, "validation_CYP2C9_st_rae": 0.7476639776930916, "validation_CYP2D6_st_rae": 1.197849107212466, "validation_CYP3A4_st_rae": 0.855542153482792, "mean_raw_gradient_norm": 5.330234408378601, "fraction_gradients_clipped": 1.0}
{"epoch": 2, "train_rmse": 1.014578837504938, "validation_rmse": 0.8605759739875793, "validation_ma_st_rae": 0.9457329260253197, "validation_CYP1A2_st_rae": 0.9760261980229201, "validation_CYP2C9_st_rae": 0.7378387944975773, "validation_CYP2D6_st_rae": 1.21712346194309, "validation_CYP3A4_st_rae": 0.8519432496376914, "mean_raw_gradient_norm": 7.247470065951347, "fraction_gradients_clipped": 1.0}
{"epoch": 3, "train_rmse": 1.0203421261482022, "validation_rmse": 0.858662486076355, "validation_ma_st_rae": 0.9464613246252216, "validation_CYP1A2_st_rae": 0.9755203275137309, "validation_CYP2C9_st_rae": 0.7419527947215239, "validation_CYP2D6_st_rae": 1.2223748192896655, "validation_CYP3A4_st_rae": 0.845997356975966, "mean_raw_gradient_norm": 5.145911172032356, "fraction_gradients_clipped": 1.0}
{"epoch": 4, "train_rmse": 1.0229353700499284, "validation_rmse": 0.8577597737312317, "validation_ma_st_rae": 0.9464461034580582, "validation_CYP1A2_st_rae": 0.978110425410834, "validation_CYP2C9_st_rae": 0.7365938461499247, "validation_CYP2D6_st_rae": 1.2327804395420936, "validation_CYP3A4_st_rae": 0.8382997027293806, "mean_raw_gradient_norm": 7.89841265976429, "fraction_gradients_clipped": 1.0}
{
  "seed": 1701,
  "selection_metric": "validation_ma_st_rae",
  "best_validation_ma_st_rae": 0.947636540840317,
  "best_validation_rmse": 0.8643493056297302,
  "restored_fit_rmse": 0.9189469814300537,
  "restored_validation_rmse": 0.8643600940704346,
  "restored_fit_ma_st_rae": 0.9256121963688758,
  "restored_validation_ma_st_rae": 0.9522594955130651,
  "restored_validation_point_ma_st_rae": 0.9476311063492984,
  "restored_validation_point_st_rae_by_cyp": {
    "CYP1A2": 0.9895090102034605,
    "CYP2C9": 0.7475956925636412,
    "CYP2D6": 1.1979238287917262,
    "CYP3A4": 0.8554958938383657
  },
  "restored_fit_st_rae_by_cyp": {
    "CYP1A2": 0.9602915982643617,
    "CYP2C9": 0.8573096331494505,
    "CYP2D6": 1.060134681971286,
    "CYP3A4": 0.8247128720904052
  },
  "restored_validation_st_rae_by_cyp": {
    "CYP1A2": 0.9930763050140559,
    "CYP2C9": 0.7530390950511924,
    "CYP2D6": 1.2043852676961229,
    "CYP3A4": 0.8585373142908894
  },
  "validation_bootstrap_metrics": {
    "n_bootstrap_samples": 1000,
    "seed": 0,
    "macro": {
      "st_rae": {
        "mean": 0.9522594955130651,
        "ci_low": 0.8874951056724423,
        "ci_high": 1.018534493711439
      },
      "mae": {
        "mean": 0.6451969323600929,
        "ci_low": 0.603323402967789,
        "ci_high": 0.6899063901897057
      },
      "r2": {
        "mean": 0.07422200204501121,
        "ci_low": 0.00960344975379959,
        "ci_high": 0.13450562123406734
      },
      "spearman_rho": {
        "mean": 0.35566923498685005,
        "ci_low": 0.28739818871082745,
        "ci_high": 0.4238945625166382
      },
      "kendall_tau": {
        "mean": 0.24973959408210106,
        "ci_low": 0.20027100795128963,
        "ci_high": 0.30022768674561456
      }
    },
    "per_endpoint": {
      "CYP1A2": {
        "st_rae": {
          "mean": 0.9930763050140559,
          "ci_low": 0.8479807995145332,
          "ci_high": 1.15670100185183
        },
        "mae": {
          "mean": 0.673239035702927,
          "ci_low": 0.5606921995399703,
          "ci_high": 0.7933917457998638
        },
        "r2": {
          "mean": 0.04922767143408644,
          "ci_low": -0.09084526588291521,
          "ci_high": 0.16619882300111719
        },
        "spearman_rho": {
          "mean": 0.3596101087832758,
          "ci_low": 0.2044585335204562,
          "ci_high": 0.505471099452061
        },
        "kendall_tau": {
          "mean": 0.24916008894627106,
          "ci_low": 0.1465624819029,
          "ci_high": 0.35267586461724904
        }
      },
      "CYP2C9": {
        "st_rae": {
          "mean": 0.7530390950511924,
          "ci_low": 0.630661842977619,
          "ci_high": 0.8994045877099055
        },
        "mae": {
          "mean": 0.5390894084359608,
          "ci_low": 0.46407458425438314,
          "ci_high": 0.6152866254757791
        },
        "r2": {
          "mean": 0.25249626803335845,
          "ci_low": 0.13441091440398295,
          "ci_high": 0.35542046035686936
        },
        "spearman_rho": {
          "mean": 0.4667152181183717,
          "ci_low": 0.3071053688348432,
          "ci_high": 0.6113419077105819
        },
        "kendall_tau": {
          "mean": 0.3306611243121262,
          "ci_low": 0.2120004567918087,
          "ci_high": 0.4426708972410252
        }
      },
      "CYP2D6": {
        "st_rae": {
          "mean": 1.2043852676961229,
          "ci_low": 1.0777916646003245,
          "ci_high": 1.3476012056116995
        },
        "mae": {
          "mean": 0.6185749682270507,
          "ci_low": 0.532817452996032,
          "ci_high": 0.7087775700497176
        },
        "r2": {
          "mean": -0.2339383475960093,
          "ci_low": -0.41713299388568037,
          "ci_high": -0.07800669502629379
        },
        "spearman_rho": {
          "mean": 0.12133494441857377,
          "ci_low": -0.023427258291194117,
          "ci_high": 0.27530354945504454
        },
        "kendall_tau": {
          "mean": 0.08114967957709895,
          "ci_low": -0.012355565258210476,
          "ci_high": 0.18206846807718557
        }
      },
      "CYP3A4": {
        "st_rae": {
          "mean": 0.8585373142908894,
          "ci_low": 0.7603499511397102,
          "ci_high": 0.957832077355524
        },
        "mae": {
          "mean": 0.7498843170744328,
          "ci_low": 0.6826608992312565,
          "ci_high": 0.8176063059652147
        },
        "r2": {
          "mean": 0.22910241630860925,
          "ci_low": 0.11970349536153872,
          "ci_high": 0.32029539825168957
        },
        "spearman_rho": {
          "mean": 0.475016668627179,
          "ci_low": 0.35986732887984735,
          "ci_high": 0.5731250168798863
        },
        "kendall_tau": {
          "mean": 0.3379874834929081,
          "ci_low": 0.2541894921033539,
          "ci_high": 0.41537721616403084
        }
      }
    }
  },
  "epochs_run": 4,
  "fit_observations": 2652,
  "validation_observations": 680,
  "rule": "fitzhugh_nagumo",
  "generations": 32,
  "hidden_channels": 4,
  "atom_feature_profile": "periodic",
  "atom_feature_count": 33,
  "atom_feature_names": [
    "element_H",
    "element_C",
    "element_N",
    "element_O",
    "element_F",
    "element_P",
    "element_S",
    "element_Cl",
    "element_Br",
    "element_I",
    "element_other",
    "formal_charge",
    "aromatic",
    "hybrid_sp",
    "hybrid_sp2",
    "hybrid_sp3",
    "hybrid_other",
    "degree",
    "total_hydrogens",
    "in_ring",
    "hbond_donor",
    "hbond_acceptor",
    "chiral_cw",
    "chiral_ccw",
    "chiral_other",
    "atomic_number",
    "atomic_mass",
    "covalent_radius",
    "vdw_radius",
    "outer_electrons",
    "period",
    "periodic_group",
    "atomic_volume"
  ],
  "device": "cuda",
  "gpu": "NVIDIA GeForce RTX 5070 Ti",
  "training_seconds": 13.739490299951285,
  "peak_gpu_memory_bytes": 59065856,
  "runtime": {
    "operating_system": "Windows-10-10.0.26200-SP0",
    "machine": "AMD64",
    "python": "3.11.16",
    "python_executable": "C:\\Users\\Anthony\\anaconda3\\envs\\strange-matter-gpu\\python.exe",
    "pytorch": "2.11.0+cu128",
    "pytorch_cuda": "12.8",
    "device": "cuda",
    "gpu": "NVIDIA GeForce RTX 5070 Ti"
  },
  "validation_protocol": {
    "kind": "scaffold_cross_validation",
    "fold": 0,
    "folds": 5
  },
  "readout": "differentiable_closed_form_ridge",
  "hyperparameters": {
    "ca_lr": 0.001,
    "ridge": 0.1,
    "ca_l2": 0.0001,
    "gradient_clip": 0.5,
    "update_scale": 0.4,
    "init_scale": 1.5,
    "initial_noise": 0.0,
    "support_fraction": 0.75,
    "bond_temperature": 2.0,
    "dyn_a": 0.2,
    "dyn_b": 0.8,
    "dyn_c": 0.8,
    "dyn_d": 0.05,
    "lr_schedule": "cosine_0.1x"
  }
}
