{"operating_system": "Windows-10-10.0.26200-SP0", "machine": "AMD64", "python": "3.11.16", "python_executable": "C:\\Users\\Anthony\\anaconda3\\envs\\strange-matter-gpu\\python.exe", "pytorch": "2.11.0+cu128", "pytorch_cuda": "12.8", "device": "cuda", "gpu": "NVIDIA GeForce RTX 5070 Ti"}
{"epoch": 1, "train_rmse": 0.9712882910430998, "validation_rmse": 0.8805249333381653, "validation_ma_st_rae": 0.8988293755871886, "validation_CYP1A2_st_rae": 0.973068516671561, "validation_CYP2C9_st_rae": 0.7789368220709435, "validation_CYP2D6_st_rae": 1.0940818260774754, "validation_CYP3A4_st_rae": 0.7492303375287747, "mean_raw_gradient_norm": 3.5491855815052986, "fraction_gradients_clipped": 1.0}
{"epoch": 2, "train_rmse": 0.9157958907589516, "validation_rmse": 0.8726598024368286, "validation_ma_st_rae": 0.8803192673632059, "validation_CYP1A2_st_rae": 0.9402411860940985, "validation_CYP2C9_st_rae": 0.7607435799453133, "validation_CYP2D6_st_rae": 1.0765074605820462, "validation_CYP3A4_st_rae": 0.7437848428313655, "mean_raw_gradient_norm": 2.382882744073868, "fraction_gradients_clipped": 1.0}
{"epoch": 3, "train_rmse": 0.9505116692908595, "validation_rmse": 0.873092532157898, "validation_ma_st_rae": 0.8840881016004016, "validation_CYP1A2_st_rae": 0.953243715520104, "validation_CYP2C9_st_rae": 0.755757682309038, "validation_CYP2D6_st_rae": 1.0903339848762243, "validation_CYP3A4_st_rae": 0.7370170236962401, "mean_raw_gradient_norm": 2.519005484879017, "fraction_gradients_clipped": 1.0}
{"epoch": 4, "train_rmse": 0.9575356359014736, "validation_rmse": 0.8735396862030029, "validation_ma_st_rae": 0.8871553659435683, "validation_CYP1A2_st_rae": 0.958261029682289, "validation_CYP2C9_st_rae": 0.7475143051793132, "validation_CYP2D6_st_rae": 1.1184791710451494, "validation_CYP3A4_st_rae": 0.7243669578675214, "mean_raw_gradient_norm": 2.6243755742907524, "fraction_gradients_clipped": 1.0}
{"epoch": 5, "train_rmse": 0.9003561038010024, "validation_rmse": 0.8747004866600037, "validation_ma_st_rae": 0.8862960166704115, "validation_CYP1A2_st_rae": 0.9626661910717234, "validation_CYP2C9_st_rae": 0.7396904735739251, "validation_CYP2D6_st_rae": 1.1059630548847301, "validation_CYP3A4_st_rae": 0.7368643471512674, "mean_raw_gradient_norm": 2.7217998802661896, "fraction_gradients_clipped": 1.0}
{
  "seed": 1701,
  "selection_metric": "validation_ma_st_rae",
  "best_validation_ma_st_rae": 0.8803192673632059,
  "best_validation_rmse": 0.8726598024368286,
  "restored_fit_rmse": 0.8386346101760864,
  "restored_validation_rmse": 0.8696086406707764,
  "restored_fit_ma_st_rae": 0.8297528370361499,
  "restored_validation_ma_st_rae": 0.8802419641438908,
  "restored_validation_point_ma_st_rae": 0.876393810783324,
  "restored_validation_point_st_rae_by_cyp": {
    "CYP1A2": 0.9423335305911438,
    "CYP2C9": 0.7400127382742999,
    "CYP2D6": 1.08453202772611,
    "CYP3A4": 0.7386969465417428
  },
  "restored_fit_st_rae_by_cyp": {
    "CYP1A2": 0.8498195821328359,
    "CYP2C9": 0.7149935997630381,
    "CYP2D6": 1.0511835073677624,
    "CYP3A4": 0.7030146588809628
  },
  "restored_validation_st_rae_by_cyp": {
    "CYP1A2": 0.948583041502515,
    "CYP2C9": 0.7438652868869803,
    "CYP2D6": 1.0878338507690657,
    "CYP3A4": 0.7406856774170021
  },
  "validation_bootstrap_metrics": {
    "n_bootstrap_samples": 1000,
    "seed": 0,
    "macro": {
      "st_rae": {
        "mean": 0.8802419641438908,
        "ci_low": 0.8070008036552173,
        "ci_high": 0.9550627821677558
      },
      "mae": {
        "mean": 0.6339887309253707,
        "ci_low": 0.5921781660754428,
        "ci_high": 0.6768574859273345
      },
      "r2": {
        "mean": 0.17103711195525165,
        "ci_low": 0.09524219597328594,
        "ci_high": 0.242126234640511
      },
      "spearman_rho": {
        "mean": 0.4246013024667034,
        "ci_low": 0.3569464205544878,
        "ci_high": 0.4898541645099581
      },
      "kendall_tau": {
        "mean": 0.29747037289809936,
        "ci_low": 0.2471007458171535,
        "ci_high": 0.3459369242707506
      }
    },
    "per_endpoint": {
      "CYP1A2": {
        "st_rae": {
          "mean": 0.948583041502515,
          "ci_low": 0.8131663972758428,
          "ci_high": 1.1083327812294037
        },
        "mae": {
          "mean": 0.6962810219674216,
          "ci_low": 0.5972784515279923,
          "ci_high": 0.7991521418964775
        },
        "r2": {
          "mean": 0.13904890235258138,
          "ci_low": 0.007397411728639834,
          "ci_high": 0.2675961648460738
        },
        "spearman_rho": {
          "mean": 0.44926651779636473,
          "ci_low": 0.3177918140672877,
          "ci_high": 0.5736546946715122
        },
        "kendall_tau": {
          "mean": 0.30510681569402415,
          "ci_low": 0.20661250683993096,
          "ci_high": 0.39945226052285987
        }
      },
      "CYP2C9": {
        "st_rae": {
          "mean": 0.7438652868869803,
          "ci_low": 0.5753824374750444,
          "ci_high": 0.9274083263038153
        },
        "mae": {
          "mean": 0.4877115515588804,
          "ci_low": 0.4150488628230932,
          "ci_high": 0.5679771053882045
        },
        "r2": {
          "mean": 0.2421724033701877,
          "ci_low": 0.0625418732968322,
          "ci_high": 0.400562254342842
        },
        "spearman_rho": {
          "mean": 0.5370039022702879,
          "ci_low": 0.4027593546731929,
          "ci_high": 0.6614467158018361
        },
        "kendall_tau": {
          "mean": 0.38104811287144613,
          "ci_low": 0.2750586084768794,
          "ci_high": 0.4807447822629889
        }
      },
      "CYP2D6": {
        "st_rae": {
          "mean": 1.0878338507690657,
          "ci_low": 0.9352637512070516,
          "ci_high": 1.2719169766994776
        },
        "mae": {
          "mean": 0.6278458743739302,
          "ci_low": 0.5327038738414319,
          "ci_high": 0.7294936243199954
        },
        "r2": {
          "mean": 0.03718809886798695,
          "ci_low": -0.14344158973086152,
          "ci_high": 0.1922949473940838
        },
        "spearman_rho": {
          "mean": 0.1971493768680565,
          "ci_low": 0.020160170647704662,
          "ci_high": 0.36882764750961083
        },
        "kendall_tau": {
          "mean": 0.13613651317244593,
          "ci_low": 0.014600917255847086,
          "ci_high": 0.25982734095511917
        }
      },
      "CYP3A4": {
        "st_rae": {
          "mean": 0.7406856774170021,
          "ci_low": 0.6351234254598341,
          "ci_high": 0.8475107223363681
        },
        "mae": {
          "mean": 0.7241164758012503,
          "ci_low": 0.6476776701038803,
          "ci_high": 0.802846436530228
        },
        "r2": {
          "mean": 0.26573904323025055,
          "ci_low": 0.14603491586159845,
          "ci_high": 0.3800640857442329
        },
        "spearman_rho": {
          "mean": 0.5149854129321045,
          "ci_low": 0.4105250497250683,
          "ci_high": 0.6138919895013167
        },
        "kendall_tau": {
          "mean": 0.3675900498544811,
          "ci_low": 0.28987273881285136,
          "ci_high": 0.4452251896308974
        }
      }
    }
  },
  "epochs_run": 5,
  "fit_observations": 2659,
  "validation_observations": 646,
  "rule": "coupled_map",
  "generations": 125,
  "hidden_channels": 16,
  "atom_feature_profile": "periodic_electronic",
  "atom_feature_count": 41,
  "atom_feature_names": [
    "element_H",
    "element_C",
    "element_N",
    "element_O",
    "element_F",
    "element_P",
    "element_S",
    "element_Cl",
    "element_Br",
    "element_I",
    "element_other",
    "formal_charge",
    "aromatic",
    "hybrid_sp",
    "hybrid_sp2",
    "hybrid_sp3",
    "hybrid_other",
    "degree",
    "total_hydrogens",
    "in_ring",
    "hbond_donor",
    "hbond_acceptor",
    "chiral_cw",
    "chiral_ccw",
    "chiral_other",
    "atomic_number",
    "atomic_mass",
    "covalent_radius",
    "vdw_radius",
    "outer_electrons",
    "period",
    "periodic_group",
    "atomic_volume",
    "electronegativity",
    "polarizability",
    "heteroatom",
    "halogen",
    "conjugated_bond_fraction",
    "first_ionization_energy",
    "electron_affinity",
    "electronic_property_missing"
  ],
  "device": "cuda",
  "gpu": "NVIDIA GeForce RTX 5070 Ti",
  "training_seconds": 43.94980639999267,
  "peak_gpu_memory_bytes": 784785408,
  "runtime": {
    "operating_system": "Windows-10-10.0.26200-SP0",
    "machine": "AMD64",
    "python": "3.11.16",
    "python_executable": "C:\\Users\\Anthony\\anaconda3\\envs\\strange-matter-gpu\\python.exe",
    "pytorch": "2.11.0+cu128",
    "pytorch_cuda": "12.8",
    "device": "cuda",
    "gpu": "NVIDIA GeForce RTX 5070 Ti"
  },
  "validation_protocol": {
    "kind": "scaffold_cross_validation",
    "fold": 1,
    "folds": 5
  },
  "readout": "differentiable_closed_form_ridge",
  "hyperparameters": {
    "ca_lr": 0.003,
    "ridge": 1.0,
    "ca_l2": 1e-06,
    "gradient_clip": 1.0,
    "update_scale": 0.4,
    "init_scale": 0.5,
    "initial_noise": 0.0,
    "support_fraction": 0.75,
    "bond_temperature": 2.0,
    "dyn_a": 0.5,
    "dyn_b": 0.5,
    "dyn_c": 0.2,
    "dyn_d": 0.3,
    "lr_schedule": "cosine_0.1x"
  }
}
