{"operating_system": "Windows-10-10.0.26200-SP0", "machine": "AMD64", "python": "3.11.16", "python_executable": "C:\\Users\\Anthony\\anaconda3\\envs\\strange-matter-gpu\\python.exe", "pytorch": "2.11.0+cu128", "pytorch_cuda": "12.8", "device": "cuda", "gpu": "NVIDIA GeForce RTX 5070 Ti"}
{"epoch": 1, "train_rmse": 1.1526726015168678, "validation_rmse": 0.8854745626449585, "validation_ma_st_rae": 0.8176715872706037, "validation_CYP1A2_st_rae": 0.8209333586631553, "validation_CYP2C9_st_rae": 0.8277789632462692, "validation_CYP2D6_st_rae": 0.9736449564786517, "validation_CYP3A4_st_rae": 0.6483290706943386, "mean_raw_gradient_norm": 6.595001074575609, "fraction_gradients_clipped": 1.0}
{"epoch": 2, "train_rmse": 1.0675465467629222, "validation_rmse": 0.8813329339027405, "validation_ma_st_rae": 0.8112655069557443, "validation_CYP1A2_st_rae": 0.8217673006331273, "validation_CYP2C9_st_rae": 0.8072339524173857, "validation_CYP2D6_st_rae": 0.9776176410900427, "validation_CYP3A4_st_rae": 0.6384431336824213, "mean_raw_gradient_norm": 5.078641699206445, "fraction_gradients_clipped": 1.0}
{"epoch": 3, "train_rmse": 1.0761934639285478, "validation_rmse": 0.8802501559257507, "validation_ma_st_rae": 0.8110162209135872, "validation_CYP1A2_st_rae": 0.830274768684947, "validation_CYP2C9_st_rae": 0.8035100812249893, "validation_CYP2D6_st_rae": 0.9958618549554578, "validation_CYP3A4_st_rae": 0.6144181787889547, "mean_raw_gradient_norm": 4.66154493055036, "fraction_gradients_clipped": 1.0}
{"epoch": 4, "train_rmse": 1.120109334682189, "validation_rmse": 0.8774489760398865, "validation_ma_st_rae": 0.8029542153546411, "validation_CYP1A2_st_rae": 0.8210168258098155, "validation_CYP2C9_st_rae": 0.7951963775066918, "validation_CYP2D6_st_rae": 0.9735517282953334, "validation_CYP3A4_st_rae": 0.6220519298067235, "mean_raw_gradient_norm": 6.106880030324382, "fraction_gradients_clipped": 1.0}
{"epoch": 5, "train_rmse": 1.0475345611300464, "validation_rmse": 0.8794880509376526, "validation_ma_st_rae": 0.8133804656686974, "validation_CYP1A2_st_rae": 0.8437136831965136, "validation_CYP2C9_st_rae": 0.8037379129934665, "validation_CYP2D6_st_rae": 0.9914853103064293, "validation_CYP3A4_st_rae": 0.6145849561783797, "mean_raw_gradient_norm": 3.8535581250344553, "fraction_gradients_clipped": 1.0}
{"epoch": 6, "train_rmse": 1.0303651295704521, "validation_rmse": 0.8772253394126892, "validation_ma_st_rae": 0.807598082092992, "validation_CYP1A2_st_rae": 0.8389406360837304, "validation_CYP2C9_st_rae": 0.7761020657660972, "validation_CYP2D6_st_rae": 1.0037567582984932, "validation_CYP3A4_st_rae": 0.6115928682236473, "mean_raw_gradient_norm": 3.8911177150664793, "fraction_gradients_clipped": 1.0}
{"epoch": 7, "train_rmse": 1.0456276021680013, "validation_rmse": 0.8785884976387024, "validation_ma_st_rae": 0.8125908287599859, "validation_CYP1A2_st_rae": 0.8433365320353096, "validation_CYP2C9_st_rae": 0.7896353421303138, "validation_CYP2D6_st_rae": 0.9988729225612899, "validation_CYP3A4_st_rae": 0.6185185183130303, "mean_raw_gradient_norm": 4.012728629573699, "fraction_gradients_clipped": 1.0}
{"epoch": 8, "train_rmse": 1.0972536425765418, "validation_rmse": 0.8782650828361511, "validation_ma_st_rae": 0.8157150751029548, "validation_CYP1A2_st_rae": 0.8330423559045912, "validation_CYP2C9_st_rae": 0.8085405143617075, "validation_CYP2D6_st_rae": 1.0129518914562754, "validation_CYP3A4_st_rae": 0.6083255386892455, "mean_raw_gradient_norm": 5.044463542199904, "fraction_gradients_clipped": 1.0}
{"epoch": 9, "train_rmse": 1.0124275613513491, "validation_rmse": 0.8739434480667114, "validation_ma_st_rae": 0.8062133211454713, "validation_CYP1A2_st_rae": 0.8298998446011873, "validation_CYP2C9_st_rae": 0.8007357320604862, "validation_CYP2D6_st_rae": 0.9966805569004686, "validation_CYP3A4_st_rae": 0.597537151019743, "mean_raw_gradient_norm": 3.577511683587105, "fraction_gradients_clipped": 1.0}
{"dynamics_phase": "screen_start", "validation_pairs": 1309}
{"dynamics_phase": "screen_complete", "validation_pairs": 1309}
{
  "seed": 1701,
  "selection_metric": "validation_ma_st_rae",
  "best_validation_ma_st_rae": 0.8029542153546411,
  "best_validation_rmse": 0.8774489760398865,
  "restored_fit_rmse": 0.8235573172569275,
  "restored_validation_rmse": 0.8774474859237671,
  "restored_fit_ma_st_rae": 0.8221733554121016,
  "restored_validation_ma_st_rae": 0.807286801280223,
  "restored_validation_point_ma_st_rae": 0.8029642943894351,
  "restored_validation_point_st_rae_by_cyp": {
    "CYP1A2": 0.8209909590053761,
    "CYP2C9": 0.7952600231336784,
    "CYP2D6": 0.973607400663486,
    "CYP3A4": 0.6219987947551999
  },
  "restored_fit_st_rae_by_cyp": {
    "CYP1A2": 0.8603538139817168,
    "CYP2C9": 0.7420409946495762,
    "CYP2D6": 0.9993060060793068,
    "CYP3A4": 0.6869926069378066
  },
  "restored_validation_st_rae_by_cyp": {
    "CYP1A2": 0.8256617980067847,
    "CYP2C9": 0.8028401736412001,
    "CYP2D6": 0.9767487274843831,
    "CYP3A4": 0.6238965059885243
  },
  "validation_bootstrap_metrics": {
    "n_bootstrap_samples": 1000,
    "seed": 0,
    "macro": {
      "st_rae": {
        "mean": 0.807286801280223,
        "ci_low": 0.7610052113844447,
        "ci_high": 0.8530849137935896
      },
      "mae": {
        "mean": 0.645193224293466,
        "ci_low": 0.6110062471813656,
        "ci_high": 0.6788115773159673
      },
      "r2": {
        "mean": 0.24410749595104636,
        "ci_low": 0.2008252833509374,
        "ci_high": 0.2880753126396113
      },
      "spearman_rho": {
        "mean": 0.4914728653464646,
        "ci_low": 0.4471846924200992,
        "ci_high": 0.5387334804747678
      },
      "kendall_tau": {
        "mean": 0.3478167754529537,
        "ci_low": 0.31431686970747585,
        "ci_high": 0.3837458137402977
      }
    },
    "per_endpoint": {
      "CYP1A2": {
        "st_rae": {
          "mean": 0.8256617980067847,
          "ci_low": 0.7272030575018115,
          "ci_high": 0.9462951607982113
        },
        "mae": {
          "mean": 0.7080270700288169,
          "ci_low": 0.628244564112495,
          "ci_high": 0.785632215867586
        },
        "r2": {
          "mean": 0.20923179092221506,
          "ci_low": 0.09856843173153736,
          "ci_high": 0.297486207392961
        },
        "spearman_rho": {
          "mean": 0.441760319025911,
          "ci_low": 0.34299466137729623,
          "ci_high": 0.5375916460816664
        },
        "kendall_tau": {
          "mean": 0.3096691853563506,
          "ci_low": 0.23471860529469019,
          "ci_high": 0.3848357881295712
        }
      },
      "CYP2C9": {
        "st_rae": {
          "mean": 0.8028401736412001,
          "ci_low": 0.7007936473197891,
          "ci_high": 0.9174420505705733
        },
        "mae": {
          "mean": 0.5392846906601436,
          "ci_low": 0.48219967441899436,
          "ci_high": 0.5963677837498604
        },
        "r2": {
          "mean": 0.24713469346311376,
          "ci_low": 0.12659668031147003,
          "ci_high": 0.3578601503863051
        },
        "spearman_rho": {
          "mean": 0.5393281222354915,
          "ci_low": 0.43677591549423356,
          "ci_high": 0.6355678164695884
        },
        "kendall_tau": {
          "mean": 0.3877291599852215,
          "ci_low": 0.3103434593530775,
          "ci_high": 0.4654866194650447
        }
      },
      "CYP2D6": {
        "st_rae": {
          "mean": 0.9767487274843831,
          "ci_low": 0.9059296976653359,
          "ci_high": 1.050571363554734
        },
        "mae": {
          "mean": 0.6875335286360521,
          "ci_low": 0.6152991671745593,
          "ci_high": 0.7657444844887806
        },
        "r2": {
          "mean": 0.05487231692364258,
          "ci_low": -0.010241300269781711,
          "ci_high": 0.12122558593300232
        },
        "spearman_rho": {
          "mean": 0.26594073668772833,
          "ci_low": 0.16098749120647846,
          "ci_high": 0.36465493606870725
        },
        "kendall_tau": {
          "mean": 0.175646325193199,
          "ci_low": 0.10314091199282209,
          "ci_high": 0.24538230688813933
        }
      },
      "CYP3A4": {
        "st_rae": {
          "mean": 0.6238965059885243,
          "ci_low": 0.5652530603484484,
          "ci_high": 0.6857456323295454
        },
        "mae": {
          "mean": 0.6459276078488516,
          "ci_low": 0.6036773774351762,
          "ci_high": 0.6911293401148008
        },
        "r2": {
          "mean": 0.4651911824952141,
          "ci_low": 0.4107643445661876,
          "ci_high": 0.5156200440354347
        },
        "spearman_rho": {
          "mean": 0.7188622834367276,
          "ci_low": 0.6722450280908553,
          "ci_high": 0.7593412637518289
        },
        "kendall_tau": {
          "mean": 0.5182224312770438,
          "ci_low": 0.47956253451631925,
          "ci_high": 0.5544604125798909
        }
      }
    }
  },
  "epochs_run": 9,
  "fit_observations": 5216,
  "validation_observations": 1309,
  "rule": "gated_residual",
  "generations": 64,
  "hidden_channels": 16,
  "atom_feature_profile": "local_environment",
  "atom_feature_count": 29,
  "atom_feature_names": [
    "element_H",
    "element_C",
    "element_N",
    "element_O",
    "element_F",
    "element_P",
    "element_S",
    "element_Cl",
    "element_Br",
    "element_I",
    "element_other",
    "formal_charge",
    "aromatic",
    "hybrid_sp",
    "hybrid_sp2",
    "hybrid_sp3",
    "hybrid_other",
    "degree",
    "total_hydrogens",
    "in_ring",
    "hbond_donor",
    "hbond_acceptor",
    "chiral_cw",
    "chiral_ccw",
    "chiral_other",
    "mean_neighbour_electronegativity",
    "electronegativity_difference",
    "mean_neighbour_atomic_number",
    "neighbour_formal_charge"
  ],
  "device": "cuda",
  "gpu": "NVIDIA GeForce RTX 5070 Ti",
  "training_seconds": 82.88363429997116,
  "peak_gpu_memory_bytes": 414793728,
  "runtime": {
    "operating_system": "Windows-10-10.0.26200-SP0",
    "machine": "AMD64",
    "python": "3.11.16",
    "python_executable": "C:\\Users\\Anthony\\anaconda3\\envs\\strange-matter-gpu\\python.exe",
    "pytorch": "2.11.0+cu128",
    "pytorch_cuda": "12.8",
    "device": "cuda",
    "gpu": "NVIDIA GeForce RTX 5070 Ti"
  },
  "validation_protocol": {
    "kind": "reserved_scaffold_holdout"
  },
  "readout": "differentiable_closed_form_ridge",
  "hyperparameters": {
    "ca_lr": 0.003,
    "ridge": 0.1,
    "ca_l2": 1e-05,
    "gradient_clip": 1.0,
    "update_scale": 0.15,
    "init_scale": 0.5,
    "initial_noise": 0.01,
    "support_fraction": 0.6,
    "bond_temperature": 0.5,
    "dyn_a": 0.2,
    "dyn_b": 0.8,
    "dyn_c": 0.5,
    "dyn_d": 0.05,
    "lr_schedule": "cosine_0.1x"
  },
  "dynamical_analysis": {
    "validation_trajectories_screened": 1309,
    "perturbation_cases": 0,
    "classification_counts": {},
    "perturbation_status": "not_requested"
  }
}
