{"device": "cuda", "gpu": "NVIDIA GeForce RTX 5070 Ti", "pytorch": "2.11.0+cu128", "pytorch_cuda": "12.8"}
{"epoch": 1, "train_rmse": 3.073851269512864, "validation_rmse": 1.0198761224746704, "mean_raw_gradient_norm": 2003.8893988759894, "fraction_gradients_clipped": 1.0}
{"epoch": 2, "train_rmse": 2.311594553319468, "validation_rmse": 1.0459049940109253, "mean_raw_gradient_norm": 450.3246015247546, "fraction_gradients_clipped": 1.0}
{"epoch": 3, "train_rmse": 2.713501098030335, "validation_rmse": 0.9928902983665466, "mean_raw_gradient_norm": 547.1583404541016, "fraction_gradients_clipped": 1.0}
{
  "seed": 1701,
  "best_validation_rmse": 0.9928902983665466,
  "restored_fit_rmse": 0.8896767497062683,
  "restored_validation_rmse": 0.9928020238876343,
  "epochs_run": 3,
  "fit_observations": 791,
  "validation_observations": 273,
  "rule": "gated_residual",
  "generations": 500,
  "hidden_channels": 8,
  "device": "cuda",
  "gpu": "NVIDIA GeForce RTX 5070 Ti",
  "training_seconds": 87.0745339000132,
  "peak_gpu_memory_bytes": 174081024,
  "readout": "differentiable_closed_form_ridge",
  "hyperparameters": {
    "ca_lr": 0.003,
    "ridge": 0.001,
    "ca_l2": 1e-05,
    "gradient_clip": 0.5
  }
}
