{"operating_system": "Windows-10-10.0.26200-SP0", "machine": "AMD64", "python": "3.11.16", "python_executable": "C:\\Users\\Anthony\\anaconda3\\envs\\strange-matter-gpu\\python.exe", "pytorch": "2.11.0+cu128", "pytorch_cuda": "12.8", "device": "cuda", "gpu": "NVIDIA GeForce RTX 5070 Ti"}
{"epoch": 1, "train_rmse": 4.888233710728322, "validation_rmse": 0.9311203360557556, "validation_ma_st_rae": 0.9624694636489046, "validation_CYP1A2_st_rae": 0.9537620732184883, "validation_CYP2C9_st_rae": 0.9754067502894813, "validation_CYP2D6_st_rae": 1.0326650192199183, "validation_CYP3A4_st_rae": 0.8880440118677306, "mean_raw_gradient_norm": 740.942680029869, "fraction_gradients_clipped": 1.0}
{"epoch": 2, "train_rmse": 3.7207766592035902, "validation_rmse": 0.9396178722381592, "validation_ma_st_rae": 0.9620265767139167, "validation_CYP1A2_st_rae": 0.9410506799490101, "validation_CYP2C9_st_rae": 1.0055709115722282, "validation_CYP2D6_st_rae": 1.0136526550199205, "validation_CYP3A4_st_rae": 0.8878320603145078, "mean_raw_gradient_norm": 1062.084851050377, "fraction_gradients_clipped": 1.0}
{"epoch": 3, "train_rmse": 1.3893706600763707, "validation_rmse": 0.9314388036727905, "validation_ma_st_rae": 0.96410276224581, "validation_CYP1A2_st_rae": 0.9501616510325969, "validation_CYP2C9_st_rae": 1.0079217942349632, "validation_CYP2D6_st_rae": 1.024915971756666, "validation_CYP3A4_st_rae": 0.8734116319590141, "mean_raw_gradient_norm": 15.591686940193176, "fraction_gradients_clipped": 1.0}
{"epoch": 4, "train_rmse": 8.897854993849215, "validation_rmse": 0.932152271270752, "validation_ma_st_rae": 0.9523538579100304, "validation_CYP1A2_st_rae": 0.9608264190462521, "validation_CYP2C9_st_rae": 0.9502439954320762, "validation_CYP2D6_st_rae": 1.0240872665116945, "validation_CYP3A4_st_rae": 0.8742577506500984, "mean_raw_gradient_norm": 3647.8746057367325, "fraction_gradients_clipped": 1.0}
{"epoch": 5, "train_rmse": 5.494736202537128, "validation_rmse": 0.9259646534919739, "validation_ma_st_rae": 0.9465266178407986, "validation_CYP1A2_st_rae": 0.9714039960173129, "validation_CYP2C9_st_rae": 0.9233082057276328, "validation_CYP2D6_st_rae": 1.0361038019843438, "validation_CYP3A4_st_rae": 0.8552904676339045, "mean_raw_gradient_norm": 1466.3494035720826, "fraction_gradients_clipped": 1.0}
{"epoch": 6, "train_rmse": 1.2658906914797676, "validation_rmse": 0.9228518605232239, "validation_ma_st_rae": 0.9490366976548077, "validation_CYP1A2_st_rae": 0.973921850233573, "validation_CYP2C9_st_rae": 0.9406575272518559, "validation_CYP2D6_st_rae": 1.0443848155850672, "validation_CYP3A4_st_rae": 0.8371825975487343, "mean_raw_gradient_norm": 12.67731945991516, "fraction_gradients_clipped": 1.0}
{"epoch": 7, "train_rmse": 22.580927052925325, "validation_rmse": 0.9304535984992981, "validation_ma_st_rae": 0.9585281549004454, "validation_CYP1A2_st_rae": 0.9808345896199789, "validation_CYP2C9_st_rae": 0.9355523352098287, "validation_CYP2D6_st_rae": 1.0591925359361418, "validation_CYP3A4_st_rae": 0.8585331588358319, "mean_raw_gradient_norm": 16592.036941456794, "fraction_gradients_clipped": 1.0}
{"epoch": 8, "train_rmse": 27.561917047863485, "validation_rmse": 0.9294074773788452, "validation_ma_st_rae": 0.9611047877485944, "validation_CYP1A2_st_rae": 0.9828595312618393, "validation_CYP2C9_st_rae": 0.9688003780312965, "validation_CYP2D6_st_rae": 1.0540766164181556, "validation_CYP3A4_st_rae": 0.8386826252830867, "mean_raw_gradient_norm": 29658.795361492634, "fraction_gradients_clipped": 1.0}
{
  "seed": 4211,
  "selection_metric": "validation_ma_st_rae",
  "best_validation_ma_st_rae": 0.9465266178407986,
  "best_validation_rmse": 0.9259646534919739,
  "restored_fit_rmse": 0.8846793174743652,
  "restored_validation_rmse": 0.9259647130966187,
  "restored_fit_ma_st_rae": 0.8972163271184983,
  "restored_validation_ma_st_rae": 0.9487409155545321,
  "restored_validation_point_ma_st_rae": 0.946522449300056,
  "restored_validation_point_st_rae_by_cyp": {
    "CYP1A2": 0.971399822019494,
    "CYP2C9": 0.9232949031194297,
    "CYP2D6": 1.0361017065482658,
    "CYP3A4": 0.8552933655130343
  },
  "restored_fit_st_rae_by_cyp": {
    "CYP1A2": 0.8987442692203228,
    "CYP2C9": 0.8876164853483145,
    "CYP2D6": 0.9841981204391466,
    "CYP3A4": 0.8183064334662092
  },
  "restored_validation_st_rae_by_cyp": {
    "CYP1A2": 0.9753202240424511,
    "CYP2C9": 0.9249992128210057,
    "CYP2D6": 1.0382325881758037,
    "CYP3A4": 0.8564116371788685
  },
  "validation_bootstrap_metrics": {
    "n_bootstrap_samples": 1000,
    "seed": 0,
    "macro": {
      "st_rae": {
        "mean": 0.9487409155545321,
        "ci_low": 0.8979146968853156,
        "ci_high": 1.0043671008572634
      },
      "mae": {
        "mean": 0.6781704944701599,
        "ci_low": 0.6411149130830812,
        "ci_high": 0.7197121014598419
      },
      "r2": {
        "mean": 0.06778321226439524,
        "ci_low": 0.011486728754428164,
        "ci_high": 0.12103235565012574
      },
      "spearman_rho": {
        "mean": 0.31816359445462106,
        "ci_low": 0.2561655968781912,
        "ci_high": 0.3770526011931862
      },
      "kendall_tau": {
        "mean": 0.22133890314054008,
        "ci_low": 0.17750663054522484,
        "ci_high": 0.2640474700279691
      }
    },
    "per_endpoint": {
      "CYP1A2": {
        "st_rae": {
          "mean": 0.9753202240424511,
          "ci_low": 0.8754187018685965,
          "ci_high": 1.0839789201940129
        },
        "mae": {
          "mean": 0.737557528861179,
          "ci_low": 0.6527364583486734,
          "ci_high": 0.833424536973931
        },
        "r2": {
          "mean": 0.019881180605913408,
          "ci_low": -0.09485766513709874,
          "ci_high": 0.13212183712726433
        },
        "spearman_rho": {
          "mean": 0.2915497294372292,
          "ci_low": 0.1563997306154617,
          "ci_high": 0.42086393858529536
        },
        "kendall_tau": {
          "mean": 0.20115217933783763,
          "ci_low": 0.10833017450964415,
          "ci_high": 0.29375354788000524
        }
      },
      "CYP2C9": {
        "st_rae": {
          "mean": 0.9249992128210057,
          "ci_low": 0.8081777288411319,
          "ci_high": 1.0593978548339047
        },
        "mae": {
          "mean": 0.5621914168929086,
          "ci_low": 0.5005599773172195,
          "ci_high": 0.6258921169690069
        },
        "r2": {
          "mean": 0.10276770401905426,
          "ci_low": -0.028857959517704136,
          "ci_high": 0.21814115658056632
        },
        "spearman_rho": {
          "mean": 0.39246677892674836,
          "ci_low": 0.26720897159231105,
          "ci_high": 0.517121828288504
        },
        "kendall_tau": {
          "mean": 0.27328422739507585,
          "ci_low": 0.18444792382907058,
          "ci_high": 0.36707961689039764
        }
      },
      "CYP2D6": {
        "st_rae": {
          "mean": 1.0382325881758037,
          "ci_low": 0.9577632141009503,
          "ci_high": 1.1246981432207686
        },
        "mae": {
          "mean": 0.5953656042347784,
          "ci_low": 0.5283347267430761,
          "ci_high": 0.6759173685571421
        },
        "r2": {
          "mean": 0.007527394926245794,
          "ci_low": -0.0875971271393224,
          "ci_high": 0.08822340996591108
        },
        "spearman_rho": {
          "mean": 0.16780943646652446,
          "ci_low": 0.03926835631845078,
          "ci_high": 0.29640114501560316
        },
        "kendall_tau": {
          "mean": 0.11470083975156078,
          "ci_low": 0.025164857571932906,
          "ci_high": 0.2042125692121747
        }
      },
      "CYP3A4": {
        "st_rae": {
          "mean": 0.8564116371788685,
          "ci_low": 0.7726335483672154,
          "ci_high": 0.9477727544656204
        },
        "mae": {
          "mean": 0.8175674278917736,
          "ci_low": 0.7585286140607004,
          "ci_high": 0.8789384452177216
        },
        "r2": {
          "mean": 0.14095656950636742,
          "ci_low": 0.04153376140239421,
          "ci_high": 0.23075888004628978
        },
        "spearman_rho": {
          "mean": 0.4208284329879823,
          "ci_low": 0.32212729180498156,
          "ci_high": 0.5093566147185751
        },
        "kendall_tau": {
          "mean": 0.2962183660776861,
          "ci_low": 0.22576971844490104,
          "ci_high": 0.3621541247216326
        }
      }
    }
  },
  "epochs_run": 8,
  "fit_observations": 4213,
  "validation_observations": 1003,
  "rule": "kuramoto_sakaguchi",
  "generations": 64,
  "hidden_channels": 8,
  "atom_feature_profile": "baseline",
  "atom_feature_count": 25,
  "atom_feature_names": [
    "element_H",
    "element_C",
    "element_N",
    "element_O",
    "element_F",
    "element_P",
    "element_S",
    "element_Cl",
    "element_Br",
    "element_I",
    "element_other",
    "formal_charge",
    "aromatic",
    "hybrid_sp",
    "hybrid_sp2",
    "hybrid_sp3",
    "hybrid_other",
    "degree",
    "total_hydrogens",
    "in_ring",
    "hbond_donor",
    "hbond_acceptor",
    "chiral_cw",
    "chiral_ccw",
    "chiral_other"
  ],
  "device": "cuda",
  "gpu": "NVIDIA GeForce RTX 5070 Ti",
  "training_seconds": 89.34025090001523,
  "peak_gpu_memory_bytes": 134938112,
  "runtime": {
    "operating_system": "Windows-10-10.0.26200-SP0",
    "machine": "AMD64",
    "python": "3.11.16",
    "python_executable": "C:\\Users\\Anthony\\anaconda3\\envs\\strange-matter-gpu\\python.exe",
    "pytorch": "2.11.0+cu128",
    "pytorch_cuda": "12.8",
    "device": "cuda",
    "gpu": "NVIDIA GeForce RTX 5070 Ti"
  },
  "validation_protocol": {
    "kind": "scaffold_cross_validation",
    "fold": 1,
    "folds": 5
  },
  "readout": "differentiable_closed_form_ridge",
  "prediction_mode": "direct",
  "residual_alpha": null,
  "trajectory_pooling": "legacy",
  "ridge_mode": "shared",
  "loss_mode": "mse",
  "interval_loss_beta": 0.0,
  "interval_temperature": 0.05,
  "hyperparameters": {
    "ca_lr": 0.001,
    "ridge": 0.1,
    "ca_l2": 1e-05,
    "gradient_clip": 1.0,
    "update_scale": 0.25,
    "init_scale": 1.0,
    "initial_noise": 0.0,
    "support_fraction": 0.75,
    "bond_temperature": 1.0,
    "dyn_a": 0.5,
    "dyn_b": 0.5,
    "dyn_c": 0.5,
    "dyn_d": 0.2,
    "lr_schedule": "cosine_0.1x"
  }
}
