{"operating_system": "Windows-10-10.0.26200-SP0", "machine": "AMD64", "python": "3.11.16", "python_executable": "C:\\Users\\Anthony\\anaconda3\\envs\\strange-matter-gpu\\python.exe", "pytorch": "2.11.0+cu128", "pytorch_cuda": "12.8", "device": "cuda", "gpu": "NVIDIA GeForce RTX 5070 Ti"}
{"epoch": 1, "train_rmse": 1.3553613493746575, "validation_rmse": 0.862023115158081, "validation_ma_st_rae": 0.9651680623212273, "validation_CYP1A2_st_rae": 0.9993101392381959, "validation_CYP2C9_st_rae": 0.831693908603289, "validation_CYP2D6_st_rae": 1.1361121615917562, "validation_CYP3A4_st_rae": 0.8935560398516681, "mean_raw_gradient_norm": 14.531394171714783, "fraction_gradients_clipped": 1.0}
{"epoch": 2, "train_rmse": 1.1640041018155625, "validation_rmse": 0.8551062941551208, "validation_ma_st_rae": 0.9735210374538646, "validation_CYP1A2_st_rae": 0.9819053194179606, "validation_CYP2C9_st_rae": 0.8768446510123538, "validation_CYP2D6_st_rae": 1.133078305199867, "validation_CYP3A4_st_rae": 0.9022558741852772, "mean_raw_gradient_norm": 7.8043701171875, "fraction_gradients_clipped": 1.0}
{"epoch": 3, "train_rmse": 1.292309842272546, "validation_rmse": 0.8533477187156677, "validation_ma_st_rae": 0.9728484718503079, "validation_CYP1A2_st_rae": 0.9831516990880524, "validation_CYP2C9_st_rae": 0.8687817021371788, "validation_CYP2D6_st_rae": 1.135509131482759, "validation_CYP3A4_st_rae": 0.9039513546932414, "mean_raw_gradient_norm": 13.40197458267212, "fraction_gradients_clipped": 1.0}
{
  "seed": 1701,
  "selection_metric": "validation_ma_st_rae",
  "best_validation_ma_st_rae": 0.9651680623212273,
  "best_validation_rmse": 0.862023115158081,
  "restored_fit_rmse": 0.8945630192756653,
  "restored_validation_rmse": 0.8620233535766602,
  "restored_fit_ma_st_rae": 0.8355895803047992,
  "restored_validation_ma_st_rae": 0.9816035189015506,
  "restored_validation_point_ma_st_rae": 0.9651629716484439,
  "restored_validation_point_st_rae_by_cyp": {
    "CYP1A2": 0.9993019576366488,
    "CYP2C9": 0.8316750258389844,
    "CYP2D6": 1.1361107882917585,
    "CYP3A4": 0.8935641148263839
  },
  "restored_fit_st_rae_by_cyp": {
    "CYP1A2": 0.8535815298457123,
    "CYP2C9": 0.7668853252207637,
    "CYP2D6": 0.9633284513443475,
    "CYP3A4": 0.7585630148083733
  },
  "restored_validation_st_rae_by_cyp": {
    "CYP1A2": 1.0043120329045612,
    "CYP2C9": 0.8577912659660953,
    "CYP2D6": 1.1546704464974418,
    "CYP3A4": 0.9096403302381045
  },
  "validation_bootstrap_metrics": {
    "n_bootstrap_samples": 1000,
    "seed": 0,
    "macro": {
      "st_rae": {
        "mean": 0.9816035189015506,
        "ci_low": 0.8611939942277763,
        "ci_high": 1.1012494307676097
      },
      "mae": {
        "mean": 0.6540523465311234,
        "ci_low": 0.5916732433228609,
        "ci_high": 0.7208453140168792
      },
      "r2": {
        "mean": 0.04946801586438069,
        "ci_low": -0.07526574639255568,
        "ci_high": 0.16299668361805517
      },
      "spearman_rho": {
        "mean": 0.3847282897670539,
        "ci_low": 0.2715922693522789,
        "ci_high": 0.4881672349985323
      },
      "kendall_tau": {
        "mean": 0.2716620760859364,
        "ci_low": 0.19125272165036095,
        "ci_high": 0.3473070076221632
      }
    },
    "per_endpoint": {
      "CYP1A2": {
        "st_rae": {
          "mean": 1.0043120329045612,
          "ci_low": 0.7645396033925675,
          "ci_high": 1.2818648547277505
        },
        "mae": {
          "mean": 0.6745366071951193,
          "ci_low": 0.5170394642431229,
          "ci_high": 0.857688030649404
        },
        "r2": {
          "mean": 0.07409530697028313,
          "ci_low": -0.1715800953758829,
          "ci_high": 0.24133124535697667
        },
        "spearman_rho": {
          "mean": 0.44558428874239686,
          "ci_low": 0.21816360964161197,
          "ci_high": 0.6381800192431115
        },
        "kendall_tau": {
          "mean": 0.3097366325281202,
          "ci_low": 0.1449034618903173,
          "ci_high": 0.4595097155914737
        }
      },
      "CYP2C9": {
        "st_rae": {
          "mean": 0.8577912659660953,
          "ci_low": 0.6436405747745306,
          "ci_high": 1.1342225535861192
        },
        "mae": {
          "mean": 0.5395660537759464,
          "ci_low": 0.4277709726492564,
          "ci_high": 0.6487539545694987
        },
        "r2": {
          "mean": 0.06891941339102767,
          "ci_low": -0.17800572086519234,
          "ci_high": 0.27715879206226446
        },
        "spearman_rho": {
          "mean": 0.3841047459801937,
          "ci_low": 0.11545416449610378,
          "ci_high": 0.6136744173110085
        },
        "kendall_tau": {
          "mean": 0.28485750844365765,
          "ci_low": 0.08886908571269572,
          "ci_high": 0.4524758715842203
        }
      },
      "CYP2D6": {
        "st_rae": {
          "mean": 1.1546704464974418,
          "ci_low": 0.9486735361118068,
          "ci_high": 1.411166228565472
        },
        "mae": {
          "mean": 0.6351191941041212,
          "ci_low": 0.5075460742070125,
          "ci_high": 0.7788667047023773
        },
        "r2": {
          "mean": -0.15206456193194173,
          "ci_low": -0.5179477125763459,
          "ci_high": 0.07939724984402417
        },
        "spearman_rho": {
          "mean": 0.2219351107280836,
          "ci_low": -0.027365810532729413,
          "ci_high": 0.45466822499999915
        },
        "kendall_tau": {
          "mean": 0.15578658106216772,
          "ci_low": -0.022565741941348996,
          "ci_high": 0.3238751019342898
        }
      },
      "CYP3A4": {
        "st_rae": {
          "mean": 0.9096403302381045,
          "ci_low": 0.71142844743765,
          "ci_high": 1.1675793799406722
        },
        "mae": {
          "mean": 0.766987531049307,
          "ci_low": 0.6658461120932602,
          "ci_high": 0.8763578834921814
        },
        "r2": {
          "mean": 0.2069219050281537,
          "ci_low": -0.004145687821872389,
          "ci_high": 0.3729788385503979
        },
        "spearman_rho": {
          "mean": 0.4872890136175415,
          "ci_low": 0.3011880515684117,
          "ci_high": 0.6420229397454039
        },
        "kendall_tau": {
          "mean": 0.3362675823097999,
          "ci_low": 0.1995206531921633,
          "ci_high": 0.4637520752628666
        }
      }
    }
  },
  "epochs_run": 3,
  "fit_observations": 806,
  "validation_observations": 272,
  "rule": "delayed_memory",
  "generations": 32,
  "hidden_channels": 16,
  "atom_feature_profile": "electronic",
  "atom_feature_count": 33,
  "atom_feature_names": [
    "element_H",
    "element_C",
    "element_N",
    "element_O",
    "element_F",
    "element_P",
    "element_S",
    "element_Cl",
    "element_Br",
    "element_I",
    "element_other",
    "formal_charge",
    "aromatic",
    "hybrid_sp",
    "hybrid_sp2",
    "hybrid_sp3",
    "hybrid_other",
    "degree",
    "total_hydrogens",
    "in_ring",
    "hbond_donor",
    "hbond_acceptor",
    "chiral_cw",
    "chiral_ccw",
    "chiral_other",
    "electronegativity",
    "polarizability",
    "heteroatom",
    "halogen",
    "conjugated_bond_fraction",
    "first_ionization_energy",
    "electron_affinity",
    "electronic_property_missing"
  ],
  "device": "cuda",
  "gpu": "NVIDIA GeForce RTX 5070 Ti",
  "training_seconds": 5.625336700002663,
  "peak_gpu_memory_bytes": 94456320,
  "runtime": {
    "operating_system": "Windows-10-10.0.26200-SP0",
    "machine": "AMD64",
    "python": "3.11.16",
    "python_executable": "C:\\Users\\Anthony\\anaconda3\\envs\\strange-matter-gpu\\python.exe",
    "pytorch": "2.11.0+cu128",
    "pytorch_cuda": "12.8",
    "device": "cuda",
    "gpu": "NVIDIA GeForce RTX 5070 Ti"
  },
  "validation_protocol": {
    "kind": "scaffold_cross_validation",
    "fold": 0,
    "folds": 5
  },
  "readout": "differentiable_closed_form_ridge",
  "hyperparameters": {
    "ca_lr": 0.003,
    "ridge": 1.0,
    "ca_l2": 0.0001,
    "gradient_clip": 1.0,
    "update_scale": 0.08,
    "init_scale": 0.5,
    "initial_noise": 0.01,
    "support_fraction": 0.6,
    "bond_temperature": 1.0,
    "dyn_a": 0.8,
    "dyn_b": 0.8,
    "dyn_c": 0.8,
    "dyn_d": 0.15,
    "lr_schedule": "cosine_0.1x"
  }
}
