{"operating_system": "Windows-10-10.0.26200-SP0", "machine": "AMD64", "python": "3.11.16", "python_executable": "C:\\Users\\Anthony\\anaconda3\\envs\\strange-matter-gpu\\python.exe", "pytorch": "2.11.0+cu128", "pytorch_cuda": "12.8", "device": "cuda", "gpu": "NVIDIA GeForce RTX 5070 Ti"}
{"epoch": 1, "train_rmse": 1.4597562273631897, "validation_rmse": 0.8252037167549133, "validation_ma_st_rae": 0.8809747045429965, "validation_CYP1A2_st_rae": 0.8949876443050581, "validation_CYP2C9_st_rae": 0.8519895967189788, "validation_CYP2D6_st_rae": 0.9824087985106067, "validation_CYP3A4_st_rae": 0.7945127786373425, "mean_raw_gradient_norm": 25.21676242351532, "fraction_gradients_clipped": 1.0}
{"epoch": 2, "train_rmse": 9.168373842029249, "validation_rmse": 0.826082170009613, "validation_ma_st_rae": 0.8836809827443761, "validation_CYP1A2_st_rae": 0.9664289748742709, "validation_CYP2C9_st_rae": 0.7873946139908369, "validation_CYP2D6_st_rae": 0.9965466173795735, "validation_CYP3A4_st_rae": 0.7843537247328229, "mean_raw_gradient_norm": 4281.292659358978, "fraction_gradients_clipped": 1.0}
{"epoch": 3, "train_rmse": 4.983288711226966, "validation_rmse": 0.8240651488304138, "validation_ma_st_rae": 0.8793542730881414, "validation_CYP1A2_st_rae": 0.9549235167221417, "validation_CYP2C9_st_rae": 0.7809884645629507, "validation_CYP2D6_st_rae": 1.0044672879134409, "validation_CYP3A4_st_rae": 0.7770378231540319, "mean_raw_gradient_norm": 1273.983358078003, "fraction_gradients_clipped": 1.0}
{"epoch": 4, "train_rmse": 1.3289047795256812, "validation_rmse": 0.8261226415634155, "validation_ma_st_rae": 0.8770812409435034, "validation_CYP1A2_st_rae": 0.9354771701752901, "validation_CYP2C9_st_rae": 0.7891013033785508, "validation_CYP2D6_st_rae": 0.987962030847718, "validation_CYP3A4_st_rae": 0.7957844593724543, "mean_raw_gradient_norm": 17.226937799453736, "fraction_gradients_clipped": 1.0}
{"epoch": 5, "train_rmse": 1.4885975707122963, "validation_rmse": 0.8282737731933594, "validation_ma_st_rae": 0.8731073729033376, "validation_CYP1A2_st_rae": 0.9411073129655873, "validation_CYP2C9_st_rae": 0.7573335418543088, "validation_CYP2D6_st_rae": 0.9971457372665042, "validation_CYP3A4_st_rae": 0.7968428995269504, "mean_raw_gradient_norm": 29.901727147102356, "fraction_gradients_clipped": 1.0}
{"epoch": 6, "train_rmse": 1.4272881893833687, "validation_rmse": 0.8171147108078003, "validation_ma_st_rae": 0.8626675745496533, "validation_CYP1A2_st_rae": 0.934916697985102, "validation_CYP2C9_st_rae": 0.7576524600538431, "validation_CYP2D6_st_rae": 0.9868590750890617, "validation_CYP3A4_st_rae": 0.771242065070606, "mean_raw_gradient_norm": 18.837156190872193, "fraction_gradients_clipped": 1.0}
{"epoch": 7, "train_rmse": 1.2831120990422549, "validation_rmse": 0.8219704627990723, "validation_ma_st_rae": 0.868133537858945, "validation_CYP1A2_st_rae": 0.9447850288745293, "validation_CYP2C9_st_rae": 0.7555040762649478, "validation_CYP2D6_st_rae": 0.9983809574089088, "validation_CYP3A4_st_rae": 0.7738640888873938, "mean_raw_gradient_norm": 12.048770384788513, "fraction_gradients_clipped": 1.0}
{"epoch": 8, "train_rmse": 1.2514910627042222, "validation_rmse": 0.8181433081626892, "validation_ma_st_rae": 0.863232248328264, "validation_CYP1A2_st_rae": 0.9327344329306129, "validation_CYP2C9_st_rae": 0.7531530365169689, "validation_CYP2D6_st_rae": 0.9985776274099933, "validation_CYP3A4_st_rae": 0.7684638964554805, "mean_raw_gradient_norm": 12.638086471557617, "fraction_gradients_clipped": 1.0}
{
  "seed": 1701,
  "selection_metric": "validation_ma_st_rae",
  "best_validation_ma_st_rae": 0.8626675745496533,
  "best_validation_rmse": 0.8171147108078003,
  "restored_fit_rmse": 0.8889955878257751,
  "restored_validation_rmse": 0.8171144127845764,
  "restored_fit_ma_st_rae": 0.8896219566427527,
  "restored_validation_ma_st_rae": 0.8643820027243467,
  "restored_validation_point_ma_st_rae": 0.8626698694943564,
  "restored_validation_point_st_rae_by_cyp": {
    "CYP1A2": 0.934920536802351,
    "CYP2C9": 0.7576506560652102,
    "CYP2D6": 0.9868712040307757,
    "CYP3A4": 0.7712370810790888
  },
  "restored_fit_st_rae_by_cyp": {
    "CYP1A2": 0.9252787152232927,
    "CYP2C9": 0.8301184495388078,
    "CYP2D6": 1.0281913595587275,
    "CYP3A4": 0.7748993022501831
  },
  "restored_validation_st_rae_by_cyp": {
    "CYP1A2": 0.9357862635193267,
    "CYP2C9": 0.7602580453396788,
    "CYP2D6": 0.9886635874638278,
    "CYP3A4": 0.7728201145745539
  },
  "validation_bootstrap_metrics": {
    "n_bootstrap_samples": 1000,
    "seed": 0,
    "macro": {
      "st_rae": {
        "mean": 0.8643820027243467,
        "ci_low": 0.8079360832122167,
        "ci_high": 0.9188640665078722
      },
      "mae": {
        "mean": 0.5981742217184634,
        "ci_low": 0.5656032613605737,
        "ci_high": 0.6341339325157787
      },
      "r2": {
        "mean": 0.17813611807681462,
        "ci_low": 0.12444218708077283,
        "ci_high": 0.23258252045370187
      },
      "spearman_rho": {
        "mean": 0.43509085674275616,
        "ci_low": 0.3787609598722305,
        "ci_high": 0.4879344042076729
      },
      "kendall_tau": {
        "mean": 0.30764205159142627,
        "ci_low": 0.2668231049344331,
        "ci_high": 0.3465447685939427
      }
    },
    "per_endpoint": {
      "CYP1A2": {
        "st_rae": {
          "mean": 0.9357862635193267,
          "ci_low": 0.8053323364197204,
          "ci_high": 1.0689569128393819
        },
        "mae": {
          "mean": 0.6342657240000931,
          "ci_low": 0.5552764804245115,
          "ci_high": 0.7198139382912232
        },
        "r2": {
          "mean": 0.10224706381040014,
          "ci_low": -0.034515885345493755,
          "ci_high": 0.2182648343229789
        },
        "spearman_rho": {
          "mean": 0.41168005628008175,
          "ci_low": 0.28762025746445524,
          "ci_high": 0.5222068514117787
        },
        "kendall_tau": {
          "mean": 0.2884762938541351,
          "ci_low": 0.20225230679478184,
          "ci_high": 0.3697097128053406
        }
      },
      "CYP2C9": {
        "st_rae": {
          "mean": 0.7602580453396788,
          "ci_low": 0.6299268636922187,
          "ci_high": 0.8879691890757917
        },
        "mae": {
          "mean": 0.4830369627365868,
          "ci_low": 0.4305981638244769,
          "ci_high": 0.5368230289303213
        },
        "r2": {
          "mean": 0.2954654299326777,
          "ci_low": 0.17052015716843194,
          "ci_high": 0.41367289712969035
        },
        "spearman_rho": {
          "mean": 0.4762478064242473,
          "ci_low": 0.3542606649414582,
          "ci_high": 0.5974615650985929
        },
        "kendall_tau": {
          "mean": 0.3460354514109546,
          "ci_low": 0.25570209518760817,
          "ci_high": 0.4378126411744434
        }
      },
      "CYP2D6": {
        "st_rae": {
          "mean": 0.9886635874638278,
          "ci_low": 0.8943647812566353,
          "ci_high": 1.0892479575688114
        },
        "mae": {
          "mean": 0.5542873924552885,
          "ci_low": 0.4927355189863433,
          "ci_high": 0.6226308562561996
        },
        "r2": {
          "mean": 0.027010393774707143,
          "ci_low": -0.08483091539436013,
          "ci_high": 0.12404846950799088
        },
        "spearman_rho": {
          "mean": 0.299791424250304,
          "ci_low": 0.1855774868351445,
          "ci_high": 0.4125988212598741
        },
        "kendall_tau": {
          "mean": 0.2031910939393086,
          "ci_low": 0.12448012387845568,
          "ci_high": 0.28342980094940345
        }
      },
      "CYP3A4": {
        "st_rae": {
          "mean": 0.7728201145745539,
          "ci_low": 0.7005969394753497,
          "ci_high": 0.844014944768891
        },
        "mae": {
          "mean": 0.7211068076818855,
          "ci_low": 0.6683494838220733,
          "ci_high": 0.7772641579037184
        },
        "r2": {
          "mean": 0.28782158478947356,
          "ci_low": 0.21450668047555752,
          "ci_high": 0.3535140869391643
        },
        "spearman_rho": {
          "mean": 0.5526441400163916,
          "ci_low": 0.4739194091318332,
          "ci_high": 0.6265538631191486
        },
        "kendall_tau": {
          "mean": 0.39286536716130677,
          "ci_low": 0.3353595790533804,
          "ci_high": 0.45226514725285344
        }
      }
    }
  },
  "epochs_run": 8,
  "fit_observations": 4179,
  "validation_observations": 1037,
  "rule": "kuramoto_sakaguchi",
  "generations": 64,
  "hidden_channels": 8,
  "atom_feature_profile": "baseline",
  "atom_feature_count": 25,
  "atom_feature_names": [
    "element_H",
    "element_C",
    "element_N",
    "element_O",
    "element_F",
    "element_P",
    "element_S",
    "element_Cl",
    "element_Br",
    "element_I",
    "element_other",
    "formal_charge",
    "aromatic",
    "hybrid_sp",
    "hybrid_sp2",
    "hybrid_sp3",
    "hybrid_other",
    "degree",
    "total_hydrogens",
    "in_ring",
    "hbond_donor",
    "hbond_acceptor",
    "chiral_cw",
    "chiral_ccw",
    "chiral_other"
  ],
  "device": "cuda",
  "gpu": "NVIDIA GeForce RTX 5070 Ti",
  "training_seconds": 91.77174589992501,
  "peak_gpu_memory_bytes": 133693952,
  "runtime": {
    "operating_system": "Windows-10-10.0.26200-SP0",
    "machine": "AMD64",
    "python": "3.11.16",
    "python_executable": "C:\\Users\\Anthony\\anaconda3\\envs\\strange-matter-gpu\\python.exe",
    "pytorch": "2.11.0+cu128",
    "pytorch_cuda": "12.8",
    "device": "cuda",
    "gpu": "NVIDIA GeForce RTX 5070 Ti"
  },
  "validation_protocol": {
    "kind": "scaffold_cross_validation",
    "fold": 0,
    "folds": 5
  },
  "readout": "differentiable_closed_form_ridge",
  "prediction_mode": "direct",
  "residual_alpha": null,
  "trajectory_pooling": "legacy",
  "ridge_mode": "shared",
  "loss_mode": "mse",
  "interval_loss_beta": 0.0,
  "interval_temperature": 0.05,
  "hyperparameters": {
    "ca_lr": 0.001,
    "ridge": 0.1,
    "ca_l2": 1e-05,
    "gradient_clip": 1.0,
    "update_scale": 0.25,
    "init_scale": 1.0,
    "initial_noise": 0.0,
    "support_fraction": 0.75,
    "bond_temperature": 1.0,
    "dyn_a": 0.5,
    "dyn_b": 0.5,
    "dyn_c": 0.5,
    "dyn_d": 0.2,
    "lr_schedule": "cosine_0.1x"
  }
}
