{"operating_system": "Windows-10-10.0.26200-SP0", "machine": "AMD64", "python": "3.11.16", "python_executable": "C:\\Users\\Anthony\\anaconda3\\envs\\strange-matter-gpu\\python.exe", "pytorch": "2.11.0+cu128", "pytorch_cuda": "12.8", "device": "cuda", "gpu": "NVIDIA GeForce RTX 5070 Ti"}
{"epoch": 1, "train_rmse": 1.06069368734741, "validation_rmse": 0.8648436069488525, "validation_ma_st_rae": 0.8552381851539448, "validation_CYP1A2_st_rae": 0.8100629594652294, "validation_CYP2C9_st_rae": 0.8623128899236856, "validation_CYP2D6_st_rae": 1.0044218040896296, "validation_CYP3A4_st_rae": 0.7441550871372343, "mean_raw_gradient_norm": 5.205438196659088, "fraction_gradients_clipped": 1.0}
{"epoch": 2, "train_rmse": 1.0528585646055122, "validation_rmse": 0.8623580932617188, "validation_ma_st_rae": 0.8411468811531249, "validation_CYP1A2_st_rae": 0.8111227651420965, "validation_CYP2C9_st_rae": 0.8033161121847622, "validation_CYP2D6_st_rae": 0.9984384299869953, "validation_CYP3A4_st_rae": 0.7517102172986456, "mean_raw_gradient_norm": 4.872990429401398, "fraction_gradients_clipped": 1.0}
{"epoch": 3, "train_rmse": 1.0680198059249848, "validation_rmse": 0.8629986643791199, "validation_ma_st_rae": 0.8367543393906577, "validation_CYP1A2_st_rae": 0.7955094297082677, "validation_CYP2C9_st_rae": 0.8049443561341136, "validation_CYP2D6_st_rae": 1.0193713835280216, "validation_CYP3A4_st_rae": 0.7271921881922281, "mean_raw_gradient_norm": 4.664837837219238, "fraction_gradients_clipped": 0.9375}
{"epoch": 4, "train_rmse": 0.9986225522411838, "validation_rmse": 0.8619627952575684, "validation_ma_st_rae": 0.8360824764925578, "validation_CYP1A2_st_rae": 0.791272148289149, "validation_CYP2C9_st_rae": 0.8193102294349198, "validation_CYP2D6_st_rae": 1.0218847328166498, "validation_CYP3A4_st_rae": 0.7118627954295127, "mean_raw_gradient_norm": 4.561336651444435, "fraction_gradients_clipped": 1.0}
{"epoch": 5, "train_rmse": 1.050779771162609, "validation_rmse": 0.8602702021598816, "validation_ma_st_rae": 0.834438343398292, "validation_CYP1A2_st_rae": 0.7878271405995841, "validation_CYP2C9_st_rae": 0.8226660820423878, "validation_CYP2D6_st_rae": 1.019321577235209, "validation_CYP3A4_st_rae": 0.7079385737159871, "mean_raw_gradient_norm": 4.058373272418976, "fraction_gradients_clipped": 1.0}
{
  "seed": 1701,
  "selection_metric": "validation_ma_st_rae",
  "best_validation_ma_st_rae": 0.8367543393906577,
  "best_validation_rmse": 0.8629986643791199,
  "restored_fit_rmse": 0.836460530757904,
  "restored_validation_rmse": 0.8630064725875854,
  "restored_fit_ma_st_rae": 0.8240327974074548,
  "restored_validation_ma_st_rae": 0.8419011687825312,
  "restored_validation_point_ma_st_rae": 0.8367568903719371,
  "restored_validation_point_st_rae_by_cyp": {
    "CYP1A2": 0.7955184808693412,
    "CYP2C9": 0.8049346552107832,
    "CYP2D6": 1.0193748735695813,
    "CYP3A4": 0.7271995518380423
  },
  "restored_fit_st_rae_by_cyp": {
    "CYP1A2": 0.8398923866489029,
    "CYP2C9": 0.7566358767482511,
    "CYP2D6": 0.9939376359949184,
    "CYP3A4": 0.7056652902377473
  },
  "restored_validation_st_rae_by_cyp": {
    "CYP1A2": 0.7977740957799042,
    "CYP2C9": 0.8135527488704666,
    "CYP2D6": 1.0258239444531814,
    "CYP3A4": 0.7304538860265725
  },
  "validation_bootstrap_metrics": {
    "n_bootstrap_samples": 1000,
    "seed": 0,
    "macro": {
      "st_rae": {
        "mean": 0.8419011687825312,
        "ci_low": 0.781342449643717,
        "ci_high": 0.9074516343500658
      },
      "mae": {
        "mean": 0.6256242580659822,
        "ci_low": 0.5823951840763639,
        "ci_high": 0.6725456489995727
      },
      "r2": {
        "mean": 0.19862190144949027,
        "ci_low": 0.11408515923983227,
        "ci_high": 0.2650324721998467
      },
      "spearman_rho": {
        "mean": 0.4527317470637525,
        "ci_low": 0.38945748701871213,
        "ci_high": 0.5154550526045766
      },
      "kendall_tau": {
        "mean": 0.3192278843948534,
        "ci_low": 0.2719287059948057,
        "ci_high": 0.3672165766432796
      }
    },
    "per_endpoint": {
      "CYP1A2": {
        "st_rae": {
          "mean": 0.7977740957799042,
          "ci_low": 0.6938492659993323,
          "ci_high": 0.9287542408110943
        },
        "mae": {
          "mean": 0.6956007361902466,
          "ci_low": 0.5968306914160523,
          "ci_high": 0.7990882427443432
        },
        "r2": {
          "mean": 0.23761622738230023,
          "ci_low": 0.12583224965502293,
          "ci_high": 0.3283489229798954
        },
        "spearman_rho": {
          "mean": 0.521353232221965,
          "ci_low": 0.39092324973914233,
          "ci_high": 0.6304838759868299
        },
        "kendall_tau": {
          "mean": 0.361022595345619,
          "ci_low": 0.26957896684976534,
          "ci_high": 0.4441310171280136
        }
      },
      "CYP2C9": {
        "st_rae": {
          "mean": 0.8135527488704666,
          "ci_low": 0.6695830961276231,
          "ci_high": 0.978526194629378
        },
        "mae": {
          "mean": 0.47856499057519636,
          "ci_low": 0.4176149245168342,
          "ci_high": 0.5393208761684231
        },
        "r2": {
          "mean": 0.2846901205214408,
          "ci_low": 0.13802530592472453,
          "ci_high": 0.4092266085490667
        },
        "spearman_rho": {
          "mean": 0.5116874639613601,
          "ci_low": 0.38420217247077154,
          "ci_high": 0.6377448673844481
        },
        "kendall_tau": {
          "mean": 0.355513201385703,
          "ci_low": 0.2599826409750184,
          "ci_high": 0.4489101709685079
        }
      },
      "CYP2D6": {
        "st_rae": {
          "mean": 1.0258239444531814,
          "ci_low": 0.9313295404874984,
          "ci_high": 1.141298511812073
        },
        "mae": {
          "mean": 0.6587411272593424,
          "ci_low": 0.5522591980213815,
          "ci_high": 0.7703237501864736
        },
        "r2": {
          "mean": -0.03624379803120453,
          "ci_low": -0.1765292691854894,
          "ci_high": 0.08323501560097414
        },
        "spearman_rho": {
          "mean": 0.1673703096625423,
          "ci_low": -0.006521260365243231,
          "ci_high": 0.3386947381147002
        },
        "kendall_tau": {
          "mean": 0.11689412098594093,
          "ci_low": -0.005018354642602013,
          "ci_high": 0.239292193989609
        }
      },
      "CYP3A4": {
        "st_rae": {
          "mean": 0.7304538860265725,
          "ci_low": 0.6195025118058751,
          "ci_high": 0.8566098276234312
        },
        "mae": {
          "mean": 0.6695901782391436,
          "ci_low": 0.6012597146807082,
          "ci_high": 0.7470565092639397
        },
        "r2": {
          "mean": 0.3084250559254247,
          "ci_low": 0.05176086605264024,
          "ci_high": 0.47517994509403744
        },
        "spearman_rho": {
          "mean": 0.6105159824091427,
          "ci_low": 0.5100242776562857,
          "ci_high": 0.7012115017902646
        },
        "kendall_tau": {
          "mean": 0.4434816198621505,
          "ci_low": 0.36586054257072775,
          "ci_high": 0.5190556449494351
        }
      }
    }
  },
  "epochs_run": 5,
  "fit_observations": 2636,
  "validation_observations": 657,
  "rule": "delayed_memory",
  "generations": 64,
  "hidden_channels": 16,
  "atom_feature_profile": "periodic_valence",
  "atom_feature_count": 38,
  "atom_feature_names": [
    "element_H",
    "element_C",
    "element_N",
    "element_O",
    "element_F",
    "element_P",
    "element_S",
    "element_Cl",
    "element_Br",
    "element_I",
    "element_other",
    "formal_charge",
    "aromatic",
    "hybrid_sp",
    "hybrid_sp2",
    "hybrid_sp3",
    "hybrid_other",
    "degree",
    "total_hydrogens",
    "in_ring",
    "hbond_donor",
    "hbond_acceptor",
    "chiral_cw",
    "chiral_ccw",
    "chiral_other",
    "atomic_number",
    "atomic_mass",
    "covalent_radius",
    "vdw_radius",
    "outer_electrons",
    "period",
    "periodic_group",
    "atomic_volume",
    "total_valence",
    "implicit_valence",
    "heavy_atom_degree",
    "radical_electrons",
    "absolute_formal_charge"
  ],
  "device": "cuda",
  "gpu": "NVIDIA GeForce RTX 5070 Ti",
  "training_seconds": 22.990568600129336,
  "peak_gpu_memory_bytes": 300254720,
  "runtime": {
    "operating_system": "Windows-10-10.0.26200-SP0",
    "machine": "AMD64",
    "python": "3.11.16",
    "python_executable": "C:\\Users\\Anthony\\anaconda3\\envs\\strange-matter-gpu\\python.exe",
    "pytorch": "2.11.0+cu128",
    "pytorch_cuda": "12.8",
    "device": "cuda",
    "gpu": "NVIDIA GeForce RTX 5070 Ti"
  },
  "validation_protocol": {
    "kind": "scaffold_cross_validation",
    "fold": 2,
    "folds": 5
  },
  "readout": "differentiable_closed_form_ridge",
  "prediction_mode": "direct",
  "residual_alpha": null,
  "trajectory_pooling": "legacy",
  "ridge_mode": "shared",
  "loss_mode": "mse",
  "interval_loss_beta": 0.0,
  "interval_temperature": 0.1,
  "hyperparameters": {
    "ca_lr": 0.003,
    "ridge": 1.0,
    "ca_l2": 1e-06,
    "gradient_clip": 2.0,
    "update_scale": 0.08,
    "init_scale": 1.0,
    "initial_noise": 0.01,
    "support_fraction": 0.6,
    "bond_temperature": 0.5,
    "dyn_a": 0.2,
    "dyn_b": 0.2,
    "dyn_c": 0.8,
    "dyn_d": 0.05,
    "lr_schedule": "cosine_0.1x"
  }
}
