{"operating_system": "Windows-10-10.0.26200-SP0", "machine": "AMD64", "python": "3.11.16", "python_executable": "C:\\Users\\Anthony\\anaconda3\\envs\\strange-matter-gpu\\python.exe", "pytorch": "2.11.0+cu128", "pytorch_cuda": "12.8", "device": "cuda", "gpu": "NVIDIA GeForce RTX 5070 Ti"}
{"epoch": 1, "train_rmse": 1.364409215417433, "validation_rmse": 0.8814870119094849, "validation_ma_st_rae": 0.8927747376548733, "validation_CYP1A2_st_rae": 0.9406997753895205, "validation_CYP2C9_st_rae": 0.7880492465775287, "validation_CYP2D6_st_rae": 1.1135626888119141, "validation_CYP3A4_st_rae": 0.7287872398405297, "mean_raw_gradient_norm": 33.5831697845459, "fraction_gradients_clipped": 1.0}
{"epoch": 2, "train_rmse": 1.3698226561750426, "validation_rmse": 0.8821668028831482, "validation_ma_st_rae": 0.8950153447058466, "validation_CYP1A2_st_rae": 0.938240515448342, "validation_CYP2C9_st_rae": 0.7886433345229326, "validation_CYP2D6_st_rae": 1.1236652204836306, "validation_CYP3A4_st_rae": 0.7295123083684815, "mean_raw_gradient_norm": 27.509461517333985, "fraction_gradients_clipped": 1.0}
{"epoch": 3, "train_rmse": 1.3283493097662977, "validation_rmse": 0.8818348050117493, "validation_ma_st_rae": 0.8947203733449705, "validation_CYP1A2_st_rae": 0.9369346135156493, "validation_CYP2C9_st_rae": 0.7896408350733505, "validation_CYP2D6_st_rae": 1.128104774831128, "validation_CYP3A4_st_rae": 0.7242012699597542, "mean_raw_gradient_norm": 25.17182456970215, "fraction_gradients_clipped": 1.0}
{"epoch": 4, "train_rmse": 1.3289974311555124, "validation_rmse": 0.8790821433067322, "validation_ma_st_rae": 0.8930322212933464, "validation_CYP1A2_st_rae": 0.9371805256871861, "validation_CYP2C9_st_rae": 0.8088116708173395, "validation_CYP2D6_st_rae": 1.1066276829999167, "validation_CYP3A4_st_rae": 0.7195090056689428, "mean_raw_gradient_norm": 29.756263542175294, "fraction_gradients_clipped": 1.0}
{
  "seed": 4211,
  "selection_metric": "validation_ma_st_rae",
  "best_validation_ma_st_rae": 0.8927747376548733,
  "best_validation_rmse": 0.8814870119094849,
  "restored_fit_rmse": 0.8284304738044739,
  "restored_validation_rmse": 0.8814720511436462,
  "restored_fit_ma_st_rae": 0.8402057683057401,
  "restored_validation_ma_st_rae": 0.8953849351392632,
  "restored_validation_point_ma_st_rae": 0.8927530723810686,
  "restored_validation_point_st_rae_by_cyp": {
    "CYP1A2": 0.940621038210092,
    "CYP2C9": 0.7880565193906032,
    "CYP2D6": 1.1135571172260637,
    "CYP3A4": 0.7287776146975157
  },
  "restored_fit_st_rae_by_cyp": {
    "CYP1A2": 0.8700807998980565,
    "CYP2C9": 0.7725354724876017,
    "CYP2D6": 1.0202667069705658,
    "CYP3A4": 0.6979400938667364
  },
  "restored_validation_st_rae_by_cyp": {
    "CYP1A2": 0.9464683096349592,
    "CYP2C9": 0.7904594753142106,
    "CYP2D6": 1.1149168236085447,
    "CYP3A4": 0.7296951319993384
  },
  "validation_bootstrap_metrics": {
    "n_bootstrap_samples": 1000,
    "seed": 0,
    "macro": {
      "st_rae": {
        "mean": 0.8953849351392632,
        "ci_low": 0.8402086512415877,
        "ci_high": 0.9537608805640511
      },
      "mae": {
        "mean": 0.6510478032329113,
        "ci_low": 0.617105801393188,
        "ci_high": 0.688375970158362
      },
      "r2": {
        "mean": 0.13454586157842405,
        "ci_low": 0.07575957198621168,
        "ci_high": 0.18859806584494387
      },
      "spearman_rho": {
        "mean": 0.38448657001676817,
        "ci_low": 0.32539482806222614,
        "ci_high": 0.44172927307297327
      },
      "kendall_tau": {
        "mean": 0.268393975176822,
        "ci_low": 0.22618170413130162,
        "ci_high": 0.3088972695232331
      }
    },
    "per_endpoint": {
      "CYP1A2": {
        "st_rae": {
          "mean": 0.9464683096349592,
          "ci_low": 0.8381184322494675,
          "ci_high": 1.0645238956408647
        },
        "mae": {
          "mean": 0.7194468543967536,
          "ci_low": 0.642571723253228,
          "ci_high": 0.8047277868902959
        },
        "r2": {
          "mean": 0.1190588476457398,
          "ci_low": 0.004232339513283175,
          "ci_high": 0.22526542351761766
        },
        "spearman_rho": {
          "mean": 0.395953248380344,
          "ci_low": 0.2828232856738289,
          "ci_high": 0.4991509235547493
        },
        "kendall_tau": {
          "mean": 0.26846063706850287,
          "ci_low": 0.19040239179615748,
          "ci_high": 0.34047409344438895
        }
      },
      "CYP2C9": {
        "st_rae": {
          "mean": 0.7904594753142106,
          "ci_low": 0.6726620465976509,
          "ci_high": 0.9220486813362487
        },
        "mae": {
          "mean": 0.5201812354973729,
          "ci_low": 0.4556361193584307,
          "ci_high": 0.5845991059910828
        },
        "r2": {
          "mean": 0.2078596942953406,
          "ci_low": 0.06797376949759933,
          "ci_high": 0.33600488532070255
        },
        "spearman_rho": {
          "mean": 0.50956701541342,
          "ci_low": 0.39990190057059966,
          "ci_high": 0.6083035641784748
        },
        "kendall_tau": {
          "mean": 0.35364499762464263,
          "ci_low": 0.2714071776751018,
          "ci_high": 0.4273139420921645
        }
      },
      "CYP2D6": {
        "st_rae": {
          "mean": 1.1149168236085447,
          "ci_low": 1.005211633593758,
          "ci_high": 1.2439196528226104
        },
        "mae": {
          "mean": 0.6256402380445729,
          "ci_low": 0.5499562211917794,
          "ci_high": 0.6979090520609981
        },
        "r2": {
          "mean": -0.061468731398975865,
          "ci_low": -0.190064450115812,
          "ci_high": 0.04734367430618034
        },
        "spearman_rho": {
          "mean": 0.1064297987068725,
          "ci_low": -0.03650513046733787,
          "ci_high": 0.2345200824603973
        },
        "kendall_tau": {
          "mean": 0.06957840131951332,
          "ci_low": -0.026945701623589276,
          "ci_high": 0.1583305482002141
        }
      },
      "CYP3A4": {
        "st_rae": {
          "mean": 0.7296951319993384,
          "ci_low": 0.6517744878568938,
          "ci_high": 0.8094068653879458
        },
        "mae": {
          "mean": 0.7389228849929456,
          "ci_low": 0.6808640138429288,
          "ci_high": 0.7995848942909214
        },
        "r2": {
          "mean": 0.2727336357715917,
          "ci_low": 0.17898805807655563,
          "ci_high": 0.3568840541157678
        },
        "spearman_rho": {
          "mean": 0.5259962175664362,
          "ci_low": 0.4357289996238825,
          "ci_high": 0.6111172323577305
        },
        "kendall_tau": {
          "mean": 0.38189186469462916,
          "ci_low": 0.3152841713579906,
          "ci_high": 0.44716564281452625
        }
      }
    }
  },
  "epochs_run": 4,
  "fit_observations": 4213,
  "validation_observations": 1003,
  "rule": "fitzhugh_nagumo",
  "generations": 16,
  "hidden_channels": 16,
  "atom_feature_profile": "electronic",
  "atom_feature_count": 33,
  "atom_feature_names": [
    "element_H",
    "element_C",
    "element_N",
    "element_O",
    "element_F",
    "element_P",
    "element_S",
    "element_Cl",
    "element_Br",
    "element_I",
    "element_other",
    "formal_charge",
    "aromatic",
    "hybrid_sp",
    "hybrid_sp2",
    "hybrid_sp3",
    "hybrid_other",
    "degree",
    "total_hydrogens",
    "in_ring",
    "hbond_donor",
    "hbond_acceptor",
    "chiral_cw",
    "chiral_ccw",
    "chiral_other",
    "electronegativity",
    "polarizability",
    "heteroatom",
    "halogen",
    "conjugated_bond_fraction",
    "first_ionization_energy",
    "electron_affinity",
    "electronic_property_missing"
  ],
  "device": "cuda",
  "gpu": "NVIDIA GeForce RTX 5070 Ti",
  "training_seconds": 15.076789499958977,
  "peak_gpu_memory_bytes": 94282240,
  "runtime": {
    "operating_system": "Windows-10-10.0.26200-SP0",
    "machine": "AMD64",
    "python": "3.11.16",
    "python_executable": "C:\\Users\\Anthony\\anaconda3\\envs\\strange-matter-gpu\\python.exe",
    "pytorch": "2.11.0+cu128",
    "pytorch_cuda": "12.8",
    "device": "cuda",
    "gpu": "NVIDIA GeForce RTX 5070 Ti"
  },
  "validation_protocol": {
    "kind": "scaffold_cross_validation",
    "fold": 1,
    "folds": 5
  },
  "readout": "differentiable_closed_form_ridge",
  "hyperparameters": {
    "ca_lr": 0.001,
    "ridge": 0.1,
    "ca_l2": 0.0001,
    "gradient_clip": 0.5,
    "update_scale": 0.08,
    "init_scale": 1.0,
    "initial_noise": 0.0,
    "support_fraction": 0.75,
    "bond_temperature": 0.5,
    "dyn_a": 0.5,
    "dyn_b": 0.5,
    "dyn_c": 0.2,
    "dyn_d": 0.05,
    "lr_schedule": "cosine_0.1x"
  }
}
