{"operating_system": "macOS-26.2-arm64-arm-64bit", "machine": "arm64", "python": "3.10.19", "python_executable": "/opt/anaconda3/envs/kcc2/bin/python3.10", "pytorch": "2.8.0", "pytorch_cuda": null, "device": "cpu", "gpu": null}
{"epoch": 1, "train_rmse": 1.2953552103557489, "validation_rmse": 1.0212162733078003, "mean_raw_gradient_norm": 26.84824695587158, "fraction_gradients_clipped": 1.0}
{"epoch": 2, "train_rmse": 1.434638579706547, "validation_rmse": 1.0215809345245361, "mean_raw_gradient_norm": 26.652341270446776, "fraction_gradients_clipped": 1.0}
{"epoch": 3, "train_rmse": 1.3664864852812988, "validation_rmse": 1.0217424631118774, "mean_raw_gradient_norm": 25.594801902770996, "fraction_gradients_clipped": 1.0}
{
  "seed": 1701,
  "best_validation_rmse": 1.0212162733078003,
  "restored_fit_rmse": 0.9140756130218506,
  "restored_validation_rmse": 1.0212162733078003,
  "epochs_run": 3,
  "fit_observations": 791,
  "validation_observations": 273,
  "rule": "delayed_memory",
  "generations": 32,
  "hidden_channels": 8,
  "device": "cpu",
  "gpu": null,
  "training_seconds": 3.267504708026536,
  "peak_gpu_memory_bytes": 0,
  "runtime": {
    "operating_system": "macOS-26.2-arm64-arm-64bit",
    "machine": "arm64",
    "python": "3.10.19",
    "python_executable": "/opt/anaconda3/envs/kcc2/bin/python3.10",
    "pytorch": "2.8.0",
    "pytorch_cuda": null,
    "device": "cpu",
    "gpu": null
  },
  "readout": "differentiable_closed_form_ridge",
  "hyperparameters": {
    "ca_lr": 0.0003,
    "ridge": 0.01,
    "ca_l2": 1e-05,
    "gradient_clip": 1.0,
    "update_scale": 0.08,
    "init_scale": 1.0,
    "initial_noise": 0.0,
    "support_fraction": 0.85,
    "bond_temperature": 2.0,
    "dyn_a": 0.2,
    "dyn_b": 0.5,
    "dyn_c": 0.2,
    "dyn_d": 0.3,
    "lr_schedule": "cosine_0.1x"
  }
}
