{"operating_system": "macOS-26.2-arm64-arm-64bit", "machine": "arm64", "python": "3.10.19", "python_executable": "/opt/anaconda3/envs/kcc2/bin/python3.10", "pytorch": "2.8.0", "pytorch_cuda": null, "device": "cpu", "gpu": null}
{"epoch": 1, "train_rmse": 1.3027231993095805, "validation_rmse": 0.9640544652938843, "mean_raw_gradient_norm": 21.86598539352417, "fraction_gradients_clipped": 1.0}
{"epoch": 2, "train_rmse": 1.2780513757756062, "validation_rmse": 0.9656952023506165, "mean_raw_gradient_norm": 20.67831292003393, "fraction_gradients_clipped": 1.0}
{"epoch": 3, "train_rmse": 1.3315605289391934, "validation_rmse": 0.9638193845748901, "mean_raw_gradient_norm": 21.147161036729813, "fraction_gradients_clipped": 1.0}
{"epoch": 4, "train_rmse": 1.3021119539774113, "validation_rmse": 0.963459849357605, "mean_raw_gradient_norm": 25.489694982767105, "fraction_gradients_clipped": 1.0}
{
  "seed": 1701,
  "best_validation_rmse": 0.9640544652938843,
  "restored_fit_rmse": 0.9483882784843445,
  "restored_validation_rmse": 0.9640544652938843,
  "epochs_run": 4,
  "fit_observations": 2643,
  "validation_observations": 670,
  "rule": "conservative_graph_flux",
  "generations": 64,
  "hidden_channels": 8,
  "device": "cpu",
  "gpu": null,
  "training_seconds": 25.93750566698145,
  "peak_gpu_memory_bytes": 0,
  "runtime": {
    "operating_system": "macOS-26.2-arm64-arm-64bit",
    "machine": "arm64",
    "python": "3.10.19",
    "python_executable": "/opt/anaconda3/envs/kcc2/bin/python3.10",
    "pytorch": "2.8.0",
    "pytorch_cuda": null,
    "device": "cpu",
    "gpu": null
  },
  "readout": "differentiable_closed_form_ridge",
  "hyperparameters": {
    "ca_lr": 0.0003,
    "ridge": 0.1,
    "ca_l2": 0.0001,
    "gradient_clip": 0.5,
    "update_scale": 0.08,
    "init_scale": 1.5,
    "initial_noise": 0.005,
    "support_fraction": 0.6,
    "bond_temperature": 0.5,
    "dyn_a": 0.2,
    "dyn_b": 0.8,
    "dyn_c": 0.8,
    "dyn_d": 0.05,
    "lr_schedule": "cosine_0.1x"
  }
}
