{"device": "cuda", "gpu": "NVIDIA GeForce RTX 5070 Ti", "pytorch": "2.11.0+cu128", "pytorch_cuda": "12.8"}
{"epoch": 1, "train_rmse": 1.0076692458573455, "validation_rmse": 1.0262417793273926, "mean_raw_gradient_norm": 2.678623676300049, "fraction_gradients_clipped": 1.0}
{"epoch": 2, "train_rmse": 0.9947363558799641, "validation_rmse": 1.0243725776672363, "mean_raw_gradient_norm": 3.121575951576233, "fraction_gradients_clipped": 1.0}
{"epoch": 3, "train_rmse": 1.0075762293178796, "validation_rmse": 1.023314356803894, "mean_raw_gradient_norm": 2.3462074756622315, "fraction_gradients_clipped": 1.0}
{
  "seed": 1701,
  "best_validation_rmse": 1.0262417793273926,
  "restored_fit_rmse": 0.929752767086029,
  "restored_validation_rmse": 1.0262418985366821,
  "epochs_run": 3,
  "fit_observations": 791,
  "validation_observations": 273,
  "rule": "inertial_reaction_diffusion",
  "generations": 125,
  "hidden_channels": 4,
  "device": "cuda",
  "gpu": "NVIDIA GeForce RTX 5070 Ti",
  "training_seconds": 7.915156700066291,
  "peak_gpu_memory_bytes": 136705024,
  "readout": "differentiable_closed_form_ridge",
  "hyperparameters": {
    "ca_lr": 0.0003,
    "ridge": 1.0,
    "ca_l2": 1e-05,
    "gradient_clip": 0.5
  }
}
