{"device": "cuda", "gpu": "NVIDIA GeForce RTX 5070 Ti", "pytorch": "2.11.0+cu128", "pytorch_cuda": "12.8"}
{"epoch": 1, "train_rmse": 4.276335616621701, "validation_rmse": 1.0470858812332153, "mean_raw_gradient_norm": 9109.87780440481, "fraction_gradients_clipped": 1.0}
{"epoch": 2, "train_rmse": 6.077259292731645, "validation_rmse": 1.0159350633621216, "mean_raw_gradient_norm": 19466.95602577611, "fraction_gradients_clipped": 1.0}
{"epoch": 3, "train_rmse": 4.913082620297563, "validation_rmse": 1.0077149868011475, "mean_raw_gradient_norm": 15360.57080078125, "fraction_gradients_clipped": 1.0}
{
  "seed": 1701,
  "best_validation_rmse": 1.0077149868011475,
  "restored_fit_rmse": 0.8926448225975037,
  "restored_validation_rmse": 1.021872878074646,
  "epochs_run": 3,
  "fit_observations": 791,
  "validation_observations": 273,
  "rule": "gated_residual",
  "generations": 500,
  "hidden_channels": 8,
  "device": "cuda",
  "gpu": "NVIDIA GeForce RTX 5070 Ti",
  "training_seconds": 50.1637303000316,
  "peak_gpu_memory_bytes": 322847232,
  "readout": "differentiable_closed_form_ridge",
  "hyperparameters": {
    "ca_lr": 0.001,
    "ridge": 0.0001,
    "ca_l2": 0.0001,
    "gradient_clip": 2.0
  }
}
