{"operating_system": "Windows-10-10.0.26200-SP0", "machine": "AMD64", "python": "3.11.16", "python_executable": "C:\\Users\\Anthony\\anaconda3\\envs\\strange-matter-gpu\\python.exe", "pytorch": "2.11.0+cu128", "pytorch_cuda": "12.8", "device": "cuda", "gpu": "NVIDIA GeForce RTX 5070 Ti"}
{"epoch": 1, "train_rmse": 1.070924441957433, "validation_rmse": 0.8908348083496094, "validation_ma_st_rae": 0.905527766032264, "validation_CYP1A2_st_rae": 0.9291088460502523, "validation_CYP2C9_st_rae": 0.8231337596593575, "validation_CYP2D6_st_rae": 1.0765810383359289, "validation_CYP3A4_st_rae": 0.7932874200835176, "mean_raw_gradient_norm": 17.086499671936036, "fraction_gradients_clipped": 1.0}
{"epoch": 2, "train_rmse": 1.0459309675171033, "validation_rmse": 0.8872138261795044, "validation_ma_st_rae": 0.8930070123069699, "validation_CYP1A2_st_rae": 0.940228919050323, "validation_CYP2C9_st_rae": 0.8264860151417802, "validation_CYP2D6_st_rae": 1.0112792199870908, "validation_CYP3A4_st_rae": 0.7940338950486856, "mean_raw_gradient_norm": 27.64574456691742, "fraction_gradients_clipped": 1.0}
{"epoch": 3, "train_rmse": 1.0904727179556142, "validation_rmse": 0.8876132965087891, "validation_ma_st_rae": 0.9079287211551555, "validation_CYP1A2_st_rae": 0.9695488087562173, "validation_CYP2C9_st_rae": 0.8259186125638152, "validation_CYP2D6_st_rae": 1.0600802060991326, "validation_CYP3A4_st_rae": 0.776167257201457, "mean_raw_gradient_norm": 20.852226152420045, "fraction_gradients_clipped": 1.0}
{"epoch": 4, "train_rmse": 1.0619236257045785, "validation_rmse": 0.8838489651679993, "validation_ma_st_rae": 0.9026031194693802, "validation_CYP1A2_st_rae": 0.9107220619749813, "validation_CYP2C9_st_rae": 0.8400560781149478, "validation_CYP2D6_st_rae": 1.09111083238893, "validation_CYP3A4_st_rae": 0.7685235053986614, "mean_raw_gradient_norm": 7.9043921899795535, "fraction_gradients_clipped": 1.0}
{"epoch": 5, "train_rmse": 1.1173523564073116, "validation_rmse": 0.8741651773452759, "validation_ma_st_rae": 0.8894030695106687, "validation_CYP1A2_st_rae": 0.9185434541450653, "validation_CYP2C9_st_rae": 0.870104968338178, "validation_CYP2D6_st_rae": 1.003350170800023, "validation_CYP3A4_st_rae": 0.7656136847594084, "mean_raw_gradient_norm": 21.838246879577635, "fraction_gradients_clipped": 1.0}
{"epoch": 6, "train_rmse": 1.0459523452428734, "validation_rmse": 0.8685619831085205, "validation_ma_st_rae": 0.8787932606385541, "validation_CYP1A2_st_rae": 0.9248158133338931, "validation_CYP2C9_st_rae": 0.8553753071046915, "validation_CYP2D6_st_rae": 0.9902780208445964, "validation_CYP3A4_st_rae": 0.7447039012710355, "mean_raw_gradient_norm": 15.338119220733642, "fraction_gradients_clipped": 1.0}
{"epoch": 7, "train_rmse": 1.0027486758706396, "validation_rmse": 0.8692998886108398, "validation_ma_st_rae": 0.8830352385361981, "validation_CYP1A2_st_rae": 0.92704810356448, "validation_CYP2C9_st_rae": 0.8638914234300281, "validation_CYP2D6_st_rae": 1.010549210803138, "validation_CYP3A4_st_rae": 0.7306522163471464, "mean_raw_gradient_norm": 9.562032279968262, "fraction_gradients_clipped": 1.0}
{"epoch": 8, "train_rmse": 1.0664189873633143, "validation_rmse": 0.8693121671676636, "validation_ma_st_rae": 0.8808370674342648, "validation_CYP1A2_st_rae": 0.9303655552735953, "validation_CYP2C9_st_rae": 0.8608475830208052, "validation_CYP2D6_st_rae": 1.0007827961482736, "validation_CYP3A4_st_rae": 0.7313523352943848, "mean_raw_gradient_norm": 10.614029722213745, "fraction_gradients_clipped": 1.0}
{
  "seed": 4211,
  "selection_metric": "validation_ma_st_rae",
  "best_validation_ma_st_rae": 0.8787932606385541,
  "best_validation_rmse": 0.8685619831085205,
  "restored_fit_rmse": 0.8270155787467957,
  "restored_validation_rmse": 0.8685696125030518,
  "restored_fit_ma_st_rae": 0.8299664956085041,
  "restored_validation_ma_st_rae": 0.8816447608782957,
  "restored_validation_point_ma_st_rae": 0.8787939974146088,
  "restored_validation_point_st_rae_by_cyp": {
    "CYP1A2": 0.9248654210545241,
    "CYP2C9": 0.8553514118218193,
    "CYP2D6": 0.9902764397920518,
    "CYP3A4": 0.7446827169900401
  },
  "restored_fit_st_rae_by_cyp": {
    "CYP1A2": 0.8489026056537257,
    "CYP2C9": 0.7985971386210241,
    "CYP2D6": 0.9603191278874622,
    "CYP3A4": 0.7120471102718049
  },
  "restored_validation_st_rae_by_cyp": {
    "CYP1A2": 0.9293616545480767,
    "CYP2C9": 0.858943487317844,
    "CYP2D6": 0.9916134984437139,
    "CYP3A4": 0.7466604032035482
  },
  "validation_bootstrap_metrics": {
    "n_bootstrap_samples": 1000,
    "seed": 0,
    "macro": {
      "st_rae": {
        "mean": 0.8816447608782957,
        "ci_low": 0.8320537466518843,
        "ci_high": 0.937651231944512
      },
      "mae": {
        "mean": 0.6420225898310538,
        "ci_low": 0.6079980343401792,
        "ci_high": 0.6795280116646331
      },
      "r2": {
        "mean": 0.1619442510172777,
        "ci_low": 0.10771160890954516,
        "ci_high": 0.21176008530789958
      },
      "spearman_rho": {
        "mean": 0.41742561481276963,
        "ci_low": 0.36020710976543857,
        "ci_high": 0.46746260088227787
      },
      "kendall_tau": {
        "mean": 0.28906121643067756,
        "ci_low": 0.24822922832773145,
        "ci_high": 0.3255383392996697
      }
    },
    "per_endpoint": {
      "CYP1A2": {
        "st_rae": {
          "mean": 0.9293616545480767,
          "ci_low": 0.8285434713929712,
          "ci_high": 1.0426095681390568
        },
        "mae": {
          "mean": 0.7096063892447672,
          "ci_low": 0.6287788751097613,
          "ci_high": 0.7978099342418271
        },
        "r2": {
          "mean": 0.10772588641406233,
          "ci_low": -0.002666838645871393,
          "ci_high": 0.2105042452991436
        },
        "spearman_rho": {
          "mean": 0.39442791253862447,
          "ci_low": 0.2779647919907008,
          "ci_high": 0.5103991930072445
        },
        "kendall_tau": {
          "mean": 0.2681485540613994,
          "ci_low": 0.18492906197925274,
          "ci_high": 0.3477609511778547
        }
      },
      "CYP2C9": {
        "st_rae": {
          "mean": 0.858943487317844,
          "ci_low": 0.7335708801862582,
          "ci_high": 0.9918643226437692
        },
        "mae": {
          "mean": 0.5451226525137266,
          "ci_low": 0.48472168726969495,
          "ci_high": 0.6082345076018784
        },
        "r2": {
          "mean": 0.16587365051128292,
          "ci_low": 0.01992654567667844,
          "ci_high": 0.29065366952095323
        },
        "spearman_rho": {
          "mean": 0.4443935063884546,
          "ci_low": 0.32243982729482173,
          "ci_high": 0.5518359821312088
        },
        "kendall_tau": {
          "mean": 0.30486863108208523,
          "ci_low": 0.2165689640527472,
          "ci_high": 0.38563449095678337
        }
      },
      "CYP2D6": {
        "st_rae": {
          "mean": 0.9916134984437139,
          "ci_low": 0.8990789508090227,
          "ci_high": 1.0963280080512883
        },
        "mae": {
          "mean": 0.5724681867247043,
          "ci_low": 0.5018747134053189,
          "ci_high": 0.6470757658585258
        },
        "r2": {
          "mean": 0.09104857334854598,
          "ci_low": -0.005221317013287401,
          "ci_high": 0.1703310986510653
        },
        "spearman_rho": {
          "mean": 0.296066670238598,
          "ci_low": 0.17289197261979086,
          "ci_high": 0.41532081335283966
        },
        "kendall_tau": {
          "mean": 0.20058376377896303,
          "ci_low": 0.11421428253944446,
          "ci_high": 0.2856410158633313
        }
      },
      "CYP3A4": {
        "st_rae": {
          "mean": 0.7466604032035482,
          "ci_low": 0.6635797998992625,
          "ci_high": 0.8367858166679449
        },
        "mae": {
          "mean": 0.7408931308410174,
          "ci_low": 0.6863885905273734,
          "ci_high": 0.7966118877696858
        },
        "r2": {
          "mean": 0.2831288937952195,
          "ci_low": 0.1934564857015277,
          "ci_high": 0.36182355782986714
        },
        "spearman_rho": {
          "mean": 0.5348143700854014,
          "ci_low": 0.43820659358949543,
          "ci_high": 0.6178958600619558
        },
        "kendall_tau": {
          "mean": 0.3826439168002626,
          "ci_low": 0.3114172692908404,
          "ci_high": 0.44708592365571664
        }
      }
    }
  },
  "epochs_run": 8,
  "fit_observations": 4213,
  "validation_observations": 1003,
  "rule": "delayed_memory",
  "generations": 500,
  "hidden_channels": 16,
  "atom_feature_profile": "periodic_valence",
  "atom_feature_count": 38,
  "atom_feature_names": [
    "element_H",
    "element_C",
    "element_N",
    "element_O",
    "element_F",
    "element_P",
    "element_S",
    "element_Cl",
    "element_Br",
    "element_I",
    "element_other",
    "formal_charge",
    "aromatic",
    "hybrid_sp",
    "hybrid_sp2",
    "hybrid_sp3",
    "hybrid_other",
    "degree",
    "total_hydrogens",
    "in_ring",
    "hbond_donor",
    "hbond_acceptor",
    "chiral_cw",
    "chiral_ccw",
    "chiral_other",
    "atomic_number",
    "atomic_mass",
    "covalent_radius",
    "vdw_radius",
    "outer_electrons",
    "period",
    "periodic_group",
    "atomic_volume",
    "total_valence",
    "implicit_valence",
    "heavy_atom_degree",
    "radical_electrons",
    "absolute_formal_charge"
  ],
  "device": "cuda",
  "gpu": "NVIDIA GeForce RTX 5070 Ti",
  "training_seconds": 604.8992661999073,
  "peak_gpu_memory_bytes": 1195370496,
  "runtime": {
    "operating_system": "Windows-10-10.0.26200-SP0",
    "machine": "AMD64",
    "python": "3.11.16",
    "python_executable": "C:\\Users\\Anthony\\anaconda3\\envs\\strange-matter-gpu\\python.exe",
    "pytorch": "2.11.0+cu128",
    "pytorch_cuda": "12.8",
    "device": "cuda",
    "gpu": "NVIDIA GeForce RTX 5070 Ti"
  },
  "validation_protocol": {
    "kind": "scaffold_cross_validation",
    "fold": 1,
    "folds": 5
  },
  "readout": "differentiable_closed_form_ridge",
  "hyperparameters": {
    "ca_lr": 0.003,
    "ridge": 1.0,
    "ca_l2": 1e-05,
    "gradient_clip": 0.5,
    "update_scale": 0.15,
    "init_scale": 1.0,
    "initial_noise": 0.0,
    "support_fraction": 0.75,
    "bond_temperature": 2.0,
    "dyn_a": 0.2,
    "dyn_b": 0.5,
    "dyn_c": 0.5,
    "dyn_d": 0.3,
    "lr_schedule": "cosine_0.1x"
  }
}
