{"operating_system": "Windows-10-10.0.26200-SP0", "machine": "AMD64", "python": "3.11.16", "python_executable": "C:\\Users\\Anthony\\anaconda3\\envs\\strange-matter-gpu\\python.exe", "pytorch": "2.11.0+cu128", "pytorch_cuda": "12.8", "device": "cuda", "gpu": "NVIDIA GeForce RTX 5070 Ti"}
{"epoch": 1, "train_rmse": 1.0841347841990814, "validation_rmse": 0.8860827088356018, "validation_ma_st_rae": 0.9583261352827865, "validation_CYP1A2_st_rae": 1.0884837232494486, "validation_CYP2C9_st_rae": 0.8653790842833512, "validation_CYP2D6_st_rae": 0.954403714553319, "validation_CYP3A4_st_rae": 0.9250380190450277, "mean_raw_gradient_norm": 10.71969289779663, "fraction_gradients_clipped": 1.0}
{"epoch": 2, "train_rmse": 1.228260265379043, "validation_rmse": 0.8878283500671387, "validation_ma_st_rae": 0.9648409683257395, "validation_CYP1A2_st_rae": 1.0945910765898788, "validation_CYP2C9_st_rae": 0.8859862894805596, "validation_CYP2D6_st_rae": 0.9530204788683553, "validation_CYP3A4_st_rae": 0.9257660283641647, "mean_raw_gradient_norm": 9.269864273071288, "fraction_gradients_clipped": 1.0}
{"epoch": 3, "train_rmse": 1.3886528389399921, "validation_rmse": 0.8881431221961975, "validation_ma_st_rae": 0.9676927629540442, "validation_CYP1A2_st_rae": 1.0976404783083387, "validation_CYP2C9_st_rae": 0.8902147410615149, "validation_CYP2D6_st_rae": 0.954830049764962, "validation_CYP3A4_st_rae": 0.9280857826813608, "mean_raw_gradient_norm": 13.925312042236328, "fraction_gradients_clipped": 1.0}
{
  "seed": 1701,
  "selection_metric": "validation_ma_st_rae",
  "best_validation_ma_st_rae": 0.9583261352827865,
  "best_validation_rmse": 0.8860827088356018,
  "restored_fit_rmse": 0.9446101784706116,
  "restored_validation_rmse": 0.8860825896263123,
  "restored_fit_ma_st_rae": 0.886297073692957,
  "restored_validation_ma_st_rae": 0.97341873934655,
  "restored_validation_point_ma_st_rae": 0.9583140011006025,
  "restored_validation_point_st_rae_by_cyp": {
    "CYP1A2": 1.0884576342352439,
    "CYP2C9": 0.8653454672408394,
    "CYP2D6": 0.9543992167654068,
    "CYP3A4": 0.9250536861609197
  },
  "restored_fit_st_rae_by_cyp": {
    "CYP1A2": 0.9062453008762976,
    "CYP2C9": 0.8094569393328134,
    "CYP2D6": 0.9783772946063445,
    "CYP3A4": 0.8511087599563721
  },
  "restored_validation_st_rae_by_cyp": {
    "CYP1A2": 1.0879364640424634,
    "CYP2C9": 0.8957317221815402,
    "CYP2D6": 0.9688753945093064,
    "CYP3A4": 0.9411313766528903
  },
  "validation_bootstrap_metrics": {
    "n_bootstrap_samples": 1000,
    "seed": 0,
    "macro": {
      "st_rae": {
        "mean": 0.97341873934655,
        "ci_low": 0.852765695100386,
        "ci_high": 1.1012677399469122
      },
      "mae": {
        "mean": 0.6535151611843626,
        "ci_low": 0.5913573995308299,
        "ci_high": 0.728655434142082
      },
      "r2": {
        "mean": 0.020568921510190536,
        "ci_low": -0.12778943818656505,
        "ci_high": 0.14445618401261595
      },
      "spearman_rho": {
        "mean": 0.290764427271594,
        "ci_low": 0.17204131353358726,
        "ci_high": 0.4075726397930751
      },
      "kendall_tau": {
        "mean": 0.20331942817499457,
        "ci_low": 0.11851170940284503,
        "ci_high": 0.2894135755628829
      }
    },
    "per_endpoint": {
      "CYP1A2": {
        "st_rae": {
          "mean": 1.0879364640424634,
          "ci_low": 0.819532702435496,
          "ci_high": 1.4042464918593345
        },
        "mae": {
          "mean": 0.7315758790813509,
          "ci_low": 0.561338140729998,
          "ci_high": 0.921419700735905
        },
        "r2": {
          "mean": -0.07272186216476169,
          "ci_low": -0.4921504514995549,
          "ci_high": 0.17487272047613514
        },
        "spearman_rho": {
          "mean": 0.2831889782358329,
          "ci_low": 0.04919393021073501,
          "ci_high": 0.5038502609672871
        },
        "kendall_tau": {
          "mean": 0.20469108099930033,
          "ci_low": 0.04223709909667519,
          "ci_high": 0.362388293387932
        }
      },
      "CYP2C9": {
        "st_rae": {
          "mean": 0.8957317221815402,
          "ci_low": 0.6137298656846907,
          "ci_high": 1.2110259460725665
        },
        "mae": {
          "mean": 0.5271441493550937,
          "ci_low": 0.4072275210420291,
          "ci_high": 0.6578209041555723
        },
        "r2": {
          "mean": -0.01300996081563755,
          "ci_low": -0.40406452178823826,
          "ci_high": 0.304710857436604
        },
        "spearman_rho": {
          "mean": 0.23766989958547208,
          "ci_low": -0.040239382247288596,
          "ci_high": 0.5162137703006074
        },
        "kendall_tau": {
          "mean": 0.17019326796858444,
          "ci_low": -0.04263802716802939,
          "ci_high": 0.38391470262575134
        }
      },
      "CYP2D6": {
        "st_rae": {
          "mean": 0.9688753945093064,
          "ci_low": 0.7933593176338317,
          "ci_high": 1.1633222311343707
        },
        "mae": {
          "mean": 0.5576881033237164,
          "ci_low": 0.44169974959813635,
          "ci_high": 0.6891699944092676
        },
        "r2": {
          "mean": 0.03948414004672155,
          "ci_low": -0.16530340196429436,
          "ci_high": 0.20263641510790867
        },
        "spearman_rho": {
          "mean": 0.2831714918040385,
          "ci_low": 0.03314687941367398,
          "ci_high": 0.5262971692816917
        },
        "kendall_tau": {
          "mean": 0.19828916758179707,
          "ci_low": 0.016584558386966538,
          "ci_high": 0.37636362102705984
        }
      },
      "CYP3A4": {
        "st_rae": {
          "mean": 0.9411313766528903,
          "ci_low": 0.7756568421689807,
          "ci_high": 1.148602561640718
        },
        "mae": {
          "mean": 0.7976525129772896,
          "ci_low": 0.6882069186415783,
          "ci_high": 0.914818415877431
        },
        "r2": {
          "mean": 0.1285233689744398,
          "ci_low": -0.044175299003222875,
          "ci_high": 0.26869373798978036
        },
        "spearman_rho": {
          "mean": 0.3590273394610326,
          "ci_low": 0.1622806473453207,
          "ci_high": 0.5364751017974794
        },
        "kendall_tau": {
          "mean": 0.24010419615029663,
          "ci_low": 0.10807926829268293,
          "ci_high": 0.36615248956674706
        }
      }
    }
  },
  "epochs_run": 3,
  "fit_observations": 806,
  "validation_observations": 272,
  "rule": "inertial_reaction_diffusion",
  "generations": 32,
  "hidden_channels": 8,
  "atom_feature_profile": "baseline",
  "atom_feature_count": 25,
  "atom_feature_names": [
    "element_H",
    "element_C",
    "element_N",
    "element_O",
    "element_F",
    "element_P",
    "element_S",
    "element_Cl",
    "element_Br",
    "element_I",
    "element_other",
    "formal_charge",
    "aromatic",
    "hybrid_sp",
    "hybrid_sp2",
    "hybrid_sp3",
    "hybrid_other",
    "degree",
    "total_hydrogens",
    "in_ring",
    "hbond_donor",
    "hbond_acceptor",
    "chiral_cw",
    "chiral_ccw",
    "chiral_other"
  ],
  "device": "cuda",
  "gpu": "NVIDIA GeForce RTX 5070 Ti",
  "training_seconds": 3.216832300182432,
  "peak_gpu_memory_bytes": 103196160,
  "runtime": {
    "operating_system": "Windows-10-10.0.26200-SP0",
    "machine": "AMD64",
    "python": "3.11.16",
    "python_executable": "C:\\Users\\Anthony\\anaconda3\\envs\\strange-matter-gpu\\python.exe",
    "pytorch": "2.11.0+cu128",
    "pytorch_cuda": "12.8",
    "device": "cuda",
    "gpu": "NVIDIA GeForce RTX 5070 Ti"
  },
  "validation_protocol": {
    "kind": "scaffold_cross_validation",
    "fold": 0,
    "folds": 5
  },
  "readout": "differentiable_closed_form_ridge",
  "prediction_mode": "direct",
  "residual_alpha": null,
  "trajectory_pooling": "legacy",
  "ridge_mode": "shared",
  "loss_mode": "hybrid_interval",
  "interval_loss_beta": 0.75,
  "interval_temperature": 0.1,
  "hyperparameters": {
    "ca_lr": 0.001,
    "ridge": 0.01,
    "ca_l2": 0.0001,
    "gradient_clip": 1.0,
    "update_scale": 0.4,
    "init_scale": 1.5,
    "initial_noise": 0.005,
    "support_fraction": 0.85,
    "bond_temperature": 0.5,
    "dyn_a": 0.5,
    "dyn_b": 0.8,
    "dyn_c": 0.5,
    "dyn_d": 0.05,
    "lr_schedule": "cosine_0.1x"
  }
}
