{"device": "cuda", "gpu": "NVIDIA GeForce RTX 5070 Ti", "pytorch": "2.11.0+cu128", "pytorch_cuda": "12.8"}
{"epoch": 1, "train_rmse": 1.6414354448673758, "validation_rmse": 1.0139977931976318, "mean_raw_gradient_norm": 55.457881224782845, "fraction_gradients_clipped": 1.0}
{"epoch": 2, "train_rmse": 1.7290644315194834, "validation_rmse": 1.0108617544174194, "mean_raw_gradient_norm": 69.03975285981831, "fraction_gradients_clipped": 1.0}
{"epoch": 3, "train_rmse": 1.6765832501374711, "validation_rmse": 1.0102883577346802, "mean_raw_gradient_norm": 48.42926263809204, "fraction_gradients_clipped": 1.0}
{
  "seed": 1701,
  "best_validation_rmse": 1.0108617544174194,
  "restored_fit_rmse": 0.9275688529014587,
  "restored_validation_rmse": 1.0108652114868164,
  "epochs_run": 3,
  "fit_observations": 791,
  "validation_observations": 273,
  "rule": "gated_residual",
  "generations": 64,
  "hidden_channels": 4,
  "device": "cuda",
  "gpu": "NVIDIA GeForce RTX 5070 Ti",
  "training_seconds": 8.031922499998473,
  "peak_gpu_memory_bytes": 43218944,
  "readout": "differentiable_closed_form_ridge",
  "hyperparameters": {
    "ca_lr": 0.001,
    "ridge": 0.001,
    "ca_l2": 1e-05,
    "gradient_clip": 2.0
  }
}
