{"device": "cuda", "gpu": "NVIDIA GeForce RTX 5070 Ti", "pytorch": "2.11.0+cu128", "pytorch_cuda": "12.8"}
{"epoch": 1, "train_rmse": 1.1668495401333216, "validation_rmse": 0.8883320093154907, "mean_raw_gradient_norm": 8.263625537195514, "fraction_gradients_clipped": 1.0}
{"epoch": 2, "train_rmse": 1.2238566310496368, "validation_rmse": 0.8879817128181458, "mean_raw_gradient_norm": 7.432146826098042, "fraction_gradients_clipped": 1.0}
{"epoch": 3, "train_rmse": 1.1830823167441469, "validation_rmse": 0.8876808881759644, "mean_raw_gradient_norm": 7.224088761114305, "fraction_gradients_clipped": 1.0}
{"epoch": 4, "train_rmse": 1.1936008700363303, "validation_rmse": 0.8868234753608704, "mean_raw_gradient_norm": 6.774185349864345, "fraction_gradients_clipped": 1.0}
{"epoch": 5, "train_rmse": 1.252342547728549, "validation_rmse": 0.8863219618797302, "mean_raw_gradient_norm": 7.682997918898059, "fraction_gradients_clipped": 1.0}
{
  "seed": 4211,
  "best_validation_rmse": 0.8883320093154907,
  "restored_fit_rmse": 0.8339230418205261,
  "restored_validation_rmse": 0.888325572013855,
  "epochs_run": 5,
  "fit_observations": 5216,
  "validation_observations": 1309,
  "rule": "inertial_reaction_diffusion",
  "generations": 16,
  "hidden_channels": 16,
  "device": "cuda",
  "gpu": "NVIDIA GeForce RTX 5070 Ti",
  "training_seconds": 23.131458699936047,
  "peak_gpu_memory_bytes": 107853312,
  "readout": "differentiable_closed_form_ridge",
  "hyperparameters": {
    "ca_lr": 0.0003,
    "ridge": 0.1,
    "ca_l2": 0.0001,
    "gradient_clip": 1.0,
    "update_scale": 0.25,
    "init_scale": 0.5,
    "initial_noise": 0.01,
    "support_fraction": 0.6,
    "bond_temperature": 2.0,
    "dyn_a": 0.5,
    "dyn_b": 0.8,
    "dyn_c": 0.8,
    "dyn_d": 0.3,
    "lr_schedule": "cosine_0.1x"
  }
}
