{"operating_system": "Windows-10-10.0.26200-SP0", "machine": "AMD64", "python": "3.11.16", "python_executable": "C:\\Users\\Anthony\\anaconda3\\envs\\strange-matter-gpu\\python.exe", "pytorch": "2.11.0+cu128", "pytorch_cuda": "12.8", "device": "cuda", "gpu": "NVIDIA GeForce RTX 5070 Ti"}
{"epoch": 1, "train_rmse": 1.1270812593086919, "validation_rmse": 0.9025859236717224, "validation_ma_st_rae": 0.9042059853904771, "validation_CYP1A2_st_rae": 1.0028177726689507, "validation_CYP2C9_st_rae": 0.8004469188887287, "validation_CYP2D6_st_rae": 1.0182936316620785, "validation_CYP3A4_st_rae": 0.7952656183421506, "mean_raw_gradient_norm": 135.5918301741282, "fraction_gradients_clipped": 1.0}
{"epoch": 2, "train_rmse": 1.150642367498882, "validation_rmse": 0.9174237251281738, "validation_ma_st_rae": 0.9432032528719363, "validation_CYP1A2_st_rae": 1.0092344910467714, "validation_CYP2C9_st_rae": 0.8455933731903436, "validation_CYP2D6_st_rae": 1.1201566691313012, "validation_CYP3A4_st_rae": 0.7978284781193292, "mean_raw_gradient_norm": 120.71378676096599, "fraction_gradients_clipped": 1.0}
{"epoch": 3, "train_rmse": 1.1411723516192507, "validation_rmse": 0.9113990664482117, "validation_ma_st_rae": 0.9285592425913661, "validation_CYP1A2_st_rae": 0.980612185009281, "validation_CYP2C9_st_rae": 0.8346769076408213, "validation_CYP2D6_st_rae": 1.0980797000477773, "validation_CYP3A4_st_rae": 0.800868177667585, "mean_raw_gradient_norm": 111.6584444840749, "fraction_gradients_clipped": 1.0}
{"epoch": 4, "train_rmse": 1.14265893093953, "validation_rmse": 0.918691098690033, "validation_ma_st_rae": 0.9486760572636854, "validation_CYP1A2_st_rae": 0.9920328950376668, "validation_CYP2C9_st_rae": 0.8486693398070637, "validation_CYP2D6_st_rae": 1.1484137598759914, "validation_CYP3A4_st_rae": 0.8055882343340197, "mean_raw_gradient_norm": 157.27900203069052, "fraction_gradients_clipped": 1.0}
{
  "seed": 1701,
  "selection_metric": "validation_ma_st_rae",
  "best_validation_ma_st_rae": 0.9042059853904771,
  "best_validation_rmse": 0.9025859236717224,
  "restored_fit_rmse": 0.8354582786560059,
  "restored_validation_rmse": 0.9025818109512329,
  "restored_fit_ma_st_rae": 0.8572380876799348,
  "restored_validation_ma_st_rae": 0.9073579095539442,
  "restored_validation_point_ma_st_rae": 0.9041986336650624,
  "restored_validation_point_st_rae_by_cyp": {
    "CYP1A2": 1.0028152852420376,
    "CYP2C9": 0.8004398245454102,
    "CYP2D6": 1.0182746479712526,
    "CYP3A4": 0.7952647769015493
  },
  "restored_fit_st_rae_by_cyp": {
    "CYP1A2": 0.8762347489341892,
    "CYP2C9": 0.8270278161336332,
    "CYP2D6": 1.000134591160057,
    "CYP3A4": 0.7255551944918595
  },
  "restored_validation_st_rae_by_cyp": {
    "CYP1A2": 1.0035011958834623,
    "CYP2C9": 0.8074187145691819,
    "CYP2D6": 1.0204014772231538,
    "CYP3A4": 0.798110250539979
  },
  "validation_bootstrap_metrics": {
    "n_bootstrap_samples": 1000,
    "seed": 0,
    "macro": {
      "st_rae": {
        "mean": 0.9073579095539442,
        "ci_low": 0.8548441399872674,
        "ci_high": 0.9648333443064023
      },
      "mae": {
        "mean": 0.6659053456589329,
        "ci_low": 0.6275004000464297,
        "ci_high": 0.7019111340933166
      },
      "r2": {
        "mean": 0.1506462356948964,
        "ci_low": 0.08382380831885096,
        "ci_high": 0.2087082400312415
      },
      "spearman_rho": {
        "mean": 0.4177443437898102,
        "ci_low": 0.3655984583691912,
        "ci_high": 0.46469287704590806
      },
      "kendall_tau": {
        "mean": 0.28862917404139077,
        "ci_low": 0.25101154567050593,
        "ci_high": 0.3225610397932115
      }
    },
    "per_endpoint": {
      "CYP1A2": {
        "st_rae": {
          "mean": 1.0035011958834623,
          "ci_low": 0.8819463717337604,
          "ci_high": 1.134311635268297
        },
        "mae": {
          "mean": 0.7171880102799864,
          "ci_low": 0.6340605022469346,
          "ci_high": 0.8059629215756241
        },
        "r2": {
          "mean": 0.05320075963505256,
          "ci_low": -0.09134636752043512,
          "ci_high": 0.1771634597110814
        },
        "spearman_rho": {
          "mean": 0.3116015167962587,
          "ci_low": 0.18215916853171346,
          "ci_high": 0.427166969829715
        },
        "kendall_tau": {
          "mean": 0.21134206039318942,
          "ci_low": 0.12084700999811356,
          "ci_high": 0.2902069523522943
        }
      },
      "CYP2C9": {
        "st_rae": {
          "mean": 0.8074187145691819,
          "ci_low": 0.6849337052655766,
          "ci_high": 0.9682559645203415
        },
        "mae": {
          "mean": 0.5627091990270112,
          "ci_low": 0.498172487606082,
          "ci_high": 0.625979982656345
        },
        "r2": {
          "mean": 0.21104548422767264,
          "ci_low": 0.013098374270973805,
          "ci_high": 0.3666304509835111
        },
        "spearman_rho": {
          "mean": 0.4989228475271141,
          "ci_low": 0.385794662002905,
          "ci_high": 0.5970252645096468
        },
        "kendall_tau": {
          "mean": 0.3549809895714928,
          "ci_low": 0.27063273357200496,
          "ci_high": 0.42927147775190244
        }
      },
      "CYP2D6": {
        "st_rae": {
          "mean": 1.0204014772231538,
          "ci_low": 0.9313408499656385,
          "ci_high": 1.1156392381298006
        },
        "mae": {
          "mean": 0.6485770991072993,
          "ci_low": 0.5697181779345708,
          "ci_high": 0.7351338060081754
        },
        "r2": {
          "mean": 0.04758610043334684,
          "ci_low": -0.06833439788923498,
          "ci_high": 0.14327618578218976
        },
        "spearman_rho": {
          "mean": 0.31255711741599407,
          "ci_low": 0.19973664194461155,
          "ci_high": 0.4180967291988429
        },
        "kendall_tau": {
          "mean": 0.20783815093221766,
          "ci_low": 0.13072557889019348,
          "ci_high": 0.2806829156931718
        }
      },
      "CYP3A4": {
        "st_rae": {
          "mean": 0.798110250539979,
          "ci_low": 0.7193264550726263,
          "ci_high": 0.8770891493219344
        },
        "mae": {
          "mean": 0.7351470742214347,
          "ci_low": 0.6810225200879065,
          "ci_high": 0.786669588470346
        },
        "r2": {
          "mean": 0.29075259848351365,
          "ci_low": 0.21293684446629563,
          "ci_high": 0.35518468181491264
        },
        "spearman_rho": {
          "mean": 0.5478958934198738,
          "ci_low": 0.4732001224531256,
          "ci_high": 0.61361076862192
        },
        "kendall_tau": {
          "mean": 0.380355495268663,
          "ci_low": 0.3244057673506516,
          "ci_high": 0.4294007731209474
        }
      }
    }
  },
  "epochs_run": 4,
  "fit_observations": 4082,
  "validation_observations": 1134,
  "rule": "fitzhugh_nagumo",
  "generations": 125,
  "hidden_channels": 16,
  "atom_feature_profile": "electronic",
  "atom_feature_count": 33,
  "atom_feature_names": [
    "element_H",
    "element_C",
    "element_N",
    "element_O",
    "element_F",
    "element_P",
    "element_S",
    "element_Cl",
    "element_Br",
    "element_I",
    "element_other",
    "formal_charge",
    "aromatic",
    "hybrid_sp",
    "hybrid_sp2",
    "hybrid_sp3",
    "hybrid_other",
    "degree",
    "total_hydrogens",
    "in_ring",
    "hbond_donor",
    "hbond_acceptor",
    "chiral_cw",
    "chiral_ccw",
    "chiral_other",
    "electronegativity",
    "polarizability",
    "heteroatom",
    "halogen",
    "conjugated_bond_fraction",
    "first_ionization_energy",
    "electron_affinity",
    "electronic_property_missing"
  ],
  "device": "cuda",
  "gpu": "NVIDIA GeForce RTX 5070 Ti",
  "training_seconds": 58.3231708999956,
  "peak_gpu_memory_bytes": 596892160,
  "runtime": {
    "operating_system": "Windows-10-10.0.26200-SP0",
    "machine": "AMD64",
    "python": "3.11.16",
    "python_executable": "C:\\Users\\Anthony\\anaconda3\\envs\\strange-matter-gpu\\python.exe",
    "pytorch": "2.11.0+cu128",
    "pytorch_cuda": "12.8",
    "device": "cuda",
    "gpu": "NVIDIA GeForce RTX 5070 Ti"
  },
  "validation_protocol": {
    "kind": "scaffold_cross_validation",
    "fold": 4,
    "folds": 5
  },
  "readout": "differentiable_closed_form_ridge",
  "hyperparameters": {
    "ca_lr": 0.0003,
    "ridge": 1.0,
    "ca_l2": 1e-05,
    "gradient_clip": 1.0,
    "update_scale": 0.08,
    "init_scale": 1.0,
    "initial_noise": 0.0,
    "support_fraction": 0.6,
    "bond_temperature": 2.0,
    "dyn_a": 0.5,
    "dyn_b": 0.2,
    "dyn_c": 0.5,
    "dyn_d": 0.05,
    "lr_schedule": "cosine_0.1x"
  }
}
