{"device": "cuda", "gpu": "NVIDIA GeForce RTX 5070 Ti", "pytorch": "2.11.0+cu128", "pytorch_cuda": "12.8"}
{"epoch": 1, "train_rmse": 1.3591317567971644, "validation_rmse": 0.895424485206604, "mean_raw_gradient_norm": 23.59386415635386, "fraction_gradients_clipped": 1.0}
{"epoch": 2, "train_rmse": 1.3473037214414791, "validation_rmse": 0.8960121273994446, "mean_raw_gradient_norm": 19.254854948289932, "fraction_gradients_clipped": 1.0}
{"epoch": 3, "train_rmse": 1.2856374018097851, "validation_rmse": 0.896568238735199, "mean_raw_gradient_norm": 16.31249281667894, "fraction_gradients_clipped": 1.0}
{"epoch": 4, "train_rmse": 1.356307642150092, "validation_rmse": 0.8848426342010498, "mean_raw_gradient_norm": 18.133065608239942, "fraction_gradients_clipped": 1.0}
{"epoch": 5, "train_rmse": 1.21918645424009, "validation_rmse": 0.8806273937225342, "mean_raw_gradient_norm": 12.356387353712513, "fraction_gradients_clipped": 1.0}
{"epoch": 6, "train_rmse": 1.1644394820186728, "validation_rmse": 0.8776785731315613, "mean_raw_gradient_norm": 10.583287646693568, "fraction_gradients_clipped": 1.0}
{"epoch": 7, "train_rmse": 1.185283321719374, "validation_rmse": 0.8802059888839722, "mean_raw_gradient_norm": 12.488554285418603, "fraction_gradients_clipped": 1.0}
{"epoch": 8, "train_rmse": 1.198071459289602, "validation_rmse": 0.8774585723876953, "mean_raw_gradient_norm": 11.765470293260389, "fraction_gradients_clipped": 1.0}
{"epoch": 9, "train_rmse": 1.1197837434143745, "validation_rmse": 0.8822509050369263, "mean_raw_gradient_norm": 10.477034714914137, "fraction_gradients_clipped": 1.0}
{"epoch": 10, "train_rmse": 1.1014580871282762, "validation_rmse": 0.8789326548576355, "mean_raw_gradient_norm": 10.487843286606573, "fraction_gradients_clipped": 1.0}
{
  "seed": 1701,
  "best_validation_rmse": 0.8774585723876953,
  "restored_fit_rmse": 0.8180027008056641,
  "restored_validation_rmse": 0.8774588108062744,
  "epochs_run": 10,
  "fit_observations": 5216,
  "validation_observations": 1309,
  "rule": "gated_residual",
  "generations": 16,
  "hidden_channels": 16,
  "device": "cuda",
  "gpu": "NVIDIA GeForce RTX 5070 Ti",
  "training_seconds": 48.24162630003411,
  "peak_gpu_memory_bytes": 54759936,
  "readout": "differentiable_closed_form_ridge",
  "hyperparameters": {
    "ca_lr": 0.001,
    "ridge": 0.1,
    "ca_l2": 1e-06,
    "gradient_clip": 1.0
  }
}
