{"operating_system": "Windows-10-10.0.26200-SP0", "machine": "AMD64", "python": "3.11.16", "python_executable": "C:\\Users\\Anthony\\anaconda3\\envs\\strange-matter-gpu\\python.exe", "pytorch": "2.11.0+cu128", "pytorch_cuda": "12.8", "device": "cuda", "gpu": "NVIDIA GeForce RTX 5070 Ti"}
{"epoch": 1, "train_rmse": 1.2194197824213555, "validation_rmse": 0.8894646167755127, "validation_ma_st_rae": 0.901236412520879, "validation_CYP1A2_st_rae": 0.8588411583480302, "validation_CYP2C9_st_rae": 0.9871121750537569, "validation_CYP2D6_st_rae": 1.0687367075803498, "validation_CYP3A4_st_rae": 0.6902556091013792, "mean_raw_gradient_norm": 9.197766456604004, "fraction_gradients_clipped": 1.0}
{"epoch": 2, "train_rmse": 1.1688719530433138, "validation_rmse": 0.8877642750740051, "validation_ma_st_rae": 0.8960880466712231, "validation_CYP1A2_st_rae": 0.8580734002222531, "validation_CYP2C9_st_rae": 0.9650448696080359, "validation_CYP2D6_st_rae": 1.0628357030676563, "validation_CYP3A4_st_rae": 0.6983982137869471, "mean_raw_gradient_norm": 6.982740917205811, "fraction_gradients_clipped": 1.0}
{"epoch": 3, "train_rmse": 1.1504619793334905, "validation_rmse": 0.8879991769790649, "validation_ma_st_rae": 0.893549499331842, "validation_CYP1A2_st_rae": 0.8378187770989965, "validation_CYP2C9_st_rae": 0.9618895740340022, "validation_CYP2D6_st_rae": 1.083437254874126, "validation_CYP3A4_st_rae": 0.6910523913202434, "mean_raw_gradient_norm": 6.268310670852661, "fraction_gradients_clipped": 1.0}
{"epoch": 4, "train_rmse": 1.1460517078496992, "validation_rmse": 0.8906790614128113, "validation_ma_st_rae": 0.8985456152295811, "validation_CYP1A2_st_rae": 0.8578580403904281, "validation_CYP2C9_st_rae": 0.9807374561369844, "validation_CYP2D6_st_rae": 1.0616423357555909, "validation_CYP3A4_st_rae": 0.6939446286353211, "mean_raw_gradient_norm": 7.0301016902923585, "fraction_gradients_clipped": 1.0}
{"epoch": 5, "train_rmse": 1.1446736396778803, "validation_rmse": 0.8898571729660034, "validation_ma_st_rae": 0.8967252014581539, "validation_CYP1A2_st_rae": 0.865865461098654, "validation_CYP2C9_st_rae": 0.9576899328557742, "validation_CYP2D6_st_rae": 1.065707803459453, "validation_CYP3A4_st_rae": 0.6976376084187345, "mean_raw_gradient_norm": 6.026926527023315, "fraction_gradients_clipped": 1.0}
{
  "seed": 1701,
  "selection_metric": "validation_ma_st_rae",
  "best_validation_ma_st_rae": 0.8960880466712231,
  "best_validation_rmse": 0.8877642750740051,
  "restored_fit_rmse": 0.8238611221313477,
  "restored_validation_rmse": 0.88776034116745,
  "restored_fit_ma_st_rae": 0.8342293686878425,
  "restored_validation_ma_st_rae": 0.898758046370591,
  "restored_validation_point_ma_st_rae": 0.896077807799394,
  "restored_validation_point_st_rae_by_cyp": {
    "CYP1A2": 0.8580589178458815,
    "CYP2C9": 0.9649984477702657,
    "CYP2D6": 1.0628360519019031,
    "CYP3A4": 0.6984178136795263
  },
  "restored_fit_st_rae_by_cyp": {
    "CYP1A2": 0.8563024847661461,
    "CYP2C9": 0.7320150482568776,
    "CYP2D6": 1.0469147830599237,
    "CYP3A4": 0.7016851586684228
  },
  "restored_validation_st_rae_by_cyp": {
    "CYP1A2": 0.8604407976123107,
    "CYP2C9": 0.9723437998442997,
    "CYP2D6": 1.0635038083882637,
    "CYP3A4": 0.6987437796374896
  },
  "validation_bootstrap_metrics": {
    "n_bootstrap_samples": 1000,
    "seed": 0,
    "macro": {
      "st_rae": {
        "mean": 0.898758046370591,
        "ci_low": 0.8333859901967838,
        "ci_high": 0.9729206261353663
      },
      "mae": {
        "mean": 0.6512515493102672,
        "ci_low": 0.6158261652786998,
        "ci_high": 0.6862586795767137
      },
      "r2": {
        "mean": 0.12453158608258677,
        "ci_low": -0.029662842735267966,
        "ci_high": 0.21895746710947314
      },
      "spearman_rho": {
        "mean": 0.4510826833786584,
        "ci_low": 0.39964581340899696,
        "ci_high": 0.4984467195048674
      },
      "kendall_tau": {
        "mean": 0.3152042708037306,
        "ci_low": 0.27708252966860625,
        "ci_high": 0.35152236736602
      }
    },
    "per_endpoint": {
      "CYP1A2": {
        "st_rae": {
          "mean": 0.8604407976123107,
          "ci_low": 0.7559172506171276,
          "ci_high": 0.9879780231358672
        },
        "mae": {
          "mean": 0.7097083190790812,
          "ci_low": 0.6374326661957636,
          "ci_high": 0.7833820864359538
        },
        "r2": {
          "mean": 0.21195722375954984,
          "ci_low": 0.12669867644387836,
          "ci_high": 0.29872286293421463
        },
        "spearman_rho": {
          "mean": 0.4692064229396011,
          "ci_low": 0.3630042779753665,
          "ci_high": 0.5668876828870173
        },
        "kendall_tau": {
          "mean": 0.3211120716049587,
          "ci_low": 0.24634721104895593,
          "ci_high": 0.39057349538043606
        }
      },
      "CYP2C9": {
        "st_rae": {
          "mean": 0.9723437998442997,
          "ci_low": 0.7741287265118839,
          "ci_high": 1.2167761574563778
        },
        "mae": {
          "mean": 0.5054737279516048,
          "ci_low": 0.4436326481047131,
          "ci_high": 0.5794067210305934
        },
        "r2": {
          "mean": -0.02268647238237583,
          "ci_low": -0.6253642638668432,
          "ci_high": 0.3093358961589163
        },
        "spearman_rho": {
          "mean": 0.4716565968229194,
          "ci_low": 0.3492888331337558,
          "ci_high": 0.5802809191824032
        },
        "kendall_tau": {
          "mean": 0.328765490009527,
          "ci_low": 0.2418275845250569,
          "ci_high": 0.41413966923425466
        }
      },
      "CYP2D6": {
        "st_rae": {
          "mean": 1.0635038083882637,
          "ci_low": 0.9561977631000084,
          "ci_high": 1.184792195777084
        },
        "mae": {
          "mean": 0.6743927140296516,
          "ci_low": 0.5908305610893136,
          "ci_high": 0.7614204423912501
        },
        "r2": {
          "mean": -0.028851181134658083,
          "ci_low": -0.13247822645849922,
          "ci_high": 0.06699713493254109
        },
        "spearman_rho": {
          "mean": 0.229368567229374,
          "ci_low": 0.09718642591260293,
          "ci_high": 0.3574339401442266
        },
        "kendall_tau": {
          "mean": 0.15614335064723264,
          "ci_low": 0.06690247660875966,
          "ci_high": 0.24255749832587184
        }
      },
      "CYP3A4": {
        "st_rae": {
          "mean": 0.6987437796374896,
          "ci_low": 0.6281418825967802,
          "ci_high": 0.7723940528413316
        },
        "mae": {
          "mean": 0.7154314361807308,
          "ci_low": 0.6608688382605993,
          "ci_high": 0.7722390339749392
        },
        "r2": {
          "mean": 0.3377067740878312,
          "ci_low": 0.22406009012060651,
          "ci_high": 0.43079770136910295
        },
        "spearman_rho": {
          "mean": 0.6340991465227392,
          "ci_low": 0.5651888832306772,
          "ci_high": 0.6967886454058955
        },
        "kendall_tau": {
          "mean": 0.454796170953204,
          "ci_low": 0.40173576666839844,
          "ci_high": 0.5072463098011366
        }
      }
    }
  },
  "epochs_run": 5,
  "fit_observations": 4213,
  "validation_observations": 1003,
  "rule": "inertial_reaction_diffusion",
  "generations": 64,
  "hidden_channels": 16,
  "atom_feature_profile": "local_environment",
  "atom_feature_count": 29,
  "atom_feature_names": [
    "element_H",
    "element_C",
    "element_N",
    "element_O",
    "element_F",
    "element_P",
    "element_S",
    "element_Cl",
    "element_Br",
    "element_I",
    "element_other",
    "formal_charge",
    "aromatic",
    "hybrid_sp",
    "hybrid_sp2",
    "hybrid_sp3",
    "hybrid_other",
    "degree",
    "total_hydrogens",
    "in_ring",
    "hbond_donor",
    "hbond_acceptor",
    "chiral_cw",
    "chiral_ccw",
    "chiral_other",
    "mean_neighbour_electronegativity",
    "electronegativity_difference",
    "mean_neighbour_atomic_number",
    "neighbour_formal_charge"
  ],
  "device": "cuda",
  "gpu": "NVIDIA GeForce RTX 5070 Ti",
  "training_seconds": 70.60309699992649,
  "peak_gpu_memory_bytes": 347947520,
  "runtime": {
    "operating_system": "Windows-10-10.0.26200-SP0",
    "machine": "AMD64",
    "python": "3.11.16",
    "python_executable": "C:\\Users\\Anthony\\anaconda3\\envs\\strange-matter-gpu\\python.exe",
    "pytorch": "2.11.0+cu128",
    "pytorch_cuda": "12.8",
    "device": "cuda",
    "gpu": "NVIDIA GeForce RTX 5070 Ti"
  },
  "validation_protocol": {
    "kind": "scaffold_cross_validation",
    "fold": 3,
    "folds": 5
  },
  "readout": "differentiable_closed_form_ridge",
  "hyperparameters": {
    "ca_lr": 0.003,
    "ridge": 0.1,
    "ca_l2": 1e-05,
    "gradient_clip": 1.0,
    "update_scale": 0.15,
    "init_scale": 0.5,
    "initial_noise": 0.01,
    "support_fraction": 0.6,
    "bond_temperature": 0.5,
    "dyn_a": 0.2,
    "dyn_b": 0.8,
    "dyn_c": 0.5,
    "dyn_d": 0.05,
    "lr_schedule": "cosine_0.1x"
  }
}
