{"operating_system": "Windows-10-10.0.26200-SP0", "machine": "AMD64", "python": "3.11.16", "python_executable": "C:\\Users\\Anthony\\anaconda3\\envs\\strange-matter-gpu\\python.exe", "pytorch": "2.11.0+cu128", "pytorch_cuda": "12.8", "device": "cuda", "gpu": "NVIDIA GeForce RTX 5070 Ti"}
{"epoch": 1, "train_rmse": 1.1897335917310048, "validation_rmse": 0.8525535464286804, "validation_ma_st_rae": 0.8420817306180204, "validation_CYP1A2_st_rae": 0.7831844723516344, "validation_CYP2C9_st_rae": 0.8644700821042834, "validation_CYP2D6_st_rae": 0.9762906344732055, "validation_CYP3A4_st_rae": 0.744381733542958, "mean_raw_gradient_norm": 22.757016509771347, "fraction_gradients_clipped": 1.0}
{"epoch": 2, "train_rmse": 1.1532639491044092, "validation_rmse": 0.8741937279701233, "validation_ma_st_rae": 0.8626391157081764, "validation_CYP1A2_st_rae": 0.8194285259949224, "validation_CYP2C9_st_rae": 0.9208769673600142, "validation_CYP2D6_st_rae": 0.9935287058293873, "validation_CYP3A4_st_rae": 0.7167222636483815, "mean_raw_gradient_norm": 19.259053081274033, "fraction_gradients_clipped": 1.0}
{"epoch": 3, "train_rmse": 1.0792879241424456, "validation_rmse": 0.8648322820663452, "validation_ma_st_rae": 0.8438012445697223, "validation_CYP1A2_st_rae": 0.8308656843420482, "validation_CYP2C9_st_rae": 0.8705029033393336, "validation_CYP2D6_st_rae": 0.9897660978892, "validation_CYP3A4_st_rae": 0.6840702927083074, "mean_raw_gradient_norm": 11.48030798137188, "fraction_gradients_clipped": 1.0}
{"epoch": 4, "train_rmse": 1.1024277961501634, "validation_rmse": 0.8634005784988403, "validation_ma_st_rae": 0.8445738922519641, "validation_CYP1A2_st_rae": 0.8214933079879481, "validation_CYP2C9_st_rae": 0.8656862096419804, "validation_CYP2D6_st_rae": 0.9755501655602061, "validation_CYP3A4_st_rae": 0.7155658858177223, "mean_raw_gradient_norm": 10.468762062489986, "fraction_gradients_clipped": 1.0}
{
  "seed": 1701,
  "selection_metric": "validation_ma_st_rae",
  "best_validation_ma_st_rae": 0.8420817306180204,
  "best_validation_rmse": 0.8525535464286804,
  "restored_fit_rmse": 0.8500529527664185,
  "restored_validation_rmse": 0.8525460958480835,
  "restored_fit_ma_st_rae": 0.8351354676741393,
  "restored_validation_ma_st_rae": 0.8473307860613957,
  "restored_validation_point_ma_st_rae": 0.8420682789532938,
  "restored_validation_point_st_rae_by_cyp": {
    "CYP1A2": 0.7831826208475009,
    "CYP2C9": 0.8644385747730408,
    "CYP2D6": 0.9762792729526298,
    "CYP3A4": 0.7443726472400038
  },
  "restored_fit_st_rae_by_cyp": {
    "CYP1A2": 0.8450931182850864,
    "CYP2C9": 0.7706022686669747,
    "CYP2D6": 0.9793429842223776,
    "CYP3A4": 0.7455034995221186
  },
  "restored_validation_st_rae_by_cyp": {
    "CYP1A2": 0.7861530405726969,
    "CYP2C9": 0.8739198674335128,
    "CYP2D6": 0.9818984642199093,
    "CYP3A4": 0.7473517720194635
  },
  "validation_bootstrap_metrics": {
    "n_bootstrap_samples": 1000,
    "seed": 0,
    "macro": {
      "st_rae": {
        "mean": 0.8473307860613957,
        "ci_low": 0.7897207685916915,
        "ci_high": 0.9125283361210623
      },
      "mae": {
        "mean": 0.6236687434055986,
        "ci_low": 0.5811345123950858,
        "ci_high": 0.6673465609534338
      },
      "r2": {
        "mean": 0.20772849686806175,
        "ci_low": 0.1425476804882836,
        "ci_high": 0.26845986703576763
      },
      "spearman_rho": {
        "mean": 0.4410761047523871,
        "ci_low": 0.3761640310912553,
        "ci_high": 0.5035973868828715
      },
      "kendall_tau": {
        "mean": 0.3104480510742191,
        "ci_low": 0.26358021159117895,
        "ci_high": 0.35585076514742964
      }
    },
    "per_endpoint": {
      "CYP1A2": {
        "st_rae": {
          "mean": 0.7861530405726969,
          "ci_low": 0.6767630119867236,
          "ci_high": 0.932876051604049
        },
        "mae": {
          "mean": 0.695115077666844,
          "ci_low": 0.6065068240407147,
          "ci_high": 0.7949465550387962
        },
        "r2": {
          "mean": 0.28663696471743205,
          "ci_low": 0.17948694723875117,
          "ci_high": 0.37156789790071326
        },
        "spearman_rho": {
          "mean": 0.5618695980425689,
          "ci_low": 0.43421540080205595,
          "ci_high": 0.6572122847200929
        },
        "kendall_tau": {
          "mean": 0.39550559790653567,
          "ci_low": 0.3041133669451035,
          "ci_high": 0.4707320348734113
        }
      },
      "CYP2C9": {
        "st_rae": {
          "mean": 0.8739198674335128,
          "ci_low": 0.7267105062689132,
          "ci_high": 1.0537504036986554
        },
        "mae": {
          "mean": 0.4933143007051749,
          "ci_low": 0.4290073495907862,
          "ci_high": 0.5593442112695975
        },
        "r2": {
          "mean": 0.21848593306044975,
          "ci_low": 0.0307620661701476,
          "ci_high": 0.36612586481699183
        },
        "spearman_rho": {
          "mean": 0.4166842575188282,
          "ci_low": 0.25985450003552146,
          "ci_high": 0.5556611939736615
        },
        "kendall_tau": {
          "mean": 0.28666594807019535,
          "ci_low": 0.1754507959527226,
          "ci_high": 0.3937786522536261
        }
      },
      "CYP2D6": {
        "st_rae": {
          "mean": 0.9818984642199093,
          "ci_low": 0.8822332736133555,
          "ci_high": 1.0814324557910326
        },
        "mae": {
          "mean": 0.6356699437976728,
          "ci_low": 0.5280931806733422,
          "ci_high": 0.7507495143734816
        },
        "r2": {
          "mean": 0.017990551596284914,
          "ci_low": -0.08194456058027154,
          "ci_high": 0.10964497607197864
        },
        "spearman_rho": {
          "mean": 0.2245289286330859,
          "ci_low": 0.0719604715239111,
          "ci_high": 0.37554469064824364
        },
        "kendall_tau": {
          "mean": 0.15393533999114026,
          "ci_low": 0.04507573610207587,
          "ci_high": 0.2626669299840607
        }
      },
      "CYP3A4": {
        "st_rae": {
          "mean": 0.7473517720194635,
          "ci_low": 0.6432247619472026,
          "ci_high": 0.863543352935389
        },
        "mae": {
          "mean": 0.6705756514527029,
          "ci_low": 0.6030692067691835,
          "ci_high": 0.7463342366203413
        },
        "r2": {
          "mean": 0.3078005380980803,
          "ci_low": 0.1460835879456167,
          "ci_high": 0.4401412024389614
        },
        "spearman_rho": {
          "mean": 0.5612216348150653,
          "ci_low": 0.45670444998693216,
          "ci_high": 0.6610523885950115
        },
        "kendall_tau": {
          "mean": 0.405685318329005,
          "ci_low": 0.3278579512065279,
          "ci_high": 0.4843491407750362
        }
      }
    }
  },
  "epochs_run": 4,
  "fit_observations": 2636,
  "validation_observations": 657,
  "rule": "delayed_memory",
  "generations": 125,
  "hidden_channels": 16,
  "atom_feature_profile": "electronic_local",
  "atom_feature_count": 37,
  "atom_feature_names": [
    "element_H",
    "element_C",
    "element_N",
    "element_O",
    "element_F",
    "element_P",
    "element_S",
    "element_Cl",
    "element_Br",
    "element_I",
    "element_other",
    "formal_charge",
    "aromatic",
    "hybrid_sp",
    "hybrid_sp2",
    "hybrid_sp3",
    "hybrid_other",
    "degree",
    "total_hydrogens",
    "in_ring",
    "hbond_donor",
    "hbond_acceptor",
    "chiral_cw",
    "chiral_ccw",
    "chiral_other",
    "electronegativity",
    "polarizability",
    "heteroatom",
    "halogen",
    "conjugated_bond_fraction",
    "first_ionization_energy",
    "electron_affinity",
    "electronic_property_missing",
    "mean_neighbour_electronegativity",
    "electronegativity_difference",
    "mean_neighbour_atomic_number",
    "neighbour_formal_charge"
  ],
  "device": "cuda",
  "gpu": "NVIDIA GeForce RTX 5070 Ti",
  "training_seconds": 56.75647669995669,
  "peak_gpu_memory_bytes": 300315648,
  "runtime": {
    "operating_system": "Windows-10-10.0.26200-SP0",
    "machine": "AMD64",
    "python": "3.11.16",
    "python_executable": "C:\\Users\\Anthony\\anaconda3\\envs\\strange-matter-gpu\\python.exe",
    "pytorch": "2.11.0+cu128",
    "pytorch_cuda": "12.8",
    "device": "cuda",
    "gpu": "NVIDIA GeForce RTX 5070 Ti"
  },
  "validation_protocol": {
    "kind": "scaffold_cross_validation",
    "fold": 2,
    "folds": 5
  },
  "readout": "differentiable_closed_form_ridge",
  "hyperparameters": {
    "ca_lr": 0.003,
    "ridge": 1.0,
    "ca_l2": 1e-05,
    "gradient_clip": 1.0,
    "update_scale": 0.15,
    "init_scale": 0.5,
    "initial_noise": 0.005,
    "support_fraction": 0.75,
    "bond_temperature": 1.0,
    "dyn_a": 0.8,
    "dyn_b": 0.8,
    "dyn_c": 0.2,
    "dyn_d": 0.05,
    "lr_schedule": "cosine_0.1x"
  }
}
