{"device": "cuda", "gpu": "NVIDIA GeForce RTX 5070 Ti", "pytorch": "2.11.0+cu128", "pytorch_cuda": "12.8"}
{"epoch": 1, "train_rmse": 1.1761717640357765, "validation_rmse": 1.0390318632125854, "mean_raw_gradient_norm": 20.124535179138185, "fraction_gradients_clipped": 1.0}
{"epoch": 2, "train_rmse": 1.136983322343325, "validation_rmse": 1.0332516431808472, "mean_raw_gradient_norm": 9.845412826538086, "fraction_gradients_clipped": 1.0}
{"epoch": 3, "train_rmse": 1.1900180943226393, "validation_rmse": 1.035112738609314, "mean_raw_gradient_norm": 11.731490325927734, "fraction_gradients_clipped": 1.0}
{
  "seed": 1701,
  "best_validation_rmse": 1.0332516431808472,
  "restored_fit_rmse": 0.9194349646568298,
  "restored_validation_rmse": 1.033642053604126,
  "epochs_run": 3,
  "fit_observations": 791,
  "validation_observations": 273,
  "rule": "damped_symplectic",
  "generations": 500,
  "hidden_channels": 8,
  "device": "cuda",
  "gpu": "NVIDIA GeForce RTX 5070 Ti",
  "training_seconds": 30.551173400017433,
  "peak_gpu_memory_bytes": 1127624704,
  "readout": "differentiable_closed_form_ridge",
  "hyperparameters": {
    "ca_lr": 0.001,
    "ridge": 0.01,
    "ca_l2": 1e-06,
    "gradient_clip": 1.0,
    "update_scale": 0.4,
    "init_scale": 1.5,
    "initial_noise": 0.005,
    "support_fraction": 0.75,
    "bond_temperature": 0.5,
    "dyn_a": 0.5,
    "dyn_b": 0.5,
    "dyn_c": 0.5,
    "dyn_d": 0.05,
    "lr_schedule": "cosine_0.1x"
  }
}
