{"device": "cuda", "gpu": "NVIDIA GeForce RTX 5070 Ti", "pytorch": "2.11.0+cu128", "pytorch_cuda": "12.8"}
{"epoch": 1, "train_rmse": 1.339584690970307, "validation_rmse": 0.9149773120880127, "mean_raw_gradient_norm": 29.782939791679382, "fraction_gradients_clipped": 1.0}
{"epoch": 2, "train_rmse": 1.3393707405459954, "validation_rmse": 0.8991029858589172, "mean_raw_gradient_norm": 18.223460793495178, "fraction_gradients_clipped": 1.0}
{"epoch": 3, "train_rmse": 1.3624653969175096, "validation_rmse": 0.8963544368743896, "mean_raw_gradient_norm": 16.997590243816376, "fraction_gradients_clipped": 1.0}
{"epoch": 4, "train_rmse": 1.2150324728540265, "validation_rmse": 0.8936910033226013, "mean_raw_gradient_norm": 12.96897605061531, "fraction_gradients_clipped": 1.0}
{"epoch": 5, "train_rmse": 1.2417632692618488, "validation_rmse": 0.8935449719429016, "mean_raw_gradient_norm": 15.211138188838959, "fraction_gradients_clipped": 1.0}
{
  "seed": 1701,
  "best_validation_rmse": 0.8936910033226013,
  "restored_fit_rmse": 0.8296794891357422,
  "restored_validation_rmse": 0.8936624526977539,
  "epochs_run": 5,
  "fit_observations": 2643,
  "validation_observations": 670,
  "rule": "coupled_map",
  "generations": 125,
  "hidden_channels": 16,
  "device": "cuda",
  "gpu": "NVIDIA GeForce RTX 5070 Ti",
  "training_seconds": 46.37710500007961,
  "peak_gpu_memory_bytes": 762720768,
  "readout": "differentiable_closed_form_ridge",
  "hyperparameters": {
    "ca_lr": 0.003,
    "ridge": 0.1,
    "ca_l2": 1e-05,
    "gradient_clip": 0.5,
    "update_scale": 0.25,
    "init_scale": 1.5,
    "initial_noise": 0.005,
    "support_fraction": 0.6,
    "bond_temperature": 1.0,
    "dyn_a": 0.5,
    "dyn_b": 0.2,
    "dyn_c": 0.8,
    "dyn_d": 0.15,
    "lr_schedule": "cosine_0.1x"
  }
}
