{"operating_system": "Windows-10-10.0.26200-SP0", "machine": "AMD64", "python": "3.11.16", "python_executable": "C:\\Users\\Anthony\\anaconda3\\envs\\strange-matter-gpu\\python.exe", "pytorch": "2.11.0+cu128", "pytorch_cuda": "12.8", "device": "cuda", "gpu": "NVIDIA GeForce RTX 5070 Ti"}
{"epoch": 1, "train_rmse": 1.4793125069714632, "validation_rmse": 0.9043983221054077, "validation_ma_st_rae": 1.0341328989751304, "validation_CYP1A2_st_rae": 1.124411608280733, "validation_CYP2C9_st_rae": 0.9340742385374007, "validation_CYP2D6_st_rae": 1.1259887227601668, "validation_CYP3A4_st_rae": 0.9520570263222214, "mean_raw_gradient_norm": 89.12387924194336, "fraction_gradients_clipped": 1.0}
{"epoch": 2, "train_rmse": 1.5977177792692525, "validation_rmse": 0.9074262976646423, "validation_ma_st_rae": 1.0411115464375031, "validation_CYP1A2_st_rae": 1.0684987766919762, "validation_CYP2C9_st_rae": 0.9735413439650221, "validation_CYP2D6_st_rae": 1.1613986381153363, "validation_CYP3A4_st_rae": 0.9610074269776784, "mean_raw_gradient_norm": 88.18586006164551, "fraction_gradients_clipped": 1.0}
{"epoch": 3, "train_rmse": 1.4695044833445279, "validation_rmse": 0.9147125482559204, "validation_ma_st_rae": 1.0515072516461763, "validation_CYP1A2_st_rae": 1.073386619691945, "validation_CYP2C9_st_rae": 0.975942215513306, "validation_CYP2D6_st_rae": 1.1798692465814722, "validation_CYP3A4_st_rae": 0.9768309247979825, "mean_raw_gradient_norm": 75.76911849975586, "fraction_gradients_clipped": 1.0}
{
  "seed": 1701,
  "selection_metric": "validation_ma_st_rae",
  "best_validation_ma_st_rae": 1.0341328989751304,
  "best_validation_rmse": 0.9043983221054077,
  "restored_fit_rmse": 0.9056040048599243,
  "restored_validation_rmse": 0.9044296741485596,
  "restored_fit_ma_st_rae": 0.8808048567851952,
  "restored_validation_ma_st_rae": 1.0509504973600932,
  "restored_validation_point_ma_st_rae": 1.0339233524479827,
  "restored_validation_point_st_rae_by_cyp": {
    "CYP1A2": 1.1252017649625992,
    "CYP2C9": 0.9328842667581058,
    "CYP2D6": 1.1253287922021964,
    "CYP3A4": 0.9522785858690294
  },
  "restored_fit_st_rae_by_cyp": {
    "CYP1A2": 0.8554389456967638,
    "CYP2C9": 0.8752777638822411,
    "CYP2D6": 1.0214776547197586,
    "CYP3A4": 0.7710250628420178
  },
  "restored_validation_st_rae_by_cyp": {
    "CYP1A2": 1.132281165872042,
    "CYP2C9": 0.9611750276410913,
    "CYP2D6": 1.1420232615191672,
    "CYP3A4": 0.9683225344080723
  },
  "validation_bootstrap_metrics": {
    "n_bootstrap_samples": 1000,
    "seed": 0,
    "macro": {
      "st_rae": {
        "mean": 1.0509504973600932,
        "ci_low": 0.9231252704974923,
        "ci_high": 1.1866409938947513
      },
      "mae": {
        "mean": 0.6829473114635924,
        "ci_low": 0.6208955864044337,
        "ci_high": 0.7494078575437919
      },
      "r2": {
        "mean": -0.028462649127476126,
        "ci_low": -0.16746860523112103,
        "ci_high": 0.09152841587251885
      },
      "spearman_rho": {
        "mean": 0.30005603917859197,
        "ci_low": 0.1827692050023892,
        "ci_high": 0.41273761725931307
      },
      "kendall_tau": {
        "mean": 0.20943342336845788,
        "ci_low": 0.12684308953213827,
        "ci_high": 0.28879028370927906
      }
    },
    "per_endpoint": {
      "CYP1A2": {
        "st_rae": {
          "mean": 1.132281165872042,
          "ci_low": 0.838647661885837,
          "ci_high": 1.4773798748423175
        },
        "mae": {
          "mean": 0.7312858958322493,
          "ci_low": 0.5602468432950192,
          "ci_high": 0.9172059870157085
        },
        "r2": {
          "mean": -0.02743599222415851,
          "ci_low": -0.3729570241606135,
          "ci_high": 0.21835546581971027
        },
        "spearman_rho": {
          "mean": 0.3168651764379312,
          "ci_low": 0.07991023338580336,
          "ci_high": 0.5427101019832821
        },
        "kendall_tau": {
          "mean": 0.2094821345909507,
          "ci_low": 0.041647581989994444,
          "ci_high": 0.3725724307160958
        }
      },
      "CYP2C9": {
        "st_rae": {
          "mean": 0.9611750276410913,
          "ci_low": 0.7167986059110265,
          "ci_high": 1.266001109854315
        },
        "mae": {
          "mean": 0.559477053129673,
          "ci_low": 0.44528870791196823,
          "ci_high": 0.6743565902113914
        },
        "r2": {
          "mean": -0.005196101950561358,
          "ci_low": -0.2871114358105453,
          "ci_high": 0.24252479644213942
        },
        "spearman_rho": {
          "mean": 0.3871642900954245,
          "ci_low": 0.12943712018859732,
          "ci_high": 0.6100693470290384
        },
        "kendall_tau": {
          "mean": 0.28323727814165667,
          "ci_low": 0.093299571632619,
          "ci_high": 0.44964446981114686
        }
      },
      "CYP2D6": {
        "st_rae": {
          "mean": 1.1420232615191672,
          "ci_low": 0.9394003596871474,
          "ci_high": 1.40153723278489
        },
        "mae": {
          "mean": 0.6240398623246413,
          "ci_low": 0.49672000628251295,
          "ci_high": 0.7624541795253753
        },
        "r2": {
          "mean": -0.16548195716651673,
          "ci_low": -0.4661442004736058,
          "ci_high": 0.04758655547074735
        },
        "spearman_rho": {
          "mean": 0.2110561040199178,
          "ci_low": -0.029940271327572873,
          "ci_high": 0.4304455911379922
        },
        "kendall_tau": {
          "mean": 0.14716555802989273,
          "ci_low": -0.0230919067084352,
          "ci_high": 0.3054845802683347
        }
      },
      "CYP3A4": {
        "st_rae": {
          "mean": 0.9683225344080723,
          "ci_low": 0.8006594801322164,
          "ci_high": 1.1870990975040152
        },
        "mae": {
          "mean": 0.8169864345678063,
          "ci_low": 0.7004006234019301,
          "ci_high": 0.9408744461314622
        },
        "r2": {
          "mean": 0.08426345483133212,
          "ci_low": -0.11377311497978357,
          "ci_high": 0.2573340226523797
        },
        "spearman_rho": {
          "mean": 0.2851385861610943,
          "ci_low": 0.06493473895254223,
          "ci_high": 0.4869537392464415
        },
        "kendall_tau": {
          "mean": 0.19784872271133144,
          "ci_low": 0.04288777197736969,
          "ci_high": 0.3464465052783654
        }
      }
    }
  },
  "epochs_run": 3,
  "fit_observations": 806,
  "validation_observations": 272,
  "rule": "coupled_map",
  "generations": 250,
  "hidden_channels": 16,
  "atom_feature_profile": "ring_geometry",
  "atom_feature_count": 32,
  "atom_feature_names": [
    "element_H",
    "element_C",
    "element_N",
    "element_O",
    "element_F",
    "element_P",
    "element_S",
    "element_Cl",
    "element_Br",
    "element_I",
    "element_other",
    "formal_charge",
    "aromatic",
    "hybrid_sp",
    "hybrid_sp2",
    "hybrid_sp3",
    "hybrid_other",
    "degree",
    "total_hydrogens",
    "in_ring",
    "hbond_donor",
    "hbond_acceptor",
    "chiral_cw",
    "chiral_ccw",
    "chiral_other",
    "ring_count",
    "ring_size_3",
    "ring_size_4",
    "ring_size_5",
    "ring_size_6",
    "ring_size_7",
    "ring_size_8_plus"
  ],
  "device": "cuda",
  "gpu": "NVIDIA GeForce RTX 5070 Ti",
  "training_seconds": 17.689583000028506,
  "peak_gpu_memory_bytes": 1501719552,
  "runtime": {
    "operating_system": "Windows-10-10.0.26200-SP0",
    "machine": "AMD64",
    "python": "3.11.16",
    "python_executable": "C:\\Users\\Anthony\\anaconda3\\envs\\strange-matter-gpu\\python.exe",
    "pytorch": "2.11.0+cu128",
    "pytorch_cuda": "12.8",
    "device": "cuda",
    "gpu": "NVIDIA GeForce RTX 5070 Ti"
  },
  "validation_protocol": {
    "kind": "scaffold_cross_validation",
    "fold": 0,
    "folds": 5
  },
  "readout": "differentiable_closed_form_ridge",
  "hyperparameters": {
    "ca_lr": 0.001,
    "ridge": 0.1,
    "ca_l2": 1e-06,
    "gradient_clip": 2.0,
    "update_scale": 0.25,
    "init_scale": 1.5,
    "initial_noise": 0.005,
    "support_fraction": 0.6,
    "bond_temperature": 1.0,
    "dyn_a": 0.5,
    "dyn_b": 0.2,
    "dyn_c": 0.8,
    "dyn_d": 0.15,
    "lr_schedule": "cosine_0.1x"
  }
}
