{"operating_system": "Windows-10-10.0.26200-SP0", "machine": "AMD64", "python": "3.11.16", "python_executable": "C:\\Users\\Anthony\\anaconda3\\envs\\strange-matter-gpu\\python.exe", "pytorch": "2.11.0+cu128", "pytorch_cuda": "12.8", "device": "cuda", "gpu": "NVIDIA GeForce RTX 5070 Ti"}
{"epoch": 1, "train_rmse": 1.0969277236157426, "validation_rmse": 0.8825657963752747, "validation_ma_st_rae": 0.9088627292267077, "validation_CYP1A2_st_rae": 0.8955243062126759, "validation_CYP2C9_st_rae": 0.9919948205600053, "validation_CYP2D6_st_rae": 1.0482171969621772, "validation_CYP3A4_st_rae": 0.6997145931719727, "mean_raw_gradient_norm": 18.37106143951416, "fraction_gradients_clipped": 1.0}
{"epoch": 2, "train_rmse": 1.0536299090859509, "validation_rmse": 0.8864899277687073, "validation_ma_st_rae": 0.8921510814472694, "validation_CYP1A2_st_rae": 0.8668120828572854, "validation_CYP2C9_st_rae": 0.9287890550588914, "validation_CYP2D6_st_rae": 1.0492806633222345, "validation_CYP3A4_st_rae": 0.7237225245506663, "mean_raw_gradient_norm": 14.449097700119019, "fraction_gradients_clipped": 1.0}
{"epoch": 3, "train_rmse": 1.0936632979674368, "validation_rmse": 0.8901143074035645, "validation_ma_st_rae": 0.9005747377680562, "validation_CYP1A2_st_rae": 0.8825612473429618, "validation_CYP2C9_st_rae": 0.9386416610577584, "validation_CYP2D6_st_rae": 1.0607969522219518, "validation_CYP3A4_st_rae": 0.7202990904495524, "mean_raw_gradient_norm": 14.639958629608154, "fraction_gradients_clipped": 1.0}
{"epoch": 4, "train_rmse": 1.0621952756912056, "validation_rmse": 0.8937723636627197, "validation_ma_st_rae": 0.8953179053191919, "validation_CYP1A2_st_rae": 0.8708864629210766, "validation_CYP2C9_st_rae": 0.9256396152618851, "validation_CYP2D6_st_rae": 1.0737334957186249, "validation_CYP3A4_st_rae": 0.7110120473751809, "mean_raw_gradient_norm": 8.133436551094055, "fraction_gradients_clipped": 1.0}
{"epoch": 5, "train_rmse": 0.9993222305622147, "validation_rmse": 0.8892232179641724, "validation_ma_st_rae": 0.8924119935577267, "validation_CYP1A2_st_rae": 0.8683499965807083, "validation_CYP2C9_st_rae": 0.9254461879180468, "validation_CYP2D6_st_rae": 1.0608934001421655, "validation_CYP3A4_st_rae": 0.7149583895899863, "mean_raw_gradient_norm": 5.633439252376556, "fraction_gradients_clipped": 1.0}
{
  "seed": 2909,
  "selection_metric": "validation_ma_st_rae",
  "best_validation_ma_st_rae": 0.8921510814472694,
  "best_validation_rmse": 0.8864899277687073,
  "restored_fit_rmse": 0.8432511687278748,
  "restored_validation_rmse": 0.8864872455596924,
  "restored_fit_ma_st_rae": 0.8459357178927521,
  "restored_validation_ma_st_rae": 0.895430929823574,
  "restored_validation_point_ma_st_rae": 0.8921844212753633,
  "restored_validation_point_st_rae_by_cyp": {
    "CYP1A2": 0.8668413325498544,
    "CYP2C9": 0.9288956559517718,
    "CYP2D6": 1.0492146242212146,
    "CYP3A4": 0.7237860723786131
  },
  "restored_fit_st_rae_by_cyp": {
    "CYP1A2": 0.86091605017224,
    "CYP2C9": 0.774516618424893,
    "CYP2D6": 1.0147140714183729,
    "CYP3A4": 0.7335961315555024
  },
  "restored_validation_st_rae_by_cyp": {
    "CYP1A2": 0.8730182493934959,
    "CYP2C9": 0.9333924173912215,
    "CYP2D6": 1.0494221258718377,
    "CYP3A4": 0.7258909266377402
  },
  "validation_bootstrap_metrics": {
    "n_bootstrap_samples": 1000,
    "seed": 0,
    "macro": {
      "st_rae": {
        "mean": 0.895430929823574,
        "ci_low": 0.8418975606715922,
        "ci_high": 0.9545822516226149
      },
      "mae": {
        "mean": 0.6570272497508942,
        "ci_low": 0.6226154887278298,
        "ci_high": 0.692268807678448
      },
      "r2": {
        "mean": 0.15670274193868047,
        "ci_low": 0.09941126459461706,
        "ci_high": 0.20943089255476346
      },
      "spearman_rho": {
        "mean": 0.42083142111091304,
        "ci_low": 0.3671620996851603,
        "ci_high": 0.4727014310051442
      },
      "kendall_tau": {
        "mean": 0.2936544742771062,
        "ci_low": 0.2549146031204775,
        "ci_high": 0.331683098774095
      }
    },
    "per_endpoint": {
      "CYP1A2": {
        "st_rae": {
          "mean": 0.8730182493934959,
          "ci_low": 0.7701940055854541,
          "ci_high": 0.9962259814043775
        },
        "mae": {
          "mean": 0.719841980304718,
          "ci_low": 0.6455126691129472,
          "ci_high": 0.8002841290367975
        },
        "r2": {
          "mean": 0.20488602117731358,
          "ci_low": 0.11847648958004414,
          "ci_high": 0.2812038010740009
        },
        "spearman_rho": {
          "mean": 0.4560317628486406,
          "ci_low": 0.352220372928377,
          "ci_high": 0.5491980417267035
        },
        "kendall_tau": {
          "mean": 0.31355314068406925,
          "ci_low": 0.23732576572404337,
          "ci_high": 0.38450656867741867
        }
      },
      "CYP2C9": {
        "st_rae": {
          "mean": 0.9333924173912215,
          "ci_low": 0.7824775176829208,
          "ci_high": 1.1030876871670905
        },
        "mae": {
          "mean": 0.499501659807074,
          "ci_low": 0.44594676863579524,
          "ci_high": 0.5550209462958038
        },
        "r2": {
          "mean": 0.15232022243740903,
          "ci_low": -0.03261026966393905,
          "ci_high": 0.3160491745957757
        },
        "spearman_rho": {
          "mean": 0.4437175213200983,
          "ci_low": 0.32500568686401476,
          "ci_high": 0.561939672020467
        },
        "kendall_tau": {
          "mean": 0.31040418491354294,
          "ci_low": 0.22311709103786168,
          "ci_high": 0.40050004701669006
        }
      },
      "CYP2D6": {
        "st_rae": {
          "mean": 1.0494221258718377,
          "ci_low": 0.9571454119724425,
          "ci_high": 1.1546665798263385
        },
        "mae": {
          "mean": 0.6677373485514674,
          "ci_low": 0.5843151570376703,
          "ci_high": 0.7534847437577732
        },
        "r2": {
          "mean": -0.04536403935150063,
          "ci_low": -0.1350346340203025,
          "ci_high": 0.04445472237422794
        },
        "spearman_rho": {
          "mean": 0.1699431347426953,
          "ci_low": 0.044582054643618606,
          "ci_high": 0.2897710458232465
        },
        "kendall_tau": {
          "mean": 0.11517341594199222,
          "ci_low": 0.03131727174463152,
          "ci_high": 0.197377638744361
        }
      },
      "CYP3A4": {
        "st_rae": {
          "mean": 0.7258909266377402,
          "ci_low": 0.6585494540699575,
          "ci_high": 0.8014283489960121
        },
        "mae": {
          "mean": 0.7410280103403178,
          "ci_low": 0.6823430193804478,
          "ci_high": 0.7990052354065622
        },
        "r2": {
          "mean": 0.31496876349149994,
          "ci_low": 0.23248028513888735,
          "ci_high": 0.3805222414566891
        },
        "spearman_rho": {
          "mean": 0.6136332655322181,
          "ci_low": 0.5398297228969863,
          "ci_high": 0.6767172871275292
        },
        "kendall_tau": {
          "mean": 0.4354871555688204,
          "ci_low": 0.38031721134211155,
          "ci_high": 0.48665341189503175
        }
      }
    }
  },
  "epochs_run": 5,
  "fit_observations": 4213,
  "validation_observations": 1003,
  "rule": "delayed_memory",
  "generations": 125,
  "hidden_channels": 16,
  "atom_feature_profile": "electronic_local",
  "atom_feature_count": 37,
  "atom_feature_names": [
    "element_H",
    "element_C",
    "element_N",
    "element_O",
    "element_F",
    "element_P",
    "element_S",
    "element_Cl",
    "element_Br",
    "element_I",
    "element_other",
    "formal_charge",
    "aromatic",
    "hybrid_sp",
    "hybrid_sp2",
    "hybrid_sp3",
    "hybrid_other",
    "degree",
    "total_hydrogens",
    "in_ring",
    "hbond_donor",
    "hbond_acceptor",
    "chiral_cw",
    "chiral_ccw",
    "chiral_other",
    "electronegativity",
    "polarizability",
    "heteroatom",
    "halogen",
    "conjugated_bond_fraction",
    "first_ionization_energy",
    "electron_affinity",
    "electronic_property_missing",
    "mean_neighbour_electronegativity",
    "electronegativity_difference",
    "mean_neighbour_atomic_number",
    "neighbour_formal_charge"
  ],
  "device": "cuda",
  "gpu": "NVIDIA GeForce RTX 5070 Ti",
  "training_seconds": 117.2660347999772,
  "peak_gpu_memory_bytes": 329481728,
  "runtime": {
    "operating_system": "Windows-10-10.0.26200-SP0",
    "machine": "AMD64",
    "python": "3.11.16",
    "python_executable": "C:\\Users\\Anthony\\anaconda3\\envs\\strange-matter-gpu\\python.exe",
    "pytorch": "2.11.0+cu128",
    "pytorch_cuda": "12.8",
    "device": "cuda",
    "gpu": "NVIDIA GeForce RTX 5070 Ti"
  },
  "validation_protocol": {
    "kind": "scaffold_cross_validation",
    "fold": 3,
    "folds": 5
  },
  "readout": "differentiable_closed_form_ridge",
  "hyperparameters": {
    "ca_lr": 0.003,
    "ridge": 1.0,
    "ca_l2": 1e-05,
    "gradient_clip": 1.0,
    "update_scale": 0.15,
    "init_scale": 0.5,
    "initial_noise": 0.005,
    "support_fraction": 0.75,
    "bond_temperature": 1.0,
    "dyn_a": 0.8,
    "dyn_b": 0.8,
    "dyn_c": 0.2,
    "dyn_d": 0.05,
    "lr_schedule": "cosine_0.1x"
  }
}
