{"operating_system": "Windows-10-10.0.26200-SP0", "machine": "AMD64", "python": "3.11.16", "python_executable": "C:\\Users\\Anthony\\anaconda3\\envs\\strange-matter-gpu\\python.exe", "pytorch": "2.11.0+cu128", "pytorch_cuda": "12.8", "device": "cuda", "gpu": "NVIDIA GeForce RTX 5070 Ti"}
{"epoch": 1, "train_rmse": 1.304267905153146, "validation_rmse": 0.9224068522453308, "mean_raw_gradient_norm": 131.57915425300598, "fraction_gradients_clipped": 1.0}
{"epoch": 2, "train_rmse": 1.1657748206660399, "validation_rmse": 0.9226697087287903, "mean_raw_gradient_norm": 14.455920398235321, "fraction_gradients_clipped": 1.0}
{"epoch": 3, "train_rmse": 1.1318496726509462, "validation_rmse": 0.9225506782531738, "mean_raw_gradient_norm": 15.821934849023819, "fraction_gradients_clipped": 1.0}
{"epoch": 4, "train_rmse": 1.0766111757816756, "validation_rmse": 0.9232717156410217, "mean_raw_gradient_norm": 13.993268728256226, "fraction_gradients_clipped": 1.0}
{"epoch": 5, "train_rmse": 1.1120055957704766, "validation_rmse": 0.9233935475349426, "mean_raw_gradient_norm": 12.696132004261017, "fraction_gradients_clipped": 1.0}
{
  "seed": 1701,
  "best_validation_rmse": 0.9224068522453308,
  "restored_fit_rmse": 0.8652095198631287,
  "restored_validation_rmse": 0.9224082231521606,
  "epochs_run": 5,
  "fit_observations": 2643,
  "validation_observations": 670,
  "rule": "gray_scott",
  "generations": 250,
  "hidden_channels": 16,
  "atom_feature_profile": "electronic",
  "atom_feature_count": 30,
  "atom_feature_names": [
    "element_H",
    "element_C",
    "element_N",
    "element_O",
    "element_F",
    "element_P",
    "element_S",
    "element_Cl",
    "element_Br",
    "element_I",
    "element_other",
    "formal_charge",
    "aromatic",
    "hybrid_sp",
    "hybrid_sp2",
    "hybrid_sp3",
    "hybrid_other",
    "degree",
    "total_hydrogens",
    "in_ring",
    "hbond_donor",
    "hbond_acceptor",
    "chiral_cw",
    "chiral_ccw",
    "chiral_other",
    "electronegativity",
    "polarizability",
    "heteroatom",
    "halogen",
    "conjugated_bond_fraction"
  ],
  "device": "cuda",
  "gpu": "NVIDIA GeForce RTX 5070 Ti",
  "training_seconds": 108.7156426999718,
  "peak_gpu_memory_bytes": 1317828608,
  "runtime": {
    "operating_system": "Windows-10-10.0.26200-SP0",
    "machine": "AMD64",
    "python": "3.11.16",
    "python_executable": "C:\\Users\\Anthony\\anaconda3\\envs\\strange-matter-gpu\\python.exe",
    "pytorch": "2.11.0+cu128",
    "pytorch_cuda": "12.8",
    "device": "cuda",
    "gpu": "NVIDIA GeForce RTX 5070 Ti"
  },
  "readout": "differentiable_closed_form_ridge",
  "hyperparameters": {
    "ca_lr": 0.0003,
    "ridge": 0.3,
    "ca_l2": 1e-05,
    "gradient_clip": 0.5,
    "update_scale": 0.15,
    "init_scale": 1.5,
    "initial_noise": 0.01,
    "support_fraction": 0.75,
    "bond_temperature": 0.5,
    "dyn_a": 0.2,
    "dyn_b": 0.5,
    "dyn_c": 0.8,
    "dyn_d": 0.3,
    "lr_schedule": "cosine_0.1x"
  }
}
