{"device": "cuda", "gpu": "NVIDIA GeForce RTX 5070 Ti", "pytorch": "2.11.0+cu128", "pytorch_cuda": "12.8"}
{"epoch": 1, "train_rmse": 1.0622807866353807, "validation_rmse": 1.0373456478118896, "mean_raw_gradient_norm": 11.67402811050415, "fraction_gradients_clipped": 0.7}
{"epoch": 2, "train_rmse": 1.1073290050930322, "validation_rmse": 1.0294861793518066, "mean_raw_gradient_norm": 3.7845237851142883, "fraction_gradients_clipped": 0.9}
{"epoch": 3, "train_rmse": 1.0610354933055723, "validation_rmse": 1.0194371938705444, "mean_raw_gradient_norm": 3.1334038734436036, "fraction_gradients_clipped": 1.0}
{
  "seed": 1701,
  "best_validation_rmse": 1.0194371938705444,
  "restored_fit_rmse": 0.9325766563415527,
  "restored_validation_rmse": 1.019436240196228,
  "epochs_run": 3,
  "fit_observations": 791,
  "validation_observations": 273,
  "rule": "gated_residual",
  "generations": 16,
  "hidden_channels": 4,
  "device": "cuda",
  "gpu": "NVIDIA GeForce RTX 5070 Ti",
  "training_seconds": 2.5632679000264034,
  "peak_gpu_memory_bytes": 30830592,
  "readout": "differentiable_closed_form_ridge",
  "hyperparameters": {
    "ca_lr": 0.001,
    "ridge": 1.0,
    "ca_l2": 1e-06,
    "gradient_clip": 2.0
  }
}
