{"operating_system": "Windows-10-10.0.26200-SP0", "machine": "AMD64", "python": "3.11.16", "python_executable": "C:\\Users\\Anthony\\anaconda3\\envs\\strange-matter-gpu\\python.exe", "pytorch": "2.11.0+cu128", "pytorch_cuda": "12.8", "device": "cuda", "gpu": "NVIDIA GeForce RTX 5070 Ti"}
{"epoch": 1, "train_rmse": 1.044364343844774, "validation_rmse": 0.8922472596168518, "validation_ma_st_rae": 0.9783496259216394, "validation_CYP1A2_st_rae": 0.9325904639159122, "validation_CYP2C9_st_rae": 0.9869673892652436, "validation_CYP2D6_st_rae": 1.0819045856703544, "validation_CYP3A4_st_rae": 0.9119360648350477, "mean_raw_gradient_norm": 15.487548828125, "fraction_gradients_clipped": 0.8}
{"epoch": 2, "train_rmse": 1.0370932668889983, "validation_rmse": 0.8904368877410889, "validation_ma_st_rae": 0.9734547104516503, "validation_CYP1A2_st_rae": 0.9193607557615461, "validation_CYP2C9_st_rae": 0.9907576246751187, "validation_CYP2D6_st_rae": 1.0808510538225642, "validation_CYP3A4_st_rae": 0.9028494075473721, "mean_raw_gradient_norm": 16.996918296813966, "fraction_gradients_clipped": 1.0}
{"epoch": 3, "train_rmse": 1.1189929835729262, "validation_rmse": 0.8899118900299072, "validation_ma_st_rae": 0.9701142641613596, "validation_CYP1A2_st_rae": 0.9185884523095459, "validation_CYP2C9_st_rae": 0.977553106634598, "validation_CYP2D6_st_rae": 1.0807544988509115, "validation_CYP3A4_st_rae": 0.9035609988503829, "mean_raw_gradient_norm": 4.711306476593018, "fraction_gradients_clipped": 1.0}
{
  "seed": 1701,
  "selection_metric": "validation_ma_st_rae",
  "best_validation_ma_st_rae": 0.9701142641613596,
  "best_validation_rmse": 0.8899118900299072,
  "restored_fit_rmse": 0.9817903637886047,
  "restored_validation_rmse": 0.8899110555648804,
  "restored_fit_ma_st_rae": 0.9417852348345361,
  "restored_validation_ma_st_rae": 0.9830464577373972,
  "restored_validation_point_ma_st_rae": 0.970112138248464,
  "restored_validation_point_st_rae_by_cyp": {
    "CYP1A2": 0.9185883078221013,
    "CYP2C9": 0.9775473273643109,
    "CYP2D6": 1.0807527292294379,
    "CYP3A4": 0.9035601885780058
  },
  "restored_fit_st_rae_by_cyp": {
    "CYP1A2": 0.9190535397490853,
    "CYP2C9": 0.9125929929003198,
    "CYP2D6": 1.004104981860934,
    "CYP3A4": 0.9313894248278052
  },
  "restored_validation_st_rae_by_cyp": {
    "CYP1A2": 0.914319420906759,
    "CYP2C9": 1.005470249392331,
    "CYP2D6": 1.09444262035552,
    "CYP3A4": 0.9179535402949782
  },
  "validation_bootstrap_metrics": {
    "n_bootstrap_samples": 1000,
    "seed": 0,
    "macro": {
      "st_rae": {
        "mean": 0.9830464577373972,
        "ci_low": 0.895710289301588,
        "ci_high": 1.0754823780098812
      },
      "mae": {
        "mean": 0.6562871546967612,
        "ci_low": 0.5902210213502919,
        "ci_high": 0.7243632615705509
      },
      "r2": {
        "mean": 0.00788011972808555,
        "ci_low": -0.07603082192222495,
        "ci_high": 0.09066275440589708
      },
      "spearman_rho": {
        "mean": 0.1876061586936489,
        "ci_low": 0.0672710258067065,
        "ci_high": 0.3047613983792541
      },
      "kendall_tau": {
        "mean": 0.12986312346474943,
        "ci_low": 0.042184626948450536,
        "ci_high": 0.21681600571661674
      }
    },
    "per_endpoint": {
      "CYP1A2": {
        "st_rae": {
          "mean": 0.914319420906759,
          "ci_low": 0.7326506800973815,
          "ci_high": 1.1051554289570873
        },
        "mae": {
          "mean": 0.637500934108359,
          "ci_low": 0.482629799940547,
          "ci_high": 0.8088750946717183
        },
        "r2": {
          "mean": 0.16400706940218515,
          "ci_low": 0.03795174786169322,
          "ci_high": 0.2773996151841537
        },
        "spearman_rho": {
          "mean": 0.6123411369266993,
          "ci_low": 0.4159301035715298,
          "ci_high": 0.7669048936861489
        },
        "kendall_tau": {
          "mean": 0.4483540995062825,
          "ci_low": 0.2896249034046791,
          "ci_high": 0.5907082229503625
        }
      },
      "CYP2C9": {
        "st_rae": {
          "mean": 1.005470249392331,
          "ci_low": 0.7769359614631105,
          "ci_high": 1.2760065951057902
        },
        "mae": {
          "mean": 0.5781513749957085,
          "ci_low": 0.4686397987604141,
          "ci_high": 0.6896314171950022
        },
        "r2": {
          "mean": -0.004482502610951476,
          "ci_low": -0.3066600213657937,
          "ci_high": 0.2263510012232065
        },
        "spearman_rho": {
          "mean": 0.11944228476897768,
          "ci_low": -0.1539559037720574,
          "ci_high": 0.3783010957764676
        },
        "kendall_tau": {
          "mean": 0.07023903537191582,
          "ci_low": -0.11897573061077797,
          "ci_high": 0.25376060872110034
        }
      },
      "CYP2D6": {
        "st_rae": {
          "mean": 1.09444262035552,
          "ci_low": 0.9909267832773841,
          "ci_high": 1.223874575053816
        },
        "mae": {
          "mean": 0.601482006234389,
          "ci_low": 0.4637444137609922,
          "ci_high": 0.7569447656778188
        },
        "r2": {
          "mean": -0.18066385371872234,
          "ci_low": -0.29829714927034384,
          "ci_high": -0.06982314376566136
        },
        "spearman_rho": {
          "mean": -0.19473582731383568,
          "ci_low": -0.44900086404588657,
          "ci_high": 0.07508112078489275
        },
        "kendall_tau": {
          "mean": -0.14307351857135697,
          "ci_low": -0.3317375179145755,
          "ci_high": 0.042721041444509715
        }
      },
      "CYP3A4": {
        "st_rae": {
          "mean": 0.9179535402949782,
          "ci_low": 0.8010416339443684,
          "ci_high": 1.0729328191675958
        },
        "mae": {
          "mean": 0.8080143034485884,
          "ci_low": 0.6753879294145939,
          "ci_high": 0.9410007478192796
        },
        "r2": {
          "mean": 0.052659765839830855,
          "ci_low": -0.06546229096332211,
          "ci_high": 0.1629710843326819
        },
        "spearman_rho": {
          "mean": 0.21337704039275424,
          "ci_low": -0.004922530609802637,
          "ci_high": 0.406470322645763
        },
        "kendall_tau": {
          "mean": 0.14393287755215636,
          "ci_low": 0.002094804528386928,
          "ci_high": 0.2822309097513418
        }
      }
    }
  },
  "epochs_run": 3,
  "fit_observations": 806,
  "validation_observations": 272,
  "rule": "delayed_memory",
  "generations": 250,
  "hidden_channels": 4,
  "atom_feature_profile": "valence",
  "atom_feature_count": 30,
  "atom_feature_names": [
    "element_H",
    "element_C",
    "element_N",
    "element_O",
    "element_F",
    "element_P",
    "element_S",
    "element_Cl",
    "element_Br",
    "element_I",
    "element_other",
    "formal_charge",
    "aromatic",
    "hybrid_sp",
    "hybrid_sp2",
    "hybrid_sp3",
    "hybrid_other",
    "degree",
    "total_hydrogens",
    "in_ring",
    "hbond_donor",
    "hbond_acceptor",
    "chiral_cw",
    "chiral_ccw",
    "chiral_other",
    "total_valence",
    "implicit_valence",
    "heavy_atom_degree",
    "radical_electrons",
    "absolute_formal_charge"
  ],
  "device": "cuda",
  "gpu": "NVIDIA GeForce RTX 5070 Ti",
  "training_seconds": 14.489468999905512,
  "peak_gpu_memory_bytes": 298180096,
  "runtime": {
    "operating_system": "Windows-10-10.0.26200-SP0",
    "machine": "AMD64",
    "python": "3.11.16",
    "python_executable": "C:\\Users\\Anthony\\anaconda3\\envs\\strange-matter-gpu\\python.exe",
    "pytorch": "2.11.0+cu128",
    "pytorch_cuda": "12.8",
    "device": "cuda",
    "gpu": "NVIDIA GeForce RTX 5070 Ti"
  },
  "validation_protocol": {
    "kind": "scaffold_cross_validation",
    "fold": 0,
    "folds": 5
  },
  "readout": "differentiable_closed_form_ridge",
  "prediction_mode": "direct",
  "residual_alpha": null,
  "trajectory_pooling": "legacy",
  "ridge_mode": "shared",
  "loss_mode": "hybrid_interval",
  "interval_loss_beta": 0.25,
  "interval_temperature": 0.1,
  "hyperparameters": {
    "ca_lr": 0.0003,
    "ridge": 1.0,
    "ca_l2": 0.0001,
    "gradient_clip": 2.0,
    "update_scale": 0.15,
    "init_scale": 1.0,
    "initial_noise": 0.01,
    "support_fraction": 0.75,
    "bond_temperature": 0.5,
    "dyn_a": 0.8,
    "dyn_b": 0.2,
    "dyn_c": 0.5,
    "dyn_d": 0.3,
    "lr_schedule": "cosine_0.1x"
  }
}
