{"device": "cuda", "gpu": "NVIDIA GeForce RTX 5070 Ti", "pytorch": "2.11.0+cu128", "pytorch_cuda": "12.8"}
{"epoch": 1, "train_rmse": 1.0796987142634908, "validation_rmse": 0.9766356348991394, "mean_raw_gradient_norm": 6.5392110496759415, "fraction_gradients_clipped": 1.0}
{"epoch": 2, "train_rmse": 1.122755899764465, "validation_rmse": 0.9761658906936646, "mean_raw_gradient_norm": 7.490708231925964, "fraction_gradients_clipped": 1.0}
{"epoch": 3, "train_rmse": 1.0955339466439957, "validation_rmse": 0.9755975008010864, "mean_raw_gradient_norm": 7.608932167291641, "fraction_gradients_clipped": 1.0}
{"epoch": 4, "train_rmse": 1.1434641780783168, "validation_rmse": 0.9755250215530396, "mean_raw_gradient_norm": 11.603420585393906, "fraction_gradients_clipped": 1.0}
{
  "seed": 1701,
  "best_validation_rmse": 0.9766356348991394,
  "restored_fit_rmse": 0.9193465113639832,
  "restored_validation_rmse": 0.9766387343406677,
  "epochs_run": 4,
  "fit_observations": 2643,
  "validation_observations": 670,
  "rule": "damped_symplectic",
  "generations": 250,
  "hidden_channels": 8,
  "device": "cuda",
  "gpu": "NVIDIA GeForce RTX 5070 Ti",
  "training_seconds": 64.97078940004576,
  "peak_gpu_memory_bytes": 600030720,
  "readout": "differentiable_closed_form_ridge",
  "hyperparameters": {
    "ca_lr": 0.0003,
    "ridge": 0.1,
    "ca_l2": 1e-06,
    "gradient_clip": 2.0,
    "update_scale": 0.08,
    "init_scale": 1.0,
    "initial_noise": 0.0,
    "support_fraction": 0.75,
    "bond_temperature": 2.0,
    "dyn_a": 0.8,
    "dyn_b": 0.8,
    "dyn_c": 0.8,
    "dyn_d": 0.3,
    "lr_schedule": "cosine_0.1x"
  }
}
