{"operating_system": "Windows-10-10.0.26200-SP0", "machine": "AMD64", "python": "3.11.16", "python_executable": "C:\\Users\\Anthony\\anaconda3\\envs\\strange-matter-gpu\\python.exe", "pytorch": "2.11.0+cu128", "pytorch_cuda": "12.8", "device": "cuda", "gpu": "NVIDIA GeForce RTX 5070 Ti"}
{"epoch": 1, "train_rmse": 1.1516272335540867, "validation_rmse": 0.8441393971443176, "validation_ma_st_rae": 0.8351383773485904, "validation_CYP1A2_st_rae": 0.8309410044435458, "validation_CYP2C9_st_rae": 0.7970321671487913, "validation_CYP2D6_st_rae": 0.974927932912437, "validation_CYP3A4_st_rae": 0.7376524048895879, "mean_raw_gradient_norm": 14.610249681472778, "fraction_gradients_clipped": 1.0}
{"epoch": 2, "train_rmse": 1.0884091467436572, "validation_rmse": 0.8420318961143494, "validation_ma_st_rae": 0.8352004841179226, "validation_CYP1A2_st_rae": 0.8281874616951062, "validation_CYP2C9_st_rae": 0.8051050164484762, "validation_CYP2D6_st_rae": 0.9733940408186427, "validation_CYP3A4_st_rae": 0.7341154175094651, "mean_raw_gradient_norm": 11.445338339805604, "fraction_gradients_clipped": 1.0}
{"epoch": 3, "train_rmse": 1.1595279075997216, "validation_rmse": 0.8397720456123352, "validation_ma_st_rae": 0.8317561351414311, "validation_CYP1A2_st_rae": 0.8251006378394088, "validation_CYP2C9_st_rae": 0.7997048710005972, "validation_CYP2D6_st_rae": 0.9706735229911684, "validation_CYP3A4_st_rae": 0.7315455087345503, "mean_raw_gradient_norm": 12.818075847625732, "fraction_gradients_clipped": 1.0}
{"epoch": 4, "train_rmse": 1.1081406857395633, "validation_rmse": 0.8363838195800781, "validation_ma_st_rae": 0.8280025389367904, "validation_CYP1A2_st_rae": 0.8168228946576901, "validation_CYP2C9_st_rae": 0.8035964170825867, "validation_CYP2D6_st_rae": 0.9669196559212103, "validation_CYP3A4_st_rae": 0.7246711880856748, "mean_raw_gradient_norm": 11.406048064231873, "fraction_gradients_clipped": 1.0}
{"epoch": 5, "train_rmse": 1.0869251692721396, "validation_rmse": 0.8354249596595764, "validation_ma_st_rae": 0.8272032356482546, "validation_CYP1A2_st_rae": 0.8164839187749141, "validation_CYP2C9_st_rae": 0.8037162745754581, "validation_CYP2D6_st_rae": 0.9646909756473065, "validation_CYP3A4_st_rae": 0.7239217735953397, "mean_raw_gradient_norm": 11.4855637550354, "fraction_gradients_clipped": 1.0}
{"epoch": 6, "train_rmse": 1.0973343359410692, "validation_rmse": 0.8343765139579773, "validation_ma_st_rae": 0.8249488508432137, "validation_CYP1A2_st_rae": 0.8173451046716489, "validation_CYP2C9_st_rae": 0.7986266653888077, "validation_CYP2D6_st_rae": 0.9613006632633153, "validation_CYP3A4_st_rae": 0.7225229700490828, "mean_raw_gradient_norm": 10.625821857452392, "fraction_gradients_clipped": 1.0}
{"epoch": 7, "train_rmse": 1.1308671218860469, "validation_rmse": 0.8334299325942993, "validation_ma_st_rae": 0.8238146477128365, "validation_CYP1A2_st_rae": 0.8163781178638325, "validation_CYP2C9_st_rae": 0.7992321748554766, "validation_CYP2D6_st_rae": 0.9596827048780084, "validation_CYP3A4_st_rae": 0.7199655932540289, "mean_raw_gradient_norm": 13.894363813400268, "fraction_gradients_clipped": 1.0}
{"epoch": 8, "train_rmse": 1.0524318918726179, "validation_rmse": 0.8328449726104736, "validation_ma_st_rae": 0.8233123777057645, "validation_CYP1A2_st_rae": 0.8146979921534555, "validation_CYP2C9_st_rae": 0.7988325359322695, "validation_CYP2D6_st_rae": 0.9603133375980187, "validation_CYP3A4_st_rae": 0.7194056451393143, "mean_raw_gradient_norm": 10.562932815551758, "fraction_gradients_clipped": 1.0}
{
  "seed": 2909,
  "selection_metric": "validation_ma_st_rae",
  "best_validation_ma_st_rae": 0.8249488508432137,
  "best_validation_rmse": 0.8343765139579773,
  "restored_fit_rmse": 0.846182107925415,
  "restored_validation_rmse": 0.8343758583068848,
  "restored_fit_ma_st_rae": 0.8456932744390674,
  "restored_validation_ma_st_rae": 0.8275503517049871,
  "restored_validation_point_ma_st_rae": 0.8249498167017814,
  "restored_validation_point_st_rae_by_cyp": {
    "CYP1A2": 0.8173473736936957,
    "CYP2C9": 0.7986342022642235,
    "CYP2D6": 0.9613008460383903,
    "CYP3A4": 0.722516844810816
  },
  "restored_fit_st_rae_by_cyp": {
    "CYP1A2": 0.8770636827988367,
    "CYP2C9": 0.7767429069668201,
    "CYP2D6": 1.004463727626105,
    "CYP3A4": 0.7245027803645081
  },
  "restored_validation_st_rae_by_cyp": {
    "CYP1A2": 0.8219470070571677,
    "CYP2C9": 0.8014617199099257,
    "CYP2D6": 0.9631016198869727,
    "CYP3A4": 0.7236910599658822
  },
  "validation_bootstrap_metrics": {
    "n_bootstrap_samples": 1000,
    "seed": 0,
    "macro": {
      "st_rae": {
        "mean": 0.8275503517049871,
        "ci_low": 0.7825001871503127,
        "ci_high": 0.8697196816473106
      },
      "mae": {
        "mean": 0.603974478738796,
        "ci_low": 0.5701245649508733,
        "ci_high": 0.6370966174733171
      },
      "r2": {
        "mean": 0.2155032439252324,
        "ci_low": 0.1733179991359347,
        "ci_high": 0.26083131953998734
      },
      "spearman_rho": {
        "mean": 0.4536104652706647,
        "ci_low": 0.4017537811606084,
        "ci_high": 0.5087853194689081
      },
      "kendall_tau": {
        "mean": 0.3180387534807914,
        "ci_low": 0.28106066107518013,
        "ci_high": 0.3585220516618661
      }
    },
    "per_endpoint": {
      "CYP1A2": {
        "st_rae": {
          "mean": 0.8219470070571677,
          "ci_low": 0.7362754793630809,
          "ci_high": 0.9134313130455539
        },
        "mae": {
          "mean": 0.651167372166343,
          "ci_low": 0.5753397233368501,
          "ci_high": 0.7268206857688437
        },
        "r2": {
          "mean": 0.24397206017470313,
          "ci_low": 0.16547469241695761,
          "ci_high": 0.3135140432594575
        },
        "spearman_rho": {
          "mean": 0.5158585729923568,
          "ci_low": 0.406516726503898,
          "ci_high": 0.6147919193082022
        },
        "kendall_tau": {
          "mean": 0.35910692705942365,
          "ci_low": 0.28024240706665854,
          "ci_high": 0.4330626621713207
        }
      },
      "CYP2C9": {
        "st_rae": {
          "mean": 0.8014617199099257,
          "ci_low": 0.6931166556910747,
          "ci_high": 0.9171295564638453
        },
        "mae": {
          "mean": 0.4783284048621017,
          "ci_low": 0.4254023184280584,
          "ci_high": 0.5337536642456999
        },
        "r2": {
          "mean": 0.2556924604738134,
          "ci_low": 0.1427303129573488,
          "ci_high": 0.37856550572164205
        },
        "spearman_rho": {
          "mean": 0.4702124650379307,
          "ci_low": 0.3448871338674896,
          "ci_high": 0.5869374351952231
        },
        "kendall_tau": {
          "mean": 0.32902302683509266,
          "ci_low": 0.23719964762521054,
          "ci_high": 0.4202140692910916
        }
      },
      "CYP2D6": {
        "st_rae": {
          "mean": 0.9631016198869727,
          "ci_low": 0.8908493723051067,
          "ci_high": 1.0363443235625347
        },
        "mae": {
          "mean": 0.6089913357912713,
          "ci_low": 0.5275626062175592,
          "ci_high": 0.6883520519108751
        },
        "r2": {
          "mean": 0.03574429705781941,
          "ci_low": -0.03644613196534425,
          "ci_high": 0.10515279710419105
        },
        "spearman_rho": {
          "mean": 0.24887956499505764,
          "ci_low": 0.1197652167528053,
          "ci_high": 0.3721378821575667
        },
        "kendall_tau": {
          "mean": 0.16536630253378284,
          "ci_low": 0.07643131516498128,
          "ci_high": 0.25306004211157823
        }
      },
      "CYP3A4": {
        "st_rae": {
          "mean": 0.7236910599658822,
          "ci_low": 0.6458199321335909,
          "ci_high": 0.7997422284572917
        },
        "mae": {
          "mean": 0.6774108021354676,
          "ci_low": 0.62108163514932,
          "ci_high": 0.7311005648374557
        },
        "r2": {
          "mean": 0.3266041579945936,
          "ci_low": 0.23776823314647338,
          "ci_high": 0.4149307337848119
        },
        "spearman_rho": {
          "mean": 0.5794912580573136,
          "ci_low": 0.5013906723036547,
          "ci_high": 0.657674408876958
        },
        "kendall_tau": {
          "mean": 0.4186587574948666,
          "ci_low": 0.3585555726342991,
          "ci_high": 0.4807907217338584
        }
      }
    }
  },
  "epochs_run": 8,
  "fit_observations": 4177,
  "validation_observations": 1039,
  "rule": "damped_symplectic",
  "generations": 32,
  "hidden_channels": 16,
  "atom_feature_profile": "electronic_local",
  "atom_feature_count": 37,
  "atom_feature_names": [
    "element_H",
    "element_C",
    "element_N",
    "element_O",
    "element_F",
    "element_P",
    "element_S",
    "element_Cl",
    "element_Br",
    "element_I",
    "element_other",
    "formal_charge",
    "aromatic",
    "hybrid_sp",
    "hybrid_sp2",
    "hybrid_sp3",
    "hybrid_other",
    "degree",
    "total_hydrogens",
    "in_ring",
    "hbond_donor",
    "hbond_acceptor",
    "chiral_cw",
    "chiral_ccw",
    "chiral_other",
    "electronegativity",
    "polarizability",
    "heteroatom",
    "halogen",
    "conjugated_bond_fraction",
    "first_ionization_energy",
    "electron_affinity",
    "electronic_property_missing",
    "mean_neighbour_electronegativity",
    "electronegativity_difference",
    "mean_neighbour_atomic_number",
    "neighbour_formal_charge"
  ],
  "device": "cuda",
  "gpu": "NVIDIA GeForce RTX 5070 Ti",
  "training_seconds": 51.683384200092405,
  "peak_gpu_memory_bytes": 104029696,
  "runtime": {
    "operating_system": "Windows-10-10.0.26200-SP0",
    "machine": "AMD64",
    "python": "3.11.16",
    "python_executable": "C:\\Users\\Anthony\\anaconda3\\envs\\strange-matter-gpu\\python.exe",
    "pytorch": "2.11.0+cu128",
    "pytorch_cuda": "12.8",
    "device": "cuda",
    "gpu": "NVIDIA GeForce RTX 5070 Ti"
  },
  "validation_protocol": {
    "kind": "scaffold_cross_validation",
    "fold": 2,
    "folds": 5
  },
  "readout": "differentiable_closed_form_ridge",
  "hyperparameters": {
    "ca_lr": 0.0003,
    "ridge": 1.0,
    "ca_l2": 0.0001,
    "gradient_clip": 0.5,
    "update_scale": 0.08,
    "init_scale": 0.5,
    "initial_noise": 0.0,
    "support_fraction": 0.75,
    "bond_temperature": 0.5,
    "dyn_a": 0.5,
    "dyn_b": 0.8,
    "dyn_c": 0.8,
    "dyn_d": 0.05,
    "lr_schedule": "cosine_0.1x"
  }
}
