{"device": "cuda", "gpu": "NVIDIA GeForce RTX 5070 Ti", "pytorch": "2.11.0+cu128", "pytorch_cuda": "12.8"}
{"epoch": 1, "train_rmse": 0.9925209064992152, "validation_rmse": 0.914544939994812, "mean_raw_gradient_norm": 4.7254963421052505, "fraction_gradients_clipped": 1.0}
{"epoch": 2, "train_rmse": 1.0052781075171866, "validation_rmse": 0.8974936604499817, "mean_raw_gradient_norm": 3.5756259810539985, "fraction_gradients_clipped": 1.0}
{"epoch": 3, "train_rmse": 0.9406261422141973, "validation_rmse": 0.8948942422866821, "mean_raw_gradient_norm": 3.8351487690402615, "fraction_gradients_clipped": 1.0}
{"epoch": 4, "train_rmse": 0.9324135552072963, "validation_rmse": 0.8839272856712341, "mean_raw_gradient_norm": 3.276324422128739, "fraction_gradients_clipped": 1.0}
{"epoch": 5, "train_rmse": 0.9559367259377437, "validation_rmse": 0.882490873336792, "mean_raw_gradient_norm": 3.369578226920097, "fraction_gradients_clipped": 1.0}
{"epoch": 6, "train_rmse": 0.9423324638984591, "validation_rmse": 0.8773236274719238, "mean_raw_gradient_norm": 2.9409728550141856, "fraction_gradients_clipped": 1.0}
{"epoch": 7, "train_rmse": 0.9058932773210516, "validation_rmse": 0.8776217699050903, "mean_raw_gradient_norm": 2.7725808197452175, "fraction_gradients_clipped": 1.0}
{"epoch": 8, "train_rmse": 0.9250442721541864, "validation_rmse": 0.8689504861831665, "mean_raw_gradient_norm": 2.2649530902985604, "fraction_gradients_clipped": 1.0}
{"epoch": 9, "train_rmse": 0.9262299128170141, "validation_rmse": 0.8774091005325317, "mean_raw_gradient_norm": 5.592830750250047, "fraction_gradients_clipped": 1.0}
{"epoch": 10, "train_rmse": 0.9094243033859296, "validation_rmse": 0.8543031811714172, "mean_raw_gradient_norm": 3.166114749446992, "fraction_gradients_clipped": 1.0}
{
  "seed": 2909,
  "best_validation_rmse": 0.8543031811714172,
  "restored_fit_rmse": 0.8025767803192139,
  "restored_validation_rmse": 0.854280412197113,
  "epochs_run": 10,
  "fit_observations": 5216,
  "validation_observations": 1309,
  "rule": "gated_residual",
  "generations": 500,
  "hidden_channels": 16,
  "device": "cuda",
  "gpu": "NVIDIA GeForce RTX 5070 Ti",
  "training_seconds": 461.0611341999611,
  "peak_gpu_memory_bytes": 2055176704,
  "readout": "differentiable_closed_form_ridge",
  "hyperparameters": {
    "ca_lr": 0.003,
    "ridge": 1.0,
    "ca_l2": 1e-05,
    "gradient_clip": 1.0
  }
}
