{"device": "cuda", "gpu": "NVIDIA GeForce RTX 5070 Ti", "pytorch": "2.11.0+cu128", "pytorch_cuda": "12.8"}
{"epoch": 1, "train_rmse": 1.270537521476564, "validation_rmse": 0.8976291418075562, "mean_raw_gradient_norm": 14.242704360715804, "fraction_gradients_clipped": 1.0}
{"epoch": 2, "train_rmse": 1.3175204078869571, "validation_rmse": 0.8929399847984314, "mean_raw_gradient_norm": 14.12035910544857, "fraction_gradients_clipped": 1.0}
{"epoch": 3, "train_rmse": 1.2180648595664993, "validation_rmse": 0.8932598233222961, "mean_raw_gradient_norm": 13.418070993115824, "fraction_gradients_clipped": 1.0}
{"epoch": 4, "train_rmse": 1.1690767490412242, "validation_rmse": 0.888498067855835, "mean_raw_gradient_norm": 10.649879486330095, "fraction_gradients_clipped": 1.0}
{"epoch": 5, "train_rmse": 1.209373423524227, "validation_rmse": 0.8850064277648926, "mean_raw_gradient_norm": 13.239300989335582, "fraction_gradients_clipped": 1.0}
{"epoch": 6, "train_rmse": 1.1272337675625246, "validation_rmse": 0.8824346661567688, "mean_raw_gradient_norm": 10.128213347927217, "fraction_gradients_clipped": 1.0}
{"epoch": 7, "train_rmse": 1.1759783022822468, "validation_rmse": 0.8821097016334534, "mean_raw_gradient_norm": 10.49801726879612, "fraction_gradients_clipped": 1.0}
{"epoch": 8, "train_rmse": 1.1509505770393085, "validation_rmse": 0.8820199966430664, "mean_raw_gradient_norm": 10.823967610636066, "fraction_gradients_clipped": 1.0}
{"epoch": 9, "train_rmse": 1.1397575078903943, "validation_rmse": 0.8804565072059631, "mean_raw_gradient_norm": 10.644753856043662, "fraction_gradients_clipped": 1.0}
{"epoch": 10, "train_rmse": 1.1326540087718302, "validation_rmse": 0.8802347779273987, "mean_raw_gradient_norm": 10.358385739787932, "fraction_gradients_clipped": 1.0}
{
  "seed": 2909,
  "best_validation_rmse": 0.8804565072059631,
  "restored_fit_rmse": 0.8134824633598328,
  "restored_validation_rmse": 0.8804659843444824,
  "epochs_run": 10,
  "fit_observations": 5216,
  "validation_observations": 1309,
  "rule": "gated_residual",
  "generations": 16,
  "hidden_channels": 16,
  "device": "cuda",
  "gpu": "NVIDIA GeForce RTX 5070 Ti",
  "training_seconds": 52.40915490000043,
  "peak_gpu_memory_bytes": 71008256,
  "readout": "differentiable_closed_form_ridge",
  "hyperparameters": {
    "ca_lr": 0.001,
    "ridge": 0.1,
    "ca_l2": 1e-05,
    "gradient_clip": 1.0,
    "update_scale": 0.4,
    "init_scale": 0.5,
    "initial_noise": 0.0,
    "support_fraction": 0.85,
    "bond_temperature": 2.0,
    "dyn_a": 0.2,
    "dyn_b": 0.5,
    "dyn_c": 0.8,
    "dyn_d": 0.3,
    "lr_schedule": "cosine_0.1x"
  }
}
