{"operating_system": "Windows-10-10.0.26200-SP0", "machine": "AMD64", "python": "3.11.16", "python_executable": "C:\\Users\\Anthony\\anaconda3\\envs\\strange-matter-gpu\\python.exe", "pytorch": "2.11.0+cu128", "pytorch_cuda": "12.8", "device": "cuda", "gpu": "NVIDIA GeForce RTX 5070 Ti"}
{"epoch": 1, "train_rmse": 1.0241409693579786, "validation_rmse": 0.9354162812232971, "validation_ma_st_rae": 0.9592510546131969, "validation_CYP1A2_st_rae": 1.0145767398864056, "validation_CYP2C9_st_rae": 0.8394670521655259, "validation_CYP2D6_st_rae": 1.1185049101758755, "validation_CYP3A4_st_rae": 0.8644555162249804, "mean_raw_gradient_norm": 11.754492171108723, "fraction_gradients_clipped": 1.0}
{"epoch": 2, "train_rmse": 1.0104202092214745, "validation_rmse": 0.9263758659362793, "validation_ma_st_rae": 0.9479606333514168, "validation_CYP1A2_st_rae": 0.9998836802872083, "validation_CYP2C9_st_rae": 0.8339848794398894, "validation_CYP2D6_st_rae": 1.1207256089639102, "validation_CYP3A4_st_rae": 0.837248364714659, "mean_raw_gradient_norm": 15.044909581542015, "fraction_gradients_clipped": 1.0}
{"epoch": 3, "train_rmse": 1.0306071486064758, "validation_rmse": 0.9291661381721497, "validation_ma_st_rae": 0.9596312187087569, "validation_CYP1A2_st_rae": 0.986597453587469, "validation_CYP2C9_st_rae": 0.8613336969015873, "validation_CYP2D6_st_rae": 1.1387750468229523, "validation_CYP3A4_st_rae": 0.8518186775230193, "mean_raw_gradient_norm": 14.802645333111286, "fraction_gradients_clipped": 1.0}
{"epoch": 4, "train_rmse": 1.0102617869902255, "validation_rmse": 0.9205430150032043, "validation_ma_st_rae": 0.9600903101888507, "validation_CYP1A2_st_rae": 0.9877312178894667, "validation_CYP2C9_st_rae": 0.8791329602516759, "validation_CYP2D6_st_rae": 1.141676032852091, "validation_CYP3A4_st_rae": 0.8318210297621694, "mean_raw_gradient_norm": 11.895137950778008, "fraction_gradients_clipped": 1.0}
{"epoch": 5, "train_rmse": 1.00056068566615, "validation_rmse": 0.9224871397018433, "validation_ma_st_rae": 0.9629541238675863, "validation_CYP1A2_st_rae": 0.9884316372749741, "validation_CYP2C9_st_rae": 0.8878627709993436, "validation_CYP2D6_st_rae": 1.1442064404951666, "validation_CYP3A4_st_rae": 0.8313156467008607, "mean_raw_gradient_norm": 16.50782062113285, "fraction_gradients_clipped": 1.0}
{
  "seed": 1701,
  "selection_metric": "validation_ma_st_rae",
  "best_validation_ma_st_rae": 0.9479606333514168,
  "best_validation_rmse": 0.9263758659362793,
  "restored_fit_rmse": 0.9209807515144348,
  "restored_validation_rmse": 0.9263765811920166,
  "restored_fit_ma_st_rae": 0.9270567194243196,
  "restored_validation_ma_st_rae": 0.9505812960337154,
  "restored_validation_point_ma_st_rae": 0.9479626098369536,
  "restored_validation_point_st_rae_by_cyp": {
    "CYP1A2": 0.9998838519613403,
    "CYP2C9": 0.8339895333475734,
    "CYP2D6": 1.1207269754260092,
    "CYP3A4": 0.8372500786128911
  },
  "restored_fit_st_rae_by_cyp": {
    "CYP1A2": 0.8915444611164499,
    "CYP2C9": 0.87523156982824,
    "CYP2D6": 1.0788499542262466,
    "CYP3A4": 0.8626008925263415
  },
  "restored_validation_st_rae_by_cyp": {
    "CYP1A2": 1.0042987565848671,
    "CYP2C9": 0.8366410356231158,
    "CYP2D6": 1.1230152724717353,
    "CYP3A4": 0.8383701194551437
  },
  "validation_bootstrap_metrics": {
    "n_bootstrap_samples": 1000,
    "seed": 0,
    "macro": {
      "st_rae": {
        "mean": 0.9505812960337154,
        "ci_low": 0.8970255651911806,
        "ci_high": 1.0097017306321674
      },
      "mae": {
        "mean": 0.6757873231970433,
        "ci_low": 0.6324595701523227,
        "ci_high": 0.7210080379046244
      },
      "r2": {
        "mean": 0.059475098278314056,
        "ci_low": -0.0008024713602052879,
        "ci_high": 0.11588403022696663
      },
      "spearman_rho": {
        "mean": 0.2899986688326517,
        "ci_low": 0.21371638973050006,
        "ci_high": 0.3623422126566628
      },
      "kendall_tau": {
        "mean": 0.20082153714314468,
        "ci_low": 0.1467494194618594,
        "ci_high": 0.25064629421705537
      }
    },
    "per_endpoint": {
      "CYP1A2": {
        "st_rae": {
          "mean": 1.0042987565848671,
          "ci_low": 0.8988667327415213,
          "ci_high": 1.1282119284964522
        },
        "mae": {
          "mean": 0.7334926617441386,
          "ci_low": 0.6407020091575427,
          "ci_high": 0.8313669669367101
        },
        "r2": {
          "mean": 0.05831093029711892,
          "ci_low": -0.04460554495263613,
          "ci_high": 0.1509000258491589
        },
        "spearman_rho": {
          "mean": 0.28751536028551705,
          "ci_low": 0.11935041037794693,
          "ci_high": 0.44652048676581213
        },
        "kendall_tau": {
          "mean": 0.1942538504945913,
          "ci_low": 0.08043568095568338,
          "ci_high": 0.3029280903471565
        }
      },
      "CYP2C9": {
        "st_rae": {
          "mean": 0.8366410356231158,
          "ci_low": 0.7031968067783756,
          "ci_high": 0.9934281441941849
        },
        "mae": {
          "mean": 0.5297530254480493,
          "ci_low": 0.45762155451847397,
          "ci_high": 0.6131630631803556
        },
        "r2": {
          "mean": 0.14036968902770167,
          "ci_low": -0.010252808911870543,
          "ci_high": 0.2668119108911855
        },
        "spearman_rho": {
          "mean": 0.41858674377513216,
          "ci_low": 0.24834274107615326,
          "ci_high": 0.5711701110460924
        },
        "kendall_tau": {
          "mean": 0.29968911181616265,
          "ci_low": 0.17291844771180329,
          "ci_high": 0.4122444203328245
        }
      },
      "CYP2D6": {
        "st_rae": {
          "mean": 1.1230152724717353,
          "ci_low": 1.0132565790072687,
          "ci_high": 1.2467316627530687
        },
        "mae": {
          "mean": 0.6410893424653659,
          "ci_low": 0.5311836206129867,
          "ci_high": 0.7581598880082151
        },
        "r2": {
          "mean": -0.12141364085417618,
          "ci_low": -0.25076115134187504,
          "ci_high": -0.005481053046381088
        },
        "spearman_rho": {
          "mean": 0.03571100289411128,
          "ci_low": -0.13173657613359124,
          "ci_high": 0.19219018499203808
        },
        "kendall_tau": {
          "mean": 0.020521033932587397,
          "ci_low": -0.09721207294545679,
          "ci_high": 0.12974188993253594
        }
      },
      "CYP3A4": {
        "st_rae": {
          "mean": 0.8383701194551437,
          "ci_low": 0.7594023017304117,
          "ci_high": 0.9176251015459154
        },
        "mae": {
          "mean": 0.7988142631306193,
          "ci_low": 0.7243568969836374,
          "ci_high": 0.8728393894137189
        },
        "r2": {
          "mean": 0.16063341464261185,
          "ci_low": 0.09000166391359989,
          "ci_high": 0.23402862919364933
        },
        "spearman_rho": {
          "mean": 0.41818156837584625,
          "ci_low": 0.3132307856463548,
          "ci_high": 0.5258366280474468
        },
        "kendall_tau": {
          "mean": 0.28882215232923736,
          "ci_low": 0.21442645355453713,
          "ci_high": 0.36646932000802296
        }
      }
    }
  },
  "epochs_run": 5,
  "fit_observations": 2659,
  "validation_observations": 646,
  "rule": "fitzhugh_nagumo",
  "generations": 64,
  "hidden_channels": 4,
  "atom_feature_profile": "electronic_local",
  "atom_feature_count": 37,
  "atom_feature_names": [
    "element_H",
    "element_C",
    "element_N",
    "element_O",
    "element_F",
    "element_P",
    "element_S",
    "element_Cl",
    "element_Br",
    "element_I",
    "element_other",
    "formal_charge",
    "aromatic",
    "hybrid_sp",
    "hybrid_sp2",
    "hybrid_sp3",
    "hybrid_other",
    "degree",
    "total_hydrogens",
    "in_ring",
    "hbond_donor",
    "hbond_acceptor",
    "chiral_cw",
    "chiral_ccw",
    "chiral_other",
    "electronegativity",
    "polarizability",
    "heteroatom",
    "halogen",
    "conjugated_bond_fraction",
    "first_ionization_energy",
    "electron_affinity",
    "electronic_property_missing",
    "mean_neighbour_electronegativity",
    "electronegativity_difference",
    "mean_neighbour_atomic_number",
    "neighbour_formal_charge"
  ],
  "device": "cuda",
  "gpu": "NVIDIA GeForce RTX 5070 Ti",
  "training_seconds": 39.05025229998864,
  "peak_gpu_memory_bytes": 58320896,
  "runtime": {
    "operating_system": "Windows-10-10.0.26200-SP0",
    "machine": "AMD64",
    "python": "3.11.16",
    "python_executable": "C:\\Users\\Anthony\\anaconda3\\envs\\strange-matter-gpu\\python.exe",
    "pytorch": "2.11.0+cu128",
    "pytorch_cuda": "12.8",
    "device": "cuda",
    "gpu": "NVIDIA GeForce RTX 5070 Ti"
  },
  "validation_protocol": {
    "kind": "scaffold_cross_validation",
    "fold": 1,
    "folds": 5
  },
  "readout": "differentiable_closed_form_ridge",
  "prediction_mode": "direct",
  "residual_alpha": null,
  "trajectory_pooling": "legacy",
  "ridge_mode": "shared",
  "loss_mode": "hybrid_interval",
  "interval_loss_beta": 0.5,
  "interval_temperature": 0.02,
  "hyperparameters": {
    "ca_lr": 0.001,
    "ridge": 1.0,
    "ca_l2": 1e-05,
    "gradient_clip": 0.5,
    "update_scale": 0.08,
    "init_scale": 0.5,
    "initial_noise": 0.005,
    "support_fraction": 0.85,
    "bond_temperature": 1.0,
    "dyn_a": 0.8,
    "dyn_b": 0.8,
    "dyn_c": 0.8,
    "dyn_d": 0.05,
    "lr_schedule": "cosine_0.1x"
  }
}
