{"operating_system": "Windows-10-10.0.26200-SP0", "machine": "AMD64", "python": "3.11.16", "python_executable": "C:\\Users\\Anthony\\anaconda3\\envs\\strange-matter-gpu\\python.exe", "pytorch": "2.11.0+cu128", "pytorch_cuda": "12.8", "device": "cuda", "gpu": "NVIDIA GeForce RTX 5070 Ti"}
{"epoch": 1, "train_rmse": 1.2260387533067827, "validation_rmse": 0.9204492568969727, "mean_raw_gradient_norm": 13.732357993721962, "fraction_gradients_clipped": 1.0}
{"epoch": 2, "train_rmse": 1.1287795647033152, "validation_rmse": 0.9248799085617065, "mean_raw_gradient_norm": 10.195405445992947, "fraction_gradients_clipped": 1.0}
{"epoch": 3, "train_rmse": 1.0851072748068673, "validation_rmse": 0.9092881679534912, "mean_raw_gradient_norm": 12.151057466864586, "fraction_gradients_clipped": 1.0}
{"epoch": 4, "train_rmse": 1.1271460794983514, "validation_rmse": 0.9095491170883179, "mean_raw_gradient_norm": 18.210065953433514, "fraction_gradients_clipped": 1.0}
{"epoch": 5, "train_rmse": 1.1021892929715416, "validation_rmse": 0.908515214920044, "mean_raw_gradient_norm": 13.551937721669674, "fraction_gradients_clipped": 1.0}
{"epoch": 6, "train_rmse": 1.114378681954678, "validation_rmse": 0.9136803150177002, "mean_raw_gradient_norm": 13.003826402127743, "fraction_gradients_clipped": 0.96875}
{"epoch": 7, "train_rmse": 1.0956405664756685, "validation_rmse": 0.9122675657272339, "mean_raw_gradient_norm": 10.937379740178585, "fraction_gradients_clipped": 1.0}
{
  "seed": 1701,
  "best_validation_rmse": 0.9092881679534912,
  "restored_fit_rmse": 0.8227420449256897,
  "restored_validation_rmse": 0.9092881083488464,
  "epochs_run": 7,
  "fit_observations": 2643,
  "validation_observations": 670,
  "rule": "gray_scott",
  "generations": 250,
  "hidden_channels": 24,
  "atom_feature_profile": "valence_electronic",
  "atom_feature_count": 35,
  "atom_feature_names": [
    "element_H",
    "element_C",
    "element_N",
    "element_O",
    "element_F",
    "element_P",
    "element_S",
    "element_Cl",
    "element_Br",
    "element_I",
    "element_other",
    "formal_charge",
    "aromatic",
    "hybrid_sp",
    "hybrid_sp2",
    "hybrid_sp3",
    "hybrid_other",
    "degree",
    "total_hydrogens",
    "in_ring",
    "hbond_donor",
    "hbond_acceptor",
    "chiral_cw",
    "chiral_ccw",
    "chiral_other",
    "total_valence",
    "implicit_valence",
    "heavy_atom_degree",
    "radical_electrons",
    "absolute_formal_charge",
    "electronegativity",
    "polarizability",
    "heteroatom",
    "halogen",
    "conjugated_bond_fraction"
  ],
  "device": "cuda",
  "gpu": "NVIDIA GeForce RTX 5070 Ti",
  "training_seconds": 217.6596792000346,
  "peak_gpu_memory_bytes": 1041351168,
  "runtime": {
    "operating_system": "Windows-10-10.0.26200-SP0",
    "machine": "AMD64",
    "python": "3.11.16",
    "python_executable": "C:\\Users\\Anthony\\anaconda3\\envs\\strange-matter-gpu\\python.exe",
    "pytorch": "2.11.0+cu128",
    "pytorch_cuda": "12.8",
    "device": "cuda",
    "gpu": "NVIDIA GeForce RTX 5070 Ti"
  },
  "readout": "differentiable_closed_form_ridge",
  "hyperparameters": {
    "ca_lr": 0.003,
    "ridge": 1.0,
    "ca_l2": 1e-06,
    "gradient_clip": 2.0,
    "update_scale": 0.15,
    "init_scale": 1.0,
    "initial_noise": 0.005,
    "support_fraction": 0.85,
    "bond_temperature": 2.0,
    "dyn_a": 0.2,
    "dyn_b": 0.2,
    "dyn_c": 0.5,
    "dyn_d": 0.05,
    "lr_schedule": "cosine_0.1x"
  }
}
