{"operating_system": "Windows-10-10.0.26200-SP0", "machine": "AMD64", "python": "3.11.16", "python_executable": "C:\\Users\\Anthony\\anaconda3\\envs\\strange-matter-gpu\\python.exe", "pytorch": "2.11.0+cu128", "pytorch_cuda": "12.8", "device": "cuda", "gpu": "NVIDIA GeForce RTX 5070 Ti"}
{"epoch": 1, "train_rmse": 1.1013125971837914, "validation_rmse": 0.9741271138191223, "validation_ma_st_rae": 1.025496957106918, "validation_CYP1A2_st_rae": 1.1523454691323651, "validation_CYP2C9_st_rae": 0.8685914196880338, "validation_CYP2D6_st_rae": 1.2799288137165312, "validation_CYP3A4_st_rae": 0.8011221258907416, "mean_raw_gradient_norm": 18.835548957188923, "fraction_gradients_clipped": 1.0}
{"epoch": 2, "train_rmse": 1.0755762788214112, "validation_rmse": 0.9856485724449158, "validation_ma_st_rae": 1.0402639747883256, "validation_CYP1A2_st_rae": 1.2186132291229668, "validation_CYP2C9_st_rae": 0.880571563220676, "validation_CYP2D6_st_rae": 1.2457355579511893, "validation_CYP3A4_st_rae": 0.8161355488584698, "mean_raw_gradient_norm": 17.923258701960247, "fraction_gradients_clipped": 1.0}
{"epoch": 3, "train_rmse": 1.0634399621828843, "validation_rmse": 0.9784016609191895, "validation_ma_st_rae": 1.040881172960549, "validation_CYP1A2_st_rae": 1.228814823927938, "validation_CYP2C9_st_rae": 0.8711182219490637, "validation_CYP2D6_st_rae": 1.2638610981478184, "validation_CYP3A4_st_rae": 0.7997305478173756, "mean_raw_gradient_norm": 14.903500537077585, "fraction_gradients_clipped": 1.0}
{"epoch": 4, "train_rmse": 1.0807158867979394, "validation_rmse": 0.9726176857948303, "validation_ma_st_rae": 1.0293812626556667, "validation_CYP1A2_st_rae": 1.1963396082752644, "validation_CYP2C9_st_rae": 0.8779689621671332, "validation_CYP2D6_st_rae": 1.239934408069253, "validation_CYP3A4_st_rae": 0.8032820721110161, "mean_raw_gradient_norm": 13.91920123497645, "fraction_gradients_clipped": 1.0}
{
  "seed": 1701,
  "selection_metric": "validation_ma_st_rae",
  "best_validation_ma_st_rae": 1.025496957106918,
  "best_validation_rmse": 0.9741271138191223,
  "restored_fit_rmse": 0.9070559144020081,
  "restored_validation_rmse": 0.9740985631942749,
  "restored_fit_ma_st_rae": 0.9813849554019318,
  "restored_validation_ma_st_rae": 1.0289338478801175,
  "restored_validation_point_ma_st_rae": 1.0255456839436121,
  "restored_validation_point_st_rae_by_cyp": {
    "CYP1A2": 1.1536494061793579,
    "CYP2C9": 0.8673550606490492,
    "CYP2D6": 1.2798416852868544,
    "CYP3A4": 0.8013365836591873
  },
  "restored_fit_st_rae_by_cyp": {
    "CYP1A2": 1.0560510412678228,
    "CYP2C9": 0.9302183884556465,
    "CYP2D6": 1.1951785721663482,
    "CYP3A4": 0.7440918197179102
  },
  "restored_validation_st_rae_by_cyp": {
    "CYP1A2": 1.1551937099138991,
    "CYP2C9": 0.8734942901384904,
    "CYP2D6": 1.2834137318455627,
    "CYP3A4": 0.8036336596225181
  },
  "validation_bootstrap_metrics": {
    "n_bootstrap_samples": 1000,
    "seed": 0,
    "macro": {
      "st_rae": {
        "mean": 1.0289338478801175,
        "ci_low": 0.9645086274954529,
        "ci_high": 1.099575506226628
      },
      "mae": {
        "mean": 0.7320685889545809,
        "ci_low": 0.69325119052855,
        "ci_high": 0.767627109810461
      },
      "r2": {
        "mean": 0.005735650848314184,
        "ci_low": -0.08233593545123438,
        "ci_high": 0.07821058542036476
      },
      "spearman_rho": {
        "mean": 0.3301854444694656,
        "ci_low": 0.2756314865650106,
        "ci_high": 0.38431484652834846
      },
      "kendall_tau": {
        "mean": 0.2284133686543447,
        "ci_low": 0.18971254080189476,
        "ci_high": 0.2651973114953247
      }
    },
    "per_endpoint": {
      "CYP1A2": {
        "st_rae": {
          "mean": 1.1551937099138991,
          "ci_low": 0.9918083037239138,
          "ci_high": 1.3508965579297207
        },
        "mae": {
          "mean": 0.8032579378293485,
          "ci_low": 0.7269816757708181,
          "ci_high": 0.8825725748344343
        },
        "r2": {
          "mean": -0.029255146098768114,
          "ci_low": -0.2608387896641402,
          "ci_high": 0.13062138836999998
        },
        "spearman_rho": {
          "mean": 0.333456235925555,
          "ci_low": 0.20988235580635276,
          "ci_high": 0.4487869428485297
        },
        "kendall_tau": {
          "mean": 0.23059126388502255,
          "ci_low": 0.14537040249737201,
          "ci_high": 0.31264563701561426
        }
      },
      "CYP2C9": {
        "st_rae": {
          "mean": 0.8734942901384904,
          "ci_low": 0.7589573111929951,
          "ci_high": 1.0182058260950086
        },
        "mae": {
          "mean": 0.586956558237996,
          "ci_low": 0.5219941128241389,
          "ci_high": 0.6555776042634981
        },
        "r2": {
          "mean": 0.15959631587014256,
          "ci_low": -0.012827265877997,
          "ci_high": 0.30007819454661644
        },
        "spearman_rho": {
          "mean": 0.4178313320258002,
          "ci_low": 0.2960430912818466,
          "ci_high": 0.5266514418894556
        },
        "kendall_tau": {
          "mean": 0.29633142136395746,
          "ci_low": 0.20871607234773837,
          "ci_high": 0.3759088943837233
        }
      },
      "CYP2D6": {
        "st_rae": {
          "mean": 1.2834137318455627,
          "ci_low": 1.1437287497849393,
          "ci_high": 1.4504116426765907
        },
        "mae": {
          "mean": 0.7598069490533493,
          "ci_low": 0.6647837934633678,
          "ci_high": 0.8525803037143651
        },
        "r2": {
          "mean": -0.29792153285766826,
          "ci_low": -0.5083854371171419,
          "ci_high": -0.12618028218923552
        },
        "spearman_rho": {
          "mean": 0.08856698229810427,
          "ci_low": -0.045477449094291154,
          "ci_high": 0.22499836737813042
        },
        "kendall_tau": {
          "mean": 0.05602941823272557,
          "ci_low": -0.03585921365458765,
          "ci_high": 0.1461941757988791
        }
      },
      "CYP3A4": {
        "st_rae": {
          "mean": 0.8036336596225181,
          "ci_low": 0.7421684879607726,
          "ci_high": 0.8674678002510597
        },
        "mae": {
          "mean": 0.7782529106976296,
          "ci_low": 0.7195788846691072,
          "ci_high": 0.835278679656474
        },
        "r2": {
          "mean": 0.19052296647955058,
          "ci_low": 0.1198418849454985,
          "ci_high": 0.25391971183271494
        },
        "spearman_rho": {
          "mean": 0.4808872276284029,
          "ci_low": 0.4042131650707045,
          "ci_high": 0.5513018976301344
        },
        "kendall_tau": {
          "mean": 0.33070137113567316,
          "ci_low": 0.27524311525434036,
          "ci_high": 0.38232201024657997
        }
      }
    }
  },
  "epochs_run": 4,
  "fit_observations": 4082,
  "validation_observations": 1134,
  "rule": "conservative_graph_flux",
  "generations": 250,
  "hidden_channels": 16,
  "atom_feature_profile": "comprehensive",
  "atom_feature_count": 57,
  "atom_feature_names": [
    "element_H",
    "element_C",
    "element_N",
    "element_O",
    "element_F",
    "element_P",
    "element_S",
    "element_Cl",
    "element_Br",
    "element_I",
    "element_other",
    "formal_charge",
    "aromatic",
    "hybrid_sp",
    "hybrid_sp2",
    "hybrid_sp3",
    "hybrid_other",
    "degree",
    "total_hydrogens",
    "in_ring",
    "hbond_donor",
    "hbond_acceptor",
    "chiral_cw",
    "chiral_ccw",
    "chiral_other",
    "atomic_number",
    "atomic_mass",
    "covalent_radius",
    "vdw_radius",
    "outer_electrons",
    "period",
    "periodic_group",
    "atomic_volume",
    "total_valence",
    "implicit_valence",
    "heavy_atom_degree",
    "radical_electrons",
    "absolute_formal_charge",
    "electronegativity",
    "polarizability",
    "heteroatom",
    "halogen",
    "conjugated_bond_fraction",
    "first_ionization_energy",
    "electron_affinity",
    "electronic_property_missing",
    "ring_count",
    "ring_size_3",
    "ring_size_4",
    "ring_size_5",
    "ring_size_6",
    "ring_size_7",
    "ring_size_8_plus",
    "mean_neighbour_electronegativity",
    "electronegativity_difference",
    "mean_neighbour_atomic_number",
    "neighbour_formal_charge"
  ],
  "device": "cuda",
  "gpu": "NVIDIA GeForce RTX 5070 Ti",
  "training_seconds": 85.3762745000422,
  "peak_gpu_memory_bytes": 847153152,
  "runtime": {
    "operating_system": "Windows-10-10.0.26200-SP0",
    "machine": "AMD64",
    "python": "3.11.16",
    "python_executable": "C:\\Users\\Anthony\\anaconda3\\envs\\strange-matter-gpu\\python.exe",
    "pytorch": "2.11.0+cu128",
    "pytorch_cuda": "12.8",
    "device": "cuda",
    "gpu": "NVIDIA GeForce RTX 5070 Ti"
  },
  "validation_protocol": {
    "kind": "scaffold_cross_validation",
    "fold": 4,
    "folds": 5
  },
  "readout": "differentiable_closed_form_ridge",
  "hyperparameters": {
    "ca_lr": 0.003,
    "ridge": 1.0,
    "ca_l2": 1e-06,
    "gradient_clip": 2.0,
    "update_scale": 0.15,
    "init_scale": 1.5,
    "initial_noise": 0.0,
    "support_fraction": 0.85,
    "bond_temperature": 0.5,
    "dyn_a": 0.5,
    "dyn_b": 0.2,
    "dyn_c": 0.5,
    "dyn_d": 0.05,
    "lr_schedule": "cosine_0.1x"
  }
}
