{"device": "cuda", "gpu": "NVIDIA GeForce RTX 5070 Ti", "pytorch": "2.11.0+cu128", "pytorch_cuda": "12.8"}
{"epoch": 1, "train_rmse": 1.0649803827352275, "validation_rmse": 1.0139915943145752, "mean_raw_gradient_norm": 7.294709014892578, "fraction_gradients_clipped": 1.0}
{"epoch": 2, "train_rmse": 1.0757372435057875, "validation_rmse": 1.0228325128555298, "mean_raw_gradient_norm": 7.688313579559326, "fraction_gradients_clipped": 1.0}
{"epoch": 3, "train_rmse": 1.0308675104603469, "validation_rmse": 1.019593596458435, "mean_raw_gradient_norm": 6.799668025970459, "fraction_gradients_clipped": 1.0}
{
  "seed": 1701,
  "best_validation_rmse": 1.0139915943145752,
  "restored_fit_rmse": 0.8911972045898438,
  "restored_validation_rmse": 1.0139939785003662,
  "epochs_run": 3,
  "fit_observations": 791,
  "validation_observations": 273,
  "rule": "gated_residual",
  "generations": 500,
  "hidden_channels": 8,
  "device": "cuda",
  "gpu": "NVIDIA GeForce RTX 5070 Ti",
  "training_seconds": 23.3701634000754,
  "peak_gpu_memory_bytes": 1086709760,
  "readout": "differentiable_closed_form_ridge",
  "hyperparameters": {
    "ca_lr": 0.003,
    "ridge": 0.01,
    "ca_l2": 0.0001,
    "gradient_clip": 0.5
  }
}
