{"operating_system": "Windows-10-10.0.26200-SP0", "machine": "AMD64", "python": "3.11.16", "python_executable": "C:\\Users\\Anthony\\anaconda3\\envs\\strange-matter-gpu\\python.exe", "pytorch": "2.11.0+cu128", "pytorch_cuda": "12.8", "device": "cuda", "gpu": "NVIDIA GeForce RTX 5070 Ti"}
{"epoch": 1, "train_rmse": 1.389742465717953, "validation_rmse": 0.8410913944244385, "validation_ma_st_rae": 0.9686780309725067, "validation_CYP1A2_st_rae": 1.0460699493970287, "validation_CYP2C9_st_rae": 1.0292399684889213, "validation_CYP2D6_st_rae": 1.0112362515382627, "validation_CYP3A4_st_rae": 0.788165954465814, "mean_raw_gradient_norm": 75.97340841293335, "fraction_gradients_clipped": 1.0}
{"epoch": 2, "train_rmse": 1.3246388106426343, "validation_rmse": 0.8420367240905762, "validation_ma_st_rae": 0.972843430767833, "validation_CYP1A2_st_rae": 1.0582584941131294, "validation_CYP2C9_st_rae": 1.0088074938347182, "validation_CYP2D6_st_rae": 1.028420464867882, "validation_CYP3A4_st_rae": 0.7958872702556025, "mean_raw_gradient_norm": 26.96582360267639, "fraction_gradients_clipped": 1.0}
{"epoch": 3, "train_rmse": 1.3513655729463798, "validation_rmse": 0.8404079079627991, "validation_ma_st_rae": 0.9737557541697038, "validation_CYP1A2_st_rae": 1.0703783245306655, "validation_CYP2C9_st_rae": 1.0069773604284233, "validation_CYP2D6_st_rae": 1.0172986097506573, "validation_CYP3A4_st_rae": 0.8003687219690693, "mean_raw_gradient_norm": 23.079572772979738, "fraction_gradients_clipped": 1.0}
{
  "seed": 1701,
  "selection_metric": "validation_ma_st_rae",
  "best_validation_ma_st_rae": 0.9686780309725067,
  "best_validation_rmse": 0.8410913944244385,
  "restored_fit_rmse": 0.9189420938491821,
  "restored_validation_rmse": 0.8410942554473877,
  "restored_fit_ma_st_rae": 0.8771602550187165,
  "restored_validation_ma_st_rae": 0.9870367407408827,
  "restored_validation_point_ma_st_rae": 0.9686904433684578,
  "restored_validation_point_st_rae_by_cyp": {
    "CYP1A2": 1.0461160589527678,
    "CYP2C9": 1.0291797725251386,
    "CYP2D6": 1.011277671740879,
    "CYP3A4": 0.7881882702550459
  },
  "restored_fit_st_rae_by_cyp": {
    "CYP1A2": 0.937175040954467,
    "CYP2C9": 0.822502317059559,
    "CYP2D6": 1.000857078962692,
    "CYP3A4": 0.7481065830981483
  },
  "restored_validation_st_rae_by_cyp": {
    "CYP1A2": 1.0540896196066454,
    "CYP2C9": 1.0679846812258365,
    "CYP2D6": 1.0236374574112723,
    "CYP3A4": 0.8024352047197766
  },
  "validation_bootstrap_metrics": {
    "n_bootstrap_samples": 1000,
    "seed": 0,
    "macro": {
      "st_rae": {
        "mean": 0.9870367407408827,
        "ci_low": 0.8510890648959679,
        "ci_high": 1.1295717762570447
      },
      "mae": {
        "mean": 0.6400308815966126,
        "ci_low": 0.5741219010255818,
        "ci_high": 0.7060789674800864
      },
      "r2": {
        "mean": 0.05894315060514872,
        "ci_low": -0.09388441346759394,
        "ci_high": 0.19007471355483363
      },
      "spearman_rho": {
        "mean": 0.3941946204091664,
        "ci_low": 0.27979508018883403,
        "ci_high": 0.5028638460503582
      },
      "kendall_tau": {
        "mean": 0.27900725581802,
        "ci_low": 0.1967969322316869,
        "ci_high": 0.3624590690309082
      }
    },
    "per_endpoint": {
      "CYP1A2": {
        "st_rae": {
          "mean": 1.0540896196066454,
          "ci_low": 0.7746009536285096,
          "ci_high": 1.4220741343835401
        },
        "mae": {
          "mean": 0.6972196520742823,
          "ci_low": 0.5371129475656102,
          "ci_high": 0.869561413370195
        },
        "r2": {
          "mean": 0.06817066287794599,
          "ci_low": -0.30298152822977664,
          "ci_high": 0.29771261862018744
        },
        "spearman_rho": {
          "mean": 0.40298418166064726,
          "ci_low": 0.17164987783829957,
          "ci_high": 0.6129804989239812
        },
        "kendall_tau": {
          "mean": 0.2959033047154421,
          "ci_low": 0.12538157430589614,
          "ci_high": 0.4618522136219094
        }
      },
      "CYP2C9": {
        "st_rae": {
          "mean": 1.0679846812258365,
          "ci_low": 0.7665346700853298,
          "ci_high": 1.4245379201370714
        },
        "mae": {
          "mean": 0.5799314009070397,
          "ci_low": 0.4564428848028183,
          "ci_high": 0.7084745942552884
        },
        "r2": {
          "mean": -0.13151603472643966,
          "ci_low": -0.48502804523345605,
          "ci_high": 0.14738522229048492
        },
        "spearman_rho": {
          "mean": 0.28319397300943105,
          "ci_low": 0.029445284315310065,
          "ci_high": 0.5145906267100748
        },
        "kendall_tau": {
          "mean": 0.19626612610989674,
          "ci_low": 0.017737344246052975,
          "ci_high": 0.36603978270230875
        }
      },
      "CYP2D6": {
        "st_rae": {
          "mean": 1.0236374574112723,
          "ci_low": 0.8208518073853409,
          "ci_high": 1.2697986824510015
        },
        "mae": {
          "mean": 0.572039032459259,
          "ci_low": 0.4556477186313042,
          "ci_high": 0.716367513858355
        },
        "r2": {
          "mean": -0.02783467609547057,
          "ci_low": -0.4019885742116464,
          "ci_high": 0.22601893445015886
        },
        "spearman_rho": {
          "mean": 0.33052531743624025,
          "ci_low": 0.09816003052072435,
          "ci_high": 0.5546774924794639
        },
        "kendall_tau": {
          "mean": 0.22938188672342205,
          "ci_low": 0.06534618872607513,
          "ci_high": 0.39457192633150817
        }
      },
      "CYP3A4": {
        "st_rae": {
          "mean": 0.8024352047197766,
          "ci_low": 0.6133032824366548,
          "ci_high": 1.0410399612718826
        },
        "mae": {
          "mean": 0.7109334409458693,
          "ci_low": 0.6167940186899762,
          "ci_high": 0.8149729088988414
        },
        "r2": {
          "mean": 0.3269526503645591,
          "ci_low": 0.15086525644133872,
          "ci_high": 0.4655559178903626
        },
        "spearman_rho": {
          "mean": 0.5600750095303472,
          "ci_low": 0.3897503861534042,
          "ci_high": 0.7022106702954243
        },
        "kendall_tau": {
          "mean": 0.3944777057233191,
          "ci_low": 0.2651958659582043,
          "ci_high": 0.5102628589649056
        }
      }
    }
  },
  "epochs_run": 3,
  "fit_observations": 806,
  "validation_observations": 272,
  "rule": "delayed_memory",
  "generations": 16,
  "hidden_channels": 8,
  "atom_feature_profile": "valence_electronic",
  "atom_feature_count": 38,
  "atom_feature_names": [
    "element_H",
    "element_C",
    "element_N",
    "element_O",
    "element_F",
    "element_P",
    "element_S",
    "element_Cl",
    "element_Br",
    "element_I",
    "element_other",
    "formal_charge",
    "aromatic",
    "hybrid_sp",
    "hybrid_sp2",
    "hybrid_sp3",
    "hybrid_other",
    "degree",
    "total_hydrogens",
    "in_ring",
    "hbond_donor",
    "hbond_acceptor",
    "chiral_cw",
    "chiral_ccw",
    "chiral_other",
    "total_valence",
    "implicit_valence",
    "heavy_atom_degree",
    "radical_electrons",
    "absolute_formal_charge",
    "electronegativity",
    "polarizability",
    "heteroatom",
    "halogen",
    "conjugated_bond_fraction",
    "first_ionization_energy",
    "electron_affinity",
    "electronic_property_missing"
  ],
  "device": "cuda",
  "gpu": "NVIDIA GeForce RTX 5070 Ti",
  "training_seconds": 3.0430804999778047,
  "peak_gpu_memory_bytes": 38868480,
  "runtime": {
    "operating_system": "Windows-10-10.0.26200-SP0",
    "machine": "AMD64",
    "python": "3.11.16",
    "python_executable": "C:\\Users\\Anthony\\anaconda3\\envs\\strange-matter-gpu\\python.exe",
    "pytorch": "2.11.0+cu128",
    "pytorch_cuda": "12.8",
    "device": "cuda",
    "gpu": "NVIDIA GeForce RTX 5070 Ti"
  },
  "validation_protocol": {
    "kind": "scaffold_cross_validation",
    "fold": 0,
    "folds": 5
  },
  "readout": "differentiable_closed_form_ridge",
  "hyperparameters": {
    "ca_lr": 0.003,
    "ridge": 0.01,
    "ca_l2": 0.0001,
    "gradient_clip": 1.0,
    "update_scale": 0.25,
    "init_scale": 0.5,
    "initial_noise": 0.0,
    "support_fraction": 0.75,
    "bond_temperature": 1.0,
    "dyn_a": 0.8,
    "dyn_b": 0.2,
    "dyn_c": 0.5,
    "dyn_d": 0.05,
    "lr_schedule": "cosine_0.1x"
  }
}
