{"operating_system": "Windows-10-10.0.26200-SP0", "machine": "AMD64", "python": "3.11.16", "python_executable": "C:\\Users\\Anthony\\anaconda3\\envs\\strange-matter-gpu\\python.exe", "pytorch": "2.11.0+cu128", "pytorch_cuda": "12.8", "device": "cuda", "gpu": "NVIDIA GeForce RTX 5070 Ti"}
{"epoch": 1, "train_rmse": 1.6435033554182592, "validation_rmse": 0.9477783441543579, "validation_ma_st_rae": 1.1817357593560396, "validation_CYP1A2_st_rae": 1.2986506221807166, "validation_CYP2C9_st_rae": 1.200526270158383, "validation_CYP2D6_st_rae": 1.4257572949131847, "validation_CYP3A4_st_rae": 0.8020088501718742, "mean_raw_gradient_norm": 57.02951326370239, "fraction_gradients_clipped": 1.0}
{"epoch": 2, "train_rmse": 1.7423089435458297, "validation_rmse": 0.9309315085411072, "validation_ma_st_rae": 1.137765434739263, "validation_CYP1A2_st_rae": 1.2628779988094487, "validation_CYP2C9_st_rae": 1.1505229245867343, "validation_CYP2D6_st_rae": 1.3609394651516988, "validation_CYP3A4_st_rae": 0.7767213504091701, "mean_raw_gradient_norm": 53.367116165161136, "fraction_gradients_clipped": 1.0}
{"epoch": 3, "train_rmse": 2.0969061687495474, "validation_rmse": 0.9279550909996033, "validation_ma_st_rae": 1.124109650331332, "validation_CYP1A2_st_rae": 1.3045348994251682, "validation_CYP2C9_st_rae": 1.0739748838204988, "validation_CYP2D6_st_rae": 1.3621483204702942, "validation_CYP3A4_st_rae": 0.7557804976093665, "mean_raw_gradient_norm": 75.71274394989014, "fraction_gradients_clipped": 1.0}
{
  "seed": 1701,
  "selection_metric": "validation_ma_st_rae",
  "best_validation_ma_st_rae": 1.124109650331332,
  "best_validation_rmse": 0.9279550909996033,
  "restored_fit_rmse": 0.926829993724823,
  "restored_validation_rmse": 0.9287989139556885,
  "restored_fit_ma_st_rae": 0.9069488073019807,
  "restored_validation_ma_st_rae": 1.1477212434842354,
  "restored_validation_point_ma_st_rae": 1.1280001440557865,
  "restored_validation_point_st_rae_by_cyp": {
    "CYP1A2": 1.3184160825304434,
    "CYP2C9": 1.0750680663027181,
    "CYP2D6": 1.3575414032221051,
    "CYP3A4": 0.7609750241678794
  },
  "restored_fit_st_rae_by_cyp": {
    "CYP1A2": 0.9367250366071808,
    "CYP2C9": 0.9191989186747116,
    "CYP2D6": 1.0585117817889054,
    "CYP3A4": 0.7133594921371248
  },
  "restored_validation_st_rae_by_cyp": {
    "CYP1A2": 1.3290498337487417,
    "CYP2C9": 1.10529629831832,
    "CYP2D6": 1.3821550524186497,
    "CYP3A4": 0.7743837894512305
  },
  "validation_bootstrap_metrics": {
    "n_bootstrap_samples": 1000,
    "seed": 0,
    "macro": {
      "st_rae": {
        "mean": 1.1477212434842354,
        "ci_low": 0.9845807563189733,
        "ci_high": 1.3332148478350327
      },
      "mae": {
        "mean": 0.7100068970142989,
        "ci_low": 0.640243972398134,
        "ci_high": 0.7759633395734927
      },
      "r2": {
        "mean": -0.14803368245261242,
        "ci_low": -0.3873623127302394,
        "ci_high": 0.040117964217110565
      },
      "spearman_rho": {
        "mean": 0.3066628749944974,
        "ci_low": 0.19680134673542535,
        "ci_high": 0.41980471547004977
      },
      "kendall_tau": {
        "mean": 0.2169409293483092,
        "ci_low": 0.13701709512309287,
        "ci_high": 0.2990615906095318
      }
    },
    "per_endpoint": {
      "CYP1A2": {
        "st_rae": {
          "mean": 1.3290498337487417,
          "ci_low": 0.9729817597242832,
          "ci_high": 1.7445625462261742
        },
        "mae": {
          "mean": 0.8087017440170537,
          "ci_low": 0.643672012012513,
          "ci_high": 0.982202267744502
        },
        "r2": {
          "mean": -0.14872762069056494,
          "ci_low": -0.5924882750810689,
          "ci_high": 0.11650212225974929
        },
        "spearman_rho": {
          "mean": 0.24825215329038822,
          "ci_low": 0.0024998431135167466,
          "ci_high": 0.45963934256559064
        },
        "kendall_tau": {
          "mean": 0.17449199369052298,
          "ci_low": 0.0027316047328526556,
          "ci_high": 0.325938508475647
        }
      },
      "CYP2C9": {
        "st_rae": {
          "mean": 1.10529629831832,
          "ci_low": 0.6751906546522434,
          "ci_high": 1.6838864533498055
        },
        "mae": {
          "mean": 0.5914000495115916,
          "ci_low": 0.470320065120856,
          "ci_high": 0.7355199045936266
        },
        "r2": {
          "mean": -0.21623236788738545,
          "ci_low": -1.0136733751065932,
          "ci_high": 0.28899365401257626
        },
        "spearman_rho": {
          "mean": 0.41597797197443054,
          "ci_low": 0.1585731165863847,
          "ci_high": 0.6382593689900503
        },
        "kendall_tau": {
          "mean": 0.30516007491178765,
          "ci_low": 0.11109512850019179,
          "ci_high": 0.47343126185811724
        }
      },
      "CYP2D6": {
        "st_rae": {
          "mean": 1.3821550524186497,
          "ci_low": 1.1455950384969988,
          "ci_high": 1.6846090484368714
        },
        "mae": {
          "mean": 0.7254416432233957,
          "ci_low": 0.5901172944215628,
          "ci_high": 0.866365306194012
        },
        "r2": {
          "mean": -0.43525948849776647,
          "ci_low": -0.8739992708597936,
          "ci_high": -0.1501313823610189
        },
        "spearman_rho": {
          "mean": 0.06909823065877112,
          "ci_low": -0.1762598514096824,
          "ci_high": 0.3120103690949458
        },
        "kendall_tau": {
          "mean": 0.052726389543674895,
          "ci_low": -0.11517358993902439,
          "ci_high": 0.22010437160498406
        }
      },
      "CYP3A4": {
        "st_rae": {
          "mean": 0.7743837894512305,
          "ci_low": 0.5992561188558533,
          "ci_high": 0.9532992795583446
        },
        "mae": {
          "mean": 0.7144841513051542,
          "ci_low": 0.5967318782972736,
          "ci_high": 0.8354626670133236
        },
        "r2": {
          "mean": 0.20808474726526727,
          "ci_low": -0.007960968114472973,
          "ci_high": 0.39688739230515896
        },
        "spearman_rho": {
          "mean": 0.49332314405440003,
          "ci_low": 0.31155677325442427,
          "ci_high": 0.6588595383091052
        },
        "kendall_tau": {
          "mean": 0.33538525924725127,
          "ci_low": 0.19728415081527567,
          "ci_high": 0.469044360802504
        }
      }
    }
  },
  "epochs_run": 3,
  "fit_observations": 806,
  "validation_observations": 272,
  "rule": "conservative_graph_flux",
  "generations": 32,
  "hidden_channels": 16,
  "atom_feature_profile": "valence",
  "atom_feature_count": 30,
  "atom_feature_names": [
    "element_H",
    "element_C",
    "element_N",
    "element_O",
    "element_F",
    "element_P",
    "element_S",
    "element_Cl",
    "element_Br",
    "element_I",
    "element_other",
    "formal_charge",
    "aromatic",
    "hybrid_sp",
    "hybrid_sp2",
    "hybrid_sp3",
    "hybrid_other",
    "degree",
    "total_hydrogens",
    "in_ring",
    "hbond_donor",
    "hbond_acceptor",
    "chiral_cw",
    "chiral_ccw",
    "chiral_other",
    "total_valence",
    "implicit_valence",
    "heavy_atom_degree",
    "radical_electrons",
    "absolute_formal_charge"
  ],
  "device": "cuda",
  "gpu": "NVIDIA GeForce RTX 5070 Ti",
  "training_seconds": 3.560499500017613,
  "peak_gpu_memory_bytes": 75757568,
  "runtime": {
    "operating_system": "Windows-10-10.0.26200-SP0",
    "machine": "AMD64",
    "python": "3.11.16",
    "python_executable": "C:\\Users\\Anthony\\anaconda3\\envs\\strange-matter-gpu\\python.exe",
    "pytorch": "2.11.0+cu128",
    "pytorch_cuda": "12.8",
    "device": "cuda",
    "gpu": "NVIDIA GeForce RTX 5070 Ti"
  },
  "validation_protocol": {
    "kind": "scaffold_cross_validation",
    "fold": 0,
    "folds": 5
  },
  "readout": "differentiable_closed_form_ridge",
  "hyperparameters": {
    "ca_lr": 0.001,
    "ridge": 0.1,
    "ca_l2": 1e-06,
    "gradient_clip": 0.5,
    "update_scale": 0.25,
    "init_scale": 1.5,
    "initial_noise": 0.01,
    "support_fraction": 0.75,
    "bond_temperature": 0.5,
    "dyn_a": 0.8,
    "dyn_b": 0.8,
    "dyn_c": 0.8,
    "dyn_d": 0.15,
    "lr_schedule": "cosine_0.1x"
  }
}
