{"operating_system": "Windows-10-10.0.26200-SP0", "machine": "AMD64", "python": "3.11.16", "python_executable": "C:\\Users\\Anthony\\anaconda3\\envs\\strange-matter-gpu\\python.exe", "pytorch": "2.11.0+cu128", "pytorch_cuda": "12.8", "device": "cuda", "gpu": "NVIDIA GeForce RTX 5070 Ti"}
{"epoch": 1, "train_rmse": 1.0134147858739577, "validation_rmse": 0.8733758330345154, "validation_ma_st_rae": 0.8994620332607953, "validation_CYP1A2_st_rae": 0.9180975021812494, "validation_CYP2C9_st_rae": 0.7844183891082286, "validation_CYP2D6_st_rae": 1.1394875458039468, "validation_CYP3A4_st_rae": 0.7558446959497567, "mean_raw_gradient_norm": 5.328931264579296, "fraction_gradients_clipped": 0.9375}
{"epoch": 2, "train_rmse": 1.0004722230968253, "validation_rmse": 0.884131133556366, "validation_ma_st_rae": 0.9043470312330026, "validation_CYP1A2_st_rae": 0.936318733404916, "validation_CYP2C9_st_rae": 0.7877054229941516, "validation_CYP2D6_st_rae": 1.137649434956199, "validation_CYP3A4_st_rae": 0.7557145335767437, "mean_raw_gradient_norm": 5.236749589443207, "fraction_gradients_clipped": 1.0}
{"epoch": 3, "train_rmse": 1.0393792896282728, "validation_rmse": 0.8864643573760986, "validation_ma_st_rae": 0.8931999072896288, "validation_CYP1A2_st_rae": 0.9531920735095943, "validation_CYP2C9_st_rae": 0.7806759380355538, "validation_CYP2D6_st_rae": 1.0764546660745624, "validation_CYP3A4_st_rae": 0.7624769515388048, "mean_raw_gradient_norm": 7.026367425918579, "fraction_gradients_clipped": 1.0}
{"epoch": 4, "train_rmse": 1.0384388223214678, "validation_rmse": 0.8855713605880737, "validation_ma_st_rae": 0.890075679182221, "validation_CYP1A2_st_rae": 0.954088640897584, "validation_CYP2C9_st_rae": 0.7519347830799595, "validation_CYP2D6_st_rae": 1.0831729931762117, "validation_CYP3A4_st_rae": 0.7711062995751284, "mean_raw_gradient_norm": 4.6810561418533325, "fraction_gradients_clipped": 1.0}
{"epoch": 5, "train_rmse": 0.9477250196491139, "validation_rmse": 0.8834614753723145, "validation_ma_st_rae": 0.8915600547045861, "validation_CYP1A2_st_rae": 0.9566322329664051, "validation_CYP2C9_st_rae": 0.7459990547106577, "validation_CYP2D6_st_rae": 1.092744645831336, "validation_CYP3A4_st_rae": 0.7708642853099458, "mean_raw_gradient_norm": 4.4857811108231544, "fraction_gradients_clipped": 0.9375}
{
  "seed": 1701,
  "selection_metric": "validation_ma_st_rae",
  "best_validation_ma_st_rae": 0.890075679182221,
  "best_validation_rmse": 0.8855713605880737,
  "restored_fit_rmse": 0.8285790085792542,
  "restored_validation_rmse": 0.885572612285614,
  "restored_fit_ma_st_rae": 0.8213583680918078,
  "restored_validation_ma_st_rae": 0.8938778087905125,
  "restored_validation_point_ma_st_rae": 0.8900827644622912,
  "restored_validation_point_st_rae_by_cyp": {
    "CYP1A2": 0.9540874964033704,
    "CYP2C9": 0.7519543539864834,
    "CYP2D6": 1.0831807086342384,
    "CYP3A4": 0.7711084988250723
  },
  "restored_fit_st_rae_by_cyp": {
    "CYP1A2": 0.8716462754390204,
    "CYP2C9": 0.7432819765960675,
    "CYP2D6": 0.9825952124964,
    "CYP3A4": 0.6879100078357437
  },
  "restored_validation_st_rae_by_cyp": {
    "CYP1A2": 0.9598409875794587,
    "CYP2C9": 0.7574833930246953,
    "CYP2D6": 1.0843403788393284,
    "CYP3A4": 0.7738464757185672
  },
  "validation_bootstrap_metrics": {
    "n_bootstrap_samples": 1000,
    "seed": 0,
    "macro": {
      "st_rae": {
        "mean": 0.8938778087905125,
        "ci_low": 0.8179502662007454,
        "ci_high": 0.975815183049441
      },
      "mae": {
        "mean": 0.645976117178596,
        "ci_low": 0.604829362806425,
        "ci_high": 0.6900637498281692
      },
      "r2": {
        "mean": 0.14868159336609868,
        "ci_low": 0.07056019705525732,
        "ci_high": 0.2249922151817406
      },
      "spearman_rho": {
        "mean": 0.41609661280579313,
        "ci_low": 0.34097839720606316,
        "ci_high": 0.4840975473094273
      },
      "kendall_tau": {
        "mean": 0.2934021174450705,
        "ci_low": 0.23830224179759796,
        "ci_high": 0.3463194614936905
      }
    },
    "per_endpoint": {
      "CYP1A2": {
        "st_rae": {
          "mean": 0.9598409875794587,
          "ci_low": 0.8186804390969917,
          "ci_high": 1.123237593435669
        },
        "mae": {
          "mean": 0.7054892602419331,
          "ci_low": 0.6119369370658903,
          "ci_high": 0.8084322333770947
        },
        "r2": {
          "mean": 0.1163927399276081,
          "ci_low": -0.04620857526696365,
          "ci_high": 0.2545039022172531
        },
        "spearman_rho": {
          "mean": 0.42750869576348943,
          "ci_low": 0.2775152319034123,
          "ci_high": 0.5624057946403256
        },
        "kendall_tau": {
          "mean": 0.2937759995523698,
          "ci_low": 0.19012617832154985,
          "ci_high": 0.39363784341770924
        }
      },
      "CYP2C9": {
        "st_rae": {
          "mean": 0.7574833930246953,
          "ci_low": 0.581008529822183,
          "ci_high": 0.9592298926780423
        },
        "mae": {
          "mean": 0.4986285667182835,
          "ci_low": 0.43017137987923076,
          "ci_high": 0.5744151972177375
        },
        "r2": {
          "mean": 0.25111716032141657,
          "ci_low": 0.05528615215374917,
          "ci_high": 0.4246727780418823
        },
        "spearman_rho": {
          "mean": 0.5277247381923321,
          "ci_low": 0.38115305170066827,
          "ci_high": 0.6620136176571402
        },
        "kendall_tau": {
          "mean": 0.3802781195657634,
          "ci_low": 0.2681244892189689,
          "ci_high": 0.4882260719612069
        }
      },
      "CYP2D6": {
        "st_rae": {
          "mean": 1.0843403788393284,
          "ci_low": 0.9563230916858245,
          "ci_high": 1.2372422802125662
        },
        "mae": {
          "mean": 0.6348167834020879,
          "ci_low": 0.5373576918657679,
          "ci_high": 0.7434088448103326
        },
        "r2": {
          "mean": 0.0036725012077751516,
          "ci_low": -0.15165692632840524,
          "ci_high": 0.1278183629690755
        },
        "spearman_rho": {
          "mean": 0.18986309493803105,
          "ci_low": -0.0006703749325863934,
          "ci_high": 0.3702148229136719
        },
        "kendall_tau": {
          "mean": 0.13050006078632154,
          "ci_low": -0.0019491312348449683,
          "ci_high": 0.2631934647976456
        }
      },
      "CYP3A4": {
        "st_rae": {
          "mean": 0.7738464757185672,
          "ci_low": 0.6618751782057967,
          "ci_high": 0.8959904108939583
        },
        "mae": {
          "mean": 0.7449698583520794,
          "ci_low": 0.6724949012900784,
          "ci_high": 0.8236093785752894
        },
        "r2": {
          "mean": 0.22354397200759485,
          "ci_low": 0.08118520961528133,
          "ci_high": 0.35711763845574895
        },
        "spearman_rho": {
          "mean": 0.5192899223293203,
          "ci_low": 0.41114990963744946,
          "ci_high": 0.6167265630089648
        },
        "kendall_tau": {
          "mean": 0.3690542898758272,
          "ci_low": 0.2899546929318062,
          "ci_high": 0.44205198793209727
        }
      }
    }
  },
  "epochs_run": 5,
  "fit_observations": 2659,
  "validation_observations": 646,
  "rule": "delayed_memory",
  "generations": 64,
  "hidden_channels": 16,
  "atom_feature_profile": "periodic_valence",
  "atom_feature_count": 38,
  "atom_feature_names": [
    "element_H",
    "element_C",
    "element_N",
    "element_O",
    "element_F",
    "element_P",
    "element_S",
    "element_Cl",
    "element_Br",
    "element_I",
    "element_other",
    "formal_charge",
    "aromatic",
    "hybrid_sp",
    "hybrid_sp2",
    "hybrid_sp3",
    "hybrid_other",
    "degree",
    "total_hydrogens",
    "in_ring",
    "hbond_donor",
    "hbond_acceptor",
    "chiral_cw",
    "chiral_ccw",
    "chiral_other",
    "atomic_number",
    "atomic_mass",
    "covalent_radius",
    "vdw_radius",
    "outer_electrons",
    "period",
    "periodic_group",
    "atomic_volume",
    "total_valence",
    "implicit_valence",
    "heavy_atom_degree",
    "radical_electrons",
    "absolute_formal_charge"
  ],
  "device": "cuda",
  "gpu": "NVIDIA GeForce RTX 5070 Ti",
  "training_seconds": 22.748933600028977,
  "peak_gpu_memory_bytes": 312544768,
  "runtime": {
    "operating_system": "Windows-10-10.0.26200-SP0",
    "machine": "AMD64",
    "python": "3.11.16",
    "python_executable": "C:\\Users\\Anthony\\anaconda3\\envs\\strange-matter-gpu\\python.exe",
    "pytorch": "2.11.0+cu128",
    "pytorch_cuda": "12.8",
    "device": "cuda",
    "gpu": "NVIDIA GeForce RTX 5070 Ti"
  },
  "validation_protocol": {
    "kind": "scaffold_cross_validation",
    "fold": 1,
    "folds": 5
  },
  "readout": "differentiable_closed_form_ridge",
  "prediction_mode": "direct",
  "residual_alpha": null,
  "trajectory_pooling": "legacy",
  "ridge_mode": "shared",
  "loss_mode": "mse",
  "interval_loss_beta": 0.0,
  "interval_temperature": 0.1,
  "hyperparameters": {
    "ca_lr": 0.003,
    "ridge": 1.0,
    "ca_l2": 1e-06,
    "gradient_clip": 2.0,
    "update_scale": 0.08,
    "init_scale": 1.0,
    "initial_noise": 0.01,
    "support_fraction": 0.6,
    "bond_temperature": 0.5,
    "dyn_a": 0.2,
    "dyn_b": 0.2,
    "dyn_c": 0.8,
    "dyn_d": 0.05,
    "lr_schedule": "cosine_0.1x"
  }
}
