{"operating_system": "Windows-10-10.0.26200-SP0", "machine": "AMD64", "python": "3.11.16", "python_executable": "C:\\Users\\Anthony\\anaconda3\\envs\\strange-matter-gpu\\python.exe", "pytorch": "2.11.0+cu128", "pytorch_cuda": "12.8", "device": "cuda", "gpu": "NVIDIA GeForce RTX 5070 Ti"}
{"epoch": 1, "train_rmse": 1.045040899836819, "validation_rmse": 0.8963883519172668, "validation_ma_st_rae": 0.9149710419546636, "validation_CYP1A2_st_rae": 0.9930367447307399, "validation_CYP2C9_st_rae": 0.8091600376114396, "validation_CYP2D6_st_rae": 1.0727021250928637, "validation_CYP3A4_st_rae": 0.7849852603836114, "mean_raw_gradient_norm": 7.252921085357666, "fraction_gradients_clipped": 1.0}
{"epoch": 2, "train_rmse": 0.9707725603407998, "validation_rmse": 0.8975968956947327, "validation_ma_st_rae": 0.9226015761855324, "validation_CYP1A2_st_rae": 1.0201075754192583, "validation_CYP2C9_st_rae": 0.8083066965575194, "validation_CYP2D6_st_rae": 1.077714645849296, "validation_CYP3A4_st_rae": 0.7842773869160558, "mean_raw_gradient_norm": 6.459896278381348, "fraction_gradients_clipped": 1.0}
{"epoch": 3, "train_rmse": 1.0217124113058371, "validation_rmse": 0.8991537094116211, "validation_ma_st_rae": 0.9241584204660173, "validation_CYP1A2_st_rae": 0.9944933603877357, "validation_CYP2C9_st_rae": 0.8251385312382488, "validation_CYP2D6_st_rae": 1.0979495474666172, "validation_CYP3A4_st_rae": 0.7790522427714673, "mean_raw_gradient_norm": 6.054864692687988, "fraction_gradients_clipped": 1.0}
{"epoch": 4, "train_rmse": 1.0500151036199736, "validation_rmse": 0.8961563110351562, "validation_ma_st_rae": 0.9172091562372267, "validation_CYP1A2_st_rae": 0.9858400646129742, "validation_CYP2C9_st_rae": 0.8316319858181805, "validation_CYP2D6_st_rae": 1.0748284035580395, "validation_CYP3A4_st_rae": 0.7765361709597122, "mean_raw_gradient_norm": 6.081591806411743, "fraction_gradients_clipped": 1.0}
{
  "seed": 4211,
  "selection_metric": "validation_ma_st_rae",
  "best_validation_ma_st_rae": 0.9149710419546636,
  "best_validation_rmse": 0.8963883519172668,
  "restored_fit_rmse": 0.8512619733810425,
  "restored_validation_rmse": 0.896388053894043,
  "restored_fit_ma_st_rae": 0.8639761947830575,
  "restored_validation_ma_st_rae": 0.9175197381109067,
  "restored_validation_point_ma_st_rae": 0.9149681760619968,
  "restored_validation_point_st_rae_by_cyp": {
    "CYP1A2": 0.9930416822647452,
    "CYP2C9": 0.8091526798716732,
    "CYP2D6": 1.0726953731321682,
    "CYP3A4": 0.7849829689794005
  },
  "restored_fit_st_rae_by_cyp": {
    "CYP1A2": 0.8754720142415804,
    "CYP2C9": 0.7991148562264364,
    "CYP2D6": 1.0504906293253553,
    "CYP3A4": 0.7308272793388578
  },
  "restored_validation_st_rae_by_cyp": {
    "CYP1A2": 0.998911359230197,
    "CYP2C9": 0.8108599033085074,
    "CYP2D6": 1.0733814338360985,
    "CYP3A4": 0.7869262560688235
  },
  "validation_bootstrap_metrics": {
    "n_bootstrap_samples": 1000,
    "seed": 0,
    "macro": {
      "st_rae": {
        "mean": 0.9175197381109067,
        "ci_low": 0.863703848922983,
        "ci_high": 0.9735537783681047
      },
      "mae": {
        "mean": 0.6614320593641205,
        "ci_low": 0.6272179816022586,
        "ci_high": 0.7005906637729707
      },
      "r2": {
        "mean": 0.11262055118029547,
        "ci_low": 0.051749271976552456,
        "ci_high": 0.16900972137076964
      },
      "spearman_rho": {
        "mean": 0.37967443374945736,
        "ci_low": 0.32257090905815006,
        "ci_high": 0.43729149520468036
      },
      "kendall_tau": {
        "mean": 0.2660803989494907,
        "ci_low": 0.22497174909421602,
        "ci_high": 0.30776056696321213
      }
    },
    "per_endpoint": {
      "CYP1A2": {
        "st_rae": {
          "mean": 0.998911359230197,
          "ci_low": 0.8805235257105476,
          "ci_high": 1.1351202194217203
        },
        "mae": {
          "mean": 0.7416524421320405,
          "ci_low": 0.6526072515443314,
          "ci_high": 0.8344533105367838
        },
        "r2": {
          "mean": 0.03080804468720592,
          "ci_low": -0.11206372168731997,
          "ci_high": 0.17251672540655744
        },
        "spearman_rho": {
          "mean": 0.3717640739322978,
          "ci_low": 0.25196207037082136,
          "ci_high": 0.4804999347663912
        },
        "kendall_tau": {
          "mean": 0.25085911319142457,
          "ci_low": 0.16831828183149278,
          "ci_high": 0.3319951491361438
        }
      },
      "CYP2C9": {
        "st_rae": {
          "mean": 0.8108599033085074,
          "ci_low": 0.6968425918034897,
          "ci_high": 0.9350057946035283
        },
        "mae": {
          "mean": 0.530298307771005,
          "ci_low": 0.46736874680228646,
          "ci_high": 0.5942382300868252
        },
        "r2": {
          "mean": 0.17375935519663852,
          "ci_low": 0.039007733643017,
          "ci_high": 0.3043723531258937
        },
        "spearman_rho": {
          "mean": 0.47617370274278414,
          "ci_low": 0.34477588332876197,
          "ci_high": 0.5928379514678447
        },
        "kendall_tau": {
          "mean": 0.33898629786691764,
          "ci_low": 0.24337511497804193,
          "ci_high": 0.4279269927179292
        }
      },
      "CYP2D6": {
        "st_rae": {
          "mean": 1.0733814338360985,
          "ci_low": 0.9746813403326474,
          "ci_high": 1.1815243942031781
        },
        "mae": {
          "mean": 0.6071770052101301,
          "ci_low": 0.5340805083772411,
          "ci_high": 0.6827407546924508
        },
        "r2": {
          "mean": 0.00918283778718025,
          "ci_low": -0.09971771398808105,
          "ci_high": 0.10109244723903986
        },
        "spearman_rho": {
          "mean": 0.17237387051156805,
          "ci_low": 0.04505584845588719,
          "ci_high": 0.287831937971623
        },
        "kendall_tau": {
          "mean": 0.11586627612291354,
          "ci_low": 0.030626959143610518,
          "ci_high": 0.1948045199751134
        }
      },
      "CYP3A4": {
        "st_rae": {
          "mean": 0.7869262560688235,
          "ci_low": 0.7024448668235433,
          "ci_high": 0.8762365930895395
        },
        "mae": {
          "mean": 0.7666004823433066,
          "ci_low": 0.7099478230664604,
          "ci_high": 0.8280517700801595
        },
        "r2": {
          "mean": 0.2367319670501572,
          "ci_low": 0.13639172530789184,
          "ci_high": 0.32101395604165417
        },
        "spearman_rho": {
          "mean": 0.49838608781117955,
          "ci_low": 0.39878386227129214,
          "ci_high": 0.5841030140469231
        },
        "kendall_tau": {
          "mean": 0.358609908616707,
          "ci_low": 0.2846476399953054,
          "ci_high": 0.42370274029124955
        }
      }
    }
  },
  "epochs_run": 4,
  "fit_observations": 4213,
  "validation_observations": 1003,
  "rule": "inertial_reaction_diffusion",
  "generations": 125,
  "hidden_channels": 8,
  "atom_feature_profile": "electronic_local",
  "atom_feature_count": 37,
  "atom_feature_names": [
    "element_H",
    "element_C",
    "element_N",
    "element_O",
    "element_F",
    "element_P",
    "element_S",
    "element_Cl",
    "element_Br",
    "element_I",
    "element_other",
    "formal_charge",
    "aromatic",
    "hybrid_sp",
    "hybrid_sp2",
    "hybrid_sp3",
    "hybrid_other",
    "degree",
    "total_hydrogens",
    "in_ring",
    "hbond_donor",
    "hbond_acceptor",
    "chiral_cw",
    "chiral_ccw",
    "chiral_other",
    "electronegativity",
    "polarizability",
    "heteroatom",
    "halogen",
    "conjugated_bond_fraction",
    "first_ionization_energy",
    "electron_affinity",
    "electronic_property_missing",
    "mean_neighbour_electronegativity",
    "electronegativity_difference",
    "mean_neighbour_atomic_number",
    "neighbour_formal_charge"
  ],
  "device": "cuda",
  "gpu": "NVIDIA GeForce RTX 5070 Ti",
  "training_seconds": 52.234099599998444,
  "peak_gpu_memory_bytes": 337682432,
  "runtime": {
    "operating_system": "Windows-10-10.0.26200-SP0",
    "machine": "AMD64",
    "python": "3.11.16",
    "python_executable": "C:\\Users\\Anthony\\anaconda3\\envs\\strange-matter-gpu\\python.exe",
    "pytorch": "2.11.0+cu128",
    "pytorch_cuda": "12.8",
    "device": "cuda",
    "gpu": "NVIDIA GeForce RTX 5070 Ti"
  },
  "validation_protocol": {
    "kind": "scaffold_cross_validation",
    "fold": 1,
    "folds": 5
  },
  "readout": "differentiable_closed_form_ridge",
  "prediction_mode": "direct",
  "residual_alpha": null,
  "trajectory_pooling": "legacy",
  "ridge_mode": "shared",
  "loss_mode": "hybrid_interval",
  "interval_loss_beta": 1.0,
  "interval_temperature": 0.05,
  "hyperparameters": {
    "ca_lr": 0.003,
    "ridge": 0.01,
    "ca_l2": 0.0001,
    "gradient_clip": 2.0,
    "update_scale": 0.08,
    "init_scale": 0.5,
    "initial_noise": 0.01,
    "support_fraction": 0.85,
    "bond_temperature": 0.5,
    "dyn_a": 0.5,
    "dyn_b": 0.8,
    "dyn_c": 0.8,
    "dyn_d": 0.15,
    "lr_schedule": "cosine_0.1x"
  }
}
