{"operating_system": "Windows-10-10.0.26200-SP0", "machine": "AMD64", "python": "3.11.16", "python_executable": "C:\\Users\\Anthony\\anaconda3\\envs\\strange-matter-gpu\\python.exe", "pytorch": "2.11.0+cu128", "pytorch_cuda": "12.8", "device": "cuda", "gpu": "NVIDIA GeForce RTX 5070 Ti"}
{"epoch": 1, "train_rmse": 6.722306505472727, "validation_rmse": 0.9304912686347961, "validation_ma_st_rae": 0.960701553975188, "validation_CYP1A2_st_rae": 0.9458522757273518, "validation_CYP2C9_st_rae": 1.0633100413469627, "validation_CYP2D6_st_rae": 1.0355979875244823, "validation_CYP3A4_st_rae": 0.7980459113019555, "mean_raw_gradient_norm": 1635.5642022418976, "fraction_gradients_clipped": 1.0}
{"epoch": 2, "train_rmse": 36.38200342753112, "validation_rmse": 0.9195786118507385, "validation_ma_st_rae": 0.9507688125748558, "validation_CYP1A2_st_rae": 0.9102722481045197, "validation_CYP2C9_st_rae": 1.0800091323148537, "validation_CYP2D6_st_rae": 1.0156587791645362, "validation_CYP3A4_st_rae": 0.7971350907155137, "mean_raw_gradient_norm": 30030.834070453642, "fraction_gradients_clipped": 1.0}
{"epoch": 3, "train_rmse": 24.62503711408017, "validation_rmse": 0.9305999875068665, "validation_ma_st_rae": 0.9584155073436467, "validation_CYP1A2_st_rae": 0.9254241593784599, "validation_CYP2C9_st_rae": 1.0968086110083008, "validation_CYP2D6_st_rae": 0.9675693913258323, "validation_CYP3A4_st_rae": 0.8438598676619936, "mean_raw_gradient_norm": 25070.236560907364, "fraction_gradients_clipped": 1.0}
{"epoch": 4, "train_rmse": 8.40948832940725, "validation_rmse": 0.924423098564148, "validation_ma_st_rae": 0.9585849888511588, "validation_CYP1A2_st_rae": 0.9242163423008665, "validation_CYP2C9_st_rae": 1.1545755227159653, "validation_CYP2D6_st_rae": 0.9434841559382727, "validation_CYP3A4_st_rae": 0.8120639344495308, "mean_raw_gradient_norm": 6642.41763393879, "fraction_gradients_clipped": 1.0}
{"epoch": 5, "train_rmse": 1.4304247740571554, "validation_rmse": 0.9224600195884705, "validation_ma_st_rae": 0.9458202389346376, "validation_CYP1A2_st_rae": 0.9202587367131597, "validation_CYP2C9_st_rae": 1.0677396869508362, "validation_CYP2D6_st_rae": 0.9896895708220903, "validation_CYP3A4_st_rae": 0.805592961252464, "mean_raw_gradient_norm": 155.00534872055053, "fraction_gradients_clipped": 1.0}
{"epoch": 6, "train_rmse": 5.30834553795705, "validation_rmse": 0.9136917591094971, "validation_ma_st_rae": 0.9456341685892042, "validation_CYP1A2_st_rae": 0.9077630018334786, "validation_CYP2C9_st_rae": 1.0754951899441447, "validation_CYP2D6_st_rae": 1.0049255966970119, "validation_CYP3A4_st_rae": 0.7943528858821818, "mean_raw_gradient_norm": 4203.092835428714, "fraction_gradients_clipped": 1.0}
{"epoch": 7, "train_rmse": 15.301892280239274, "validation_rmse": 0.9159312844276428, "validation_ma_st_rae": 0.9357471834119441, "validation_CYP1A2_st_rae": 0.9015475453158728, "validation_CYP2C9_st_rae": 1.0913872334994064, "validation_CYP2D6_st_rae": 0.9549612414836458, "validation_CYP3A4_st_rae": 0.7950927133488513, "mean_raw_gradient_norm": 11135.366419715881, "fraction_gradients_clipped": 1.0}
{"epoch": 8, "train_rmse": 1.8163364868016663, "validation_rmse": 0.9111289381980896, "validation_ma_st_rae": 0.9380525236094059, "validation_CYP1A2_st_rae": 0.9008351925445871, "validation_CYP2C9_st_rae": 1.1061423812046565, "validation_CYP2D6_st_rae": 0.9586013226894562, "validation_CYP3A4_st_rae": 0.786631197998924, "mean_raw_gradient_norm": 113.83045022964478, "fraction_gradients_clipped": 1.0}
{
  "seed": 1701,
  "selection_metric": "validation_ma_st_rae",
  "best_validation_ma_st_rae": 0.9357471834119441,
  "best_validation_rmse": 0.9159312844276428,
  "restored_fit_rmse": 0.8793792128562927,
  "restored_validation_rmse": 0.9159307479858398,
  "restored_fit_ma_st_rae": 0.8881975153566236,
  "restored_validation_ma_st_rae": 0.9391042523755151,
  "restored_validation_point_ma_st_rae": 0.9357463696293098,
  "restored_validation_point_st_rae_by_cyp": {
    "CYP1A2": 0.9015623518629159,
    "CYP2C9": 1.0913644950317118,
    "CYP2D6": 0.9549650688340435,
    "CYP3A4": 0.7950935627885677
  },
  "restored_fit_st_rae_by_cyp": {
    "CYP1A2": 0.912852926152557,
    "CYP2C9": 0.8454658992493842,
    "CYP2D6": 0.9884221997252876,
    "CYP3A4": 0.8060490362992658
  },
  "restored_validation_st_rae_by_cyp": {
    "CYP1A2": 0.9048741660516815,
    "CYP2C9": 1.1003466118515985,
    "CYP2D6": 0.9560785129377286,
    "CYP3A4": 0.7951177186610516
  },
  "validation_bootstrap_metrics": {
    "n_bootstrap_samples": 1000,
    "seed": 0,
    "macro": {
      "st_rae": {
        "mean": 0.9391042523755151,
        "ci_low": 0.879402289417952,
        "ci_high": 1.00031912082065
      },
      "mae": {
        "mean": 0.6781618486863923,
        "ci_low": 0.6411421525237951,
        "ci_high": 0.712206667605435
      },
      "r2": {
        "mean": 0.09344285707663816,
        "ci_low": 0.02294759404320509,
        "ci_high": 0.14893462539824376
      },
      "spearman_rho": {
        "mean": 0.3724526795543696,
        "ci_low": 0.31459872709547504,
        "ci_high": 0.4262323596829654
      },
      "kendall_tau": {
        "mean": 0.25656815001291294,
        "ci_low": 0.21649054439140078,
        "ci_high": 0.29425755526061653
      }
    },
    "per_endpoint": {
      "CYP1A2": {
        "st_rae": {
          "mean": 0.9048741660516815,
          "ci_low": 0.813743547092866,
          "ci_high": 1.0177156188162257
        },
        "mae": {
          "mean": 0.7350400372621748,
          "ci_low": 0.6551695421801673,
          "ci_high": 0.8126269632710351
        },
        "r2": {
          "mean": 0.1271669563486213,
          "ci_low": 0.0461959574819231,
          "ci_high": 0.2045060322489812
        },
        "spearman_rho": {
          "mean": 0.3597219080132302,
          "ci_low": 0.24485439417575577,
          "ci_high": 0.47273013916325507
        },
        "kendall_tau": {
          "mean": 0.24304996116959138,
          "ci_low": 0.16422373540356142,
          "ci_high": 0.32371342253163904
        }
      },
      "CYP2C9": {
        "st_rae": {
          "mean": 1.1003466118515985,
          "ci_low": 0.937149716145857,
          "ci_high": 1.310796549197882
        },
        "mae": {
          "mean": 0.5536679032567947,
          "ci_low": 0.4959320358183018,
          "ci_high": 0.615050302169941
        },
        "r2": {
          "mean": -0.04130479392485388,
          "ci_low": -0.32984535174970725,
          "ci_high": 0.1454297760600862
        },
        "spearman_rho": {
          "mean": 0.2781181764611811,
          "ci_low": 0.14232807001101205,
          "ci_high": 0.4075130426694912
        },
        "kendall_tau": {
          "mean": 0.19296246365599046,
          "ci_low": 0.09952879543145,
          "ci_high": 0.28605899599711004
        }
      },
      "CYP2D6": {
        "st_rae": {
          "mean": 0.9560785129377286,
          "ci_low": 0.8697432813454256,
          "ci_high": 1.055277729180298
        },
        "mae": {
          "mean": 0.6326897163350703,
          "ci_low": 0.5586174283239801,
          "ci_high": 0.7144241015789873
        },
        "r2": {
          "mean": 0.05555647519078313,
          "ci_low": -0.031496046279956204,
          "ci_high": 0.13992334190797118
        },
        "spearman_rho": {
          "mean": 0.3423699651697001,
          "ci_low": 0.22750987720585733,
          "ci_high": 0.4530867244548355
        },
        "kendall_tau": {
          "mean": 0.2345716759679557,
          "ci_low": 0.1547229852148198,
          "ci_high": 0.31298675795052644
        }
      },
      "CYP3A4": {
        "st_rae": {
          "mean": 0.7951177186610516,
          "ci_low": 0.7261125870437218,
          "ci_high": 0.8670082978855028
        },
        "mae": {
          "mean": 0.7912497378915295,
          "ci_low": 0.7327472718342843,
          "ci_high": 0.8514580243201161
        },
        "r2": {
          "mean": 0.2323527906920021,
          "ci_low": 0.1652395074169695,
          "ci_high": 0.3000295783951738
        },
        "spearman_rho": {
          "mean": 0.5096006685733672,
          "ci_low": 0.4292826757526904,
          "ci_high": 0.5939147119921044
        },
        "kendall_tau": {
          "mean": 0.35568849925811424,
          "ci_low": 0.29667798204570084,
          "ci_high": 0.4194004297992283
        }
      }
    }
  },
  "epochs_run": 8,
  "fit_observations": 4213,
  "validation_observations": 1003,
  "rule": "kuramoto_sakaguchi",
  "generations": 64,
  "hidden_channels": 8,
  "atom_feature_profile": "baseline",
  "atom_feature_count": 25,
  "atom_feature_names": [
    "element_H",
    "element_C",
    "element_N",
    "element_O",
    "element_F",
    "element_P",
    "element_S",
    "element_Cl",
    "element_Br",
    "element_I",
    "element_other",
    "formal_charge",
    "aromatic",
    "hybrid_sp",
    "hybrid_sp2",
    "hybrid_sp3",
    "hybrid_other",
    "degree",
    "total_hydrogens",
    "in_ring",
    "hbond_donor",
    "hbond_acceptor",
    "chiral_cw",
    "chiral_ccw",
    "chiral_other"
  ],
  "device": "cuda",
  "gpu": "NVIDIA GeForce RTX 5070 Ti",
  "training_seconds": 90.33822289993986,
  "peak_gpu_memory_bytes": 134940160,
  "runtime": {
    "operating_system": "Windows-10-10.0.26200-SP0",
    "machine": "AMD64",
    "python": "3.11.16",
    "python_executable": "C:\\Users\\Anthony\\anaconda3\\envs\\strange-matter-gpu\\python.exe",
    "pytorch": "2.11.0+cu128",
    "pytorch_cuda": "12.8",
    "device": "cuda",
    "gpu": "NVIDIA GeForce RTX 5070 Ti"
  },
  "validation_protocol": {
    "kind": "scaffold_cross_validation",
    "fold": 3,
    "folds": 5
  },
  "readout": "differentiable_closed_form_ridge",
  "prediction_mode": "direct",
  "residual_alpha": null,
  "trajectory_pooling": "legacy",
  "ridge_mode": "shared",
  "loss_mode": "mse",
  "interval_loss_beta": 0.0,
  "interval_temperature": 0.05,
  "hyperparameters": {
    "ca_lr": 0.001,
    "ridge": 0.1,
    "ca_l2": 1e-05,
    "gradient_clip": 1.0,
    "update_scale": 0.25,
    "init_scale": 1.0,
    "initial_noise": 0.0,
    "support_fraction": 0.75,
    "bond_temperature": 1.0,
    "dyn_a": 0.5,
    "dyn_b": 0.5,
    "dyn_c": 0.5,
    "dyn_d": 0.2,
    "lr_schedule": "cosine_0.1x"
  }
}
