{"device": "cuda", "gpu": "NVIDIA GeForce RTX 5070 Ti", "pytorch": "2.11.0+cu128", "pytorch_cuda": "12.8"}
{"epoch": 1, "train_rmse": 1.3821366659887269, "validation_rmse": 1.0473532676696777, "mean_raw_gradient_norm": 74.58643207550048, "fraction_gradients_clipped": 1.0}
{"epoch": 2, "train_rmse": 1.5034833993568042, "validation_rmse": 1.0449304580688477, "mean_raw_gradient_norm": 98.52367477416992, "fraction_gradients_clipped": 1.0}
{"epoch": 3, "train_rmse": 1.6011926493338082, "validation_rmse": 1.041959524154663, "mean_raw_gradient_norm": 124.21734313964843, "fraction_gradients_clipped": 1.0}
{
  "seed": 1701,
  "best_validation_rmse": 1.041959524154663,
  "restored_fit_rmse": 0.8596199154853821,
  "restored_validation_rmse": 1.0419764518737793,
  "epochs_run": 3,
  "fit_observations": 791,
  "validation_observations": 273,
  "rule": "damped_symplectic",
  "generations": 125,
  "hidden_channels": 16,
  "device": "cuda",
  "gpu": "NVIDIA GeForce RTX 5070 Ti",
  "training_seconds": 11.94126310001593,
  "peak_gpu_memory_bytes": 306537984,
  "readout": "differentiable_closed_form_ridge",
  "hyperparameters": {
    "ca_lr": 0.0003,
    "ridge": 0.1,
    "ca_l2": 0.0001,
    "gradient_clip": 0.5,
    "update_scale": 0.4,
    "init_scale": 1.5,
    "initial_noise": 0.0,
    "support_fraction": 0.85,
    "bond_temperature": 1.0,
    "dyn_a": 0.5,
    "dyn_b": 0.2,
    "dyn_c": 0.8,
    "dyn_d": 0.15,
    "lr_schedule": "cosine_0.1x"
  }
}
