{"operating_system": "Windows-10-10.0.26200-SP0", "machine": "AMD64", "python": "3.11.16", "python_executable": "C:\\Users\\Anthony\\anaconda3\\envs\\strange-matter-gpu\\python.exe", "pytorch": "2.11.0+cu128", "pytorch_cuda": "12.8", "device": "cuda", "gpu": "NVIDIA GeForce RTX 5070 Ti"}
{"epoch": 1, "train_rmse": 1.214129316375019, "validation_rmse": 0.8945304155349731, "validation_ma_st_rae": 0.8972535471987579, "validation_CYP1A2_st_rae": 0.9357836883414228, "validation_CYP2C9_st_rae": 0.8950886310292078, "validation_CYP2D6_st_rae": 0.9584950949764334, "validation_CYP3A4_st_rae": 0.7996467744479676, "mean_raw_gradient_norm": 153.9509562253952, "fraction_gradients_clipped": 1.0}
{"epoch": 2, "train_rmse": 5.690017050979805, "validation_rmse": 0.9037348628044128, "validation_ma_st_rae": 0.8874533126155947, "validation_CYP1A2_st_rae": 0.888837712507113, "validation_CYP2C9_st_rae": 0.8613498319060948, "validation_CYP2D6_st_rae": 0.9711465341907839, "validation_CYP3A4_st_rae": 0.8284791718583873, "mean_raw_gradient_norm": 7418.042937785387, "fraction_gradients_clipped": 1.0}
{"epoch": 3, "train_rmse": 1.177535869196578, "validation_rmse": 0.897128164768219, "validation_ma_st_rae": 0.8954440964058518, "validation_CYP1A2_st_rae": 0.9109464134507943, "validation_CYP2C9_st_rae": 0.9429233328044866, "validation_CYP2D6_st_rae": 0.9228612179345382, "validation_CYP3A4_st_rae": 0.8050454214335877, "mean_raw_gradient_norm": 256.6616285443306, "fraction_gradients_clipped": 1.0}
{"epoch": 4, "train_rmse": 1.1512047527713298, "validation_rmse": 0.8972606658935547, "validation_ma_st_rae": 0.8847810842901407, "validation_CYP1A2_st_rae": 0.8665835990835276, "validation_CYP2C9_st_rae": 0.9152973133659308, "validation_CYP2D6_st_rae": 0.9279160827356198, "validation_CYP3A4_st_rae": 0.8293273419754843, "mean_raw_gradient_norm": 191.9591567516327, "fraction_gradients_clipped": 1.0}
{"epoch": 5, "train_rmse": 1.2138319781854148, "validation_rmse": 0.8989482522010803, "validation_ma_st_rae": 0.8914477080232066, "validation_CYP1A2_st_rae": 0.8672576161562405, "validation_CYP2C9_st_rae": 0.9391561454403481, "validation_CYP2D6_st_rae": 0.938303497031447, "validation_CYP3A4_st_rae": 0.8210735734647908, "mean_raw_gradient_norm": 77.87096562981606, "fraction_gradients_clipped": 1.0}
{
  "seed": 1701,
  "selection_metric": "validation_ma_st_rae",
  "best_validation_ma_st_rae": 0.8874533126155947,
  "best_validation_rmse": 0.9037348628044128,
  "restored_fit_rmse": 0.9034005403518677,
  "restored_validation_rmse": 0.903728723526001,
  "restored_fit_ma_st_rae": 0.9048173613602191,
  "restored_validation_ma_st_rae": 0.8926750645987976,
  "restored_validation_point_ma_st_rae": 0.8874582122662327,
  "restored_validation_point_st_rae_by_cyp": {
    "CYP1A2": 0.8887993812125603,
    "CYP2C9": 0.8613329172990095,
    "CYP2D6": 0.9711755498826263,
    "CYP3A4": 0.8285250006707346
  },
  "restored_fit_st_rae_by_cyp": {
    "CYP1A2": 0.9051789454217235,
    "CYP2C9": 0.8849209818597972,
    "CYP2D6": 0.9991010922698806,
    "CYP3A4": 0.830068425889475
  },
  "restored_validation_st_rae_by_cyp": {
    "CYP1A2": 0.8900847033582159,
    "CYP2C9": 0.873215605500686,
    "CYP2D6": 0.9753164568118261,
    "CYP3A4": 0.8320834927244627
  },
  "validation_bootstrap_metrics": {
    "n_bootstrap_samples": 1000,
    "seed": 0,
    "macro": {
      "st_rae": {
        "mean": 0.8926750645987976,
        "ci_low": 0.8430475994086265,
        "ci_high": 0.9456070529386541
      },
      "mae": {
        "mean": 0.6631679916650167,
        "ci_low": 0.6200588903522902,
        "ci_high": 0.7089964968823468
      },
      "r2": {
        "mean": 0.1397866705817051,
        "ci_low": 0.08641320953231528,
        "ci_high": 0.1904044800471942
      },
      "spearman_rho": {
        "mean": 0.35388912849424753,
        "ci_low": 0.2887348063353225,
        "ci_high": 0.4200775727893842
      },
      "kendall_tau": {
        "mean": 0.24291913463031323,
        "ci_low": 0.19514739246072657,
        "ci_high": 0.28991464581191095
      }
    },
    "per_endpoint": {
      "CYP1A2": {
        "st_rae": {
          "mean": 0.8900847033582159,
          "ci_low": 0.7869341111974503,
          "ci_high": 1.0034235113867678
        },
        "mae": {
          "mean": 0.7531638523151603,
          "ci_low": 0.6487988501975809,
          "ci_high": 0.8659065678527084
        },
        "r2": {
          "mean": 0.1063230085536977,
          "ci_low": -0.015288981809347634,
          "ci_high": 0.19720400095460427
        },
        "spearman_rho": {
          "mean": 0.36839516235566283,
          "ci_low": 0.22278134234019137,
          "ci_high": 0.49978704177447053
        },
        "kendall_tau": {
          "mean": 0.2516482259489203,
          "ci_low": 0.14797678209900614,
          "ci_high": 0.3488449777343322
        }
      },
      "CYP2C9": {
        "st_rae": {
          "mean": 0.873215605500686,
          "ci_low": 0.7328196879262667,
          "ci_high": 1.0249554211327814
        },
        "mae": {
          "mean": 0.5080205327116075,
          "ci_low": 0.4416851481453317,
          "ci_high": 0.5712513337369824
        },
        "r2": {
          "mean": 0.2214849765187035,
          "ci_low": 0.06955704285707329,
          "ci_high": 0.3542983348782044
        },
        "spearman_rho": {
          "mean": 0.36399384089334647,
          "ci_low": 0.20307270549424214,
          "ci_high": 0.5049159908300247
        },
        "kendall_tau": {
          "mean": 0.25113919046367406,
          "ci_low": 0.13586510818349368,
          "ci_high": 0.35613378449243904
        }
      },
      "CYP2D6": {
        "st_rae": {
          "mean": 0.9753164568118261,
          "ci_low": 0.8983177726725452,
          "ci_high": 1.0563766214650807
        },
        "mae": {
          "mean": 0.6387143814699023,
          "ci_low": 0.5304778971147875,
          "ci_high": 0.7449504843417634
        },
        "r2": {
          "mean": 0.019093039131377183,
          "ci_low": -0.06543738272207168,
          "ci_high": 0.10085148558287574
        },
        "spearman_rho": {
          "mean": 0.20041051416669434,
          "ci_low": 0.038859855718353355,
          "ci_high": 0.3599154908973812
        },
        "kendall_tau": {
          "mean": 0.13457303349350827,
          "ci_low": 0.02033568887383432,
          "ci_high": 0.2526254121510167
        }
      },
      "CYP3A4": {
        "st_rae": {
          "mean": 0.8320834927244627,
          "ci_low": 0.7391254853709395,
          "ci_high": 0.9308690320761881
        },
        "mae": {
          "mean": 0.7527732001633968,
          "ci_low": 0.6828738260193395,
          "ci_high": 0.8201620227830895
        },
        "r2": {
          "mean": 0.212245658123042,
          "ci_low": 0.11960466546014085,
          "ci_high": 0.29675878742064116
        },
        "spearman_rho": {
          "mean": 0.48275699656128646,
          "ci_low": 0.37762996350751826,
          "ci_high": 0.5839062754629073
        },
        "kendall_tau": {
          "mean": 0.33431608861515033,
          "ci_low": 0.2568136605553271,
          "ci_high": 0.4092042843748408
        }
      }
    }
  },
  "epochs_run": 5,
  "fit_observations": 2636,
  "validation_observations": 657,
  "rule": "fitzhugh_nagumo",
  "generations": 500,
  "hidden_channels": 8,
  "atom_feature_profile": "valence_electronic",
  "atom_feature_count": 38,
  "atom_feature_names": [
    "element_H",
    "element_C",
    "element_N",
    "element_O",
    "element_F",
    "element_P",
    "element_S",
    "element_Cl",
    "element_Br",
    "element_I",
    "element_other",
    "formal_charge",
    "aromatic",
    "hybrid_sp",
    "hybrid_sp2",
    "hybrid_sp3",
    "hybrid_other",
    "degree",
    "total_hydrogens",
    "in_ring",
    "hbond_donor",
    "hbond_acceptor",
    "chiral_cw",
    "chiral_ccw",
    "chiral_other",
    "total_valence",
    "implicit_valence",
    "heavy_atom_degree",
    "radical_electrons",
    "absolute_formal_charge",
    "electronegativity",
    "polarizability",
    "heteroatom",
    "halogen",
    "conjugated_bond_fraction",
    "first_ionization_energy",
    "electron_affinity",
    "electronic_property_missing"
  ],
  "device": "cuda",
  "gpu": "NVIDIA GeForce RTX 5070 Ti",
  "training_seconds": 267.86503530002665,
  "peak_gpu_memory_bytes": 596186624,
  "runtime": {
    "operating_system": "Windows-10-10.0.26200-SP0",
    "machine": "AMD64",
    "python": "3.11.16",
    "python_executable": "C:\\Users\\Anthony\\anaconda3\\envs\\strange-matter-gpu\\python.exe",
    "pytorch": "2.11.0+cu128",
    "pytorch_cuda": "12.8",
    "device": "cuda",
    "gpu": "NVIDIA GeForce RTX 5070 Ti"
  },
  "validation_protocol": {
    "kind": "scaffold_cross_validation",
    "fold": 2,
    "folds": 5
  },
  "readout": "differentiable_closed_form_ridge",
  "hyperparameters": {
    "ca_lr": 0.001,
    "ridge": 0.1,
    "ca_l2": 1e-05,
    "gradient_clip": 2.0,
    "update_scale": 0.4,
    "init_scale": 0.5,
    "initial_noise": 0.0,
    "support_fraction": 0.85,
    "bond_temperature": 2.0,
    "dyn_a": 0.2,
    "dyn_b": 0.5,
    "dyn_c": 0.8,
    "dyn_d": 0.3,
    "lr_schedule": "cosine_0.1x"
  }
}
