{"device": "cuda", "gpu": "NVIDIA GeForce RTX 5070 Ti", "pytorch": "2.11.0+cu128", "pytorch_cuda": "12.8"}
{"epoch": 1, "train_rmse": 1.0736248971408808, "validation_rmse": 1.0030206441879272, "mean_raw_gradient_norm": 8.810867881774902, "fraction_gradients_clipped": 1.0}
{"epoch": 2, "train_rmse": 1.1263609559065526, "validation_rmse": 1.0024000406265259, "mean_raw_gradient_norm": 8.029885292053223, "fraction_gradients_clipped": 1.0}
{"epoch": 3, "train_rmse": 1.1343053664817466, "validation_rmse": 1.0025668144226074, "mean_raw_gradient_norm": 6.441948890686035, "fraction_gradients_clipped": 1.0}
{
  "seed": 1701,
  "best_validation_rmse": 1.0030206441879272,
  "restored_fit_rmse": 0.9111461043357849,
  "restored_validation_rmse": 1.0030134916305542,
  "epochs_run": 3,
  "fit_observations": 791,
  "validation_observations": 273,
  "rule": "damped_symplectic",
  "generations": 250,
  "hidden_channels": 8,
  "device": "cuda",
  "gpu": "NVIDIA GeForce RTX 5070 Ti",
  "training_seconds": 15.86626610008534,
  "peak_gpu_memory_bytes": 574652416,
  "readout": "differentiable_closed_form_ridge",
  "hyperparameters": {
    "ca_lr": 0.0003,
    "ridge": 0.1,
    "ca_l2": 1e-06,
    "gradient_clip": 2.0,
    "update_scale": 0.08,
    "init_scale": 1.0,
    "initial_noise": 0.0,
    "support_fraction": 0.75,
    "bond_temperature": 2.0,
    "dyn_a": 0.8,
    "dyn_b": 0.8,
    "dyn_c": 0.8,
    "dyn_d": 0.3,
    "lr_schedule": "cosine_0.1x"
  }
}
