{"operating_system": "Windows-10-10.0.26200-SP0", "machine": "AMD64", "python": "3.11.16", "python_executable": "C:\\Users\\Anthony\\anaconda3\\envs\\strange-matter-gpu\\python.exe", "pytorch": "2.11.0+cu128", "pytorch_cuda": "12.8", "device": "cuda", "gpu": "NVIDIA GeForce RTX 5070 Ti"}
{"epoch": 1, "train_rmse": 1.1172118759665406, "validation_rmse": 0.8837946653366089, "validation_ma_st_rae": 0.8767100173304915, "validation_CYP1A2_st_rae": 0.8787785969307906, "validation_CYP2C9_st_rae": 0.8755929783022326, "validation_CYP2D6_st_rae": 1.054762838930815, "validation_CYP3A4_st_rae": 0.6977056551581272, "mean_raw_gradient_norm": 9.713830800056458, "fraction_gradients_clipped": 1.0}
{"epoch": 2, "train_rmse": 1.1105336825018375, "validation_rmse": 0.8753083348274231, "validation_ma_st_rae": 0.8743042186086285, "validation_CYP1A2_st_rae": 0.8692289377626098, "validation_CYP2C9_st_rae": 0.9454368893954356, "validation_CYP2D6_st_rae": 0.9753257992088571, "validation_CYP3A4_st_rae": 0.7072252480676117, "mean_raw_gradient_norm": 6.499304060935974, "fraction_gradients_clipped": 1.0}
{"epoch": 3, "train_rmse": 1.0762724311212362, "validation_rmse": 0.8780739903450012, "validation_ma_st_rae": 0.889160309851758, "validation_CYP1A2_st_rae": 0.8751221845455739, "validation_CYP2C9_st_rae": 0.9536988919397457, "validation_CYP2D6_st_rae": 1.0288122918274358, "validation_CYP3A4_st_rae": 0.6990078710942769, "mean_raw_gradient_norm": 5.444402923583985, "fraction_gradients_clipped": 1.0}
{"epoch": 4, "train_rmse": 1.0507843585035077, "validation_rmse": 0.8722991943359375, "validation_ma_st_rae": 0.8930298936386837, "validation_CYP1A2_st_rae": 0.8582163509560082, "validation_CYP2C9_st_rae": 1.0144921407613847, "validation_CYP2D6_st_rae": 0.9978186861879373, "validation_CYP3A4_st_rae": 0.7015923966494046, "mean_raw_gradient_norm": 4.0704707074165345, "fraction_gradients_clipped": 1.0}
{
  "seed": 4211,
  "selection_metric": "validation_ma_st_rae",
  "best_validation_ma_st_rae": 0.8767100173304915,
  "best_validation_rmse": 0.8837946653366089,
  "restored_fit_rmse": 0.8324447274208069,
  "restored_validation_rmse": 0.8837903141975403,
  "restored_fit_ma_st_rae": 0.8361559803445766,
  "restored_validation_ma_st_rae": 0.8810097054483479,
  "restored_validation_point_ma_st_rae": 0.8767067382812763,
  "restored_validation_point_st_rae_by_cyp": {
    "CYP1A2": 0.8787766353885105,
    "CYP2C9": 0.8755715870220913,
    "CYP2D6": 1.0547774457507537,
    "CYP3A4": 0.6977012849637497
  },
  "restored_fit_st_rae_by_cyp": {
    "CYP1A2": 0.8600542516961703,
    "CYP2C9": 0.7562384857876394,
    "CYP2D6": 1.012009527041555,
    "CYP3A4": 0.7163216568529417
  },
  "restored_validation_st_rae_by_cyp": {
    "CYP1A2": 0.882217851269706,
    "CYP2C9": 0.8839626130915724,
    "CYP2D6": 1.0591375798531693,
    "CYP3A4": 0.6987207775789442
  },
  "validation_bootstrap_metrics": {
    "n_bootstrap_samples": 1000,
    "seed": 0,
    "macro": {
      "st_rae": {
        "mean": 0.8810097054483479,
        "ci_low": 0.8223655512466734,
        "ci_high": 0.9473678269403492
      },
      "mae": {
        "mean": 0.6460762811884634,
        "ci_low": 0.6143966777803058,
        "ci_high": 0.6829337817926487
      },
      "r2": {
        "mean": 0.16375430697689214,
        "ci_low": 0.0984567417603873,
        "ci_high": 0.22120599363833593
      },
      "spearman_rho": {
        "mean": 0.45272870807305243,
        "ci_low": 0.3972880978968345,
        "ci_high": 0.5063315197707748
      },
      "kendall_tau": {
        "mean": 0.31811950489609375,
        "ci_low": 0.2789961976868327,
        "ci_high": 0.3565527691625597
      }
    },
    "per_endpoint": {
      "CYP1A2": {
        "st_rae": {
          "mean": 0.882217851269706,
          "ci_low": 0.7803711138182057,
          "ci_high": 1.0011195817745886
        },
        "mae": {
          "mean": 0.7209292646810743,
          "ci_low": 0.6448420117166307,
          "ci_high": 0.804609250969357
        },
        "r2": {
          "mean": 0.1701955583672849,
          "ci_low": 0.09136636621460283,
          "ci_high": 0.24553767840491256
        },
        "spearman_rho": {
          "mean": 0.45418890441392223,
          "ci_low": 0.34893808896307665,
          "ci_high": 0.5503665310929221
        },
        "kendall_tau": {
          "mean": 0.31426004638829275,
          "ci_low": 0.2367245766151677,
          "ci_high": 0.38890510956730306
        }
      },
      "CYP2C9": {
        "st_rae": {
          "mean": 0.8839626130915724,
          "ci_low": 0.7396925111315591,
          "ci_high": 1.0569425943158204
        },
        "mae": {
          "mean": 0.47645332317629824,
          "ci_low": 0.4244740717625492,
          "ci_high": 0.5310188765563663
        },
        "r2": {
          "mean": 0.19219880149578372,
          "ci_low": 0.002213095344879122,
          "ci_high": 0.3516656071438521
        },
        "spearman_rho": {
          "mean": 0.48751742978569973,
          "ci_low": 0.3673019006826553,
          "ci_high": 0.5998320068234497
        },
        "kendall_tau": {
          "mean": 0.346465943561762,
          "ci_low": 0.2566454453870335,
          "ci_high": 0.43428607339041714
        }
      },
      "CYP2D6": {
        "st_rae": {
          "mean": 1.0591375798531693,
          "ci_low": 0.9504134097991555,
          "ci_high": 1.1909143879100514
        },
        "mae": {
          "mean": 0.673482576523797,
          "ci_low": 0.5918048909912675,
          "ci_high": 0.7629737719640893
        },
        "r2": {
          "mean": -0.04333485208076775,
          "ci_low": -0.16653732576188013,
          "ci_high": 0.061604218550571035
        },
        "spearman_rho": {
          "mean": 0.23445187257872152,
          "ci_low": 0.10214135188469094,
          "ci_high": 0.35433676785665086
        },
        "kendall_tau": {
          "mean": 0.1588311287059162,
          "ci_low": 0.07268326487058938,
          "ci_high": 0.24073586664392402
        }
      },
      "CYP3A4": {
        "st_rae": {
          "mean": 0.6987207775789442,
          "ci_low": 0.6207923995645747,
          "ci_high": 0.784162101367374
        },
        "mae": {
          "mean": 0.7134399603726845,
          "ci_low": 0.6567634340217363,
          "ci_high": 0.7755011099424983
        },
        "r2": {
          "mean": 0.33595772012526764,
          "ci_low": 0.22981571050959404,
          "ci_high": 0.42578408426554204
        },
        "spearman_rho": {
          "mean": 0.634756625513866,
          "ci_low": 0.5592695173922555,
          "ci_high": 0.6956404297592272
        },
        "kendall_tau": {
          "mean": 0.4529209009284041,
          "ci_low": 0.3943068757780192,
          "ci_high": 0.5033206545388861
        }
      }
    }
  },
  "epochs_run": 4,
  "fit_observations": 4213,
  "validation_observations": 1003,
  "rule": "delayed_memory",
  "generations": 16,
  "hidden_channels": 16,
  "atom_feature_profile": "local_environment",
  "atom_feature_count": 29,
  "atom_feature_names": [
    "element_H",
    "element_C",
    "element_N",
    "element_O",
    "element_F",
    "element_P",
    "element_S",
    "element_Cl",
    "element_Br",
    "element_I",
    "element_other",
    "formal_charge",
    "aromatic",
    "hybrid_sp",
    "hybrid_sp2",
    "hybrid_sp3",
    "hybrid_other",
    "degree",
    "total_hydrogens",
    "in_ring",
    "hbond_donor",
    "hbond_acceptor",
    "chiral_cw",
    "chiral_ccw",
    "chiral_other",
    "mean_neighbour_electronegativity",
    "electronegativity_difference",
    "mean_neighbour_atomic_number",
    "neighbour_formal_charge"
  ],
  "device": "cuda",
  "gpu": "NVIDIA GeForce RTX 5070 Ti",
  "training_seconds": 20.47415370005183,
  "peak_gpu_memory_bytes": 58408960,
  "runtime": {
    "operating_system": "Windows-10-10.0.26200-SP0",
    "machine": "AMD64",
    "python": "3.11.16",
    "python_executable": "C:\\Users\\Anthony\\anaconda3\\envs\\strange-matter-gpu\\python.exe",
    "pytorch": "2.11.0+cu128",
    "pytorch_cuda": "12.8",
    "device": "cuda",
    "gpu": "NVIDIA GeForce RTX 5070 Ti"
  },
  "validation_protocol": {
    "kind": "scaffold_cross_validation",
    "fold": 3,
    "folds": 5
  },
  "readout": "differentiable_closed_form_ridge",
  "prediction_mode": "direct",
  "residual_alpha": null,
  "trajectory_pooling": "legacy",
  "ridge_mode": "shared",
  "loss_mode": "hybrid_interval",
  "interval_loss_beta": 0.25,
  "interval_temperature": 0.1,
  "hyperparameters": {
    "ca_lr": 0.003,
    "ridge": 1.0,
    "ca_l2": 1e-06,
    "gradient_clip": 1.0,
    "update_scale": 0.25,
    "init_scale": 1.5,
    "initial_noise": 0.0,
    "support_fraction": 0.6,
    "bond_temperature": 1.0,
    "dyn_a": 0.5,
    "dyn_b": 0.2,
    "dyn_c": 0.2,
    "dyn_d": 0.15,
    "lr_schedule": "cosine_0.1x"
  }
}
