{"operating_system": "macOS-26.2-arm64-arm-64bit", "machine": "arm64", "python": "3.10.19", "python_executable": "/opt/anaconda3/envs/kcc2/bin/python3.10", "pytorch": "2.8.0", "pytorch_cuda": null, "device": "cpu", "gpu": null}
{"epoch": 1, "train_rmse": 1.1395025888191657, "validation_rmse": 1.037753701210022, "mean_raw_gradient_norm": 22.308073973655702, "fraction_gradients_clipped": 1.0}
{"epoch": 2, "train_rmse": 1.2597202215958065, "validation_rmse": 1.0262614488601685, "mean_raw_gradient_norm": 32.674720430374144, "fraction_gradients_clipped": 1.0}
{"epoch": 3, "train_rmse": 1.1110901299222264, "validation_rmse": 1.0289782285690308, "mean_raw_gradient_norm": 19.84497697353363, "fraction_gradients_clipped": 1.0}
{
  "seed": 1701,
  "best_validation_rmse": 1.0262614488601685,
  "restored_fit_rmse": 0.9284023642539978,
  "restored_validation_rmse": 1.0262614488601685,
  "epochs_run": 3,
  "fit_observations": 791,
  "validation_observations": 273,
  "rule": "delayed_memory",
  "generations": 250,
  "hidden_channels": 4,
  "device": "cpu",
  "gpu": null,
  "training_seconds": 18.311464167083614,
  "peak_gpu_memory_bytes": 0,
  "runtime": {
    "operating_system": "macOS-26.2-arm64-arm-64bit",
    "machine": "arm64",
    "python": "3.10.19",
    "python_executable": "/opt/anaconda3/envs/kcc2/bin/python3.10",
    "pytorch": "2.8.0",
    "pytorch_cuda": null,
    "device": "cpu",
    "gpu": null
  },
  "readout": "differentiable_closed_form_ridge",
  "hyperparameters": {
    "ca_lr": 0.003,
    "ridge": 0.1,
    "ca_l2": 1e-06,
    "gradient_clip": 2.0,
    "update_scale": 0.08,
    "init_scale": 1.0,
    "initial_noise": 0.0,
    "support_fraction": 0.75,
    "bond_temperature": 0.5,
    "dyn_a": 0.8,
    "dyn_b": 0.5,
    "dyn_c": 0.2,
    "dyn_d": 0.05,
    "lr_schedule": "cosine_0.1x"
  }
}
