{"device": "cuda", "gpu": "NVIDIA GeForce RTX 5070 Ti", "pytorch": "2.11.0+cu128", "pytorch_cuda": "12.8"}
{"epoch": 1, "train_rmse": 2.0435820781163607, "validation_rmse": 0.9191572666168213, "mean_raw_gradient_norm": 109.34294712543488, "fraction_gradients_clipped": 1.0}
{"epoch": 2, "train_rmse": 2.0757960622985165, "validation_rmse": 0.9297229647636414, "mean_raw_gradient_norm": 82.04850435256958, "fraction_gradients_clipped": 1.0}
{"epoch": 3, "train_rmse": 1.8848253985996264, "validation_rmse": 0.9389234781265259, "mean_raw_gradient_norm": 85.94220662117004, "fraction_gradients_clipped": 1.0}
{"epoch": 4, "train_rmse": 1.7449402395683402, "validation_rmse": 0.9284900426864624, "mean_raw_gradient_norm": 55.52069592475891, "fraction_gradients_clipped": 1.0}
{
  "seed": 1701,
  "best_validation_rmse": 0.9191572666168213,
  "restored_fit_rmse": 0.8593707084655762,
  "restored_validation_rmse": 0.9191294312477112,
  "epochs_run": 4,
  "fit_observations": 2643,
  "validation_observations": 670,
  "rule": "gated_residual",
  "generations": 32,
  "hidden_channels": 16,
  "device": "cuda",
  "gpu": "NVIDIA GeForce RTX 5070 Ti",
  "training_seconds": 14.132162200054154,
  "peak_gpu_memory_bytes": 86494208,
  "readout": "differentiable_closed_form_ridge",
  "hyperparameters": {
    "ca_lr": 0.003,
    "ridge": 0.01,
    "ca_l2": 1e-06,
    "gradient_clip": 2.0
  }
}
