{"device": "cuda", "gpu": "NVIDIA GeForce RTX 5070 Ti", "pytorch": "2.11.0+cu128", "pytorch_cuda": "12.8"}
{"epoch": 1, "train_rmse": 2.22282048122316, "validation_rmse": 0.9636375904083252, "mean_raw_gradient_norm": 232.2719130767019, "fraction_gradients_clipped": 1.0}
{"epoch": 2, "train_rmse": 1.864636385438967, "validation_rmse": 0.9572063088417053, "mean_raw_gradient_norm": 87.253089427948, "fraction_gradients_clipped": 1.0}
{"epoch": 3, "train_rmse": 2.184924600381426, "validation_rmse": 0.9617124199867249, "mean_raw_gradient_norm": 155.0874941223546, "fraction_gradients_clipped": 1.0}
{
  "seed": 1701,
  "best_validation_rmse": 0.9572063088417053,
  "restored_fit_rmse": 0.8319389224052429,
  "restored_validation_rmse": 0.9572486877441406,
  "epochs_run": 3,
  "fit_observations": 791,
  "validation_observations": 273,
  "rule": "gated_residual",
  "generations": 32,
  "hidden_channels": 16,
  "device": "cuda",
  "gpu": "NVIDIA GeForce RTX 5070 Ti",
  "training_seconds": 7.413236899999902,
  "peak_gpu_memory_bytes": 36385280,
  "readout": "differentiable_closed_form_ridge",
  "hyperparameters": {
    "ca_lr": 0.0003,
    "ridge": 0.01,
    "ca_l2": 1e-06,
    "gradient_clip": 1.0
  }
}
