{"operating_system": "Windows-10-10.0.26200-SP0", "machine": "AMD64", "python": "3.11.16", "python_executable": "C:\\Users\\Anthony\\anaconda3\\envs\\strange-matter-gpu\\python.exe", "pytorch": "2.11.0+cu128", "pytorch_cuda": "12.8", "device": "cuda", "gpu": "NVIDIA GeForce RTX 5070 Ti"}
{"epoch": 1, "train_rmse": 0.9549536609913791, "validation_rmse": 0.8597490191459656, "validation_ma_st_rae": 0.9230723977293871, "validation_CYP1A2_st_rae": 0.9273567546509799, "validation_CYP2C9_st_rae": 0.8466937853184707, "validation_CYP2D6_st_rae": 1.043515496918251, "validation_CYP3A4_st_rae": 0.8747235540298466, "mean_raw_gradient_norm": 612.6312473714352, "fraction_gradients_clipped": 1.0}
{"epoch": 2, "train_rmse": 0.9885908347117888, "validation_rmse": 0.8432416319847107, "validation_ma_st_rae": 0.9036212649922984, "validation_CYP1A2_st_rae": 0.9446448539567559, "validation_CYP2C9_st_rae": 0.8230783637051274, "validation_CYP2D6_st_rae": 0.9920003542563225, "validation_CYP3A4_st_rae": 0.8547614880509878, "mean_raw_gradient_norm": 46.19965200871229, "fraction_gradients_clipped": 1.0}
{"epoch": 3, "train_rmse": 0.9662974500726754, "validation_rmse": 0.839035153388977, "validation_ma_st_rae": 0.9069054372487693, "validation_CYP1A2_st_rae": 0.9539947778858009, "validation_CYP2C9_st_rae": 0.8299845675035344, "validation_CYP2D6_st_rae": 1.0165239453541144, "validation_CYP3A4_st_rae": 0.8271184582516271, "mean_raw_gradient_norm": 3.9529457837343216, "fraction_gradients_clipped": 1.0}
{"epoch": 4, "train_rmse": 0.9452051060731975, "validation_rmse": 0.8353855609893799, "validation_ma_st_rae": 0.9005089741468705, "validation_CYP1A2_st_rae": 0.959017965185546, "validation_CYP2C9_st_rae": 0.8019953515793707, "validation_CYP2D6_st_rae": 1.019625674340718, "validation_CYP3A4_st_rae": 0.8213969054818474, "mean_raw_gradient_norm": 5.313390351831913, "fraction_gradients_clipped": 1.0}
{"epoch": 5, "train_rmse": 1.0147682731582703, "validation_rmse": 0.8327302932739258, "validation_ma_st_rae": 0.8907192940210006, "validation_CYP1A2_st_rae": 0.9444787412586676, "validation_CYP2C9_st_rae": 0.7893632360257058, "validation_CYP2D6_st_rae": 1.0125387834237793, "validation_CYP3A4_st_rae": 0.8164964153758495, "mean_raw_gradient_norm": 6.449203111231327, "fraction_gradients_clipped": 1.0}
{
  "seed": 1701,
  "selection_metric": "validation_ma_st_rae",
  "best_validation_ma_st_rae": 0.8907192940210006,
  "best_validation_rmse": 0.8327302932739258,
  "restored_fit_rmse": 0.9049034714698792,
  "restored_validation_rmse": 0.8327423334121704,
  "restored_fit_ma_st_rae": 0.9116154364729985,
  "restored_validation_ma_st_rae": 0.8955506144908147,
  "restored_validation_point_ma_st_rae": 0.8907227436122338,
  "restored_validation_point_st_rae_by_cyp": {
    "CYP1A2": 0.9445236328702388,
    "CYP2C9": 0.7893318464358587,
    "CYP2D6": 1.0124886496469356,
    "CYP3A4": 0.8165468454959018
  },
  "restored_fit_st_rae_by_cyp": {
    "CYP1A2": 0.9244461535621563,
    "CYP2C9": 0.9074987353990946,
    "CYP2D6": 0.9906399377862217,
    "CYP3A4": 0.8238769191445214
  },
  "restored_validation_st_rae_by_cyp": {
    "CYP1A2": 0.9486457679025048,
    "CYP2C9": 0.7954679860948703,
    "CYP2D6": 1.0188388308660041,
    "CYP3A4": 0.8192498730998797
  },
  "validation_bootstrap_metrics": {
    "n_bootstrap_samples": 1000,
    "seed": 0,
    "macro": {
      "st_rae": {
        "mean": 0.8955506144908147,
        "ci_low": 0.8316223092072479,
        "ci_high": 0.9629964888095676
      },
      "mae": {
        "mean": 0.6130531971571747,
        "ci_low": 0.5732509896429184,
        "ci_high": 0.6567982924276097
      },
      "r2": {
        "mean": 0.15873352588339268,
        "ci_low": 0.10260537583780087,
        "ci_high": 0.21102325506610833
      },
      "spearman_rho": {
        "mean": 0.4000543186562642,
        "ci_low": 0.33066438024996986,
        "ci_high": 0.46716548992958573
      },
      "kendall_tau": {
        "mean": 0.2807793049215788,
        "ci_low": 0.23149916248011412,
        "ci_high": 0.33023124546778243
      }
    },
    "per_endpoint": {
      "CYP1A2": {
        "st_rae": {
          "mean": 0.9486457679025048,
          "ci_low": 0.8125702953191675,
          "ci_high": 1.0900545950787925
        },
        "mae": {
          "mean": 0.6495344845635791,
          "ci_low": 0.542290587072641,
          "ci_high": 0.765838208689656
        },
        "r2": {
          "mean": 0.10180393628199312,
          "ci_low": -0.0274911830535218,
          "ci_high": 0.2125271400868938
        },
        "spearman_rho": {
          "mean": 0.4090085200582146,
          "ci_low": 0.25710412850946657,
          "ci_high": 0.5504759437613418
        },
        "kendall_tau": {
          "mean": 0.2906340732545941,
          "ci_low": 0.18193422412861077,
          "ci_high": 0.39249011132664796
        }
      },
      "CYP2C9": {
        "st_rae": {
          "mean": 0.7954679860948703,
          "ci_low": 0.6341630714577168,
          "ci_high": 0.9866696330619271
        },
        "mae": {
          "mean": 0.5273773140646245,
          "ci_low": 0.45470537182188386,
          "ci_high": 0.6087192160369705
        },
        "r2": {
          "mean": 0.26114766623026786,
          "ci_low": 0.09332250039465234,
          "ci_high": 0.39040666527012297
        },
        "spearman_rho": {
          "mean": 0.49056853009744317,
          "ci_low": 0.3302935764877004,
          "ci_high": 0.6234578899023812
        },
        "kendall_tau": {
          "mean": 0.3442784165391308,
          "ci_low": 0.22530003321600206,
          "ci_high": 0.4471648815814254
        }
      },
      "CYP2D6": {
        "st_rae": {
          "mean": 1.0188388308660041,
          "ci_low": 0.9346686021164385,
          "ci_high": 1.1076508944917396
        },
        "mae": {
          "mean": 0.5486118608375766,
          "ci_low": 0.47080530700443673,
          "ci_high": 0.6294078682953456
        },
        "r2": {
          "mean": 0.01819591995469199,
          "ci_low": -0.07095680972756684,
          "ci_high": 0.10119845117149297
        },
        "spearman_rho": {
          "mean": 0.20292862839808226,
          "ci_low": 0.03846588505595283,
          "ci_high": 0.3579064778197107
        },
        "kendall_tau": {
          "mean": 0.13830856079680767,
          "ci_low": 0.021805946259162063,
          "ci_high": 0.2450198077045381
        }
      },
      "CYP3A4": {
        "st_rae": {
          "mean": 0.8192498730998797,
          "ci_low": 0.7274088260511549,
          "ci_high": 0.9164704511084022
        },
        "mae": {
          "mean": 0.7266891291629186,
          "ci_low": 0.6596968604513436,
          "ci_high": 0.7961566427029855
        },
        "r2": {
          "mean": 0.25378658106661767,
          "ci_low": 0.16215239998849754,
          "ci_high": 0.3372440902882892
        },
        "spearman_rho": {
          "mean": 0.49771159607131665,
          "ci_low": 0.3914482617336847,
          "ci_high": 0.5935527674290708
        },
        "kendall_tau": {
          "mean": 0.3498961690957828,
          "ci_low": 0.2736791532536586,
          "ci_high": 0.420528402867669
        }
      }
    }
  },
  "epochs_run": 5,
  "fit_observations": 2652,
  "validation_observations": 680,
  "rule": "fitzhugh_nagumo",
  "generations": 500,
  "hidden_channels": 4,
  "atom_feature_profile": "baseline",
  "atom_feature_count": 25,
  "atom_feature_names": [
    "element_H",
    "element_C",
    "element_N",
    "element_O",
    "element_F",
    "element_P",
    "element_S",
    "element_Cl",
    "element_Br",
    "element_I",
    "element_other",
    "formal_charge",
    "aromatic",
    "hybrid_sp",
    "hybrid_sp2",
    "hybrid_sp3",
    "hybrid_other",
    "degree",
    "total_hydrogens",
    "in_ring",
    "hbond_donor",
    "hbond_acceptor",
    "chiral_cw",
    "chiral_ccw",
    "chiral_other"
  ],
  "device": "cuda",
  "gpu": "NVIDIA GeForce RTX 5070 Ti",
  "training_seconds": 170.15348439989612,
  "peak_gpu_memory_bytes": 606137856,
  "runtime": {
    "operating_system": "Windows-10-10.0.26200-SP0",
    "machine": "AMD64",
    "python": "3.11.16",
    "python_executable": "C:\\Users\\Anthony\\anaconda3\\envs\\strange-matter-gpu\\python.exe",
    "pytorch": "2.11.0+cu128",
    "pytorch_cuda": "12.8",
    "device": "cuda",
    "gpu": "NVIDIA GeForce RTX 5070 Ti"
  },
  "validation_protocol": {
    "kind": "scaffold_cross_validation",
    "fold": 0,
    "folds": 5
  },
  "readout": "differentiable_closed_form_ridge",
  "prediction_mode": "direct",
  "residual_alpha": null,
  "trajectory_pooling": "legacy",
  "ridge_mode": "shared",
  "loss_mode": "hybrid_interval",
  "interval_loss_beta": 0.25,
  "interval_temperature": 0.02,
  "hyperparameters": {
    "ca_lr": 0.003,
    "ridge": 1.0,
    "ca_l2": 1e-05,
    "gradient_clip": 0.5,
    "update_scale": 0.4,
    "init_scale": 0.5,
    "initial_noise": 0.01,
    "support_fraction": 0.85,
    "bond_temperature": 1.0,
    "dyn_a": 0.8,
    "dyn_b": 0.5,
    "dyn_c": 0.5,
    "dyn_d": 0.3,
    "lr_schedule": "cosine_0.1x"
  }
}
