{"operating_system": "Windows-10-10.0.26200-SP0", "machine": "AMD64", "python": "3.11.16", "python_executable": "C:\\Users\\Anthony\\anaconda3\\envs\\strange-matter-gpu\\python.exe", "pytorch": "2.11.0+cu128", "pytorch_cuda": "12.8", "device": "cuda", "gpu": "NVIDIA GeForce RTX 5070 Ti"}
{"epoch": 1, "train_rmse": 1.1316135454608374, "validation_rmse": 0.8877411484718323, "validation_ma_st_rae": 0.8931925857155456, "validation_CYP1A2_st_rae": 0.8873366968373805, "validation_CYP2C9_st_rae": 0.9723951275342165, "validation_CYP2D6_st_rae": 1.0152083934516603, "validation_CYP3A4_st_rae": 0.6978301250389254, "mean_raw_gradient_norm": 8.672528233528137, "fraction_gradients_clipped": 1.0}
{"epoch": 2, "train_rmse": 1.1056179328620783, "validation_rmse": 0.8861371874809265, "validation_ma_st_rae": 0.8927898974662756, "validation_CYP1A2_st_rae": 0.8821281681922848, "validation_CYP2C9_st_rae": 0.9776191192119817, "validation_CYP2D6_st_rae": 1.0195922565699158, "validation_CYP3A4_st_rae": 0.6918200458909197, "mean_raw_gradient_norm": 7.698073544502258, "fraction_gradients_clipped": 1.0}
{"epoch": 3, "train_rmse": 1.1600069998360343, "validation_rmse": 0.8867194652557373, "validation_ma_st_rae": 0.8944644525598682, "validation_CYP1A2_st_rae": 0.8819305939511698, "validation_CYP2C9_st_rae": 0.9810589345585723, "validation_CYP2D6_st_rae": 1.0240654489256247, "validation_CYP3A4_st_rae": 0.6908028328041064, "mean_raw_gradient_norm": 8.795057663917541, "fraction_gradients_clipped": 1.0}
{"epoch": 4, "train_rmse": 1.1253949579320728, "validation_rmse": 0.8874861598014832, "validation_ma_st_rae": 0.8980608900454867, "validation_CYP1A2_st_rae": 0.883913925789456, "validation_CYP2C9_st_rae": 0.9910855990020268, "validation_CYP2D6_st_rae": 1.0264966443088834, "validation_CYP3A4_st_rae": 0.6907473910815802, "mean_raw_gradient_norm": 8.019866433143616, "fraction_gradients_clipped": 1.0}
{
  "seed": 2909,
  "selection_metric": "validation_ma_st_rae",
  "best_validation_ma_st_rae": 0.8931925857155456,
  "best_validation_rmse": 0.8877411484718323,
  "restored_fit_rmse": 0.8485351204872131,
  "restored_validation_rmse": 0.8877438306808472,
  "restored_fit_ma_st_rae": 0.8571622493662805,
  "restored_validation_ma_st_rae": 0.8967895651899614,
  "restored_validation_point_ma_st_rae": 0.8931983602088596,
  "restored_validation_point_st_rae_by_cyp": {
    "CYP1A2": 0.8873361641237928,
    "CYP2C9": 0.9724114668610335,
    "CYP2D6": 1.015217701430259,
    "CYP3A4": 0.697828108420353
  },
  "restored_fit_st_rae_by_cyp": {
    "CYP1A2": 0.8854916413264511,
    "CYP2C9": 0.8001402714202658,
    "CYP2D6": 1.0189853557151154,
    "CYP3A4": 0.7240317290032902
  },
  "restored_validation_st_rae_by_cyp": {
    "CYP1A2": 0.8926867309827952,
    "CYP2C9": 0.9782748136860892,
    "CYP2D6": 1.0158069246315116,
    "CYP3A4": 0.7003897914594498
  },
  "validation_bootstrap_metrics": {
    "n_bootstrap_samples": 1000,
    "seed": 0,
    "macro": {
      "st_rae": {
        "mean": 0.8967895651899614,
        "ci_low": 0.8390551877217152,
        "ci_high": 0.9553936145461418
      },
      "mae": {
        "mean": 0.6566091424894036,
        "ci_low": 0.6239923207682241,
        "ci_high": 0.6911888975177995
      },
      "r2": {
        "mean": 0.1438714440963275,
        "ci_low": 0.0854319635978016,
        "ci_high": 0.20038962177648903
      },
      "spearman_rho": {
        "mean": 0.41300967505097197,
        "ci_low": 0.35458677389726895,
        "ci_high": 0.4705824435156785
      },
      "kendall_tau": {
        "mean": 0.2896233957748531,
        "ci_low": 0.24849850859945005,
        "ci_high": 0.330277623397326
      }
    },
    "per_endpoint": {
      "CYP1A2": {
        "st_rae": {
          "mean": 0.8926867309827952,
          "ci_low": 0.789123129316937,
          "ci_high": 1.0169606623311023
        },
        "mae": {
          "mean": 0.725074416958491,
          "ci_low": 0.6476458563804627,
          "ci_high": 0.8108957927756839
        },
        "r2": {
          "mean": 0.16212759632640852,
          "ci_low": 0.06923116267426527,
          "ci_high": 0.24686701345976222
        },
        "spearman_rho": {
          "mean": 0.42561243640708485,
          "ci_low": 0.3107353448370467,
          "ci_high": 0.5322264312653361
        },
        "kendall_tau": {
          "mean": 0.29251633225697704,
          "ci_low": 0.21035874925008405,
          "ci_high": 0.3704196897831557
        }
      },
      "CYP2C9": {
        "st_rae": {
          "mean": 0.9782748136860892,
          "ci_low": 0.8225075641739557,
          "ci_high": 1.145067035516
        },
        "mae": {
          "mean": 0.5190078279782856,
          "ci_low": 0.4643254302481495,
          "ci_high": 0.5741454090706255
        },
        "r2": {
          "mean": 0.09109589394112205,
          "ci_low": -0.08877689532202904,
          "ci_high": 0.2362439332657132
        },
        "spearman_rho": {
          "mean": 0.3502150820082173,
          "ci_low": 0.20856560516629746,
          "ci_high": 0.47476875982297884
        },
        "kendall_tau": {
          "mean": 0.24398133670529845,
          "ci_low": 0.14406207560063825,
          "ci_high": 0.33393606710280255
        }
      },
      "CYP2D6": {
        "st_rae": {
          "mean": 1.0158069246315116,
          "ci_low": 0.9123049850794716,
          "ci_high": 1.132810978133784
        },
        "mae": {
          "mean": 0.6554332571443865,
          "ci_low": 0.5728353668572539,
          "ci_high": 0.7383794229919627
        },
        "r2": {
          "mean": -0.003826093645378193,
          "ci_low": -0.11818644010795504,
          "ci_high": 0.10170717937029285
        },
        "spearman_rho": {
          "mean": 0.2559861409142351,
          "ci_low": 0.11752237557538113,
          "ci_high": 0.37963016199055866
        },
        "kendall_tau": {
          "mean": 0.17611321523315035,
          "ci_low": 0.08266051936752468,
          "ci_high": 0.2660160828615403
        }
      },
      "CYP3A4": {
        "st_rae": {
          "mean": 0.7003897914594498,
          "ci_low": 0.6282181013589025,
          "ci_high": 0.7753426541986997
        },
        "mae": {
          "mean": 0.726921067876451,
          "ci_low": 0.6685209376447261,
          "ci_high": 0.7827355982308346
        },
        "r2": {
          "mean": 0.32608837976315763,
          "ci_low": 0.24039846828480474,
          "ci_high": 0.396186784052975
        },
        "spearman_rho": {
          "mean": 0.6202250408743504,
          "ci_low": 0.54491283620001,
          "ci_high": 0.6873092502847302
        },
        "kendall_tau": {
          "mean": 0.4458826989039866,
          "ci_low": 0.3866267812754804,
          "ci_high": 0.49857290608289734
        }
      }
    }
  },
  "epochs_run": 4,
  "fit_observations": 4213,
  "validation_observations": 1003,
  "rule": "gated_residual",
  "generations": 16,
  "hidden_channels": 16,
  "atom_feature_profile": "local_environment",
  "atom_feature_count": 29,
  "atom_feature_names": [
    "element_H",
    "element_C",
    "element_N",
    "element_O",
    "element_F",
    "element_P",
    "element_S",
    "element_Cl",
    "element_Br",
    "element_I",
    "element_other",
    "formal_charge",
    "aromatic",
    "hybrid_sp",
    "hybrid_sp2",
    "hybrid_sp3",
    "hybrid_other",
    "degree",
    "total_hydrogens",
    "in_ring",
    "hbond_donor",
    "hbond_acceptor",
    "chiral_cw",
    "chiral_ccw",
    "chiral_other",
    "mean_neighbour_electronegativity",
    "electronegativity_difference",
    "mean_neighbour_atomic_number",
    "neighbour_formal_charge"
  ],
  "device": "cuda",
  "gpu": "NVIDIA GeForce RTX 5070 Ti",
  "training_seconds": 16.982076600077562,
  "peak_gpu_memory_bytes": 74125824,
  "runtime": {
    "operating_system": "Windows-10-10.0.26200-SP0",
    "machine": "AMD64",
    "python": "3.11.16",
    "python_executable": "C:\\Users\\Anthony\\anaconda3\\envs\\strange-matter-gpu\\python.exe",
    "pytorch": "2.11.0+cu128",
    "pytorch_cuda": "12.8",
    "device": "cuda",
    "gpu": "NVIDIA GeForce RTX 5070 Ti"
  },
  "validation_protocol": {
    "kind": "scaffold_cross_validation",
    "fold": 3,
    "folds": 5
  },
  "readout": "differentiable_closed_form_ridge",
  "hyperparameters": {
    "ca_lr": 0.0003,
    "ridge": 1.0,
    "ca_l2": 0.0001,
    "gradient_clip": 1.0,
    "update_scale": 0.4,
    "init_scale": 1.0,
    "initial_noise": 0.0,
    "support_fraction": 0.85,
    "bond_temperature": 1.0,
    "dyn_a": 0.2,
    "dyn_b": 0.5,
    "dyn_c": 0.2,
    "dyn_d": 0.3,
    "lr_schedule": "cosine_0.1x"
  }
}
