{"operating_system": "macOS-26.2-arm64-arm-64bit", "machine": "arm64", "python": "3.10.19", "python_executable": "/opt/anaconda3/envs/kcc2/bin/python3.10", "pytorch": "2.8.0", "pytorch_cuda": null, "device": "cpu", "gpu": null}
{"epoch": 1, "train_rmse": 1.1163685463819604, "validation_rmse": 0.9793583750724792, "mean_raw_gradient_norm": 6.068654283881187, "fraction_gradients_clipped": 1.0}
{"epoch": 2, "train_rmse": 1.2267211778129206, "validation_rmse": 0.979200005531311, "mean_raw_gradient_norm": 6.919806987047195, "fraction_gradients_clipped": 1.0}
{"epoch": 3, "train_rmse": 1.1146859390730888, "validation_rmse": 0.9799983501434326, "mean_raw_gradient_norm": 7.920145258307457, "fraction_gradients_clipped": 1.0}
{"epoch": 4, "train_rmse": 1.1596318270843087, "validation_rmse": 0.9826207756996155, "mean_raw_gradient_norm": 7.255011633038521, "fraction_gradients_clipped": 1.0}
{
  "seed": 1701,
  "best_validation_rmse": 0.9793583750724792,
  "restored_fit_rmse": 0.9230763912200928,
  "restored_validation_rmse": 0.9793583750724792,
  "epochs_run": 4,
  "fit_observations": 2643,
  "validation_observations": 670,
  "rule": "kuramoto_sakaguchi",
  "generations": 64,
  "hidden_channels": 8,
  "device": "cpu",
  "gpu": null,
  "training_seconds": 43.17018995899707,
  "peak_gpu_memory_bytes": 0,
  "runtime": {
    "operating_system": "macOS-26.2-arm64-arm-64bit",
    "machine": "arm64",
    "python": "3.10.19",
    "python_executable": "/opt/anaconda3/envs/kcc2/bin/python3.10",
    "pytorch": "2.8.0",
    "pytorch_cuda": null,
    "device": "cpu",
    "gpu": null
  },
  "readout": "differentiable_closed_form_ridge",
  "hyperparameters": {
    "ca_lr": 0.0003,
    "ridge": 0.01,
    "ca_l2": 1e-06,
    "gradient_clip": 2.0,
    "update_scale": 0.4,
    "init_scale": 0.5,
    "initial_noise": 0.01,
    "support_fraction": 0.85,
    "bond_temperature": 2.0,
    "dyn_a": 0.5,
    "dyn_b": 0.2,
    "dyn_c": 0.5,
    "dyn_d": 0.3,
    "lr_schedule": "cosine_0.1x"
  }
}
