{"operating_system": "Windows-10-10.0.26200-SP0", "machine": "AMD64", "python": "3.11.16", "python_executable": "C:\\Users\\Anthony\\anaconda3\\envs\\strange-matter-gpu\\python.exe", "pytorch": "2.11.0+cu128", "pytorch_cuda": "12.8", "device": "cuda", "gpu": "NVIDIA GeForce RTX 5070 Ti"}
{"epoch": 1, "train_rmse": 1.1772872283204927, "validation_rmse": 0.784288763999939, "validation_ma_st_rae": 0.8403395417650157, "validation_CYP1A2_st_rae": 0.8830256930834484, "validation_CYP2C9_st_rae": 0.7374547568778892, "validation_CYP2D6_st_rae": 1.03151484661394, "validation_CYP3A4_st_rae": 0.7093628704847851, "mean_raw_gradient_norm": 7.136928110122681, "fraction_gradients_clipped": 1.0}
{"epoch": 2, "train_rmse": 1.1734657211133144, "validation_rmse": 0.7822620868682861, "validation_ma_st_rae": 0.8335994640457085, "validation_CYP1A2_st_rae": 0.9145958166840907, "validation_CYP2C9_st_rae": 0.7179857669327978, "validation_CYP2D6_st_rae": 1.000063415987151, "validation_CYP3A4_st_rae": 0.7017528565787946, "mean_raw_gradient_norm": 6.8731083488464355, "fraction_gradients_clipped": 1.0}
{"epoch": 3, "train_rmse": 1.1335509373525716, "validation_rmse": 0.7958256006240845, "validation_ma_st_rae": 0.8543815060302443, "validation_CYP1A2_st_rae": 0.9160048430313986, "validation_CYP2C9_st_rae": 0.7603639519632438, "validation_CYP2D6_st_rae": 1.0063956339022804, "validation_CYP3A4_st_rae": 0.7347615952240544, "mean_raw_gradient_norm": 5.440696544647217, "fraction_gradients_clipped": 1.0}
{"epoch": 4, "train_rmse": 1.0874239286846192, "validation_rmse": 0.7878032922744751, "validation_ma_st_rae": 0.8393177574091889, "validation_CYP1A2_st_rae": 0.9029134356015477, "validation_CYP2C9_st_rae": 0.7277014469061532, "validation_CYP2D6_st_rae": 1.0059785393394833, "validation_CYP3A4_st_rae": 0.7206776077895712, "mean_raw_gradient_norm": 4.983713436126709, "fraction_gradients_clipped": 1.0}
{"epoch": 5, "train_rmse": 1.1249733955522037, "validation_rmse": 0.7826240062713623, "validation_ma_st_rae": 0.8311814989328237, "validation_CYP1A2_st_rae": 0.9064930020485263, "validation_CYP2C9_st_rae": 0.7090306379174945, "validation_CYP2D6_st_rae": 1.0084664213247272, "validation_CYP3A4_st_rae": 0.7007359344405468, "mean_raw_gradient_norm": 5.821441497802734, "fraction_gradients_clipped": 1.0}
{
  "seed": 1701,
  "selection_metric": "validation_ma_st_rae",
  "best_validation_ma_st_rae": 0.8335994640457085,
  "best_validation_rmse": 0.7822620868682861,
  "restored_fit_rmse": 0.8500167727470398,
  "restored_validation_rmse": 0.7822516560554504,
  "restored_fit_ma_st_rae": 0.8447609544714291,
  "restored_validation_ma_st_rae": 0.8355131298318413,
  "restored_validation_point_ma_st_rae": 0.8335297615841879,
  "restored_validation_point_st_rae_by_cyp": {
    "CYP1A2": 0.9144754309773578,
    "CYP2C9": 0.7178042059210373,
    "CYP2D6": 1.0000994437132988,
    "CYP3A4": 0.7017399657250576
  },
  "restored_fit_st_rae_by_cyp": {
    "CYP1A2": 0.8787788358339689,
    "CYP2C9": 0.7996973328595219,
    "CYP2D6": 0.9905623833994169,
    "CYP3A4": 0.7100052657928085
  },
  "restored_validation_st_rae_by_cyp": {
    "CYP1A2": 0.9159117463435248,
    "CYP2C9": 0.7205313137616454,
    "CYP2D6": 1.0028370618873466,
    "CYP3A4": 0.7027723973348485
  },
  "validation_bootstrap_metrics": {
    "n_bootstrap_samples": 1000,
    "seed": 0,
    "macro": {
      "st_rae": {
        "mean": 0.8355131298318413,
        "ci_low": 0.782003440858883,
        "ci_high": 0.8909634987977987
      },
      "mae": {
        "mean": 0.5780234840268501,
        "ci_low": 0.5477775538503267,
        "ci_high": 0.6121868164761856
      },
      "r2": {
        "mean": 0.22319045712808117,
        "ci_low": 0.17312625966644296,
        "ci_high": 0.2699062978855076
      },
      "spearman_rho": {
        "mean": 0.48742608414145344,
        "ci_low": 0.4373427511016898,
        "ci_high": 0.5375501318456803
      },
      "kendall_tau": {
        "mean": 0.3451563099332085,
        "ci_low": 0.3070745582950225,
        "ci_high": 0.38223229828023575
      }
    },
    "per_endpoint": {
      "CYP1A2": {
        "st_rae": {
          "mean": 0.9159117463435248,
          "ci_low": 0.7950793689276687,
          "ci_high": 1.0568053551910637
        },
        "mae": {
          "mean": 0.6225563976641174,
          "ci_low": 0.5484006499653464,
          "ci_high": 0.7023102665806675
        },
        "r2": {
          "mean": 0.1723738031278893,
          "ci_low": 0.04728931736234215,
          "ci_high": 0.27575047236886047
        },
        "spearman_rho": {
          "mean": 0.48449906574921836,
          "ci_low": 0.3808130480255159,
          "ci_high": 0.5859809334231428
        },
        "kendall_tau": {
          "mean": 0.33769239378780386,
          "ci_low": 0.26430572361061977,
          "ci_high": 0.4128585352490127
        }
      },
      "CYP2C9": {
        "st_rae": {
          "mean": 0.7205313137616454,
          "ci_low": 0.5866337174081319,
          "ci_high": 0.8426240321219828
        },
        "mae": {
          "mean": 0.472213836373272,
          "ci_low": 0.4212684773629712,
          "ci_high": 0.527586863392509
        },
        "r2": {
          "mean": 0.3203385918819054,
          "ci_low": 0.20641290624216896,
          "ci_high": 0.42998554566242964
        },
        "spearman_rho": {
          "mean": 0.5346989552620799,
          "ci_low": 0.4228714876585028,
          "ci_high": 0.6419634573594765
        },
        "kendall_tau": {
          "mean": 0.3840834588187049,
          "ci_low": 0.3006623576356931,
          "ci_high": 0.468111810218395
        }
      },
      "CYP2D6": {
        "st_rae": {
          "mean": 1.0028370618873466,
          "ci_low": 0.9144648369110807,
          "ci_high": 1.0986395442272958
        },
        "mae": {
          "mean": 0.5567815382460244,
          "ci_low": 0.4967859017288583,
          "ci_high": 0.6203311737531271
        },
        "r2": {
          "mean": 0.00473842693510571,
          "ci_low": -0.10702841079561587,
          "ci_high": 0.10527774738873691
        },
        "spearman_rho": {
          "mean": 0.29308385332001763,
          "ci_low": 0.1736616940212856,
          "ci_high": 0.41162766496469033
        },
        "kendall_tau": {
          "mean": 0.1989994477104622,
          "ci_low": 0.11502622615795038,
          "ci_high": 0.2832096688292184
        }
      },
      "CYP3A4": {
        "st_rae": {
          "mean": 0.7027723973348485,
          "ci_low": 0.6248587677721411,
          "ci_high": 0.779101586350564
        },
        "mae": {
          "mean": 0.660542163823987,
          "ci_low": 0.6089139382590305,
          "ci_high": 0.7139586891528669
        },
        "r2": {
          "mean": 0.3953110065674243,
          "ci_low": 0.3279505980522582,
          "ci_high": 0.46008132593760126
        },
        "spearman_rho": {
          "mean": 0.6374224622344977,
          "ci_low": 0.5677188320790378,
          "ci_high": 0.7043930395882938
        },
        "kendall_tau": {
          "mean": 0.4598499394158629,
          "ci_low": 0.405758331240832,
          "ci_high": 0.5148132584895501
        }
      }
    }
  },
  "epochs_run": 5,
  "fit_observations": 4179,
  "validation_observations": 1037,
  "rule": "gated_residual",
  "generations": 64,
  "hidden_channels": 16,
  "atom_feature_profile": "local_environment",
  "atom_feature_count": 29,
  "atom_feature_names": [
    "element_H",
    "element_C",
    "element_N",
    "element_O",
    "element_F",
    "element_P",
    "element_S",
    "element_Cl",
    "element_Br",
    "element_I",
    "element_other",
    "formal_charge",
    "aromatic",
    "hybrid_sp",
    "hybrid_sp2",
    "hybrid_sp3",
    "hybrid_other",
    "degree",
    "total_hydrogens",
    "in_ring",
    "hbond_donor",
    "hbond_acceptor",
    "chiral_cw",
    "chiral_ccw",
    "chiral_other",
    "mean_neighbour_electronegativity",
    "electronegativity_difference",
    "mean_neighbour_atomic_number",
    "neighbour_formal_charge"
  ],
  "device": "cuda",
  "gpu": "NVIDIA GeForce RTX 5070 Ti",
  "training_seconds": 39.32597480004188,
  "peak_gpu_memory_bytes": 408272896,
  "runtime": {
    "operating_system": "Windows-10-10.0.26200-SP0",
    "machine": "AMD64",
    "python": "3.11.16",
    "python_executable": "C:\\Users\\Anthony\\anaconda3\\envs\\strange-matter-gpu\\python.exe",
    "pytorch": "2.11.0+cu128",
    "pytorch_cuda": "12.8",
    "device": "cuda",
    "gpu": "NVIDIA GeForce RTX 5070 Ti"
  },
  "validation_protocol": {
    "kind": "scaffold_cross_validation",
    "fold": 0,
    "folds": 5
  },
  "readout": "differentiable_closed_form_ridge",
  "hyperparameters": {
    "ca_lr": 0.003,
    "ridge": 0.1,
    "ca_l2": 1e-05,
    "gradient_clip": 1.0,
    "update_scale": 0.15,
    "init_scale": 0.5,
    "initial_noise": 0.01,
    "support_fraction": 0.6,
    "bond_temperature": 0.5,
    "dyn_a": 0.2,
    "dyn_b": 0.8,
    "dyn_c": 0.5,
    "dyn_d": 0.05,
    "lr_schedule": "cosine_0.1x"
  }
}
