{"operating_system": "Windows-10-10.0.26200-SP0", "machine": "AMD64", "python": "3.11.16", "python_executable": "C:\\Users\\Anthony\\anaconda3\\envs\\strange-matter-gpu\\python.exe", "pytorch": "2.11.0+cu128", "pytorch_cuda": "12.8", "device": "cuda", "gpu": "NVIDIA GeForce RTX 5070 Ti"}
{"epoch": 1, "train_rmse": 1.1029348095052043, "validation_rmse": 0.8281638026237488, "validation_ma_st_rae": 0.8883142414418685, "validation_CYP1A2_st_rae": 0.871005876204452, "validation_CYP2C9_st_rae": 0.8088983566412074, "validation_CYP2D6_st_rae": 1.0565490504558395, "validation_CYP3A4_st_rae": 0.8168036824659752, "mean_raw_gradient_norm": 4.969919815659523, "fraction_gradients_clipped": 1.0}
{"epoch": 2, "train_rmse": 1.1540929865152543, "validation_rmse": 0.8254021406173706, "validation_ma_st_rae": 0.8821931636913767, "validation_CYP1A2_st_rae": 0.8701857818109406, "validation_CYP2C9_st_rae": 0.7990249538633191, "validation_CYP2D6_st_rae": 1.051771880195181, "validation_CYP3A4_st_rae": 0.8077900388960655, "mean_raw_gradient_norm": 6.794981997460127, "fraction_gradients_clipped": 1.0}
{"epoch": 3, "train_rmse": 1.084310962240538, "validation_rmse": 0.8239606022834778, "validation_ma_st_rae": 0.8783760208036809, "validation_CYP1A2_st_rae": 0.8691695693129666, "validation_CYP2C9_st_rae": 0.7971524484068702, "validation_CYP2D6_st_rae": 1.0442096789924966, "validation_CYP3A4_st_rae": 0.8029723865023902, "mean_raw_gradient_norm": 4.726563669741154, "fraction_gradients_clipped": 1.0}
{"epoch": 4, "train_rmse": 1.1137920381653508, "validation_rmse": 0.8237419724464417, "validation_ma_st_rae": 0.877615192739761, "validation_CYP1A2_st_rae": 0.869499625317014, "validation_CYP2C9_st_rae": 0.7969057194191879, "validation_CYP2D6_st_rae": 1.0428638019361198, "validation_CYP3A4_st_rae": 0.8011916242867222, "mean_raw_gradient_norm": 4.981541518121958, "fraction_gradients_clipped": 1.0}
{"epoch": 5, "train_rmse": 1.0774982064686565, "validation_rmse": 0.8232970237731934, "validation_ma_st_rae": 0.8764980055442905, "validation_CYP1A2_st_rae": 0.8693986626832731, "validation_CYP2C9_st_rae": 0.7964156173752817, "validation_CYP2D6_st_rae": 1.0411007632041982, "validation_CYP3A4_st_rae": 0.799076978914409, "mean_raw_gradient_norm": 3.8728950023651123, "fraction_gradients_clipped": 1.0}
{
  "seed": 1701,
  "selection_metric": "validation_ma_st_rae",
  "best_validation_ma_st_rae": 0.8783760208036809,
  "best_validation_rmse": 0.8239606022834778,
  "restored_fit_rmse": 0.8959978222846985,
  "restored_validation_rmse": 0.8239615559577942,
  "restored_fit_ma_st_rae": 0.8974596357556323,
  "restored_validation_ma_st_rae": 0.8820439055806518,
  "restored_validation_point_ma_st_rae": 0.878376905986514,
  "restored_validation_point_st_rae_by_cyp": {
    "CYP1A2": 0.8691663017179879,
    "CYP2C9": 0.7971507852694696,
    "CYP2D6": 1.0442167069070358,
    "CYP3A4": 0.8029738300515628
  },
  "restored_fit_st_rae_by_cyp": {
    "CYP1A2": 0.9111686233645553,
    "CYP2C9": 0.8900054085392732,
    "CYP2D6": 0.9922915847602007,
    "CYP3A4": 0.7963729263584997
  },
  "restored_validation_st_rae_by_cyp": {
    "CYP1A2": 0.8721262654625022,
    "CYP2C9": 0.8021630676901468,
    "CYP2D6": 1.0495681496737503,
    "CYP3A4": 0.8043181394962078
  },
  "validation_bootstrap_metrics": {
    "n_bootstrap_samples": 1000,
    "seed": 0,
    "macro": {
      "st_rae": {
        "mean": 0.8820439055806518,
        "ci_low": 0.8210781777010923,
        "ci_high": 0.9484361865731358
      },
      "mae": {
        "mean": 0.6055692154797183,
        "ci_low": 0.5646339296462738,
        "ci_high": 0.6471157080097344
      },
      "r2": {
        "mean": 0.16932887306172342,
        "ci_low": 0.10958322095029348,
        "ci_high": 0.22284350276910816
      },
      "spearman_rho": {
        "mean": 0.41879727842116155,
        "ci_low": 0.3528098454202044,
        "ci_high": 0.48076009242103784
      },
      "kendall_tau": {
        "mean": 0.2941088715264335,
        "ci_low": 0.2468481122237626,
        "ci_high": 0.3399110129362285
      }
    },
    "per_endpoint": {
      "CYP1A2": {
        "st_rae": {
          "mean": 0.8721262654625022,
          "ci_low": 0.7412991861567841,
          "ci_high": 1.0282402782783377
        },
        "mae": {
          "mean": 0.6094930826736169,
          "ci_low": 0.5018891747568694,
          "ci_high": 0.7199202502277535
        },
        "r2": {
          "mean": 0.18945915432982047,
          "ci_low": 0.07315641035701909,
          "ci_high": 0.3011444041563875
        },
        "spearman_rho": {
          "mean": 0.507965457075219,
          "ci_low": 0.3709667016284711,
          "ci_high": 0.6316213559774446
        },
        "kendall_tau": {
          "mean": 0.36024357262939244,
          "ci_low": 0.25806737008497466,
          "ci_high": 0.4542409598304074
        }
      },
      "CYP2C9": {
        "st_rae": {
          "mean": 0.8021630676901468,
          "ci_low": 0.6390992365268356,
          "ci_high": 1.0031170217537169
        },
        "mae": {
          "mean": 0.5333769802577304,
          "ci_low": 0.46606381974951194,
          "ci_high": 0.6064058560089473
        },
        "r2": {
          "mean": 0.25987686416810074,
          "ci_low": 0.09258219075165733,
          "ci_high": 0.3887871963925298
        },
        "spearman_rho": {
          "mean": 0.4662369707685339,
          "ci_low": 0.314309083889319,
          "ci_high": 0.6071647866603238
        },
        "kendall_tau": {
          "mean": 0.32673462161534134,
          "ci_low": 0.21372287000490048,
          "ci_high": 0.4335710602269408
        }
      },
      "CYP2D6": {
        "st_rae": {
          "mean": 1.0495681496737503,
          "ci_low": 0.9600266336774734,
          "ci_high": 1.153221372685225
        },
        "mae": {
          "mean": 0.5596035608345608,
          "ci_low": 0.48024168929213995,
          "ci_high": 0.6439474122329328
        },
        "r2": {
          "mean": -0.03758072900771356,
          "ci_low": -0.14657685342389237,
          "ci_high": 0.058457621537195234
        },
        "spearman_rho": {
          "mean": 0.14812939902740213,
          "ci_low": -0.0070764108635970055,
          "ci_high": 0.3037113289809875
        },
        "kendall_tau": {
          "mean": 0.09652404994167785,
          "ci_low": -0.010596434956270625,
          "ci_high": 0.2032231455223066
        }
      },
      "CYP3A4": {
        "st_rae": {
          "mean": 0.8043181394962078,
          "ci_low": 0.7197644370307836,
          "ci_high": 0.888909641649781
        },
        "mae": {
          "mean": 0.719803238152965,
          "ci_low": 0.6550595716134575,
          "ci_high": 0.7859990398499591
        },
        "r2": {
          "mean": 0.26556020275668607,
          "ci_low": 0.1908343110683782,
          "ci_high": 0.33235483817829536
        },
        "spearman_rho": {
          "mean": 0.5528572868134912,
          "ci_low": 0.4582512449689941,
          "ci_high": 0.6399473798075296
        },
        "kendall_tau": {
          "mean": 0.3929332419193224,
          "ci_low": 0.323225133701054,
          "ci_high": 0.45883671265689085
        }
      }
    }
  },
  "epochs_run": 5,
  "fit_observations": 2652,
  "validation_observations": 680,
  "rule": "gated_residual",
  "generations": 250,
  "hidden_channels": 8,
  "atom_feature_profile": "electronic_local",
  "atom_feature_count": 37,
  "atom_feature_names": [
    "element_H",
    "element_C",
    "element_N",
    "element_O",
    "element_F",
    "element_P",
    "element_S",
    "element_Cl",
    "element_Br",
    "element_I",
    "element_other",
    "formal_charge",
    "aromatic",
    "hybrid_sp",
    "hybrid_sp2",
    "hybrid_sp3",
    "hybrid_other",
    "degree",
    "total_hydrogens",
    "in_ring",
    "hbond_donor",
    "hbond_acceptor",
    "chiral_cw",
    "chiral_ccw",
    "chiral_other",
    "electronegativity",
    "polarizability",
    "heteroatom",
    "halogen",
    "conjugated_bond_fraction",
    "first_ionization_energy",
    "electron_affinity",
    "electronic_property_missing",
    "mean_neighbour_electronegativity",
    "electronegativity_difference",
    "mean_neighbour_atomic_number",
    "neighbour_formal_charge"
  ],
  "device": "cuda",
  "gpu": "NVIDIA GeForce RTX 5070 Ti",
  "training_seconds": 102.43475189991295,
  "peak_gpu_memory_bytes": 479957504,
  "runtime": {
    "operating_system": "Windows-10-10.0.26200-SP0",
    "machine": "AMD64",
    "python": "3.11.16",
    "python_executable": "C:\\Users\\Anthony\\anaconda3\\envs\\strange-matter-gpu\\python.exe",
    "pytorch": "2.11.0+cu128",
    "pytorch_cuda": "12.8",
    "device": "cuda",
    "gpu": "NVIDIA GeForce RTX 5070 Ti"
  },
  "validation_protocol": {
    "kind": "scaffold_cross_validation",
    "fold": 0,
    "folds": 5
  },
  "readout": "differentiable_closed_form_ridge",
  "hyperparameters": {
    "ca_lr": 0.0003,
    "ridge": 1.0,
    "ca_l2": 0.0001,
    "gradient_clip": 1.0,
    "update_scale": 0.25,
    "init_scale": 0.5,
    "initial_noise": 0.0,
    "support_fraction": 0.6,
    "bond_temperature": 2.0,
    "dyn_a": 0.5,
    "dyn_b": 0.2,
    "dyn_c": 0.5,
    "dyn_d": 0.05,
    "lr_schedule": "cosine_0.1x"
  }
}
