{"operating_system": "Windows-10-10.0.26200-SP0", "machine": "AMD64", "python": "3.11.16", "python_executable": "C:\\Users\\Anthony\\anaconda3\\envs\\strange-matter-gpu\\python.exe", "pytorch": "2.11.0+cu128", "pytorch_cuda": "12.8", "device": "cuda", "gpu": "NVIDIA GeForce RTX 5070 Ti"}
{"epoch": 1, "train_rmse": 1.0025670591937492, "validation_rmse": 0.9096205830574036, "validation_ma_st_rae": 0.9504607019483392, "validation_CYP1A2_st_rae": 0.9814426767562239, "validation_CYP2C9_st_rae": 0.857777537339052, "validation_CYP2D6_st_rae": 1.1643789047285233, "validation_CYP3A4_st_rae": 0.7982436889695578, "mean_raw_gradient_norm": 3.5048739314079285, "fraction_gradients_clipped": 1.0}
{"epoch": 2, "train_rmse": 0.9847448524990141, "validation_rmse": 0.8986331224441528, "validation_ma_st_rae": 0.9251237488413405, "validation_CYP1A2_st_rae": 0.959676913387568, "validation_CYP2C9_st_rae": 0.8264828926148434, "validation_CYP2D6_st_rae": 1.140741804816841, "validation_CYP3A4_st_rae": 0.7735933845461097, "mean_raw_gradient_norm": 2.9113913401961327, "fraction_gradients_clipped": 1.0}
{"epoch": 3, "train_rmse": 0.9683688541929464, "validation_rmse": 0.895746648311615, "validation_ma_st_rae": 0.921469416398837, "validation_CYP1A2_st_rae": 0.9542629109672778, "validation_CYP2C9_st_rae": 0.8344996267232205, "validation_CYP2D6_st_rae": 1.1305175065237065, "validation_CYP3A4_st_rae": 0.766597621381143, "mean_raw_gradient_norm": 3.313325047492981, "fraction_gradients_clipped": 1.0}
{"epoch": 4, "train_rmse": 0.9789799710861948, "validation_rmse": 0.8927092552185059, "validation_ma_st_rae": 0.914178906886296, "validation_CYP1A2_st_rae": 0.9453407278913021, "validation_CYP2C9_st_rae": 0.8342752564140781, "validation_CYP2D6_st_rae": 1.114247736214339, "validation_CYP3A4_st_rae": 0.762851907025465, "mean_raw_gradient_norm": 3.61466221511364, "fraction_gradients_clipped": 1.0}
{"epoch": 5, "train_rmse": 0.9187106565650041, "validation_rmse": 0.8913275599479675, "validation_ma_st_rae": 0.910613292671689, "validation_CYP1A2_st_rae": 0.9407242758731552, "validation_CYP2C9_st_rae": 0.8340015853067853, "validation_CYP2D6_st_rae": 1.1063213308944442, "validation_CYP3A4_st_rae": 0.7614059786123716, "mean_raw_gradient_norm": 3.6006081327795982, "fraction_gradients_clipped": 1.0}
{
  "seed": 1701,
  "selection_metric": "validation_ma_st_rae",
  "best_validation_ma_st_rae": 0.910613292671689,
  "best_validation_rmse": 0.8913275599479675,
  "restored_fit_rmse": 0.8839322328567505,
  "restored_validation_rmse": 0.8913255333900452,
  "restored_fit_ma_st_rae": 0.8984763126889106,
  "restored_validation_ma_st_rae": 0.9133249122968605,
  "restored_validation_point_ma_st_rae": 0.9106135370439947,
  "restored_validation_point_st_rae_by_cyp": {
    "CYP1A2": 0.9407114682675963,
    "CYP2C9": 0.8340161103976096,
    "CYP2D6": 1.1063186419079338,
    "CYP3A4": 0.7614079276028389
  },
  "restored_fit_st_rae_by_cyp": {
    "CYP1A2": 0.9176757982674695,
    "CYP2C9": 0.826014110415086,
    "CYP2D6": 1.0930327760581648,
    "CYP3A4": 0.7571825660149226
  },
  "restored_validation_st_rae_by_cyp": {
    "CYP1A2": 0.9450547543981008,
    "CYP2C9": 0.8360981581470031,
    "CYP2D6": 1.1085839852822081,
    "CYP3A4": 0.7635627513601294
  },
  "validation_bootstrap_metrics": {
    "n_bootstrap_samples": 1000,
    "seed": 0,
    "macro": {
      "st_rae": {
        "mean": 0.9133249122968605,
        "ci_low": 0.8482859456844407,
        "ci_high": 0.9795694686478167
      },
      "mae": {
        "mean": 0.6629131839313666,
        "ci_low": 0.6197767323073401,
        "ci_high": 0.7085000128846184
      },
      "r2": {
        "mean": 0.11931444576403134,
        "ci_low": 0.05097649305231702,
        "ci_high": 0.18490344792314523
      },
      "spearman_rho": {
        "mean": 0.39707402827251187,
        "ci_low": 0.3243747175371399,
        "ci_high": 0.4663757862336653
      },
      "kendall_tau": {
        "mean": 0.2772737611436635,
        "ci_low": 0.2263255345510718,
        "ci_high": 0.3259077506674849
      }
    },
    "per_endpoint": {
      "CYP1A2": {
        "st_rae": {
          "mean": 0.9450547543981008,
          "ci_low": 0.8255484007154382,
          "ci_high": 1.0813039545025167
        },
        "mae": {
          "mean": 0.7034072268583478,
          "ci_low": 0.6087344869644973,
          "ci_high": 0.8015369758553748
        },
        "r2": {
          "mean": 0.12054571823011599,
          "ci_low": -0.004457644880674791,
          "ci_high": 0.23228376000611445
        },
        "spearman_rho": {
          "mean": 0.4406141646459958,
          "ci_low": 0.3005401754645748,
          "ci_high": 0.5744120586495962
        },
        "kendall_tau": {
          "mean": 0.30053652406972675,
          "ci_low": 0.2007926885852287,
          "ci_high": 0.3976243549870778
        }
      },
      "CYP2C9": {
        "st_rae": {
          "mean": 0.8360981581470031,
          "ci_low": 0.6914825719640191,
          "ci_high": 1.0175927849768436
        },
        "mae": {
          "mean": 0.535823522059972,
          "ci_low": 0.46931788684757614,
          "ci_high": 0.6104490916237576
        },
        "r2": {
          "mean": 0.1709413116535313,
          "ci_low": -0.02434341983862398,
          "ci_high": 0.3237134754661751
        },
        "spearman_rho": {
          "mean": 0.4549731272741467,
          "ci_low": 0.3023923826903531,
          "ci_high": 0.5930426283669737
        },
        "kendall_tau": {
          "mean": 0.31740612837769205,
          "ci_low": 0.20528948501557337,
          "ci_high": 0.4228645459196548
        }
      },
      "CYP2D6": {
        "st_rae": {
          "mean": 1.1085839852822081,
          "ci_low": 0.9894432537815319,
          "ci_high": 1.2554997074226815
        },
        "mae": {
          "mean": 0.6440600100921017,
          "ci_low": 0.5411363877954274,
          "ci_high": 0.7564504182251701
        },
        "r2": {
          "mean": -0.05362585495262924,
          "ci_low": -0.20365386008726505,
          "ci_high": 0.07257856667594687
        },
        "spearman_rho": {
          "mean": 0.17743079455015828,
          "ci_low": 0.001155307229420941,
          "ci_high": 0.34411549985203294
        },
        "kendall_tau": {
          "mean": 0.1264711893979122,
          "ci_low": 0.00976462878647336,
          "ci_high": 0.24243737993157585
        }
      },
      "CYP3A4": {
        "st_rae": {
          "mean": 0.7635627513601294,
          "ci_low": 0.6777193810211329,
          "ci_high": 0.8561663673632699
        },
        "mae": {
          "mean": 0.7683619767150445,
          "ci_low": 0.6906551359600052,
          "ci_high": 0.8417917778383153
        },
        "r2": {
          "mean": 0.23939660812510727,
          "ci_low": 0.16099420367609982,
          "ci_high": 0.3166179345316001
        },
        "spearman_rho": {
          "mean": 0.5152780266197469,
          "ci_low": 0.4103117654058993,
          "ci_high": 0.6129779107008445
        },
        "kendall_tau": {
          "mean": 0.36468120272932286,
          "ci_low": 0.28680011505734804,
          "ci_high": 0.4383215616857159
        }
      }
    }
  },
  "epochs_run": 5,
  "fit_observations": 2659,
  "validation_observations": 646,
  "rule": "kuramoto_sakaguchi",
  "generations": 32,
  "hidden_channels": 4,
  "atom_feature_profile": "periodic",
  "atom_feature_count": 33,
  "atom_feature_names": [
    "element_H",
    "element_C",
    "element_N",
    "element_O",
    "element_F",
    "element_P",
    "element_S",
    "element_Cl",
    "element_Br",
    "element_I",
    "element_other",
    "formal_charge",
    "aromatic",
    "hybrid_sp",
    "hybrid_sp2",
    "hybrid_sp3",
    "hybrid_other",
    "degree",
    "total_hydrogens",
    "in_ring",
    "hbond_donor",
    "hbond_acceptor",
    "chiral_cw",
    "chiral_ccw",
    "chiral_other",
    "atomic_number",
    "atomic_mass",
    "covalent_radius",
    "vdw_radius",
    "outer_electrons",
    "period",
    "periodic_group",
    "atomic_volume"
  ],
  "device": "cuda",
  "gpu": "NVIDIA GeForce RTX 5070 Ti",
  "training_seconds": 16.67293360014446,
  "peak_gpu_memory_bytes": 77384192,
  "runtime": {
    "operating_system": "Windows-10-10.0.26200-SP0",
    "machine": "AMD64",
    "python": "3.11.16",
    "python_executable": "C:\\Users\\Anthony\\anaconda3\\envs\\strange-matter-gpu\\python.exe",
    "pytorch": "2.11.0+cu128",
    "pytorch_cuda": "12.8",
    "device": "cuda",
    "gpu": "NVIDIA GeForce RTX 5070 Ti"
  },
  "validation_protocol": {
    "kind": "scaffold_cross_validation",
    "fold": 1,
    "folds": 5
  },
  "readout": "differentiable_closed_form_ridge",
  "prediction_mode": "direct",
  "residual_alpha": null,
  "trajectory_pooling": "legacy",
  "ridge_mode": "shared",
  "loss_mode": "mse",
  "interval_loss_beta": 0.0,
  "interval_temperature": 0.02,
  "hyperparameters": {
    "ca_lr": 0.001,
    "ridge": 1.0,
    "ca_l2": 0.0001,
    "gradient_clip": 1.0,
    "update_scale": 0.4,
    "init_scale": 1.5,
    "initial_noise": 0.005,
    "support_fraction": 0.6,
    "bond_temperature": 1.0,
    "dyn_a": 0.2,
    "dyn_b": 0.2,
    "dyn_c": 0.2,
    "dyn_d": 0.3,
    "lr_schedule": "cosine_0.1x"
  }
}
