{"operating_system": "macOS-26.2-arm64-arm-64bit", "machine": "arm64", "python": "3.10.19", "python_executable": "/opt/anaconda3/envs/kcc2/bin/python3.10", "pytorch": "2.8.0", "pytorch_cuda": null, "device": "cpu", "gpu": null}
{"epoch": 1, "train_rmse": 1.6092278229456605, "validation_rmse": 0.8867095708847046, "mean_raw_gradient_norm": 1578.1057778635334, "fraction_gradients_clipped": 1.0}
{"epoch": 2, "train_rmse": 11.103480385635848, "validation_rmse": 0.8846554160118103, "mean_raw_gradient_norm": 340235.7677568005, "fraction_gradients_clipped": 1.0}
{"epoch": 3, "train_rmse": 26.709540478146252, "validation_rmse": 0.8841003179550171, "mean_raw_gradient_norm": 879267.1587440737, "fraction_gradients_clipped": 1.0}
{"epoch": 4, "train_rmse": 61.80722375952681, "validation_rmse": 0.8793134689331055, "mean_raw_gradient_norm": 3344651.4051449685, "fraction_gradients_clipped": 1.0}
{"epoch": 5, "train_rmse": 1.4544449635519432, "validation_rmse": 0.8843085765838623, "mean_raw_gradient_norm": 703.0061601208103, "fraction_gradients_clipped": 1.0}
{"epoch": 6, "train_rmse": 7.490023589147766, "validation_rmse": 0.8825801610946655, "mean_raw_gradient_norm": 99705.77636251142, "fraction_gradients_clipped": 1.0}
{"epoch": 7, "train_rmse": 1.9304257507048224, "validation_rmse": 0.8813939690589905, "mean_raw_gradient_norm": 964.5682765591529, "fraction_gradients_clipped": 1.0}
{"epoch": 8, "train_rmse": 85.93330960988372, "validation_rmse": 0.8815401196479797, "mean_raw_gradient_norm": 4517529.096560816, "fraction_gradients_clipped": 1.0}
{
  "seed": 4211,
  "best_validation_rmse": 0.8793134689331055,
  "restored_fit_rmse": 0.83601975440979,
  "restored_validation_rmse": 0.8793134689331055,
  "epochs_run": 8,
  "fit_observations": 5216,
  "validation_observations": 1309,
  "rule": "fitzhugh_nagumo",
  "generations": 32,
  "hidden_channels": 16,
  "device": "cpu",
  "gpu": null,
  "training_seconds": 92.4215004160069,
  "peak_gpu_memory_bytes": 0,
  "runtime": {
    "operating_system": "macOS-26.2-arm64-arm-64bit",
    "machine": "arm64",
    "python": "3.10.19",
    "python_executable": "/opt/anaconda3/envs/kcc2/bin/python3.10",
    "pytorch": "2.8.0",
    "pytorch_cuda": null,
    "device": "cpu",
    "gpu": null
  },
  "readout": "differentiable_closed_form_ridge",
  "hyperparameters": {
    "ca_lr": 0.001,
    "ridge": 0.01,
    "ca_l2": 0.0001,
    "gradient_clip": 0.5,
    "update_scale": 0.4,
    "init_scale": 1.0,
    "initial_noise": 0.0,
    "support_fraction": 0.75,
    "bond_temperature": 2.0,
    "dyn_a": 0.5,
    "dyn_b": 0.8,
    "dyn_c": 0.5,
    "dyn_d": 0.05,
    "lr_schedule": "cosine_0.1x"
  }
}
