{"operating_system": "Windows-10-10.0.26200-SP0", "machine": "AMD64", "python": "3.11.16", "python_executable": "C:\\Users\\Anthony\\anaconda3\\envs\\strange-matter-gpu\\python.exe", "pytorch": "2.11.0+cu128", "pytorch_cuda": "12.8", "device": "cuda", "gpu": "NVIDIA GeForce RTX 5070 Ti"}
{"epoch": 1, "train_rmse": 1.0131799745084071, "validation_rmse": 0.8280293941497803, "validation_ma_st_rae": 0.8932904073910797, "validation_CYP1A2_st_rae": 0.9108410605810284, "validation_CYP2C9_st_rae": 0.8025241832002386, "validation_CYP2D6_st_rae": 1.0508404706282537, "validation_CYP3A4_st_rae": 0.8089559151547983, "mean_raw_gradient_norm": 3.1419609785079956, "fraction_gradients_clipped": 0.8125}
{"epoch": 2, "train_rmse": 30.10336888306466, "validation_rmse": 0.8269381523132324, "validation_ma_st_rae": 0.8878741654031255, "validation_CYP1A2_st_rae": 0.8603602341497868, "validation_CYP2C9_st_rae": 0.8180433973514324, "validation_CYP2D6_st_rae": 1.054528306497554, "validation_CYP3A4_st_rae": 0.8185647236137286, "mean_raw_gradient_norm": 19050.89930947125, "fraction_gradients_clipped": 0.75}
{"epoch": 3, "train_rmse": 8.800836326252577, "validation_rmse": 0.8234326839447021, "validation_ma_st_rae": 0.8817715507008516, "validation_CYP1A2_st_rae": 0.8727819520869824, "validation_CYP2C9_st_rae": 0.8113067958526055, "validation_CYP2D6_st_rae": 1.0340446160842838, "validation_CYP3A4_st_rae": 0.8089528387795349, "mean_raw_gradient_norm": 3481.1149850934744, "fraction_gradients_clipped": 0.8125}
{"epoch": 4, "train_rmse": 0.983275701531204, "validation_rmse": 0.8230496644973755, "validation_ma_st_rae": 0.8802566118679013, "validation_CYP1A2_st_rae": 0.8791797955073974, "validation_CYP2C9_st_rae": 0.8095923079954465, "validation_CYP2D6_st_rae": 1.0149153559820852, "validation_CYP3A4_st_rae": 0.8173389879866765, "mean_raw_gradient_norm": 2.3694254979491234, "fraction_gradients_clipped": 0.625}
{"epoch": 5, "train_rmse": 1.0271842868686356, "validation_rmse": 0.8240504860877991, "validation_ma_st_rae": 0.8841673628978144, "validation_CYP1A2_st_rae": 0.8812932206504768, "validation_CYP2C9_st_rae": 0.814061538799828, "validation_CYP2D6_st_rae": 1.0260715748966989, "validation_CYP3A4_st_rae": 0.8152431172442542, "mean_raw_gradient_norm": 2.2180801071226597, "fraction_gradients_clipped": 0.5}
{
  "seed": 1701,
  "selection_metric": "validation_ma_st_rae",
  "best_validation_ma_st_rae": 0.8817715507008516,
  "best_validation_rmse": 0.8234326839447021,
  "restored_fit_rmse": 0.8919321298599243,
  "restored_validation_rmse": 0.8234328031539917,
  "restored_fit_ma_st_rae": 0.8916934923872211,
  "restored_validation_ma_st_rae": 0.8859198091978648,
  "restored_validation_point_ma_st_rae": 0.8817728597743124,
  "restored_validation_point_st_rae_by_cyp": {
    "CYP1A2": 0.8727889789289621,
    "CYP2C9": 0.8113119839330973,
    "CYP2D6": 1.034040656695811,
    "CYP3A4": 0.8089498195393794
  },
  "restored_fit_st_rae_by_cyp": {
    "CYP1A2": 0.9121591642509919,
    "CYP2C9": 0.8479874417821677,
    "CYP2D6": 1.0347791629006513,
    "CYP3A4": 0.7718482006150735
  },
  "restored_validation_st_rae_by_cyp": {
    "CYP1A2": 0.8763100537131417,
    "CYP2C9": 0.8168988851017928,
    "CYP2D6": 1.039675361571158,
    "CYP3A4": 0.810794936405367
  },
  "validation_bootstrap_metrics": {
    "n_bootstrap_samples": 1000,
    "seed": 0,
    "macro": {
      "st_rae": {
        "mean": 0.8859198091978648,
        "ci_low": 0.8283964321615018,
        "ci_high": 0.9475736673366262
      },
      "mae": {
        "mean": 0.6063866926695086,
        "ci_low": 0.5652790449915165,
        "ci_high": 0.6487544162055974
      },
      "r2": {
        "mean": 0.16206781607606927,
        "ci_low": 0.11355145874188412,
        "ci_high": 0.20844160391734462
      },
      "spearman_rho": {
        "mean": 0.3866796979809052,
        "ci_low": 0.31631706521357,
        "ci_high": 0.45227169628471164
      },
      "kendall_tau": {
        "mean": 0.2713889353217989,
        "ci_low": 0.2198594764390793,
        "ci_high": 0.3214423408040192
      }
    },
    "per_endpoint": {
      "CYP1A2": {
        "st_rae": {
          "mean": 0.8763100537131417,
          "ci_low": 0.7528535322372315,
          "ci_high": 1.0108706717387481
        },
        "mae": {
          "mean": 0.6105900788601016,
          "ci_low": 0.5033691334472575,
          "ci_high": 0.7222628064978291
        },
        "r2": {
          "mean": 0.15951176244317736,
          "ci_low": 0.061017781492977555,
          "ci_high": 0.2593146752932019
        },
        "spearman_rho": {
          "mean": 0.4570904001871056,
          "ci_low": 0.3168718879730636,
          "ci_high": 0.5821529781606449
        },
        "kendall_tau": {
          "mean": 0.3216126205908416,
          "ci_low": 0.22323782357768837,
          "ci_high": 0.4203941890131727
        }
      },
      "CYP2C9": {
        "st_rae": {
          "mean": 0.8168988851017928,
          "ci_low": 0.6640377789424806,
          "ci_high": 0.9859311407352832
        },
        "mae": {
          "mean": 0.5334546896123539,
          "ci_low": 0.460882176621987,
          "ci_high": 0.6138195380242202
        },
        "r2": {
          "mean": 0.22883518028421423,
          "ci_low": 0.09735077009767339,
          "ci_high": 0.330786692664777
        },
        "spearman_rho": {
          "mean": 0.45282262448717864,
          "ci_low": 0.2944598098656887,
          "ci_high": 0.5835968660673031
        },
        "kendall_tau": {
          "mean": 0.31738019708551335,
          "ci_low": 0.20137214821394023,
          "ci_high": 0.4184680710654245
        }
      },
      "CYP2D6": {
        "st_rae": {
          "mean": 1.039675361571158,
          "ci_low": 0.953798643830236,
          "ci_high": 1.142384105907007
        },
        "mae": {
          "mean": 0.5609191787137925,
          "ci_low": 0.4802651141049727,
          "ci_high": 0.6432190170827902
        },
        "r2": {
          "mean": -0.03267227270825516,
          "ci_low": -0.14772250885548927,
          "ci_high": 0.05758360521720008
        },
        "spearman_rho": {
          "mean": 0.12013013435490177,
          "ci_low": -0.03785113567414554,
          "ci_high": 0.27349400955034403
        },
        "kendall_tau": {
          "mean": 0.08108692962077174,
          "ci_low": -0.026813586804000897,
          "ci_high": 0.18600931573988472
        }
      },
      "CYP3A4": {
        "st_rae": {
          "mean": 0.810794936405367,
          "ci_low": 0.7179665579464513,
          "ci_high": 0.9074949829388923
        },
        "mae": {
          "mean": 0.720582823491786,
          "ci_low": 0.6580427238394406,
          "ci_high": 0.7817004863388282
        },
        "r2": {
          "mean": 0.2925965942851407,
          "ci_low": 0.20615752165953966,
          "ci_high": 0.3746047483528846
        },
        "spearman_rho": {
          "mean": 0.5166756328944347,
          "ci_low": 0.41850964252691264,
          "ci_high": 0.6190134636594251
        },
        "kendall_tau": {
          "mean": 0.3654759939900688,
          "ci_low": 0.29015715616782445,
          "ci_high": 0.4456912856128235
        }
      }
    }
  },
  "epochs_run": 5,
  "fit_observations": 2652,
  "validation_observations": 680,
  "rule": "kuramoto_sakaguchi",
  "generations": 125,
  "hidden_channels": 4,
  "atom_feature_profile": "electronic",
  "atom_feature_count": 33,
  "atom_feature_names": [
    "element_H",
    "element_C",
    "element_N",
    "element_O",
    "element_F",
    "element_P",
    "element_S",
    "element_Cl",
    "element_Br",
    "element_I",
    "element_other",
    "formal_charge",
    "aromatic",
    "hybrid_sp",
    "hybrid_sp2",
    "hybrid_sp3",
    "hybrid_other",
    "degree",
    "total_hydrogens",
    "in_ring",
    "hbond_donor",
    "hbond_acceptor",
    "chiral_cw",
    "chiral_ccw",
    "chiral_other",
    "electronegativity",
    "polarizability",
    "heteroatom",
    "halogen",
    "conjugated_bond_fraction",
    "first_ionization_energy",
    "electron_affinity",
    "electronic_property_missing"
  ],
  "device": "cuda",
  "gpu": "NVIDIA GeForce RTX 5070 Ti",
  "training_seconds": 45.652706699911505,
  "peak_gpu_memory_bytes": 237731328,
  "runtime": {
    "operating_system": "Windows-10-10.0.26200-SP0",
    "machine": "AMD64",
    "python": "3.11.16",
    "python_executable": "C:\\Users\\Anthony\\anaconda3\\envs\\strange-matter-gpu\\python.exe",
    "pytorch": "2.11.0+cu128",
    "pytorch_cuda": "12.8",
    "device": "cuda",
    "gpu": "NVIDIA GeForce RTX 5070 Ti"
  },
  "validation_protocol": {
    "kind": "scaffold_cross_validation",
    "fold": 0,
    "folds": 5
  },
  "readout": "differentiable_closed_form_ridge",
  "prediction_mode": "direct",
  "residual_alpha": null,
  "trajectory_pooling": "legacy",
  "ridge_mode": "shared",
  "loss_mode": "mse",
  "interval_loss_beta": 0.0,
  "interval_temperature": 0.05,
  "hyperparameters": {
    "ca_lr": 0.003,
    "ridge": 0.1,
    "ca_l2": 1e-05,
    "gradient_clip": 2.0,
    "update_scale": 0.08,
    "init_scale": 1.0,
    "initial_noise": 0.005,
    "support_fraction": 0.6,
    "bond_temperature": 2.0,
    "dyn_a": 0.5,
    "dyn_b": 0.8,
    "dyn_c": 0.5,
    "dyn_d": 0.15,
    "lr_schedule": "cosine_0.1x"
  }
}
