{"operating_system": "Windows-10-10.0.26200-SP0", "machine": "AMD64", "python": "3.11.16", "python_executable": "C:\\Users\\Anthony\\anaconda3\\envs\\strange-matter-gpu\\python.exe", "pytorch": "2.11.0+cu128", "pytorch_cuda": "12.8", "device": "cuda", "gpu": "NVIDIA GeForce RTX 5070 Ti"}
{"epoch": 1, "train_rmse": 1.0984805243886393, "validation_rmse": 0.7979770302772522, "validation_ma_st_rae": 0.8399533187724013, "validation_CYP1A2_st_rae": 0.858269337832801, "validation_CYP2C9_st_rae": 0.7867699783635861, "validation_CYP2D6_st_rae": 0.96304780289775, "validation_CYP3A4_st_rae": 0.7517261559954681, "mean_raw_gradient_norm": 4.820171985626221, "fraction_gradients_clipped": 0.96}
{"epoch": 2, "train_rmse": 1.0699209555692561, "validation_rmse": 0.7964722514152527, "validation_ma_st_rae": 0.8395762216176336, "validation_CYP1A2_st_rae": 0.8565875475094199, "validation_CYP2C9_st_rae": 0.7881157021328151, "validation_CYP2D6_st_rae": 0.9635682352064328, "validation_CYP3A4_st_rae": 0.750033401621866, "mean_raw_gradient_norm": 4.633917169570923, "fraction_gradients_clipped": 0.96}
{"epoch": 3, "train_rmse": 1.0214000746673046, "validation_rmse": 0.7958686947822571, "validation_ma_st_rae": 0.840798357738484, "validation_CYP1A2_st_rae": 0.8542120455703847, "validation_CYP2C9_st_rae": 0.792708685542498, "validation_CYP2D6_st_rae": 0.9674823123871389, "validation_CYP3A4_st_rae": 0.7487903874539145, "mean_raw_gradient_norm": 3.743477282524109, "fraction_gradients_clipped": 0.92}
{"epoch": 4, "train_rmse": 1.0249085683930799, "validation_rmse": 0.7950011491775513, "validation_ma_st_rae": 0.838952751887402, "validation_CYP1A2_st_rae": 0.8547963196229998, "validation_CYP2C9_st_rae": 0.7872906613793461, "validation_CYP2D6_st_rae": 0.9654171393162302, "validation_CYP3A4_st_rae": 0.7483068872310321, "mean_raw_gradient_norm": 4.00426549911499, "fraction_gradients_clipped": 1.0}
{
  "seed": 1701,
  "selection_metric": "validation_ma_st_rae",
  "best_validation_ma_st_rae": 0.8399533187724013,
  "best_validation_rmse": 0.7979770302772522,
  "restored_fit_rmse": 0.873091995716095,
  "restored_validation_rmse": 0.797977864742279,
  "restored_fit_ma_st_rae": 0.8655851969217785,
  "restored_validation_ma_st_rae": 0.841927917581004,
  "restored_validation_point_ma_st_rae": 0.8399563089315017,
  "restored_validation_point_st_rae_by_cyp": {
    "CYP1A2": 0.8582805459857533,
    "CYP2C9": 0.7867715278948749,
    "CYP2D6": 0.9630525245022279,
    "CYP3A4": 0.751720637343151
  },
  "restored_fit_st_rae_by_cyp": {
    "CYP1A2": 0.8880187408185669,
    "CYP2C9": 0.8398854018063874,
    "CYP2D6": 0.9798509567164665,
    "CYP3A4": 0.754585688345693
  },
  "restored_validation_st_rae_by_cyp": {
    "CYP1A2": 0.8598686508166092,
    "CYP2C9": 0.7889379515064251,
    "CYP2D6": 0.9659831162200475,
    "CYP3A4": 0.7529219517809347
  },
  "validation_bootstrap_metrics": {
    "n_bootstrap_samples": 1000,
    "seed": 0,
    "macro": {
      "st_rae": {
        "mean": 0.841927917581004,
        "ci_low": 0.7942870805966711,
        "ci_high": 0.893721615224431
      },
      "mae": {
        "mean": 0.5851940275524653,
        "ci_low": 0.5538853808839699,
        "ci_high": 0.6184052147410354
      },
      "r2": {
        "mean": 0.20675933082207656,
        "ci_low": 0.16082694770588774,
        "ci_high": 0.2506228086613458
      },
      "spearman_rho": {
        "mean": 0.4664217077406001,
        "ci_low": 0.41455553040927834,
        "ci_high": 0.5166777251012258
      },
      "kendall_tau": {
        "mean": 0.32859832480632556,
        "ci_low": 0.2911068983217687,
        "ci_high": 0.36641720399256067
      }
    },
    "per_endpoint": {
      "CYP1A2": {
        "st_rae": {
          "mean": 0.8598686508166092,
          "ci_low": 0.7426967654775938,
          "ci_high": 0.9851375455250431
        },
        "mae": {
          "mean": 0.5992399780046833,
          "ci_low": 0.5234205561715204,
          "ci_high": 0.6798829004436999
        },
        "r2": {
          "mean": 0.20414221250638265,
          "ci_low": 0.09325561582035038,
          "ci_high": 0.30597886205772734
        },
        "spearman_rho": {
          "mean": 0.4970477167039286,
          "ci_low": 0.39345617811809125,
          "ci_high": 0.6001408684693926
        },
        "kendall_tau": {
          "mean": 0.35026740443114407,
          "ci_low": 0.2725200688073394,
          "ci_high": 0.4272611290521737
        }
      },
      "CYP2C9": {
        "st_rae": {
          "mean": 0.7889379515064251,
          "ci_low": 0.6654095512936844,
          "ci_high": 0.9115828046198831
        },
        "mae": {
          "mean": 0.5004097361344896,
          "ci_low": 0.4458005673050331,
          "ci_high": 0.5537492892983872
        },
        "r2": {
          "mean": 0.26776138036892916,
          "ci_low": 0.1642048547942479,
          "ci_high": 0.3719162065858691
        },
        "spearman_rho": {
          "mean": 0.4757203598276433,
          "ci_low": 0.36461764127699314,
          "ci_high": 0.5922871846868608
        },
        "kendall_tau": {
          "mean": 0.33828554575527414,
          "ci_low": 0.2534509980223821,
          "ci_high": 0.42748648297283337
        }
      },
      "CYP2D6": {
        "st_rae": {
          "mean": 0.9659831162200475,
          "ci_low": 0.8872653562079326,
          "ci_high": 1.0470149344261335
        },
        "mae": {
          "mean": 0.5406668548094921,
          "ci_low": 0.47912514051820476,
          "ci_high": 0.6096058966257633
        },
        "r2": {
          "mean": 0.0320091804451572,
          "ci_low": -0.0528194060961545,
          "ci_high": 0.11263921596663846
        },
        "spearman_rho": {
          "mean": 0.32045065986587157,
          "ci_low": 0.2078883390786628,
          "ci_high": 0.43040874783830396
        },
        "kendall_tau": {
          "mean": 0.2156750449537402,
          "ci_low": 0.1366060754308002,
          "ci_high": 0.29295809789664456
        }
      },
      "CYP3A4": {
        "st_rae": {
          "mean": 0.7529219517809347,
          "ci_low": 0.6789283276429742,
          "ci_high": 0.822849260508808
        },
        "mae": {
          "mean": 0.7004595412611961,
          "ci_low": 0.6485247777877273,
          "ci_high": 0.7549934469982164
        },
        "r2": {
          "mean": 0.32312454996783724,
          "ci_low": 0.2498275304894585,
          "ci_high": 0.3915392247744183
        },
        "spearman_rho": {
          "mean": 0.5724680945649567,
          "ci_low": 0.4971195189371083,
          "ci_high": 0.6501488135650006
        },
        "kendall_tau": {
          "mean": 0.41016530408514373,
          "ci_low": 0.3524064806599048,
          "ci_high": 0.4701583249100755
        }
      }
    }
  },
  "epochs_run": 4,
  "fit_observations": 4179,
  "validation_observations": 1037,
  "rule": "gated_residual",
  "generations": 250,
  "hidden_channels": 16,
  "atom_feature_profile": "local_environment",
  "atom_feature_count": 29,
  "atom_feature_names": [
    "element_H",
    "element_C",
    "element_N",
    "element_O",
    "element_F",
    "element_P",
    "element_S",
    "element_Cl",
    "element_Br",
    "element_I",
    "element_other",
    "formal_charge",
    "aromatic",
    "hybrid_sp",
    "hybrid_sp2",
    "hybrid_sp3",
    "hybrid_other",
    "degree",
    "total_hydrogens",
    "in_ring",
    "hbond_donor",
    "hbond_acceptor",
    "chiral_cw",
    "chiral_ccw",
    "chiral_other",
    "mean_neighbour_electronegativity",
    "electronegativity_difference",
    "mean_neighbour_atomic_number",
    "neighbour_formal_charge"
  ],
  "device": "cuda",
  "gpu": "NVIDIA GeForce RTX 5070 Ti",
  "training_seconds": 83.6169231000822,
  "peak_gpu_memory_bytes": 1523692544,
  "runtime": {
    "operating_system": "Windows-10-10.0.26200-SP0",
    "machine": "AMD64",
    "python": "3.11.16",
    "python_executable": "C:\\Users\\Anthony\\anaconda3\\envs\\strange-matter-gpu\\python.exe",
    "pytorch": "2.11.0+cu128",
    "pytorch_cuda": "12.8",
    "device": "cuda",
    "gpu": "NVIDIA GeForce RTX 5070 Ti"
  },
  "validation_protocol": {
    "kind": "scaffold_cross_validation",
    "fold": 0,
    "folds": 5
  },
  "readout": "differentiable_closed_form_ridge",
  "prediction_mode": "direct",
  "residual_alpha": null,
  "trajectory_pooling": "legacy",
  "ridge_mode": "shared",
  "loss_mode": "hybrid_interval",
  "interval_loss_beta": 0.25,
  "interval_temperature": 0.1,
  "hyperparameters": {
    "ca_lr": 0.0003,
    "ridge": 1.0,
    "ca_l2": 0.0001,
    "gradient_clip": 2.0,
    "update_scale": 0.08,
    "init_scale": 0.5,
    "initial_noise": 0.005,
    "support_fraction": 0.75,
    "bond_temperature": 0.5,
    "dyn_a": 0.5,
    "dyn_b": 0.2,
    "dyn_c": 0.2,
    "dyn_d": 0.3,
    "lr_schedule": "cosine_0.1x"
  }
}
