{"device": "cuda", "gpu": "NVIDIA GeForce RTX 5070 Ti", "pytorch": "2.11.0+cu128", "pytorch_cuda": "12.8"}
{"epoch": 1, "train_rmse": 1.1925418921316, "validation_rmse": 1.0256184339523315, "mean_raw_gradient_norm": 18.55896110534668, "fraction_gradients_clipped": 1.0}
{"epoch": 2, "train_rmse": 1.2847247165048574, "validation_rmse": 1.025526523590088, "mean_raw_gradient_norm": 21.101298809051514, "fraction_gradients_clipped": 1.0}
{"epoch": 3, "train_rmse": 1.214929110021809, "validation_rmse": 1.0243991613388062, "mean_raw_gradient_norm": 17.549672079086303, "fraction_gradients_clipped": 1.0}
{
  "seed": 1701,
  "best_validation_rmse": 1.0256184339523315,
  "restored_fit_rmse": 0.8968750834465027,
  "restored_validation_rmse": 1.02561616897583,
  "epochs_run": 3,
  "fit_observations": 791,
  "validation_observations": 273,
  "rule": "inertial_reaction_diffusion",
  "generations": 64,
  "hidden_channels": 8,
  "device": "cuda",
  "gpu": "NVIDIA GeForce RTX 5070 Ti",
  "training_seconds": 6.285822800011374,
  "peak_gpu_memory_bytes": 80424960,
  "readout": "differentiable_closed_form_ridge",
  "hyperparameters": {
    "ca_lr": 0.001,
    "ridge": 0.1,
    "ca_l2": 1e-05,
    "gradient_clip": 1.0
  }
}
