{"operating_system": "Windows-10-10.0.26200-SP0", "machine": "AMD64", "python": "3.11.16", "python_executable": "C:\\Users\\Anthony\\anaconda3\\envs\\strange-matter-gpu\\python.exe", "pytorch": "2.11.0+cu128", "pytorch_cuda": "12.8", "device": "cuda", "gpu": "NVIDIA GeForce RTX 5070 Ti"}
{"epoch": 1, "train_rmse": 1.1445894337822933, "validation_rmse": 0.8954797983169556, "validation_ma_st_rae": 0.9281361586666537, "validation_CYP1A2_st_rae": 0.9766852264780755, "validation_CYP2C9_st_rae": 0.7924570765623342, "validation_CYP2D6_st_rae": 1.1957700453528355, "validation_CYP3A4_st_rae": 0.7476322862733698, "mean_raw_gradient_norm": 33.502849419911705, "fraction_gradients_clipped": 1.0}
{"epoch": 2, "train_rmse": 1.1309411190040912, "validation_rmse": 0.8868855237960815, "validation_ma_st_rae": 0.9038003682495793, "validation_CYP1A2_st_rae": 0.9454695537596596, "validation_CYP2C9_st_rae": 0.7859767185597456, "validation_CYP2D6_st_rae": 1.124971062070164, "validation_CYP3A4_st_rae": 0.7587841386087479, "mean_raw_gradient_norm": 23.865917841593426, "fraction_gradients_clipped": 1.0}
{"epoch": 3, "train_rmse": 1.3048638377584554, "validation_rmse": 0.8800068497657776, "validation_ma_st_rae": 0.9022527515166958, "validation_CYP1A2_st_rae": 0.916415360523193, "validation_CYP2C9_st_rae": 0.7856276444207876, "validation_CYP2D6_st_rae": 1.1549204823199286, "validation_CYP3A4_st_rae": 0.7520475188028739, "mean_raw_gradient_norm": 128.033240934213, "fraction_gradients_clipped": 1.0}
{"epoch": 4, "train_rmse": 1.0908732089696263, "validation_rmse": 0.8886170983314514, "validation_ma_st_rae": 0.9107105920827377, "validation_CYP1A2_st_rae": 0.9823787806150485, "validation_CYP2C9_st_rae": 0.8056215981718805, "validation_CYP2D6_st_rae": 1.094577589565641, "validation_CYP3A4_st_rae": 0.7602643999783808, "mean_raw_gradient_norm": 15.117564161618551, "fraction_gradients_clipped": 1.0}
{"epoch": 5, "train_rmse": 1.089751507906032, "validation_rmse": 0.8905346989631653, "validation_ma_st_rae": 0.9083443854768768, "validation_CYP1A2_st_rae": 0.9980640101397209, "validation_CYP2C9_st_rae": 0.8127924638529275, "validation_CYP2D6_st_rae": 1.0701798679559962, "validation_CYP3A4_st_rae": 0.7523411999588626, "mean_raw_gradient_norm": 15.754415233929953, "fraction_gradients_clipped": 1.0}
{
  "seed": 4211,
  "selection_metric": "validation_ma_st_rae",
  "best_validation_ma_st_rae": 0.9038003682495793,
  "best_validation_rmse": 0.8868855237960815,
  "restored_fit_rmse": 0.8381943106651306,
  "restored_validation_rmse": 0.8868154287338257,
  "restored_fit_ma_st_rae": 0.8452036004512425,
  "restored_validation_ma_st_rae": 0.9092127350812441,
  "restored_validation_point_ma_st_rae": 0.9038003524338166,
  "restored_validation_point_st_rae_by_cyp": {
    "CYP1A2": 0.9454578391145987,
    "CYP2C9": 0.7859044354194551,
    "CYP2D6": 1.125060090403671,
    "CYP3A4": 0.7587790447975417
  },
  "restored_fit_st_rae_by_cyp": {
    "CYP1A2": 0.8687456689667661,
    "CYP2C9": 0.7868916942843914,
    "CYP2D6": 1.014301023034818,
    "CYP3A4": 0.7108760155189948
  },
  "restored_validation_st_rae_by_cyp": {
    "CYP1A2": 0.9532829476636782,
    "CYP2C9": 0.7950581570816536,
    "CYP2D6": 1.1276894644584694,
    "CYP3A4": 0.7608203711211753
  },
  "validation_bootstrap_metrics": {
    "n_bootstrap_samples": 1000,
    "seed": 0,
    "macro": {
      "st_rae": {
        "mean": 0.9092127350812441,
        "ci_low": 0.8636372778816783,
        "ci_high": 0.9594803857571398
      },
      "mae": {
        "mean": 0.6657019710246626,
        "ci_low": 0.6312428938314043,
        "ci_high": 0.700582966865016
      },
      "r2": {
        "mean": 0.16793873086541652,
        "ci_low": 0.12302471679418184,
        "ci_high": 0.21027437266489654
      },
      "spearman_rho": {
        "mean": 0.3721903076792925,
        "ci_low": 0.3197212830507912,
        "ci_high": 0.4224821953371713
      },
      "kendall_tau": {
        "mean": 0.2575288850557633,
        "ci_low": 0.21989999835229593,
        "ci_high": 0.2937380836892234
      }
    },
    "per_endpoint": {
      "CYP1A2": {
        "st_rae": {
          "mean": 0.9532829476636782,
          "ci_low": 0.8509551049088331,
          "ci_high": 1.0683533331767125
        },
        "mae": {
          "mean": 0.6973260743618012,
          "ci_low": 0.621082359187457,
          "ci_high": 0.7699765586366459
        },
        "r2": {
          "mean": 0.13785295226939526,
          "ci_low": 0.03544667042262011,
          "ci_high": 0.22693505838336064
        },
        "spearman_rho": {
          "mean": 0.3606633155057625,
          "ci_low": 0.2376992716196735,
          "ci_high": 0.47226030437478855
        },
        "kendall_tau": {
          "mean": 0.24586017698110862,
          "ci_low": 0.1600048115811288,
          "ci_high": 0.3254438736365819
        }
      },
      "CYP2C9": {
        "st_rae": {
          "mean": 0.7950581570816536,
          "ci_low": 0.6936520774154439,
          "ci_high": 0.9130492579040236
        },
        "mae": {
          "mean": 0.5584702378731026,
          "ci_low": 0.4989265910888973,
          "ci_high": 0.6232470401546412
        },
        "r2": {
          "mean": 0.27259571130090526,
          "ci_low": 0.18496037171662313,
          "ci_high": 0.35846549176749576
        },
        "spearman_rho": {
          "mean": 0.48580526210389346,
          "ci_low": 0.37770948735373805,
          "ci_high": 0.5914265073254037
        },
        "kendall_tau": {
          "mean": 0.3364178491126362,
          "ci_low": 0.25998585237241534,
          "ci_high": 0.4158138873951171
        }
      },
      "CYP2D6": {
        "st_rae": {
          "mean": 1.1276894644584694,
          "ci_low": 1.0484041787111384,
          "ci_high": 1.2105072069469553
        },
        "mae": {
          "mean": 0.6965580466033024,
          "ci_low": 0.6074794263395804,
          "ci_high": 0.7827105670169806
        },
        "r2": {
          "mean": -0.083486142456067,
          "ci_low": -0.1764352360586349,
          "ci_high": 0.00958559683466784
        },
        "spearman_rho": {
          "mean": 0.05124555160121342,
          "ci_low": -0.06738051549223985,
          "ci_high": 0.1675035759106157
        },
        "kendall_tau": {
          "mean": 0.03327566020750827,
          "ci_low": -0.047260896498360266,
          "ci_high": 0.11237854688454774
        }
      },
      "CYP3A4": {
        "st_rae": {
          "mean": 0.7608203711211753,
          "ci_low": 0.6801835639298827,
          "ci_high": 0.8439595228213287
        },
        "mae": {
          "mean": 0.7104535252604439,
          "ci_low": 0.6586690677991975,
          "ci_high": 0.7611563560733863
        },
        "r2": {
          "mean": 0.3447924023474326,
          "ci_low": 0.2751983213946965,
          "ci_high": 0.4084004742787035
        },
        "spearman_rho": {
          "mean": 0.5910471015063006,
          "ci_low": 0.5224301042164362,
          "ci_high": 0.6544401102914806
        },
        "kendall_tau": {
          "mean": 0.41456185392180006,
          "ci_low": 0.36047693262548575,
          "ci_high": 0.46415764896932366
        }
      }
    }
  },
  "epochs_run": 5,
  "fit_observations": 4082,
  "validation_observations": 1134,
  "rule": "fitzhugh_nagumo",
  "generations": 64,
  "hidden_channels": 16,
  "atom_feature_profile": "periodic_valence",
  "atom_feature_count": 38,
  "atom_feature_names": [
    "element_H",
    "element_C",
    "element_N",
    "element_O",
    "element_F",
    "element_P",
    "element_S",
    "element_Cl",
    "element_Br",
    "element_I",
    "element_other",
    "formal_charge",
    "aromatic",
    "hybrid_sp",
    "hybrid_sp2",
    "hybrid_sp3",
    "hybrid_other",
    "degree",
    "total_hydrogens",
    "in_ring",
    "hbond_donor",
    "hbond_acceptor",
    "chiral_cw",
    "chiral_ccw",
    "chiral_other",
    "atomic_number",
    "atomic_mass",
    "covalent_radius",
    "vdw_radius",
    "outer_electrons",
    "period",
    "periodic_group",
    "atomic_volume",
    "total_valence",
    "implicit_valence",
    "heavy_atom_degree",
    "radical_electrons",
    "absolute_formal_charge"
  ],
  "device": "cuda",
  "gpu": "NVIDIA GeForce RTX 5070 Ti",
  "training_seconds": 42.671628300100565,
  "peak_gpu_memory_bytes": 317556224,
  "runtime": {
    "operating_system": "Windows-10-10.0.26200-SP0",
    "machine": "AMD64",
    "python": "3.11.16",
    "python_executable": "C:\\Users\\Anthony\\anaconda3\\envs\\strange-matter-gpu\\python.exe",
    "pytorch": "2.11.0+cu128",
    "pytorch_cuda": "12.8",
    "device": "cuda",
    "gpu": "NVIDIA GeForce RTX 5070 Ti"
  },
  "validation_protocol": {
    "kind": "scaffold_cross_validation",
    "fold": 4,
    "folds": 5
  },
  "readout": "differentiable_closed_form_ridge",
  "prediction_mode": "direct",
  "residual_alpha": null,
  "trajectory_pooling": "legacy",
  "ridge_mode": "shared",
  "loss_mode": "mse",
  "interval_loss_beta": 0.0,
  "interval_temperature": 0.1,
  "hyperparameters": {
    "ca_lr": 0.003,
    "ridge": 1.0,
    "ca_l2": 1e-06,
    "gradient_clip": 2.0,
    "update_scale": 0.08,
    "init_scale": 1.0,
    "initial_noise": 0.01,
    "support_fraction": 0.6,
    "bond_temperature": 0.5,
    "dyn_a": 0.2,
    "dyn_b": 0.2,
    "dyn_c": 0.8,
    "dyn_d": 0.05,
    "lr_schedule": "cosine_0.1x"
  }
}
