{"operating_system": "Windows-10-10.0.26200-SP0", "machine": "AMD64", "python": "3.11.16", "python_executable": "C:\\Users\\Anthony\\anaconda3\\envs\\strange-matter-gpu\\python.exe", "pytorch": "2.11.0+cu128", "pytorch_cuda": "12.8", "device": "cuda", "gpu": "NVIDIA GeForce RTX 5070 Ti"}
{"epoch": 1, "train_rmse": 8.540574496055864, "validation_rmse": 0.8847410082817078, "validation_ma_st_rae": 1.016824604819285, "validation_CYP1A2_st_rae": 0.9981377457303542, "validation_CYP2C9_st_rae": 1.0806852566914336, "validation_CYP2D6_st_rae": 1.0862154414348373, "validation_CYP3A4_st_rae": 0.9022599754205148, "mean_raw_gradient_norm": 49137.52686462402, "fraction_gradients_clipped": 1.0}
{"epoch": 2, "train_rmse": 3.1331606116020554, "validation_rmse": 0.8880935907363892, "validation_ma_st_rae": 1.032917657237081, "validation_CYP1A2_st_rae": 1.0098526278768447, "validation_CYP2C9_st_rae": 1.069033331459859, "validation_CYP2D6_st_rae": 1.095669043383964, "validation_CYP3A4_st_rae": 0.9571156262276566, "mean_raw_gradient_norm": 2411.1797119140624, "fraction_gradients_clipped": 1.0}
{"epoch": 3, "train_rmse": 8.203087180336402, "validation_rmse": 0.8867430686950684, "validation_ma_st_rae": 1.0463640093716122, "validation_CYP1A2_st_rae": 1.0185092544454395, "validation_CYP2C9_st_rae": 1.217389027038312, "validation_CYP2D6_st_rae": 1.058626131726545, "validation_CYP3A4_st_rae": 0.8909316242761524, "mean_raw_gradient_norm": 97580.22708892822, "fraction_gradients_clipped": 1.0}
{
  "seed": 1701,
  "selection_metric": "validation_ma_st_rae",
  "best_validation_ma_st_rae": 1.016824604819285,
  "best_validation_rmse": 0.8847410082817078,
  "restored_fit_rmse": 0.8998963236808777,
  "restored_validation_rmse": 0.8847587704658508,
  "restored_fit_ma_st_rae": 0.8402392177600245,
  "restored_validation_ma_st_rae": 1.03413255670216,
  "restored_validation_point_ma_st_rae": 1.016748770804166,
  "restored_validation_point_st_rae_by_cyp": {
    "CYP1A2": 0.9982494164640535,
    "CYP2C9": 1.0801579411931062,
    "CYP2D6": 1.08625509201598,
    "CYP3A4": 0.9023326335435249
  },
  "restored_fit_st_rae_by_cyp": {
    "CYP1A2": 0.847747508483483,
    "CYP2C9": 0.7714535739696549,
    "CYP2D6": 0.9850223856547268,
    "CYP3A4": 0.7567334029322333
  },
  "restored_validation_st_rae_by_cyp": {
    "CYP1A2": 0.9973084308630346,
    "CYP2C9": 1.1192240691893844,
    "CYP2D6": 1.1017693005578255,
    "CYP3A4": 0.9182284261983955
  },
  "validation_bootstrap_metrics": {
    "n_bootstrap_samples": 1000,
    "seed": 0,
    "macro": {
      "st_rae": {
        "mean": 1.03413255670216,
        "ci_low": 0.9111053158396513,
        "ci_high": 1.1663302005387721
      },
      "mae": {
        "mean": 0.6690709171739304,
        "ci_low": 0.6040268758950739,
        "ci_high": 0.7394654987830616
      },
      "r2": {
        "mean": -0.012168807007411872,
        "ci_low": -0.14311451471267447,
        "ci_high": 0.1089501995527885
      },
      "spearman_rho": {
        "mean": 0.3339777955280955,
        "ci_low": 0.22527124964582,
        "ci_high": 0.44588667781627755
      },
      "kendall_tau": {
        "mean": 0.23241992454125254,
        "ci_low": 0.1553255646238824,
        "ci_high": 0.31708948012376637
      }
    },
    "per_endpoint": {
      "CYP1A2": {
        "st_rae": {
          "mean": 0.9973084308630346,
          "ci_low": 0.7663492105184176,
          "ci_high": 1.2703415031435603
        },
        "mae": {
          "mean": 0.6796990251541137,
          "ci_low": 0.5174874042878386,
          "ci_high": 0.8721015524668772
        },
        "r2": {
          "mean": 0.06347410657273662,
          "ci_low": -0.18059894706303656,
          "ci_high": 0.24708175143116656
        },
        "spearman_rho": {
          "mean": 0.42477175110241366,
          "ci_low": 0.2037109643100762,
          "ci_high": 0.6358379353361283
        },
        "kendall_tau": {
          "mean": 0.2939353202043606,
          "ci_low": 0.13616273555796624,
          "ci_high": 0.45086918658513986
        }
      },
      "CYP2C9": {
        "st_rae": {
          "mean": 1.1192240691893844,
          "ci_low": 0.8024211731643499,
          "ci_high": 1.5180117729030278
        },
        "mae": {
          "mean": 0.6234165425141652,
          "ci_low": 0.5124594994386037,
          "ci_high": 0.7446503188212712
        },
        "r2": {
          "mean": -0.12194362746847486,
          "ci_low": -0.4920174785845514,
          "ci_high": 0.1619935416059491
        },
        "spearman_rho": {
          "mean": 0.24725224704390122,
          "ci_low": -0.016871030229138755,
          "ci_high": 0.49923774009088023
        },
        "kendall_tau": {
          "mean": 0.16140699588040414,
          "ci_low": -0.026641806793793122,
          "ci_high": 0.3418252064089826
        }
      },
      "CYP2D6": {
        "st_rae": {
          "mean": 1.1017693005578255,
          "ci_low": 0.9046285330048449,
          "ci_high": 1.3389730499375578
        },
        "mae": {
          "mean": 0.6049392553036029,
          "ci_low": 0.4711178495333745,
          "ci_high": 0.7615307061488811
        },
        "r2": {
          "mean": -0.1585604926330095,
          "ci_low": -0.4369722428305268,
          "ci_high": 0.05679524928148993
        },
        "spearman_rho": {
          "mean": 0.16211100931205125,
          "ci_low": -0.09088756418959389,
          "ci_high": 0.41280916494230013
        },
        "kendall_tau": {
          "mean": 0.11773731490888403,
          "ci_low": -0.05914269454275195,
          "ci_high": 0.29209852907341993
        }
      },
      "CYP3A4": {
        "st_rae": {
          "mean": 0.9182284261983955,
          "ci_low": 0.7182292281099323,
          "ci_high": 1.1917713239249124
        },
        "mae": {
          "mean": 0.7682288457238396,
          "ci_low": 0.6606275552233984,
          "ci_high": 0.8854829451372458
        },
        "r2": {
          "mean": 0.16835478549910027,
          "ci_low": -0.10593133474101546,
          "ci_high": 0.3746705595395809
        },
        "spearman_rho": {
          "mean": 0.5017761746540159,
          "ci_low": 0.324887930204122,
          "ci_high": 0.6572042951519704
        },
        "kendall_tau": {
          "mean": 0.35660006717136145,
          "ci_low": 0.2265193370165746,
          "ci_high": 0.47579508190498015
        }
      }
    }
  },
  "epochs_run": 3,
  "fit_observations": 806,
  "validation_observations": 272,
  "rule": "fitzhugh_nagumo",
  "generations": 250,
  "hidden_channels": 16,
  "atom_feature_profile": "local_environment",
  "atom_feature_count": 29,
  "atom_feature_names": [
    "element_H",
    "element_C",
    "element_N",
    "element_O",
    "element_F",
    "element_P",
    "element_S",
    "element_Cl",
    "element_Br",
    "element_I",
    "element_other",
    "formal_charge",
    "aromatic",
    "hybrid_sp",
    "hybrid_sp2",
    "hybrid_sp3",
    "hybrid_other",
    "degree",
    "total_hydrogens",
    "in_ring",
    "hbond_donor",
    "hbond_acceptor",
    "chiral_cw",
    "chiral_ccw",
    "chiral_other",
    "mean_neighbour_electronegativity",
    "electronegativity_difference",
    "mean_neighbour_atomic_number",
    "neighbour_formal_charge"
  ],
  "device": "cuda",
  "gpu": "NVIDIA GeForce RTX 5070 Ti",
  "training_seconds": 17.482634800020605,
  "peak_gpu_memory_bytes": 1134660096,
  "runtime": {
    "operating_system": "Windows-10-10.0.26200-SP0",
    "machine": "AMD64",
    "python": "3.11.16",
    "python_executable": "C:\\Users\\Anthony\\anaconda3\\envs\\strange-matter-gpu\\python.exe",
    "pytorch": "2.11.0+cu128",
    "pytorch_cuda": "12.8",
    "device": "cuda",
    "gpu": "NVIDIA GeForce RTX 5070 Ti"
  },
  "validation_protocol": {
    "kind": "scaffold_cross_validation",
    "fold": 0,
    "folds": 5
  },
  "readout": "differentiable_closed_form_ridge",
  "hyperparameters": {
    "ca_lr": 0.003,
    "ridge": 0.1,
    "ca_l2": 0.0001,
    "gradient_clip": 0.5,
    "update_scale": 0.08,
    "init_scale": 1.0,
    "initial_noise": 0.01,
    "support_fraction": 0.6,
    "bond_temperature": 0.5,
    "dyn_a": 0.5,
    "dyn_b": 0.2,
    "dyn_c": 0.8,
    "dyn_d": 0.15,
    "lr_schedule": "cosine_0.1x"
  }
}
