{"device": "cuda", "gpu": "NVIDIA GeForce RTX 5070 Ti", "pytorch": "2.11.0+cu128", "pytorch_cuda": "12.8"}
{"epoch": 1, "train_rmse": 20.33387453677987, "validation_rmse": 0.9002688527107239, "mean_raw_gradient_norm": 1293954.9585, "fraction_gradients_clipped": 1.0}
{"epoch": 2, "train_rmse": 24.940433684970554, "validation_rmse": 0.9060567617416382, "mean_raw_gradient_norm": 1115009.7556875, "fraction_gradients_clipped": 1.0}
{"epoch": 3, "train_rmse": 19.71949392167062, "validation_rmse": 0.9123153686523438, "mean_raw_gradient_norm": 747169.190953125, "fraction_gradients_clipped": 1.0}
{"epoch": 4, "train_rmse": 18.83940543807944, "validation_rmse": 0.9098901748657227, "mean_raw_gradient_norm": 463246.49928125, "fraction_gradients_clipped": 1.0}
{
  "seed": 1701,
  "best_validation_rmse": 0.9002688527107239,
  "restored_fit_rmse": 0.8473267555236816,
  "restored_validation_rmse": 0.9014764428138733,
  "epochs_run": 4,
  "fit_observations": 2643,
  "validation_observations": 670,
  "rule": "gated_residual",
  "generations": 125,
  "hidden_channels": 16,
  "device": "cuda",
  "gpu": "NVIDIA GeForce RTX 5070 Ti",
  "training_seconds": 100.07013460004237,
  "peak_gpu_memory_bytes": 98099200,
  "readout": "differentiable_closed_form_ridge",
  "hyperparameters": {
    "ca_lr": 0.003,
    "ridge": 0.0001,
    "ca_l2": 1e-06,
    "gradient_clip": 2.0
  }
}
