{"device": "cuda", "gpu": "NVIDIA GeForce RTX 5070 Ti", "pytorch": "2.11.0+cu128", "pytorch_cuda": "12.8"}
{"epoch": 1, "train_rmse": 0.8426655861669025, "validation_rmse": 1.0477112531661987, "mean_raw_gradient_norm": 1.5593530178070067, "fraction_gradients_clipped": 1.0}
{"epoch": 2, "train_rmse": 0.8986812933496511, "validation_rmse": 1.0462535619735718, "mean_raw_gradient_norm": 3.0012211084365843, "fraction_gradients_clipped": 1.0}
{"epoch": 3, "train_rmse": 0.9459997276124331, "validation_rmse": 1.046059012413025, "mean_raw_gradient_norm": 3.1824221134185793, "fraction_gradients_clipped": 1.0}
{
  "seed": 1701,
  "best_validation_rmse": 1.0477112531661987,
  "restored_fit_rmse": 0.9328981637954712,
  "restored_validation_rmse": 1.0477112531661987,
  "epochs_run": 3,
  "fit_observations": 791,
  "validation_observations": 273,
  "rule": "damped_symplectic",
  "generations": 64,
  "hidden_channels": 4,
  "device": "cuda",
  "gpu": "NVIDIA GeForce RTX 5070 Ti",
  "training_seconds": 5.165484400000423,
  "peak_gpu_memory_bytes": 93185536,
  "readout": "differentiable_closed_form_ridge",
  "hyperparameters": {
    "ca_lr": 0.001,
    "ridge": 1.0,
    "ca_l2": 1e-05,
    "gradient_clip": 0.5,
    "update_scale": 0.25,
    "init_scale": 0.5,
    "initial_noise": 0.0,
    "support_fraction": 0.85,
    "bond_temperature": 0.5,
    "dyn_a": 0.5,
    "dyn_b": 0.8,
    "dyn_c": 0.5,
    "dyn_d": 0.3,
    "lr_schedule": "cosine_0.1x"
  }
}
