{"operating_system": "Windows-10-10.0.26200-SP0", "machine": "AMD64", "python": "3.11.16", "python_executable": "C:\\Users\\Anthony\\anaconda3\\envs\\strange-matter-gpu\\python.exe", "pytorch": "2.11.0+cu128", "pytorch_cuda": "12.8", "device": "cuda", "gpu": "NVIDIA GeForce RTX 5070 Ti"}
{"epoch": 1, "train_rmse": 1.2052321689916066, "validation_rmse": 0.8426608443260193, "validation_ma_st_rae": 0.9610997515484423, "validation_CYP1A2_st_rae": 0.9999363214151535, "validation_CYP2C9_st_rae": 0.844970270100864, "validation_CYP2D6_st_rae": 1.1083465501853833, "validation_CYP3A4_st_rae": 0.8911458644923682, "mean_raw_gradient_norm": 9.435901927947999, "fraction_gradients_clipped": 1.0}
{"epoch": 2, "train_rmse": 1.3440557353395512, "validation_rmse": 0.8433365821838379, "validation_ma_st_rae": 0.9626918603022937, "validation_CYP1A2_st_rae": 0.9966645657819063, "validation_CYP2C9_st_rae": 0.8509878065412205, "validation_CYP2D6_st_rae": 1.1108200386000897, "validation_CYP3A4_st_rae": 0.8922950302859579, "mean_raw_gradient_norm": 13.51732349395752, "fraction_gradients_clipped": 1.0}
{"epoch": 3, "train_rmse": 1.2452784981084482, "validation_rmse": 0.8435977101325989, "validation_ma_st_rae": 0.9631495536099641, "validation_CYP1A2_st_rae": 0.9990795469908889, "validation_CYP2C9_st_rae": 0.8533351058057626, "validation_CYP2D6_st_rae": 1.1090959035665207, "validation_CYP3A4_st_rae": 0.8910876580766847, "mean_raw_gradient_norm": 15.265604782104493, "fraction_gradients_clipped": 1.0}
{
  "seed": 1701,
  "selection_metric": "validation_ma_st_rae",
  "best_validation_ma_st_rae": 0.9610997515484423,
  "best_validation_rmse": 0.8426608443260193,
  "restored_fit_rmse": 0.8728588223457336,
  "restored_validation_rmse": 0.8426480889320374,
  "restored_fit_ma_st_rae": 0.8154678613671724,
  "restored_validation_ma_st_rae": 0.9798346164152687,
  "restored_validation_point_ma_st_rae": 0.9610704808351741,
  "restored_validation_point_st_rae_by_cyp": {
    "CYP1A2": 1.000256234678297,
    "CYP2C9": 0.8446922929221027,
    "CYP2D6": 1.1083315821370858,
    "CYP3A4": 0.8910018136032107
  },
  "restored_fit_st_rae_by_cyp": {
    "CYP1A2": 0.7973632180480559,
    "CYP2C9": 0.7459771217798254,
    "CYP2D6": 1.0230513287496392,
    "CYP3A4": 0.6954797768911692
  },
  "restored_validation_st_rae_by_cyp": {
    "CYP1A2": 1.0057176296515713,
    "CYP2C9": 0.8784406174511613,
    "CYP2D6": 1.1275312275921143,
    "CYP3A4": 0.9076489909662275
  },
  "validation_bootstrap_metrics": {
    "n_bootstrap_samples": 1000,
    "seed": 0,
    "macro": {
      "st_rae": {
        "mean": 0.9798346164152687,
        "ci_low": 0.8426302221864468,
        "ci_high": 1.1184470249926188
      },
      "mae": {
        "mean": 0.6418455515825183,
        "ci_low": 0.581239970841485,
        "ci_high": 0.7100712577697307
      },
      "r2": {
        "mean": 0.08987543515928052,
        "ci_low": -0.04316085843539848,
        "ci_high": 0.21499337037039953
      },
      "spearman_rho": {
        "mean": 0.39909901352137905,
        "ci_low": 0.287641662920084,
        "ci_high": 0.5050735267165471
      },
      "kendall_tau": {
        "mean": 0.2820712171743567,
        "ci_low": 0.1985777399431189,
        "ci_high": 0.36034513804299917
      }
    },
    "per_endpoint": {
      "CYP1A2": {
        "st_rae": {
          "mean": 1.0057176296515713,
          "ci_low": 0.753384887417219,
          "ci_high": 1.3143723404319216
        },
        "mae": {
          "mean": 0.6681998487300559,
          "ci_low": 0.5206134017373695,
          "ci_high": 0.8255358323699138
        },
        "r2": {
          "mean": 0.15279403839414138,
          "ci_low": -0.10548764435959243,
          "ci_high": 0.3570383953620158
        },
        "spearman_rho": {
          "mean": 0.4607910415923081,
          "ci_low": 0.24177390101350923,
          "ci_high": 0.6519744958445759
        },
        "kendall_tau": {
          "mean": 0.3312945729748005,
          "ci_low": 0.1675592037425772,
          "ci_high": 0.48532308100035676
        }
      },
      "CYP2C9": {
        "st_rae": {
          "mean": 0.8784406174511613,
          "ci_low": 0.5674650230088092,
          "ci_high": 1.2452558077581384
        },
        "mae": {
          "mean": 0.5285747501492501,
          "ci_low": 0.4270636476079623,
          "ci_high": 0.6404955606659253
        },
        "r2": {
          "mean": 0.12405829781715966,
          "ci_low": -0.21400843796758398,
          "ci_high": 0.4002835891453794
        },
        "spearman_rho": {
          "mean": 0.4407259494314537,
          "ci_low": 0.16655985698802467,
          "ci_high": 0.6587258089606005
        },
        "kendall_tau": {
          "mean": 0.3169563607070043,
          "ci_low": 0.11019907625197793,
          "ci_high": 0.4870969729411733
        }
      },
      "CYP2D6": {
        "st_rae": {
          "mean": 1.1275312275921143,
          "ci_low": 0.9468498071687739,
          "ci_high": 1.3609698725349506
        },
        "mae": {
          "mean": 0.6175034813660841,
          "ci_low": 0.4863895214520968,
          "ci_high": 0.7596219153587634
        },
        "r2": {
          "mean": -0.14389175670765803,
          "ci_low": -0.45670513409818686,
          "ci_high": 0.07461343021673485
        },
        "spearman_rho": {
          "mean": 0.1891187064882209,
          "ci_low": -0.05784755418811634,
          "ci_high": 0.4145998705762996
        },
        "kendall_tau": {
          "mean": 0.13194116606415124,
          "ci_low": -0.04391409306584533,
          "ci_high": 0.2988866616410818
        }
      },
      "CYP3A4": {
        "st_rae": {
          "mean": 0.9076489909662275,
          "ci_low": 0.6996216769768777,
          "ci_high": 1.1756751300852188
        },
        "mae": {
          "mean": 0.7531041260846826,
          "ci_low": 0.6542689746202425,
          "ci_high": 0.8654036325770754
        },
        "r2": {
          "mean": 0.2265411611334791,
          "ci_low": 0.007030383212684082,
          "ci_high": 0.39312469335337835
        },
        "spearman_rho": {
          "mean": 0.5057603565735336,
          "ci_low": 0.32692660636148746,
          "ci_high": 0.6581759470845122
        },
        "kendall_tau": {
          "mean": 0.3480927689514707,
          "ci_low": 0.2108365920746307,
          "ci_high": 0.4706672203765227
        }
      }
    }
  },
  "epochs_run": 3,
  "fit_observations": 806,
  "validation_observations": 272,
  "rule": "gated_residual",
  "generations": 64,
  "hidden_channels": 16,
  "atom_feature_profile": "periodic",
  "atom_feature_count": 33,
  "atom_feature_names": [
    "element_H",
    "element_C",
    "element_N",
    "element_O",
    "element_F",
    "element_P",
    "element_S",
    "element_Cl",
    "element_Br",
    "element_I",
    "element_other",
    "formal_charge",
    "aromatic",
    "hybrid_sp",
    "hybrid_sp2",
    "hybrid_sp3",
    "hybrid_other",
    "degree",
    "total_hydrogens",
    "in_ring",
    "hbond_donor",
    "hbond_acceptor",
    "chiral_cw",
    "chiral_ccw",
    "chiral_other",
    "atomic_number",
    "atomic_mass",
    "covalent_radius",
    "vdw_radius",
    "outer_electrons",
    "period",
    "periodic_group",
    "atomic_volume"
  ],
  "device": "cuda",
  "gpu": "NVIDIA GeForce RTX 5070 Ti",
  "training_seconds": 4.618536200141534,
  "peak_gpu_memory_bytes": 404896768,
  "runtime": {
    "operating_system": "Windows-10-10.0.26200-SP0",
    "machine": "AMD64",
    "python": "3.11.16",
    "python_executable": "C:\\Users\\Anthony\\anaconda3\\envs\\strange-matter-gpu\\python.exe",
    "pytorch": "2.11.0+cu128",
    "pytorch_cuda": "12.8",
    "device": "cuda",
    "gpu": "NVIDIA GeForce RTX 5070 Ti"
  },
  "validation_protocol": {
    "kind": "scaffold_cross_validation",
    "fold": 0,
    "folds": 5
  },
  "readout": "differentiable_closed_form_ridge",
  "prediction_mode": "direct",
  "residual_alpha": null,
  "trajectory_pooling": "legacy",
  "ridge_mode": "shared",
  "loss_mode": "hybrid_interval",
  "interval_loss_beta": 1.0,
  "interval_temperature": 0.02,
  "hyperparameters": {
    "ca_lr": 0.0003,
    "ridge": 0.01,
    "ca_l2": 0.0001,
    "gradient_clip": 2.0,
    "update_scale": 0.15,
    "init_scale": 1.0,
    "initial_noise": 0.01,
    "support_fraction": 0.75,
    "bond_temperature": 0.5,
    "dyn_a": 0.2,
    "dyn_b": 0.5,
    "dyn_c": 0.2,
    "dyn_d": 0.05,
    "lr_schedule": "cosine_0.1x"
  }
}
