{"operating_system": "Windows-10-10.0.26200-SP0", "machine": "AMD64", "python": "3.11.16", "python_executable": "C:\\Users\\Anthony\\anaconda3\\envs\\strange-matter-gpu\\python.exe", "pytorch": "2.11.0+cu128", "pytorch_cuda": "12.8", "device": "cuda", "gpu": "NVIDIA GeForce RTX 5070 Ti"}
{"epoch": 1, "train_rmse": 1.0712125694033992, "validation_rmse": 0.7949652671813965, "validation_ma_st_rae": 0.8575022064733379, "validation_CYP1A2_st_rae": 0.8923508040700981, "validation_CYP2C9_st_rae": 0.8421409301772269, "validation_CYP2D6_st_rae": 0.9853320765438965, "validation_CYP3A4_st_rae": 0.7101850151021297, "mean_raw_gradient_norm": 6.506266622543335, "fraction_gradients_clipped": 1.0}
{"epoch": 2, "train_rmse": 1.0048903746026303, "validation_rmse": 0.7922284007072449, "validation_ma_st_rae": 0.8496492643169483, "validation_CYP1A2_st_rae": 0.8928696045535133, "validation_CYP2C9_st_rae": 0.830167294067924, "validation_CYP2D6_st_rae": 0.9590131714278893, "validation_CYP3A4_st_rae": 0.7165469872184668, "mean_raw_gradient_norm": 3.9295606899261473, "fraction_gradients_clipped": 1.0}
{"epoch": 3, "train_rmse": 0.983412424979356, "validation_rmse": 0.7990959286689758, "validation_ma_st_rae": 0.8598810414179823, "validation_CYP1A2_st_rae": 0.8996160200597426, "validation_CYP2C9_st_rae": 0.8388926839782754, "validation_CYP2D6_st_rae": 0.9664257309840286, "validation_CYP3A4_st_rae": 0.7345897306498824, "mean_raw_gradient_norm": 3.4157786083221438, "fraction_gradients_clipped": 0.88}
{"epoch": 4, "train_rmse": 0.9978476959674957, "validation_rmse": 0.7916502952575684, "validation_ma_st_rae": 0.8490762162821487, "validation_CYP1A2_st_rae": 0.9085322299084415, "validation_CYP2C9_st_rae": 0.7984711686566011, "validation_CYP2D6_st_rae": 0.9590366711201148, "validation_CYP3A4_st_rae": 0.7302647954434373, "mean_raw_gradient_norm": 3.128872818946838, "fraction_gradients_clipped": 0.84}
{"epoch": 5, "train_rmse": 1.0752870747294605, "validation_rmse": 0.787787675857544, "validation_ma_st_rae": 0.8346703843275067, "validation_CYP1A2_st_rae": 0.9093129556525661, "validation_CYP2C9_st_rae": 0.7714177858524477, "validation_CYP2D6_st_rae": 0.9334754049534494, "validation_CYP3A4_st_rae": 0.7244753908515635, "mean_raw_gradient_norm": 24.45994747161865, "fraction_gradients_clipped": 0.88}
{"epoch": 6, "train_rmse": 0.9635965110369061, "validation_rmse": 0.7863337993621826, "validation_ma_st_rae": 0.8354073729875042, "validation_CYP1A2_st_rae": 0.9056496298894092, "validation_CYP2C9_st_rae": 0.768470324156497, "validation_CYP2D6_st_rae": 0.9437259511592886, "validation_CYP3A4_st_rae": 0.7237835867448219, "mean_raw_gradient_norm": 3.09396493434906, "fraction_gradients_clipped": 0.76}
{"epoch": 7, "train_rmse": 0.9519215907570036, "validation_rmse": 0.784637451171875, "validation_ma_st_rae": 0.8312539184029314, "validation_CYP1A2_st_rae": 0.9013349340942434, "validation_CYP2C9_st_rae": 0.7576589778532588, "validation_CYP2D6_st_rae": 0.946000896386249, "validation_CYP3A4_st_rae": 0.7200208652779744, "mean_raw_gradient_norm": 2.9763037967681885, "fraction_gradients_clipped": 0.76}
{"epoch": 8, "train_rmse": 0.9742618074949267, "validation_rmse": 0.7882212400436401, "validation_ma_st_rae": 0.8357263656415673, "validation_CYP1A2_st_rae": 0.9066750520020567, "validation_CYP2C9_st_rae": 0.7629589238803637, "validation_CYP2D6_st_rae": 0.9451421950325969, "validation_CYP3A4_st_rae": 0.7281292916512521, "mean_raw_gradient_norm": 3.4355485010147095, "fraction_gradients_clipped": 0.64}
{
  "seed": 4211,
  "selection_metric": "validation_ma_st_rae",
  "best_validation_ma_st_rae": 0.8312539184029314,
  "best_validation_rmse": 0.784637451171875,
  "restored_fit_rmse": 0.8421428203582764,
  "restored_validation_rmse": 0.7846366763114929,
  "restored_fit_ma_st_rae": 0.8294098763776032,
  "restored_validation_ma_st_rae": 0.8337006256711965,
  "restored_validation_point_ma_st_rae": 0.8312516846513032,
  "restored_validation_point_st_rae_by_cyp": {
    "CYP1A2": 0.9013261276883523,
    "CYP2C9": 0.757654564727382,
    "CYP2D6": 0.9460038032335517,
    "CYP3A4": 0.7200222429559269
  },
  "restored_fit_st_rae_by_cyp": {
    "CYP1A2": 0.8908415615994241,
    "CYP2C9": 0.7761699680371172,
    "CYP2D6": 0.9450583526285032,
    "CYP3A4": 0.7055696232453684
  },
  "restored_validation_st_rae_by_cyp": {
    "CYP1A2": 0.904406497079952,
    "CYP2C9": 0.7576037605642735,
    "CYP2D6": 0.9496739929610878,
    "CYP3A4": 0.7231182520794724
  },
  "validation_bootstrap_metrics": {
    "n_bootstrap_samples": 1000,
    "seed": 0,
    "macro": {
      "st_rae": {
        "mean": 0.8337006256711965,
        "ci_low": 0.7792269928224086,
        "ci_high": 0.8911275581948647
      },
      "mae": {
        "mean": 0.5758139816018706,
        "ci_low": 0.5451369907483891,
        "ci_high": 0.6053904647187224
      },
      "r2": {
        "mean": 0.22277024931353373,
        "ci_low": 0.16742772869144706,
        "ci_high": 0.2753258640425052
      },
      "spearman_rho": {
        "mean": 0.4783464971888772,
        "ci_low": 0.420869366602023,
        "ci_high": 0.5302035081890163
      },
      "kendall_tau": {
        "mean": 0.33746056111301803,
        "ci_low": 0.29638199815009186,
        "ci_high": 0.37529614999735517
      }
    },
    "per_endpoint": {
      "CYP1A2": {
        "st_rae": {
          "mean": 0.904406497079952,
          "ci_low": 0.7858277825602641,
          "ci_high": 1.0365062520105095
        },
        "mae": {
          "mean": 0.6124693466484009,
          "ci_low": 0.5375703714318104,
          "ci_high": 0.690727680532245
        },
        "r2": {
          "mean": 0.17097604829373625,
          "ci_low": 0.040906578255390895,
          "ci_high": 0.28345515804907057
        },
        "spearman_rho": {
          "mean": 0.49724568220280535,
          "ci_low": 0.3832904900943095,
          "ci_high": 0.598127315197981
        },
        "kendall_tau": {
          "mean": 0.349643364365367,
          "ci_low": 0.2680080110328349,
          "ci_high": 0.4216898978285809
        }
      },
      "CYP2C9": {
        "st_rae": {
          "mean": 0.7576037605642735,
          "ci_low": 0.6325987119380718,
          "ci_high": 0.8968060198732013
        },
        "mae": {
          "mean": 0.4936537765984162,
          "ci_low": 0.4416711968760337,
          "ci_high": 0.5524954255275463
        },
        "r2": {
          "mean": 0.2663405388413697,
          "ci_low": 0.14207591466994782,
          "ci_high": 0.3844961048363314
        },
        "spearman_rho": {
          "mean": 0.4805434008222834,
          "ci_low": 0.35982299634873804,
          "ci_high": 0.5981498945230206
        },
        "kendall_tau": {
          "mean": 0.3429559660528761,
          "ci_low": 0.251829587106317,
          "ci_high": 0.43445814357651147
        }
      },
      "CYP2D6": {
        "st_rae": {
          "mean": 0.9496739929610878,
          "ci_low": 0.8707057233169525,
          "ci_high": 1.0406833805846507
        },
        "mae": {
          "mean": 0.5341745521635072,
          "ci_low": 0.4691822506168969,
          "ci_high": 0.6047559780442817
        },
        "r2": {
          "mean": 0.07414458519373267,
          "ci_low": -0.014210132638234538,
          "ci_high": 0.16020846219271734
        },
        "spearman_rho": {
          "mean": 0.3210147919638832,
          "ci_low": 0.20518787178936854,
          "ci_high": 0.4372032368875706
        },
        "kendall_tau": {
          "mean": 0.21810032261242412,
          "ci_low": 0.13869504626573226,
          "ci_high": 0.29821674310899116
        }
      },
      "CYP3A4": {
        "st_rae": {
          "mean": 0.7231182520794724,
          "ci_low": 0.6413309478308774,
          "ci_high": 0.8142327968957918
        },
        "mae": {
          "mean": 0.6629582509971582,
          "ci_low": 0.6147420580161143,
          "ci_high": 0.7129440775775647
        },
        "r2": {
          "mean": 0.3796198249252963,
          "ci_low": 0.29531587851599106,
          "ci_high": 0.4528645748970229
        },
        "spearman_rho": {
          "mean": 0.6145821137665366,
          "ci_low": 0.5397523160661116,
          "ci_high": 0.6829397474974077
        },
        "kendall_tau": {
          "mean": 0.439142591421405,
          "ci_low": 0.3792106618770676,
          "ci_high": 0.49432217203884776
        }
      }
    }
  },
  "epochs_run": 8,
  "fit_observations": 4179,
  "validation_observations": 1037,
  "rule": "delayed_memory",
  "generations": 64,
  "hidden_channels": 16,
  "atom_feature_profile": "periodic_valence",
  "atom_feature_count": 38,
  "atom_feature_names": [
    "element_H",
    "element_C",
    "element_N",
    "element_O",
    "element_F",
    "element_P",
    "element_S",
    "element_Cl",
    "element_Br",
    "element_I",
    "element_other",
    "formal_charge",
    "aromatic",
    "hybrid_sp",
    "hybrid_sp2",
    "hybrid_sp3",
    "hybrid_other",
    "degree",
    "total_hydrogens",
    "in_ring",
    "hbond_donor",
    "hbond_acceptor",
    "chiral_cw",
    "chiral_ccw",
    "chiral_other",
    "atomic_number",
    "atomic_mass",
    "covalent_radius",
    "vdw_radius",
    "outer_electrons",
    "period",
    "periodic_group",
    "atomic_volume",
    "total_valence",
    "implicit_valence",
    "heavy_atom_degree",
    "radical_electrons",
    "absolute_formal_charge"
  ],
  "device": "cuda",
  "gpu": "NVIDIA GeForce RTX 5070 Ti",
  "training_seconds": 58.976487200008705,
  "peak_gpu_memory_bytes": 312236544,
  "runtime": {
    "operating_system": "Windows-10-10.0.26200-SP0",
    "machine": "AMD64",
    "python": "3.11.16",
    "python_executable": "C:\\Users\\Anthony\\anaconda3\\envs\\strange-matter-gpu\\python.exe",
    "pytorch": "2.11.0+cu128",
    "pytorch_cuda": "12.8",
    "device": "cuda",
    "gpu": "NVIDIA GeForce RTX 5070 Ti"
  },
  "validation_protocol": {
    "kind": "scaffold_cross_validation",
    "fold": 0,
    "folds": 5
  },
  "readout": "differentiable_closed_form_ridge",
  "prediction_mode": "direct",
  "residual_alpha": null,
  "trajectory_pooling": "legacy",
  "ridge_mode": "shared",
  "loss_mode": "mse",
  "interval_loss_beta": 0.0,
  "interval_temperature": 0.1,
  "hyperparameters": {
    "ca_lr": 0.003,
    "ridge": 1.0,
    "ca_l2": 1e-06,
    "gradient_clip": 2.0,
    "update_scale": 0.08,
    "init_scale": 1.0,
    "initial_noise": 0.01,
    "support_fraction": 0.6,
    "bond_temperature": 0.5,
    "dyn_a": 0.2,
    "dyn_b": 0.2,
    "dyn_c": 0.8,
    "dyn_d": 0.05,
    "lr_schedule": "cosine_0.1x"
  }
}
