{"device": "cuda", "gpu": "NVIDIA GeForce RTX 5070 Ti", "pytorch": "2.11.0+cu128", "pytorch_cuda": "12.8"}
{"epoch": 1, "train_rmse": 1.0661015360698598, "validation_rmse": 1.0232915878295898, "mean_raw_gradient_norm": 16.5406592130661, "fraction_gradients_clipped": 1.0}
{"epoch": 2, "train_rmse": 1.0223718656656167, "validation_rmse": 1.0235387086868286, "mean_raw_gradient_norm": 14.116236066818237, "fraction_gradients_clipped": 1.0}
{"epoch": 3, "train_rmse": 1.1172878542697116, "validation_rmse": 1.0235463380813599, "mean_raw_gradient_norm": 11.486948728561401, "fraction_gradients_clipped": 1.0}
{
  "seed": 1701,
  "best_validation_rmse": 1.0232915878295898,
  "restored_fit_rmse": 0.908691942691803,
  "restored_validation_rmse": 1.0233522653579712,
  "epochs_run": 3,
  "fit_observations": 791,
  "validation_observations": 273,
  "rule": "coupled_map",
  "generations": 16,
  "hidden_channels": 4,
  "device": "cuda",
  "gpu": "NVIDIA GeForce RTX 5070 Ti",
  "training_seconds": 3.0406148000620306,
  "peak_gpu_memory_bytes": 31885312,
  "readout": "differentiable_closed_form_ridge",
  "hyperparameters": {
    "ca_lr": 0.0003,
    "ridge": 0.1,
    "ca_l2": 1e-06,
    "gradient_clip": 1.0,
    "update_scale": 0.25,
    "init_scale": 1.0,
    "initial_noise": 0.005,
    "support_fraction": 0.85,
    "bond_temperature": 1.0,
    "dyn_a": 0.5,
    "dyn_b": 0.2,
    "dyn_c": 0.8,
    "dyn_d": 0.15,
    "lr_schedule": "cosine_0.1x"
  }
}
