{"operating_system": "Windows-10-10.0.26200-SP0", "machine": "AMD64", "python": "3.11.16", "python_executable": "C:\\Users\\Anthony\\anaconda3\\envs\\strange-matter-gpu\\python.exe", "pytorch": "2.11.0+cu128", "pytorch_cuda": "12.8", "device": "cuda", "gpu": "NVIDIA GeForce RTX 5070 Ti"}
{"epoch": 1, "train_rmse": 1.1919353224461386, "validation_rmse": 0.868959367275238, "validation_ma_st_rae": 0.9752525167881576, "validation_CYP1A2_st_rae": 0.9820360686882269, "validation_CYP2C9_st_rae": 0.8637307638153194, "validation_CYP2D6_st_rae": 1.1733092816685127, "validation_CYP3A4_st_rae": 0.8819339529805713, "mean_raw_gradient_norm": 7.054629611968994, "fraction_gradients_clipped": 1.0}
{"epoch": 2, "train_rmse": 1.3410139316715979, "validation_rmse": 0.8738094568252563, "validation_ma_st_rae": 0.9853728721885214, "validation_CYP1A2_st_rae": 1.000919533816447, "validation_CYP2C9_st_rae": 0.8238128770164234, "validation_CYP2D6_st_rae": 1.2135814089491175, "validation_CYP3A4_st_rae": 0.903177668972098, "mean_raw_gradient_norm": 11.999717330932617, "fraction_gradients_clipped": 1.0}
{"epoch": 3, "train_rmse": 1.3946629163204485, "validation_rmse": 0.8782504200935364, "validation_ma_st_rae": 0.9935017442866578, "validation_CYP1A2_st_rae": 1.0179265603815788, "validation_CYP2C9_st_rae": 0.8275058666607118, "validation_CYP2D6_st_rae": 1.2247847043264193, "validation_CYP3A4_st_rae": 0.9037898457779212, "mean_raw_gradient_norm": 17.04746494293213, "fraction_gradients_clipped": 1.0}
{
  "seed": 1701,
  "selection_metric": "validation_ma_st_rae",
  "best_validation_ma_st_rae": 0.9752525167881576,
  "best_validation_rmse": 0.868959367275238,
  "restored_fit_rmse": 0.9087045788764954,
  "restored_validation_rmse": 0.8689539432525635,
  "restored_fit_ma_st_rae": 0.8691389806344371,
  "restored_validation_ma_st_rae": 0.99166946542676,
  "restored_validation_point_ma_st_rae": 0.975255243550642,
  "restored_validation_point_st_rae_by_cyp": {
    "CYP1A2": 0.9820238053163715,
    "CYP2C9": 0.8637665123213777,
    "CYP2D6": 1.1733140467430014,
    "CYP3A4": 0.8819166098218174
  },
  "restored_fit_st_rae_by_cyp": {
    "CYP1A2": 0.8477193770053466,
    "CYP2C9": 0.8137985492869785,
    "CYP2D6": 1.0129802424740815,
    "CYP3A4": 0.8020577537713416
  },
  "restored_validation_st_rae_by_cyp": {
    "CYP1A2": 0.9868085313685706,
    "CYP2C9": 0.8884318502117639,
    "CYP2D6": 1.1952387308870371,
    "CYP3A4": 0.896198749239669
  },
  "validation_bootstrap_metrics": {
    "n_bootstrap_samples": 1000,
    "seed": 0,
    "macro": {
      "st_rae": {
        "mean": 0.99166946542676,
        "ci_low": 0.8693155371423632,
        "ci_high": 1.12985440808538
      },
      "mae": {
        "mean": 0.6555713274367151,
        "ci_low": 0.5924583545484265,
        "ci_high": 0.722872558623297
      },
      "r2": {
        "mean": 0.029793490735766297,
        "ci_low": -0.12573567695774157,
        "ci_high": 0.1493928567946866
      },
      "spearman_rho": {
        "mean": 0.38345249690505695,
        "ci_low": 0.2776523576551675,
        "ci_high": 0.4783844727138431
      },
      "kendall_tau": {
        "mean": 0.2726799035788931,
        "ci_low": 0.19311138844690465,
        "ci_high": 0.340926081765001
      }
    },
    "per_endpoint": {
      "CYP1A2": {
        "st_rae": {
          "mean": 0.9868085313685706,
          "ci_low": 0.7025632021973426,
          "ci_high": 1.3831265931472945
        },
        "mae": {
          "mean": 0.6544535686461652,
          "ci_low": 0.5134782072950582,
          "ci_high": 0.8123708748426594
        },
        "r2": {
          "mean": 0.19340343360428508,
          "ci_low": -0.14839800505135456,
          "ci_high": 0.39922184761926355
        },
        "spearman_rho": {
          "mean": 0.5678794667101422,
          "ci_low": 0.36232478070128116,
          "ci_high": 0.7397515266958478
        },
        "kendall_tau": {
          "mean": 0.4081855371857772,
          "ci_low": 0.24300827466066632,
          "ci_high": 0.5507405306230838
        }
      },
      "CYP2C9": {
        "st_rae": {
          "mean": 0.8884318502117639,
          "ci_low": 0.6619561387377308,
          "ci_high": 1.1579158972879111
        },
        "mae": {
          "mean": 0.5341729552308718,
          "ci_low": 0.4316270074248314,
          "ci_high": 0.6453415562709173
        },
        "r2": {
          "mean": 0.0760829585150174,
          "ci_low": -0.21197932110892373,
          "ci_high": 0.3002547166541391
        },
        "spearman_rho": {
          "mean": 0.45323878896106273,
          "ci_low": 0.23772895916505107,
          "ci_high": 0.6478280738055616
        },
        "kendall_tau": {
          "mean": 0.3215197707262098,
          "ci_low": 0.16183572627260862,
          "ci_high": 0.47648734888708255
        }
      },
      "CYP2D6": {
        "st_rae": {
          "mean": 1.1952387308870371,
          "ci_low": 0.9567212174958155,
          "ci_high": 1.4721362881147277
        },
        "mae": {
          "mean": 0.6381953995337853,
          "ci_low": 0.49780952352743885,
          "ci_high": 0.8034690208618457
        },
        "r2": {
          "mean": -0.2994744310043188,
          "ci_low": -0.7005921857078224,
          "ci_high": -0.01996172103412009
        },
        "spearman_rho": {
          "mean": 0.1267871462702979,
          "ci_low": -0.10318240419643133,
          "ci_high": 0.37081173305334997
        },
        "kendall_tau": {
          "mean": 0.09155970878008543,
          "ci_low": -0.07059268509746505,
          "ci_high": 0.26840217007911044
        }
      },
      "CYP3A4": {
        "st_rae": {
          "mean": 0.896198749239669,
          "ci_low": 0.7338355798026078,
          "ci_high": 1.1036566160480192
        },
        "mae": {
          "mean": 0.7954633863360383,
          "ci_low": 0.683892262259195,
          "ci_high": 0.9116049624459688
        },
        "r2": {
          "mean": 0.1491620018280816,
          "ci_low": -0.03308001534840224,
          "ci_high": 0.28490787046929633
        },
        "spearman_rho": {
          "mean": 0.3859045856787248,
          "ci_low": 0.17267140734580408,
          "ci_high": 0.5665105614755148
        },
        "kendall_tau": {
          "mean": 0.26945459762350027,
          "ci_low": 0.11585721634180368,
          "ci_high": 0.4026101804909222
        }
      }
    }
  },
  "epochs_run": 3,
  "fit_observations": 806,
  "validation_observations": 272,
  "rule": "kuramoto_sakaguchi",
  "generations": 250,
  "hidden_channels": 16,
  "atom_feature_profile": "local_environment",
  "atom_feature_count": 29,
  "atom_feature_names": [
    "element_H",
    "element_C",
    "element_N",
    "element_O",
    "element_F",
    "element_P",
    "element_S",
    "element_Cl",
    "element_Br",
    "element_I",
    "element_other",
    "formal_charge",
    "aromatic",
    "hybrid_sp",
    "hybrid_sp2",
    "hybrid_sp3",
    "hybrid_other",
    "degree",
    "total_hydrogens",
    "in_ring",
    "hbond_donor",
    "hbond_acceptor",
    "chiral_cw",
    "chiral_ccw",
    "chiral_other",
    "mean_neighbour_electronegativity",
    "electronegativity_difference",
    "mean_neighbour_atomic_number",
    "neighbour_formal_charge"
  ],
  "device": "cuda",
  "gpu": "NVIDIA GeForce RTX 5070 Ti",
  "training_seconds": 16.950091999955475,
  "peak_gpu_memory_bytes": 1677574656,
  "runtime": {
    "operating_system": "Windows-10-10.0.26200-SP0",
    "machine": "AMD64",
    "python": "3.11.16",
    "python_executable": "C:\\Users\\Anthony\\anaconda3\\envs\\strange-matter-gpu\\python.exe",
    "pytorch": "2.11.0+cu128",
    "pytorch_cuda": "12.8",
    "device": "cuda",
    "gpu": "NVIDIA GeForce RTX 5070 Ti"
  },
  "validation_protocol": {
    "kind": "scaffold_cross_validation",
    "fold": 0,
    "folds": 5
  },
  "readout": "differentiable_closed_form_ridge",
  "prediction_mode": "direct",
  "residual_alpha": null,
  "trajectory_pooling": "legacy",
  "ridge_mode": "shared",
  "loss_mode": "hybrid_interval",
  "interval_loss_beta": 0.75,
  "interval_temperature": 0.05,
  "hyperparameters": {
    "ca_lr": 0.0003,
    "ridge": 1.0,
    "ca_l2": 0.0001,
    "gradient_clip": 2.0,
    "update_scale": 0.15,
    "init_scale": 0.5,
    "initial_noise": 0.0,
    "support_fraction": 0.75,
    "bond_temperature": 0.5,
    "dyn_a": 0.2,
    "dyn_b": 0.5,
    "dyn_c": 0.8,
    "dyn_d": 0.3,
    "lr_schedule": "cosine_0.1x"
  }
}
