{"operating_system": "Windows-10-10.0.26200-SP0", "machine": "AMD64", "python": "3.11.16", "python_executable": "C:\\Users\\Anthony\\anaconda3\\envs\\strange-matter-gpu\\python.exe", "pytorch": "2.11.0+cu128", "pytorch_cuda": "12.8", "device": "cuda", "gpu": "NVIDIA GeForce RTX 5070 Ti"}
{"epoch": 1, "train_rmse": 1.1594529309041075, "validation_rmse": 0.9054687023162842, "validation_ma_st_rae": 1.0076120195895761, "validation_CYP1A2_st_rae": 1.2040797325359842, "validation_CYP2C9_st_rae": 0.9657386124396378, "validation_CYP2D6_st_rae": 1.0061841988387386, "validation_CYP3A4_st_rae": 0.8544455345439443, "mean_raw_gradient_norm": 11.016298818588258, "fraction_gradients_clipped": 1.0}
{"epoch": 2, "train_rmse": 1.078216130599032, "validation_rmse": 0.9044210314750671, "validation_ma_st_rae": 1.0066583553237702, "validation_CYP1A2_st_rae": 1.2014939458660596, "validation_CYP2C9_st_rae": 0.9670176037451002, "validation_CYP2D6_st_rae": 1.004028228443642, "validation_CYP3A4_st_rae": 0.8540936432402798, "mean_raw_gradient_norm": 9.198673820495605, "fraction_gradients_clipped": 1.0}
{"epoch": 3, "train_rmse": 1.398280234588517, "validation_rmse": 0.9043011665344238, "validation_ma_st_rae": 1.006636804104962, "validation_CYP1A2_st_rae": 1.2009315013967894, "validation_CYP2C9_st_rae": 0.9671913537869504, "validation_CYP2D6_st_rae": 1.0042052090245577, "validation_CYP3A4_st_rae": 0.8542191522115503, "mean_raw_gradient_norm": 14.861983442306519, "fraction_gradients_clipped": 1.0}
{
  "seed": 1701,
  "selection_metric": "validation_ma_st_rae",
  "best_validation_ma_st_rae": 1.0076120195895761,
  "best_validation_rmse": 0.9054687023162842,
  "restored_fit_rmse": 0.9658212661743164,
  "restored_validation_rmse": 0.9054685831069946,
  "restored_fit_ma_st_rae": 0.9445131487854951,
  "restored_validation_ma_st_rae": 1.019846602585079,
  "restored_validation_point_ma_st_rae": 1.007610400508731,
  "restored_validation_point_st_rae_by_cyp": {
    "CYP1A2": 1.2040749192979878,
    "CYP2C9": 0.9657349789380216,
    "CYP2D6": 1.0061867242360498,
    "CYP3A4": 0.8544449795628642
  },
  "restored_fit_st_rae_by_cyp": {
    "CYP1A2": 0.9012216108198895,
    "CYP2C9": 0.9484629579384547,
    "CYP2D6": 1.050214198604232,
    "CYP3A4": 0.8781538277794041
  },
  "restored_validation_st_rae_by_cyp": {
    "CYP1A2": 1.206584998512357,
    "CYP2C9": 0.9866724946993805,
    "CYP2D6": 1.0184821120492893,
    "CYP3A4": 0.8676468050792892
  },
  "validation_bootstrap_metrics": {
    "n_bootstrap_samples": 1000,
    "seed": 0,
    "macro": {
      "st_rae": {
        "mean": 1.019846602585079,
        "ci_low": 0.9241736249082019,
        "ci_high": 1.1317717200468258
      },
      "mae": {
        "mean": 0.6740181983764455,
        "ci_low": 0.6062956476817051,
        "ci_high": 0.7442955885524886
      },
      "r2": {
        "mean": -0.03989033046324623,
        "ci_low": -0.1428653348034927,
        "ci_high": 0.04926315804655063
      },
      "spearman_rho": {
        "mean": 0.21609948084476158,
        "ci_low": 0.10337939490058477,
        "ci_high": 0.324564525967681
      },
      "kendall_tau": {
        "mean": 0.1515825872017525,
        "ci_low": 0.07187841162077342,
        "ci_high": 0.2292457450368653
      }
    },
    "per_endpoint": {
      "CYP1A2": {
        "st_rae": {
          "mean": 1.206584998512357,
          "ci_low": 0.9395903452749439,
          "ci_high": 1.5453870394037588
        },
        "mae": {
          "mean": 0.7899437602856119,
          "ci_low": 0.610473736485497,
          "ci_high": 0.9892228660036305
        },
        "r2": {
          "mean": -0.16060060395914802,
          "ci_low": -0.49742422410243514,
          "ci_high": 0.05023871773589544
        },
        "spearman_rho": {
          "mean": 0.08715831681976512,
          "ci_low": -0.17867463783906518,
          "ci_high": 0.3441587905302711
        },
        "kendall_tau": {
          "mean": 0.06035742941286927,
          "ci_low": -0.12484593235476137,
          "ci_high": 0.24156024430871736
        }
      },
      "CYP2C9": {
        "st_rae": {
          "mean": 0.9866724946993805,
          "ci_low": 0.7984828875784111,
          "ci_high": 1.1978037419276775
        },
        "mae": {
          "mean": 0.5679065138300259,
          "ci_low": 0.4478346764047941,
          "ci_high": 0.6986406432588894
        },
        "r2": {
          "mean": -0.09918513797490348,
          "ci_low": -0.3338562705003993,
          "ci_high": 0.1319855402667995
        },
        "spearman_rho": {
          "mean": 0.21139617165342628,
          "ci_low": -0.033605748190177295,
          "ci_high": 0.44807591420061516
        },
        "kendall_tau": {
          "mean": 0.16074522123830742,
          "ci_low": -0.020706170284736453,
          "ci_high": 0.33564947957762015
        }
      },
      "CYP2D6": {
        "st_rae": {
          "mean": 1.0184821120492893,
          "ci_low": 0.876633171878021,
          "ci_high": 1.1730726634473434
        },
        "mae": {
          "mean": 0.5773864166993362,
          "ci_low": 0.4561814811596504,
          "ci_high": 0.7179445296984452
        },
        "r2": {
          "mean": -0.07162433403892057,
          "ci_low": -0.2413742249246393,
          "ci_high": 0.09558653293473812
        },
        "spearman_rho": {
          "mean": 0.1221022672384456,
          "ci_low": -0.12289792828017664,
          "ci_high": 0.3661751290390452
        },
        "kendall_tau": {
          "mean": 0.0844453964406112,
          "ci_low": -0.08325375448906301,
          "ci_high": 0.25695061947600073
        }
      },
      "CYP3A4": {
        "st_rae": {
          "mean": 0.8676468050792892,
          "ci_low": 0.7513673380263576,
          "ci_high": 1.023143661759665
        },
        "mae": {
          "mean": 0.7608361026908076,
          "ci_low": 0.6458351037530012,
          "ci_high": 0.8827530138021292
        },
        "r2": {
          "mean": 0.17184875411998715,
          "ci_low": 0.06373264753604187,
          "ci_high": 0.2767877790788454
        },
        "spearman_rho": {
          "mean": 0.4437411676674094,
          "ci_low": 0.27757976485438524,
          "ci_high": 0.5915871792156779
        },
        "kendall_tau": {
          "mean": 0.300782301715222,
          "ci_low": 0.1843596587427023,
          "ci_high": 0.4153043167306175
        }
      }
    }
  },
  "epochs_run": 3,
  "fit_observations": 806,
  "validation_observations": 272,
  "rule": "delayed_memory",
  "generations": 16,
  "hidden_channels": 4,
  "atom_feature_profile": "ring_geometry",
  "atom_feature_count": 32,
  "atom_feature_names": [
    "element_H",
    "element_C",
    "element_N",
    "element_O",
    "element_F",
    "element_P",
    "element_S",
    "element_Cl",
    "element_Br",
    "element_I",
    "element_other",
    "formal_charge",
    "aromatic",
    "hybrid_sp",
    "hybrid_sp2",
    "hybrid_sp3",
    "hybrid_other",
    "degree",
    "total_hydrogens",
    "in_ring",
    "hbond_donor",
    "hbond_acceptor",
    "chiral_cw",
    "chiral_ccw",
    "chiral_other",
    "ring_count",
    "ring_size_3",
    "ring_size_4",
    "ring_size_5",
    "ring_size_6",
    "ring_size_7",
    "ring_size_8_plus"
  ],
  "device": "cuda",
  "gpu": "NVIDIA GeForce RTX 5070 Ti",
  "training_seconds": 5.73143769998569,
  "peak_gpu_memory_bytes": 29274624,
  "runtime": {
    "operating_system": "Windows-10-10.0.26200-SP0",
    "machine": "AMD64",
    "python": "3.11.16",
    "python_executable": "C:\\Users\\Anthony\\anaconda3\\envs\\strange-matter-gpu\\python.exe",
    "pytorch": "2.11.0+cu128",
    "pytorch_cuda": "12.8",
    "device": "cuda",
    "gpu": "NVIDIA GeForce RTX 5070 Ti"
  },
  "validation_protocol": {
    "kind": "scaffold_cross_validation",
    "fold": 0,
    "folds": 5
  },
  "readout": "differentiable_closed_form_ridge",
  "hyperparameters": {
    "ca_lr": 0.0003,
    "ridge": 0.1,
    "ca_l2": 1e-05,
    "gradient_clip": 2.0,
    "update_scale": 0.08,
    "init_scale": 1.0,
    "initial_noise": 0.01,
    "support_fraction": 0.85,
    "bond_temperature": 0.5,
    "dyn_a": 0.8,
    "dyn_b": 0.2,
    "dyn_c": 0.8,
    "dyn_d": 0.15,
    "lr_schedule": "cosine_0.1x"
  }
}
