{"operating_system": "Windows-10-10.0.26200-SP0", "machine": "AMD64", "python": "3.11.16", "python_executable": "C:\\Users\\Anthony\\anaconda3\\envs\\strange-matter-gpu\\python.exe", "pytorch": "2.11.0+cu128", "pytorch_cuda": "12.8", "device": "cuda", "gpu": "NVIDIA GeForce RTX 5070 Ti"}
{"epoch": 1, "train_rmse": 1.109708069416413, "validation_rmse": 0.8045501112937927, "validation_ma_st_rae": 0.8666312672293711, "validation_CYP1A2_st_rae": 0.8722666914862351, "validation_CYP2C9_st_rae": 0.7982091482350939, "validation_CYP2D6_st_rae": 1.059682883029352, "validation_CYP3A4_st_rae": 0.7363663461668034, "mean_raw_gradient_norm": 7.282247457504273, "fraction_gradients_clipped": 1.0}
{"epoch": 2, "train_rmse": 1.060070815272328, "validation_rmse": 0.7977851629257202, "validation_ma_st_rae": 0.8563748101634207, "validation_CYP1A2_st_rae": 0.8798384295205859, "validation_CYP2C9_st_rae": 0.7846319551365961, "validation_CYP2D6_st_rae": 1.0443107868585089, "validation_CYP3A4_st_rae": 0.7167180691379919, "mean_raw_gradient_norm": 6.421480112075805, "fraction_gradients_clipped": 1.0}
{"epoch": 3, "train_rmse": 1.0525682389050761, "validation_rmse": 0.8031651973724365, "validation_ma_st_rae": 0.8625931956693148, "validation_CYP1A2_st_rae": 0.8960926642925675, "validation_CYP2C9_st_rae": 0.7706982189309101, "validation_CYP2D6_st_rae": 1.0593475459984465, "validation_CYP3A4_st_rae": 0.7242343534553348, "mean_raw_gradient_norm": 7.072031497955322, "fraction_gradients_clipped": 1.0}
{"epoch": 4, "train_rmse": 1.0940365222517656, "validation_rmse": 0.8116231560707092, "validation_ma_st_rae": 0.8662547482696796, "validation_CYP1A2_st_rae": 0.9038637351616012, "validation_CYP2C9_st_rae": 0.7706360174261805, "validation_CYP2D6_st_rae": 1.0531831641365483, "validation_CYP3A4_st_rae": 0.7373360763543885, "mean_raw_gradient_norm": 5.568403463363648, "fraction_gradients_clipped": 1.0}
{"epoch": 5, "train_rmse": 1.020912316568986, "validation_rmse": 0.8070032000541687, "validation_ma_st_rae": 0.8586756300473842, "validation_CYP1A2_st_rae": 0.897239336386207, "validation_CYP2C9_st_rae": 0.7468982365985987, "validation_CYP2D6_st_rae": 1.050288011754568, "validation_CYP3A4_st_rae": 0.7402769354501634, "mean_raw_gradient_norm": 6.673343496322632, "fraction_gradients_clipped": 1.0}
{
  "seed": 4211,
  "selection_metric": "validation_ma_st_rae",
  "best_validation_ma_st_rae": 0.8563748101634207,
  "best_validation_rmse": 0.7977851629257202,
  "restored_fit_rmse": 0.8698784112930298,
  "restored_validation_rmse": 0.7977867722511292,
  "restored_fit_ma_st_rae": 0.8695502150857872,
  "restored_validation_ma_st_rae": 0.8590911336967584,
  "restored_validation_point_ma_st_rae": 0.8563826351315096,
  "restored_validation_point_st_rae_by_cyp": {
    "CYP1A2": 0.879850893245242,
    "CYP2C9": 0.7846459275032921,
    "CYP2D6": 1.0443207828538255,
    "CYP3A4": 0.7167129369236787
  },
  "restored_fit_st_rae_by_cyp": {
    "CYP1A2": 0.900582844743647,
    "CYP2C9": 0.8126549112362296,
    "CYP2D6": 1.026669874206334,
    "CYP3A4": 0.7382932301569384
  },
  "restored_validation_st_rae_by_cyp": {
    "CYP1A2": 0.8821790158401488,
    "CYP2C9": 0.7856628230153665,
    "CYP2D6": 1.048830456767364,
    "CYP3A4": 0.7196922391641538
  },
  "validation_bootstrap_metrics": {
    "n_bootstrap_samples": 1000,
    "seed": 0,
    "macro": {
      "st_rae": {
        "mean": 0.8590911336967584,
        "ci_low": 0.8051446206195992,
        "ci_high": 0.9147819506766588
      },
      "mae": {
        "mean": 0.584262489316779,
        "ci_low": 0.5523797337475079,
        "ci_high": 0.6145807395512363
      },
      "r2": {
        "mean": 0.19159603694895969,
        "ci_low": 0.137576369197362,
        "ci_high": 0.24297655336352927
      },
      "spearman_rho": {
        "mean": 0.4449685353462107,
        "ci_low": 0.39092863331478084,
        "ci_high": 0.49824513744082005
      },
      "kendall_tau": {
        "mean": 0.31460421618912104,
        "ci_low": 0.27473238095944247,
        "ci_high": 0.35270203687161067
      }
    },
    "per_endpoint": {
      "CYP1A2": {
        "st_rae": {
          "mean": 0.8821790158401488,
          "ci_low": 0.7631376777780389,
          "ci_high": 1.0170905533754244
        },
        "mae": {
          "mean": 0.5987734799787805,
          "ci_low": 0.5215973998780723,
          "ci_high": 0.6797643822726903
        },
        "r2": {
          "mean": 0.17810421434942286,
          "ci_low": 0.04954523167202756,
          "ci_high": 0.29319381285827373
        },
        "spearman_rho": {
          "mean": 0.493596935877849,
          "ci_low": 0.3834311182883917,
          "ci_high": 0.5957483063529075
        },
        "kendall_tau": {
          "mean": 0.35068062781731013,
          "ci_low": 0.2692390010785282,
          "ci_high": 0.42530495107798205
        }
      },
      "CYP2C9": {
        "st_rae": {
          "mean": 0.7856628230153665,
          "ci_low": 0.6634792266022022,
          "ci_high": 0.9297576743518013
        },
        "mae": {
          "mean": 0.4891644930773616,
          "ci_low": 0.43406908317095677,
          "ci_high": 0.5468710761740461
        },
        "r2": {
          "mean": 0.2597063138116094,
          "ci_low": 0.13422735355491444,
          "ci_high": 0.3637700137635583
        },
        "spearman_rho": {
          "mean": 0.46681676305791847,
          "ci_low": 0.3441013434969987,
          "ci_high": 0.5780225177056199
        },
        "kendall_tau": {
          "mean": 0.33264772888581523,
          "ci_low": 0.24161700676728876,
          "ci_high": 0.4162568420803068
        }
      },
      "CYP2D6": {
        "st_rae": {
          "mean": 1.048830456767364,
          "ci_low": 0.9625022496190605,
          "ci_high": 1.1526036855392796
        },
        "mae": {
          "mean": 0.5784133336808945,
          "ci_low": 0.518163332903487,
          "ci_high": 0.6511834765601362
        },
        "r2": {
          "mean": -0.03256877371792741,
          "ci_low": -0.14383539997460149,
          "ci_high": 0.0671186200494793
        },
        "spearman_rho": {
          "mean": 0.22100007903072116,
          "ci_low": 0.08955980506708143,
          "ci_high": 0.3405437348146408
        },
        "kendall_tau": {
          "mean": 0.1477435566418115,
          "ci_low": 0.061495715813582645,
          "ci_high": 0.22941071940296942
        }
      },
      "CYP3A4": {
        "st_rae": {
          "mean": 0.7196922391641538,
          "ci_low": 0.6446240351432149,
          "ci_high": 0.7995222484151839
        },
        "mae": {
          "mean": 0.6706986505300789,
          "ci_low": 0.6167751310782118,
          "ci_high": 0.7278788859781983
        },
        "r2": {
          "mean": 0.36114239335273396,
          "ci_low": 0.2740446453158786,
          "ci_high": 0.4323664277731079
        },
        "spearman_rho": {
          "mean": 0.5984603634183543,
          "ci_low": 0.5177885353205838,
          "ci_high": 0.6728324549017334
        },
        "kendall_tau": {
          "mean": 0.4273449514115471,
          "ci_low": 0.3668632635115802,
          "ci_high": 0.48592961099313103
        }
      }
    }
  },
  "epochs_run": 5,
  "fit_observations": 4179,
  "validation_observations": 1037,
  "rule": "inertial_reaction_diffusion",
  "generations": 125,
  "hidden_channels": 8,
  "atom_feature_profile": "electronic_local",
  "atom_feature_count": 37,
  "atom_feature_names": [
    "element_H",
    "element_C",
    "element_N",
    "element_O",
    "element_F",
    "element_P",
    "element_S",
    "element_Cl",
    "element_Br",
    "element_I",
    "element_other",
    "formal_charge",
    "aromatic",
    "hybrid_sp",
    "hybrid_sp2",
    "hybrid_sp3",
    "hybrid_other",
    "degree",
    "total_hydrogens",
    "in_ring",
    "hbond_donor",
    "hbond_acceptor",
    "chiral_cw",
    "chiral_ccw",
    "chiral_other",
    "electronegativity",
    "polarizability",
    "heteroatom",
    "halogen",
    "conjugated_bond_fraction",
    "first_ionization_energy",
    "electron_affinity",
    "electronic_property_missing",
    "mean_neighbour_electronegativity",
    "electronegativity_difference",
    "mean_neighbour_atomic_number",
    "neighbour_formal_charge"
  ],
  "device": "cuda",
  "gpu": "NVIDIA GeForce RTX 5070 Ti",
  "training_seconds": 66.26460350002162,
  "peak_gpu_memory_bytes": 342537216,
  "runtime": {
    "operating_system": "Windows-10-10.0.26200-SP0",
    "machine": "AMD64",
    "python": "3.11.16",
    "python_executable": "C:\\Users\\Anthony\\anaconda3\\envs\\strange-matter-gpu\\python.exe",
    "pytorch": "2.11.0+cu128",
    "pytorch_cuda": "12.8",
    "device": "cuda",
    "gpu": "NVIDIA GeForce RTX 5070 Ti"
  },
  "validation_protocol": {
    "kind": "scaffold_cross_validation",
    "fold": 0,
    "folds": 5
  },
  "readout": "differentiable_closed_form_ridge",
  "prediction_mode": "direct",
  "residual_alpha": null,
  "trajectory_pooling": "legacy",
  "ridge_mode": "shared",
  "loss_mode": "hybrid_interval",
  "interval_loss_beta": 1.0,
  "interval_temperature": 0.05,
  "hyperparameters": {
    "ca_lr": 0.003,
    "ridge": 0.01,
    "ca_l2": 0.0001,
    "gradient_clip": 2.0,
    "update_scale": 0.08,
    "init_scale": 0.5,
    "initial_noise": 0.01,
    "support_fraction": 0.85,
    "bond_temperature": 0.5,
    "dyn_a": 0.5,
    "dyn_b": 0.8,
    "dyn_c": 0.8,
    "dyn_d": 0.15,
    "lr_schedule": "cosine_0.1x"
  }
}
