{"operating_system": "Windows-10-10.0.26200-SP0", "machine": "AMD64", "python": "3.11.16", "python_executable": "C:\\Users\\Anthony\\anaconda3\\envs\\strange-matter-gpu\\python.exe", "pytorch": "2.11.0+cu128", "pytorch_cuda": "12.8", "device": "cuda", "gpu": "NVIDIA GeForce RTX 5070 Ti"}
{"epoch": 1, "train_rmse": 1.149713579453154, "validation_rmse": 0.8742335438728333, "validation_ma_st_rae": 0.8839086793678926, "validation_CYP1A2_st_rae": 0.9011634000913595, "validation_CYP2C9_st_rae": 0.8153030287812294, "validation_CYP2D6_st_rae": 1.0450590654906295, "validation_CYP3A4_st_rae": 0.7741092231083521, "mean_raw_gradient_norm": 5.204136028885841, "fraction_gradients_clipped": 1.0}
{"epoch": 2, "train_rmse": 1.0816881060324628, "validation_rmse": 0.8680951595306396, "validation_ma_st_rae": 0.8877334700259073, "validation_CYP1A2_st_rae": 0.8996030269915631, "validation_CYP2C9_st_rae": 0.8060636005816029, "validation_CYP2D6_st_rae": 1.0835555008369295, "validation_CYP3A4_st_rae": 0.7617117516935338, "mean_raw_gradient_norm": 5.3267309330403805, "fraction_gradients_clipped": 1.0}
{"epoch": 3, "train_rmse": 1.065268504200784, "validation_rmse": 0.8624538779258728, "validation_ma_st_rae": 0.8815087694162691, "validation_CYP1A2_st_rae": 0.9081285851109508, "validation_CYP2C9_st_rae": 0.7800356238445749, "validation_CYP2D6_st_rae": 1.094565036327718, "validation_CYP3A4_st_rae": 0.7433058323818327, "mean_raw_gradient_norm": 3.759345270693302, "fraction_gradients_clipped": 1.0}
{"epoch": 4, "train_rmse": 1.0340236285994402, "validation_rmse": 0.8629323840141296, "validation_ma_st_rae": 0.8850867606378381, "validation_CYP1A2_st_rae": 0.9109474316792344, "validation_CYP2C9_st_rae": 0.7843133457982591, "validation_CYP2D6_st_rae": 1.0922775299002774, "validation_CYP3A4_st_rae": 0.7528087351735813, "mean_raw_gradient_norm": 2.8029520325362682, "fraction_gradients_clipped": 1.0}
{
  "seed": 1701,
  "selection_metric": "validation_ma_st_rae",
  "best_validation_ma_st_rae": 0.8839086793678926,
  "best_validation_rmse": 0.8742335438728333,
  "restored_fit_rmse": 0.8863816857337952,
  "restored_validation_rmse": 0.8742320537567139,
  "restored_fit_ma_st_rae": 0.8796178790513379,
  "restored_validation_ma_st_rae": 0.8868748087411661,
  "restored_validation_point_ma_st_rae": 0.8839191295205825,
  "restored_validation_point_st_rae_by_cyp": {
    "CYP1A2": 0.9010897304294485,
    "CYP2C9": 0.8154158676718787,
    "CYP2D6": 1.0450630638202447,
    "CYP3A4": 0.7741078561607577
  },
  "restored_fit_st_rae_by_cyp": {
    "CYP1A2": 0.9124584957104174,
    "CYP2C9": 0.7869283129303432,
    "CYP2D6": 1.0458864956906404,
    "CYP3A4": 0.7731982118739507
  },
  "restored_validation_st_rae_by_cyp": {
    "CYP1A2": 0.9046351070558413,
    "CYP2C9": 0.8187556091399549,
    "CYP2D6": 1.047951458931386,
    "CYP3A4": 0.7761570598374825
  },
  "validation_bootstrap_metrics": {
    "n_bootstrap_samples": 1000,
    "seed": 0,
    "macro": {
      "st_rae": {
        "mean": 0.8868748087411661,
        "ci_low": 0.8167220715730799,
        "ci_high": 0.9590840418921135
      },
      "mae": {
        "mean": 0.6465377054712174,
        "ci_low": 0.6073657196155972,
        "ci_high": 0.6919946268611367
      },
      "r2": {
        "mean": 0.1643301687591195,
        "ci_low": 0.08822093390532465,
        "ci_high": 0.2341137874763715
      },
      "spearman_rho": {
        "mean": 0.4244699461105929,
        "ci_low": 0.3570709725242143,
        "ci_high": 0.4893020540695018
      },
      "kendall_tau": {
        "mean": 0.2970128463664165,
        "ci_low": 0.2469917475999962,
        "ci_high": 0.34426077244435976
      }
    },
    "per_endpoint": {
      "CYP1A2": {
        "st_rae": {
          "mean": 0.9046351070558413,
          "ci_low": 0.7812212525520095,
          "ci_high": 1.0473498705256614
        },
        "mae": {
          "mean": 0.6803809715396296,
          "ci_low": 0.5881479847605211,
          "ci_high": 0.7772273663186678
        },
        "r2": {
          "mean": 0.1801080060544158,
          "ci_low": 0.0562199386617575,
          "ci_high": 0.2885191496839794
        },
        "spearman_rho": {
          "mean": 0.47934583826070754,
          "ci_low": 0.3511355562011514,
          "ci_high": 0.6000687830970647
        },
        "kendall_tau": {
          "mean": 0.32750304983876705,
          "ci_low": 0.2317470812064132,
          "ci_high": 0.41867016036449645
        }
      },
      "CYP2C9": {
        "st_rae": {
          "mean": 0.8187556091399549,
          "ci_low": 0.6495820817795295,
          "ci_high": 1.0320293354934225
        },
        "mae": {
          "mean": 0.516459044625741,
          "ci_low": 0.44605374054144353,
          "ci_high": 0.5920773515264496
        },
        "r2": {
          "mean": 0.18990585625277112,
          "ci_low": -0.03141721279193595,
          "ci_high": 0.36350501584287787
        },
        "spearman_rho": {
          "mean": 0.5006677536635055,
          "ci_low": 0.34294442301906575,
          "ci_high": 0.6322808838797349
        },
        "kendall_tau": {
          "mean": 0.3527159397421035,
          "ci_low": 0.2371989308410535,
          "ci_high": 0.4529770695439426
        }
      },
      "CYP2D6": {
        "st_rae": {
          "mean": 1.047951458931386,
          "ci_low": 0.9436662655660958,
          "ci_high": 1.1782970347948556
        },
        "mae": {
          "mean": 0.6216191835072788,
          "ci_low": 0.5246942400062171,
          "ci_high": 0.7247054963651365
        },
        "r2": {
          "mean": 0.048938548374433975,
          "ci_low": -0.08471367286415256,
          "ci_high": 0.17302413803571498
        },
        "spearman_rho": {
          "mean": 0.20573872087351058,
          "ci_low": 0.019268148338397274,
          "ci_high": 0.36801758340937735
        },
        "kendall_tau": {
          "mean": 0.14428597477872643,
          "ci_low": 0.01754841348885333,
          "ci_high": 0.2572645132656329
        }
      },
      "CYP3A4": {
        "st_rae": {
          "mean": 0.7761570598374825,
          "ci_low": 0.690095415851686,
          "ci_high": 0.8683053842660493
        },
        "mae": {
          "mean": 0.76769162221222,
          "ci_low": 0.6939364838649623,
          "ci_high": 0.8422153989432758
        },
        "r2": {
          "mean": 0.23836826435485717,
          "ci_low": 0.15002983839788528,
          "ci_high": 0.32310047534034275
        },
        "spearman_rho": {
          "mean": 0.5121274716446482,
          "ci_low": 0.40614451944064,
          "ci_high": 0.6084023769004829
        },
        "kendall_tau": {
          "mean": 0.36354642110606905,
          "ci_low": 0.28796661828100034,
          "ci_high": 0.4358050941539442
        }
      }
    }
  },
  "epochs_run": 4,
  "fit_observations": 2659,
  "validation_observations": 646,
  "rule": "gray_scott",
  "generations": 250,
  "hidden_channels": 8,
  "atom_feature_profile": "valence_electronic",
  "atom_feature_count": 38,
  "atom_feature_names": [
    "element_H",
    "element_C",
    "element_N",
    "element_O",
    "element_F",
    "element_P",
    "element_S",
    "element_Cl",
    "element_Br",
    "element_I",
    "element_other",
    "formal_charge",
    "aromatic",
    "hybrid_sp",
    "hybrid_sp2",
    "hybrid_sp3",
    "hybrid_other",
    "degree",
    "total_hydrogens",
    "in_ring",
    "hbond_donor",
    "hbond_acceptor",
    "chiral_cw",
    "chiral_ccw",
    "chiral_other",
    "total_valence",
    "implicit_valence",
    "heavy_atom_degree",
    "radical_electrons",
    "absolute_formal_charge",
    "electronegativity",
    "polarizability",
    "heteroatom",
    "halogen",
    "conjugated_bond_fraction",
    "first_ionization_energy",
    "electron_affinity",
    "electronic_property_missing"
  ],
  "device": "cuda",
  "gpu": "NVIDIA GeForce RTX 5070 Ti",
  "training_seconds": 123.87533449998591,
  "peak_gpu_memory_bytes": 361787392,
  "runtime": {
    "operating_system": "Windows-10-10.0.26200-SP0",
    "machine": "AMD64",
    "python": "3.11.16",
    "python_executable": "C:\\Users\\Anthony\\anaconda3\\envs\\strange-matter-gpu\\python.exe",
    "pytorch": "2.11.0+cu128",
    "pytorch_cuda": "12.8",
    "device": "cuda",
    "gpu": "NVIDIA GeForce RTX 5070 Ti"
  },
  "validation_protocol": {
    "kind": "scaffold_cross_validation",
    "fold": 1,
    "folds": 5
  },
  "readout": "differentiable_closed_form_ridge",
  "hyperparameters": {
    "ca_lr": 0.003,
    "ridge": 1.0,
    "ca_l2": 1e-05,
    "gradient_clip": 1.0,
    "update_scale": 0.08,
    "init_scale": 0.5,
    "initial_noise": 0.01,
    "support_fraction": 0.6,
    "bond_temperature": 0.5,
    "dyn_a": 0.5,
    "dyn_b": 0.5,
    "dyn_c": 0.5,
    "dyn_d": 0.3,
    "lr_schedule": "cosine_0.1x"
  }
}
