{"operating_system": "Windows-10-10.0.26200-SP0", "machine": "AMD64", "python": "3.11.16", "python_executable": "C:\\Users\\Anthony\\anaconda3\\envs\\strange-matter-gpu\\python.exe", "pytorch": "2.11.0+cu128", "pytorch_cuda": "12.8", "device": "cuda", "gpu": "NVIDIA GeForce RTX 5070 Ti"}
{"epoch": 1, "train_rmse": 1.1298897962875238, "validation_rmse": 0.8716518878936768, "validation_ma_st_rae": 0.963793539666302, "validation_CYP1A2_st_rae": 1.1213038828771555, "validation_CYP2C9_st_rae": 0.7904104845288273, "validation_CYP2D6_st_rae": 1.0925711576406911, "validation_CYP3A4_st_rae": 0.8508886336185341, "mean_raw_gradient_norm": 7.830038070678711, "fraction_gradients_clipped": 1.0}
{"epoch": 2, "train_rmse": 1.1179624502407948, "validation_rmse": 0.8598381280899048, "validation_ma_st_rae": 0.9630805221985678, "validation_CYP1A2_st_rae": 1.0929332707356418, "validation_CYP2C9_st_rae": 0.8293563383001351, "validation_CYP2D6_st_rae": 1.0969426460023517, "validation_CYP3A4_st_rae": 0.8330898337561422, "mean_raw_gradient_norm": 6.448028707504273, "fraction_gradients_clipped": 1.0}
{"epoch": 3, "train_rmse": 1.1261123928245065, "validation_rmse": 0.8563486933708191, "validation_ma_st_rae": 0.9563884230155062, "validation_CYP1A2_st_rae": 1.0932340733767585, "validation_CYP2C9_st_rae": 0.8162763733826365, "validation_CYP2D6_st_rae": 1.090968591368243, "validation_CYP3A4_st_rae": 0.8250746539343872, "mean_raw_gradient_norm": 5.306014728546143, "fraction_gradients_clipped": 1.0}
{
  "seed": 1701,
  "selection_metric": "validation_ma_st_rae",
  "best_validation_ma_st_rae": 0.9563884230155062,
  "best_validation_rmse": 0.8563486933708191,
  "restored_fit_rmse": 0.8659273982048035,
  "restored_validation_rmse": 0.856348991394043,
  "restored_fit_ma_st_rae": 0.7927932043130193,
  "restored_validation_ma_st_rae": 0.9740306769534882,
  "restored_validation_point_ma_st_rae": 0.9563874339514665,
  "restored_validation_point_st_rae_by_cyp": {
    "CYP1A2": 1.0932331612997648,
    "CYP2C9": 0.8162934680063818,
    "CYP2D6": 1.0909453835199592,
    "CYP3A4": 0.8250777229797602
  },
  "restored_fit_st_rae_by_cyp": {
    "CYP1A2": 0.7873347675154407,
    "CYP2C9": 0.7434161020106834,
    "CYP2D6": 0.9397697459887969,
    "CYP3A4": 0.7006522017371558
  },
  "restored_validation_st_rae_by_cyp": {
    "CYP1A2": 1.1001965073199858,
    "CYP2C9": 0.8494197381415816,
    "CYP2D6": 1.1062007318762166,
    "CYP3A4": 0.840305730476169
  },
  "validation_bootstrap_metrics": {
    "n_bootstrap_samples": 1000,
    "seed": 0,
    "macro": {
      "st_rae": {
        "mean": 0.9740306769534882,
        "ci_low": 0.8360381825331938,
        "ci_high": 1.1151975999293913
      },
      "mae": {
        "mean": 0.6471032282878897,
        "ci_low": 0.5849813646020288,
        "ci_high": 0.7181633528665264
      },
      "r2": {
        "mean": 0.06635374714384236,
        "ci_low": -0.06539602625629837,
        "ci_high": 0.1829703908268979
      },
      "spearman_rho": {
        "mean": 0.36172236403281155,
        "ci_low": 0.24695230335068521,
        "ci_high": 0.4671372669479106
      },
      "kendall_tau": {
        "mean": 0.2574338319826815,
        "ci_low": 0.1741612791116547,
        "ci_high": 0.33480737110703557
      }
    },
    "per_endpoint": {
      "CYP1A2": {
        "st_rae": {
          "mean": 1.1001965073199858,
          "ci_low": 0.8199355080914751,
          "ci_high": 1.44530483401419
        },
        "mae": {
          "mean": 0.7308638082332297,
          "ci_low": 0.5623962118977406,
          "ci_high": 0.9049553159807547
        },
        "r2": {
          "mean": 0.013661276603001886,
          "ci_low": -0.27143768376089067,
          "ci_high": 0.2065165805080857
        },
        "spearman_rho": {
          "mean": 0.3245310895029098,
          "ci_low": 0.0869219585397915,
          "ci_high": 0.5290842690615863
        },
        "kendall_tau": {
          "mean": 0.22158407823452025,
          "ci_low": 0.0587404349280942,
          "ci_high": 0.37319678080768287
        }
      },
      "CYP2C9": {
        "st_rae": {
          "mean": 0.8494197381415816,
          "ci_low": 0.5293050266794015,
          "ci_high": 1.227389429122919
        },
        "mae": {
          "mean": 0.5335481990695,
          "ci_low": 0.4366398842136065,
          "ci_high": 0.6388583246866862
        },
        "r2": {
          "mean": 0.14073688924096117,
          "ci_low": -0.2182713490157149,
          "ci_high": 0.426164411027405
        },
        "spearman_rho": {
          "mean": 0.44200844563205455,
          "ci_low": 0.1747483568613389,
          "ci_high": 0.6633734837088258
        },
        "kendall_tau": {
          "mean": 0.3271190606665166,
          "ci_low": 0.13202836163220594,
          "ci_high": 0.49717196358455407
        }
      },
      "CYP2D6": {
        "st_rae": {
          "mean": 1.1062007318762166,
          "ci_low": 0.9291468435763337,
          "ci_high": 1.307832337435284
        },
        "mae": {
          "mean": 0.6010111357468825,
          "ci_low": 0.46719316794322086,
          "ci_high": 0.754827300126736
        },
        "r2": {
          "mean": -0.12910628087218487,
          "ci_low": -0.3537467800606478,
          "ci_high": 0.06335177304150003
        },
        "spearman_rho": {
          "mean": 0.17978363259503874,
          "ci_low": -0.05380586160171702,
          "ci_high": 0.4085367789767422
        },
        "kendall_tau": {
          "mean": 0.12274628204093653,
          "ci_low": -0.03954319180087848,
          "ci_high": 0.28111974934299755
        }
      },
      "CYP3A4": {
        "st_rae": {
          "mean": 0.840305730476169,
          "ci_low": 0.6265879445958675,
          "ci_high": 1.1082670106197758
        },
        "mae": {
          "mean": 0.7229897701019465,
          "ci_low": 0.6148197542789371,
          "ci_high": 0.8363841401976208
        },
        "r2": {
          "mean": 0.24012310360359124,
          "ci_low": 0.007854946501156717,
          "ci_high": 0.4125471489867218
        },
        "spearman_rho": {
          "mean": 0.5005662884012431,
          "ci_low": 0.3075200896757071,
          "ci_high": 0.6610368417774755
        },
        "kendall_tau": {
          "mean": 0.3582859069887526,
          "ci_low": 0.21647531892607605,
          "ci_high": 0.48378153590241196
        }
      }
    }
  },
  "epochs_run": 3,
  "fit_observations": 806,
  "validation_observations": 272,
  "rule": "inertial_reaction_diffusion",
  "generations": 125,
  "hidden_channels": 16,
  "atom_feature_profile": "comprehensive",
  "atom_feature_count": 57,
  "atom_feature_names": [
    "element_H",
    "element_C",
    "element_N",
    "element_O",
    "element_F",
    "element_P",
    "element_S",
    "element_Cl",
    "element_Br",
    "element_I",
    "element_other",
    "formal_charge",
    "aromatic",
    "hybrid_sp",
    "hybrid_sp2",
    "hybrid_sp3",
    "hybrid_other",
    "degree",
    "total_hydrogens",
    "in_ring",
    "hbond_donor",
    "hbond_acceptor",
    "chiral_cw",
    "chiral_ccw",
    "chiral_other",
    "atomic_number",
    "atomic_mass",
    "covalent_radius",
    "vdw_radius",
    "outer_electrons",
    "period",
    "periodic_group",
    "atomic_volume",
    "total_valence",
    "implicit_valence",
    "heavy_atom_degree",
    "radical_electrons",
    "absolute_formal_charge",
    "electronegativity",
    "polarizability",
    "heteroatom",
    "halogen",
    "conjugated_bond_fraction",
    "first_ionization_energy",
    "electron_affinity",
    "electronic_property_missing",
    "ring_count",
    "ring_size_3",
    "ring_size_4",
    "ring_size_5",
    "ring_size_6",
    "ring_size_7",
    "ring_size_8_plus",
    "mean_neighbour_electronegativity",
    "electronegativity_difference",
    "mean_neighbour_atomic_number",
    "neighbour_formal_charge"
  ],
  "device": "cuda",
  "gpu": "NVIDIA GeForce RTX 5070 Ti",
  "training_seconds": 9.270276400027797,
  "peak_gpu_memory_bytes": 653618688,
  "runtime": {
    "operating_system": "Windows-10-10.0.26200-SP0",
    "machine": "AMD64",
    "python": "3.11.16",
    "python_executable": "C:\\Users\\Anthony\\anaconda3\\envs\\strange-matter-gpu\\python.exe",
    "pytorch": "2.11.0+cu128",
    "pytorch_cuda": "12.8",
    "device": "cuda",
    "gpu": "NVIDIA GeForce RTX 5070 Ti"
  },
  "validation_protocol": {
    "kind": "scaffold_cross_validation",
    "fold": 0,
    "folds": 5
  },
  "readout": "differentiable_closed_form_ridge",
  "hyperparameters": {
    "ca_lr": 0.003,
    "ridge": 1.0,
    "ca_l2": 1e-05,
    "gradient_clip": 2.0,
    "update_scale": 0.08,
    "init_scale": 0.5,
    "initial_noise": 0.005,
    "support_fraction": 0.6,
    "bond_temperature": 1.0,
    "dyn_a": 0.5,
    "dyn_b": 0.5,
    "dyn_c": 0.5,
    "dyn_d": 0.15,
    "lr_schedule": "cosine_0.1x"
  }
}
