{"device": "cuda", "gpu": "NVIDIA GeForce RTX 5070 Ti", "pytorch": "2.11.0+cu128", "pytorch_cuda": "12.8"}
{"epoch": 1, "train_rmse": 0.9887961098757552, "validation_rmse": 0.9556073546409607, "mean_raw_gradient_norm": 26.426531121134758, "fraction_gradients_clipped": 1.0}
{"epoch": 2, "train_rmse": 1.0328493387718456, "validation_rmse": 0.9568449854850769, "mean_raw_gradient_norm": 17.840562403202057, "fraction_gradients_clipped": 1.0}
{"epoch": 3, "train_rmse": 1.0674308003657713, "validation_rmse": 0.957919716835022, "mean_raw_gradient_norm": 30.216105803847313, "fraction_gradients_clipped": 1.0}
{"epoch": 4, "train_rmse": 1.1449887139376334, "validation_rmse": 0.956645667552948, "mean_raw_gradient_norm": 464.6314961016178, "fraction_gradients_clipped": 0.9375}
{
  "seed": 1701,
  "best_validation_rmse": 0.9556073546409607,
  "restored_fit_rmse": 0.9018123745918274,
  "restored_validation_rmse": 0.9556021094322205,
  "epochs_run": 4,
  "fit_observations": 2643,
  "validation_observations": 670,
  "rule": "coupled_map",
  "generations": 250,
  "hidden_channels": 8,
  "device": "cuda",
  "gpu": "NVIDIA GeForce RTX 5070 Ti",
  "training_seconds": 69.09572690003552,
  "peak_gpu_memory_bytes": 765206016,
  "readout": "differentiable_closed_form_ridge",
  "hyperparameters": {
    "ca_lr": 0.0003,
    "ridge": 0.1,
    "ca_l2": 1e-06,
    "gradient_clip": 2.0,
    "update_scale": 0.08,
    "init_scale": 1.0,
    "initial_noise": 0.0,
    "support_fraction": 0.75,
    "bond_temperature": 2.0,
    "dyn_a": 0.8,
    "dyn_b": 0.8,
    "dyn_c": 0.8,
    "dyn_d": 0.3,
    "lr_schedule": "cosine_0.1x"
  }
}
