{"operating_system": "macOS-26.2-arm64-arm-64bit", "machine": "arm64", "python": "3.10.19", "python_executable": "/opt/anaconda3/envs/kcc2/bin/python3.10", "pytorch": "2.8.0", "pytorch_cuda": null, "device": "cpu", "gpu": null}
{"epoch": 1, "train_rmse": 1.415732274001172, "validation_rmse": 0.9209707379341125, "mean_raw_gradient_norm": 126.59880902690273, "fraction_gradients_clipped": 1.0}
{"epoch": 2, "train_rmse": 2.606306505321649, "validation_rmse": 0.9289116263389587, "mean_raw_gradient_norm": 4190.4958593307, "fraction_gradients_clipped": 1.0}
{"epoch": 3, "train_rmse": 31.751939784640978, "validation_rmse": 0.9288923144340515, "mean_raw_gradient_norm": 195839.0987698955, "fraction_gradients_clipped": 1.0}
{"epoch": 4, "train_rmse": 78.0373663926759, "validation_rmse": 0.9307792782783508, "mean_raw_gradient_norm": 421923.1136595511, "fraction_gradients_clipped": 1.0}
{"epoch": 5, "train_rmse": 43.98286724604966, "validation_rmse": 0.9213282465934753, "mean_raw_gradient_norm": 493915.9912411782, "fraction_gradients_clipped": 1.0}
{"epoch": 6, "train_rmse": 16.668042464915338, "validation_rmse": 0.9199912548065186, "mean_raw_gradient_norm": 57133.85618763585, "fraction_gradients_clipped": 1.0}
{"dynamics_phase": "screen_start", "validation_pairs": 1309}
{"dynamics_phase": "screen_complete", "validation_pairs": 1309}
{
  "seed": 1701,
  "best_validation_rmse": 0.9209707379341125,
  "restored_fit_rmse": 0.8598607778549194,
  "restored_validation_rmse": 0.9209707379341125,
  "epochs_run": 6,
  "fit_observations": 5216,
  "validation_observations": 1309,
  "rule": "fitzhugh_nagumo",
  "generations": 16,
  "hidden_channels": 16,
  "device": "cpu",
  "gpu": null,
  "training_seconds": 37.57044329191558,
  "peak_gpu_memory_bytes": 0,
  "runtime": {
    "operating_system": "macOS-26.2-arm64-arm-64bit",
    "machine": "arm64",
    "python": "3.10.19",
    "python_executable": "/opt/anaconda3/envs/kcc2/bin/python3.10",
    "pytorch": "2.8.0",
    "pytorch_cuda": null,
    "device": "cpu",
    "gpu": null
  },
  "readout": "differentiable_closed_form_ridge",
  "hyperparameters": {
    "ca_lr": 0.001,
    "ridge": 0.1,
    "ca_l2": 1e-05,
    "gradient_clip": 1.0,
    "update_scale": 0.4,
    "init_scale": 0.5,
    "initial_noise": 0.0,
    "support_fraction": 0.85,
    "bond_temperature": 2.0,
    "dyn_a": 0.2,
    "dyn_b": 0.5,
    "dyn_c": 0.8,
    "dyn_d": 0.3,
    "lr_schedule": "cosine_0.1x"
  },
  "dynamical_analysis": {
    "validation_trajectories_screened": 1309,
    "perturbation_cases": 0,
    "classification_counts": {},
    "perturbation_status": "deferred_after_native_cuda_failure"
  }
}
