{"operating_system": "Windows-10-10.0.26200-SP0", "machine": "AMD64", "python": "3.11.16", "python_executable": "C:\\Users\\Anthony\\anaconda3\\envs\\strange-matter-gpu\\python.exe", "pytorch": "2.11.0+cu128", "pytorch_cuda": "12.8", "device": "cuda", "gpu": "NVIDIA GeForce RTX 5070 Ti"}
{"epoch": 1, "train_rmse": 1.2162640653803432, "validation_rmse": 0.8799839615821838, "validation_ma_st_rae": 0.8824152813296586, "validation_CYP1A2_st_rae": 0.862071541592617, "validation_CYP2C9_st_rae": 0.9406814735169313, "validation_CYP2D6_st_rae": 1.0271799720733357, "validation_CYP3A4_st_rae": 0.6997281381357503, "mean_raw_gradient_norm": 11.992338933944701, "fraction_gradients_clipped": 1.0}
{"epoch": 2, "train_rmse": 1.122205391783936, "validation_rmse": 0.8772128820419312, "validation_ma_st_rae": 0.8798058768720388, "validation_CYP1A2_st_rae": 0.8697650827352666, "validation_CYP2C9_st_rae": 0.9239347086151002, "validation_CYP2D6_st_rae": 1.030232024161628, "validation_CYP3A4_st_rae": 0.6952916919761606, "mean_raw_gradient_norm": 8.295460062026978, "fraction_gradients_clipped": 1.0}
{"epoch": 3, "train_rmse": 1.1241015541748502, "validation_rmse": 0.8758416771888733, "validation_ma_st_rae": 0.8804802497518287, "validation_CYP1A2_st_rae": 0.8811891430495342, "validation_CYP2C9_st_rae": 0.9276368866860569, "validation_CYP2D6_st_rae": 1.0213776130853565, "validation_CYP3A4_st_rae": 0.691717356186367, "mean_raw_gradient_norm": 7.922476644515991, "fraction_gradients_clipped": 1.0}
{"epoch": 4, "train_rmse": 1.1027316488528571, "validation_rmse": 0.875023603439331, "validation_ma_st_rae": 0.8783438480514854, "validation_CYP1A2_st_rae": 0.8809091590981556, "validation_CYP2C9_st_rae": 0.9186070112493003, "validation_CYP2D6_st_rae": 1.0252894142243303, "validation_CYP3A4_st_rae": 0.6885698076341551, "mean_raw_gradient_norm": 7.015778722763062, "fraction_gradients_clipped": 1.0}
{"epoch": 5, "train_rmse": 1.0991660285087512, "validation_rmse": 0.8730711340904236, "validation_ma_st_rae": 0.8785550540532836, "validation_CYP1A2_st_rae": 0.8772829807254291, "validation_CYP2C9_st_rae": 0.9199770249241906, "validation_CYP2D6_st_rae": 1.0303097987365955, "validation_CYP3A4_st_rae": 0.6866504118269193, "mean_raw_gradient_norm": 6.789889440536499, "fraction_gradients_clipped": 1.0}
{"epoch": 6, "train_rmse": 1.0225141876315804, "validation_rmse": 0.8726161122322083, "validation_ma_st_rae": 0.8799836113046269, "validation_CYP1A2_st_rae": 0.8772664929588826, "validation_CYP2C9_st_rae": 0.9250522481441018, "validation_CYP2D6_st_rae": 1.0338131786804599, "validation_CYP3A4_st_rae": 0.6838025254350634, "mean_raw_gradient_norm": 5.830022592544555, "fraction_gradients_clipped": 1.0}
{"epoch": 7, "train_rmse": 1.0795811820777874, "validation_rmse": 0.872214138507843, "validation_ma_st_rae": 0.880813420273981, "validation_CYP1A2_st_rae": 0.8791731554617113, "validation_CYP2C9_st_rae": 0.9262781794620322, "validation_CYP2D6_st_rae": 1.0368968854157146, "validation_CYP3A4_st_rae": 0.6809054607564661, "mean_raw_gradient_norm": 6.381408786773681, "fraction_gradients_clipped": 1.0}
{
  "seed": 2909,
  "selection_metric": "validation_ma_st_rae",
  "best_validation_ma_st_rae": 0.8783438480514854,
  "best_validation_rmse": 0.875023603439331,
  "restored_fit_rmse": 0.8248448967933655,
  "restored_validation_rmse": 0.87503582239151,
  "restored_fit_ma_st_rae": 0.8357342697192602,
  "restored_validation_ma_st_rae": 0.8828272748226603,
  "restored_validation_point_ma_st_rae": 0.8783675219746994,
  "restored_validation_point_st_rae_by_cyp": {
    "CYP1A2": 0.8809023494492714,
    "CYP2C9": 0.9187297129045352,
    "CYP2D6": 1.0252578619210515,
    "CYP3A4": 0.6885801636239393
  },
  "restored_fit_st_rae_by_cyp": {
    "CYP1A2": 0.8791672409536229,
    "CYP2C9": 0.739525884361783,
    "CYP2D6": 1.028452481543366,
    "CYP3A4": 0.6957914720182693
  },
  "restored_validation_st_rae_by_cyp": {
    "CYP1A2": 0.8881144338169331,
    "CYP2C9": 0.9234345282289061,
    "CYP2D6": 1.0282369698152525,
    "CYP3A4": 0.6915231674295496
  },
  "validation_bootstrap_metrics": {
    "n_bootstrap_samples": 1000,
    "seed": 0,
    "macro": {
      "st_rae": {
        "mean": 0.8828272748226603,
        "ci_low": 0.8214046749637801,
        "ci_high": 0.9427656132107965
      },
      "mae": {
        "mean": 0.6475334523856973,
        "ci_low": 0.6123511581023485,
        "ci_high": 0.6810220771471333
      },
      "r2": {
        "mean": 0.1792227092643327,
        "ci_low": 0.1224926278049934,
        "ci_high": 0.23830220856183598
      },
      "spearman_rho": {
        "mean": 0.4526568890100793,
        "ci_low": 0.4037878702160961,
        "ci_high": 0.5036519856851601
      },
      "kendall_tau": {
        "mean": 0.31739619453340534,
        "ci_low": 0.28161469120035165,
        "ci_high": 0.3558522720556138
      }
    },
    "per_endpoint": {
      "CYP1A2": {
        "st_rae": {
          "mean": 0.8881144338169331,
          "ci_low": 0.7690616100461515,
          "ci_high": 1.0347815737859167
        },
        "mae": {
          "mean": 0.7186706939517128,
          "ci_low": 0.6427434135278066,
          "ci_high": 0.8016904596222771
        },
        "r2": {
          "mean": 0.18327109353022597,
          "ci_low": 0.06821260627423024,
          "ci_high": 0.28904464786275935
        },
        "spearman_rho": {
          "mean": 0.4542229739972499,
          "ci_low": 0.3430674957008701,
          "ci_high": 0.5513428485607982
        },
        "kendall_tau": {
          "mean": 0.3110566967827132,
          "ci_low": 0.2293037346631484,
          "ci_high": 0.38665477689127825
        }
      },
      "CYP2C9": {
        "st_rae": {
          "mean": 0.9234345282289061,
          "ci_low": 0.7535339419956926,
          "ci_high": 1.1006742999322296
        },
        "mae": {
          "mean": 0.49636025725975236,
          "ci_low": 0.44629957101963186,
          "ci_high": 0.551159145119329
        },
        "r2": {
          "mean": 0.18729671547350368,
          "ci_low": 0.02042305622620747,
          "ci_high": 0.33837941020723383
        },
        "spearman_rho": {
          "mean": 0.43388865953737443,
          "ci_low": 0.3104264639232293,
          "ci_high": 0.5648922981779435
        },
        "kendall_tau": {
          "mean": 0.3078937494138084,
          "ci_low": 0.2146911365496317,
          "ci_high": 0.40776355089136795
        }
      },
      "CYP2D6": {
        "st_rae": {
          "mean": 1.0282369698152525,
          "ci_low": 0.9348650826200493,
          "ci_high": 1.1449215714757994
        },
        "mae": {
          "mean": 0.6618665794113935,
          "ci_low": 0.5860671208319018,
          "ci_high": 0.7406077606698214
        },
        "r2": {
          "mean": 0.007890815902315856,
          "ci_low": -0.10097917011382057,
          "ci_high": 0.10877717661890446
        },
        "spearman_rho": {
          "mean": 0.2876339618881319,
          "ci_low": 0.17207958194047443,
          "ci_high": 0.3961052025791778
        },
        "kendall_tau": {
          "mean": 0.19646310946357454,
          "ci_low": 0.11693358376245377,
          "ci_high": 0.27361852332521214
        }
      },
      "CYP3A4": {
        "st_rae": {
          "mean": 0.6915231674295496,
          "ci_low": 0.6166279223172086,
          "ci_high": 0.7721362917976066
        },
        "mae": {
          "mean": 0.7132362789199306,
          "ci_low": 0.6536874500617765,
          "ci_high": 0.77214584657896
        },
        "r2": {
          "mean": 0.33843221215128527,
          "ci_low": 0.23680478138709427,
          "ci_high": 0.4185871722068448
        },
        "spearman_rho": {
          "mean": 0.6348819606175609,
          "ci_low": 0.562983137042599,
          "ci_high": 0.6957124227294463
        },
        "kendall_tau": {
          "mean": 0.4541712224735251,
          "ci_low": 0.3969498624734822,
          "ci_high": 0.5031130201921269
        }
      }
    }
  },
  "epochs_run": 7,
  "fit_observations": 4213,
  "validation_observations": 1003,
  "rule": "kuramoto_sakaguchi",
  "generations": 32,
  "hidden_channels": 16,
  "atom_feature_profile": "periodic",
  "atom_feature_count": 33,
  "atom_feature_names": [
    "element_H",
    "element_C",
    "element_N",
    "element_O",
    "element_F",
    "element_P",
    "element_S",
    "element_Cl",
    "element_Br",
    "element_I",
    "element_other",
    "formal_charge",
    "aromatic",
    "hybrid_sp",
    "hybrid_sp2",
    "hybrid_sp3",
    "hybrid_other",
    "degree",
    "total_hydrogens",
    "in_ring",
    "hbond_donor",
    "hbond_acceptor",
    "chiral_cw",
    "chiral_ccw",
    "chiral_other",
    "atomic_number",
    "atomic_mass",
    "covalent_radius",
    "vdw_radius",
    "outer_electrons",
    "period",
    "periodic_group",
    "atomic_volume"
  ],
  "device": "cuda",
  "gpu": "NVIDIA GeForce RTX 5070 Ti",
  "training_seconds": 36.28055859997403,
  "peak_gpu_memory_bytes": 242788864,
  "runtime": {
    "operating_system": "Windows-10-10.0.26200-SP0",
    "machine": "AMD64",
    "python": "3.11.16",
    "python_executable": "C:\\Users\\Anthony\\anaconda3\\envs\\strange-matter-gpu\\python.exe",
    "pytorch": "2.11.0+cu128",
    "pytorch_cuda": "12.8",
    "device": "cuda",
    "gpu": "NVIDIA GeForce RTX 5070 Ti"
  },
  "validation_protocol": {
    "kind": "scaffold_cross_validation",
    "fold": 3,
    "folds": 5
  },
  "readout": "differentiable_closed_form_ridge",
  "hyperparameters": {
    "ca_lr": 0.001,
    "ridge": 0.1,
    "ca_l2": 1e-06,
    "gradient_clip": 2.0,
    "update_scale": 0.08,
    "init_scale": 0.5,
    "initial_noise": 0.005,
    "support_fraction": 0.85,
    "bond_temperature": 1.0,
    "dyn_a": 0.5,
    "dyn_b": 0.2,
    "dyn_c": 0.5,
    "dyn_d": 0.05,
    "lr_schedule": "cosine_0.1x"
  }
}
