{"operating_system": "Windows-10-10.0.26200-SP0", "machine": "AMD64", "python": "3.11.16", "python_executable": "C:\\Users\\Anthony\\anaconda3\\envs\\strange-matter-gpu\\python.exe", "pytorch": "2.11.0+cu128", "pytorch_cuda": "12.8", "device": "cuda", "gpu": "NVIDIA GeForce RTX 5070 Ti"}
{"epoch": 1, "train_rmse": 1.2781107606452864, "validation_rmse": 0.8644023537635803, "validation_ma_st_rae": 0.9618880455149712, "validation_CYP1A2_st_rae": 1.0439740071252974, "validation_CYP2C9_st_rae": 0.953812274442431, "validation_CYP2D6_st_rae": 0.9520583822714285, "validation_CYP3A4_st_rae": 0.8977075182207284, "mean_raw_gradient_norm": 89.47264680862426, "fraction_gradients_clipped": 1.0}
{"epoch": 2, "train_rmse": 1.159997990353334, "validation_rmse": 0.8654460310935974, "validation_ma_st_rae": 0.9582423667259811, "validation_CYP1A2_st_rae": 1.0494509331054738, "validation_CYP2C9_st_rae": 0.9497746360310786, "validation_CYP2D6_st_rae": 0.942046215986976, "validation_CYP3A4_st_rae": 0.8916976817803958, "mean_raw_gradient_norm": 61.57396831512451, "fraction_gradients_clipped": 1.0}
{"epoch": 3, "train_rmse": 1.5196607959118205, "validation_rmse": 0.8545385599136353, "validation_ma_st_rae": 0.9411088231439503, "validation_CYP1A2_st_rae": 1.0335689635062215, "validation_CYP2C9_st_rae": 0.9184682268830486, "validation_CYP2D6_st_rae": 0.9444846862713371, "validation_CYP3A4_st_rae": 0.867913415915194, "mean_raw_gradient_norm": 140.94106969833373, "fraction_gradients_clipped": 1.0}
{
  "seed": 1701,
  "selection_metric": "validation_ma_st_rae",
  "best_validation_ma_st_rae": 0.9411088231439503,
  "best_validation_rmse": 0.8545385599136353,
  "restored_fit_rmse": 0.9363658428192139,
  "restored_validation_rmse": 0.8545328378677368,
  "restored_fit_ma_st_rae": 0.885321470140651,
  "restored_validation_ma_st_rae": 0.9563876485597718,
  "restored_validation_point_ma_st_rae": 0.9411032361100191,
  "restored_validation_point_st_rae_by_cyp": {
    "CYP1A2": 1.0335943391136688,
    "CYP2C9": 0.918439301921364,
    "CYP2D6": 0.9444856448163019,
    "CYP3A4": 0.8678936585887416
  },
  "restored_fit_st_rae_by_cyp": {
    "CYP1A2": 0.9548235901984952,
    "CYP2C9": 0.8264134212273204,
    "CYP2D6": 0.9556788470649386,
    "CYP3A4": 0.8043700220718495
  },
  "restored_validation_st_rae_by_cyp": {
    "CYP1A2": 1.0359220396524156,
    "CYP2C9": 0.9509857669406947,
    "CYP2D6": 0.9587047022672294,
    "CYP3A4": 0.8799380853787472
  },
  "validation_bootstrap_metrics": {
    "n_bootstrap_samples": 1000,
    "seed": 0,
    "macro": {
      "st_rae": {
        "mean": 0.9563876485597718,
        "ci_low": 0.8472511766214431,
        "ci_high": 1.0792124376277497
      },
      "mae": {
        "mean": 0.6503153149682668,
        "ci_low": 0.5900095879459002,
        "ci_high": 0.7157809448026675
      },
      "r2": {
        "mean": 0.08041692713627094,
        "ci_low": -0.04082857549447523,
        "ci_high": 0.18166107810079427
      },
      "spearman_rho": {
        "mean": 0.35408636218583595,
        "ci_low": 0.24310338429292183,
        "ci_high": 0.46237686108509446
      },
      "kendall_tau": {
        "mean": 0.247181066582506,
        "ci_low": 0.16658042356671177,
        "ci_high": 0.32697995965556487
      }
    },
    "per_endpoint": {
      "CYP1A2": {
        "st_rae": {
          "mean": 1.0359220396524156,
          "ci_low": 0.8144164107498294,
          "ci_high": 1.3019403082430347
        },
        "mae": {
          "mean": 0.7131772806918035,
          "ci_low": 0.5657484944726601,
          "ci_high": 0.886940655942823
        },
        "r2": {
          "mean": 0.058664456395765376,
          "ci_low": -0.2104252544657439,
          "ci_high": 0.2135863094692535
        },
        "spearman_rho": {
          "mean": 0.22327740349139424,
          "ci_low": -0.03630988851232275,
          "ci_high": 0.46202225311389117
        },
        "kendall_tau": {
          "mean": 0.15479478239874994,
          "ci_low": -0.026748337028824832,
          "ci_high": 0.32446182495344505
        }
      },
      "CYP2C9": {
        "st_rae": {
          "mean": 0.9509857669406947,
          "ci_low": 0.7035285784445752,
          "ci_high": 1.2495704012683382
        },
        "mae": {
          "mean": 0.5578686925371488,
          "ci_low": 0.44659404824177423,
          "ci_high": 0.676847811639309
        },
        "r2": {
          "mean": -0.00041641685499267954,
          "ci_low": -0.2903242810784399,
          "ci_high": 0.25358260641377095
        },
        "spearman_rho": {
          "mean": 0.39097720410533904,
          "ci_low": 0.1457189241336971,
          "ci_high": 0.6007942351640686
        },
        "kendall_tau": {
          "mean": 0.27196345350292667,
          "ci_low": 0.09596664090781021,
          "ci_high": 0.43747395127306565
        }
      },
      "CYP2D6": {
        "st_rae": {
          "mean": 0.9587047022672294,
          "ci_low": 0.7763477376130666,
          "ci_high": 1.188955603055974
        },
        "mae": {
          "mean": 0.5508522649765014,
          "ci_low": 0.4397946001016177,
          "ci_high": 0.6840600826190069
        },
        "r2": {
          "mean": 0.07894164743420921,
          "ci_low": -0.14931810650339947,
          "ci_high": 0.2386164380991695
        },
        "spearman_rho": {
          "mean": 0.3647544725405606,
          "ci_low": 0.1267498177625259,
          "ci_high": 0.5688080347138139
        },
        "kendall_tau": {
          "mean": 0.25987897072661714,
          "ci_low": 0.08886285674037524,
          "ci_high": 0.41579030402019374
        }
      },
      "CYP3A4": {
        "st_rae": {
          "mean": 0.8799380853787472,
          "ci_low": 0.7302506364010035,
          "ci_high": 1.0749044707583213
        },
        "mae": {
          "mean": 0.7793630216676134,
          "ci_low": 0.677098918862121,
          "ci_high": 0.89242510559947
        },
        "r2": {
          "mean": 0.1844780215701019,
          "ci_low": 0.042228904213258055,
          "ci_high": 0.31067120668573217
        },
        "spearman_rho": {
          "mean": 0.43733636860604985,
          "ci_low": 0.24799824090586747,
          "ci_high": 0.6114425629654912
        },
        "kendall_tau": {
          "mean": 0.3020870597017303,
          "ci_low": 0.16541629149533268,
          "ci_high": 0.43072123216143965
        }
      }
    }
  },
  "epochs_run": 3,
  "fit_observations": 806,
  "validation_observations": 272,
  "rule": "inertial_reaction_diffusion",
  "generations": 500,
  "hidden_channels": 8,
  "atom_feature_profile": "valence_electronic",
  "atom_feature_count": 38,
  "atom_feature_names": [
    "element_H",
    "element_C",
    "element_N",
    "element_O",
    "element_F",
    "element_P",
    "element_S",
    "element_Cl",
    "element_Br",
    "element_I",
    "element_other",
    "formal_charge",
    "aromatic",
    "hybrid_sp",
    "hybrid_sp2",
    "hybrid_sp3",
    "hybrid_other",
    "degree",
    "total_hydrogens",
    "in_ring",
    "hbond_donor",
    "hbond_acceptor",
    "chiral_cw",
    "chiral_ccw",
    "chiral_other",
    "total_valence",
    "implicit_valence",
    "heavy_atom_degree",
    "radical_electrons",
    "absolute_formal_charge",
    "electronegativity",
    "polarizability",
    "heteroatom",
    "halogen",
    "conjugated_bond_fraction",
    "first_ionization_energy",
    "electron_affinity",
    "electronic_property_missing"
  ],
  "device": "cuda",
  "gpu": "NVIDIA GeForce RTX 5070 Ti",
  "training_seconds": 45.12924899999052,
  "peak_gpu_memory_bytes": 683091968,
  "runtime": {
    "operating_system": "Windows-10-10.0.26200-SP0",
    "machine": "AMD64",
    "python": "3.11.16",
    "python_executable": "C:\\Users\\Anthony\\anaconda3\\envs\\strange-matter-gpu\\python.exe",
    "pytorch": "2.11.0+cu128",
    "pytorch_cuda": "12.8",
    "device": "cuda",
    "gpu": "NVIDIA GeForce RTX 5070 Ti"
  },
  "validation_protocol": {
    "kind": "scaffold_cross_validation",
    "fold": 0,
    "folds": 5
  },
  "readout": "differentiable_closed_form_ridge",
  "hyperparameters": {
    "ca_lr": 0.001,
    "ridge": 0.1,
    "ca_l2": 1e-05,
    "gradient_clip": 2.0,
    "update_scale": 0.4,
    "init_scale": 0.5,
    "initial_noise": 0.0,
    "support_fraction": 0.85,
    "bond_temperature": 2.0,
    "dyn_a": 0.2,
    "dyn_b": 0.5,
    "dyn_c": 0.8,
    "dyn_d": 0.3,
    "lr_schedule": "cosine_0.1x"
  }
}
