{"operating_system": "Windows-10-10.0.26200-SP0", "machine": "AMD64", "python": "3.11.16", "python_executable": "C:\\Users\\Anthony\\anaconda3\\envs\\strange-matter-gpu\\python.exe", "pytorch": "2.11.0+cu128", "pytorch_cuda": "12.8", "device": "cuda", "gpu": "NVIDIA GeForce RTX 5070 Ti"}
{"epoch": 1, "train_rmse": 1.5510365815996763, "validation_rmse": 0.9177637696266174, "validation_ma_st_rae": 1.0737259161879793, "validation_CYP1A2_st_rae": 1.0969972295541595, "validation_CYP2C9_st_rae": 0.9876143722073067, "validation_CYP2D6_st_rae": 1.0905847822629207, "validation_CYP3A4_st_rae": 1.1197072807275297, "mean_raw_gradient_norm": 2061.9684509277345, "fraction_gradients_clipped": 1.0}
{"epoch": 2, "train_rmse": 1.6785019384829494, "validation_rmse": 0.9303866028785706, "validation_ma_st_rae": 1.0728310626522328, "validation_CYP1A2_st_rae": 1.1230173889678046, "validation_CYP2C9_st_rae": 0.9797516856869313, "validation_CYP2D6_st_rae": 1.0473193374259893, "validation_CYP3A4_st_rae": 1.141235838528206, "mean_raw_gradient_norm": 59640.068257141116, "fraction_gradients_clipped": 1.0}
{"epoch": 3, "train_rmse": 1.8075956716546036, "validation_rmse": 0.9365921020507812, "validation_ma_st_rae": 1.0783163398075641, "validation_CYP1A2_st_rae": 1.181328125245274, "validation_CYP2C9_st_rae": 0.9401236169516183, "validation_CYP2D6_st_rae": 1.139361661979471, "validation_CYP3A4_st_rae": 1.0524519550538936, "mean_raw_gradient_norm": 3738.818719482422, "fraction_gradients_clipped": 1.0}
{
  "seed": 1701,
  "selection_metric": "validation_ma_st_rae",
  "best_validation_ma_st_rae": 1.0737259161879793,
  "best_validation_rmse": 0.9177637696266174,
  "restored_fit_rmse": 0.9195600748062134,
  "restored_validation_rmse": 0.9178916215896606,
  "restored_fit_ma_st_rae": 0.8737939722866448,
  "restored_validation_ma_st_rae": 1.091330965897971,
  "restored_validation_point_ma_st_rae": 1.074035554863893,
  "restored_validation_point_st_rae_by_cyp": {
    "CYP1A2": 1.0968803572724566,
    "CYP2C9": 0.9885197006198359,
    "CYP2D6": 1.0907268496868472,
    "CYP3A4": 1.1200153118764318
  },
  "restored_fit_st_rae_by_cyp": {
    "CYP1A2": 0.8626945239218988,
    "CYP2C9": 0.8415437745670762,
    "CYP2D6": 0.9458542256223906,
    "CYP3A4": 0.8450833650352138
  },
  "restored_validation_st_rae_by_cyp": {
    "CYP1A2": 1.102782450916503,
    "CYP2C9": 1.0179534726934463,
    "CYP2D6": 1.110569771362505,
    "CYP3A4": 1.1340181686194302
  },
  "validation_bootstrap_metrics": {
    "n_bootstrap_samples": 1000,
    "seed": 0,
    "macro": {
      "st_rae": {
        "mean": 1.091330965897971,
        "ci_low": 0.9782671768300218,
        "ci_high": 1.2193692235471068
      },
      "mae": {
        "mean": 0.7004054172623955,
        "ci_low": 0.637795489943151,
        "ci_high": 0.7691456788188461
      },
      "r2": {
        "mean": -0.02652228916445086,
        "ci_low": -0.14659374177295964,
        "ci_high": 0.07410563797406244
      },
      "spearman_rho": {
        "mean": 0.24103317205192565,
        "ci_low": 0.1295154079665259,
        "ci_high": 0.3488462559830475
      },
      "kendall_tau": {
        "mean": 0.1641173401983819,
        "ci_low": 0.08780993021026565,
        "ci_high": 0.23870146745453175
      }
    },
    "per_endpoint": {
      "CYP1A2": {
        "st_rae": {
          "mean": 1.102782450916503,
          "ci_low": 0.826866457264012,
          "ci_high": 1.4600476735864052
        },
        "mae": {
          "mean": 0.7128080822209842,
          "ci_low": 0.557499944284314,
          "ci_high": 0.8921359670943901
        },
        "r2": {
          "mean": 0.0389000622860128,
          "ci_low": -0.23947937634856517,
          "ci_high": 0.23763696170324247
        },
        "spearman_rho": {
          "mean": 0.34393326269034846,
          "ci_low": 0.1143476730626015,
          "ci_high": 0.562288656573209
        },
        "kendall_tau": {
          "mean": 0.24626657447421638,
          "ci_low": 0.0864273807359854,
          "ci_high": 0.4061787271237027
        }
      },
      "CYP2C9": {
        "st_rae": {
          "mean": 1.0179534726934463,
          "ci_low": 0.7806697498138306,
          "ci_high": 1.2996083553314217
        },
        "mae": {
          "mean": 0.5703239048361778,
          "ci_low": 0.45912146697441736,
          "ci_high": 0.6861533094445864
        },
        "r2": {
          "mean": -0.0053276975616962366,
          "ci_low": -0.27624961738113724,
          "ci_high": 0.2134193811090779
        },
        "spearman_rho": {
          "mean": 0.34748743234333873,
          "ci_low": 0.11019095230012418,
          "ci_high": 0.555955492177859
        },
        "kendall_tau": {
          "mean": 0.233282636687277,
          "ci_low": 0.06142675635153528,
          "ci_high": 0.38489524634311273
        }
      },
      "CYP2D6": {
        "st_rae": {
          "mean": 1.110569771362505,
          "ci_low": 0.9256389659141175,
          "ci_high": 1.349643468589553
        },
        "mae": {
          "mean": 0.6115771384239197,
          "ci_low": 0.48575899921930754,
          "ci_high": 0.7452612915405861
        },
        "r2": {
          "mean": -0.06184284480496467,
          "ci_low": -0.3158435959600974,
          "ci_high": 0.13628489157662757
        },
        "spearman_rho": {
          "mean": 0.15623071601458374,
          "ci_low": -0.06629799740233851,
          "ci_high": 0.3692840659523748
        },
        "kendall_tau": {
          "mean": 0.09701676144735262,
          "ci_low": -0.046042702657959116,
          "ci_high": 0.23961385544603084
        }
      },
      "CYP3A4": {
        "st_rae": {
          "mean": 1.1340181686194302,
          "ci_low": 0.9642611977864555,
          "ci_high": 1.364264084470389
        },
        "mae": {
          "mean": 0.9069125435685003,
          "ci_low": 0.7804840577896252,
          "ci_high": 1.0235494375921959
        },
        "r2": {
          "mean": -0.07781867657715533,
          "ci_low": -0.29564198832641253,
          "ci_high": 0.08009667534135995
        },
        "spearman_rho": {
          "mean": 0.1164812771594317,
          "ci_low": -0.09023610814184467,
          "ci_high": 0.3092152027256881
        },
        "kendall_tau": {
          "mean": 0.07990338818468148,
          "ci_low": -0.06051763011716487,
          "ci_high": 0.2050020349128792
        }
      }
    }
  },
  "epochs_run": 3,
  "fit_observations": 806,
  "validation_observations": 272,
  "rule": "kuramoto_sakaguchi",
  "generations": 250,
  "hidden_channels": 16,
  "atom_feature_profile": "ring_geometry",
  "atom_feature_count": 32,
  "atom_feature_names": [
    "element_H",
    "element_C",
    "element_N",
    "element_O",
    "element_F",
    "element_P",
    "element_S",
    "element_Cl",
    "element_Br",
    "element_I",
    "element_other",
    "formal_charge",
    "aromatic",
    "hybrid_sp",
    "hybrid_sp2",
    "hybrid_sp3",
    "hybrid_other",
    "degree",
    "total_hydrogens",
    "in_ring",
    "hbond_donor",
    "hbond_acceptor",
    "chiral_cw",
    "chiral_ccw",
    "chiral_other",
    "ring_count",
    "ring_size_3",
    "ring_size_4",
    "ring_size_5",
    "ring_size_6",
    "ring_size_7",
    "ring_size_8_plus"
  ],
  "device": "cuda",
  "gpu": "NVIDIA GeForce RTX 5070 Ti",
  "training_seconds": 25.672397200018167,
  "peak_gpu_memory_bytes": 884799488,
  "runtime": {
    "operating_system": "Windows-10-10.0.26200-SP0",
    "machine": "AMD64",
    "python": "3.11.16",
    "python_executable": "C:\\Users\\Anthony\\anaconda3\\envs\\strange-matter-gpu\\python.exe",
    "pytorch": "2.11.0+cu128",
    "pytorch_cuda": "12.8",
    "device": "cuda",
    "gpu": "NVIDIA GeForce RTX 5070 Ti"
  },
  "validation_protocol": {
    "kind": "scaffold_cross_validation",
    "fold": 0,
    "folds": 5
  },
  "readout": "differentiable_closed_form_ridge",
  "hyperparameters": {
    "ca_lr": 0.003,
    "ridge": 1.0,
    "ca_l2": 0.0001,
    "gradient_clip": 2.0,
    "update_scale": 0.4,
    "init_scale": 1.0,
    "initial_noise": 0.005,
    "support_fraction": 0.75,
    "bond_temperature": 1.0,
    "dyn_a": 0.2,
    "dyn_b": 0.8,
    "dyn_c": 0.8,
    "dyn_d": 0.15,
    "lr_schedule": "cosine_0.1x"
  }
}
