{"operating_system": "Windows-10-10.0.26200-SP0", "machine": "AMD64", "python": "3.11.16", "python_executable": "C:\\Users\\Anthony\\anaconda3\\envs\\strange-matter-gpu\\python.exe", "pytorch": "2.11.0+cu128", "pytorch_cuda": "12.8", "device": "cuda", "gpu": "NVIDIA GeForce RTX 5070 Ti"}
{"epoch": 1, "train_rmse": 1.481901938297016, "validation_rmse": 1.000036358833313, "validation_ma_st_rae": 1.0884159491924368, "validation_CYP1A2_st_rae": 1.2775224048053315, "validation_CYP2C9_st_rae": 0.9853099103360895, "validation_CYP2D6_st_rae": 1.180640733111514, "validation_CYP3A4_st_rae": 0.9101907485168119, "mean_raw_gradient_norm": 19.301206207275392, "fraction_gradients_clipped": 1.0}
{"epoch": 2, "train_rmse": 1.7883201720989892, "validation_rmse": 1.0005489587783813, "validation_ma_st_rae": 1.0909113124493233, "validation_CYP1A2_st_rae": 1.2745718725202257, "validation_CYP2C9_st_rae": 0.9971446542536812, "validation_CYP2D6_st_rae": 1.1819558833924542, "validation_CYP3A4_st_rae": 0.9099728396309318, "mean_raw_gradient_norm": 22.37323703765869, "fraction_gradients_clipped": 1.0}
{"epoch": 3, "train_rmse": 1.6579374592169458, "validation_rmse": 0.9974415898323059, "validation_ma_st_rae": 1.0900373671239825, "validation_CYP1A2_st_rae": 1.2719030681240846, "validation_CYP2C9_st_rae": 0.9961714222039764, "validation_CYP2D6_st_rae": 1.1830219697289484, "validation_CYP3A4_st_rae": 0.9090530084389205, "mean_raw_gradient_norm": 18.178696060180663, "fraction_gradients_clipped": 1.0}
{
  "seed": 1701,
  "selection_metric": "validation_ma_st_rae",
  "best_validation_ma_st_rae": 1.0884159491924368,
  "best_validation_rmse": 1.000036358833313,
  "restored_fit_rmse": 0.8682888746261597,
  "restored_validation_rmse": 1.0002965927124023,
  "restored_fit_ma_st_rae": 0.8206633560537705,
  "restored_validation_ma_st_rae": 1.1003205828248803,
  "restored_validation_point_ma_st_rae": 1.0884508651934492,
  "restored_validation_point_st_rae_by_cyp": {
    "CYP1A2": 1.2778667545075328,
    "CYP2C9": 0.9850579970941182,
    "CYP2D6": 1.180643700914194,
    "CYP3A4": 0.910235008257952
  },
  "restored_fit_st_rae_by_cyp": {
    "CYP1A2": 0.8034847126723658,
    "CYP2C9": 0.7580126457600955,
    "CYP2D6": 1.0246611233387817,
    "CYP3A4": 0.6964949424438394
  },
  "restored_validation_st_rae_by_cyp": {
    "CYP1A2": 1.2719624953992226,
    "CYP2C9": 0.9978683239862982,
    "CYP2D6": 1.2049580924831316,
    "CYP3A4": 0.9264934194308692
  },
  "validation_bootstrap_metrics": {
    "n_bootstrap_samples": 1000,
    "seed": 0,
    "macro": {
      "st_rae": {
        "mean": 1.1003205828248803,
        "ci_low": 0.9207205372884997,
        "ci_high": 1.312289514752361
      },
      "mae": {
        "mean": 0.6973165941978569,
        "ci_low": 0.616318136452091,
        "ci_high": 0.7906049492640628
      },
      "r2": {
        "mean": -0.29951231224469127,
        "ci_low": -0.9209516089852845,
        "ci_high": 0.08433304352123297
      },
      "spearman_rho": {
        "mean": 0.367149710656148,
        "ci_low": 0.26432189654963,
        "ci_high": 0.47139832358781364
      },
      "kendall_tau": {
        "mean": 0.26173946325790914,
        "ci_low": 0.18556412681886597,
        "ci_high": 0.3382424446278244
      }
    },
    "per_endpoint": {
      "CYP1A2": {
        "st_rae": {
          "mean": 1.2719624953992226,
          "ci_low": 0.8190296203401253,
          "ci_high": 1.7872700985420613
        },
        "mae": {
          "mean": 0.7927695488773409,
          "ci_low": 0.56140416264534,
          "ci_high": 1.0868113008678937
        },
        "r2": {
          "mean": -0.668327668121484,
          "ci_low": -2.256293146417473,
          "ci_high": 0.1709970395389331
        },
        "spearman_rho": {
          "mean": 0.31331494725435033,
          "ci_low": 0.08227205487241154,
          "ci_high": 0.539478705126486
        },
        "kendall_tau": {
          "mean": 0.21882952605701428,
          "ci_low": 0.049691523241789916,
          "ci_high": 0.3899090491784351
        }
      },
      "CYP2C9": {
        "st_rae": {
          "mean": 0.9978683239862982,
          "ci_low": 0.5470805405610402,
          "ci_high": 1.7040373654333083
        },
        "mae": {
          "mean": 0.5826642774860064,
          "ci_low": 0.43771893660227457,
          "ci_high": 0.7606910552581151
        },
        "r2": {
          "mean": -0.5001246276793784,
          "ci_low": -2.2215207081105985,
          "ci_high": 0.40018406642896254
        },
        "spearman_rho": {
          "mean": 0.5265019043132617,
          "ci_low": 0.2907218642591801,
          "ci_high": 0.725465937138075
        },
        "kendall_tau": {
          "mean": 0.39940824716285006,
          "ci_low": 0.2259585101083042,
          "ci_high": 0.56438405222015
        }
      },
      "CYP2D6": {
        "st_rae": {
          "mean": 1.2049580924831316,
          "ci_low": 0.986061751815888,
          "ci_high": 1.4774522579653186
        },
        "mae": {
          "mean": 0.6441998965263366,
          "ci_low": 0.5204836323628059,
          "ci_high": 0.7938987536613757
        },
        "r2": {
          "mean": -0.20805734190631506,
          "ci_low": -0.533076506400411,
          "ci_high": 0.011581807190338415
        },
        "spearman_rho": {
          "mean": 0.15027560290635053,
          "ci_low": -0.08287702149847723,
          "ci_high": 0.3675561848303197
        },
        "kendall_tau": {
          "mean": 0.10287286500936088,
          "ci_low": -0.058454197527805986,
          "ci_high": 0.25716211838744474
        }
      },
      "CYP3A4": {
        "st_rae": {
          "mean": 0.9264934194308692,
          "ci_low": 0.7327808445919934,
          "ci_high": 1.1801426551955327
        },
        "mae": {
          "mean": 0.7696326539017433,
          "ci_low": 0.6652423760918683,
          "ci_high": 0.8822977758424226
        },
        "r2": {
          "mean": 0.17846038872841252,
          "ci_low": -0.020219014511279873,
          "ci_high": 0.3335837524454874
        },
        "spearman_rho": {
          "mean": 0.4785063881506294,
          "ci_low": 0.3144072617557369,
          "ci_high": 0.6283195671908756
        },
        "kendall_tau": {
          "mean": 0.3258472148024116,
          "ci_low": 0.20361316315967215,
          "ci_high": 0.43999052672061223
        }
      }
    }
  },
  "epochs_run": 3,
  "fit_observations": 806,
  "validation_observations": 272,
  "rule": "gated_residual",
  "generations": 32,
  "hidden_channels": 16,
  "atom_feature_profile": "local_environment",
  "atom_feature_count": 29,
  "atom_feature_names": [
    "element_H",
    "element_C",
    "element_N",
    "element_O",
    "element_F",
    "element_P",
    "element_S",
    "element_Cl",
    "element_Br",
    "element_I",
    "element_other",
    "formal_charge",
    "aromatic",
    "hybrid_sp",
    "hybrid_sp2",
    "hybrid_sp3",
    "hybrid_other",
    "degree",
    "total_hydrogens",
    "in_ring",
    "hbond_donor",
    "hbond_acceptor",
    "chiral_cw",
    "chiral_ccw",
    "chiral_other",
    "mean_neighbour_electronegativity",
    "electronegativity_difference",
    "mean_neighbour_atomic_number",
    "neighbour_formal_charge"
  ],
  "device": "cuda",
  "gpu": "NVIDIA GeForce RTX 5070 Ti",
  "training_seconds": 3.0441002000588924,
  "peak_gpu_memory_bytes": 212616704,
  "runtime": {
    "operating_system": "Windows-10-10.0.26200-SP0",
    "machine": "AMD64",
    "python": "3.11.16",
    "python_executable": "C:\\Users\\Anthony\\anaconda3\\envs\\strange-matter-gpu\\python.exe",
    "pytorch": "2.11.0+cu128",
    "pytorch_cuda": "12.8",
    "device": "cuda",
    "gpu": "NVIDIA GeForce RTX 5070 Ti"
  },
  "validation_protocol": {
    "kind": "scaffold_cross_validation",
    "fold": 0,
    "folds": 5
  },
  "readout": "differentiable_closed_form_ridge",
  "prediction_mode": "direct",
  "residual_alpha": null,
  "trajectory_pooling": "legacy",
  "ridge_mode": "shared",
  "loss_mode": "hybrid_interval",
  "interval_loss_beta": 1.0,
  "interval_temperature": 0.1,
  "hyperparameters": {
    "ca_lr": 0.001,
    "ridge": 0.01,
    "ca_l2": 0.0001,
    "gradient_clip": 2.0,
    "update_scale": 0.08,
    "init_scale": 1.5,
    "initial_noise": 0.01,
    "support_fraction": 0.6,
    "bond_temperature": 1.0,
    "dyn_a": 0.8,
    "dyn_b": 0.2,
    "dyn_c": 0.2,
    "dyn_d": 0.3,
    "lr_schedule": "cosine_0.1x"
  }
}
