{"operating_system": "Windows-10-10.0.26200-SP0", "machine": "AMD64", "python": "3.11.16", "python_executable": "C:\\Users\\Anthony\\anaconda3\\envs\\strange-matter-gpu\\python.exe", "pytorch": "2.11.0+cu128", "pytorch_cuda": "12.8", "device": "cuda", "gpu": "NVIDIA GeForce RTX 5070 Ti"}
{"epoch": 1, "train_rmse": 1.2370646607196492, "validation_rmse": 0.8317022919654846, "validation_ma_st_rae": 0.8193526247795824, "validation_CYP1A2_st_rae": 0.8356848898366668, "validation_CYP2C9_st_rae": 0.7686998606324394, "validation_CYP2D6_st_rae": 0.9879765622965752, "validation_CYP3A4_st_rae": 0.685049186352648, "mean_raw_gradient_norm": 8.254676303863526, "fraction_gradients_clipped": 1.0}{{"epoch": 2, "train_rmse": 1.2944031077292661, "validation_rmse": 0.8284386992454529, "validation_ma_st_rae": 0.816613337943499, "validation_CYP1A2_st_rae": 0.8517104699662089, "validation_CYP2C9_st_rae": 0.7700057473692259, "validation_CYP2D6_st_rae": 0.9720114231227701, "validation_CYP3A4_st_rae": 0.672725711315791, "mean_raw_gradient_norm": 9.72630506515503, "fraction_gradients_clipped": 1.0}
{"epoch": 3, "train_rmse": 1.1659325044824906, "validation_rmse": 0.827870786190033, "validation_ma_st_rae": 0.815138214525816, "validation_CYP1A2_st_rae": 0.8330342876985772, "validation_CYP2C9_st_rae": 0.7736363164561807, "validation_CYP2D6_st_rae": 0.9714859967593179, "validation_CYP3A4_st_rae": 0.6823962571891885, "mean_raw_gradient_norm": 6.562717390060425, "fraction_gradients_clipped": 1.0}
{"epoch": 4, "train_rmse": 1.1889748728133926, "validation_rmse": 0.8236598968505859, "validation_ma_st_rae": 0.8092252387536195, "validation_CYP1A2_st_rae": 0.8284700437505818, "validation_CYP2C9_st_rae": 0.7661057405721752, "validation_CYP2D6_st_rae": 0.9640997458841595, "validation_CYP3A4_st_rae": 0.6782254248075619, "mean_raw_gradient_norm": 7.505369038581848, "fraction_gradients_clipped": 1.0}
{"{
  "seed": 1701,
  "selection_metric": "validation_ma_st_rae",
  "best_validation_ma_st_rae": 0.8177392388779618,
  "best_validation_rmse": 0.8318800330162048,
  "restored_fit_rmse": 0.8401907086372375,
  "restored_validation_rmse": 0.8318818807601929,
  "restored_fit_ma_st_rae": 0.8413915040252834,
  "restored_validation_ma_st_rae": 0.8200989729102762,
  "restored_validation_point_ma_st{"epoch": 6, "train_rmse": 1.0849429373179034, "validation_rmse": 0.8222605586051941, "validation_ma_st_rae": 0.8116310851696588, "validation_CYP1A2_st_rae": 0.8397138482744856, "validation_CYP2C9_st_rae": 0.7751159673422302, "validation_CYP2D6_st_rae": 0.9564227318787921, "validation_CYP3A4_st_rae": 0.6752717931831271, "mean_raw_gradient_norm": 5.076692581176758, "fraction_gradients_clipped": 1.0}
{"epoch": 7, "train_rmse": 1.1435260833599734, "validation_rmse": 0.8212452530860901, "validation_ma_st_rae": 0.8086763391930397, "validation_CYP1A2_st_rae": 0.8330217252183751, "validation_CYP2C9_st_rae": 0.7682139080284144, "validation_CYP2D6_st_rae": 0.9588511537182449, "validation_CYP3A4_st_rae": 0.6746185698071243, "mean_raw_gradient_norm": 6.92944670677185, "fraction_gradients_clipped": 1.0}
{
  "seed": 1701,
  "selection_metric": "validation_ma_st_rae",
  "best_validation_ma_st_rae": 0.8092252387536195,
  "best_validation_rmse": 0.8236598968505859,
  "restored_fit_rmse": 0.8345658779144287,
  "restored_validation_rmse": 0.8236541152000427,
  "restored_fit_ma_st_rae": 0.8422792670620246,
  "restored_validation_ma_st_rae": 0.8112273486968281,
  "restored_validation_point_ma_st_rae": 0.8092249862968505,
  "restored_validation_point_st_rae_by_cyp": {
    "CYP1A2": 0.828439561712715,
    "CYP2C9": 0.7661478811783251,
    "CYP2D6": 0.9640925880170328,
    "CYP3A4": 0.678219914279329
  },
  "restored_fit_st_rae_by_cyp": {
    "CYP1A2": 0.8722996457413873,
    "CYP2C9": 0.7810398952907726,
    "CYP2D6": 1.0175971884075121,
    "CYP3A4": 0.6981803388084266
  },
  "restored_validation_st_rae_by_cyp": {
    "CYP1A2": 0.8306479517911594,
    "CYP2C9": 0.7696141854405277,
    "CYP2D6": 0.9650842242587628,
    "CYP3A4": 0.6795630332968624
  },
  "validation_bootstrap_metrics": {
    "n_bootstrap_samples": 1000,
    "seed": 0,
    "macro": {
      "st_rae": {
        "mean": 0.8112273486968281,
        "ci_low": 0.7677615772888486,
        "ci_high": 0.8600251361593472
      },
      "mae": {
        "mean": 0.5969915139066674,
        "ci_low": 0.5611485430658766,
        "ci_high": 0.6323027325371826
      },
      "r2": {
        "mean": 0.22675307574444048,
        "ci_low": 0.18106212556171544,
        "ci_high": 0.2708304123366634
      },
      "spearman_rho": {
        "mean": 0.4702936335305356,
        "ci_low": 0.4197399318780232,
        "ci_high": 0.518540670154463
      },
      "kendall_tau": {
        "mean": 0.330352675904463,
        "ci_low": 0.29324834300120733,
        "ci_high": 0.36603170863660206
      }
    },
    "per_endpoint": {
      "CYP1A2": {
        "st_rae": {
          "mean": 0.8306479517911594,
          "ci_low": 0.7391913313227347,
          "ci_high": 0.9357167809748934
        },
        "mae": {
          "mean": 0.6505887963296006,
          "ci_low": 0.5714118170635895,
          "ci_high": 0.7379572666254166
        },
        "r2": {
          "mean": 0.24966337501590896,
          "ci_low": 0.1725793422053054,
          "ci_high": 0.3239403727259258
        },
        "spearman_rho": {
          "mean": 0.49763536761945176,
          "ci_low": 0.3941237462374382,
          "ci_high": 0.5890780150296854
        },
        "kendall_tau": {
          "mean": 0.3421113714734827,
          "ci_low": 0.270613754246625,
          "ci_high": 0.40890452470969435
        }
      },
      "CYP2C9": {
        "st_rae": {
          "mean": 0.7696141854405277,
          "ci_low": 0.6591020541971006,
          "ci_high": 0.8986236512005872
        },
        "mae": {
          "mean": 0.4763231072496659,
          "ci_low": 0.41712106811528155,
          "ci_high": 0.5356706743193146
        },
        "r2": {
          "mean": 0.26939259711128555,
          "ci_low": 0.15635439127787445,
          "ci_high": 0.3681623345491125
        },
        "spearman_rho": {
          "mean": 0.5042994333528532,
          "ci_low": 0.39678985519972004,
          "ci_high": 0.6028665060551137
        },
        "kendall_tau": {
          "mean": 0.3539901312478106,
          "ci_low": 0.27231961570841384,
          "ci_high": 0.42675422852016154
        }
      },
      "CYP2D6": {
        "st_rae": {
          "mean": 0.9650842242587628,
          "ci_low": 0.9015791853049744,
          "ci_high": 1.0351907902420456
        },
        "mae": {
          "mean": 0.6056841076414657,
          "ci_low": 0.521910878508372,
          "ci_high": 0.6879445713420101
        },
        "r2": {
          "mean": 0.01224734224433429,
          "ci_low": -0.07304997279155735,
          "ci_high": 0.0898569377150539
        },
        "spearman_rho": {
          "mean": 0.2525462709330929,
          "ci_low": 0.1282840390924689,
          "ci_high": 0.3684326213672131
        },
        "kendall_tau": {
          "mean": 0.17415695974449596,
          "ci_low": 0.08819306993789955,
          "ci_high": 0.25576090540825763
        }
      },
      "CYP3A4": {
        "st_rae": {
          "mean": 0.6795630332968624,
          "ci_low": 0.6060200912150083,
          "ci_high": 0.7586915983809779
        },
        "mae": {
          "mean": 0.6553700444059372,
          "ci_low": 0.6044756607453028,
          "ci_high": 0.7101576830307642
        },
        "r2": {
          "mean": 0.37570898860623314,
          "ci_low": 0.2865170055824937,
          "ci_high": 0.45519750907202594
        },
        "spearman_rho": {
          "mean": 0.6266934622167447,
          "ci_low": 0.5525855270615537,
          "ci_high": 0.6942850075357546
        },
        "kendall_tau": {
          "mean": 0.45115224115206276,
          "ci_low": 0.3939373336765904,
          "ci_high": 0.5058164357130762
        }
      }
    }
  },
  "epochs_run": 7,
  "fit_observations": 4177,
  "validation_observations": 1039,
  "rule": "inertial_reaction_diffusion",
  "generations": 64,
  "hidden_channels": 16,
  "atom_feature_profile": "local_environment",
  "atom_feature_count": 29,
  "atom_feature_names": [
    "element_H",
    "element_C",
    "element_N",
    "element_O",
    "element_F",
    "element_P",
    "element_S",
    "element_Cl",
    "element_Br",
    "element_I",
    "element_other",
    "formal_charge",
    "aromatic",
    "hybrid_sp",
    "hybrid_sp2",
    "hybrid_sp3",
    "hybrid_other",
    "degree",
    "total_hydrogens",
    "in_ring",
    "hbond_donor",
    "hbond_acceptor",
    "chiral_cw",
    "chiral_ccw",
    "chiral_other",
    "mean_neighbour_electronegativity",
    "electronegativity_difference",
    "mean_neighbour_atomic_number",
    "neighbour_formal_charge"
  ],
  "device": "cuda",
  "gpu": "NVIDIA GeForce RTX 5070 Ti",
  "training_seconds": 100.7293556999648,
  "peak_gpu_memory_bytes": 352496640,
  "runtime": {
    "operating_system": "Windows-10-10.0.26200-SP0",
    "machine": "AMD64",
    "python": "3.11.16",
    "python_executable": "C:\\Users\\Anthony\\anaconda3\\envs\\strange-matter-gpu\\python.exe",
    "pytorch": "2.11.0+cu128",
    "pytorch_cuda": "12.8",
    "device": "cuda",
    "gpu": "NVIDIA GeForce RTX 5070 Ti"
  },
  "validation_protocol": {
    "kind": "scaffold_cross_validation",
    "fold": 2,
    "folds": 5
  },
  "readout": "differentiable_closed_form_ridge",
  "hyperparameters": {
    "ca_lr": 0.003,
    "ridge": 0.1,
    "ca_l2": 1e-05,
    "gradient_clip": 1.0,
    "update_scale": 0.15,
    "init_scale": 0.5,
    "initial_noise": 0.01,
    "support_fraction": 0.6,
    "bond_temperature": 0.5,
    "dyn_a": 0.2,
    "dyn_b": 0.8,
    "dyn_c": 0.5,
    "dyn_d": 0.05,
    "lr_schedule": "cosine_0.1x"
  }
}
