{"operating_system": "Windows-10-10.0.26200-SP0", "machine": "AMD64", "python": "3.11.16", "python_executable": "C:\\Users\\Anthony\\anaconda3\\envs\\strange-matter-gpu\\python.exe", "pytorch": "2.11.0+cu128", "pytorch_cuda": "12.8", "device": "cuda", "gpu": "NVIDIA GeForce RTX 5070 Ti"}
{"epoch": 1, "train_rmse": 1.1239970086282898, "validation_rmse": 0.8920192718505859, "validation_ma_st_rae": 0.904837175794803, "validation_CYP1A2_st_rae": 0.8853846507065433, "validation_CYP2C9_st_rae": 0.9964497732757612, "validation_CYP2D6_st_rae": 1.0108318543132357, "validation_CYP3A4_st_rae": 0.7266824248836723, "mean_raw_gradient_norm": 9.191878371238708, "fraction_gradients_clipped": 1.0}
{"epoch": 2, "train_rmse": 1.1232433186631652, "validation_rmse": 0.8908439874649048, "validation_ma_st_rae": 0.9052633029077864, "validation_CYP1A2_st_rae": 0.8830645216579573, "validation_CYP2C9_st_rae": 0.9989230993797604, "validation_CYP2D6_st_rae": 1.0141725534750488, "validation_CYP3A4_st_rae": 0.7248930371183792, "mean_raw_gradient_norm": 9.093156175613403, "fraction_gradients_clipped": 1.0}
{"epoch": 3, "train_rmse": 1.1204904049991598, "validation_rmse": 0.8917197585105896, "validation_ma_st_rae": 0.9071553250640823, "validation_CYP1A2_st_rae": 0.8842193834434703, "validation_CYP2C9_st_rae": 1.0038285703326224, "validation_CYP2D6_st_rae": 1.0149332680563732, "validation_CYP3A4_st_rae": 0.725640078423863, "mean_raw_gradient_norm": 8.439550971984863, "fraction_gradients_clipped": 1.0}
{"epoch": 4, "train_rmse": 1.1565141518970714, "validation_rmse": 0.8922837972640991, "validation_ma_st_rae": 0.9096465249285792, "validation_CYP1A2_st_rae": 0.8855200869558033, "validation_CYP2C9_st_rae": 1.0083097740100389, "validation_CYP2D6_st_rae": 1.0218960507839328, "validation_CYP3A4_st_rae": 0.7228601879645422, "mean_raw_gradient_norm": 9.712118148803711, "fraction_gradients_clipped": 1.0}
{
  "seed": 1701,
  "selection_metric": "validation_ma_st_rae",
  "best_validation_ma_st_rae": 0.904837175794803,
  "best_validation_rmse": 0.8920192718505859,
  "restored_fit_rmse": 0.8400546908378601,
  "restored_validation_rmse": 0.8920180797576904,
  "restored_fit_ma_st_rae": 0.8421754633021655,
  "restored_validation_ma_st_rae": 0.9082697243965333,
  "restored_validation_point_ma_st_rae": 0.9048351098835175,
  "restored_validation_point_st_rae_by_cyp": {
    "CYP1A2": 0.8853771225137502,
    "CYP2C9": 0.9964381303944422,
    "CYP2D6": 1.0108329425778224,
    "CYP3A4": 0.7266922440480551
  },
  "restored_fit_st_rae_by_cyp": {
    "CYP1A2": 0.8698166409473277,
    "CYP2C9": 0.7642858280297071,
    "CYP2D6": 0.9979798456583386,
    "CYP3A4": 0.7366195385732885
  },
  "restored_validation_st_rae_by_cyp": {
    "CYP1A2": 0.8882673070697168,
    "CYP2C9": 1.0070957115604744,
    "CYP2D6": 1.0107037549137976,
    "CYP3A4": 0.7270121240421444
  },
  "validation_bootstrap_metrics": {
    "n_bootstrap_samples": 1000,
    "seed": 0,
    "macro": {
      "st_rae": {
        "mean": 0.9082697243965333,
        "ci_low": 0.8486272000434596,
        "ci_high": 0.9748786976768989
      },
      "mae": {
        "mean": 0.6608935983469177,
        "ci_low": 0.6266594446689264,
        "ci_high": 0.6958716585086105
      },
      "r2": {
        "mean": 0.1395018442392499,
        "ci_low": 0.07534360292958255,
        "ci_high": 0.1984633109998453
      },
      "spearman_rho": {
        "mean": 0.4225636689154151,
        "ci_low": 0.36692218805846943,
        "ci_high": 0.4779253730937296
      },
      "kendall_tau": {
        "mean": 0.29348316676645403,
        "ci_low": 0.25387048473976637,
        "ci_high": 0.33296867996891516
      }
    },
    "per_endpoint": {
      "CYP1A2": {
        "st_rae": {
          "mean": 0.8882673070697168,
          "ci_low": 0.7711782755637316,
          "ci_high": 1.0241327309640011
        },
        "mae": {
          "mean": 0.7261202984756894,
          "ci_low": 0.651989277601242,
          "ci_high": 0.8009657211833531
        },
        "r2": {
          "mean": 0.18772656448442382,
          "ci_low": 0.08929588715485984,
          "ci_high": 0.2860319823508714
        },
        "spearman_rho": {
          "mean": 0.4339159066256093,
          "ci_low": 0.32801942935410394,
          "ci_high": 0.5394107507667605
        },
        "kendall_tau": {
          "mean": 0.2963675874788773,
          "ci_low": 0.21829761336611853,
          "ci_high": 0.3725631606337011
        }
      },
      "CYP2C9": {
        "st_rae": {
          "mean": 1.0070957115604744,
          "ci_low": 0.8423485252625396,
          "ci_high": 1.1985047576301726
        },
        "mae": {
          "mean": 0.5244307332795763,
          "ci_low": 0.46573735046639014,
          "ci_high": 0.5830135323067822
        },
        "r2": {
          "mean": 0.07334866413596601,
          "ci_low": -0.1381351953447615,
          "ci_high": 0.24090931166221854
        },
        "spearman_rho": {
          "mean": 0.3869427338082529,
          "ci_low": 0.25414439571484976,
          "ci_high": 0.5102243798473971
        },
        "kendall_tau": {
          "mean": 0.26712444402659413,
          "ci_low": 0.1727420634742144,
          "ci_high": 0.35544282031314206
        }
      },
      "CYP2D6": {
        "st_rae": {
          "mean": 1.0107037549137976,
          "ci_low": 0.9142918394799525,
          "ci_high": 1.1152982486790188
        },
        "mae": {
          "mean": 0.6562144754528999,
          "ci_low": 0.571419836909084,
          "ci_high": 0.7408693059773768
        },
        "r2": {
          "mean": -0.0055845537782141805,
          "ci_low": -0.11091991790464002,
          "ci_high": 0.09718888780259534
        },
        "spearman_rho": {
          "mean": 0.26361960753209385,
          "ci_low": 0.1399339057340196,
          "ci_high": 0.38966644674547307
        },
        "kendall_tau": {
          "mean": 0.17968479222685077,
          "ci_low": 0.09414239618898008,
          "ci_high": 0.26864866329528037
        }
      },
      "CYP3A4": {
        "st_rae": {
          "mean": 0.7270121240421444,
          "ci_low": 0.6538442469640627,
          "ci_high": 0.7988675023949694
        },
        "mae": {
          "mean": 0.7368088861795052,
          "ci_low": 0.6783521455340615,
          "ci_high": 0.7937084426707653
        },
        "r2": {
          "mean": 0.30251670211482407,
          "ci_low": 0.22242271935093388,
          "ci_high": 0.38275099744961305
        },
        "spearman_rho": {
          "mean": 0.6057764276957044,
          "ci_low": 0.5354224246959459,
          "ci_high": 0.6742336077364876
        },
        "kendall_tau": {
          "mean": 0.4307558433334939,
          "ci_low": 0.37515804521308344,
          "ci_high": 0.484592222597149
        }
      }
    }
  },
  "epochs_run": 4,
  "fit_observations": 4213,
  "validation_observations": 1003,
  "rule": "gated_residual",
  "generations": 16,
  "hidden_channels": 16,
  "atom_feature_profile": "local_environment",
  "atom_feature_count": 29,
  "atom_feature_names": [
    "element_H",
    "element_C",
    "element_N",
    "element_O",
    "element_F",
    "element_P",
    "element_S",
    "element_Cl",
    "element_Br",
    "element_I",
    "element_other",
    "formal_charge",
    "aromatic",
    "hybrid_sp",
    "hybrid_sp2",
    "hybrid_sp3",
    "hybrid_other",
    "degree",
    "total_hydrogens",
    "in_ring",
    "hbond_donor",
    "hbond_acceptor",
    "chiral_cw",
    "chiral_ccw",
    "chiral_other",
    "mean_neighbour_electronegativity",
    "electronegativity_difference",
    "mean_neighbour_atomic_number",
    "neighbour_formal_charge"
  ],
  "device": "cuda",
  "gpu": "NVIDIA GeForce RTX 5070 Ti",
  "training_seconds": 17.111584900063463,
  "peak_gpu_memory_bytes": 71512064,
  "runtime": {
    "operating_system": "Windows-10-10.0.26200-SP0",
    "machine": "AMD64",
    "python": "3.11.16",
    "python_executable": "C:\\Users\\Anthony\\anaconda3\\envs\\strange-matter-gpu\\python.exe",
    "pytorch": "2.11.0+cu128",
    "pytorch_cuda": "12.8",
    "device": "cuda",
    "gpu": "NVIDIA GeForce RTX 5070 Ti"
  },
  "validation_protocol": {
    "kind": "scaffold_cross_validation",
    "fold": 3,
    "folds": 5
  },
  "readout": "differentiable_closed_form_ridge",
  "hyperparameters": {
    "ca_lr": 0.0003,
    "ridge": 1.0,
    "ca_l2": 0.0001,
    "gradient_clip": 1.0,
    "update_scale": 0.4,
    "init_scale": 1.0,
    "initial_noise": 0.0,
    "support_fraction": 0.85,
    "bond_temperature": 1.0,
    "dyn_a": 0.2,
    "dyn_b": 0.5,
    "dyn_c": 0.2,
    "dyn_d": 0.3,
    "lr_schedule": "cosine_0.1x"
  }
}
