{"operating_system": "macOS-26.2-arm64-arm-64bit", "machine": "arm64", "python": "3.10.19", "python_executable": "/opt/anaconda3/envs/kcc2/bin/python3.10", "pytorch": "2.8.0", "pytorch_cuda": null, "device": "cpu", "gpu": null}
{"epoch": 1, "train_rmse": 1.4235654373905782, "validation_rmse": 0.9218631386756897, "mean_raw_gradient_norm": 129.3481723723873, "fraction_gradients_clipped": 1.0}
{"epoch": 2, "train_rmse": 1.4164870639434046, "validation_rmse": 0.9187113046646118, "mean_raw_gradient_norm": 160.42630075639295, "fraction_gradients_clipped": 1.0}
{"epoch": 3, "train_rmse": 1.6619612656932627, "validation_rmse": 0.9118863344192505, "mean_raw_gradient_norm": 1027.8115767509707, "fraction_gradients_clipped": 1.0}
{"epoch": 4, "train_rmse": 1.3656043830226645, "validation_rmse": 0.9134728908538818, "mean_raw_gradient_norm": 97.84516845210906, "fraction_gradients_clipped": 1.0}
{"epoch": 5, "train_rmse": 1.3569269151028727, "validation_rmse": 0.9045504331588745, "mean_raw_gradient_norm": 78.98994402731618, "fraction_gradients_clipped": 1.0}
{"epoch": 6, "train_rmse": 1.2953459927375597, "validation_rmse": 0.9130175709724426, "mean_raw_gradient_norm": 74.05138849443004, "fraction_gradients_clipped": 1.0}
{"epoch": 7, "train_rmse": 1.2741658672129246, "validation_rmse": 0.9094374179840088, "mean_raw_gradient_norm": 64.4118514368611, "fraction_gradients_clipped": 1.0}
{"epoch": 8, "train_rmse": 1.2903372263881132, "validation_rmse": 0.9079506397247314, "mean_raw_gradient_norm": 84.30499295265444, "fraction_gradients_clipped": 1.0}
{"epoch": 9, "train_rmse": 1.3359071581486341, "validation_rmse": 0.9199601411819458, "mean_raw_gradient_norm": 75.96221466987363, "fraction_gradients_clipped": 1.0}
{
  "seed": 1701,
  "best_validation_rmse": 0.9045504331588745,
  "restored_fit_rmse": 0.8451294898986816,
  "restored_validation_rmse": 0.9045504331588745,
  "epochs_run": 9,
  "fit_observations": 5216,
  "validation_observations": 1309,
  "rule": "fitzhugh_nagumo",
  "generations": 16,
  "hidden_channels": 16,
  "device": "cpu",
  "gpu": null,
  "training_seconds": 56.375777833978646,
  "peak_gpu_memory_bytes": 0,
  "runtime": {
    "operating_system": "macOS-26.2-arm64-arm-64bit",
    "machine": "arm64",
    "python": "3.10.19",
    "python_executable": "/opt/anaconda3/envs/kcc2/bin/python3.10",
    "pytorch": "2.8.0",
    "pytorch_cuda": null,
    "device": "cpu",
    "gpu": null
  },
  "readout": "differentiable_closed_form_ridge",
  "hyperparameters": {
    "ca_lr": 0.001,
    "ridge": 0.1,
    "ca_l2": 1e-05,
    "gradient_clip": 1.0,
    "update_scale": 0.4,
    "init_scale": 0.5,
    "initial_noise": 0.0,
    "support_fraction": 0.85,
    "bond_temperature": 2.0,
    "dyn_a": 0.2,
    "dyn_b": 0.5,
    "dyn_c": 0.8,
    "dyn_d": 0.3,
    "lr_schedule": "cosine_0.1x"
  }
}
