{"operating_system": "Windows-10-10.0.26200-SP0", "machine": "AMD64", "python": "3.11.16", "python_executable": "C:\\Users\\Anthony\\anaconda3\\envs\\strange-matter-gpu\\python.exe", "pytorch": "2.11.0+cu128", "pytorch_cuda": "12.8", "device": "cuda", "gpu": "NVIDIA GeForce RTX 5070 Ti"}
{"epoch": 1, "train_rmse": 0.9661659913946564, "validation_rmse": 0.8106938600540161, "validation_ma_st_rae": 0.8796061987286143, "validation_CYP1A2_st_rae": 0.8448851137446605, "validation_CYP2C9_st_rae": 0.8073915204359855, "validation_CYP2D6_st_rae": 1.0703766511229789, "validation_CYP3A4_st_rae": 0.7957715096108328, "mean_raw_gradient_norm": 6.004658788442612, "fraction_gradients_clipped": 1.0}
{"epoch": 2, "train_rmse": 1.082478424126747, "validation_rmse": 0.8175791501998901, "validation_ma_st_rae": 0.8946751202112839, "validation_CYP1A2_st_rae": 0.8697670808381176, "validation_CYP2C9_st_rae": 0.812615558404054, "validation_CYP2D6_st_rae": 1.0983670787702307, "validation_CYP3A4_st_rae": 0.797950762832733, "mean_raw_gradient_norm": 7.6856004521250725, "fraction_gradients_clipped": 1.0}
{"epoch": 3, "train_rmse": 1.0871680443654759, "validation_rmse": 0.8222619295120239, "validation_ma_st_rae": 0.9112173036362703, "validation_CYP1A2_st_rae": 0.862967779081278, "validation_CYP2C9_st_rae": 0.8430356863633057, "validation_CYP2D6_st_rae": 1.1488753421647777, "validation_CYP3A4_st_rae": 0.7899904069357198, "mean_raw_gradient_norm": 6.760766163468361, "fraction_gradients_clipped": 1.0}
{"epoch": 4, "train_rmse": 0.9744453197305195, "validation_rmse": 0.8251007795333862, "validation_ma_st_rae": 0.9175343305355131, "validation_CYP1A2_st_rae": 0.8666726805308078, "validation_CYP2C9_st_rae": 0.848217371963896, "validation_CYP2D6_st_rae": 1.1675295870558922, "validation_CYP3A4_st_rae": 0.7877176825914564, "mean_raw_gradient_norm": 5.736518949270248, "fraction_gradients_clipped": 1.0}
{
  "seed": 1701,
  "selection_metric": "validation_ma_st_rae",
  "best_validation_ma_st_rae": 0.8796061987286143,
  "best_validation_rmse": 0.8106938600540161,
  "restored_fit_rmse": 0.8765168190002441,
  "restored_validation_rmse": 0.8107132911682129,
  "restored_fit_ma_st_rae": 0.8766887532807249,
  "restored_validation_ma_st_rae": 0.8840714808440352,
  "restored_validation_point_ma_st_rae": 0.8796736015776221,
  "restored_validation_point_st_rae_by_cyp": {
    "CYP1A2": 0.8449978684630582,
    "CYP2C9": 0.8073932403357547,
    "CYP2D6": 1.0705134281977746,
    "CYP3A4": 0.7957898693139008
  },
  "restored_fit_st_rae_by_cyp": {
    "CYP1A2": 0.8712601634179746,
    "CYP2C9": 0.8612339889352941,
    "CYP2D6": 0.9954982861159314,
    "CYP3A4": 0.7787625746536996
  },
  "restored_validation_st_rae_by_cyp": {
    "CYP1A2": 0.8477247109927223,
    "CYP2C9": 0.8136718841874943,
    "CYP2D6": 1.0766330032698816,
    "CYP3A4": 0.7982563249260431
  },
  "validation_bootstrap_metrics": {
    "n_bootstrap_samples": 1000,
    "seed": 0,
    "macro": {
      "st_rae": {
        "mean": 0.8840714808440352,
        "ci_low": 0.8170210130795813,
        "ci_high": 0.9535624952035988
      },
      "mae": {
        "mean": 0.6024253896374837,
        "ci_low": 0.5636664694566939,
        "ci_high": 0.6431747932616654
      },
      "r2": {
        "mean": 0.18251600880228228,
        "ci_low": 0.12045928693450488,
        "ci_high": 0.24221677712764694
      },
      "spearman_rho": {
        "mean": 0.42828286890975453,
        "ci_low": 0.3608937220529794,
        "ci_high": 0.49254980425959133
      },
      "kendall_tau": {
        "mean": 0.30434702640417916,
        "ci_low": 0.255827180020908,
        "ci_high": 0.35300454674067316
      }
    },
    "per_endpoint": {
      "CYP1A2": {
        "st_rae": {
          "mean": 0.8477247109927223,
          "ci_low": 0.7083801583416197,
          "ci_high": 1.011478911057773
        },
        "mae": {
          "mean": 0.5968523414093003,
          "ci_low": 0.49721627959483106,
          "ci_high": 0.7072215102088284
        },
        "r2": {
          "mean": 0.2303449037630163,
          "ci_low": 0.11245836796440158,
          "ci_high": 0.3381900881326462
        },
        "spearman_rho": {
          "mean": 0.5255161903094144,
          "ci_low": 0.3912407405099678,
          "ci_high": 0.6487273210775237
        },
        "kendall_tau": {
          "mean": 0.3795189260218894,
          "ci_low": 0.2818607729707093,
          "ci_high": 0.48086432164546167
        }
      },
      "CYP2C9": {
        "st_rae": {
          "mean": 0.8136718841874943,
          "ci_low": 0.6472644217567287,
          "ci_high": 1.0028079729687294
        },
        "mae": {
          "mean": 0.5293947399619722,
          "ci_low": 0.460081115473796,
          "ci_high": 0.6058905166866135
        },
        "r2": {
          "mean": 0.25147169671498154,
          "ci_low": 0.0853153962292703,
          "ci_high": 0.39254405231301404
        },
        "spearman_rho": {
          "mean": 0.44820082880513695,
          "ci_low": 0.28771573854674326,
          "ci_high": 0.5926212916254633
        },
        "kendall_tau": {
          "mean": 0.31892107545839454,
          "ci_low": 0.2013322343462803,
          "ci_high": 0.4287590801276333
        }
      },
      "CYP2D6": {
        "st_rae": {
          "mean": 1.0766330032698816,
          "ci_low": 0.9700878102479129,
          "ci_high": 1.2034418338146846
        },
        "mae": {
          "mean": 0.574957360540546,
          "ci_low": 0.49839773522982805,
          "ci_high": 0.6538968623809095
        },
        "r2": {
          "mean": -0.06077751019576869,
          "ci_low": -0.22496260975745314,
          "ci_high": 0.05830272921006075
        },
        "spearman_rho": {
          "mean": 0.19518920666457643,
          "ci_low": 0.04348160755815755,
          "ci_high": 0.3430903062969449
        },
        "kendall_tau": {
          "mean": 0.1302739219722864,
          "ci_low": 0.02295332148803974,
          "ci_high": 0.2345735953367454
        }
      },
      "CYP3A4": {
        "st_rae": {
          "mean": 0.7982563249260431,
          "ci_low": 0.7012937133949226,
          "ci_high": 0.8963631164484237
        },
        "mae": {
          "mean": 0.7084971166381167,
          "ci_low": 0.6479175700505903,
          "ci_high": 0.7737192457003041
        },
        "r2": {
          "mean": 0.3090249449268999,
          "ci_low": 0.21365658580252386,
          "ci_high": 0.3939940218398784
        },
        "spearman_rho": {
          "mean": 0.5442252498598903,
          "ci_low": 0.4475239347930613,
          "ci_high": 0.6362970764199778
        },
        "kendall_tau": {
          "mean": 0.388674182164146,
          "ci_low": 0.311727119205458,
          "ci_high": 0.46067322759285617
        }
      }
    }
  },
  "epochs_run": 4,
  "fit_observations": 2652,
  "validation_observations": 680,
  "rule": "damped_symplectic",
  "generations": 16,
  "hidden_channels": 8,
  "atom_feature_profile": "baseline",
  "atom_feature_count": 25,
  "atom_feature_names": [
    "element_H",
    "element_C",
    "element_N",
    "element_O",
    "element_F",
    "element_P",
    "element_S",
    "element_Cl",
    "element_Br",
    "element_I",
    "element_other",
    "formal_charge",
    "aromatic",
    "hybrid_sp",
    "hybrid_sp2",
    "hybrid_sp3",
    "hybrid_other",
    "degree",
    "total_hydrogens",
    "in_ring",
    "hbond_donor",
    "hbond_acceptor",
    "chiral_cw",
    "chiral_ccw",
    "chiral_other"
  ],
  "device": "cuda",
  "gpu": "NVIDIA GeForce RTX 5070 Ti",
  "training_seconds": 8.67924939992372,
  "peak_gpu_memory_bytes": 60054528,
  "runtime": {
    "operating_system": "Windows-10-10.0.26200-SP0",
    "machine": "AMD64",
    "python": "3.11.16",
    "python_executable": "C:\\Users\\Anthony\\anaconda3\\envs\\strange-matter-gpu\\python.exe",
    "pytorch": "2.11.0+cu128",
    "pytorch_cuda": "12.8",
    "device": "cuda",
    "gpu": "NVIDIA GeForce RTX 5070 Ti"
  },
  "validation_protocol": {
    "kind": "scaffold_cross_validation",
    "fold": 0,
    "folds": 5
  },
  "readout": "differentiable_closed_form_ridge",
  "hyperparameters": {
    "ca_lr": 0.003,
    "ridge": 0.01,
    "ca_l2": 1e-06,
    "gradient_clip": 0.5,
    "update_scale": 0.15,
    "init_scale": 0.5,
    "initial_noise": 0.0,
    "support_fraction": 0.85,
    "bond_temperature": 2.0,
    "dyn_a": 0.2,
    "dyn_b": 0.8,
    "dyn_c": 0.8,
    "dyn_d": 0.3,
    "lr_schedule": "cosine_0.1x"
  }
}
