{"operating_system": "Windows-10-10.0.26200-SP0", "machine": "AMD64", "python": "3.11.16", "python_executable": "C:\\Users\\Anthony\\anaconda3\\envs\\strange-matter-gpu\\python.exe", "pytorch": "2.11.0+cu128", "pytorch_cuda": "12.8", "device": "cuda", "gpu": "NVIDIA GeForce RTX 5070 Ti"}
{"epoch": 1, "train_rmse": 1.2456846094068637, "validation_rmse": 0.8738762140274048, "validation_ma_st_rae": 0.968400723588337, "validation_CYP1A2_st_rae": 1.0635661651277093, "validation_CYP2C9_st_rae": 0.8040938835025759, "validation_CYP2D6_st_rae": 1.0662702982247123, "validation_CYP3A4_st_rae": 0.9396725474983506, "mean_raw_gradient_norm": 13.962324237823486, "fraction_gradients_clipped": 1.0}
{"epoch": 2, "train_rmse": 1.3117684071531466, "validation_rmse": 0.8752844333648682, "validation_ma_st_rae": 0.9682768439100127, "validation_CYP1A2_st_rae": 1.0809422500917922, "validation_CYP2C9_st_rae": 0.7904622062403268, "validation_CYP2D6_st_rae": 1.0604924748966718, "validation_CYP3A4_st_rae": 0.9412104444112597, "mean_raw_gradient_norm": 11.684576940536498, "fraction_gradients_clipped": 1.0}
{"epoch": 3, "train_rmse": 1.4640612964681747, "validation_rmse": 0.8750864267349243, "validation_ma_st_rae": 0.9685169036876773, "validation_CYP1A2_st_rae": 1.084984223139559, "validation_CYP2C9_st_rae": 0.7872598038552806, "validation_CYP2D6_st_rae": 1.060691750864799, "validation_CYP3A4_st_rae": 0.9411318368910707, "mean_raw_gradient_norm": 18.500570154190065, "fraction_gradients_clipped": 1.0}
{
  "seed": 1701,
  "selection_metric": "validation_ma_st_rae",
  "best_validation_ma_st_rae": 0.968400723588337,
  "best_validation_rmse": 0.8738762140274048,
  "restored_fit_rmse": 0.9421218037605286,
  "restored_validation_rmse": 0.8738753199577332,
  "restored_fit_ma_st_rae": 0.8738223502967628,
  "restored_validation_ma_st_rae": 0.9837967203377869,
  "restored_validation_point_ma_st_rae": 0.9684071516084292,
  "restored_validation_point_st_rae_by_cyp": {
    "CYP1A2": 1.0635358859776127,
    "CYP2C9": 0.8041100196829816,
    "CYP2D6": 1.0663112299380675,
    "CYP3A4": 0.9396714708350552
  },
  "restored_fit_st_rae_by_cyp": {
    "CYP1A2": 0.8886913726528118,
    "CYP2C9": 0.7661699451805157,
    "CYP2D6": 0.987611700796986,
    "CYP3A4": 0.8528163825567376
  },
  "restored_validation_st_rae_by_cyp": {
    "CYP1A2": 1.065544807537891,
    "CYP2C9": 0.8264185989809544,
    "CYP2D6": 1.0896217776004975,
    "CYP3A4": 0.9536016972318042
  },
  "validation_bootstrap_metrics": {
    "n_bootstrap_samples": 1000,
    "seed": 0,
    "macro": {
      "st_rae": {
        "mean": 0.9837967203377869,
        "ci_low": 0.8750331175211342,
        "ci_high": 1.1006988296647409
      },
      "mae": {
        "mean": 0.6632199482279206,
        "ci_low": 0.59969777688333,
        "ci_high": 0.7285013341946628
      },
      "r2": {
        "mean": 0.04831583458458722,
        "ci_low": -0.0716757591637876,
        "ci_high": 0.15287492643154088
      },
      "spearman_rho": {
        "mean": 0.37354335217694584,
        "ci_low": 0.2686846662979871,
        "ci_high": 0.4725176703281782
      },
      "kendall_tau": {
        "mean": 0.26030176807360317,
        "ci_low": 0.18640172675330124,
        "ci_high": 0.3349817911826329
      }
    },
    "per_endpoint": {
      "CYP1A2": {
        "st_rae": {
          "mean": 1.065544807537891,
          "ci_low": 0.8110233089218939,
          "ci_high": 1.372250701834574
        },
        "mae": {
          "mean": 0.7101638472158399,
          "ci_low": 0.5525417744136247,
          "ci_high": 0.873913741600318
        },
        "r2": {
          "mean": 0.07768782553053387,
          "ci_low": -0.19414153630558034,
          "ci_high": 0.24702816420942236
        },
        "spearman_rho": {
          "mean": 0.4590098163860183,
          "ci_low": 0.2512513060126486,
          "ci_high": 0.6386916881024393
        },
        "kendall_tau": {
          "mean": 0.314881758712397,
          "ci_low": 0.16441920590951062,
          "ci_high": 0.43921265099155893
        }
      },
      "CYP2C9": {
        "st_rae": {
          "mean": 0.8264185989809544,
          "ci_low": 0.6247774841432575,
          "ci_high": 1.0896356372301614
        },
        "mae": {
          "mean": 0.5251925256689389,
          "ci_low": 0.42329517324765525,
          "ci_high": 0.6314420473575592
        },
        "r2": {
          "mean": 0.12657055749972768,
          "ci_low": -0.15699894118988686,
          "ci_high": 0.328096686282782
        },
        "spearman_rho": {
          "mean": 0.4348568126935847,
          "ci_low": 0.18695056000510835,
          "ci_high": 0.6467012364473798
        },
        "kendall_tau": {
          "mean": 0.31469320331416917,
          "ci_low": 0.13193457731009012,
          "ci_high": 0.48990982265997424
        }
      },
      "CYP2D6": {
        "st_rae": {
          "mean": 1.0896217776004975,
          "ci_low": 0.8808967551523306,
          "ci_high": 1.3386769528149005
        },
        "mae": {
          "mean": 0.6058158771001375,
          "ci_low": 0.4771099143761855,
          "ci_high": 0.7474981570243835
        },
        "r2": {
          "mean": -0.11808110575228521,
          "ci_low": -0.4178949570823401,
          "ci_high": 0.09580929504399299
        },
        "spearman_rho": {
          "mean": 0.2590760891054644,
          "ci_low": 0.02583384568568161,
          "ci_high": 0.4788529699237163
        },
        "kendall_tau": {
          "mean": 0.17945980120338265,
          "ci_low": 0.016037328231277192,
          "ci_high": 0.34019807459568857
        }
      },
      "CYP3A4": {
        "st_rae": {
          "mean": 0.9536016972318042,
          "ci_low": 0.804673827234909,
          "ci_high": 1.1512491696031975
        },
        "mae": {
          "mean": 0.8117075429267661,
          "ci_low": 0.7043942998315013,
          "ci_high": 0.9273561777070511
        },
        "r2": {
          "mean": 0.10708606106037252,
          "ci_low": -0.06167342555281828,
          "ci_high": 0.2433321985876401
        },
        "spearman_rho": {
          "mean": 0.34123069052271604,
          "ci_low": 0.15197610658174857,
          "ci_high": 0.5153558752611969
        },
        "kendall_tau": {
          "mean": 0.2321723090644638,
          "ci_low": 0.10016117817460238,
          "ci_high": 0.3635798218876513
        }
      }
    }
  },
  "epochs_run": 3,
  "fit_observations": 806,
  "validation_observations": 272,
  "rule": "gated_residual",
  "generations": 64,
  "hidden_channels": 8,
  "atom_feature_profile": "baseline",
  "atom_feature_count": 25,
  "atom_feature_names": [
    "element_H",
    "element_C",
    "element_N",
    "element_O",
    "element_F",
    "element_P",
    "element_S",
    "element_Cl",
    "element_Br",
    "element_I",
    "element_other",
    "formal_charge",
    "aromatic",
    "hybrid_sp",
    "hybrid_sp2",
    "hybrid_sp3",
    "hybrid_other",
    "degree",
    "total_hydrogens",
    "in_ring",
    "hbond_donor",
    "hbond_acceptor",
    "chiral_cw",
    "chiral_ccw",
    "chiral_other"
  ],
  "device": "cuda",
  "gpu": "NVIDIA GeForce RTX 5070 Ti",
  "training_seconds": 6.042368300026283,
  "peak_gpu_memory_bytes": 125778432,
  "runtime": {
    "operating_system": "Windows-10-10.0.26200-SP0",
    "machine": "AMD64",
    "python": "3.11.16",
    "python_executable": "C:\\Users\\Anthony\\anaconda3\\envs\\strange-matter-gpu\\python.exe",
    "pytorch": "2.11.0+cu128",
    "pytorch_cuda": "12.8",
    "device": "cuda",
    "gpu": "NVIDIA GeForce RTX 5070 Ti"
  },
  "validation_protocol": {
    "kind": "scaffold_cross_validation",
    "fold": 0,
    "folds": 5
  },
  "readout": "differentiable_closed_form_ridge",
  "prediction_mode": "direct",
  "residual_alpha": null,
  "trajectory_pooling": "legacy",
  "ridge_mode": "shared",
  "loss_mode": "mse",
  "interval_loss_beta": 0.0,
  "interval_temperature": 0.05,
  "hyperparameters": {
    "ca_lr": 0.001,
    "ridge": 0.1,
    "ca_l2": 1e-05,
    "gradient_clip": 1.0,
    "update_scale": 0.25,
    "init_scale": 1.0,
    "initial_noise": 0.0,
    "support_fraction": 0.75,
    "bond_temperature": 1.0,
    "dyn_a": 0.5,
    "dyn_b": 0.5,
    "dyn_c": 0.5,
    "dyn_d": 0.2,
    "lr_schedule": "cosine_0.1x"
  }
}
