{"device": "cuda", "gpu": "NVIDIA GeForce RTX 5070 Ti", "pytorch": "2.11.0+cu128", "pytorch_cuda": "12.8"}
{"epoch": 1, "train_rmse": 1.1529797442953198, "validation_rmse": 0.9039114117622375, "mean_raw_gradient_norm": 11.950511601663404, "fraction_gradients_clipped": 1.0}
{"epoch": 2, "train_rmse": 1.1455983588054066, "validation_rmse": 0.9028371572494507, "mean_raw_gradient_norm": 10.222007559191796, "fraction_gradients_clipped": 1.0}
{"epoch": 3, "train_rmse": 1.1326274084347432, "validation_rmse": 0.9039497375488281, "mean_raw_gradient_norm": 9.622351515677668, "fraction_gradients_clipped": 1.0}
{"epoch": 4, "train_rmse": 1.078783518986732, "validation_rmse": 0.9026751518249512, "mean_raw_gradient_norm": 8.526849892831617, "fraction_gradients_clipped": 1.0}
{"epoch": 5, "train_rmse": 1.092724158187408, "validation_rmse": 0.9015530347824097, "mean_raw_gradient_norm": 8.658269136182723, "fraction_gradients_clipped": 1.0}
{
  "seed": 2909,
  "best_validation_rmse": 0.9039114117622375,
  "restored_fit_rmse": 0.8445214629173279,
  "restored_validation_rmse": 0.9039101600646973,
  "epochs_run": 5,
  "fit_observations": 5216,
  "validation_observations": 1309,
  "rule": "gated_residual",
  "generations": 32,
  "hidden_channels": 16,
  "device": "cuda",
  "gpu": "NVIDIA GeForce RTX 5070 Ti",
  "training_seconds": 34.30734299996402,
  "peak_gpu_memory_bytes": 88029184,
  "readout": "differentiable_closed_form_ridge",
  "hyperparameters": {
    "ca_lr": 0.0003,
    "ridge": 1.0,
    "ca_l2": 1e-06,
    "gradient_clip": 1.0
  }
}
