{"operating_system": "Windows-10-10.0.26200-SP0", "machine": "AMD64", "python": "3.11.16", "python_executable": "C:\\Users\\Anthony\\anaconda3\\envs\\strange-matter-gpu\\python.exe", "pytorch": "2.11.0+cu128", "pytorch_cuda": "12.8", "device": "cuda", "gpu": "NVIDIA GeForce RTX 5070 Ti"}
{"epoch": 1, "train_rmse": 1.083119353403299, "validation_rmse": 0.8855076432228088, "validation_ma_st_rae": 0.9096636883113639, "validation_CYP1A2_st_rae": 0.932235953294633, "validation_CYP2C9_st_rae": 0.8671277296050253, "validation_CYP2D6_st_rae": 1.0669338970466937, "validation_CYP3A4_st_rae": 0.772357173299104, "mean_raw_gradient_norm": 9.591384963989258, "fraction_gradients_clipped": 1.0}
{"epoch": 2, "train_rmse": 1.0569623195916358, "validation_rmse": 0.8854741454124451, "validation_ma_st_rae": 0.9067889857951476, "validation_CYP1A2_st_rae": 0.9272092578848266, "validation_CYP2C9_st_rae": 0.8474760543684653, "validation_CYP2D6_st_rae": 1.0806612718947786, "validation_CYP3A4_st_rae": 0.7718093590325198, "mean_raw_gradient_norm": 6.458740072250366, "fraction_gradients_clipped": 1.0}
{"epoch": 3, "train_rmse": 1.063102496317043, "validation_rmse": 0.8848068714141846, "validation_ma_st_rae": 0.9042314012294617, "validation_CYP1A2_st_rae": 0.92707032563482, "validation_CYP2C9_st_rae": 0.8392597830503199, "validation_CYP2D6_st_rae": 1.0780047295267656, "validation_CYP3A4_st_rae": 0.7725907667059411, "mean_raw_gradient_norm": 6.736414318084717, "fraction_gradients_clipped": 1.0}
{"epoch": 4, "train_rmse": 0.9973444930873101, "validation_rmse": 0.8819602131843567, "validation_ma_st_rae": 0.9025796022930314, "validation_CYP1A2_st_rae": 0.9286725323660275, "validation_CYP2C9_st_rae": 0.8292918264321725, "validation_CYP2D6_st_rae": 1.0844703952515384, "validation_CYP3A4_st_rae": 0.7678836551223873, "mean_raw_gradient_norm": 5.5642256164550785, "fraction_gradients_clipped": 1.0}
{"epoch": 5, "train_rmse": 1.1161553037544194, "validation_rmse": 0.879378080368042, "validation_ma_st_rae": 0.9000487235084443, "validation_CYP1A2_st_rae": 0.924022624896896, "validation_CYP2C9_st_rae": 0.8242619616531943, "validation_CYP2D6_st_rae": 1.088520667442939, "validation_CYP3A4_st_rae": 0.763389640040748, "mean_raw_gradient_norm": 5.72179497718811, "fraction_gradients_clipped": 1.0}
{"epoch": 6, "train_rmse": 1.117051269783615, "validation_rmse": 0.8775718212127686, "validation_ma_st_rae": 0.8981941901030419, "validation_CYP1A2_st_rae": 0.9205540832541756, "validation_CYP2C9_st_rae": 0.8206642594568302, "validation_CYP2D6_st_rae": 1.0928233302311332, "validation_CYP3A4_st_rae": 0.7587350874700288, "mean_raw_gradient_norm": 8.155622959136963, "fraction_gradients_clipped": 1.0}
{"epoch": 7, "train_rmse": 0.9414252889390865, "validation_rmse": 0.8768013119697571, "validation_ma_st_rae": 0.8970711593056517, "validation_CYP1A2_st_rae": 0.9190981737607703, "validation_CYP2C9_st_rae": 0.8196790752104799, "validation_CYP2D6_st_rae": 1.091889556960767, "validation_CYP3A4_st_rae": 0.7576178312905897, "mean_raw_gradient_norm": 4.98608736038208, "fraction_gradients_clipped": 1.0}
{"epoch": 8, "train_rmse": 0.9917398144193742, "validation_rmse": 0.8766970038414001, "validation_ma_st_rae": 0.8967021033569493, "validation_CYP1A2_st_rae": 0.9188469526502643, "validation_CYP2C9_st_rae": 0.8184624231421775, "validation_CYP2D6_st_rae": 1.092950865554123, "validation_CYP3A4_st_rae": 0.7565481720812324, "mean_raw_gradient_norm": 5.203323698043823, "fraction_gradients_clipped": 1.0}
{
  "seed": 2909,
  "selection_metric": "validation_ma_st_rae",
  "best_validation_ma_st_rae": 0.8967021033569493,
  "best_validation_rmse": 0.8766970038414001,
  "restored_fit_rmse": 0.8240575790405273,
  "restored_validation_rmse": 0.8766935467720032,
  "restored_fit_ma_st_rae": 0.8292291619754951,
  "restored_validation_ma_st_rae": 0.9000028987621997,
  "restored_validation_point_ma_st_rae": 0.8966912099178869,
  "restored_validation_point_st_rae_by_cyp": {
    "CYP1A2": 0.9188163470215065,
    "CYP2C9": 0.8184793467157011,
    "CYP2D6": 1.0929237061035628,
    "CYP3A4": 0.7565454398307766
  },
  "restored_fit_st_rae_by_cyp": {
    "CYP1A2": 0.8555597905891857,
    "CYP2C9": 0.7507518862521428,
    "CYP2D6": 1.0141937775106777,
    "CYP3A4": 0.696411193549974
  },
  "restored_validation_st_rae_by_cyp": {
    "CYP1A2": 0.9250012329857636,
    "CYP2C9": 0.8194265254080653,
    "CYP2D6": 1.096897400811515,
    "CYP3A4": 0.7586864358434547
  },
  "validation_bootstrap_metrics": {
    "n_bootstrap_samples": 1000,
    "seed": 0,
    "macro": {
      "st_rae": {
        "mean": 0.9000028987621997,
        "ci_low": 0.8479143877651769,
        "ci_high": 0.9626417392786728
      },
      "mae": {
        "mean": 0.6500800517720433,
        "ci_low": 0.6154713865716107,
        "ci_high": 0.6862910769200089
      },
      "r2": {
        "mean": 0.15019208018023378,
        "ci_low": 0.09394951903909159,
        "ci_high": 0.20114690901439175
      },
      "spearman_rho": {
        "mean": 0.41543881334039884,
        "ci_low": 0.35966477072199293,
        "ci_high": 0.46735355188145067
      },
      "kendall_tau": {
        "mean": 0.2896428235649694,
        "ci_low": 0.2494657125225722,
        "ci_high": 0.32618708713157357
      }
    },
    "per_endpoint": {
      "CYP1A2": {
        "st_rae": {
          "mean": 0.9250012329857636,
          "ci_low": 0.8118259363009069,
          "ci_high": 1.05072418514329
        },
        "mae": {
          "mean": 0.7077049004421677,
          "ci_low": 0.6306704044619272,
          "ci_high": 0.789069829125737
        },
        "r2": {
          "mean": 0.1371278983443062,
          "ci_low": 0.02640567705016978,
          "ci_high": 0.24767826919640637
        },
        "spearman_rho": {
          "mean": 0.42464959487562953,
          "ci_low": 0.31935788518441444,
          "ci_high": 0.5290411814000996
        },
        "kendall_tau": {
          "mean": 0.2889791073004085,
          "ci_low": 0.21350805866406575,
          "ci_high": 0.3660495012422263
        }
      },
      "CYP2C9": {
        "st_rae": {
          "mean": 0.8194265254080653,
          "ci_low": 0.7037730851652465,
          "ci_high": 0.9436488890580589
        },
        "mae": {
          "mean": 0.5266517404868518,
          "ci_low": 0.46303701727523416,
          "ci_high": 0.5969441150348198
        },
        "r2": {
          "mean": 0.19248599551923234,
          "ci_low": 0.07199497016749845,
          "ci_high": 0.2997982025792756
        },
        "spearman_rho": {
          "mean": 0.49391004435343755,
          "ci_low": 0.3825648501451296,
          "ci_high": 0.5939068043649911
        },
        "kendall_tau": {
          "mean": 0.34168231071139904,
          "ci_low": 0.25904219534055967,
          "ci_high": 0.419048090863317
        }
      },
      "CYP2D6": {
        "st_rae": {
          "mean": 1.096897400811515,
          "ci_low": 0.9903192758103073,
          "ci_high": 1.2180719771256445
        },
        "mae": {
          "mean": 0.6180350460456765,
          "ci_low": 0.5503920784722204,
          "ci_high": 0.6847293635295785
        },
        "r2": {
          "mean": 0.01728078062534167,
          "ci_low": -0.10663280762005384,
          "ci_high": 0.12112052392589506
        },
        "spearman_rho": {
          "mean": 0.21215494380987815,
          "ci_low": 0.08479387930448073,
          "ci_high": 0.3336080782308145
        },
        "kendall_tau": {
          "mean": 0.143089837964011,
          "ci_low": 0.0574647533452215,
          "ci_high": 0.22855611744787196
        }
      },
      "CYP3A4": {
        "st_rae": {
          "mean": 0.7586864358434547,
          "ci_low": 0.6705428955566636,
          "ci_high": 0.8524101674198684
        },
        "mae": {
          "mean": 0.7479285201134774,
          "ci_low": 0.6873310785627101,
          "ci_high": 0.8130342807631084
        },
        "r2": {
          "mean": 0.25387364623205494,
          "ci_low": 0.14775359665286078,
          "ci_high": 0.3523674270439271
        },
        "spearman_rho": {
          "mean": 0.5310406703226501,
          "ci_low": 0.44154747951600765,
          "ci_high": 0.615032748363733
        },
        "kendall_tau": {
          "mean": 0.384820038284059,
          "ci_low": 0.3161187765881975,
          "ci_high": 0.4503380491020214
        }
      }
    }
  },
  "epochs_run": 8,
  "fit_observations": 4213,
  "validation_observations": 1003,
  "rule": "kuramoto_sakaguchi",
  "generations": 32,
  "hidden_channels": 16,
  "atom_feature_profile": "periodic",
  "atom_feature_count": 33,
  "atom_feature_names": [
    "element_H",
    "element_C",
    "element_N",
    "element_O",
    "element_F",
    "element_P",
    "element_S",
    "element_Cl",
    "element_Br",
    "element_I",
    "element_other",
    "formal_charge",
    "aromatic",
    "hybrid_sp",
    "hybrid_sp2",
    "hybrid_sp3",
    "hybrid_other",
    "degree",
    "total_hydrogens",
    "in_ring",
    "hbond_donor",
    "hbond_acceptor",
    "chiral_cw",
    "chiral_ccw",
    "chiral_other",
    "atomic_number",
    "atomic_mass",
    "covalent_radius",
    "vdw_radius",
    "outer_electrons",
    "period",
    "periodic_group",
    "atomic_volume"
  ],
  "device": "cuda",
  "gpu": "NVIDIA GeForce RTX 5070 Ti",
  "training_seconds": 43.717285500024445,
  "peak_gpu_memory_bytes": 238773760,
  "runtime": {
    "operating_system": "Windows-10-10.0.26200-SP0",
    "machine": "AMD64",
    "python": "3.11.16",
    "python_executable": "C:\\Users\\Anthony\\anaconda3\\envs\\strange-matter-gpu\\python.exe",
    "pytorch": "2.11.0+cu128",
    "pytorch_cuda": "12.8",
    "device": "cuda",
    "gpu": "NVIDIA GeForce RTX 5070 Ti"
  },
  "validation_protocol": {
    "kind": "scaffold_cross_validation",
    "fold": 1,
    "folds": 5
  },
  "readout": "differentiable_closed_form_ridge",
  "hyperparameters": {
    "ca_lr": 0.001,
    "ridge": 0.1,
    "ca_l2": 1e-06,
    "gradient_clip": 2.0,
    "update_scale": 0.08,
    "init_scale": 0.5,
    "initial_noise": 0.005,
    "support_fraction": 0.85,
    "bond_temperature": 1.0,
    "dyn_a": 0.5,
    "dyn_b": 0.2,
    "dyn_c": 0.5,
    "dyn_d": 0.05,
    "lr_schedule": "cosine_0.1x"
  }
}
