{"operating_system": "Windows-10-10.0.26200-SP0", "machine": "AMD64", "python": "3.11.16", "python_executable": "C:\\Users\\Anthony\\anaconda3\\envs\\strange-matter-gpu\\python.exe", "pytorch": "2.11.0+cu128", "pytorch_cuda": "12.8", "device": "cuda", "gpu": "NVIDIA GeForce RTX 5070 Ti"}
{"epoch": 1, "train_rmse": 5.463156076869426, "validation_rmse": 0.9713378548622131, "mean_raw_gradient_norm": 2777.830615703876, "fraction_gradients_clipped": 1.0}
{"epoch": 2, "train_rmse": 1.5522035418655131, "validation_rmse": 0.9781859517097473, "mean_raw_gradient_norm": 212.59929730341986, "fraction_gradients_clipped": 1.0}
{"epoch": 3, "train_rmse": 2.8751399574164167, "validation_rmse": 0.9657059907913208, "mean_raw_gradient_norm": 4596.840864181519, "fraction_gradients_clipped": 1.0}
{"epoch": 4, "train_rmse": 3.125430501049463, "validation_rmse": 0.9667292833328247, "mean_raw_gradient_norm": 1799.5126196054312, "fraction_gradients_clipped": 1.0}
{
  "seed": 1701,
  "best_validation_rmse": 0.9657059907913208,
  "restored_fit_rmse": 0.8286439776420593,
  "restored_validation_rmse": 0.9657093286514282,
  "epochs_run": 4,
  "fit_observations": 1053,
  "validation_observations": 337,
  "rule": "coupled_map",
  "generations": 32,
  "hidden_channels": 16,
  "atom_feature_profile": "periodic",
  "atom_feature_count": 30,
  "atom_feature_names": [
    "element_H",
    "element_C",
    "element_N",
    "element_O",
    "element_F",
    "element_P",
    "element_S",
    "element_Cl",
    "element_Br",
    "element_I",
    "element_other",
    "formal_charge",
    "aromatic",
    "hybrid_sp",
    "hybrid_sp2",
    "hybrid_sp3",
    "hybrid_other",
    "degree",
    "total_hydrogens",
    "in_ring",
    "hbond_donor",
    "hbond_acceptor",
    "chiral_cw",
    "chiral_ccw",
    "chiral_other",
    "atomic_number",
    "atomic_mass",
    "covalent_radius",
    "vdw_radius",
    "outer_electrons"
  ],
  "device": "cuda",
  "gpu": "NVIDIA GeForce RTX 5070 Ti",
  "training_seconds": 7.863967300043441,
  "peak_gpu_memory_bytes": 117447680,
  "runtime": {
    "operating_system": "Windows-10-10.0.26200-SP0",
    "machine": "AMD64",
    "python": "3.11.16",
    "python_executable": "C:\\Users\\Anthony\\anaconda3\\envs\\strange-matter-gpu\\python.exe",
    "pytorch": "2.11.0+cu128",
    "pytorch_cuda": "12.8",
    "device": "cuda",
    "gpu": "NVIDIA GeForce RTX 5070 Ti"
  },
  "readout": "differentiable_closed_form_ridge",
  "hyperparameters": {
    "ca_lr": 0.001,
    "ridge": 1.0,
    "ca_l2": 1e-06,
    "gradient_clip": 1.0,
    "update_scale": 0.4,
    "init_scale": 1.5,
    "initial_noise": 0.0,
    "support_fraction": 0.85,
    "bond_temperature": 0.5,
    "dyn_a": 0.5,
    "dyn_b": 0.5,
    "dyn_c": 0.5,
    "dyn_d": 0.3,
    "lr_schedule": "cosine_0.1x"
  }
}
