{"device": "cuda", "gpu": "NVIDIA GeForce RTX 5070 Ti", "pytorch": "2.11.0+cu128", "pytorch_cuda": "12.8"}
{"epoch": 1, "train_rmse": 1.3895326903209926, "validation_rmse": 0.9032360315322876, "mean_raw_gradient_norm": 26.67892233017952, "fraction_gradients_clipped": 1.0}
{"epoch": 2, "train_rmse": 1.3429636549426374, "validation_rmse": 0.9029116630554199, "mean_raw_gradient_norm": 20.702601871182843, "fraction_gradients_clipped": 1.0}
{"epoch": 3, "train_rmse": 1.3242783392069724, "validation_rmse": 0.8996946811676025, "mean_raw_gradient_norm": 18.949020770288282, "fraction_gradients_clipped": 1.0}
{"epoch": 4, "train_rmse": 1.2374821513635732, "validation_rmse": 0.8962545394897461, "mean_raw_gradient_norm": 14.28604260567696, "fraction_gradients_clipped": 1.0}
{"epoch": 5, "train_rmse": 1.1771997158348613, "validation_rmse": 0.8928702473640442, "mean_raw_gradient_norm": 12.424863738398399, "fraction_gradients_clipped": 1.0}
{"epoch": 6, "train_rmse": 1.1196677337607193, "validation_rmse": 0.891943633556366, "mean_raw_gradient_norm": 10.092874338549953, "fraction_gradients_clipped": 1.0}
{"epoch": 7, "train_rmse": 1.096425194345717, "validation_rmse": 0.8886421322822571, "mean_raw_gradient_norm": 9.261300798385374, "fraction_gradients_clipped": 1.0}
{"epoch": 8, "train_rmse": 1.1281879106983785, "validation_rmse": 0.884290874004364, "mean_raw_gradient_norm": 11.071702514925311, "fraction_gradients_clipped": 1.0}
{"epoch": 9, "train_rmse": 1.1077549618458589, "validation_rmse": 0.8865172863006592, "mean_raw_gradient_norm": 12.38748719999867, "fraction_gradients_clipped": 1.0}
{"epoch": 10, "train_rmse": 1.09831417245084, "validation_rmse": 0.89212566614151, "mean_raw_gradient_norm": 11.034123259205971, "fraction_gradients_clipped": 1.0}
{
  "seed": 2909,
  "best_validation_rmse": 0.884290874004364,
  "restored_fit_rmse": 0.8251013159751892,
  "restored_validation_rmse": 0.8842899203300476,
  "epochs_run": 10,
  "fit_observations": 5216,
  "validation_observations": 1309,
  "rule": "gated_residual",
  "generations": 16,
  "hidden_channels": 16,
  "device": "cuda",
  "gpu": "NVIDIA GeForce RTX 5070 Ti",
  "training_seconds": 48.47003650001716,
  "peak_gpu_memory_bytes": 54832640,
  "readout": "differentiable_closed_form_ridge",
  "hyperparameters": {
    "ca_lr": 0.001,
    "ridge": 0.1,
    "ca_l2": 1e-06,
    "gradient_clip": 1.0
  }
}
