{"device": "cuda", "gpu": "NVIDIA GeForce RTX 5070 Ti", "pytorch": "2.11.0+cu128", "pytorch_cuda": "12.8"}
{"epoch": 1, "train_rmse": 5.313756647069945, "validation_rmse": 1.0116630792617798, "mean_raw_gradient_norm": 15015.250541687012, "fraction_gradients_clipped": 1.0}
{"epoch": 2, "train_rmse": 1.2953685568907223, "validation_rmse": 0.9953666925430298, "mean_raw_gradient_norm": 93.22804260253906, "fraction_gradients_clipped": 1.0}
{"epoch": 3, "train_rmse": 1.2627897372508983, "validation_rmse": 0.9953702688217163, "mean_raw_gradient_norm": 65.50564842224121, "fraction_gradients_clipped": 1.0}
{
  "seed": 1701,
  "best_validation_rmse": 0.9953666925430298,
  "restored_fit_rmse": 0.8365560173988342,
  "restored_validation_rmse": 0.9954118132591248,
  "epochs_run": 3,
  "fit_observations": 791,
  "validation_observations": 273,
  "rule": "coupled_map",
  "generations": 32,
  "hidden_channels": 16,
  "device": "cuda",
  "gpu": "NVIDIA GeForce RTX 5070 Ti",
  "training_seconds": 3.5041965000564232,
  "peak_gpu_memory_bytes": 204760576,
  "readout": "differentiable_closed_form_ridge",
  "hyperparameters": {
    "ca_lr": 0.001,
    "ridge": 0.01,
    "ca_l2": 0.0001,
    "gradient_clip": 0.5,
    "update_scale": 0.4,
    "init_scale": 1.0,
    "initial_noise": 0.0,
    "support_fraction": 0.75,
    "bond_temperature": 2.0,
    "dyn_a": 0.5,
    "dyn_b": 0.8,
    "dyn_c": 0.5,
    "dyn_d": 0.05,
    "lr_schedule": "cosine_0.1x"
  }
}
