{"operating_system": "macOS-26.2-arm64-arm-64bit", "machine": "arm64", "python": "3.10.19", "python_executable": "/opt/anaconda3/envs/kcc2/bin/python3.10", "pytorch": "2.8.0", "pytorch_cuda": null, "device": "cpu", "gpu": null}
{"epoch": 1, "train_rmse": 28.20738001886559, "validation_rmse": 0.9571846723556519, "mean_raw_gradient_norm": 34832.69188776708, "fraction_gradients_clipped": 1.0}
{"epoch": 2, "train_rmse": 7.311568137333281, "validation_rmse": 0.9559646248817444, "mean_raw_gradient_norm": 2278.7477045289934, "fraction_gradients_clipped": 1.0}
{"epoch": 3, "train_rmse": 7.479987140485949, "validation_rmse": 0.945486307144165, "mean_raw_gradient_norm": 2299.2820815963128, "fraction_gradients_clipped": 1.0}
{"epoch": 4, "train_rmse": 2.095220541543684, "validation_rmse": 0.9419005513191223, "mean_raw_gradient_norm": 143.01873678545797, "fraction_gradients_clipped": 1.0}
{"epoch": 5, "train_rmse": 2.1387175738939606, "validation_rmse": 0.9430925846099854, "mean_raw_gradient_norm": 99.01313016876098, "fraction_gradients_clipped": 1.0}
{"epoch": 6, "train_rmse": 3.517995286583084, "validation_rmse": 0.9492959380149841, "mean_raw_gradient_norm": 429.6678890259035, "fraction_gradients_clipped": 1.0}
{"epoch": 7, "train_rmse": 1.3673409547025592, "validation_rmse": 0.9531915187835693, "mean_raw_gradient_norm": 17.199400063483946, "fraction_gradients_clipped": 1.0}
{"epoch": 8, "train_rmse": 4.625192048971241, "validation_rmse": 0.9466413855552673, "mean_raw_gradient_norm": 1489.5829261964368, "fraction_gradients_clipped": 1.0}
{
  "seed": 2909,
  "best_validation_rmse": 0.9419005513191223,
  "restored_fit_rmse": 0.8824852705001831,
  "restored_validation_rmse": 0.9419005513191223,
  "epochs_run": 8,
  "fit_observations": 5216,
  "validation_observations": 1309,
  "rule": "kuramoto_sakaguchi",
  "generations": 64,
  "hidden_channels": 8,
  "device": "cpu",
  "gpu": null,
  "training_seconds": 161.89350620796904,
  "peak_gpu_memory_bytes": 0,
  "runtime": {
    "operating_system": "macOS-26.2-arm64-arm-64bit",
    "machine": "arm64",
    "python": "3.10.19",
    "python_executable": "/opt/anaconda3/envs/kcc2/bin/python3.10",
    "pytorch": "2.8.0",
    "pytorch_cuda": null,
    "device": "cpu",
    "gpu": null
  },
  "readout": "differentiable_closed_form_ridge",
  "hyperparameters": {
    "ca_lr": 0.001,
    "ridge": 0.1,
    "ca_l2": 1e-05,
    "gradient_clip": 1.0,
    "update_scale": 0.25,
    "init_scale": 1.0,
    "initial_noise": 0.0,
    "support_fraction": 0.75,
    "bond_temperature": 1.0,
    "dyn_a": 0.5,
    "dyn_b": 0.5,
    "dyn_c": 0.5,
    "dyn_d": 0.2,
    "lr_schedule": "cosine_0.1x"
  }
}
