{"device": "cuda", "gpu": "NVIDIA GeForce RTX 5070 Ti", "pytorch": "2.11.0+cu128", "pytorch_cuda": "12.8"}
{"epoch": 1, "train_rmse": 0.9183315638829972, "validation_rmse": 1.0406996011734009, "mean_raw_gradient_norm": 1.4234300971031189, "fraction_gradients_clipped": 1.0}
{"epoch": 2, "train_rmse": 0.8998005624837616, "validation_rmse": 1.041272759437561, "mean_raw_gradient_norm": 1.3882142186164856, "fraction_gradients_clipped": 1.0}
{"epoch": 3, "train_rmse": 0.9836293181164859, "validation_rmse": 1.0409705638885498, "mean_raw_gradient_norm": 1.5270920276641846, "fraction_gradients_clipped": 1.0}
{
  "seed": 1701,
  "best_validation_rmse": 1.0406996011734009,
  "restored_fit_rmse": 0.9547749161720276,
  "restored_validation_rmse": 1.0407028198242188,
  "epochs_run": 3,
  "fit_observations": 791,
  "validation_observations": 273,
  "rule": "coupled_map",
  "generations": 64,
  "hidden_channels": 4,
  "device": "cuda",
  "gpu": "NVIDIA GeForce RTX 5070 Ti",
  "training_seconds": 5.421395600074902,
  "peak_gpu_memory_bytes": 113547776,
  "readout": "differentiable_closed_form_ridge",
  "hyperparameters": {
    "ca_lr": 0.001,
    "ridge": 1.0,
    "ca_l2": 1e-05,
    "gradient_clip": 0.5,
    "update_scale": 0.25,
    "init_scale": 0.5,
    "initial_noise": 0.0,
    "support_fraction": 0.85,
    "bond_temperature": 0.5,
    "dyn_a": 0.5,
    "dyn_b": 0.8,
    "dyn_c": 0.5,
    "dyn_d": 0.3,
    "lr_schedule": "cosine_0.1x"
  }
}
