{"operating_system": "Windows-10-10.0.26200-SP0", "machine": "AMD64", "python": "3.11.16", "python_executable": "C:\\Users\\Anthony\\anaconda3\\envs\\strange-matter-gpu\\python.exe", "pytorch": "2.11.0+cu128", "pytorch_cuda": "12.8", "device": "cuda", "gpu": "NVIDIA GeForce RTX 5070 Ti"}
{"epoch": 1, "train_rmse": 1.5370796975955432, "validation_rmse": 0.9223122596740723, "mean_raw_gradient_norm": 38.924352169036865, "fraction_gradients_clipped": 1.0}
{"epoch": 2, "train_rmse": 1.3284023148445403, "validation_rmse": 0.9168668985366821, "mean_raw_gradient_norm": 17.855686113238335, "fraction_gradients_clipped": 1.0}
{"epoch": 3, "train_rmse": 1.4245713197459091, "validation_rmse": 0.9247385263442993, "mean_raw_gradient_norm": 66.0667689293623, "fraction_gradients_clipped": 1.0}
{"epoch": 4, "train_rmse": 1.2997233896560727, "validation_rmse": 0.9127511382102966, "mean_raw_gradient_norm": 15.674454018473625, "fraction_gradients_clipped": 1.0}
{"epoch": 5, "train_rmse": 1.2866604925698852, "validation_rmse": 0.9167370796203613, "mean_raw_gradient_norm": 13.659326627850533, "fraction_gradients_clipped": 1.0}
{"epoch": 6, "train_rmse": 1.2313787210312275, "validation_rmse": 0.925995945930481, "mean_raw_gradient_norm": 13.796383425593376, "fraction_gradients_clipped": 1.0}
{"epoch": 7, "train_rmse": 1.275881021074988, "validation_rmse": 0.9378865957260132, "mean_raw_gradient_norm": 16.97616410255432, "fraction_gradients_clipped": 1.0}
{"epoch": 8, "train_rmse": 1.2039051635117304, "validation_rmse": 0.9376947283744812, "mean_raw_gradient_norm": 13.12349919974804, "fraction_gradients_clipped": 1.0}
{
  "seed": 1701,
  "best_validation_rmse": 0.9127511382102966,
  "restored_fit_rmse": 0.8413183093070984,
  "restored_validation_rmse": 0.9127656817436218,
  "epochs_run": 8,
  "fit_observations": 2643,
  "validation_observations": 670,
  "rule": "gray_scott",
  "generations": 125,
  "hidden_channels": 16,
  "atom_feature_profile": "electronic",
  "atom_feature_count": 30,
  "atom_feature_names": [
    "element_H",
    "element_C",
    "element_N",
    "element_O",
    "element_F",
    "element_P",
    "element_S",
    "element_Cl",
    "element_Br",
    "element_I",
    "element_other",
    "formal_charge",
    "aromatic",
    "hybrid_sp",
    "hybrid_sp2",
    "hybrid_sp3",
    "hybrid_other",
    "degree",
    "total_hydrogens",
    "in_ring",
    "hbond_donor",
    "hbond_acceptor",
    "chiral_cw",
    "chiral_ccw",
    "chiral_other",
    "electronegativity",
    "polarizability",
    "heteroatom",
    "halogen",
    "conjugated_bond_fraction"
  ],
  "device": "cuda",
  "gpu": "NVIDIA GeForce RTX 5070 Ti",
  "training_seconds": 132.29314239998348,
  "peak_gpu_memory_bytes": 361768448,
  "runtime": {
    "operating_system": "Windows-10-10.0.26200-SP0",
    "machine": "AMD64",
    "python": "3.11.16",
    "python_executable": "C:\\Users\\Anthony\\anaconda3\\envs\\strange-matter-gpu\\python.exe",
    "pytorch": "2.11.0+cu128",
    "pytorch_cuda": "12.8",
    "device": "cuda",
    "gpu": "NVIDIA GeForce RTX 5070 Ti"
  },
  "readout": "differentiable_closed_form_ridge",
  "hyperparameters": {
    "ca_lr": 0.003,
    "ridge": 0.3,
    "ca_l2": 1e-05,
    "gradient_clip": 2.0,
    "update_scale": 0.15,
    "init_scale": 1.5,
    "initial_noise": 0.0,
    "support_fraction": 0.6,
    "bond_temperature": 0.5,
    "dyn_a": 0.8,
    "dyn_b": 0.8,
    "dyn_c": 0.5,
    "dyn_d": 0.3,
    "lr_schedule": "cosine_0.1x"
  }
}
