{"operating_system": "Windows-10-10.0.26200-SP0", "machine": "AMD64", "python": "3.11.16", "python_executable": "C:\\Users\\Anthony\\anaconda3\\envs\\strange-matter-gpu\\python.exe", "pytorch": "2.11.0+cu128", "pytorch_cuda": "12.8", "device": "cuda", "gpu": "NVIDIA GeForce RTX 5070 Ti"}
{"epoch": 1, "train_rmse": 1.2247840449568803, "validation_rmse": 0.9065008759498596, "validation_ma_st_rae": 0.925070872606098, "validation_CYP1A2_st_rae": 0.9399263798683231, "validation_CYP2C9_st_rae": 0.8592838846981112, "validation_CYP2D6_st_rae": 1.082227048018555, "validation_CYP3A4_st_rae": 0.8188461778394029, "mean_raw_gradient_norm": 10.414702475070953, "fraction_gradients_clipped": 1.0}
{"epoch": 2, "train_rmse": 1.149529252092898, "validation_rmse": 0.9033012986183167, "validation_ma_st_rae": 0.9201398713924058, "validation_CYP1A2_st_rae": 0.9325031817150065, "validation_CYP2C9_st_rae": 0.8404592249607353, "validation_CYP2D6_st_rae": 1.0928896224792877, "validation_CYP3A4_st_rae": 0.8147074564145942, "mean_raw_gradient_norm": 10.44166025519371, "fraction_gradients_clipped": 1.0}
{"epoch": 3, "train_rmse": 1.1881609416891832, "validation_rmse": 0.9026779532432556, "validation_ma_st_rae": 0.9199204245302578, "validation_CYP1A2_st_rae": 0.9288283939604769, "validation_CYP2C9_st_rae": 0.8390135865156981, "validation_CYP2D6_st_rae": 1.097483527456293, "validation_CYP3A4_st_rae": 0.8143561901885631, "mean_raw_gradient_norm": 9.880308747291565, "fraction_gradients_clipped": 1.0}
{"epoch": 4, "train_rmse": 1.2172162364926242, "validation_rmse": 0.9021301865577698, "validation_ma_st_rae": 0.9188166751233099, "validation_CYP1A2_st_rae": 0.9276488102696059, "validation_CYP2C9_st_rae": 0.8349922061215631, "validation_CYP2D6_st_rae": 1.098553575828997, "validation_CYP3A4_st_rae": 0.8140721082730736, "mean_raw_gradient_norm": 10.550041198730469, "fraction_gradients_clipped": 1.0}
{"epoch": 5, "train_rmse": 1.2073401011160325, "validation_rmse": 0.9021228551864624, "validation_ma_st_rae": 0.9189941809871985, "validation_CYP1A2_st_rae": 0.9278303067110147, "validation_CYP2C9_st_rae": 0.8361916283558646, "validation_CYP2D6_st_rae": 1.0980571854041659, "validation_CYP3A4_st_rae": 0.8138976034777491, "mean_raw_gradient_norm": 12.603417873382568, "fraction_gradients_clipped": 1.0}
{
  "seed": 1701,
  "selection_metric": "validation_ma_st_rae",
  "best_validation_ma_st_rae": 0.9201398713924058,
  "best_validation_rmse": 0.9033012986183167,
  "restored_fit_rmse": 0.8777208924293518,
  "restored_validation_rmse": 0.9032999277114868,
  "restored_fit_ma_st_rae": 0.8797616806850328,
  "restored_validation_ma_st_rae": 0.9231369156387282,
  "restored_validation_point_ma_st_rae": 0.9201364412565425,
  "restored_validation_point_st_rae_by_cyp": {
    "CYP1A2": 0.9324987718357397,
    "CYP2C9": 0.8404534810588833,
    "CYP2D6": 1.0928868368298634,
    "CYP3A4": 0.8147066753016831
  },
  "restored_fit_st_rae_by_cyp": {
    "CYP1A2": 0.9028033452907696,
    "CYP2C9": 0.7842478238288447,
    "CYP2D6": 1.0540850897403835,
    "CYP3A4": 0.7779104638801339
  },
  "restored_validation_st_rae_by_cyp": {
    "CYP1A2": 0.9357089488433603,
    "CYP2C9": 0.8455402072342376,
    "CYP2D6": 1.0953294334556156,
    "CYP3A4": 0.8159690730216996
  },
  "validation_bootstrap_metrics": {
    "n_bootstrap_samples": 1000,
    "seed": 0,
    "macro": {
      "st_rae": {
        "mean": 0.9231369156387282,
        "ci_low": 0.8515129484336821,
        "ci_high": 1.0011266917879114
      },
      "mae": {
        "mean": 0.6614653899655132,
        "ci_low": 0.617148755751375,
        "ci_high": 0.7048981904072957
      },
      "r2": {
        "mean": 0.11110413988478339,
        "ci_low": 0.03257994092596729,
        "ci_high": 0.18064472099392692
      },
      "spearman_rho": {
        "mean": 0.3796730513886896,
        "ci_low": 0.3043285721994834,
        "ci_high": 0.44857969010750465
      },
      "kendall_tau": {
        "mean": 0.26289054288730945,
        "ci_low": 0.209668603382479,
        "ci_high": 0.31291333930793097
      }
    },
    "per_endpoint": {
      "CYP1A2": {
        "st_rae": {
          "mean": 0.9357089488433603,
          "ci_low": 0.8030233076247151,
          "ci_high": 1.0907378995644135
        },
        "mae": {
          "mean": 0.6890072855357706,
          "ci_low": 0.5909263075703252,
          "ci_high": 0.796061651376042
        },
        "r2": {
          "mean": 0.1310242213611143,
          "ci_low": -0.014456754898294953,
          "ci_high": 0.26836413702015477
        },
        "spearman_rho": {
          "mean": 0.4405441656431252,
          "ci_low": 0.3063084544538014,
          "ci_high": 0.5741747963405699
        },
        "kendall_tau": {
          "mean": 0.3005088743752988,
          "ci_low": 0.20237300220718285,
          "ci_high": 0.3978889435229656
        }
      },
      "CYP2C9": {
        "st_rae": {
          "mean": 0.8455402072342376,
          "ci_low": 0.6601115573092589,
          "ci_high": 1.0431540799780057
        },
        "mae": {
          "mean": 0.5363839235979182,
          "ci_low": 0.4628844785781307,
          "ci_high": 0.6204942214124985
        },
        "r2": {
          "mean": 0.14460829655928495,
          "ci_low": -0.07796616589309283,
          "ci_high": 0.3285567120998544
        },
        "spearman_rho": {
          "mean": 0.4763628006888001,
          "ci_low": 0.3122352946679228,
          "ci_high": 0.6113646840617487
        },
        "kendall_tau": {
          "mean": 0.3338536089687142,
          "ci_low": 0.2132423148318365,
          "ci_high": 0.4402418261705956
        }
      },
      "CYP2D6": {
        "st_rae": {
          "mean": 1.0953294334556156,
          "ci_low": 0.9592946627508149,
          "ci_high": 1.2650798093029456
        },
        "mae": {
          "mean": 0.6362503182644391,
          "ci_low": 0.5319252178181697,
          "ci_high": 0.7374509231017454
        },
        "r2": {
          "mean": -0.01321649750238984,
          "ci_low": -0.1782546940657175,
          "ci_high": 0.1216787354572649
        },
        "spearman_rho": {
          "mean": 0.16032606896249718,
          "ci_low": -0.02006030974907576,
          "ci_high": 0.3310025770907006
        },
        "kendall_tau": {
          "mean": 0.10871087333053815,
          "ci_low": -0.01720714595471602,
          "ci_high": 0.22612205043810438
        }
      },
      "CYP3A4": {
        "st_rae": {
          "mean": 0.8159690730216996,
          "ci_low": 0.7270941626876484,
          "ci_high": 0.9042771847751843
        },
        "mae": {
          "mean": 0.7842200324639246,
          "ci_low": 0.703285125590459,
          "ci_high": 0.8661804725396683
        },
        "r2": {
          "mean": 0.18200053912112413,
          "ci_low": 0.09252743172122159,
          "ci_high": 0.27095539154561005
        },
        "spearman_rho": {
          "mean": 0.44145917026033593,
          "ci_low": 0.328877469506107,
          "ci_high": 0.5447421337024956
        },
        "kendall_tau": {
          "mean": 0.3084888148746866,
          "ci_low": 0.2283605481713585,
          "ci_high": 0.3861185981057608
        }
      }
    }
  },
  "epochs_run": 5,
  "fit_observations": 2659,
  "validation_observations": 646,
  "rule": "inertial_reaction_diffusion",
  "generations": 250,
  "hidden_channels": 8,
  "atom_feature_profile": "baseline",
  "atom_feature_count": 25,
  "atom_feature_names": [
    "element_H",
    "element_C",
    "element_N",
    "element_O",
    "element_F",
    "element_P",
    "element_S",
    "element_Cl",
    "element_Br",
    "element_I",
    "element_other",
    "formal_charge",
    "aromatic",
    "hybrid_sp",
    "hybrid_sp2",
    "hybrid_sp3",
    "hybrid_other",
    "degree",
    "total_hydrogens",
    "in_ring",
    "hbond_donor",
    "hbond_acceptor",
    "chiral_cw",
    "chiral_ccw",
    "chiral_other"
  ],
  "device": "cuda",
  "gpu": "NVIDIA GeForce RTX 5070 Ti",
  "training_seconds": 76.37553159985691,
  "peak_gpu_memory_bytes": 674396160,
  "runtime": {
    "operating_system": "Windows-10-10.0.26200-SP0",
    "machine": "AMD64",
    "python": "3.11.16",
    "python_executable": "C:\\Users\\Anthony\\anaconda3\\envs\\strange-matter-gpu\\python.exe",
    "pytorch": "2.11.0+cu128",
    "pytorch_cuda": "12.8",
    "device": "cuda",
    "gpu": "NVIDIA GeForce RTX 5070 Ti"
  },
  "validation_protocol": {
    "kind": "scaffold_cross_validation",
    "fold": 1,
    "folds": 5
  },
  "readout": "differentiable_closed_form_ridge",
  "prediction_mode": "direct",
  "residual_alpha": null,
  "trajectory_pooling": "legacy",
  "ridge_mode": "shared",
  "loss_mode": "hybrid_interval",
  "interval_loss_beta": 1.0,
  "interval_temperature": 0.1,
  "hyperparameters": {
    "ca_lr": 0.0003,
    "ridge": 0.01,
    "ca_l2": 1e-06,
    "gradient_clip": 0.5,
    "update_scale": 0.08,
    "init_scale": 1.5,
    "initial_noise": 0.01,
    "support_fraction": 0.6,
    "bond_temperature": 0.5,
    "dyn_a": 0.8,
    "dyn_b": 0.5,
    "dyn_c": 0.5,
    "dyn_d": 0.05,
    "lr_schedule": "cosine_0.1x"
  }
}
