{"device": "cuda", "gpu": "NVIDIA GeForce RTX 5070 Ti", "pytorch": "2.11.0+cu128", "pytorch_cuda": "12.8"}
{"epoch": 1, "train_rmse": 1.3804640709799083, "validation_rmse": 1.0073764324188232, "mean_raw_gradient_norm": 14.352398109436034, "fraction_gradients_clipped": 1.0}
{"epoch": 2, "train_rmse": 1.423564561015614, "validation_rmse": 1.007636547088623, "mean_raw_gradient_norm": 20.810385990142823, "fraction_gradients_clipped": 1.0}
{"epoch": 3, "train_rmse": 1.4137210788226178, "validation_rmse": 1.0071035623550415, "mean_raw_gradient_norm": 15.570786094665527, "fraction_gradients_clipped": 1.0}
{
  "seed": 1701,
  "best_validation_rmse": 1.0073764324188232,
  "restored_fit_rmse": 0.8307033777236938,
  "restored_validation_rmse": 1.0074084997177124,
  "epochs_run": 3,
  "fit_observations": 791,
  "validation_observations": 273,
  "rule": "gated_residual",
  "generations": 32,
  "hidden_channels": 16,
  "device": "cuda",
  "gpu": "NVIDIA GeForce RTX 5070 Ti",
  "training_seconds": 3.1616780000040308,
  "peak_gpu_memory_bytes": 201952768,
  "readout": "differentiable_closed_form_ridge",
  "hyperparameters": {
    "ca_lr": 0.0003,
    "ridge": 0.01,
    "ca_l2": 1e-06,
    "gradient_clip": 2.0,
    "update_scale": 0.08,
    "init_scale": 0.5,
    "initial_noise": 0.01,
    "support_fraction": 0.6,
    "bond_temperature": 2.0,
    "dyn_a": 0.5,
    "dyn_b": 0.8,
    "dyn_c": 0.8,
    "dyn_d": 0.3,
    "lr_schedule": "cosine_0.1x"
  }
}
