{"device": "cuda", "gpu": "NVIDIA GeForce RTX 5070 Ti", "pytorch": "2.11.0+cu128", "pytorch_cuda": "12.8"}
{"epoch": 1, "train_rmse": 4.0498423651641335, "validation_rmse": 1.005812406539917, "mean_raw_gradient_norm": 15656.81047419498, "fraction_gradients_clipped": 1.0}
{"epoch": 2, "train_rmse": 4.502344858863451, "validation_rmse": 0.9890978932380676, "mean_raw_gradient_norm": 14066.441057707134, "fraction_gradients_clipped": 1.0}
{"epoch": 3, "train_rmse": 5.552130696492224, "validation_rmse": 0.9909277558326721, "mean_raw_gradient_norm": 15869.524693539268, "fraction_gradients_clipped": 1.0}
{
  "seed": 1701,
  "best_validation_rmse": 0.9890978932380676,
  "restored_fit_rmse": 0.8929751515388489,
  "restored_validation_rmse": 0.9948957562446594,
  "epochs_run": 3,
  "fit_observations": 791,
  "validation_observations": 273,
  "rule": "gated_residual",
  "generations": 500,
  "hidden_channels": 8,
  "device": "cuda",
  "gpu": "NVIDIA GeForce RTX 5070 Ti",
  "training_seconds": 50.17359050002415,
  "peak_gpu_memory_bytes": 322847232,
  "readout": "differentiable_closed_form_ridge",
  "hyperparameters": {
    "ca_lr": 0.003,
    "ridge": 0.0001,
    "ca_l2": 0.0001,
    "gradient_clip": 0.5
  }
}
