{"operating_system": "Windows-10-10.0.26200-SP0", "machine": "AMD64", "python": "3.11.16", "python_executable": "C:\\Users\\Anthony\\anaconda3\\envs\\strange-matter-gpu\\python.exe", "pytorch": "2.11.0+cu128", "pytorch_cuda": "12.8", "device": "cuda", "gpu": "NVIDIA GeForce RTX 5070 Ti"}
{"epoch": 1, "train_rmse": 1.1326687620923517, "validation_rmse": 0.8696302175521851, "validation_ma_st_rae": 0.9824655208024566, "validation_CYP1A2_st_rae": 1.0083026997123694, "validation_CYP2C9_st_rae": 1.0565841187720932, "validation_CYP2D6_st_rae": 0.9106369790785955, "validation_CYP3A4_st_rae": 0.9543382856467686, "mean_raw_gradient_norm": 14.646065807342529, "fraction_gradients_clipped": 1.0}
{"epoch": 2, "train_rmse": 1.0199622394684678, "validation_rmse": 0.8689826130867004, "validation_ma_st_rae": 0.9786625876035946, "validation_CYP1A2_st_rae": 1.0091695340749602, "validation_CYP2C9_st_rae": 1.0416992051633005, "validation_CYP2D6_st_rae": 0.9091916038729292, "validation_CYP3A4_st_rae": 0.9545900073031882, "mean_raw_gradient_norm": 8.249746227264405, "fraction_gradients_clipped": 1.0}
{"epoch": 3, "train_rmse": 1.1743613392633712, "validation_rmse": 0.8681215643882751, "validation_ma_st_rae": 0.9776287872938088, "validation_CYP1A2_st_rae": 1.0027798025220263, "validation_CYP2C9_st_rae": 1.0423302614243068, "validation_CYP2D6_st_rae": 0.910101244611024, "validation_CYP3A4_st_rae": 0.9553038406178783, "mean_raw_gradient_norm": 11.13212718963623, "fraction_gradients_clipped": 1.0}
{
  "seed": 1701,
  "selection_metric": "validation_ma_st_rae",
  "best_validation_ma_st_rae": 0.9786625876035946,
  "best_validation_rmse": 0.8689826130867004,
  "restored_fit_rmse": 0.9660577774047852,
  "restored_validation_rmse": 0.8689824938774109,
  "restored_fit_ma_st_rae": 0.9281231837021993,
  "restored_validation_ma_st_rae": 0.9933958753726322,
  "restored_validation_point_ma_st_rae": 0.9786624256779062,
  "restored_validation_point_st_rae_by_cyp": {
    "CYP1A2": 1.0091666082042083,
    "CYP2C9": 1.0417041833466172,
    "CYP2D6": 0.9091892812447451,
    "CYP3A4": 0.9545896299160538
  },
  "restored_fit_st_rae_by_cyp": {
    "CYP1A2": 0.9662461026161687,
    "CYP2C9": 0.9204244929346026,
    "CYP2D6": 0.9371350105936259,
    "CYP3A4": 0.8886871286643999
  },
  "restored_validation_st_rae_by_cyp": {
    "CYP1A2": 1.011875035312361,
    "CYP2C9": 1.0715638423220608,
    "CYP2D6": 0.9218297345378033,
    "CYP3A4": 0.9683148893183039
  },
  "validation_bootstrap_metrics": {
    "n_bootstrap_samples": 1000,
    "seed": 0,
    "macro": {
      "st_rae": {
        "mean": 0.9933958753726322,
        "ci_low": 0.892159227309948,
        "ci_high": 1.0968607048419603
      },
      "mae": {
        "mean": 0.6631680962997946,
        "ci_low": 0.6046235496072586,
        "ci_high": 0.7298249790150241
      },
      "r2": {
        "mean": 0.04981875451145397,
        "ci_low": -0.06195018388987232,
        "ci_high": 0.14606118431234247
      },
      "spearman_rho": {
        "mean": 0.3469704769682173,
        "ci_low": 0.23772697261150805,
        "ci_high": 0.4516203715478336
      },
      "kendall_tau": {
        "mean": 0.2442081010348096,
        "ci_low": 0.16503219220835283,
        "ci_high": 0.31999477494405754
      }
    },
    "per_endpoint": {
      "CYP1A2": {
        "st_rae": {
          "mean": 1.011875035312361,
          "ci_low": 0.7879823417107787,
          "ci_high": 1.2715644975476332
        },
        "mae": {
          "mean": 0.6876669837373202,
          "ci_low": 0.5355082796245325,
          "ci_high": 0.8682594277819649
        },
        "r2": {
          "mean": 0.11903099706196699,
          "ci_low": -0.1364662007117652,
          "ci_high": 0.2765672488360361
        },
        "spearman_rho": {
          "mean": 0.46719870420269277,
          "ci_low": 0.2526026456841504,
          "ci_high": 0.6632257485139484
        },
        "kendall_tau": {
          "mean": 0.33437337851945337,
          "ci_low": 0.17547423047998367,
          "ci_high": 0.4892227545409742
        }
      },
      "CYP2C9": {
        "st_rae": {
          "mean": 1.0715638423220608,
          "ci_low": 0.832259112566727,
          "ci_high": 1.3428360170728044
        },
        "mae": {
          "mean": 0.6004291372895241,
          "ci_low": 0.489192860921224,
          "ci_high": 0.7264508750041326
        },
        "r2": {
          "mean": -0.11713313329975177,
          "ci_low": -0.4573421661558836,
          "ci_high": 0.14505009924944648
        },
        "spearman_rho": {
          "mean": 0.20752620996369395,
          "ci_low": -0.053821390406579996,
          "ci_high": 0.4488794010843549
        },
        "kendall_tau": {
          "mean": 0.1442072112811858,
          "ci_low": -0.046104120917166196,
          "ci_high": 0.3110223141990262
        }
      },
      "CYP2D6": {
        "st_rae": {
          "mean": 0.9218297345378033,
          "ci_low": 0.7986044561371842,
          "ci_high": 1.059688017200642
        },
        "mae": {
          "mean": 0.5413882680232708,
          "ci_low": 0.4269063385633322,
          "ci_high": 0.6677101705624505
        },
        "r2": {
          "mean": 0.09268376740121179,
          "ci_low": -0.04205856943708748,
          "ci_high": 0.2054584864825867
        },
        "spearman_rho": {
          "mean": 0.375466618007551,
          "ci_low": 0.1569793312321283,
          "ci_high": 0.5805976052180496
        },
        "kendall_tau": {
          "mean": 0.2622082292696134,
          "ci_low": 0.10458922823832344,
          "ci_high": 0.40861658896169356
        }
      },
      "CYP3A4": {
        "st_rae": {
          "mean": 0.9683148893183039,
          "ci_low": 0.8225177944259758,
          "ci_high": 1.1633165081463197
        },
        "mae": {
          "mean": 0.8231879961490631,
          "ci_low": 0.7095958599517511,
          "ci_high": 0.94052758702012
        },
        "r2": {
          "mean": 0.10469338688238887,
          "ci_low": -0.025551428348974153,
          "ci_high": 0.20984446672100862
        },
        "spearman_rho": {
          "mean": 0.3376903756989317,
          "ci_low": 0.13779887768774116,
          "ci_high": 0.5156457413357538
        },
        "kendall_tau": {
          "mean": 0.2360435850689859,
          "ci_low": 0.09462733235409608,
          "ci_high": 0.36485760565941056
        }
      }
    }
  },
  "epochs_run": 3,
  "fit_observations": 806,
  "validation_observations": 272,
  "rule": "delayed_memory",
  "generations": 64,
  "hidden_channels": 4,
  "atom_feature_profile": "electronic",
  "atom_feature_count": 33,
  "atom_feature_names": [
    "element_H",
    "element_C",
    "element_N",
    "element_O",
    "element_F",
    "element_P",
    "element_S",
    "element_Cl",
    "element_Br",
    "element_I",
    "element_other",
    "formal_charge",
    "aromatic",
    "hybrid_sp",
    "hybrid_sp2",
    "hybrid_sp3",
    "hybrid_other",
    "degree",
    "total_hydrogens",
    "in_ring",
    "hbond_donor",
    "hbond_acceptor",
    "chiral_cw",
    "chiral_ccw",
    "chiral_other",
    "electronegativity",
    "polarizability",
    "heteroatom",
    "halogen",
    "conjugated_bond_fraction",
    "first_ionization_energy",
    "electron_affinity",
    "electronic_property_missing"
  ],
  "device": "cuda",
  "gpu": "NVIDIA GeForce RTX 5070 Ti",
  "training_seconds": 8.663921200088225,
  "peak_gpu_memory_bytes": 57057792,
  "runtime": {
    "operating_system": "Windows-10-10.0.26200-SP0",
    "machine": "AMD64",
    "python": "3.11.16",
    "python_executable": "C:\\Users\\Anthony\\anaconda3\\envs\\strange-matter-gpu\\python.exe",
    "pytorch": "2.11.0+cu128",
    "pytorch_cuda": "12.8",
    "device": "cuda",
    "gpu": "NVIDIA GeForce RTX 5070 Ti"
  },
  "validation_protocol": {
    "kind": "scaffold_cross_validation",
    "fold": 0,
    "folds": 5
  },
  "readout": "differentiable_closed_form_ridge",
  "hyperparameters": {
    "ca_lr": 0.0003,
    "ridge": 1.0,
    "ca_l2": 0.0001,
    "gradient_clip": 1.0,
    "update_scale": 0.15,
    "init_scale": 0.5,
    "initial_noise": 0.0,
    "support_fraction": 0.75,
    "bond_temperature": 1.0,
    "dyn_a": 0.2,
    "dyn_b": 0.5,
    "dyn_c": 0.2,
    "dyn_d": 0.3,
    "lr_schedule": "cosine_0.1x"
  }
}
