{"operating_system": "Windows-10-10.0.26200-SP0", "machine": "AMD64", "python": "3.11.16", "python_executable": "C:\\Users\\Anthony\\anaconda3\\envs\\strange-matter-gpu\\python.exe", "pytorch": "2.11.0+cu128", "pytorch_cuda": "12.8", "device": "cuda", "gpu": "NVIDIA GeForce RTX 5070 Ti"}
{"epoch": 1, "train_rmse": 1.3524646102074644, "validation_rmse": 0.8831297755241394, "validation_ma_st_rae": 0.8991500304891336, "validation_CYP1A2_st_rae": 0.9749805664594998, "validation_CYP2C9_st_rae": 0.8071111079727668, "validation_CYP2D6_st_rae": 1.0677236084328856, "validation_CYP3A4_st_rae": 0.746784839091382, "mean_raw_gradient_norm": 19.3828782081604, "fraction_gradients_clipped": 1.0}
{"epoch": 2, "train_rmse": 1.3952678682257893, "validation_rmse": 0.8826438784599304, "validation_ma_st_rae": 0.8991676759629255, "validation_CYP1A2_st_rae": 0.9774155453564735, "validation_CYP2C9_st_rae": 0.8088829460182854, "validation_CYP2D6_st_rae": 1.062283523887023, "validation_CYP3A4_st_rae": 0.7480886885899201, "mean_raw_gradient_norm": 19.879159603118897, "fraction_gradients_clipped": 1.0}
{"epoch": 3, "train_rmse": 1.3385876095235452, "validation_rmse": 0.8826888203620911, "validation_ma_st_rae": 0.8982601114115644, "validation_CYP1A2_st_rae": 0.9825941295294494, "validation_CYP2C9_st_rae": 0.8060132517040859, "validation_CYP2D6_st_rae": 1.057959566191807, "validation_CYP3A4_st_rae": 0.7464734982209151, "mean_raw_gradient_norm": 20.32286407470703, "fraction_gradients_clipped": 1.0}
{"epoch": 4, "train_rmse": 1.3367584991688721, "validation_rmse": 0.8825527429580688, "validation_ma_st_rae": 0.8987332492850331, "validation_CYP1A2_st_rae": 0.9823323324746778, "validation_CYP2C9_st_rae": 0.8111545306248452, "validation_CYP2D6_st_rae": 1.057738185555668, "validation_CYP3A4_st_rae": 0.7437079484849412, "mean_raw_gradient_norm": 17.650087966918946, "fraction_gradients_clipped": 1.0}
{
  "seed": 4211,
  "selection_metric": "validation_ma_st_rae",
  "best_validation_ma_st_rae": 0.8991500304891336,
  "best_validation_rmse": 0.8831297755241394,
  "restored_fit_rmse": 0.8310664296150208,
  "restored_validation_rmse": 0.8831532001495361,
  "restored_fit_ma_st_rae": 0.8370644743060494,
  "restored_validation_ma_st_rae": 0.9018268073866486,
  "restored_validation_point_ma_st_rae": 0.8991939679269871,
  "restored_validation_point_st_rae_by_cyp": {
    "CYP1A2": 0.9750408880313722,
    "CYP2C9": 0.8072375560964755,
    "CYP2D6": 1.0676549571821579,
    "CYP3A4": 0.7468424703979427
  },
  "restored_fit_st_rae_by_cyp": {
    "CYP1A2": 0.8669745316864569,
    "CYP2C9": 0.7540112118227228,
    "CYP2D6": 1.026843427959096,
    "CYP3A4": 0.700428725755922
  },
  "restored_validation_st_rae_by_cyp": {
    "CYP1A2": 0.980641873127029,
    "CYP2C9": 0.808180603854992,
    "CYP2D6": 1.0692756976235651,
    "CYP3A4": 0.749209054941008
  },
  "validation_bootstrap_metrics": {
    "n_bootstrap_samples": 1000,
    "seed": 0,
    "macro": {
      "st_rae": {
        "mean": 0.9018268073866486,
        "ci_low": 0.8490877674912153,
        "ci_high": 0.9612495767789704
      },
      "mae": {
        "mean": 0.6511287122905766,
        "ci_low": 0.6177226294042922,
        "ci_high": 0.6895559210616218
      },
      "r2": {
        "mean": 0.12980808074418332,
        "ci_low": 0.07019778268459351,
        "ci_high": 0.1839067175123075
      },
      "spearman_rho": {
        "mean": 0.39138079559232736,
        "ci_low": 0.33314812052622966,
        "ci_high": 0.447083514172532
      },
      "kendall_tau": {
        "mean": 0.274292091471683,
        "ci_low": 0.23344821389316028,
        "ci_high": 0.3144839542843758
      }
    },
    "per_endpoint": {
      "CYP1A2": {
        "st_rae": {
          "mean": 0.980641873127029,
          "ci_low": 0.8646778822291477,
          "ci_high": 1.1087377757889347
        },
        "mae": {
          "mean": 0.7326595123662505,
          "ci_low": 0.648998752943305,
          "ci_high": 0.8230322871235914
        },
        "r2": {
          "mean": 0.04753681620776831,
          "ci_low": -0.0765627927934738,
          "ci_high": 0.17169550353498905
        },
        "spearman_rho": {
          "mean": 0.33497194267186065,
          "ci_low": 0.21561440878712193,
          "ci_high": 0.4483359273895568
        },
        "kendall_tau": {
          "mean": 0.22679869637103353,
          "ci_low": 0.14434498383372568,
          "ci_high": 0.3089897474016665
        }
      },
      "CYP2C9": {
        "st_rae": {
          "mean": 0.808180603854992,
          "ci_low": 0.698307763981312,
          "ci_high": 0.9319032105372554
        },
        "mae": {
          "mean": 0.5225348601571195,
          "ci_low": 0.4575594324448387,
          "ci_high": 0.5866355906585751
        },
        "r2": {
          "mean": 0.17485479922705274,
          "ci_low": 0.0395950252354492,
          "ci_high": 0.3034005838563092
        },
        "spearman_rho": {
          "mean": 0.48022616355212244,
          "ci_low": 0.35886142619307687,
          "ci_high": 0.5847749952967045
        },
        "kendall_tau": {
          "mean": 0.3383654212188923,
          "ci_low": 0.24877917937404034,
          "ci_high": 0.417801938103765
        }
      },
      "CYP2D6": {
        "st_rae": {
          "mean": 1.0692756976235651,
          "ci_low": 0.9646378968623726,
          "ci_high": 1.1895104408359427
        },
        "mae": {
          "mean": 0.6039093129551929,
          "ci_low": 0.5348308028086373,
          "ci_high": 0.6778868060008338
        },
        "r2": {
          "mean": 0.017602286552902552,
          "ci_low": -0.10576185168882772,
          "ci_high": 0.11859674720440648
        },
        "spearman_rho": {
          "mean": 0.22505793765875257,
          "ci_low": 0.10309860483065778,
          "ci_high": 0.34144243286198706
        },
        "kendall_tau": {
          "mean": 0.1545496486732676,
          "ci_low": 0.07137906993369796,
          "ci_high": 0.23384103330682005
        }
      },
      "CYP3A4": {
        "st_rae": {
          "mean": 0.749209054941008,
          "ci_low": 0.6679475512590148,
          "ci_high": 0.8392173217440396
        },
        "mae": {
          "mean": 0.7454111636837433,
          "ci_low": 0.6895649185223592,
          "ci_high": 0.8054256698431401
        },
        "r2": {
          "mean": 0.2792384209890097,
          "ci_low": 0.18629817258846293,
          "ci_high": 0.35856747021086793
        },
        "spearman_rho": {
          "mean": 0.5252671384865737,
          "ci_low": 0.43113008205494735,
          "ci_high": 0.6073385029238705
        },
        "kendall_tau": {
          "mean": 0.37745459962353844,
          "ci_low": 0.3060362467458005,
          "ci_high": 0.4420323967467149
        }
      }
    }
  },
  "epochs_run": 4,
  "fit_observations": 4213,
  "validation_observations": 1003,
  "rule": "kuramoto_sakaguchi",
  "generations": 16,
  "hidden_channels": 16,
  "atom_feature_profile": "periodic_valence",
  "atom_feature_count": 38,
  "atom_feature_names": [
    "element_H",
    "element_C",
    "element_N",
    "element_O",
    "element_F",
    "element_P",
    "element_S",
    "element_Cl",
    "element_Br",
    "element_I",
    "element_other",
    "formal_charge",
    "aromatic",
    "hybrid_sp",
    "hybrid_sp2",
    "hybrid_sp3",
    "hybrid_other",
    "degree",
    "total_hydrogens",
    "in_ring",
    "hbond_donor",
    "hbond_acceptor",
    "chiral_cw",
    "chiral_ccw",
    "chiral_other",
    "atomic_number",
    "atomic_mass",
    "covalent_radius",
    "vdw_radius",
    "outer_electrons",
    "period",
    "periodic_group",
    "atomic_volume",
    "total_valence",
    "implicit_valence",
    "heavy_atom_degree",
    "radical_electrons",
    "absolute_formal_charge"
  ],
  "device": "cuda",
  "gpu": "NVIDIA GeForce RTX 5070 Ti",
  "training_seconds": 18.93583820015192,
  "peak_gpu_memory_bytes": 77521920,
  "runtime": {
    "operating_system": "Windows-10-10.0.26200-SP0",
    "machine": "AMD64",
    "python": "3.11.16",
    "python_executable": "C:\\Users\\Anthony\\anaconda3\\envs\\strange-matter-gpu\\python.exe",
    "pytorch": "2.11.0+cu128",
    "pytorch_cuda": "12.8",
    "device": "cuda",
    "gpu": "NVIDIA GeForce RTX 5070 Ti"
  },
  "validation_protocol": {
    "kind": "scaffold_cross_validation",
    "fold": 1,
    "folds": 5
  },
  "readout": "differentiable_closed_form_ridge",
  "prediction_mode": "direct",
  "residual_alpha": null,
  "trajectory_pooling": "legacy",
  "ridge_mode": "shared",
  "loss_mode": "hybrid_interval",
  "interval_loss_beta": 0.75,
  "interval_temperature": 0.1,
  "hyperparameters": {
    "ca_lr": 0.0003,
    "ridge": 0.1,
    "ca_l2": 0.0001,
    "gradient_clip": 2.0,
    "update_scale": 0.08,
    "init_scale": 0.5,
    "initial_noise": 0.01,
    "support_fraction": 0.85,
    "bond_temperature": 0.5,
    "dyn_a": 0.8,
    "dyn_b": 0.8,
    "dyn_c": 0.8,
    "dyn_d": 0.05,
    "lr_schedule": "cosine_0.1x"
  }
}
