{"operating_system": "Windows-10-10.0.26200-SP0", "machine": "AMD64", "python": "3.11.16", "python_executable": "C:\\Users\\Anthony\\anaconda3\\envs\\strange-matter-gpu\\python.exe", "pytorch": "2.11.0+cu128", "pytorch_cuda": "12.8", "device": "cuda", "gpu": "NVIDIA GeForce RTX 5070 Ti"}
{"epoch": 1, "train_rmse": 1.384581540372731, "validation_rmse": 0.8768892288208008, "validation_ma_st_rae": 0.873153539411058, "validation_CYP1A2_st_rae": 0.9349072597079796, "validation_CYP2C9_st_rae": 0.8108684630227195, "validation_CYP2D6_st_rae": 0.9572435615361198, "validation_CYP3A4_st_rae": 0.7895948733774133, "mean_raw_gradient_norm": 20.25609998703003, "fraction_gradients_clipped": 1.0}
{"epoch": 2, "train_rmse": 1.2843300860173206, "validation_rmse": 0.8805702924728394, "validation_ma_st_rae": 0.8800610769754069, "validation_CYP1A2_st_rae": 0.8997276164450927, "validation_CYP2C9_st_rae": 0.8568622594728221, "validation_CYP2D6_st_rae": 0.944699713514206, "validation_CYP3A4_st_rae": 0.818954718469507, "mean_raw_gradient_norm": 14.070382828712463, "fraction_gradients_clipped": 1.0}
{"epoch": 3, "train_rmse": 5.442513988847152, "validation_rmse": 0.8686449527740479, "validation_ma_st_rae": 0.8513809830829397, "validation_CYP1A2_st_rae": 0.9012984324340044, "validation_CYP2C9_st_rae": 0.7958291219632915, "validation_CYP2D6_st_rae": 0.9117886898551478, "validation_CYP3A4_st_rae": 0.796607688079315, "mean_raw_gradient_norm": 2387.82372402668, "fraction_gradients_clipped": 1.0}
{"epoch": 4, "train_rmse": 6.197690988595815, "validation_rmse": 0.8753103017807007, "validation_ma_st_rae": 0.8638205688851788, "validation_CYP1A2_st_rae": 0.9376940515211709, "validation_CYP2C9_st_rae": 0.7887665341907497, "validation_CYP2D6_st_rae": 0.9344356296140376, "validation_CYP3A4_st_rae": 0.7943860602147572, "mean_raw_gradient_norm": 1170.3143799352647, "fraction_gradients_clipped": 1.0}
{"epoch": 5, "train_rmse": 9.973319646874625, "validation_rmse": 0.8668694496154785, "validation_ma_st_rae": 0.8455678049680417, "validation_CYP1A2_st_rae": 0.9143364107878097, "validation_CYP2C9_st_rae": 0.7874098133621452, "validation_CYP2D6_st_rae": 0.9064880291099885, "validation_CYP3A4_st_rae": 0.7740369666122231, "mean_raw_gradient_norm": 2721.7746693181994, "fraction_gradients_clipped": 1.0}
{"epoch": 6, "train_rmse": 2.2876242230838777, "validation_rmse": 0.8659340143203735, "validation_ma_st_rae": 0.8525738983467016, "validation_CYP1A2_st_rae": 0.91760041787464, "validation_CYP2C9_st_rae": 0.8142178686287708, "validation_CYP2D6_st_rae": 0.9156063875534692, "validation_CYP3A4_st_rae": 0.7628709193299263, "mean_raw_gradient_norm": 95.6721841955185, "fraction_gradients_clipped": 1.0}
{"epoch": 7, "train_rmse": 10.632709851736806, "validation_rmse": 0.8760334253311157, "validation_ma_st_rae": 0.8638337755884835, "validation_CYP1A2_st_rae": 0.9321233189588373, "validation_CYP2C9_st_rae": 0.8181094979046856, "validation_CYP2D6_st_rae": 0.9335367190910379, "validation_CYP3A4_st_rae": 0.7715655663993735, "mean_raw_gradient_norm": 6364.804829521179, "fraction_gradients_clipped": 1.0}
{"epoch": 8, "train_rmse": 10.891783050887607, "validation_rmse": 0.8743497729301453, "validation_ma_st_rae": 0.8602499222670269, "validation_CYP1A2_st_rae": 0.9244730421201808, "validation_CYP2C9_st_rae": 0.8107258142199694, "validation_CYP2D6_st_rae": 0.9265191192804778, "validation_CYP3A4_st_rae": 0.7792817134474795, "mean_raw_gradient_norm": 6014.872140398025, "fraction_gradients_clipped": 1.0}
{
  "seed": 2909,
  "selection_metric": "validation_ma_st_rae",
  "best_validation_ma_st_rae": 0.8455678049680417,
  "best_validation_rmse": 0.8668694496154785,
  "restored_fit_rmse": 0.8861284255981445,
  "restored_validation_rmse": 0.8668702840805054,
  "restored_fit_ma_st_rae": 0.8834748305452541,
  "restored_validation_ma_st_rae": 0.8487724226356986,
  "restored_validation_point_ma_st_rae": 0.8455709414815773,
  "restored_validation_point_st_rae_by_cyp": {
    "CYP1A2": 0.9143385138889661,
    "CYP2C9": 0.7874162300025266,
    "CYP2D6": 0.9064887799697561,
    "CYP3A4": 0.7740402420650606
  },
  "restored_fit_st_rae_by_cyp": {
    "CYP1A2": 0.908163601208127,
    "CYP2C9": 0.8217224331336078,
    "CYP2D6": 0.988887260527108,
    "CYP3A4": 0.8151260273121737
  },
  "restored_validation_st_rae_by_cyp": {
    "CYP1A2": 0.9192858020773753,
    "CYP2C9": 0.7927824599985143,
    "CYP2D6": 0.9072379629971826,
    "CYP3A4": 0.7757834654697223
  },
  "validation_bootstrap_metrics": {
    "n_bootstrap_samples": 1000,
    "seed": 0,
    "macro": {
      "st_rae": {
        "mean": 0.8487724226356986,
        "ci_low": 0.8055856851539352,
        "ci_high": 0.8901565945187411
      },
      "mae": {
        "mean": 0.6227583879918733,
        "ci_low": 0.5862625164188792,
        "ci_high": 0.6563289832688157
      },
      "r2": {
        "mean": 0.1671682937230877,
        "ci_low": 0.12437056257303705,
        "ci_high": 0.20997686071653301
      },
      "spearman_rho": {
        "mean": 0.42765895045616137,
        "ci_low": 0.37567876027977504,
        "ci_high": 0.4801500932260288
      },
      "kendall_tau": {
        "mean": 0.29658026342109145,
        "ci_low": 0.25820458825303555,
        "ci_high": 0.33384578119410924
      }
    },
    "per_endpoint": {
      "CYP1A2": {
        "st_rae": {
          "mean": 0.9192858020773753,
          "ci_low": 0.8289752783979113,
          "ci_high": 1.0132456731832933
        },
        "mae": {
          "mean": 0.6995725594272941,
          "ci_low": 0.6179278429485697,
          "ci_high": 0.783299336054806
        },
        "r2": {
          "mean": 0.10416093189960307,
          "ci_low": 0.004525758554939163,
          "ci_high": 0.18990249988594643
        },
        "spearman_rho": {
          "mean": 0.37165787218785795,
          "ci_low": 0.25918640126599746,
          "ci_high": 0.48445702830616544
        },
        "kendall_tau": {
          "mean": 0.25090342018515394,
          "ci_low": 0.17394794436360025,
          "ci_high": 0.32992380170245267
        }
      },
      "CYP2C9": {
        "st_rae": {
          "mean": 0.7927824599985143,
          "ci_low": 0.6943846852048934,
          "ci_high": 0.8974614072619121
        },
        "mae": {
          "mean": 0.48792154857309744,
          "ci_low": 0.4347233459205911,
          "ci_high": 0.5471847914528138
        },
        "r2": {
          "mean": 0.23637315930773764,
          "ci_low": 0.137482175740477,
          "ci_high": 0.3295791885597662
        },
        "spearman_rho": {
          "mean": 0.46883288624175096,
          "ci_low": 0.3482880505455815,
          "ci_high": 0.5764618516369806
        },
        "kendall_tau": {
          "mean": 0.32904266278079686,
          "ci_low": 0.24111813578369154,
          "ci_high": 0.41159351595104215
        }
      },
      "CYP2D6": {
        "st_rae": {
          "mean": 0.9072379629971826,
          "ci_low": 0.8434425176397468,
          "ci_high": 0.9721289525017545
        },
        "mae": {
          "mean": 0.5824565713868911,
          "ci_low": 0.4971538601483841,
          "ci_high": 0.66378352036903
        },
        "r2": {
          "mean": 0.06365018503404672,
          "ci_low": -0.019986605512795994,
          "ci_high": 0.14268093070952584
        },
        "spearman_rho": {
          "mean": 0.3483103607726609,
          "ci_low": 0.23431357330724872,
          "ci_high": 0.45659958488442065
        },
        "kendall_tau": {
          "mean": 0.239116315033314,
          "ci_low": 0.1603244926950332,
          "ci_high": 0.3163638217393687
        }
      },
      "CYP3A4": {
        "st_rae": {
          "mean": 0.7757834654697223,
          "ci_low": 0.7050631750049698,
          "ci_high": 0.8530809954467947
        },
        "mae": {
          "mean": 0.7210828725802104,
          "ci_low": 0.6648640780607858,
          "ci_high": 0.7770993899822234
        },
        "r2": {
          "mean": 0.26448889865096326,
          "ci_low": 0.19304485769320673,
          "ci_high": 0.3337731589910784
        },
        "spearman_rho": {
          "mean": 0.5218346826223758,
          "ci_low": 0.4392895908598617,
          "ci_high": 0.5983961851802281
        },
        "kendall_tau": {
          "mean": 0.367258655685101,
          "ci_low": 0.3061795143717183,
          "ci_high": 0.42625342713274084
        }
      }
    }
  },
  "epochs_run": 8,
  "fit_observations": 4177,
  "validation_observations": 1039,
  "rule": "kuramoto_sakaguchi",
  "generations": 64,
  "hidden_channels": 8,
  "atom_feature_profile": "baseline",
  "atom_feature_count": 25,
  "atom_feature_names": [
    "element_H",
    "element_C",
    "element_N",
    "element_O",
    "element_F",
    "element_P",
    "element_S",
    "element_Cl",
    "element_Br",
    "element_I",
    "element_other",
    "formal_charge",
    "aromatic",
    "hybrid_sp",
    "hybrid_sp2",
    "hybrid_sp3",
    "hybrid_other",
    "degree",
    "total_hydrogens",
    "in_ring",
    "hbond_donor",
    "hbond_acceptor",
    "chiral_cw",
    "chiral_ccw",
    "chiral_other"
  ],
  "device": "cuda",
  "gpu": "NVIDIA GeForce RTX 5070 Ti",
  "training_seconds": 89.59635360003449,
  "peak_gpu_memory_bytes": 140384256,
  "runtime": {
    "operating_system": "Windows-10-10.0.26200-SP0",
    "machine": "AMD64",
    "python": "3.11.16",
    "python_executable": "C:\\Users\\Anthony\\anaconda3\\envs\\strange-matter-gpu\\python.exe",
    "pytorch": "2.11.0+cu128",
    "pytorch_cuda": "12.8",
    "device": "cuda",
    "gpu": "NVIDIA GeForce RTX 5070 Ti"
  },
  "validation_protocol": {
    "kind": "scaffold_cross_validation",
    "fold": 2,
    "folds": 5
  },
  "readout": "differentiable_closed_form_ridge",
  "prediction_mode": "direct",
  "residual_alpha": null,
  "trajectory_pooling": "legacy",
  "ridge_mode": "shared",
  "loss_mode": "mse",
  "interval_loss_beta": 0.0,
  "interval_temperature": 0.05,
  "hyperparameters": {
    "ca_lr": 0.001,
    "ridge": 0.1,
    "ca_l2": 1e-05,
    "gradient_clip": 1.0,
    "update_scale": 0.25,
    "init_scale": 1.0,
    "initial_noise": 0.0,
    "support_fraction": 0.75,
    "bond_temperature": 1.0,
    "dyn_a": 0.5,
    "dyn_b": 0.5,
    "dyn_c": 0.5,
    "dyn_d": 0.2,
    "lr_schedule": "cosine_0.1x"
  }
}
