{"device": "cuda", "gpu": "NVIDIA GeForce RTX 5070 Ti", "pytorch": "2.11.0+cu128", "pytorch_cuda": "12.8"}
{"epoch": 1, "train_rmse": 0.9732969448317064, "validation_rmse": 1.0118286609649658, "mean_raw_gradient_norm": 8.361300373077393, "fraction_gradients_clipped": 1.0}
{"epoch": 2, "train_rmse": 1.0923667935186347, "validation_rmse": 1.0046766996383667, "mean_raw_gradient_norm": 8.103591537475586, "fraction_gradients_clipped": 1.0}
{"epoch": 3, "train_rmse": 1.102736947093852, "validation_rmse": 1.001611351966858, "mean_raw_gradient_norm": 10.348353958129882, "fraction_gradients_clipped": 1.0}
{
  "seed": 1701,
  "best_validation_rmse": 1.001611351966858,
  "restored_fit_rmse": 0.8892135620117188,
  "restored_validation_rmse": 1.0016075372695923,
  "epochs_run": 3,
  "fit_observations": 791,
  "validation_observations": 273,
  "rule": "gated_residual",
  "generations": 125,
  "hidden_channels": 8,
  "device": "cuda",
  "gpu": "NVIDIA GeForce RTX 5070 Ti",
  "training_seconds": 9.422605699975975,
  "peak_gpu_memory_bytes": 158889984,
  "readout": "differentiable_closed_form_ridge",
  "hyperparameters": {
    "ca_lr": 0.001,
    "ridge": 1.0,
    "ca_l2": 1e-05,
    "gradient_clip": 1.0
  }
}
