{"operating_system": "macOS-26.2-arm64-arm-64bit", "machine": "arm64", "python": "3.10.19", "python_executable": "/opt/anaconda3/envs/kcc2/bin/python3.10", "pytorch": "2.8.0", "pytorch_cuda": null, "device": "cpu", "gpu": null}
{"epoch": 1, "train_rmse": 1.240588366709218, "validation_rmse": 0.9789125919342041, "mean_raw_gradient_norm": 16.96396441757679, "fraction_gradients_clipped": 1.0}
{"epoch": 2, "train_rmse": 1.2127349798249962, "validation_rmse": 0.9760680794715881, "mean_raw_gradient_norm": 14.162711650133133, "fraction_gradients_clipped": 1.0}
{"epoch": 3, "train_rmse": 1.284414629664475, "validation_rmse": 0.9737116098403931, "mean_raw_gradient_norm": 34.88783436268568, "fraction_gradients_clipped": 1.0}
{"epoch": 4, "train_rmse": 1.2315043223004365, "validation_rmse": 0.9733481407165527, "mean_raw_gradient_norm": 14.593379750847816, "fraction_gradients_clipped": 1.0}
{"epoch": 5, "train_rmse": 1.2629187736339929, "validation_rmse": 0.9727568030357361, "mean_raw_gradient_norm": 16.02815603464842, "fraction_gradients_clipped": 1.0}
{
  "seed": 1701,
  "best_validation_rmse": 0.9737116098403931,
  "restored_fit_rmse": 0.9174141883850098,
  "restored_validation_rmse": 0.9737116098403931,
  "epochs_run": 5,
  "fit_observations": 2643,
  "validation_observations": 670,
  "rule": "kuramoto_sakaguchi",
  "generations": 32,
  "hidden_channels": 4,
  "device": "cpu",
  "gpu": null,
  "training_seconds": 17.624242833000608,
  "peak_gpu_memory_bytes": 0,
  "runtime": {
    "operating_system": "macOS-26.2-arm64-arm-64bit",
    "machine": "arm64",
    "python": "3.10.19",
    "python_executable": "/opt/anaconda3/envs/kcc2/bin/python3.10",
    "pytorch": "2.8.0",
    "pytorch_cuda": null,
    "device": "cpu",
    "gpu": null
  },
  "readout": "differentiable_closed_form_ridge",
  "hyperparameters": {
    "ca_lr": 0.0003,
    "ridge": 0.01,
    "ca_l2": 1e-05,
    "gradient_clip": 2.0,
    "update_scale": 0.08,
    "init_scale": 1.5,
    "initial_noise": 0.0,
    "support_fraction": 0.6,
    "bond_temperature": 0.5,
    "dyn_a": 0.2,
    "dyn_b": 0.8,
    "dyn_c": 0.2,
    "dyn_d": 0.15,
    "lr_schedule": "cosine_0.1x"
  }
}
