{"operating_system": "Windows-10-10.0.26200-SP0", "machine": "AMD64", "python": "3.11.16", "python_executable": "C:\\Users\\Anthony\\anaconda3\\envs\\strange-matter-gpu\\python.exe", "pytorch": "2.11.0+cu128", "pytorch_cuda": "12.8", "device": "cuda", "gpu": "NVIDIA GeForce RTX 5070 Ti"}
{"epoch": 1, "train_rmse": 1.336096682545575, "validation_rmse": 0.8535788655281067, "validation_ma_st_rae": 0.9471670941978153, "validation_CYP1A2_st_rae": 1.0133110151640006, "validation_CYP2C9_st_rae": 0.784285278669861, "validation_CYP2D6_st_rae": 1.1200987396829043, "validation_CYP3A4_st_rae": 0.8709733432744953, "mean_raw_gradient_norm": 11.175359106063842, "fraction_gradients_clipped": 1.0}
{"epoch": 2, "train_rmse": 1.175008009006799, "validation_rmse": 0.8496412038803101, "validation_ma_st_rae": 0.9506693287487294, "validation_CYP1A2_st_rae": 1.0006140497711467, "validation_CYP2C9_st_rae": 0.8237904160374055, "validation_CYP2D6_st_rae": 1.1166567668055214, "validation_CYP3A4_st_rae": 0.8616160823808445, "mean_raw_gradient_norm": 6.965347242355347, "fraction_gradients_clipped": 1.0}
{"epoch": 3, "train_rmse": 1.2708247722594324, "validation_rmse": 0.8482070565223694, "validation_ma_st_rae": 0.9531000004728487, "validation_CYP1A2_st_rae": 0.9940107428195943, "validation_CYP2C9_st_rae": 0.8361616823193262, "validation_CYP2D6_st_rae": 1.1214141812789313, "validation_CYP3A4_st_rae": 0.8608133954735431, "mean_raw_gradient_norm": 7.298079705238342, "fraction_gradients_clipped": 1.0}
{
  "seed": 1701,
  "selection_metric": "validation_ma_st_rae",
  "best_validation_ma_st_rae": 0.9471670941978153,
  "best_validation_rmse": 0.8535788655281067,
  "restored_fit_rmse": 0.9012877941131592,
  "restored_validation_rmse": 0.853580117225647,
  "restored_fit_ma_st_rae": 0.832012295897912,
  "restored_validation_ma_st_rae": 0.9629284571051724,
  "restored_validation_point_ma_st_rae": 0.9471723122224078,
  "restored_validation_point_st_rae_by_cyp": {
    "CYP1A2": 1.0133132727803214,
    "CYP2C9": 0.7842873099975362,
    "CYP2D6": 1.120107458755373,
    "CYP3A4": 0.8709812073564007
  },
  "restored_fit_st_rae_by_cyp": {
    "CYP1A2": 0.8446026305644662,
    "CYP2C9": 0.7458561623300622,
    "CYP2D6": 0.99619579440348,
    "CYP3A4": 0.7413945962936394
  },
  "restored_validation_st_rae_by_cyp": {
    "CYP1A2": 1.0189862515226653,
    "CYP2C9": 0.8129066268918855,
    "CYP2D6": 1.1351972735040425,
    "CYP3A4": 0.8846236765020964
  },
  "validation_bootstrap_metrics": {
    "n_bootstrap_samples": 1000,
    "seed": 0,
    "macro": {
      "st_rae": {
        "mean": 0.9629284571051724,
        "ci_low": 0.8344280244924847,
        "ci_high": 1.0901319133594145
      },
      "mae": {
        "mean": 0.6464370085834764,
        "ci_low": 0.5846986389646593,
        "ci_high": 0.71329198865066
      },
      "r2": {
        "mean": 0.06702228184301821,
        "ci_low": -0.05850256551388799,
        "ci_high": 0.17356333700179508
      },
      "spearman_rho": {
        "mean": 0.4008854864216254,
        "ci_low": 0.2961076833856258,
        "ci_high": 0.5063246554477334
      },
      "kendall_tau": {
        "mean": 0.28364567105084415,
        "ci_low": 0.20689651464594572,
        "ci_high": 0.36324710896873097
      }
    },
    "per_endpoint": {
      "CYP1A2": {
        "st_rae": {
          "mean": 1.0189862515226653,
          "ci_low": 0.7546435349038648,
          "ci_high": 1.3370729399124668
        },
        "mae": {
          "mean": 0.6695207229598624,
          "ci_low": 0.5107431055092421,
          "ci_high": 0.8448565980450051
        },
        "r2": {
          "mean": 0.10300925629941511,
          "ci_low": -0.164898468094566,
          "ci_high": 0.2964068671663288
        },
        "spearman_rho": {
          "mean": 0.43652537735208113,
          "ci_low": 0.21697066343822938,
          "ci_high": 0.6362157845533059
        },
        "kendall_tau": {
          "mean": 0.3045615485963541,
          "ci_low": 0.14503687254156142,
          "ci_high": 0.4612208578807796
        }
      },
      "CYP2C9": {
        "st_rae": {
          "mean": 0.8129066268918855,
          "ci_low": 0.5872235789517801,
          "ci_high": 1.0924167588843776
        },
        "mae": {
          "mean": 0.5328748147527376,
          "ci_low": 0.4287201484044393,
          "ci_high": 0.6402645806471506
        },
        "r2": {
          "mean": 0.09573574189696132,
          "ci_low": -0.14744601839463858,
          "ci_high": 0.3054332236987292
        },
        "spearman_rho": {
          "mean": 0.4909737721109559,
          "ci_low": 0.2594521784067308,
          "ci_high": 0.6888167622661353
        },
        "kendall_tau": {
          "mean": 0.3616415364800898,
          "ci_low": 0.18593570608495982,
          "ci_high": 0.5246856912216822
        }
      },
      "CYP2D6": {
        "st_rae": {
          "mean": 1.1351972735040425,
          "ci_low": 0.933850207137447,
          "ci_high": 1.3655850098269289
        },
        "mae": {
          "mean": 0.6213255650887122,
          "ci_low": 0.48830561582858745,
          "ci_high": 0.7696893771795126
        },
        "r2": {
          "mean": -0.15272651043332758,
          "ci_low": -0.47006934258066974,
          "ci_high": 0.08131787847363148
        },
        "spearman_rho": {
          "mean": 0.20710090558529595,
          "ci_low": -0.04831599469163321,
          "ci_high": 0.45087020236063363
        },
        "kendall_tau": {
          "mean": 0.1382121397982076,
          "ci_low": -0.03679379564885615,
          "ci_high": 0.3119193077237176
        }
      },
      "CYP3A4": {
        "st_rae": {
          "mean": 0.8846236765020964,
          "ci_low": 0.6902179841172413,
          "ci_high": 1.1250291020990986
        },
        "mae": {
          "mean": 0.7620269315325936,
          "ci_low": 0.6642715478359267,
          "ci_high": 0.8710796799077544
        },
        "r2": {
          "mean": 0.22207063960902407,
          "ci_low": 0.04291189950786559,
          "ci_high": 0.369332409544793
        },
        "spearman_rho": {
          "mean": 0.4689418906381686,
          "ci_low": 0.2793971555463954,
          "ci_high": 0.6287439574001793
        },
        "kendall_tau": {
          "mean": 0.33016745932872515,
          "ci_low": 0.20098007334929566,
          "ci_high": 0.4551035528633454
        }
      }
    }
  },
  "epochs_run": 3,
  "fit_observations": 806,
  "validation_observations": 272,
  "rule": "gated_residual",
  "generations": 32,
  "hidden_channels": 16,
  "atom_feature_profile": "electronic",
  "atom_feature_count": 33,
  "atom_feature_names": [
    "element_H",
    "element_C",
    "element_N",
    "element_O",
    "element_F",
    "element_P",
    "element_S",
    "element_Cl",
    "element_Br",
    "element_I",
    "element_other",
    "formal_charge",
    "aromatic",
    "hybrid_sp",
    "hybrid_sp2",
    "hybrid_sp3",
    "hybrid_other",
    "degree",
    "total_hydrogens",
    "in_ring",
    "hbond_donor",
    "hbond_acceptor",
    "chiral_cw",
    "chiral_ccw",
    "chiral_other",
    "electronegativity",
    "polarizability",
    "heteroatom",
    "halogen",
    "conjugated_bond_fraction",
    "first_ionization_energy",
    "electron_affinity",
    "electronic_property_missing"
  ],
  "device": "cuda",
  "gpu": "NVIDIA GeForce RTX 5070 Ti",
  "training_seconds": 3.874786000000313,
  "peak_gpu_memory_bytes": 120238592,
  "runtime": {
    "operating_system": "Windows-10-10.0.26200-SP0",
    "machine": "AMD64",
    "python": "3.11.16",
    "python_executable": "C:\\Users\\Anthony\\anaconda3\\envs\\strange-matter-gpu\\python.exe",
    "pytorch": "2.11.0+cu128",
    "pytorch_cuda": "12.8",
    "device": "cuda",
    "gpu": "NVIDIA GeForce RTX 5070 Ti"
  },
  "validation_protocol": {
    "kind": "scaffold_cross_validation",
    "fold": 0,
    "folds": 5
  },
  "readout": "differentiable_closed_form_ridge",
  "prediction_mode": "direct",
  "residual_alpha": null,
  "trajectory_pooling": "legacy",
  "ridge_mode": "shared",
  "loss_mode": "hybrid_interval",
  "interval_loss_beta": 0.25,
  "interval_temperature": 0.1,
  "hyperparameters": {
    "ca_lr": 0.003,
    "ridge": 1.0,
    "ca_l2": 0.0001,
    "gradient_clip": 2.0,
    "update_scale": 0.08,
    "init_scale": 1.5,
    "initial_noise": 0.005,
    "support_fraction": 0.75,
    "bond_temperature": 0.5,
    "dyn_a": 0.2,
    "dyn_b": 0.5,
    "dyn_c": 0.5,
    "dyn_d": 0.15,
    "lr_schedule": "cosine_0.1x"
  }
}
