{"operating_system": "Windows-10-10.0.26200-SP0", "machine": "AMD64", "python": "3.11.16", "python_executable": "C:\\Users\\Anthony\\anaconda3\\envs\\strange-matter-gpu\\python.exe", "pytorch": "2.11.0+cu128", "pytorch_cuda": "12.8", "device": "cuda", "gpu": "NVIDIA GeForce RTX 5070 Ti"}
{"epoch": 1, "train_rmse": 0.997452709132357, "validation_rmse": 0.8810128569602966, "validation_ma_st_rae": 0.9627654647055841, "validation_CYP1A2_st_rae": 0.9139921037192787, "validation_CYP2C9_st_rae": 1.0049737874458824, "validation_CYP2D6_st_rae": 1.0019376505617648, "validation_CYP3A4_st_rae": 0.9301583170954105, "mean_raw_gradient_norm": 4.116996788978577, "fraction_gradients_clipped": 1.0}
{"epoch": 2, "train_rmse": 1.08536730253011, "validation_rmse": 0.8799072504043579, "validation_ma_st_rae": 0.9609247080340824, "validation_CYP1A2_st_rae": 0.9100098847326267, "validation_CYP2C9_st_rae": 1.00677699130109, "validation_CYP2D6_st_rae": 0.9967236267918532, "validation_CYP3A4_st_rae": 0.9301883293107592, "mean_raw_gradient_norm": 2.3757746696472166, "fraction_gradients_clipped": 1.0}
{"epoch": 3, "train_rmse": 1.0982352253670984, "validation_rmse": 0.8795652985572815, "validation_ma_st_rae": 0.9599546495580756, "validation_CYP1A2_st_rae": 0.9087310715133241, "validation_CYP2C9_st_rae": 1.0055240483638646, "validation_CYP2D6_st_rae": 0.995345202265271, "validation_CYP3A4_st_rae": 0.9302182760898429, "mean_raw_gradient_norm": 3.4544664859771728, "fraction_gradients_clipped": 1.0}
{
  "seed": 1701,
  "selection_metric": "validation_ma_st_rae",
  "best_validation_ma_st_rae": 0.9627654647055841,
  "best_validation_rmse": 0.8810128569602966,
  "restored_fit_rmse": 0.9869575500488281,
  "restored_validation_rmse": 0.8810118436813354,
  "restored_fit_ma_st_rae": 0.9477286018006424,
  "restored_validation_ma_st_rae": 0.9754696469067111,
  "restored_validation_point_ma_st_rae": 0.9627630342883954,
  "restored_validation_point_st_rae_by_cyp": {
    "CYP1A2": 0.9139977929124076,
    "CYP2C9": 1.0049650184045804,
    "CYP2D6": 1.0019315859215063,
    "CYP3A4": 0.9301577399150872
  },
  "restored_fit_st_rae_by_cyp": {
    "CYP1A2": 0.9237723899678456,
    "CYP2C9": 0.9170653683366672,
    "CYP2D6": 0.9909545841745456,
    "CYP3A4": 0.9591220647235111
  },
  "restored_validation_st_rae_by_cyp": {
    "CYP1A2": 0.909840595428268,
    "CYP2C9": 1.0330067884896648,
    "CYP2D6": 1.0140695590076132,
    "CYP3A4": 0.9449616447012984
  },
  "validation_bootstrap_metrics": {
    "n_bootstrap_samples": 1000,
    "seed": 0,
    "macro": {
      "st_rae": {
        "mean": 0.9754696469067111,
        "ci_low": 0.8946438159800347,
        "ci_high": 1.0597057685254114
      },
      "mae": {
        "mean": 0.6548629213253145,
        "ci_low": 0.5902729885022683,
        "ci_high": 0.721121523455384
      },
      "r2": {
        "mean": 0.031537163809336244,
        "ci_low": -0.046856647928225706,
        "ci_high": 0.10475671300994624
      },
      "spearman_rho": {
        "mean": 0.279135848167032,
        "ci_low": 0.17082480557272503,
        "ci_high": 0.38783605952345346
      },
      "kendall_tau": {
        "mean": 0.19621263375539688,
        "ci_low": 0.12103859419946356,
        "ci_high": 0.2757390199623842
      }
    },
    "per_endpoint": {
      "CYP1A2": {
        "st_rae": {
          "mean": 0.909840595428268,
          "ci_low": 0.7432127450778413,
          "ci_high": 1.0877073170988836
        },
        "mae": {
          "mean": 0.643193673008778,
          "ci_low": 0.4875454616351206,
          "ci_high": 0.815367248214659
        },
        "r2": {
          "mean": 0.16946138414900358,
          "ci_low": 0.033859830331477624,
          "ci_high": 0.2914325303705661
        },
        "spearman_rho": {
          "mean": 0.5537268969797032,
          "ci_low": 0.3437020546890397,
          "ci_high": 0.7265306419654063
        },
        "kendall_tau": {
          "mean": 0.4054521789133568,
          "ci_low": 0.24124630812046738,
          "ci_high": 0.5532382931625239
        }
      },
      "CYP2C9": {
        "st_rae": {
          "mean": 1.0330067884896648,
          "ci_low": 0.811513672253433,
          "ci_high": 1.305625857851909
        },
        "mae": {
          "mean": 0.5776370052655538,
          "ci_low": 0.4560140080253283,
          "ci_high": 0.7050251378615697
        },
        "r2": {
          "mean": -0.09805230336754218,
          "ci_low": -0.366859152944003,
          "ci_high": 0.11945247963735171
        },
        "spearman_rho": {
          "mean": 0.2395716450483477,
          "ci_low": -0.016387177360865708,
          "ci_high": 0.4620147896434043
        },
        "kendall_tau": {
          "mean": 0.16367063359655123,
          "ci_low": -0.012715466610390178,
          "ci_high": 0.32342477159448524
        }
      },
      "CYP2D6": {
        "st_rae": {
          "mean": 1.0140695590076132,
          "ci_low": 0.9245230785193507,
          "ci_high": 1.12363455692042
        },
        "mae": {
          "mean": 0.5740081802221446,
          "ci_low": 0.4557355349797469,
          "ci_high": 0.7046617892155279
        },
        "r2": {
          "mean": 0.0041382762892680685,
          "ci_low": -0.11560711459198268,
          "ci_high": 0.08822444339646916
        },
        "spearman_rho": {
          "mean": 0.08314573110640272,
          "ci_low": -0.16433098326642276,
          "ci_high": 0.31598940343638654
        },
        "kendall_tau": {
          "mean": 0.05415437639255003,
          "ci_low": -0.11825683171067959,
          "ci_high": 0.2071211483800038
        }
      },
      "CYP3A4": {
        "st_rae": {
          "mean": 0.9449616447012984,
          "ci_low": 0.8398689904426537,
          "ci_high": 1.0954321137489962
        },
        "mae": {
          "mean": 0.8246128268047821,
          "ci_low": 0.7034860055807025,
          "ci_high": 0.9525534731011058
        },
        "r2": {
          "mean": 0.050601298166615495,
          "ci_low": -0.050684139651337896,
          "ci_high": 0.14450567914389223
        },
        "spearman_rho": {
          "mean": 0.24009911953367438,
          "ci_low": 0.033183399630452345,
          "ci_high": 0.42212124050185107
        },
        "kendall_tau": {
          "mean": 0.1615733461191295,
          "ci_low": 0.0212397452091038,
          "ci_high": 0.2909029286699715
        }
      }
    }
  },
  "epochs_run": 3,
  "fit_observations": 806,
  "validation_observations": 272,
  "rule": "gated_residual",
  "generations": 250,
  "hidden_channels": 4,
  "atom_feature_profile": "valence",
  "atom_feature_count": 30,
  "atom_feature_names": [
    "element_H",
    "element_C",
    "element_N",
    "element_O",
    "element_F",
    "element_P",
    "element_S",
    "element_Cl",
    "element_Br",
    "element_I",
    "element_other",
    "formal_charge",
    "aromatic",
    "hybrid_sp",
    "hybrid_sp2",
    "hybrid_sp3",
    "hybrid_other",
    "degree",
    "total_hydrogens",
    "in_ring",
    "hbond_donor",
    "hbond_acceptor",
    "chiral_cw",
    "chiral_ccw",
    "chiral_other",
    "total_valence",
    "implicit_valence",
    "heavy_atom_degree",
    "radical_electrons",
    "absolute_formal_charge"
  ],
  "device": "cuda",
  "gpu": "NVIDIA GeForce RTX 5070 Ti",
  "training_seconds": 13.238591899862513,
  "peak_gpu_memory_bytes": 508540416,
  "runtime": {
    "operating_system": "Windows-10-10.0.26200-SP0",
    "machine": "AMD64",
    "python": "3.11.16",
    "python_executable": "C:\\Users\\Anthony\\anaconda3\\envs\\strange-matter-gpu\\python.exe",
    "pytorch": "2.11.0+cu128",
    "pytorch_cuda": "12.8",
    "device": "cuda",
    "gpu": "NVIDIA GeForce RTX 5070 Ti"
  },
  "validation_protocol": {
    "kind": "scaffold_cross_validation",
    "fold": 0,
    "folds": 5
  },
  "readout": "differentiable_closed_form_ridge",
  "prediction_mode": "direct",
  "residual_alpha": null,
  "trajectory_pooling": "legacy",
  "ridge_mode": "shared",
  "loss_mode": "hybrid_interval",
  "interval_loss_beta": 0.5,
  "interval_temperature": 0.02,
  "hyperparameters": {
    "ca_lr": 0.001,
    "ridge": 0.1,
    "ca_l2": 0.0001,
    "gradient_clip": 0.5,
    "update_scale": 0.08,
    "init_scale": 1.0,
    "initial_noise": 0.005,
    "support_fraction": 0.85,
    "bond_temperature": 2.0,
    "dyn_a": 0.8,
    "dyn_b": 0.2,
    "dyn_c": 0.8,
    "dyn_d": 0.3,
    "lr_schedule": "cosine_0.1x"
  }
}
