{"device": "cuda", "gpu": "NVIDIA GeForce RTX 5070 Ti", "pytorch": "2.11.0+cu128", "pytorch_cuda": "12.8"}
{"epoch": 1, "train_rmse": 1.0461815133104153, "validation_rmse": 1.0316731929779053, "mean_raw_gradient_norm": 15.121974802017212, "fraction_gradients_clipped": 1.0}
{"epoch": 2, "train_rmse": 1.1402265798701514, "validation_rmse": 1.026317834854126, "mean_raw_gradient_norm": 7.9257239818573, "fraction_gradients_clipped": 1.0}
{"epoch": 3, "train_rmse": 1.0780394168673284, "validation_rmse": 1.0211378335952759, "mean_raw_gradient_norm": 7.692305254936218, "fraction_gradients_clipped": 1.0}
{
  "seed": 1701,
  "best_validation_rmse": 1.0211378335952759,
  "restored_fit_rmse": 0.9232499599456787,
  "restored_validation_rmse": 1.0211403369903564,
  "epochs_run": 3,
  "fit_observations": 791,
  "validation_observations": 273,
  "rule": "damped_symplectic",
  "generations": 250,
  "hidden_channels": 4,
  "device": "cuda",
  "gpu": "NVIDIA GeForce RTX 5070 Ti",
  "training_seconds": 22.251908299978822,
  "peak_gpu_memory_bytes": 166623232,
  "readout": "differentiable_closed_form_ridge",
  "hyperparameters": {
    "ca_lr": 0.003,
    "ridge": 0.1,
    "ca_l2": 1e-06,
    "gradient_clip": 2.0,
    "update_scale": 0.08,
    "init_scale": 1.0,
    "initial_noise": 0.0,
    "support_fraction": 0.75,
    "bond_temperature": 0.5,
    "dyn_a": 0.8,
    "dyn_b": 0.5,
    "dyn_c": 0.2,
    "dyn_d": 0.05,
    "lr_schedule": "cosine_0.1x"
  }
}
