{"operating_system": "Windows-10-10.0.26200-SP0", "machine": "AMD64", "python": "3.11.16", "python_executable": "C:\\Users\\Anthony\\anaconda3\\envs\\strange-matter-gpu\\python.exe", "pytorch": "2.11.0+cu128", "pytorch_cuda": "12.8", "device": "cuda", "gpu": "NVIDIA GeForce RTX 5070 Ti"}
{"epoch": 1, "train_rmse": 1.3942250489944772, "validation_rmse": 0.8780227303504944, "validation_ma_st_rae": 0.9585215768913753, "validation_CYP1A2_st_rae": 0.9560112225087575, "validation_CYP2C9_st_rae": 0.9960936463179614, "validation_CYP2D6_st_rae": 0.9830694528900837, "validation_CYP3A4_st_rae": 0.8989119858486988, "mean_raw_gradient_norm": 19.180986738204957, "fraction_gradients_clipped": 1.0}
{"epoch": 2, "train_rmse": 1.2410509856212706, "validation_rmse": 0.886721670627594, "validation_ma_st_rae": 0.9912564953271557, "validation_CYP1A2_st_rae": 0.9504824551674762, "validation_CYP2C9_st_rae": 1.0090229970320952, "validation_CYP2D6_st_rae": 1.0912612271662017, "validation_CYP3A4_st_rae": 0.9142593019428497, "mean_raw_gradient_norm": 11.14675235748291, "fraction_gradients_clipped": 1.0}
{"epoch": 3, "train_rmse": 1.271306294730529, "validation_rmse": 0.8874165415763855, "validation_ma_st_rae": 0.9925078111313845, "validation_CYP1A2_st_rae": 0.9700861576577559, "validation_CYP2C9_st_rae": 0.956595984311335, "validation_CYP2D6_st_rae": 1.1458363061934096, "validation_CYP3A4_st_rae": 0.8975127963630377, "mean_raw_gradient_norm": 12.872073650360107, "fraction_gradients_clipped": 1.0}
{
  "seed": 1701,
  "selection_metric": "validation_ma_st_rae",
  "best_validation_ma_st_rae": 0.9585215768913753,
  "best_validation_rmse": 0.8780227303504944,
  "restored_fit_rmse": 0.9640194773674011,
  "restored_validation_rmse": 0.8780211806297302,
  "restored_fit_ma_st_rae": 0.9173127827557858,
  "restored_validation_ma_st_rae": 0.9709548143534005,
  "restored_validation_point_ma_st_rae": 0.9585180321889643,
  "restored_validation_point_st_rae_by_cyp": {
    "CYP1A2": 0.955990398255813,
    "CYP2C9": 0.9960316765187439,
    "CYP2D6": 0.9831660447288504,
    "CYP3A4": 0.8988840092524496
  },
  "restored_fit_st_rae_by_cyp": {
    "CYP1A2": 0.8708075445285142,
    "CYP2C9": 0.934751654686751,
    "CYP2D6": 0.9404389880279,
    "CYP3A4": 0.9232529437799776
  },
  "restored_validation_st_rae_by_cyp": {
    "CYP1A2": 0.9538886048048989,
    "CYP2C9": 1.0206498587231352,
    "CYP2D6": 0.9964125981316647,
    "CYP3A4": 0.9128681957539031
  },
  "validation_bootstrap_metrics": {
    "n_bootstrap_samples": 1000,
    "seed": 0,
    "macro": {
      "st_rae": {
        "mean": 0.9709548143534005,
        "ci_low": 0.8802459133412723,
        "ci_high": 1.06159997682675
      },
      "mae": {
        "mean": 0.6469024461660305,
        "ci_low": 0.5807085839162744,
        "ci_high": 0.7157712808986314
      },
      "r2": {
        "mean": 0.019073542826915407,
        "ci_low": -0.07180515399465744,
        "ci_high": 0.10597975439351691
      },
      "spearman_rho": {
        "mean": 0.2947329431525168,
        "ci_low": 0.180512310390767,
        "ci_high": 0.4078755025932181
      },
      "kendall_tau": {
        "mean": 0.20282173020754488,
        "ci_low": 0.12304530877014727,
        "ci_high": 0.2817581230373811
      }
    },
    "per_endpoint": {
      "CYP1A2": {
        "st_rae": {
          "mean": 0.9538886048048989,
          "ci_low": 0.7688577605313422,
          "ci_high": 1.144548976252803
        },
        "mae": {
          "mean": 0.6606788155837137,
          "ci_low": 0.49711849757882415,
          "ci_high": 0.843395364773078
        },
        "r2": {
          "mean": 0.0905524983085725,
          "ci_low": -0.05905163155140663,
          "ci_high": 0.2281684445281662
        },
        "spearman_rho": {
          "mean": 0.41758214216469103,
          "ci_low": 0.20700996373379058,
          "ci_high": 0.6080579910045373
        },
        "kendall_tau": {
          "mean": 0.29834091198131485,
          "ci_low": 0.15702878734205644,
          "ci_high": 0.4451242010633405
        }
      },
      "CYP2C9": {
        "st_rae": {
          "mean": 1.0206498587231352,
          "ci_low": 0.8032051387418531,
          "ci_high": 1.2926796804453151
        },
        "mae": {
          "mean": 0.5647824169039727,
          "ci_low": 0.43717799137036006,
          "ci_high": 0.6994704263408978
        },
        "r2": {
          "mean": -0.13634775018763798,
          "ci_low": -0.453624178238836,
          "ci_high": 0.1475729706363788
        },
        "spearman_rho": {
          "mean": 0.16878879623440413,
          "ci_low": -0.1001651477968377,
          "ci_high": 0.42243308636629184
        },
        "kendall_tau": {
          "mean": 0.11589431588424098,
          "ci_low": -0.06980397637337757,
          "ci_high": 0.29931338716961714
        }
      },
      "CYP2D6": {
        "st_rae": {
          "mean": 0.9964125981316647,
          "ci_low": 0.8569313131065895,
          "ci_high": 1.1481232346223527
        },
        "mae": {
          "mean": 0.5691897367404058,
          "ci_low": 0.44530810933846693,
          "ci_high": 0.7056502080880679
        },
        "r2": {
          "mean": -0.0253388749852684,
          "ci_low": -0.15782927246185355,
          "ci_high": 0.097769941795527
        },
        "spearman_rho": {
          "mean": 0.2328324211366446,
          "ci_low": -0.005207473128188157,
          "ci_high": 0.45550760968275933
        },
        "kendall_tau": {
          "mean": 0.1519899159184057,
          "ci_low": -0.0024455765567138296,
          "ci_high": 0.3051066656331683
        }
      },
      "CYP3A4": {
        "st_rae": {
          "mean": 0.9128681957539031,
          "ci_low": 0.7815425236834845,
          "ci_high": 1.0986535541059752
        },
        "mae": {
          "mean": 0.7929588154360306,
          "ci_low": 0.6872020973022593,
          "ci_high": 0.9102315150721129
        },
        "r2": {
          "mean": 0.1474282981719955,
          "ci_low": 0.027315423717571178,
          "ci_high": 0.24650639596508767
        },
        "spearman_rho": {
          "mean": 0.35972841307432735,
          "ci_low": 0.16890059410099337,
          "ci_high": 0.5364385100438
        },
        "kendall_tau": {
          "mean": 0.245061777046218,
          "ci_low": 0.11354744222309353,
          "ci_high": 0.3737584861054535
        }
      }
    }
  },
  "epochs_run": 3,
  "fit_observations": 806,
  "validation_observations": 272,
  "rule": "coupled_map",
  "generations": 500,
  "hidden_channels": 8,
  "atom_feature_profile": "comprehensive",
  "atom_feature_count": 57,
  "atom_feature_names": [
    "element_H",
    "element_C",
    "element_N",
    "element_O",
    "element_F",
    "element_P",
    "element_S",
    "element_Cl",
    "element_Br",
    "element_I",
    "element_other",
    "formal_charge",
    "aromatic",
    "hybrid_sp",
    "hybrid_sp2",
    "hybrid_sp3",
    "hybrid_other",
    "degree",
    "total_hydrogens",
    "in_ring",
    "hbond_donor",
    "hbond_acceptor",
    "chiral_cw",
    "chiral_ccw",
    "chiral_other",
    "atomic_number",
    "atomic_mass",
    "covalent_radius",
    "vdw_radius",
    "outer_electrons",
    "period",
    "periodic_group",
    "atomic_volume",
    "total_valence",
    "implicit_valence",
    "heavy_atom_degree",
    "radical_electrons",
    "absolute_formal_charge",
    "electronegativity",
    "polarizability",
    "heteroatom",
    "halogen",
    "conjugated_bond_fraction",
    "first_ionization_energy",
    "electron_affinity",
    "electronic_property_missing",
    "ring_count",
    "ring_size_3",
    "ring_size_4",
    "ring_size_5",
    "ring_size_6",
    "ring_size_7",
    "ring_size_8_plus",
    "mean_neighbour_electronegativity",
    "electronegativity_difference",
    "mean_neighbour_atomic_number",
    "neighbour_formal_charge"
  ],
  "device": "cuda",
  "gpu": "NVIDIA GeForce RTX 5070 Ti",
  "training_seconds": 49.28341979999095,
  "peak_gpu_memory_bytes": 796727296,
  "runtime": {
    "operating_system": "Windows-10-10.0.26200-SP0",
    "machine": "AMD64",
    "python": "3.11.16",
    "python_executable": "C:\\Users\\Anthony\\anaconda3\\envs\\strange-matter-gpu\\python.exe",
    "pytorch": "2.11.0+cu128",
    "pytorch_cuda": "12.8",
    "device": "cuda",
    "gpu": "NVIDIA GeForce RTX 5070 Ti"
  },
  "validation_protocol": {
    "kind": "scaffold_cross_validation",
    "fold": 0,
    "folds": 5
  },
  "readout": "differentiable_closed_form_ridge",
  "hyperparameters": {
    "ca_lr": 0.003,
    "ridge": 0.1,
    "ca_l2": 1e-06,
    "gradient_clip": 1.0,
    "update_scale": 0.25,
    "init_scale": 0.5,
    "initial_noise": 0.005,
    "support_fraction": 0.6,
    "bond_temperature": 1.0,
    "dyn_a": 0.8,
    "dyn_b": 0.8,
    "dyn_c": 0.8,
    "dyn_d": 0.3,
    "lr_schedule": "cosine_0.1x"
  }
}
