{"device": "cuda", "gpu": "NVIDIA GeForce RTX 5070 Ti", "pytorch": "2.11.0+cu128", "pytorch_cuda": "12.8"}
{"epoch": 1, "train_rmse": 2.3386950853993715, "validation_rmse": 0.924994945526123, "mean_raw_gradient_norm": 165.1724648854089, "fraction_gradients_clipped": 1.0}
{"epoch": 2, "train_rmse": 2.3158464503922715, "validation_rmse": 0.9106380343437195, "mean_raw_gradient_norm": 129.7215101453993, "fraction_gradients_clipped": 1.0}
{"epoch": 3, "train_rmse": 3.018037835603215, "validation_rmse": 0.9189035296440125, "mean_raw_gradient_norm": 349.7185125199575, "fraction_gradients_clipped": 1.0}
{"epoch": 4, "train_rmse": 2.991068339276123, "validation_rmse": 0.9168546199798584, "mean_raw_gradient_norm": 277.701928471762, "fraction_gradients_clipped": 1.0}
{"epoch": 5, "train_rmse": 2.0136620795136713, "validation_rmse": 0.9094077348709106, "mean_raw_gradient_norm": 85.0057206229558, "fraction_gradients_clipped": 1.0}
{
  "seed": 1701,
  "best_validation_rmse": 0.9106380343437195,
  "restored_fit_rmse": 0.858285129070282,
  "restored_validation_rmse": 0.9106664657592773,
  "epochs_run": 5,
  "fit_observations": 2643,
  "validation_observations": 670,
  "rule": "gated_residual",
  "generations": 500,
  "hidden_channels": 16,
  "device": "cuda",
  "gpu": "NVIDIA GeForce RTX 5070 Ti",
  "training_seconds": 273.80880549992435,
  "peak_gpu_memory_bytes": 591703040,
  "readout": "differentiable_closed_form_ridge",
  "hyperparameters": {
    "ca_lr": 0.003,
    "ridge": 0.01,
    "ca_l2": 1e-05,
    "gradient_clip": 1.0
  }
}
