{"operating_system": "Windows-10-10.0.26200-SP0", "machine": "AMD64", "python": "3.11.16", "python_executable": "C:\\Users\\Anthony\\anaconda3\\envs\\strange-matter-gpu\\python.exe", "pytorch": "2.11.0+cu128", "pytorch_cuda": "12.8", "device": "cuda", "gpu": "NVIDIA GeForce RTX 5070 Ti"}
{"epoch": 1, "train_rmse": 1.0840246665797484, "validation_rmse": 0.9124393463134766, "validation_ma_st_rae": 1.0174632273536148, "validation_CYP1A2_st_rae": 1.2074328112669415, "validation_CYP2C9_st_rae": 0.8877352897707738, "validation_CYP2D6_st_rae": 1.0010964373356357, "validation_CYP3A4_st_rae": 0.9735883710411082, "mean_raw_gradient_norm": 4.061529564857483, "fraction_gradients_clipped": 0.8}
{"epoch": 2, "train_rmse": 1.0682735185487948, "validation_rmse": 0.9191185832023621, "validation_ma_st_rae": 1.0233795824917058, "validation_CYP1A2_st_rae": 1.2043151279788322, "validation_CYP2C9_st_rae": 0.8874996557604529, "validation_CYP2D6_st_rae": 1.0180549933837062, "validation_CYP3A4_st_rae": 0.9836485528438321, "mean_raw_gradient_norm": 7.750392651557922, "fraction_gradients_clipped": 0.8}
{"epoch": 3, "train_rmse": 1.1852351864765434, "validation_rmse": 0.9180969595909119, "validation_ma_st_rae": 1.0265222444988509, "validation_CYP1A2_st_rae": 1.2226506451607666, "validation_CYP2C9_st_rae": 0.9071445897012369, "validation_CYP2D6_st_rae": 1.0025657627151205, "validation_CYP3A4_st_rae": 0.9737279804182797, "mean_raw_gradient_norm": 8.661753129959106, "fraction_gradients_clipped": 0.8}
{
  "seed": 1701,
  "selection_metric": "validation_ma_st_rae",
  "best_validation_ma_st_rae": 1.0174632273536148,
  "best_validation_rmse": 0.9124393463134766,
  "restored_fit_rmse": 0.9913575649261475,
  "restored_validation_rmse": 0.9124394059181213,
  "restored_fit_ma_st_rae": 0.9532714973794247,
  "restored_validation_ma_st_rae": 1.0293047151668346,
  "restored_validation_point_ma_st_rae": 1.0174628811675048,
  "restored_validation_point_st_rae_by_cyp": {
    "CYP1A2": 1.2074324319873995,
    "CYP2C9": 0.8877328006791154,
    "CYP2D6": 1.0010995526067714,
    "CYP3A4": 0.9735867393967326
  },
  "restored_fit_st_rae_by_cyp": {
    "CYP1A2": 0.9108328247867685,
    "CYP2C9": 0.9488885013862769,
    "CYP2D6": 0.9968945805548888,
    "CYP3A4": 0.9564700827897648
  },
  "restored_validation_st_rae_by_cyp": {
    "CYP1A2": 1.2121494625576548,
    "CYP2C9": 0.9068390712985707,
    "CYP2D6": 1.0132734623895758,
    "CYP3A4": 0.9849568644215377
  },
  "validation_bootstrap_metrics": {
    "n_bootstrap_samples": 1000,
    "seed": 0,
    "macro": {
      "st_rae": {
        "mean": 1.0293047151668346,
        "ci_low": 0.9375072992846339,
        "ci_high": 1.1296566991619144
      },
      "mae": {
        "mean": 0.6836637288031929,
        "ci_low": 0.618684313263639,
        "ci_high": 0.7495358695690929
      },
      "r2": {
        "mean": -0.005487605447395961,
        "ci_low": -0.0975991006011725,
        "ci_high": 0.07160622501546404
      },
      "spearman_rho": {
        "mean": 0.18997653806663897,
        "ci_low": 0.07074990360792757,
        "ci_high": 0.29667876403231874
      },
      "kendall_tau": {
        "mean": 0.129024605958314,
        "ci_low": 0.05119683976020409,
        "ci_high": 0.20202457301469395
      }
    },
    "per_endpoint": {
      "CYP1A2": {
        "st_rae": {
          "mean": 1.2121494625576548,
          "ci_low": 0.9167830219792323,
          "ci_high": 1.566579659958088
        },
        "mae": {
          "mean": 0.779866732534815,
          "ci_low": 0.6249181427916543,
          "ci_high": 0.9604255903939731
        },
        "r2": {
          "mean": -0.06435408802060513,
          "ci_low": -0.36507143015378624,
          "ci_high": 0.14778506480634113
        },
        "spearman_rho": {
          "mean": 0.2631454948556199,
          "ci_low": -0.004516497339055634,
          "ci_high": 0.5104265887621258
        },
        "kendall_tau": {
          "mean": 0.16133095303812572,
          "ci_low": -0.03229742543789025,
          "ci_high": 0.3425977790735951
        }
      },
      "CYP2C9": {
        "st_rae": {
          "mean": 0.9068390712985707,
          "ci_low": 0.7271955094091371,
          "ci_high": 1.1023558180796396
        },
        "mae": {
          "mean": 0.5386004776040714,
          "ci_low": 0.4268233061830203,
          "ci_high": 0.6616939081748326
        },
        "r2": {
          "mean": 0.059348921851384864,
          "ci_low": -0.17295352502352934,
          "ci_high": 0.25467842039688465
        },
        "spearman_rho": {
          "mean": 0.2947054669880843,
          "ci_low": 0.06701305379820288,
          "ci_high": 0.5087413803623265
        },
        "kendall_tau": {
          "mean": 0.2136358769797152,
          "ci_low": 0.05780319156277088,
          "ci_high": 0.3667456289776894
        }
      },
      "CYP2D6": {
        "st_rae": {
          "mean": 1.0132734623895758,
          "ci_low": 0.9318467310111419,
          "ci_high": 1.1046054693377307
        },
        "mae": {
          "mean": 0.5695667310127845,
          "ci_low": 0.45156441752727217,
          "ci_high": 0.7062958103876847
        },
        "r2": {
          "mean": 0.0012601503836800925,
          "ci_low": -0.10241708972658907,
          "ci_high": 0.07187055174268266
        },
        "spearman_rho": {
          "mean": 0.12321434076042719,
          "ci_low": -0.11918528823816982,
          "ci_high": 0.3640136082961941
        },
        "kendall_tau": {
          "mean": 0.08979149068031674,
          "ci_low": -0.06969513243894049,
          "ci_high": 0.25382614931727676
        }
      },
      "CYP3A4": {
        "st_rae": {
          "mean": 0.9849568644215377,
          "ci_low": 0.8890336026711534,
          "ci_high": 1.1234318459537906
        },
        "mae": {
          "mean": 0.8466209740611009,
          "ci_low": 0.7219786099916281,
          "ci_high": 0.9783606581909712
        },
        "r2": {
          "mean": -0.01820540600404367,
          "ci_low": -0.10062923399418121,
          "ci_high": 0.055594033605073645
        },
        "spearman_rho": {
          "mean": 0.07884084966242438,
          "ci_low": -0.1423343313529038,
          "ci_high": 0.2905048998907687
        },
        "kendall_tau": {
          "mean": 0.05134010313509833,
          "ci_low": -0.09118730395199033,
          "ci_high": 0.19418706188311188
        }
      }
    }
  },
  "epochs_run": 3,
  "fit_observations": 806,
  "validation_observations": 272,
  "rule": "kuramoto_sakaguchi",
  "generations": 125,
  "hidden_channels": 4,
  "atom_feature_profile": "periodic_electronic",
  "atom_feature_count": 41,
  "atom_feature_names": [
    "element_H",
    "element_C",
    "element_N",
    "element_O",
    "element_F",
    "element_P",
    "element_S",
    "element_Cl",
    "element_Br",
    "element_I",
    "element_other",
    "formal_charge",
    "aromatic",
    "hybrid_sp",
    "hybrid_sp2",
    "hybrid_sp3",
    "hybrid_other",
    "degree",
    "total_hydrogens",
    "in_ring",
    "hbond_donor",
    "hbond_acceptor",
    "chiral_cw",
    "chiral_ccw",
    "chiral_other",
    "atomic_number",
    "atomic_mass",
    "covalent_radius",
    "vdw_radius",
    "outer_electrons",
    "period",
    "periodic_group",
    "atomic_volume",
    "electronegativity",
    "polarizability",
    "heteroatom",
    "halogen",
    "conjugated_bond_fraction",
    "first_ionization_energy",
    "electron_affinity",
    "electronic_property_missing"
  ],
  "device": "cuda",
  "gpu": "NVIDIA GeForce RTX 5070 Ti",
  "training_seconds": 9.668252700008452,
  "peak_gpu_memory_bytes": 232354816,
  "runtime": {
    "operating_system": "Windows-10-10.0.26200-SP0",
    "machine": "AMD64",
    "python": "3.11.16",
    "python_executable": "C:\\Users\\Anthony\\anaconda3\\envs\\strange-matter-gpu\\python.exe",
    "pytorch": "2.11.0+cu128",
    "pytorch_cuda": "12.8",
    "device": "cuda",
    "gpu": "NVIDIA GeForce RTX 5070 Ti"
  },
  "validation_protocol": {
    "kind": "scaffold_cross_validation",
    "fold": 0,
    "folds": 5
  },
  "readout": "differentiable_closed_form_ridge",
  "hyperparameters": {
    "ca_lr": 0.0003,
    "ridge": 0.1,
    "ca_l2": 1e-06,
    "gradient_clip": 2.0,
    "update_scale": 0.15,
    "init_scale": 1.0,
    "initial_noise": 0.0,
    "support_fraction": 0.75,
    "bond_temperature": 2.0,
    "dyn_a": 0.8,
    "dyn_b": 0.2,
    "dyn_c": 0.5,
    "dyn_d": 0.15,
    "lr_schedule": "cosine_0.1x"
  }
}
