{"operating_system": "Windows-10-10.0.26200-SP0", "machine": "AMD64", "python": "3.11.16", "python_executable": "C:\\Users\\Anthony\\anaconda3\\envs\\strange-matter-gpu\\python.exe", "pytorch": "2.11.0+cu128", "pytorch_cuda": "12.8", "device": "cuda", "gpu": "NVIDIA GeForce RTX 5070 Ti"}
{"epoch": 1, "train_rmse": 1.0646643371732174, "validation_rmse": 0.7963608503341675, "validation_ma_st_rae": 0.8509995704850397, "validation_CYP1A2_st_rae": 0.868309187061637, "validation_CYP2C9_st_rae": 0.7210626176648136, "validation_CYP2D6_st_rae": 1.0885214571533253, "validation_CYP3A4_st_rae": 0.7261050200603834, "mean_raw_gradient_norm": 7.624348344802857, "fraction_gradients_clipped": 1.0}
{"epoch": 2, "train_rmse": 1.0850233627788983, "validation_rmse": 0.7968544960021973, "validation_ma_st_rae": 0.8544095226691895, "validation_CYP1A2_st_rae": 0.8636809284334438, "validation_CYP2C9_st_rae": 0.7251864208666101, "validation_CYP2D6_st_rae": 1.1033856145833238, "validation_CYP3A4_st_rae": 0.7253851267933804, "mean_raw_gradient_norm": 6.794771957397461, "fraction_gradients_clipped": 1.0}
{"epoch": 3, "train_rmse": 1.0460856697098992, "validation_rmse": 0.7958715558052063, "validation_ma_st_rae": 0.857415644664195, "validation_CYP1A2_st_rae": 0.8670250440390218, "validation_CYP2C9_st_rae": 0.7384229970484274, "validation_CYP2D6_st_rae": 1.1072736830570686, "validation_CYP3A4_st_rae": 0.7169408545122617, "mean_raw_gradient_norm": 6.188799962997437, "fraction_gradients_clipped": 1.0}
{"epoch": 4, "train_rmse": 1.0622679408350877, "validation_rmse": 0.7936643958091736, "validation_ma_st_rae": 0.8525375307370906, "validation_CYP1A2_st_rae": 0.8607845500914425, "validation_CYP2C9_st_rae": 0.7313257507626358, "validation_CYP2D6_st_rae": 1.1045422477539513, "validation_CYP3A4_st_rae": 0.7134975743403328, "mean_raw_gradient_norm": 6.315464849472046, "fraction_gradients_clipped": 1.0}
{
  "seed": 2909,
  "selection_metric": "validation_ma_st_rae",
  "best_validation_ma_st_rae": 0.8509995704850397,
  "best_validation_rmse": 0.7963608503341675,
  "restored_fit_rmse": 0.8539886474609375,
  "restored_validation_rmse": 0.7963488101959229,
  "restored_fit_ma_st_rae": 0.8535882979977485,
  "restored_validation_ma_st_rae": 0.8545967504365701,
  "restored_validation_point_ma_st_rae": 0.8509638894353845,
  "restored_validation_point_st_rae_by_cyp": {
    "CYP1A2": 0.868202595239682,
    "CYP2C9": 0.7211270675323945,
    "CYP2D6": 1.0884302447072567,
    "CYP3A4": 0.7260956502622046
  },
  "restored_fit_st_rae_by_cyp": {
    "CYP1A2": 0.878491471443597,
    "CYP2C9": 0.7821016677574815,
    "CYP2D6": 1.047161954313137,
    "CYP3A4": 0.7065980984767785
  },
  "restored_validation_st_rae_by_cyp": {
    "CYP1A2": 0.8722514312456432,
    "CYP2C9": 0.7242624031189389,
    "CYP2D6": 1.0942753133533334,
    "CYP3A4": 0.7275978540283649
  },
  "validation_bootstrap_metrics": {
    "n_bootstrap_samples": 1000,
    "seed": 0,
    "macro": {
      "st_rae": {
        "mean": 0.8545967504365701,
        "ci_low": 0.7962215885335211,
        "ci_high": 0.9160548360668319
      },
      "mae": {
        "mean": 0.5870328591542106,
        "ci_low": 0.5552027657438994,
        "ci_high": 0.6185120632690918
      },
      "r2": {
        "mean": 0.1992892986388687,
        "ci_low": 0.13605077282584213,
        "ci_high": 0.2539479999035781
      },
      "spearman_rho": {
        "mean": 0.4823029557781458,
        "ci_low": 0.4250393439232099,
        "ci_high": 0.5335189879243748
      },
      "kendall_tau": {
        "mean": 0.3428689798075807,
        "ci_low": 0.30167152358711175,
        "ci_high": 0.3798790037257783
      }
    },
    "per_endpoint": {
      "CYP1A2": {
        "st_rae": {
          "mean": 0.8722514312456432,
          "ci_low": 0.7539672405478316,
          "ci_high": 1.0074918353997357
        },
        "mae": {
          "mean": 0.5962884452036911,
          "ci_low": 0.52492017320416,
          "ci_high": 0.6801856858907519
        },
        "r2": {
          "mean": 0.2018478327982719,
          "ci_low": 0.08043285538746861,
          "ci_high": 0.31061452491039593
        },
        "spearman_rho": {
          "mean": 0.5132958722011606,
          "ci_low": 0.4045032435750477,
          "ci_high": 0.6117758483168585
        },
        "kendall_tau": {
          "mean": 0.3644244214586975,
          "ci_low": 0.2822914726544056,
          "ci_high": 0.4402087052258847
        }
      },
      "CYP2C9": {
        "st_rae": {
          "mean": 0.7242624031189389,
          "ci_low": 0.60719412809759,
          "ci_high": 0.8671949254520582
        },
        "mae": {
          "mean": 0.479222754672925,
          "ci_low": 0.42893588699503427,
          "ci_high": 0.5320290219399237
        },
        "r2": {
          "mean": 0.32391854412054355,
          "ci_low": 0.19379287461814454,
          "ci_high": 0.4294388418974794
        },
        "spearman_rho": {
          "mean": 0.5309660842313157,
          "ci_low": 0.41409400930725765,
          "ci_high": 0.631010200890756
        },
        "kendall_tau": {
          "mean": 0.3804015942731502,
          "ci_low": 0.29665590378910994,
          "ci_high": 0.45591013799665836
        }
      },
      "CYP2D6": {
        "st_rae": {
          "mean": 1.0942753133533334,
          "ci_low": 0.984647514833793,
          "ci_high": 1.2173743216170798
        },
        "mae": {
          "mean": 0.5919213337409189,
          "ci_low": 0.527419769942251,
          "ci_high": 0.6629205352730221
        },
        "r2": {
          "mean": -0.07809139518439863,
          "ci_low": -0.22317185526606495,
          "ci_high": 0.04391978280920218
        },
        "spearman_rho": {
          "mean": 0.27061844368712695,
          "ci_low": 0.14359541788209815,
          "ci_high": 0.38364215112960454
        },
        "kendall_tau": {
          "mean": 0.18143966935439068,
          "ci_low": 0.09643640989533157,
          "ci_high": 0.25831348832749396
        }
      },
      "CYP3A4": {
        "st_rae": {
          "mean": 0.7275978540283649,
          "ci_low": 0.6448837978086126,
          "ci_high": 0.8092572752268196
        },
        "mae": {
          "mean": 0.6806989029993067,
          "ci_low": 0.628178191283247,
          "ci_high": 0.730790140406116
        },
        "r2": {
          "mean": 0.34948221282105796,
          "ci_low": 0.2563016909207036,
          "ci_high": 0.42950236502340183
        },
        "spearman_rho": {
          "mean": 0.6143314229929797,
          "ci_low": 0.5358569325394305,
          "ci_high": 0.6849657886945342
        },
        "kendall_tau": {
          "mean": 0.4452102341440842,
          "ci_low": 0.38457018671083604,
          "ci_high": 0.5012107715497296
        }
      }
    }
  },
  "epochs_run": 4,
  "fit_observations": 4179,
  "validation_observations": 1037,
  "rule": "kuramoto_sakaguchi",
  "generations": 32,
  "hidden_channels": 16,
  "atom_feature_profile": "periodic",
  "atom_feature_count": 33,
  "atom_feature_names": [
    "element_H",
    "element_C",
    "element_N",
    "element_O",
    "element_F",
    "element_P",
    "element_S",
    "element_Cl",
    "element_Br",
    "element_I",
    "element_other",
    "formal_charge",
    "aromatic",
    "hybrid_sp",
    "hybrid_sp2",
    "hybrid_sp3",
    "hybrid_other",
    "degree",
    "total_hydrogens",
    "in_ring",
    "hbond_donor",
    "hbond_acceptor",
    "chiral_cw",
    "chiral_ccw",
    "chiral_other",
    "atomic_number",
    "atomic_mass",
    "covalent_radius",
    "vdw_radius",
    "outer_electrons",
    "period",
    "periodic_group",
    "atomic_volume"
  ],
  "device": "cuda",
  "gpu": "NVIDIA GeForce RTX 5070 Ti",
  "training_seconds": 22.14722529996652,
  "peak_gpu_memory_bytes": 241959936,
  "runtime": {
    "operating_system": "Windows-10-10.0.26200-SP0",
    "machine": "AMD64",
    "python": "3.11.16",
    "python_executable": "C:\\Users\\Anthony\\anaconda3\\envs\\strange-matter-gpu\\python.exe",
    "pytorch": "2.11.0+cu128",
    "pytorch_cuda": "12.8",
    "device": "cuda",
    "gpu": "NVIDIA GeForce RTX 5070 Ti"
  },
  "validation_protocol": {
    "kind": "scaffold_cross_validation",
    "fold": 0,
    "folds": 5
  },
  "readout": "differentiable_closed_form_ridge",
  "hyperparameters": {
    "ca_lr": 0.001,
    "ridge": 0.1,
    "ca_l2": 1e-06,
    "gradient_clip": 2.0,
    "update_scale": 0.08,
    "init_scale": 0.5,
    "initial_noise": 0.005,
    "support_fraction": 0.85,
    "bond_temperature": 1.0,
    "dyn_a": 0.5,
    "dyn_b": 0.2,
    "dyn_c": 0.5,
    "dyn_d": 0.05,
    "lr_schedule": "cosine_0.1x"
  }
}
