{"operating_system": "macOS-26.2-arm64-arm-64bit", "machine": "arm64", "python": "3.10.19", "python_executable": "/opt/anaconda3/envs/kcc2/bin/python3.10", "pytorch": "2.8.0", "pytorch_cuda": null, "device": "cpu", "gpu": null}
{"epoch": 1, "train_rmse": 1.881196518565868, "validation_rmse": 0.928184986114502, "mean_raw_gradient_norm": 772.1950161841607, "fraction_gradients_clipped": 1.0}
{"epoch": 2, "train_rmse": 1.5054375642965423, "validation_rmse": 0.9271189570426941, "mean_raw_gradient_norm": 680.0107388650217, "fraction_gradients_clipped": 1.0}
{"epoch": 3, "train_rmse": 1.364789399712976, "validation_rmse": 0.9282203912734985, "mean_raw_gradient_norm": 334.8890095372354, "fraction_gradients_clipped": 1.0}
{"epoch": 4, "train_rmse": 1.5470820633418232, "validation_rmse": 0.9252191781997681, "mean_raw_gradient_norm": 595.9231653521138, "fraction_gradients_clipped": 1.0}
{"epoch": 5, "train_rmse": 1.416548509997443, "validation_rmse": 0.9172239899635315, "mean_raw_gradient_norm": 389.7399186165102, "fraction_gradients_clipped": 1.0}
{"epoch": 6, "train_rmse": 1.5140549532324115, "validation_rmse": 0.922582745552063, "mean_raw_gradient_norm": 477.2443380048198, "fraction_gradients_clipped": 1.0}
{"epoch": 7, "train_rmse": 1.3708284890575164, "validation_rmse": 0.9214724898338318, "mean_raw_gradient_norm": 298.7646484375, "fraction_gradients_clipped": 1.0}
{"epoch": 8, "train_rmse": 40.63509653341992, "validation_rmse": 0.9268776178359985, "mean_raw_gradient_norm": 2378474.045162078, "fraction_gradients_clipped": 1.0}
{"epoch": 9, "train_rmse": 44.88101348885347, "validation_rmse": 0.9241999983787537, "mean_raw_gradient_norm": 321239.51537027664, "fraction_gradients_clipped": 1.0}
{
  "seed": 1701,
  "best_validation_rmse": 0.9172239899635315,
  "restored_fit_rmse": 0.8559723496437073,
  "restored_validation_rmse": 0.9172239899635315,
  "epochs_run": 9,
  "fit_observations": 5216,
  "validation_observations": 1309,
  "rule": "fitzhugh_nagumo",
  "generations": 32,
  "hidden_channels": 16,
  "device": "cpu",
  "gpu": null,
  "training_seconds": 103.27271216595545,
  "peak_gpu_memory_bytes": 0,
  "runtime": {
    "operating_system": "macOS-26.2-arm64-arm-64bit",
    "machine": "arm64",
    "python": "3.10.19",
    "python_executable": "/opt/anaconda3/envs/kcc2/bin/python3.10",
    "pytorch": "2.8.0",
    "pytorch_cuda": null,
    "device": "cpu",
    "gpu": null
  },
  "readout": "differentiable_closed_form_ridge",
  "hyperparameters": {
    "ca_lr": 0.001,
    "ridge": 0.01,
    "ca_l2": 0.0001,
    "gradient_clip": 0.5,
    "update_scale": 0.4,
    "init_scale": 1.0,
    "initial_noise": 0.0,
    "support_fraction": 0.75,
    "bond_temperature": 2.0,
    "dyn_a": 0.5,
    "dyn_b": 0.8,
    "dyn_c": 0.5,
    "dyn_d": 0.05,
    "lr_schedule": "cosine_0.1x"
  }
}
