{"operating_system": "Windows-10-10.0.26200-SP0", "machine": "AMD64", "python": "3.11.16", "python_executable": "C:\\Users\\Anthony\\anaconda3\\envs\\strange-matter-gpu\\python.exe", "pytorch": "2.11.0+cu128", "pytorch_cuda": "12.8", "device": "cuda", "gpu": "NVIDIA GeForce RTX 5070 Ti"}
{"epoch": 1, "train_rmse": 18.547157665884864, "validation_rmse": 0.9014696478843689, "validation_ma_st_rae": 0.9149567157637658, "validation_CYP1A2_st_rae": 0.8963085790022177, "validation_CYP2C9_st_rae": 0.8890366011674927, "validation_CYP2D6_st_rae": 1.0068822977846554, "validation_CYP3A4_st_rae": 0.8675993851006972, "mean_raw_gradient_norm": 21557.701793026925, "fraction_gradients_clipped": 1.0}
{"epoch": 2, "train_rmse": 7.652046190638112, "validation_rmse": 0.8980556726455688, "validation_ma_st_rae": 0.9100858355505819, "validation_CYP1A2_st_rae": 0.8831126639924702, "validation_CYP2C9_st_rae": 0.9125269997610647, "validation_CYP2D6_st_rae": 0.9790502875475162, "validation_CYP3A4_st_rae": 0.8656533909012765, "mean_raw_gradient_norm": 1767.6547314739228, "fraction_gradients_clipped": 1.0}
{"epoch": 3, "train_rmse": 3.6842583490348386, "validation_rmse": 0.9073779582977295, "validation_ma_st_rae": 0.9085622218956946, "validation_CYP1A2_st_rae": 0.8961228378500634, "validation_CYP2C9_st_rae": 0.8687092449628881, "validation_CYP2D6_st_rae": 1.0009169948123608, "validation_CYP3A4_st_rae": 0.868499809957466, "mean_raw_gradient_norm": 3111.335358095169, "fraction_gradients_clipped": 1.0}
{"epoch": 4, "train_rmse": 1.3404240992200431, "validation_rmse": 0.8977242708206177, "validation_ma_st_rae": 0.9006146872199159, "validation_CYP1A2_st_rae": 0.872373450283562, "validation_CYP2C9_st_rae": 0.8672986437791654, "validation_CYP2D6_st_rae": 0.9793036889159098, "validation_CYP3A4_st_rae": 0.8834829659010262, "mean_raw_gradient_norm": 9.234730219841003, "fraction_gradients_clipped": 1.0}
{"epoch": 5, "train_rmse": 1.2662499938367224, "validation_rmse": 0.8908956050872803, "validation_ma_st_rae": 0.8976122421587471, "validation_CYP1A2_st_rae": 0.8863477594716114, "validation_CYP2C9_st_rae": 0.8713407108409545, "validation_CYP2D6_st_rae": 0.9838473868496285, "validation_CYP3A4_st_rae": 0.8489131114727942, "mean_raw_gradient_norm": 7.895178685188293, "fraction_gradients_clipped": 1.0}
{"epoch": 6, "train_rmse": 1.2216854406810942, "validation_rmse": 0.8919848799705505, "validation_ma_st_rae": 0.9005495581630625, "validation_CYP1A2_st_rae": 0.8817718815878118, "validation_CYP2C9_st_rae": 0.8915734907910537, "validation_CYP2D6_st_rae": 0.9618109884811834, "validation_CYP3A4_st_rae": 0.8670418717922009, "mean_raw_gradient_norm": 8.673241424560548, "fraction_gradients_clipped": 1.0}
{"epoch": 7, "train_rmse": 1.2812592241806515, "validation_rmse": 0.8894202709197998, "validation_ma_st_rae": 0.8976706616814037, "validation_CYP1A2_st_rae": 0.8964995327133432, "validation_CYP2C9_st_rae": 0.8522597797224046, "validation_CYP2D6_st_rae": 0.982296919910272, "validation_CYP3A4_st_rae": 0.8596264143795955, "mean_raw_gradient_norm": 9.261190910339355, "fraction_gradients_clipped": 1.0}
{"epoch": 8, "train_rmse": 1.285746941734873, "validation_rmse": 0.8845818638801575, "validation_ma_st_rae": 0.8896330553421077, "validation_CYP1A2_st_rae": 0.9029557173618675, "validation_CYP2C9_st_rae": 0.8503955179185888, "validation_CYP2D6_st_rae": 0.9526533683591356, "validation_CYP3A4_st_rae": 0.8525276177288389, "mean_raw_gradient_norm": 8.19282101392746, "fraction_gradients_clipped": 1.0}
{
  "seed": 4211,
  "selection_metric": "validation_ma_st_rae",
  "best_validation_ma_st_rae": 0.8896330553421077,
  "best_validation_rmse": 0.8845818638801575,
  "restored_fit_rmse": 0.8947325944900513,
  "restored_validation_rmse": 0.8845832347869873,
  "restored_fit_ma_st_rae": 0.9061495504152322,
  "restored_validation_ma_st_rae": 0.892765386835112,
  "restored_validation_point_ma_st_rae": 0.8896348391373909,
  "restored_validation_point_st_rae_by_cyp": {
    "CYP1A2": 0.9029531746780923,
    "CYP2C9": 0.8504001841917287,
    "CYP2D6": 0.952655047913879,
    "CYP3A4": 0.8525309497658636
  },
  "restored_fit_st_rae_by_cyp": {
    "CYP1A2": 0.911315204239427,
    "CYP2C9": 0.8868469112069208,
    "CYP2D6": 0.9955758814892588,
    "CYP3A4": 0.8308602047253218
  },
  "restored_validation_st_rae_by_cyp": {
    "CYP1A2": 0.9068645662957661,
    "CYP2C9": 0.855662552100601,
    "CYP2D6": 0.9541380776574779,
    "CYP3A4": 0.8543963512866027
  },
  "validation_bootstrap_metrics": {
    "n_bootstrap_samples": 1000,
    "seed": 0,
    "macro": {
      "st_rae": {
        "mean": 0.892765386835112,
        "ci_low": 0.8554347683674522,
        "ci_high": 0.9300979586877951
      },
      "mae": {
        "mean": 0.6411664247352445,
        "ci_low": 0.60607402124727,
        "ci_high": 0.678420917194309
      },
      "r2": {
        "mean": 0.1296775089281888,
        "ci_low": 0.08945006164624729,
        "ci_high": 0.17038707086187155
      },
      "spearman_rho": {
        "mean": 0.3614738851070679,
        "ci_low": 0.3048186546858603,
        "ci_high": 0.4198939137858568
      },
      "kendall_tau": {
        "mean": 0.24888539353655983,
        "ci_low": 0.21016103242555487,
        "ci_high": 0.29132433425065585
      }
    },
    "per_endpoint": {
      "CYP1A2": {
        "st_rae": {
          "mean": 0.9068645662957661,
          "ci_low": 0.8391682952748988,
          "ci_high": 0.9854002736669089
        },
        "mae": {
          "mean": 0.6989088758798117,
          "ci_low": 0.6088445672405636,
          "ci_high": 0.789752256269107
        },
        "r2": {
          "mean": 0.1024251839826945,
          "ci_low": 0.029471005221575475,
          "ci_high": 0.16684405107122383
        },
        "spearman_rho": {
          "mean": 0.352392261246634,
          "ci_low": 0.23892418805734142,
          "ci_high": 0.46530277710964535
        },
        "kendall_tau": {
          "mean": 0.23851159232479607,
          "ci_low": 0.16204897227396775,
          "ci_high": 0.3187087963275705
        }
      },
      "CYP2C9": {
        "st_rae": {
          "mean": 0.855662552100601,
          "ci_low": 0.7632063584825788,
          "ci_high": 0.9514338972173335
        },
        "mae": {
          "mean": 0.5038678888106111,
          "ci_low": 0.4397075901822288,
          "ci_high": 0.5664051561957539
        },
        "r2": {
          "mean": 0.14985921457979448,
          "ci_low": 0.05482366831996183,
          "ci_high": 0.24009413635880716
        },
        "spearman_rho": {
          "mean": 0.3928743467038109,
          "ci_low": 0.271160417880874,
          "ci_high": 0.5065282098042283
        },
        "kendall_tau": {
          "mean": 0.2748592714635889,
          "ci_low": 0.18802364437438857,
          "ci_high": 0.35850353419485886
        }
      },
      "CYP2D6": {
        "st_rae": {
          "mean": 0.9541380776574779,
          "ci_low": 0.8924069768304254,
          "ci_high": 1.020029960460911
        },
        "mae": {
          "mean": 0.6009270954704701,
          "ci_low": 0.5213711303394434,
          "ci_high": 0.6848633924295807
        },
        "r2": {
          "mean": 0.05067794117723716,
          "ci_low": -0.019713498810685997,
          "ci_high": 0.11554380591399524
        },
        "spearman_rho": {
          "mean": 0.2426170376197124,
          "ci_low": 0.11520457225270817,
          "ci_high": 0.36626556639368213
        },
        "kendall_tau": {
          "mean": 0.16299792855143577,
          "ci_low": 0.07716564940157206,
          "ci_high": 0.2495812663455344
        }
      },
      "CYP3A4": {
        "st_rae": {
          "mean": 0.8543963512866027,
          "ci_low": 0.7764650226410287,
          "ci_high": 0.9316263002170339
        },
        "mae": {
          "mean": 0.7609618387800853,
          "ci_low": 0.7065516070842743,
          "ci_high": 0.8182515089670818
        },
        "r2": {
          "mean": 0.2157476959730292,
          "ci_low": 0.1270852490476868,
          "ci_high": 0.30248030053736774
        },
        "spearman_rho": {
          "mean": 0.45801189485811444,
          "ci_low": 0.36843200443578145,
          "ci_high": 0.5442013719212384
        },
        "kendall_tau": {
          "mean": 0.3191727818064186,
          "ci_low": 0.2538176952116279,
          "ci_high": 0.38078002101685443
        }
      }
    }
  },
  "epochs_run": 8,
  "fit_observations": 4177,
  "validation_observations": 1039,
  "rule": "kuramoto_sakaguchi",
  "generations": 64,
  "hidden_channels": 8,
  "atom_feature_profile": "baseline",
  "atom_feature_count": 25,
  "atom_feature_names": [
    "element_H",
    "element_C",
    "element_N",
    "element_O",
    "element_F",
    "element_P",
    "element_S",
    "element_Cl",
    "element_Br",
    "element_I",
    "element_other",
    "formal_charge",
    "aromatic",
    "hybrid_sp",
    "hybrid_sp2",
    "hybrid_sp3",
    "hybrid_other",
    "degree",
    "total_hydrogens",
    "in_ring",
    "hbond_donor",
    "hbond_acceptor",
    "chiral_cw",
    "chiral_ccw",
    "chiral_other"
  ],
  "device": "cuda",
  "gpu": "NVIDIA GeForce RTX 5070 Ti",
  "training_seconds": 90.07429450005293,
  "peak_gpu_memory_bytes": 134459392,
  "runtime": {
    "operating_system": "Windows-10-10.0.26200-SP0",
    "machine": "AMD64",
    "python": "3.11.16",
    "python_executable": "C:\\Users\\Anthony\\anaconda3\\envs\\strange-matter-gpu\\python.exe",
    "pytorch": "2.11.0+cu128",
    "pytorch_cuda": "12.8",
    "device": "cuda",
    "gpu": "NVIDIA GeForce RTX 5070 Ti"
  },
  "validation_protocol": {
    "kind": "scaffold_cross_validation",
    "fold": 2,
    "folds": 5
  },
  "readout": "differentiable_closed_form_ridge",
  "prediction_mode": "direct",
  "residual_alpha": null,
  "trajectory_pooling": "legacy",
  "ridge_mode": "shared",
  "loss_mode": "mse",
  "interval_loss_beta": 0.0,
  "interval_temperature": 0.05,
  "hyperparameters": {
    "ca_lr": 0.001,
    "ridge": 0.1,
    "ca_l2": 1e-05,
    "gradient_clip": 1.0,
    "update_scale": 0.25,
    "init_scale": 1.0,
    "initial_noise": 0.0,
    "support_fraction": 0.75,
    "bond_temperature": 1.0,
    "dyn_a": 0.5,
    "dyn_b": 0.5,
    "dyn_c": 0.5,
    "dyn_d": 0.2,
    "lr_schedule": "cosine_0.1x"
  }
}
