{"operating_system": "Windows-10-10.0.26200-SP0", "machine": "AMD64", "python": "3.11.16", "python_executable": "C:\\Users\\Anthony\\anaconda3\\envs\\strange-matter-gpu\\python.exe", "pytorch": "2.11.0+cu128", "pytorch_cuda": "12.8", "device": "cuda", "gpu": "NVIDIA GeForce RTX 5070 Ti"}
{"epoch": 1, "train_rmse": 1.6218057655120703, "validation_rmse": 0.7846646308898926, "validation_ma_st_rae": 0.8358725333961661, "validation_CYP1A2_st_rae": 0.846210751089324, "validation_CYP2C9_st_rae": 0.8031477581919821, "validation_CYP2D6_st_rae": 0.9828222439670538, "validation_CYP3A4_st_rae": 0.7113093803363044, "mean_raw_gradient_norm": 224.9938897228241, "fraction_gradients_clipped": 1.0}
{"epoch": 2, "train_rmse": 1.1709200243774904, "validation_rmse": 0.8091856241226196, "validation_ma_st_rae": 0.8729232417602744, "validation_CYP1A2_st_rae": 0.8544963361748495, "validation_CYP2C9_st_rae": 0.9071408979740342, "validation_CYP2D6_st_rae": 0.9807826975026771, "validation_CYP3A4_st_rae": 0.7492730353895368, "mean_raw_gradient_norm": 18.44946915626526, "fraction_gradients_clipped": 1.0}
{"epoch": 3, "train_rmse": 1.2615365982094005, "validation_rmse": 0.7990824580192566, "validation_ma_st_rae": 0.8620886800867464, "validation_CYP1A2_st_rae": 0.8579756784439123, "validation_CYP2C9_st_rae": 0.8382241918028864, "validation_CYP2D6_st_rae": 0.9968079347905673, "validation_CYP3A4_st_rae": 0.7553469153096201, "mean_raw_gradient_norm": 45.614793386459354, "fraction_gradients_clipped": 1.0}
{"epoch": 4, "train_rmse": 1.0664450641526124, "validation_rmse": 0.7946699261665344, "validation_ma_st_rae": 0.8422552804370803, "validation_CYP1A2_st_rae": 0.8758387761369523, "validation_CYP2C9_st_rae": 0.7401919576255415, "validation_CYP2D6_st_rae": 1.0046388327907751, "validation_CYP3A4_st_rae": 0.7483515551950526, "mean_raw_gradient_norm": 12.785108423233032, "fraction_gradients_clipped": 1.0}
{
  "seed": 2909,
  "selection_metric": "validation_ma_st_rae",
  "best_validation_ma_st_rae": 0.8358725333961661,
  "best_validation_rmse": 0.7846646308898926,
  "restored_fit_rmse": 0.8581186532974243,
  "restored_validation_rmse": 0.7846652865409851,
  "restored_fit_ma_st_rae": 0.8531608847092098,
  "restored_validation_ma_st_rae": 0.8391157424388903,
  "restored_validation_point_ma_st_rae": 0.8358727871189408,
  "restored_validation_point_st_rae_by_cyp": {
    "CYP1A2": 0.8462144258120532,
    "CYP2C9": 0.803168999683401,
    "CYP2D6": 0.9827962926697983,
    "CYP3A4": 0.7113114303105105
  },
  "restored_fit_st_rae_by_cyp": {
    "CYP1A2": 0.8826831032258435,
    "CYP2C9": 0.8078541716600725,
    "CYP2D6": 0.9914837114982011,
    "CYP3A4": 0.730622552452722
  },
  "restored_validation_st_rae_by_cyp": {
    "CYP1A2": 0.8484223543447025,
    "CYP2C9": 0.8073082549053461,
    "CYP2D6": 0.9876170481994022,
    "CYP3A4": 0.71311531230611
  },
  "validation_bootstrap_metrics": {
    "n_bootstrap_samples": 1000,
    "seed": 0,
    "macro": {
      "st_rae": {
        "mean": 0.8391157424388903,
        "ci_low": 0.7885380840923722,
        "ci_high": 0.8888348390985141
      },
      "mae": {
        "mean": 0.576786590019394,
        "ci_low": 0.5439843367585586,
        "ci_high": 0.6072429740243392
      },
      "r2": {
        "mean": 0.21535462462775556,
        "ci_low": 0.16644814373855862,
        "ci_high": 0.26146401320161666
      },
      "spearman_rho": {
        "mean": 0.4641707445862799,
        "ci_low": 0.4133164118158121,
        "ci_high": 0.5150772103990758
      },
      "kendall_tau": {
        "mean": 0.32954889290018224,
        "ci_low": 0.2919936151307655,
        "ci_high": 0.3660016469165449
      }
    },
    "per_endpoint": {
      "CYP1A2": {
        "st_rae": {
          "mean": 0.8484223543447025,
          "ci_low": 0.7396342080692772,
          "ci_high": 0.9688682113441524
        },
        "mae": {
          "mean": 0.5936207853281819,
          "ci_low": 0.5221560481969301,
          "ci_high": 0.6711598132376198
        },
        "r2": {
          "mean": 0.215967874021504,
          "ci_low": 0.10466145191626094,
          "ci_high": 0.31468827649890196
        },
        "spearman_rho": {
          "mean": 0.5313998448507602,
          "ci_low": 0.41825409746453784,
          "ci_high": 0.6359944453042277
        },
        "kendall_tau": {
          "mean": 0.37443668380793926,
          "ci_low": 0.2934013601902064,
          "ci_high": 0.4530356645668164
        }
      },
      "CYP2C9": {
        "st_rae": {
          "mean": 0.8073082549053461,
          "ci_low": 0.687966100638659,
          "ci_high": 0.9493728703561375
        },
        "mae": {
          "mean": 0.5020069946968061,
          "ci_low": 0.44836623770300693,
          "ci_high": 0.5597425155101284
        },
        "r2": {
          "mean": 0.23375297338128675,
          "ci_low": 0.10255965862833814,
          "ci_high": 0.3397132819615529
        },
        "spearman_rho": {
          "mean": 0.4600691172145231,
          "ci_low": 0.3284735635723447,
          "ci_high": 0.5718212195755062
        },
        "kendall_tau": {
          "mean": 0.33365453620014124,
          "ci_low": 0.23613908555226645,
          "ci_high": 0.4155717906219055
        }
      },
      "CYP2D6": {
        "st_rae": {
          "mean": 0.9876170481994022,
          "ci_low": 0.9136715668335597,
          "ci_high": 1.0651249549205861
        },
        "mae": {
          "mean": 0.5527844059110706,
          "ci_low": 0.48859303285423505,
          "ci_high": 0.6215382585922876
        },
        "r2": {
          "mean": 0.030404149761343802,
          "ci_low": -0.058152688438042444,
          "ci_high": 0.11359006132057622
        },
        "spearman_rho": {
          "mean": 0.2582581176766078,
          "ci_low": 0.13962899170350798,
          "ci_high": 0.38574727356093624
        },
        "kendall_tau": {
          "mean": 0.1789583546336333,
          "ci_low": 0.09638627331019729,
          "ci_high": 0.2665901603411711
        }
      },
      "CYP3A4": {
        "st_rae": {
          "mean": 0.71311531230611,
          "ci_low": 0.6285070738581914,
          "ci_high": 0.792101781162815
        },
        "mae": {
          "mean": 0.6587341741415171,
          "ci_low": 0.6063364908754171,
          "ci_high": 0.7076906624158005
        },
        "r2": {
          "mean": 0.38129350134688766,
          "ci_low": 0.31331556727205545,
          "ci_high": 0.4467831753556802
        },
        "spearman_rho": {
          "mean": 0.6069558986032285,
          "ci_low": 0.5381335924728365,
          "ci_high": 0.6735678345840103
        },
        "kendall_tau": {
          "mean": 0.43114599695901507,
          "ci_low": 0.37625655270291086,
          "ci_high": 0.48547256282627166
        }
      }
    }
  },
  "epochs_run": 4,
  "fit_observations": 4179,
  "validation_observations": 1037,
  "rule": "delayed_memory",
  "generations": 125,
  "hidden_channels": 16,
  "atom_feature_profile": "electronic_local",
  "atom_feature_count": 37,
  "atom_feature_names": [
    "element_H",
    "element_C",
    "element_N",
    "element_O",
    "element_F",
    "element_P",
    "element_S",
    "element_Cl",
    "element_Br",
    "element_I",
    "element_other",
    "formal_charge",
    "aromatic",
    "hybrid_sp",
    "hybrid_sp2",
    "hybrid_sp3",
    "hybrid_other",
    "degree",
    "total_hydrogens",
    "in_ring",
    "hbond_donor",
    "hbond_acceptor",
    "chiral_cw",
    "chiral_ccw",
    "chiral_other",
    "electronegativity",
    "polarizability",
    "heteroatom",
    "halogen",
    "conjugated_bond_fraction",
    "first_ionization_energy",
    "electron_affinity",
    "electronic_property_missing",
    "mean_neighbour_electronegativity",
    "electronegativity_difference",
    "mean_neighbour_atomic_number",
    "neighbour_formal_charge"
  ],
  "device": "cuda",
  "gpu": "NVIDIA GeForce RTX 5070 Ti",
  "training_seconds": 98.9975588999223,
  "peak_gpu_memory_bytes": 330537984,
  "runtime": {
    "operating_system": "Windows-10-10.0.26200-SP0",
    "machine": "AMD64",
    "python": "3.11.16",
    "python_executable": "C:\\Users\\Anthony\\anaconda3\\envs\\strange-matter-gpu\\python.exe",
    "pytorch": "2.11.0+cu128",
    "pytorch_cuda": "12.8",
    "device": "cuda",
    "gpu": "NVIDIA GeForce RTX 5070 Ti"
  },
  "validation_protocol": {
    "kind": "scaffold_cross_validation",
    "fold": 0,
    "folds": 5
  },
  "readout": "differentiable_closed_form_ridge",
  "hyperparameters": {
    "ca_lr": 0.003,
    "ridge": 1.0,
    "ca_l2": 1e-05,
    "gradient_clip": 1.0,
    "update_scale": 0.15,
    "init_scale": 0.5,
    "initial_noise": 0.005,
    "support_fraction": 0.75,
    "bond_temperature": 1.0,
    "dyn_a": 0.8,
    "dyn_b": 0.8,
    "dyn_c": 0.2,
    "dyn_d": 0.05,
    "lr_schedule": "cosine_0.1x"
  }
}
