{"device": "cuda", "gpu": "NVIDIA GeForce RTX 5070 Ti", "pytorch": "2.11.0+cu128", "pytorch_cuda": "12.8"}
{"epoch": 1, "train_rmse": 1.1468904447899944, "validation_rmse": 0.9526864290237427, "mean_raw_gradient_norm": 15.194268035888673, "fraction_gradients_clipped": 1.0}
{"epoch": 2, "train_rmse": 1.0639502826060163, "validation_rmse": 0.948252260684967, "mean_raw_gradient_norm": 14.281142139434815, "fraction_gradients_clipped": 1.0}
{"epoch": 3, "train_rmse": 1.1431539883828556, "validation_rmse": 0.967228353023529, "mean_raw_gradient_norm": 12.979022789001466, "fraction_gradients_clipped": 1.0}
{
  "seed": 1701,
  "best_validation_rmse": 0.948252260684967,
  "restored_fit_rmse": 0.8492198586463928,
  "restored_validation_rmse": 0.9482496976852417,
  "epochs_run": 3,
  "fit_observations": 791,
  "validation_observations": 273,
  "rule": "inertial_reaction_diffusion",
  "generations": 500,
  "hidden_channels": 16,
  "device": "cuda",
  "gpu": "NVIDIA GeForce RTX 5070 Ti",
  "training_seconds": 26.860132200061344,
  "peak_gpu_memory_bytes": 1812119552,
  "readout": "differentiable_closed_form_ridge",
  "hyperparameters": {
    "ca_lr": 0.003,
    "ridge": 1.0,
    "ca_l2": 1e-05,
    "gradient_clip": 1.0
  }
}
