{"operating_system": "Windows-10-10.0.26200-SP0", "machine": "AMD64", "python": "3.11.16", "python_executable": "C:\\Users\\Anthony\\anaconda3\\envs\\strange-matter-gpu\\python.exe", "pytorch": "2.11.0+cu128", "pytorch_cuda": "12.8", "device": "cuda", "gpu": "NVIDIA GeForce RTX 5070 Ti"}
{"epoch": 1, "train_rmse": 0.9890820783805372, "validation_rmse": 0.9613509774208069, "validation_ma_st_rae": 0.9768821023394688, "validation_CYP1A2_st_rae": 1.0421450473773144, "validation_CYP2C9_st_rae": 0.8810740993271481, "validation_CYP2D6_st_rae": 1.081397682388323, "validation_CYP3A4_st_rae": 0.9029115802650902, "mean_raw_gradient_norm": 12.046320537726084, "fraction_gradients_clipped": 1.0}
{"epoch": 2, "train_rmse": 1.0241346234067081, "validation_rmse": 0.9476350545883179, "validation_ma_st_rae": 0.9692893483948455, "validation_CYP1A2_st_rae": 1.031902151893572, "validation_CYP2C9_st_rae": 0.879581941650111, "validation_CYP2D6_st_rae": 1.0707524635627026, "validation_CYP3A4_st_rae": 0.8949208364729959, "mean_raw_gradient_norm": 10.725908517837524, "fraction_gradients_clipped": 1.0}
{"epoch": 3, "train_rmse": 0.9420901680086449, "validation_rmse": 0.9395942091941833, "validation_ma_st_rae": 0.9619429611100291, "validation_CYP1A2_st_rae": 0.9982310823402393, "validation_CYP2C9_st_rae": 0.8889747199976761, "validation_CYP2D6_st_rae": 1.0747986791789172, "validation_CYP3A4_st_rae": 0.8857673629232835, "mean_raw_gradient_norm": 13.592262397209803, "fraction_gradients_clipped": 1.0}
{"epoch": 4, "train_rmse": 1.0126185153545886, "validation_rmse": 0.94394850730896, "validation_ma_st_rae": 0.9553968207367423, "validation_CYP1A2_st_rae": 0.9927224051022017, "validation_CYP2C9_st_rae": 0.8553547262031436, "validation_CYP2D6_st_rae": 1.085749533791808, "validation_CYP3A4_st_rae": 0.8877606178498159, "mean_raw_gradient_norm": 8.478369017442068, "fraction_gradients_clipped": 1.0}
{"epoch": 5, "train_rmse": 0.9609478476320237, "validation_rmse": 0.9586557745933533, "validation_ma_st_rae": 0.9722128923650376, "validation_CYP1A2_st_rae": 0.9908610833744598, "validation_CYP2C9_st_rae": 0.893778779397021, "validation_CYP2D6_st_rae": 1.0818270072560303, "validation_CYP3A4_st_rae": 0.9223846994326396, "mean_raw_gradient_norm": 7.307173679272334, "fraction_gradients_clipped": 1.0}
{"epoch": 6, "train_rmse": 0.9870523630546971, "validation_rmse": 0.9526791572570801, "validation_ma_st_rae": 0.9591475993141327, "validation_CYP1A2_st_rae": 0.9688806744906002, "validation_CYP2C9_st_rae": 0.8837990852151804, "validation_CYP2D6_st_rae": 1.0777136462461292, "validation_CYP3A4_st_rae": 0.9061969913046212, "mean_raw_gradient_norm": 5.716311156749725, "fraction_gradients_clipped": 1.0}
{"epoch": 7, "train_rmse": 0.9771355667074628, "validation_rmse": 0.9468403458595276, "validation_ma_st_rae": 0.9454868222779201, "validation_CYP1A2_st_rae": 0.9503859216107897, "validation_CYP2C9_st_rae": 0.85677452528832, "validation_CYP2D6_st_rae": 1.0794683524704838, "validation_CYP3A4_st_rae": 0.8953184897420868, "mean_raw_gradient_norm": 7.917472089330356, "fraction_gradients_clipped": 0.9583333333333334}
{"epoch": 8, "train_rmse": 1.002089074010917, "validation_rmse": 0.9439144730567932, "validation_ma_st_rae": 0.9439771848372052, "validation_CYP1A2_st_rae": 0.9547882549141598, "validation_CYP2C9_st_rae": 0.8543861359427889, "validation_CYP2D6_st_rae": 1.0817505927657698, "validation_CYP3A4_st_rae": 0.8849837557261024, "mean_raw_gradient_norm": 6.476027011871338, "fraction_gradients_clipped": 1.0}
{
  "seed": 4211,
  "selection_metric": "validation_ma_st_rae",
  "best_validation_ma_st_rae": 0.9454868222779201,
  "best_validation_rmse": 0.9468403458595276,
  "restored_fit_rmse": 0.8914671540260315,
  "restored_validation_rmse": 0.9468407034873962,
  "restored_fit_ma_st_rae": 0.9095578545795131,
  "restored_validation_ma_st_rae": 0.9498603063661349,
  "restored_validation_point_ma_st_rae": 0.945487038549052,
  "restored_validation_point_st_rae_by_cyp": {
    "CYP1A2": 0.9503859952386263,
    "CYP2C9": 0.8567742336188895,
    "CYP2D6": 1.0794683681750508,
    "CYP3A4": 0.8953195571636418
  },
  "restored_fit_st_rae_by_cyp": {
    "CYP1A2": 0.89861482411215,
    "CYP2C9": 0.8936865116541618,
    "CYP2D6": 1.0005537365462036,
    "CYP3A4": 0.8453763460055371
  },
  "restored_validation_st_rae_by_cyp": {
    "CYP1A2": 0.9561626220631422,
    "CYP2C9": 0.8645231792704108,
    "CYP2D6": 1.0808095161862878,
    "CYP3A4": 0.8979459079446992
  },
  "validation_bootstrap_metrics": {
    "n_bootstrap_samples": 1000,
    "seed": 0,
    "macro": {
      "st_rae": {
        "mean": 0.9498603063661349,
        "ci_low": 0.9051193839467212,
        "ci_high": 0.9952556778218902
      },
      "mae": {
        "mean": 0.6975811093031605,
        "ci_low": 0.658063766635872,
        "ci_high": 0.7339672952785171
      },
      "r2": {
        "mean": 0.0818308784425715,
        "ci_low": 0.03213640053130646,
        "ci_high": 0.13173309735581218
      },
      "spearman_rho": {
        "mean": 0.31054692468837014,
        "ci_low": 0.2477084319926381,
        "ci_high": 0.3677831753998338
      },
      "kendall_tau": {
        "mean": 0.21447530830250927,
        "ci_low": 0.1694509471415816,
        "ci_high": 0.2543489403902343
      }
    },
    "per_endpoint": {
      "CYP1A2": {
        "st_rae": {
          "mean": 0.9561626220631422,
          "ci_low": 0.8456899410034138,
          "ci_high": 1.0751378127402622
        },
        "mae": {
          "mean": 0.6998118289149537,
          "ci_low": 0.6211223205011718,
          "ci_high": 0.7811699276797626
        },
        "r2": {
          "mean": 0.08483292244450831,
          "ci_low": -0.07381895948416546,
          "ci_high": 0.2008112066829247
        },
        "spearman_rho": {
          "mean": 0.37436600613756843,
          "ci_low": 0.2534778918452134,
          "ci_high": 0.48457056140629473
        },
        "kendall_tau": {
          "mean": 0.2609576363139273,
          "ci_low": 0.17705181215227492,
          "ci_high": 0.3368200760508406
        }
      },
      "CYP2C9": {
        "st_rae": {
          "mean": 0.8645231792704108,
          "ci_low": 0.7798492040087173,
          "ci_high": 0.9669332790654469
        },
        "mae": {
          "mean": 0.5966124370035373,
          "ci_low": 0.5301451968780735,
          "ci_high": 0.6651612687267755
        },
        "r2": {
          "mean": 0.13317273440032215,
          "ci_low": 0.05346643690270543,
          "ci_high": 0.21759697080053794
        },
        "spearman_rho": {
          "mean": 0.3595364233969635,
          "ci_low": 0.2373141838545287,
          "ci_high": 0.4868678543518442
        },
        "kendall_tau": {
          "mean": 0.2556809615286659,
          "ci_low": 0.16503403514418233,
          "ci_high": 0.35093064341209346
        }
      },
      "CYP2D6": {
        "st_rae": {
          "mean": 1.0808095161862878,
          "ci_low": 1.0142749830736328,
          "ci_high": 1.1540331521766283
        },
        "mae": {
          "mean": 0.6779100910480051,
          "ci_low": 0.59420619690518,
          "ci_high": 0.7626942948068036
        },
        "r2": {
          "mean": -0.04873976700192683,
          "ci_low": -0.12748346098013077,
          "ci_high": 0.02238282910996691
        },
        "spearman_rho": {
          "mean": 0.07695805574072587,
          "ci_low": -0.04801326016105459,
          "ci_high": 0.20056882749623098
        },
        "kendall_tau": {
          "mean": 0.05213775690579315,
          "ci_low": -0.03381044293765607,
          "ci_high": 0.13332350663548773
        }
      },
      "CYP3A4": {
        "st_rae": {
          "mean": 0.8979459079446992,
          "ci_low": 0.8297789735111617,
          "ci_high": 0.9722784686028249
        },
        "mae": {
          "mean": 0.8159900802461457,
          "ci_low": 0.7597921615951999,
          "ci_high": 0.8706686817498004
        },
        "r2": {
          "mean": 0.15805762392738237,
          "ci_low": 0.09488330611204414,
          "ci_high": 0.2173081199528732
        },
        "spearman_rho": {
          "mean": 0.43132721347822295,
          "ci_low": 0.3523681292278121,
          "ci_high": 0.5075037100544993
        },
        "kendall_tau": {
          "mean": 0.28912487846165075,
          "ci_low": 0.23151559523585802,
          "ci_high": 0.34371335920577095
        }
      }
    }
  },
  "epochs_run": 8,
  "fit_observations": 4082,
  "validation_observations": 1134,
  "rule": "fitzhugh_nagumo",
  "generations": 32,
  "hidden_channels": 4,
  "atom_feature_profile": "periodic_valence",
  "atom_feature_count": 38,
  "atom_feature_names": [
    "element_H",
    "element_C",
    "element_N",
    "element_O",
    "element_F",
    "element_P",
    "element_S",
    "element_Cl",
    "element_Br",
    "element_I",
    "element_other",
    "formal_charge",
    "aromatic",
    "hybrid_sp",
    "hybrid_sp2",
    "hybrid_sp3",
    "hybrid_other",
    "degree",
    "total_hydrogens",
    "in_ring",
    "hbond_donor",
    "hbond_acceptor",
    "chiral_cw",
    "chiral_ccw",
    "chiral_other",
    "atomic_number",
    "atomic_mass",
    "covalent_radius",
    "vdw_radius",
    "outer_electrons",
    "period",
    "periodic_group",
    "atomic_volume",
    "total_valence",
    "implicit_valence",
    "heavy_atom_degree",
    "radical_electrons",
    "absolute_formal_charge"
  ],
  "device": "cuda",
  "gpu": "NVIDIA GeForce RTX 5070 Ti",
  "training_seconds": 44.06211950001307,
  "peak_gpu_memory_bytes": 59490304,
  "runtime": {
    "operating_system": "Windows-10-10.0.26200-SP0",
    "machine": "AMD64",
    "python": "3.11.16",
    "python_executable": "C:\\Users\\Anthony\\anaconda3\\envs\\strange-matter-gpu\\python.exe",
    "pytorch": "2.11.0+cu128",
    "pytorch_cuda": "12.8",
    "device": "cuda",
    "gpu": "NVIDIA GeForce RTX 5070 Ti"
  },
  "validation_protocol": {
    "kind": "scaffold_cross_validation",
    "fold": 4,
    "folds": 5
  },
  "readout": "differentiable_closed_form_ridge",
  "prediction_mode": "direct",
  "residual_alpha": null,
  "trajectory_pooling": "legacy",
  "ridge_mode": "shared",
  "loss_mode": "hybrid_interval",
  "interval_loss_beta": 0.5,
  "interval_temperature": 0.05,
  "hyperparameters": {
    "ca_lr": 0.003,
    "ridge": 0.1,
    "ca_l2": 0.0001,
    "gradient_clip": 2.0,
    "update_scale": 0.15,
    "init_scale": 1.5,
    "initial_noise": 0.01,
    "support_fraction": 0.85,
    "bond_temperature": 1.0,
    "dyn_a": 0.2,
    "dyn_b": 0.5,
    "dyn_c": 0.8,
    "dyn_d": 0.3,
    "lr_schedule": "cosine_0.1x"
  }
}
