{"operating_system": "Windows-10-10.0.26200-SP0", "machine": "AMD64", "python": "3.11.16", "python_executable": "C:\\Users\\Anthony\\anaconda3\\envs\\strange-matter-gpu\\python.exe", "pytorch": "2.11.0+cu128", "pytorch_cuda": "12.8", "device": "cuda", "gpu": "NVIDIA GeForce RTX 5070 Ti"}
{"epoch": 1, "train_rmse": 1.0862475189769685, "validation_rmse": 0.8495342135429382, "validation_ma_st_rae": 0.8336654101917111, "validation_CYP1A2_st_rae": 0.8413543826766993, "validation_CYP2C9_st_rae": 0.8023679946097688, "validation_CYP2D6_st_rae": 0.9653520785772638, "validation_CYP3A4_st_rae": 0.7255871849031126, "mean_raw_gradient_norm": 5.213512535095215, "fraction_gradients_clipped": 1.0}
{"epoch": 2, "train_rmse": 1.0455235995885748, "validation_rmse": 0.8518885970115662, "validation_ma_st_rae": 0.8317991401787203, "validation_CYP1A2_st_rae": 0.8768326971017417, "validation_CYP2C9_st_rae": 0.7798252218439659, "validation_CYP2D6_st_rae": 0.960411556098541, "validation_CYP3A4_st_rae": 0.7101270856706323, "mean_raw_gradient_norm": 3.8617211246490477, "fraction_gradients_clipped": 1.0}
{"epoch": 3, "train_rmse": 0.9655345216684161, "validation_rmse": 0.841916024684906, "validation_ma_st_rae": 0.8234249972238057, "validation_CYP1A2_st_rae": 0.8339970676810115, "validation_CYP2C9_st_rae": 0.7696952892932859, "validation_CYP2D6_st_rae": 0.9948737805212166, "validation_CYP3A4_st_rae": 0.6951338513997085, "mean_raw_gradient_norm": 3.1817723226547243, "fraction_gradients_clipped": 1.0}
{"epoch": 4, "train_rmse": 1.0017411097573339, "validation_rmse": 0.8336648344993591, "validation_ma_st_rae": 0.8156901632108138, "validation_CYP1A2_st_rae": 0.8313435454377166, "validation_CYP2C9_st_rae": 0.7624542840614371, "validation_CYP2D6_st_rae": 0.9876593970321244, "validation_CYP3A4_st_rae": 0.6813034263119772, "mean_raw_gradient_norm": 2.9530053901672364, "fraction_gradients_clipped": 1.0}
{"epoch": 5, "train_rmse": 0.9485272994423859, "validation_rmse": 0.8499568700790405, "validation_ma_st_rae": 0.8381333894255019, "validation_CYP1A2_st_rae": 0.85275146082053, "validation_CYP2C9_st_rae": 0.8054294746280207, "validation_CYP2D6_st_rae": 1.0159811082323964, "validation_CYP3A4_st_rae": 0.6783715140210601, "mean_raw_gradient_norm": 2.9018489503860474, "fraction_gradients_clipped": 1.0}
{"epoch": 6, "train_rmse": 0.9835196654596472, "validation_rmse": 0.8473572731018066, "validation_ma_st_rae": 0.8355717454759672, "validation_CYP1A2_st_rae": 0.851891060289066, "validation_CYP2C9_st_rae": 0.8012862005132458, "validation_CYP2D6_st_rae": 1.001139527955062, "validation_CYP3A4_st_rae": 0.6879701931464954, "mean_raw_gradient_norm": 3.168716082572937, "fraction_gradients_clipped": 0.96}
{"epoch": 7, "train_rmse": 0.9943928701240277, "validation_rmse": 0.8408035635948181, "validation_ma_st_rae": 0.8319084346223627, "validation_CYP1A2_st_rae": 0.8443966639402075, "validation_CYP2C9_st_rae": 0.7895172585351168, "validation_CYP2D6_st_rae": 1.0031177677646221, "validation_CYP3A4_st_rae": 0.6906020482495044, "mean_raw_gradient_norm": 3.231817021369934, "fraction_gradients_clipped": 1.0}
{
  "seed": 4211,
  "selection_metric": "validation_ma_st_rae",
  "best_validation_ma_st_rae": 0.8156901632108138,
  "best_validation_rmse": 0.8336648344993591,
  "restored_fit_rmse": 0.8465909361839294,
  "restored_validation_rmse": 0.8337505459785461,
  "restored_fit_ma_st_rae": 0.8457704197725484,
  "restored_validation_ma_st_rae": 0.8192276749502637,
  "restored_validation_point_ma_st_rae": 0.815893693643357,
  "restored_validation_point_st_rae_by_cyp": {
    "CYP1A2": 0.8318807843519641,
    "CYP2C9": 0.7626919633402602,
    "CYP2D6": 0.9875284609202809,
    "CYP3A4": 0.6814735659609226
  },
  "restored_fit_st_rae_by_cyp": {
    "CYP1A2": 0.8890238170787097,
    "CYP2C9": 0.7427040135289487,
    "CYP2D6": 1.040920620367565,
    "CYP3A4": 0.7104332281149706
  },
  "restored_validation_st_rae_by_cyp": {
    "CYP1A2": 0.836016605431141,
    "CYP2C9": 0.7686580441012558,
    "CYP2D6": 0.9901903109435548,
    "CYP3A4": 0.6820457393251036
  },
  "validation_bootstrap_metrics": {
    "n_bootstrap_samples": 1000,
    "seed": 0,
    "macro": {
      "st_rae": {
        "mean": 0.8192276749502637,
        "ci_low": 0.7722368753668841,
        "ci_high": 0.8702408384472156
      },
      "mae": {
        "mean": 0.6021844301146864,
        "ci_low": 0.5678615694056828,
        "ci_high": 0.6362062218125366
      },
      "r2": {
        "mean": 0.21396479072307886,
        "ci_low": 0.1581482217305461,
        "ci_high": 0.263075223517349
      },
      "spearman_rho": {
        "mean": 0.46269663617851453,
        "ci_low": 0.410753166264602,
        "ci_high": 0.514124842344276
      },
      "kendall_tau": {
        "mean": 0.3245748905127348,
        "ci_low": 0.2867761420836819,
        "ci_high": 0.36144540276095144
      }
    },
    "per_endpoint": {
      "CYP1A2": {
        "st_rae": {
          "mean": 0.836016605431141,
          "ci_low": 0.7430552010538236,
          "ci_high": 0.9405046399025503
        },
        "mae": {
          "mean": 0.659862503588967,
          "ci_low": 0.5809742048446712,
          "ci_high": 0.7393875743314432
        },
        "r2": {
          "mean": 0.2382254587426552,
          "ci_low": 0.15131489478896737,
          "ci_high": 0.31312424393174115
        },
        "spearman_rho": {
          "mean": 0.490590100870298,
          "ci_low": 0.3906146177152067,
          "ci_high": 0.5901453326958052
        },
        "kendall_tau": {
          "mean": 0.33870234147535416,
          "ci_low": 0.2662969053310266,
          "ci_high": 0.411801442815816
        }
      },
      "CYP2C9": {
        "st_rae": {
          "mean": 0.7686580441012558,
          "ci_low": 0.6660850612123469,
          "ci_high": 0.8758991407529655
        },
        "mae": {
          "mean": 0.47459237404625015,
          "ci_low": 0.42065143431767377,
          "ci_high": 0.5301828688324088
        },
        "r2": {
          "mean": 0.2735127201166309,
          "ci_low": 0.1753188720627704,
          "ci_high": 0.37100472431993625
        },
        "spearman_rho": {
          "mean": 0.5023765090955666,
          "ci_low": 0.39296041660271797,
          "ci_high": 0.6074946814236408
        },
        "kendall_tau": {
          "mean": 0.35058539469008143,
          "ci_low": 0.26720523011239333,
          "ci_high": 0.4312615841822301
        }
      },
      "CYP2D6": {
        "st_rae": {
          "mean": 0.9901903109435548,
          "ci_low": 0.9210594595736562,
          "ci_high": 1.0662552879743281
        },
        "mae": {
          "mean": 0.6185688185410729,
          "ci_low": 0.5378583370077558,
          "ci_high": 0.6985421769353499
        },
        "r2": {
          "mean": 0.001067257158299189,
          "ci_low": -0.08141928745639906,
          "ci_high": 0.08056664765161979
        },
        "spearman_rho": {
          "mean": 0.22712069916625124,
          "ci_low": 0.10190698366795917,
          "ci_high": 0.35105533996570026
        },
        "kendall_tau": {
          "mean": 0.15419596228628968,
          "ci_low": 0.06762235197415462,
          "ci_high": 0.2412572455030161
        }
      },
      "CYP3A4": {
        "st_rae": {
          "mean": 0.6820457393251036,
          "ci_low": 0.5943148889291363,
          "ci_high": 0.7614948249197794
        },
        "mae": {
          "mean": 0.6557140242824555,
          "ci_low": 0.601737437081337,
          "ci_high": 0.7119471034844715
        },
        "r2": {
          "mean": 0.34305372687473024,
          "ci_low": 0.2082744811815927,
          "ci_high": 0.4504759522885721
        },
        "spearman_rho": {
          "mean": 0.6306992355819424,
          "ci_low": 0.5590991103959249,
          "ci_high": 0.7005537210389077
        },
        "kendall_tau": {
          "mean": 0.4548158635992138,
          "ci_low": 0.4001845281615919,
          "ci_high": 0.5124890004119717
        }
      }
    }
  },
  "epochs_run": 7,
  "fit_observations": 4177,
  "validation_observations": 1039,
  "rule": "gray_scott",
  "generations": 125,
  "hidden_channels": 16,
  "atom_feature_profile": "periodic_electronic",
  "atom_feature_count": 41,
  "atom_feature_names": [
    "element_H",
    "element_C",
    "element_N",
    "element_O",
    "element_F",
    "element_P",
    "element_S",
    "element_Cl",
    "element_Br",
    "element_I",
    "element_other",
    "formal_charge",
    "aromatic",
    "hybrid_sp",
    "hybrid_sp2",
    "hybrid_sp3",
    "hybrid_other",
    "degree",
    "total_hydrogens",
    "in_ring",
    "hbond_donor",
    "hbond_acceptor",
    "chiral_cw",
    "chiral_ccw",
    "chiral_other",
    "atomic_number",
    "atomic_mass",
    "covalent_radius",
    "vdw_radius",
    "outer_electrons",
    "period",
    "periodic_group",
    "atomic_volume",
    "electronegativity",
    "polarizability",
    "heteroatom",
    "halogen",
    "conjugated_bond_fraction",
    "first_ionization_energy",
    "electron_affinity",
    "electronic_property_missing"
  ],
  "device": "cuda",
  "gpu": "NVIDIA GeForce RTX 5070 Ti",
  "training_seconds": 113.638865700108,
  "peak_gpu_memory_bytes": 666577408,
  "runtime": {
    "operating_system": "Windows-10-10.0.26200-SP0",
    "machine": "AMD64",
    "python": "3.11.16",
    "python_executable": "C:\\Users\\Anthony\\anaconda3\\envs\\strange-matter-gpu\\python.exe",
    "pytorch": "2.11.0+cu128",
    "pytorch_cuda": "12.8",
    "device": "cuda",
    "gpu": "NVIDIA GeForce RTX 5070 Ti"
  },
  "validation_protocol": {
    "kind": "scaffold_cross_validation",
    "fold": 2,
    "folds": 5
  },
  "readout": "differentiable_closed_form_ridge",
  "hyperparameters": {
    "ca_lr": 0.003,
    "ridge": 1.0,
    "ca_l2": 1e-06,
    "gradient_clip": 1.0,
    "update_scale": 0.4,
    "init_scale": 0.5,
    "initial_noise": 0.0,
    "support_fraction": 0.75,
    "bond_temperature": 2.0,
    "dyn_a": 0.5,
    "dyn_b": 0.5,
    "dyn_c": 0.2,
    "dyn_d": 0.3,
    "lr_schedule": "cosine_0.1x"
  }
}
