{"operating_system": "Windows-10-10.0.26200-SP0", "machine": "AMD64", "python": "3.11.16", "python_executable": "C:\\Users\\Anthony\\anaconda3\\envs\\strange-matter-gpu\\python.exe", "pytorch": "2.11.0+cu128", "pytorch_cuda": "12.8", "device": "cuda", "gpu": "NVIDIA GeForce RTX 5070 Ti"}
{"epoch": 1, "train_rmse": 1.0747852070845196, "validation_rmse": 0.828404426574707, "validation_ma_st_rae": 0.8657907499279212, "validation_CYP1A2_st_rae": 0.8832159717233145, "validation_CYP2C9_st_rae": 0.7650326945835313, "validation_CYP2D6_st_rae": 0.9948767945423265, "validation_CYP3A4_st_rae": 0.8200375388625122, "mean_raw_gradient_norm": 5.030951581895351, "fraction_gradients_clipped": 1.0}
{"epoch": 2, "train_rmse": 1.0883683589596589, "validation_rmse": 0.8295871019363403, "validation_ma_st_rae": 0.866126032492269, "validation_CYP1A2_st_rae": 0.8676843154530397, "validation_CYP2C9_st_rae": 0.7847334784187334, "validation_CYP2D6_st_rae": 0.9915961036737417, "validation_CYP3A4_st_rae": 0.8204902324235616, "mean_raw_gradient_norm": 5.232455115765333, "fraction_gradients_clipped": 1.0}
{"epoch": 3, "train_rmse": 1.0308172019739954, "validation_rmse": 0.8277483582496643, "validation_ma_st_rae": 0.8650535201559876, "validation_CYP1A2_st_rae": 0.8555656190045785, "validation_CYP2C9_st_rae": 0.8013490725100147, "validation_CYP2D6_st_rae": 0.9889267113369231, "validation_CYP3A4_st_rae": 0.8143726777724338, "mean_raw_gradient_norm": 4.282614201307297, "fraction_gradients_clipped": 1.0}
{"epoch": 4, "train_rmse": 1.054181048030172, "validation_rmse": 0.8268612623214722, "validation_ma_st_rae": 0.8645436498883697, "validation_CYP1A2_st_rae": 0.8581583800186983, "validation_CYP2C9_st_rae": 0.8022039843026417, "validation_CYP2D6_st_rae": 0.985510167722094, "validation_CYP3A4_st_rae": 0.812302067510045, "mean_raw_gradient_norm": 4.664566341787577, "fraction_gradients_clipped": 1.0}
{
  "seed": 1701,
  "selection_metric": "validation_ma_st_rae",
  "best_validation_ma_st_rae": 0.8657907499279212,
  "best_validation_rmse": 0.828404426574707,
  "restored_fit_rmse": 0.8937801122665405,
  "restored_validation_rmse": 0.8284033536911011,
  "restored_fit_ma_st_rae": 0.8907064277776292,
  "restored_validation_ma_st_rae": 0.8700194951035752,
  "restored_validation_point_ma_st_rae": 0.8657917815404501,
  "restored_validation_point_st_rae_by_cyp": {
    "CYP1A2": 0.8832212248360753,
    "CYP2C9": 0.7650370425809676,
    "CYP2D6": 0.9948758046952082,
    "CYP3A4": 0.8200330540495491
  },
  "restored_fit_st_rae_by_cyp": {
    "CYP1A2": 0.9178852147952283,
    "CYP2C9": 0.8758831435997376,
    "CYP2D6": 0.9752997259094371,
    "CYP3A4": 0.7937576268061133
  },
  "restored_validation_st_rae_by_cyp": {
    "CYP1A2": 0.8863738575405888,
    "CYP2C9": 0.7716457081774858,
    "CYP2D6": 1.0005919377492865,
    "CYP3A4": 0.8214664769469396
  },
  "validation_bootstrap_metrics": {
    "n_bootstrap_samples": 1000,
    "seed": 0,
    "macro": {
      "st_rae": {
        "mean": 0.8700194951035752,
        "ci_low": 0.8070936749274901,
        "ci_high": 0.9377265168643906
      },
      "mae": {
        "mean": 0.6027682997694406,
        "ci_low": 0.5609314523466282,
        "ci_high": 0.6450419500209752
      },
      "r2": {
        "mean": 0.167442183533456,
        "ci_low": 0.10829744669353138,
        "ci_high": 0.22039975830074435
      },
      "spearman_rho": {
        "mean": 0.4335361239008568,
        "ci_low": 0.3646328738180932,
        "ci_high": 0.49879761577749754
      },
      "kendall_tau": {
        "mean": 0.30484628091806576,
        "ci_low": 0.2563455509824276,
        "ci_high": 0.35276279958145335
      }
    },
    "per_endpoint": {
      "CYP1A2": {
        "st_rae": {
          "mean": 0.8863738575405888,
          "ci_low": 0.7530882472064768,
          "ci_high": 1.0442932757855958
        },
        "mae": {
          "mean": 0.6151704749011658,
          "ci_low": 0.5040454499528442,
          "ci_high": 0.7250120599295051
        },
        "r2": {
          "mean": 0.16605028148002793,
          "ci_low": 0.042010843562007356,
          "ci_high": 0.2803192053422703
        },
        "spearman_rho": {
          "mean": 0.4791989806271437,
          "ci_low": 0.33510475162844233,
          "ci_high": 0.6074844175874634
        },
        "kendall_tau": {
          "mean": 0.33689861335212506,
          "ci_low": 0.23321365285956375,
          "ci_high": 0.43462336704785054
        }
      },
      "CYP2C9": {
        "st_rae": {
          "mean": 0.7716457081774858,
          "ci_low": 0.6087362660667721,
          "ci_high": 0.960104512454855
        },
        "mae": {
          "mean": 0.517805460962936,
          "ci_low": 0.4499674996755419,
          "ci_high": 0.5894703475663261
        },
        "r2": {
          "mean": 0.2780584199929318,
          "ci_low": 0.11213663881267998,
          "ci_high": 0.40192578196686846
        },
        "spearman_rho": {
          "mean": 0.4943750232484016,
          "ci_low": 0.35176534912609747,
          "ci_high": 0.6273598227942276
        },
        "kendall_tau": {
          "mean": 0.3508753027282619,
          "ci_low": 0.24309639649369644,
          "ci_high": 0.45105565242226314
        }
      },
      "CYP2D6": {
        "st_rae": {
          "mean": 1.0005919377492865,
          "ci_low": 0.9006792349071917,
          "ci_high": 1.1082755486031037
        },
        "mae": {
          "mean": 0.5386361329990363,
          "ci_low": 0.4575045862287845,
          "ci_high": 0.6221318992053937
        },
        "r2": {
          "mean": -0.02106582816698003,
          "ci_low": -0.14376829806570096,
          "ci_high": 0.09083063528270749
        },
        "spearman_rho": {
          "mean": 0.25535773668369427,
          "ci_low": 0.10120947459979796,
          "ci_high": 0.4014408991306451
        },
        "kendall_tau": {
          "mean": 0.17174203507171734,
          "ci_low": 0.0643141092950159,
          "ci_high": 0.2773941835160711
        }
      },
      "CYP3A4": {
        "st_rae": {
          "mean": 0.8214664769469396,
          "ci_low": 0.7319176874564252,
          "ci_high": 0.9063614445129494
        },
        "mae": {
          "mean": 0.7394611302146241,
          "ci_low": 0.6773132247373093,
          "ci_high": 0.8042642944977304
        },
        "r2": {
          "mean": 0.24672586082784423,
          "ci_low": 0.16769246169712135,
          "ci_high": 0.3222377538307464
        },
        "spearman_rho": {
          "mean": 0.5052127550441875,
          "ci_low": 0.39977743025968177,
          "ci_high": 0.6051153653896036
        },
        "kendall_tau": {
          "mean": 0.3598691725201587,
          "ci_low": 0.28338925740948046,
          "ci_high": 0.43675641570357887
        }
      }
    }
  },
  "epochs_run": 4,
  "fit_observations": 2652,
  "validation_observations": 680,
  "rule": "gated_residual",
  "generations": 64,
  "hidden_channels": 8,
  "atom_feature_profile": "electronic_local",
  "atom_feature_count": 37,
  "atom_feature_names": [
    "element_H",
    "element_C",
    "element_N",
    "element_O",
    "element_F",
    "element_P",
    "element_S",
    "element_Cl",
    "element_Br",
    "element_I",
    "element_other",
    "formal_charge",
    "aromatic",
    "hybrid_sp",
    "hybrid_sp2",
    "hybrid_sp3",
    "hybrid_other",
    "degree",
    "total_hydrogens",
    "in_ring",
    "hbond_donor",
    "hbond_acceptor",
    "chiral_cw",
    "chiral_ccw",
    "chiral_other",
    "electronegativity",
    "polarizability",
    "heteroatom",
    "halogen",
    "conjugated_bond_fraction",
    "first_ionization_energy",
    "electron_affinity",
    "electronic_property_missing",
    "mean_neighbour_electronegativity",
    "electronegativity_difference",
    "mean_neighbour_atomic_number",
    "neighbour_formal_charge"
  ],
  "device": "cuda",
  "gpu": "NVIDIA GeForce RTX 5070 Ti",
  "training_seconds": 26.638803499983624,
  "peak_gpu_memory_bytes": 138249728,
  "runtime": {
    "operating_system": "Windows-10-10.0.26200-SP0",
    "machine": "AMD64",
    "python": "3.11.16",
    "python_executable": "C:\\Users\\Anthony\\anaconda3\\envs\\strange-matter-gpu\\python.exe",
    "pytorch": "2.11.0+cu128",
    "pytorch_cuda": "12.8",
    "device": "cuda",
    "gpu": "NVIDIA GeForce RTX 5070 Ti"
  },
  "validation_protocol": {
    "kind": "scaffold_cross_validation",
    "fold": 0,
    "folds": 5
  },
  "readout": "differentiable_closed_form_ridge",
  "hyperparameters": {
    "ca_lr": 0.001,
    "ridge": 1.0,
    "ca_l2": 1e-05,
    "gradient_clip": 1.0,
    "update_scale": 0.4,
    "init_scale": 1.5,
    "initial_noise": 0.005,
    "support_fraction": 0.6,
    "bond_temperature": 1.0,
    "dyn_a": 0.8,
    "dyn_b": 0.8,
    "dyn_c": 0.8,
    "dyn_d": 0.05,
    "lr_schedule": "cosine_0.1x"
  }
}
