{"operating_system": "macOS-26.2-arm64-arm-64bit", "machine": "arm64", "python": "3.10.19", "python_executable": "/opt/anaconda3/envs/kcc2/bin/python3.10", "pytorch": "2.8.0", "pytorch_cuda": null, "device": "cpu", "gpu": null}
{"epoch": 1, "train_rmse": 1.5271798894716653, "validation_rmse": 0.9136032462120056, "mean_raw_gradient_norm": 157.96584719996298, "fraction_gradients_clipped": 1.0}
{"epoch": 2, "train_rmse": 1.3351641039257294, "validation_rmse": 0.9137281775474548, "mean_raw_gradient_norm": 157.01767044682657, "fraction_gradients_clipped": 1.0}
{"epoch": 3, "train_rmse": 1.3264848248276497, "validation_rmse": 0.9078301191329956, "mean_raw_gradient_norm": 100.78260237170804, "fraction_gradients_clipped": 1.0}
{"epoch": 4, "train_rmse": 1.3913570944915663, "validation_rmse": 0.9030353426933289, "mean_raw_gradient_norm": 221.8022005634923, "fraction_gradients_clipped": 1.0}
{"epoch": 5, "train_rmse": 8.736652280030025, "validation_rmse": 0.8969326615333557, "mean_raw_gradient_norm": 10222.720098064792, "fraction_gradients_clipped": 1.0}
{"epoch": 6, "train_rmse": 3.570798244522788, "validation_rmse": 0.905731201171875, "mean_raw_gradient_norm": 2257.0189247131348, "fraction_gradients_clipped": 1.0}
{"epoch": 7, "train_rmse": 9.657556282509999, "validation_rmse": 0.9070860743522644, "mean_raw_gradient_norm": 11027.25932822689, "fraction_gradients_clipped": 1.0}
{"epoch": 8, "train_rmse": 1.343524072147654, "validation_rmse": 0.9053099155426025, "mean_raw_gradient_norm": 100.28587396683231, "fraction_gradients_clipped": 1.0}
{"epoch": 9, "train_rmse": 1.36660020310827, "validation_rmse": 0.9032424688339233, "mean_raw_gradient_norm": 125.40486811053368, "fraction_gradients_clipped": 1.0}
{
  "seed": 4211,
  "best_validation_rmse": 0.8969326615333557,
  "restored_fit_rmse": 0.8435381650924683,
  "restored_validation_rmse": 0.8969326615333557,
  "epochs_run": 9,
  "fit_observations": 5216,
  "validation_observations": 1309,
  "rule": "fitzhugh_nagumo",
  "generations": 16,
  "hidden_channels": 16,
  "device": "cpu",
  "gpu": null,
  "training_seconds": 56.51245124998968,
  "peak_gpu_memory_bytes": 0,
  "runtime": {
    "operating_system": "macOS-26.2-arm64-arm-64bit",
    "machine": "arm64",
    "python": "3.10.19",
    "python_executable": "/opt/anaconda3/envs/kcc2/bin/python3.10",
    "pytorch": "2.8.0",
    "pytorch_cuda": null,
    "device": "cpu",
    "gpu": null
  },
  "readout": "differentiable_closed_form_ridge",
  "hyperparameters": {
    "ca_lr": 0.001,
    "ridge": 0.1,
    "ca_l2": 1e-05,
    "gradient_clip": 1.0,
    "update_scale": 0.4,
    "init_scale": 0.5,
    "initial_noise": 0.0,
    "support_fraction": 0.85,
    "bond_temperature": 2.0,
    "dyn_a": 0.2,
    "dyn_b": 0.5,
    "dyn_c": 0.8,
    "dyn_d": 0.3,
    "lr_schedule": "cosine_0.1x"
  }
}
