{"operating_system": "Windows-10-10.0.26200-SP0", "machine": "AMD64", "python": "3.11.16", "python_executable": "C:\\Users\\Anthony\\anaconda3\\envs\\strange-matter-gpu\\python.exe", "pytorch": "2.11.0+cu128", "pytorch_cuda": "12.8", "device": "cuda", "gpu": "NVIDIA GeForce RTX 5070 Ti"}
{"epoch": 1, "train_rmse": 0.9682299890456516, "validation_rmse": 0.8949977159500122, "validation_ma_st_rae": 0.8871430686336715, "validation_CYP1A2_st_rae": 0.8046462193562738, "validation_CYP2C9_st_rae": 0.9029619200436558, "validation_CYP2D6_st_rae": 1.030966595141378, "validation_CYP3A4_st_rae": 0.8099975399933786, "mean_raw_gradient_norm": 4.240975260734558, "fraction_gradients_clipped": 1.0}
{"epoch": 2, "train_rmse": 0.9959208386852542, "validation_rmse": 0.8880807161331177, "validation_ma_st_rae": 0.8767260363669391, "validation_CYP1A2_st_rae": 0.8160528671984423, "validation_CYP2C9_st_rae": 0.8827009104533483, "validation_CYP2D6_st_rae": 1.0206489779129413, "validation_CYP3A4_st_rae": 0.7875013899030248, "mean_raw_gradient_norm": 4.372940540313721, "fraction_gradients_clipped": 1.0}
{"epoch": 3, "train_rmse": 0.9681475815192396, "validation_rmse": 0.8857434988021851, "validation_ma_st_rae": 0.8762604204696244, "validation_CYP1A2_st_rae": 0.8280770678635052, "validation_CYP2C9_st_rae": 0.8669225662716933, "validation_CYP2D6_st_rae": 1.0188738532572335, "validation_CYP3A4_st_rae": 0.7911681944860659, "mean_raw_gradient_norm": 4.830554082989693, "fraction_gradients_clipped": 1.0}
{"epoch": 4, "train_rmse": 0.9204629189982783, "validation_rmse": 0.8836182355880737, "validation_ma_st_rae": 0.871257358462717, "validation_CYP1A2_st_rae": 0.8286541105368304, "validation_CYP2C9_st_rae": 0.8652139404861777, "validation_CYP2D6_st_rae": 1.0098512383394957, "validation_CYP3A4_st_rae": 0.7813101444883641, "mean_raw_gradient_norm": 5.093511261045933, "fraction_gradients_clipped": 1.0}
{"epoch": 5, "train_rmse": 1.0237075263245092, "validation_rmse": 0.883090615272522, "validation_ma_st_rae": 0.8702540746412841, "validation_CYP1A2_st_rae": 0.829169375270683, "validation_CYP2C9_st_rae": 0.8628939021051737, "validation_CYP2D6_st_rae": 1.0096744267948232, "validation_CYP3A4_st_rae": 0.7792785943944569, "mean_raw_gradient_norm": 5.21330201625824, "fraction_gradients_clipped": 1.0}
{
  "seed": 1701,
  "selection_metric": "validation_ma_st_rae",
  "best_validation_ma_st_rae": 0.871257358462717,
  "best_validation_rmse": 0.8836182355880737,
  "restored_fit_rmse": 0.8846165537834167,
  "restored_validation_rmse": 0.8836185932159424,
  "restored_fit_ma_st_rae": 0.8845801206054584,
  "restored_validation_ma_st_rae": 0.8762362258655868,
  "restored_validation_point_ma_st_rae": 0.8712578039462359,
  "restored_validation_point_st_rae_by_cyp": {
    "CYP1A2": 0.8286540388841936,
    "CYP2C9": 0.8652137200106474,
    "CYP2D6": 1.0098516802603428,
    "CYP3A4": 0.7813117766297598
  },
  "restored_fit_st_rae_by_cyp": {
    "CYP1A2": 0.899240047542449,
    "CYP2C9": 0.8467268104863199,
    "CYP2D6": 1.007006874316071,
    "CYP3A4": 0.7853467500769944
  },
  "restored_validation_st_rae_by_cyp": {
    "CYP1A2": 0.8307966272237057,
    "CYP2C9": 0.8749884664543551,
    "CYP2D6": 1.0155695069231754,
    "CYP3A4": 0.7835903028611108
  },
  "validation_bootstrap_metrics": {
    "n_bootstrap_samples": 1000,
    "seed": 0,
    "macro": {
      "st_rae": {
        "mean": 0.8762362258655868,
        "ci_low": 0.8148111007284913,
        "ci_high": 0.9424479574907575
      },
      "mae": {
        "mean": 0.6488495416503326,
        "ci_low": 0.6055738602130138,
        "ci_high": 0.6924942286744474
      },
      "r2": {
        "mean": 0.16021723881720598,
        "ci_low": 0.09151584837603206,
        "ci_high": 0.2222207721485762
      },
      "spearman_rho": {
        "mean": 0.3847247514007648,
        "ci_low": 0.3153517040380306,
        "ci_high": 0.45144023631674507
      },
      "kendall_tau": {
        "mean": 0.2685720410798185,
        "ci_low": 0.21849335237702858,
        "ci_high": 0.3160501340070542
      }
    },
    "per_endpoint": {
      "CYP1A2": {
        "st_rae": {
          "mean": 0.8307966272237057,
          "ci_low": 0.7323073491333298,
          "ci_high": 0.953114674639429
        },
        "mae": {
          "mean": 0.7172143554695044,
          "ci_low": 0.6148738713958595,
          "ci_high": 0.822316182527361
        },
        "r2": {
          "mean": 0.1876809833738903,
          "ci_low": 0.0929468052996498,
          "ci_high": 0.2707290292642499
        },
        "spearman_rho": {
          "mean": 0.45470438369325866,
          "ci_low": 0.32064429967200425,
          "ci_high": 0.5658808186344197
        },
        "kendall_tau": {
          "mean": 0.311247453577666,
          "ci_low": 0.21811447726371674,
          "ci_high": 0.3933969822973122
        }
      },
      "CYP2C9": {
        "st_rae": {
          "mean": 0.8749884664543551,
          "ci_low": 0.6886558248728429,
          "ci_high": 1.08519531924052
        },
        "mae": {
          "mean": 0.5051601864373096,
          "ci_low": 0.4371147296956328,
          "ci_high": 0.5719535023951139
        },
        "r2": {
          "mean": 0.2056758325962086,
          "ci_low": -0.022703080164680076,
          "ci_high": 0.38172451870385327
        },
        "spearman_rho": {
          "mean": 0.3820961800623844,
          "ci_low": 0.21523244531040647,
          "ci_high": 0.5298207715879003
        },
        "kendall_tau": {
          "mean": 0.266253374451561,
          "ci_low": 0.1463290656674986,
          "ci_high": 0.3771282809711707
        }
      },
      "CYP2D6": {
        "st_rae": {
          "mean": 1.0155695069231754,
          "ci_low": 0.9269135931206465,
          "ci_high": 1.117932450251003
        },
        "mae": {
          "mean": 0.6501401576759122,
          "ci_low": 0.5445500375108516,
          "ci_high": 0.7619500250681072
        },
        "r2": {
          "mean": -0.013822635901856763,
          "ci_low": -0.13243745134538462,
          "ci_high": 0.08868233654829244
        },
        "spearman_rho": {
          "mean": 0.20132580217942064,
          "ci_low": 0.03723054088836853,
          "ci_high": 0.3706175919045936
        },
        "kendall_tau": {
          "mean": 0.1398975861397231,
          "ci_low": 0.02621449251288889,
          "ci_high": 0.2613063032205988
        }
      },
      "CYP3A4": {
        "st_rae": {
          "mean": 0.7835903028611108,
          "ci_low": 0.6962885047016404,
          "ci_high": 0.8729389802426617
        },
        "mae": {
          "mean": 0.7228834670186043,
          "ci_low": 0.6546489647258136,
          "ci_high": 0.7919595125620648
        },
        "r2": {
          "mean": 0.2613347752005817,
          "ci_low": 0.15231174650487883,
          "ci_high": 0.35923417535095337
        },
        "spearman_rho": {
          "mean": 0.5007726396679956,
          "ci_low": 0.3946929923489469,
          "ci_high": 0.6023695959449635
        },
        "kendall_tau": {
          "mean": 0.356889750150324,
          "ci_low": 0.2775179972852212,
          "ci_high": 0.43395208929455353
        }
      }
    }
  },
  "epochs_run": 5,
  "fit_observations": 2636,
  "validation_observations": 657,
  "rule": "inertial_reaction_diffusion",
  "generations": 500,
  "hidden_channels": 4,
  "atom_feature_profile": "electronic_local",
  "atom_feature_count": 37,
  "atom_feature_names": [
    "element_H",
    "element_C",
    "element_N",
    "element_O",
    "element_F",
    "element_P",
    "element_S",
    "element_Cl",
    "element_Br",
    "element_I",
    "element_other",
    "formal_charge",
    "aromatic",
    "hybrid_sp",
    "hybrid_sp2",
    "hybrid_sp3",
    "hybrid_other",
    "degree",
    "total_hydrogens",
    "in_ring",
    "hbond_donor",
    "hbond_acceptor",
    "chiral_cw",
    "chiral_ccw",
    "chiral_other",
    "electronegativity",
    "polarizability",
    "heteroatom",
    "halogen",
    "conjugated_bond_fraction",
    "first_ionization_energy",
    "electron_affinity",
    "electronic_property_missing",
    "mean_neighbour_electronegativity",
    "electronegativity_difference",
    "mean_neighbour_atomic_number",
    "neighbour_formal_charge"
  ],
  "device": "cuda",
  "gpu": "NVIDIA GeForce RTX 5070 Ti",
  "training_seconds": 146.00865199998952,
  "peak_gpu_memory_bytes": 658007040,
  "runtime": {
    "operating_system": "Windows-10-10.0.26200-SP0",
    "machine": "AMD64",
    "python": "3.11.16",
    "python_executable": "C:\\Users\\Anthony\\anaconda3\\envs\\strange-matter-gpu\\python.exe",
    "pytorch": "2.11.0+cu128",
    "pytorch_cuda": "12.8",
    "device": "cuda",
    "gpu": "NVIDIA GeForce RTX 5070 Ti"
  },
  "validation_protocol": {
    "kind": "scaffold_cross_validation",
    "fold": 2,
    "folds": 5
  },
  "readout": "differentiable_closed_form_ridge",
  "prediction_mode": "direct",
  "residual_alpha": null,
  "trajectory_pooling": "legacy",
  "ridge_mode": "shared",
  "loss_mode": "mse",
  "interval_loss_beta": 0.0,
  "interval_temperature": 0.05,
  "hyperparameters": {
    "ca_lr": 0.001,
    "ridge": 1.0,
    "ca_l2": 1e-05,
    "gradient_clip": 1.0,
    "update_scale": 0.08,
    "init_scale": 1.5,
    "initial_noise": 0.0,
    "support_fraction": 0.85,
    "bond_temperature": 1.0,
    "dyn_a": 0.8,
    "dyn_b": 0.8,
    "dyn_c": 0.8,
    "dyn_d": 0.15,
    "lr_schedule": "cosine_0.1x"
  }
}
