{"device": "cuda", "gpu": "NVIDIA GeForce RTX 5070 Ti", "pytorch": "2.11.0+cu128", "pytorch_cuda": "12.8"}
{"epoch": 1, "train_rmse": 1.3185715026877676, "validation_rmse": 0.9864189028739929, "mean_raw_gradient_norm": 47.250753498077394, "fraction_gradients_clipped": 1.0}
{"epoch": 2, "train_rmse": 1.312149558697306, "validation_rmse": 0.9863049983978271, "mean_raw_gradient_norm": 25.141565608978272, "fraction_gradients_clipped": 1.0}
{"epoch": 3, "train_rmse": 1.357310324932709, "validation_rmse": 0.9863036870956421, "mean_raw_gradient_norm": 35.973140239715576, "fraction_gradients_clipped": 1.0}
{
  "seed": 1701,
  "best_validation_rmse": 0.9864189028739929,
  "restored_fit_rmse": 0.8877217769622803,
  "restored_validation_rmse": 0.9864253401756287,
  "epochs_run": 3,
  "fit_observations": 791,
  "validation_observations": 273,
  "rule": "damped_symplectic",
  "generations": 32,
  "hidden_channels": 8,
  "device": "cuda",
  "gpu": "NVIDIA GeForce RTX 5070 Ti",
  "training_seconds": 4.199906499939971,
  "peak_gpu_memory_bytes": 56939008,
  "readout": "differentiable_closed_form_ridge",
  "hyperparameters": {
    "ca_lr": 0.0003,
    "ridge": 0.01,
    "ca_l2": 1e-05,
    "gradient_clip": 1.0,
    "update_scale": 0.08,
    "init_scale": 1.0,
    "initial_noise": 0.0,
    "support_fraction": 0.85,
    "bond_temperature": 2.0,
    "dyn_a": 0.2,
    "dyn_b": 0.5,
    "dyn_c": 0.2,
    "dyn_d": 0.3,
    "lr_schedule": "cosine_0.1x"
  }
}
