{"operating_system": "Windows-10-10.0.26200-SP0", "machine": "AMD64", "python": "3.11.16", "python_executable": "C:\\Users\\Anthony\\anaconda3\\envs\\strange-matter-gpu\\python.exe", "pytorch": "2.11.0+cu128", "pytorch_cuda": "12.8", "device": "cuda", "gpu": "NVIDIA GeForce RTX 5070 Ti"}
{"epoch": 1, "train_rmse": 1.3112369702566837, "validation_rmse": 0.9100801348686218, "mean_raw_gradient_norm": 21.56972006059462, "fraction_gradients_clipped": 1.0}
{"epoch": 2, "train_rmse": 1.2894872664816739, "validation_rmse": 0.911078691482544, "mean_raw_gradient_norm": 20.501991264281735, "fraction_gradients_clipped": 1.0}
{"epoch": 3, "train_rmse": 1.2525838313556013, "validation_rmse": 0.9060062766075134, "mean_raw_gradient_norm": 17.038447983803287, "fraction_gradients_clipped": 1.0}
{"epoch": 4, "train_rmse": 1.3256589823951535, "validation_rmse": 0.9036826491355896, "mean_raw_gradient_norm": 20.450812505137534, "fraction_gradients_clipped": 1.0}
{"epoch": 5, "train_rmse": 1.2521637588823518, "validation_rmse": 0.9044158458709717, "mean_raw_gradient_norm": 21.966192714629635, "fraction_gradients_clipped": 1.0}
{"epoch": 6, "train_rmse": 1.2231991713805617, "validation_rmse": 0.9021967053413391, "mean_raw_gradient_norm": 14.615791524610211, "fraction_gradients_clipped": 1.0}
{"epoch": 7, "train_rmse": 1.174923356251641, "validation_rmse": 0.9016929864883423, "mean_raw_gradient_norm": 15.059477856082301, "fraction_gradients_clipped": 1.0}
{"epoch": 8, "train_rmse": 1.221771078781742, "validation_rmse": 0.9019092321395874, "mean_raw_gradient_norm": 14.827548646157787, "fraction_gradients_clipped": 1.0}
{"epoch": 9, "train_rmse": 1.1328425923963321, "validation_rmse": 0.9009169936180115, "mean_raw_gradient_norm": 12.768007251524157, "fraction_gradients_clipped": 1.0}
{"epoch": 10, "train_rmse": 1.1112955668118534, "validation_rmse": 0.9008522629737854, "mean_raw_gradient_norm": 13.446239894436252, "fraction_gradients_clipped": 1.0}
{"epoch": 11, "train_rmse": 1.2102984577092526, "validation_rmse": 0.9010900259017944, "mean_raw_gradient_norm": 12.974066319004182, "fraction_gradients_clipped": 1.0}
{
  "seed": 1701,
  "best_validation_rmse": 0.9021967053413391,
  "restored_fit_rmse": 0.8382951617240906,
  "restored_validation_rmse": 0.902116596698761,
  "epochs_run": 11,
  "fit_observations": 5216,
  "validation_observations": 1309,
  "rule": "coupled_map",
  "generations": 16,
  "hidden_channels": 16,
  "atom_feature_profile": "periodic",
  "atom_feature_count": 30,
  "atom_feature_names": [
    "element_H",
    "element_C",
    "element_N",
    "element_O",
    "element_F",
    "element_P",
    "element_S",
    "element_Cl",
    "element_Br",
    "element_I",
    "element_other",
    "formal_charge",
    "aromatic",
    "hybrid_sp",
    "hybrid_sp2",
    "hybrid_sp3",
    "hybrid_other",
    "degree",
    "total_hydrogens",
    "in_ring",
    "hbond_donor",
    "hbond_acceptor",
    "chiral_cw",
    "chiral_ccw",
    "chiral_other",
    "atomic_number",
    "atomic_mass",
    "covalent_radius",
    "vdw_radius",
    "outer_electrons"
  ],
  "device": "cuda",
  "gpu": "NVIDIA GeForce RTX 5070 Ti",
  "training_seconds": 65.21713899995666,
  "peak_gpu_memory_bytes": 72386048,
  "runtime": {
    "operating_system": "Windows-10-10.0.26200-SP0",
    "machine": "AMD64",
    "python": "3.11.16",
    "python_executable": "C:\\Users\\Anthony\\anaconda3\\envs\\strange-matter-gpu\\python.exe",
    "pytorch": "2.11.0+cu128",
    "pytorch_cuda": "12.8",
    "device": "cuda",
    "gpu": "NVIDIA GeForce RTX 5070 Ti"
  },
  "readout": "differentiable_closed_form_ridge",
  "hyperparameters": {
    "ca_lr": 0.001,
    "ridge": 0.1,
    "ca_l2": 1e-05,
    "gradient_clip": 1.0,
    "update_scale": 0.4,
    "init_scale": 0.5,
    "initial_noise": 0.0,
    "support_fraction": 0.85,
    "bond_temperature": 2.0,
    "dyn_a": 0.2,
    "dyn_b": 0.5,
    "dyn_c": 0.8,
    "dyn_d": 0.3,
    "lr_schedule": "cosine_0.1x"
  }
}
