{"operating_system": "macOS-26.2-arm64-arm-64bit", "machine": "arm64", "python": "3.10.19", "python_executable": "/opt/anaconda3/envs/kcc2/bin/python3.10", "pytorch": "2.8.0", "pytorch_cuda": null, "device": "cpu", "gpu": null}
{"epoch": 1, "train_rmse": 1.3916338915921502, "validation_rmse": 1.022547960281372, "mean_raw_gradient_norm": 27.560976791381837, "fraction_gradients_clipped": 1.0}
{"epoch": 2, "train_rmse": 1.4158325663739761, "validation_rmse": 1.0212292671203613, "mean_raw_gradient_norm": 35.55186157226562, "fraction_gradients_clipped": 1.0}
{"epoch": 3, "train_rmse": 1.4232299229151208, "validation_rmse": 1.02100670337677, "mean_raw_gradient_norm": 37.434773683547974, "fraction_gradients_clipped": 1.0}
{
  "seed": 1701,
  "best_validation_rmse": 1.022547960281372,
  "restored_fit_rmse": 0.9088785648345947,
  "restored_validation_rmse": 1.022547960281372,
  "epochs_run": 3,
  "fit_observations": 791,
  "validation_observations": 273,
  "rule": "delayed_memory",
  "generations": 64,
  "hidden_channels": 8,
  "device": "cpu",
  "gpu": null,
  "training_seconds": 6.272061416064389,
  "peak_gpu_memory_bytes": 0,
  "runtime": {
    "operating_system": "macOS-26.2-arm64-arm-64bit",
    "machine": "arm64",
    "python": "3.10.19",
    "python_executable": "/opt/anaconda3/envs/kcc2/bin/python3.10",
    "pytorch": "2.8.0",
    "pytorch_cuda": null,
    "device": "cpu",
    "gpu": null
  },
  "readout": "differentiable_closed_form_ridge",
  "hyperparameters": {
    "ca_lr": 0.0003,
    "ridge": 0.1,
    "ca_l2": 0.0001,
    "gradient_clip": 0.5,
    "update_scale": 0.08,
    "init_scale": 1.5,
    "initial_noise": 0.005,
    "support_fraction": 0.6,
    "bond_temperature": 0.5,
    "dyn_a": 0.2,
    "dyn_b": 0.8,
    "dyn_c": 0.8,
    "dyn_d": 0.05,
    "lr_schedule": "cosine_0.1x"
  }
}
