{"operating_system": "Windows-10-10.0.26200-SP0", "machine": "AMD64", "python": "3.11.16", "python_executable": "C:\\Users\\Anthony\\anaconda3\\envs\\strange-matter-gpu\\python.exe", "pytorch": "2.11.0+cu128", "pytorch_cuda": "12.8", "device": "cuda", "gpu": "NVIDIA GeForce RTX 5070 Ti"}
{"epoch": 1, "train_rmse": 1.700798258172899, "validation_rmse": 0.8720688223838806, "validation_ma_st_rae": 0.9434847087117745, "validation_CYP1A2_st_rae": 0.9070280250514173, "validation_CYP2C9_st_rae": 0.9434048025002806, "validation_CYP2D6_st_rae": 0.9606273806633752, "validation_CYP3A4_st_rae": 0.962878626632025, "mean_raw_gradient_norm": 21.143771505355836, "fraction_gradients_clipped": 1.0}
{"epoch": 2, "train_rmse": 1.379545615064096, "validation_rmse": 0.8564428687095642, "validation_ma_st_rae": 0.9282627539023982, "validation_CYP1A2_st_rae": 0.8330211061266841, "validation_CYP2C9_st_rae": 1.01055504013377, "validation_CYP2D6_st_rae": 0.970979826940715, "validation_CYP3A4_st_rae": 0.8984950424084241, "mean_raw_gradient_norm": 19.415367317199706, "fraction_gradients_clipped": 1.0}
{"epoch": 3, "train_rmse": 1.3004465194253843, "validation_rmse": 0.851662278175354, "validation_ma_st_rae": 0.9134761209092649, "validation_CYP1A2_st_rae": 0.854130817114976, "validation_CYP2C9_st_rae": 0.9641837571587553, "validation_CYP2D6_st_rae": 0.9258285643749827, "validation_CYP3A4_st_rae": 0.9097613449883455, "mean_raw_gradient_norm": 11.172971487045288, "fraction_gradients_clipped": 1.0}
{
  "seed": 1701,
  "selection_metric": "validation_ma_st_rae",
  "best_validation_ma_st_rae": 0.9134761209092649,
  "best_validation_rmse": 0.851662278175354,
  "restored_fit_rmse": 0.9571107029914856,
  "restored_validation_rmse": 0.8516640067100525,
  "restored_fit_ma_st_rae": 0.8915917012926073,
  "restored_validation_ma_st_rae": 0.9275592797838742,
  "restored_validation_point_ma_st_rae": 0.9134793165265794,
  "restored_validation_point_st_rae_by_cyp": {
    "CYP1A2": 0.8541390980516412,
    "CYP2C9": 0.964182841630789,
    "CYP2D6": 0.9258320667508159,
    "CYP3A4": 0.9097632596730719
  },
  "restored_fit_st_rae_by_cyp": {
    "CYP1A2": 0.8284586937907129,
    "CYP2C9": 0.8772465393751816,
    "CYP2D6": 0.9624400739958175,
    "CYP3A4": 0.8982214980087174
  },
  "restored_validation_st_rae_by_cyp": {
    "CYP1A2": 0.8577675079728585,
    "CYP2C9": 0.9899918175907085,
    "CYP2D6": 0.9381888204500358,
    "CYP3A4": 0.9242889731218941
  },
  "validation_bootstrap_metrics": {
    "n_bootstrap_samples": 1000,
    "seed": 0,
    "macro": {
      "st_rae": {
        "mean": 0.9275592797838742,
        "ci_low": 0.8259453991757542,
        "ci_high": 1.04404487472417
      },
      "mae": {
        "mean": 0.6287409318867343,
        "ci_low": 0.5666523482016822,
        "ci_high": 0.6960645256408605
      },
      "r2": {
        "mean": 0.09152566078542,
        "ci_low": -0.0066806209028177745,
        "ci_high": 0.1855265559928837
      },
      "spearman_rho": {
        "mean": 0.3776543426371412,
        "ci_low": 0.26892256837781925,
        "ci_high": 0.4836483109552724
      },
      "kendall_tau": {
        "mean": 0.2632475845795023,
        "ci_low": 0.18654350808936276,
        "ci_high": 0.3409897388360805
      }
    },
    "per_endpoint": {
      "CYP1A2": {
        "st_rae": {
          "mean": 0.8577675079728585,
          "ci_low": 0.6091450410265961,
          "ci_high": 1.149259044524476
        },
        "mae": {
          "mean": 0.5974351008485576,
          "ci_low": 0.45414122987966066,
          "ci_high": 0.7599519345604006
        },
        "r2": {
          "mean": 0.2176155029500832,
          "ci_low": 0.006854833778672595,
          "ci_high": 0.40638519030394915
        },
        "spearman_rho": {
          "mean": 0.5710577100236233,
          "ci_low": 0.395792371545937,
          "ci_high": 0.7266921402354126
        },
        "kendall_tau": {
          "mean": 0.4127809678442349,
          "ci_low": 0.27010274542429286,
          "ci_high": 0.548412158533529
        }
      },
      "CYP2C9": {
        "st_rae": {
          "mean": 0.9899918175907085,
          "ci_low": 0.734894951595257,
          "ci_high": 1.3046043811029921
        },
        "mae": {
          "mean": 0.5637384974280993,
          "ci_low": 0.4448686753710111,
          "ci_high": 0.6842948252956073
        },
        "r2": {
          "mean": -0.026131022659474513,
          "ci_low": -0.29575885537035906,
          "ci_high": 0.19732527739868894
        },
        "spearman_rho": {
          "mean": 0.364906910190684,
          "ci_low": 0.11800209787981404,
          "ci_high": 0.5901118516564672
        },
        "kendall_tau": {
          "mean": 0.2496898317641864,
          "ci_low": 0.07439726625951855,
          "ci_high": 0.4165995397008055
        }
      },
      "CYP2D6": {
        "st_rae": {
          "mean": 0.9381888204500358,
          "ci_low": 0.7780808534578777,
          "ci_high": 1.1108727508906073
        },
        "mae": {
          "mean": 0.5461974765557509,
          "ci_low": 0.4291335889009329,
          "ci_high": 0.6805691426533919
        },
        "r2": {
          "mean": 0.06634663100532416,
          "ci_low": -0.12928831466922575,
          "ci_high": 0.2158759573960527
        },
        "spearman_rho": {
          "mean": 0.2847472492394407,
          "ci_low": 0.05485001333518407,
          "ci_high": 0.4950275108139776
        },
        "kendall_tau": {
          "mean": 0.19257545758989772,
          "ci_low": 0.031221806390789496,
          "ci_high": 0.3486481173701595
        }
      },
      "CYP3A4": {
        "st_rae": {
          "mean": 0.9242889731218941,
          "ci_low": 0.8093131289110269,
          "ci_high": 1.0849177545561597
        },
        "mae": {
          "mean": 0.8075926527145296,
          "ci_low": 0.6930899917386298,
          "ci_high": 0.9229288605756538
        },
        "r2": {
          "mean": 0.1082715318457472,
          "ci_low": 0.0002718364076386907,
          "ci_high": 0.21665863604103702
        },
        "spearman_rho": {
          "mean": 0.2899055010948167,
          "ci_low": 0.07510454713614503,
          "ci_high": 0.4841962418890477
        },
        "kendall_tau": {
          "mean": 0.19794408111969022,
          "ci_low": 0.04677410888316723,
          "ci_high": 0.3429960107205648
        }
      }
    }
  },
  "epochs_run": 3,
  "fit_observations": 806,
  "validation_observations": 272,
  "rule": "kuramoto_sakaguchi",
  "generations": 64,
  "hidden_channels": 8,
  "atom_feature_profile": "electronic_local",
  "atom_feature_count": 37,
  "atom_feature_names": [
    "element_H",
    "element_C",
    "element_N",
    "element_O",
    "element_F",
    "element_P",
    "element_S",
    "element_Cl",
    "element_Br",
    "element_I",
    "element_other",
    "formal_charge",
    "aromatic",
    "hybrid_sp",
    "hybrid_sp2",
    "hybrid_sp3",
    "hybrid_other",
    "degree",
    "total_hydrogens",
    "in_ring",
    "hbond_donor",
    "hbond_acceptor",
    "chiral_cw",
    "chiral_ccw",
    "chiral_other",
    "electronegativity",
    "polarizability",
    "heteroatom",
    "halogen",
    "conjugated_bond_fraction",
    "first_ionization_energy",
    "electron_affinity",
    "electronic_property_missing",
    "mean_neighbour_electronegativity",
    "electronegativity_difference",
    "mean_neighbour_atomic_number",
    "neighbour_formal_charge"
  ],
  "device": "cuda",
  "gpu": "NVIDIA GeForce RTX 5070 Ti",
  "training_seconds": 8.099429699941538,
  "peak_gpu_memory_bytes": 131846144,
  "runtime": {
    "operating_system": "Windows-10-10.0.26200-SP0",
    "machine": "AMD64",
    "python": "3.11.16",
    "python_executable": "C:\\Users\\Anthony\\anaconda3\\envs\\strange-matter-gpu\\python.exe",
    "pytorch": "2.11.0+cu128",
    "pytorch_cuda": "12.8",
    "device": "cuda",
    "gpu": "NVIDIA GeForce RTX 5070 Ti"
  },
  "validation_protocol": {
    "kind": "scaffold_cross_validation",
    "fold": 0,
    "folds": 5
  },
  "readout": "differentiable_closed_form_ridge",
  "hyperparameters": {
    "ca_lr": 0.001,
    "ridge": 1.0,
    "ca_l2": 1e-06,
    "gradient_clip": 2.0,
    "update_scale": 0.15,
    "init_scale": 0.5,
    "initial_noise": 0.005,
    "support_fraction": 0.6,
    "bond_temperature": 0.5,
    "dyn_a": 0.8,
    "dyn_b": 0.2,
    "dyn_c": 0.2,
    "dyn_d": 0.05,
    "lr_schedule": "cosine_0.1x"
  }
}
