{"device": "cuda", "gpu": "NVIDIA GeForce RTX 5070 Ti", "pytorch": "2.11.0+cu128", "pytorch_cuda": "12.8"}
{"epoch": 1, "train_rmse": 1.231474233572016, "validation_rmse": 0.950050950050354, "mean_raw_gradient_norm": 24.27403392791748, "fraction_gradients_clipped": 1.0}
{"epoch": 2, "train_rmse": 1.4318924240857107, "validation_rmse": 0.95008784532547, "mean_raw_gradient_norm": 22.8402316570282, "fraction_gradients_clipped": 1.0}
{"epoch": 3, "train_rmse": 1.4561614182568792, "validation_rmse": 0.9493476152420044, "mean_raw_gradient_norm": 25.11745548248291, "fraction_gradients_clipped": 1.0}
{
  "seed": 1701,
  "best_validation_rmse": 0.950050950050354,
  "restored_fit_rmse": 0.8406979441642761,
  "restored_validation_rmse": 0.9500290751457214,
  "epochs_run": 3,
  "fit_observations": 791,
  "validation_observations": 273,
  "rule": "gated_residual",
  "generations": 125,
  "hidden_channels": 16,
  "device": "cuda",
  "gpu": "NVIDIA GeForce RTX 5070 Ti",
  "training_seconds": 9.315490800072439,
  "peak_gpu_memory_bytes": 264167424,
  "readout": "differentiable_closed_form_ridge",
  "hyperparameters": {
    "ca_lr": 0.001,
    "ridge": 0.1,
    "ca_l2": 1e-05,
    "gradient_clip": 2.0
  }
}
