{"device": "cuda", "gpu": "NVIDIA GeForce RTX 5070 Ti", "pytorch": "2.11.0+cu128", "pytorch_cuda": "12.8"}
{"epoch": 1, "train_rmse": 1.0275856247316928, "validation_rmse": 1.0087802410125732, "mean_raw_gradient_norm": 12.745422744750977, "fraction_gradients_clipped": 1.0}
{"epoch": 2, "train_rmse": 1.0889721817372822, "validation_rmse": 1.0095185041427612, "mean_raw_gradient_norm": 11.841052436828614, "fraction_gradients_clipped": 1.0}
{"epoch": 3, "train_rmse": 1.0681126109550425, "validation_rmse": 1.0096372365951538, "mean_raw_gradient_norm": 11.720743370056152, "fraction_gradients_clipped": 1.0}
{
  "seed": 1701,
  "best_validation_rmse": 1.0087802410125732,
  "restored_fit_rmse": 0.9007448554039001,
  "restored_validation_rmse": 1.0087772607803345,
  "epochs_run": 3,
  "fit_observations": 791,
  "validation_observations": 273,
  "rule": "inertial_reaction_diffusion",
  "generations": 64,
  "hidden_channels": 8,
  "device": "cuda",
  "gpu": "NVIDIA GeForce RTX 5070 Ti",
  "training_seconds": 5.633444600040093,
  "peak_gpu_memory_bytes": 177013248,
  "readout": "differentiable_closed_form_ridge",
  "hyperparameters": {
    "ca_lr": 0.0003,
    "ridge": 0.01,
    "ca_l2": 1e-06,
    "gradient_clip": 2.0,
    "update_scale": 0.4,
    "init_scale": 0.5,
    "initial_noise": 0.01,
    "support_fraction": 0.85,
    "bond_temperature": 2.0,
    "dyn_a": 0.5,
    "dyn_b": 0.2,
    "dyn_c": 0.5,
    "dyn_d": 0.3,
    "lr_schedule": "cosine_0.1x"
  }
}
