{"operating_system": "Windows-10-10.0.26200-SP0", "machine": "AMD64", "python": "3.11.16", "python_executable": "C:\\Users\\Anthony\\anaconda3\\envs\\strange-matter-gpu\\python.exe", "pytorch": "2.11.0+cu128", "pytorch_cuda": "12.8", "device": "cuda", "gpu": "NVIDIA GeForce RTX 5070 Ti"}
{"epoch": 1, "train_rmse": 1.2079219411406183, "validation_rmse": 0.9710018634796143, "validation_ma_st_rae": 1.0719934833589082, "validation_CYP1A2_st_rae": 1.1243554190467848, "validation_CYP2C9_st_rae": 1.0113881536196314, "validation_CYP2D6_st_rae": 1.3173368499203304, "validation_CYP3A4_st_rae": 0.8348935108488857, "mean_raw_gradient_norm": 31.650186240673065, "fraction_gradients_clipped": 1.0}
{"epoch": 2, "train_rmse": 1.0668494493213285, "validation_rmse": 0.9385727047920227, "validation_ma_st_rae": 1.02441702075672, "validation_CYP1A2_st_rae": 1.1459026175932383, "validation_CYP2C9_st_rae": 0.8798423386454916, "validation_CYP2D6_st_rae": 1.2820866308333487, "validation_CYP3A4_st_rae": 0.7898364959548011, "mean_raw_gradient_norm": 19.26421883702278, "fraction_gradients_clipped": 1.0}
{"epoch": 3, "train_rmse": 1.1113363998836732, "validation_rmse": 0.9350826144218445, "validation_ma_st_rae": 1.027895196688599, "validation_CYP1A2_st_rae": 1.1357359279775308, "validation_CYP2C9_st_rae": 0.8991036162312168, "validation_CYP2D6_st_rae": 1.3047683637011798, "validation_CYP3A4_st_rae": 0.771972878844468, "mean_raw_gradient_norm": 13.334342062473297, "fraction_gradients_clipped": 1.0}
{"epoch": 4, "train_rmse": 1.157939309122531, "validation_rmse": 0.9297873973846436, "validation_ma_st_rae": 1.0316564729111646, "validation_CYP1A2_st_rae": 1.1277074744987459, "validation_CYP2C9_st_rae": 0.9307653719086982, "validation_CYP2D6_st_rae": 1.3155981024798995, "validation_CYP3A4_st_rae": 0.7525549427573145, "mean_raw_gradient_norm": 14.309574753046036, "fraction_gradients_clipped": 1.0}
{"epoch": 5, "train_rmse": 1.0660439561899255, "validation_rmse": 0.9210981130599976, "validation_ma_st_rae": 1.0032184068394492, "validation_CYP1A2_st_rae": 1.09222333744428, "validation_CYP2C9_st_rae": 0.861591611406687, "validation_CYP2D6_st_rae": 1.3053530449749768, "validation_CYP3A4_st_rae": 0.7537056335318532, "mean_raw_gradient_norm": 10.296724528074265, "fraction_gradients_clipped": 1.0}
{
  "seed": 1701,
  "selection_metric": "validation_ma_st_rae",
  "best_validation_ma_st_rae": 1.0032184068394492,
  "best_validation_rmse": 0.9210981130599976,
  "restored_fit_rmse": 0.9025421142578125,
  "restored_validation_rmse": 0.9209733009338379,
  "restored_fit_ma_st_rae": 0.9447577908159135,
  "restored_validation_ma_st_rae": 1.007547815048675,
  "restored_validation_point_ma_st_rae": 1.0028626603070916,
  "restored_validation_point_st_rae_by_cyp": {
    "CYP1A2": 1.0920563450088838,
    "CYP2C9": 0.8609114570264961,
    "CYP2D6": 1.304747003655778,
    "CYP3A4": 0.7537358355372081
  },
  "restored_fit_st_rae_by_cyp": {
    "CYP1A2": 0.9817965751824397,
    "CYP2C9": 0.8734688312595672,
    "CYP2D6": 1.2244296850873921,
    "CYP3A4": 0.699336071734255
  },
  "restored_validation_st_rae_by_cyp": {
    "CYP1A2": 1.0977210327698927,
    "CYP2C9": 0.8656692768764847,
    "CYP2D6": 1.3097051422236616,
    "CYP3A4": 0.757095808324661
  },
  "validation_bootstrap_metrics": {
    "n_bootstrap_samples": 1000,
    "seed": 0,
    "macro": {
      "st_rae": {
        "mean": 1.007547815048675,
        "ci_low": 0.9122289440976759,
        "ci_high": 1.1009028099344473
      },
      "mae": {
        "mean": 0.687125117841646,
        "ci_low": 0.6441424838757909,
        "ci_high": 0.7315339326967243
      },
      "r2": {
        "mean": 0.058176777882815965,
        "ci_low": -0.041740808741828964,
        "ci_high": 0.14633205478900682
      },
      "spearman_rho": {
        "mean": 0.42234324760555453,
        "ci_low": 0.35244143025668223,
        "ci_high": 0.48904114417184863
      },
      "kendall_tau": {
        "mean": 0.29850287529021535,
        "ci_low": 0.24761984765709336,
        "ci_high": 0.34798217053917097
      }
    },
    "per_endpoint": {
      "CYP1A2": {
        "st_rae": {
          "mean": 1.0977210327698927,
          "ci_low": 0.9121976309444858,
          "ci_high": 1.3005937342721254
        },
        "mae": {
          "mean": 0.7629099033261737,
          "ci_low": 0.6705628847118712,
          "ci_high": 0.8635568311179642
        },
        "r2": {
          "mean": 0.033406803264625196,
          "ci_low": -0.16038250645208038,
          "ci_high": 0.19079630833787084
        },
        "spearman_rho": {
          "mean": 0.4701190265927799,
          "ci_low": 0.3218622438326424,
          "ci_high": 0.596360317033561
        },
        "kendall_tau": {
          "mean": 0.3248378394883577,
          "ci_low": 0.22064217899378458,
          "ci_high": 0.41537993962042713
        }
      },
      "CYP2C9": {
        "st_rae": {
          "mean": 0.8656692768764847,
          "ci_low": 0.662134763262009,
          "ci_high": 1.1028085756714514
        },
        "mae": {
          "mean": 0.5028216159398319,
          "ci_low": 0.4274612323473428,
          "ci_high": 0.584799195928428
        },
        "r2": {
          "mean": 0.19542929915055998,
          "ci_low": -0.04500612300739151,
          "ci_high": 0.3776355252198751
        },
        "spearman_rho": {
          "mean": 0.5535449647305488,
          "ci_low": 0.40861953275606944,
          "ci_high": 0.6819634080488212
        },
        "kendall_tau": {
          "mean": 0.400818976675395,
          "ci_low": 0.29332942058666883,
          "ci_high": 0.508028082226082
        }
      },
      "CYP2D6": {
        "st_rae": {
          "mean": 1.3097051422236616,
          "ci_low": 1.1190309630015869,
          "ci_high": 1.5608345721448869
        },
        "mae": {
          "mean": 0.7221906701039223,
          "ci_low": 0.6183155221225571,
          "ci_high": 0.8350375500038592
        },
        "r2": {
          "mean": -0.20112189253703264,
          "ci_low": -0.4592383099126402,
          "ci_high": 0.010138473752874935
        },
        "spearman_rho": {
          "mean": 0.14697997932361684,
          "ci_low": -0.03553315625184896,
          "ci_high": 0.31497251250260594
        },
        "kendall_tau": {
          "mean": 0.10308372042422653,
          "ci_low": -0.02400152742280277,
          "ci_high": 0.22167496648460477
        }
      },
      "CYP3A4": {
        "st_rae": {
          "mean": 0.757095808324661,
          "ci_low": 0.6620290133555922,
          "ci_high": 0.8524882529294541
        },
        "mae": {
          "mean": 0.7605782819966558,
          "ci_low": 0.6807782390552932,
          "ci_high": 0.8394807613118556
        },
        "r2": {
          "mean": 0.20499290165311126,
          "ci_low": 0.09963857249325332,
          "ci_high": 0.301161803713295
        },
        "spearman_rho": {
          "mean": 0.5187290197752724,
          "ci_low": 0.42127611786783375,
          "ci_high": 0.6106511058538254
        },
        "kendall_tau": {
          "mean": 0.36527096457288216,
          "ci_low": 0.2912873498896261,
          "ci_high": 0.43523255224339863
        }
      }
    }
  },
  "epochs_run": 5,
  "fit_observations": 2659,
  "validation_observations": 646,
  "rule": "conservative_graph_flux",
  "generations": 250,
  "hidden_channels": 16,
  "atom_feature_profile": "comprehensive",
  "atom_feature_count": 57,
  "atom_feature_names": [
    "element_H",
    "element_C",
    "element_N",
    "element_O",
    "element_F",
    "element_P",
    "element_S",
    "element_Cl",
    "element_Br",
    "element_I",
    "element_other",
    "formal_charge",
    "aromatic",
    "hybrid_sp",
    "hybrid_sp2",
    "hybrid_sp3",
    "hybrid_other",
    "degree",
    "total_hydrogens",
    "in_ring",
    "hbond_donor",
    "hbond_acceptor",
    "chiral_cw",
    "chiral_ccw",
    "chiral_other",
    "atomic_number",
    "atomic_mass",
    "covalent_radius",
    "vdw_radius",
    "outer_electrons",
    "period",
    "periodic_group",
    "atomic_volume",
    "total_valence",
    "implicit_valence",
    "heavy_atom_degree",
    "radical_electrons",
    "absolute_formal_charge",
    "electronegativity",
    "polarizability",
    "heteroatom",
    "halogen",
    "conjugated_bond_fraction",
    "first_ionization_energy",
    "electron_affinity",
    "electronic_property_missing",
    "ring_count",
    "ring_size_3",
    "ring_size_4",
    "ring_size_5",
    "ring_size_6",
    "ring_size_7",
    "ring_size_8_plus",
    "mean_neighbour_electronegativity",
    "electronegativity_difference",
    "mean_neighbour_atomic_number",
    "neighbour_formal_charge"
  ],
  "device": "cuda",
  "gpu": "NVIDIA GeForce RTX 5070 Ti",
  "training_seconds": 75.45731130009517,
  "peak_gpu_memory_bytes": 845080576,
  "runtime": {
    "operating_system": "Windows-10-10.0.26200-SP0",
    "machine": "AMD64",
    "python": "3.11.16",
    "python_executable": "C:\\Users\\Anthony\\anaconda3\\envs\\strange-matter-gpu\\python.exe",
    "pytorch": "2.11.0+cu128",
    "pytorch_cuda": "12.8",
    "device": "cuda",
    "gpu": "NVIDIA GeForce RTX 5070 Ti"
  },
  "validation_protocol": {
    "kind": "scaffold_cross_validation",
    "fold": 1,
    "folds": 5
  },
  "readout": "differentiable_closed_form_ridge",
  "hyperparameters": {
    "ca_lr": 0.003,
    "ridge": 1.0,
    "ca_l2": 1e-06,
    "gradient_clip": 2.0,
    "update_scale": 0.15,
    "init_scale": 1.5,
    "initial_noise": 0.0,
    "support_fraction": 0.85,
    "bond_temperature": 0.5,
    "dyn_a": 0.5,
    "dyn_b": 0.2,
    "dyn_c": 0.5,
    "dyn_d": 0.05,
    "lr_schedule": "cosine_0.1x"
  }
}
