{"device": "cuda", "gpu": "NVIDIA GeForce RTX 5070 Ti", "pytorch": "2.11.0+cu128", "pytorch_cuda": "12.8"}
{"epoch": 1, "train_rmse": 1.1793610105773873, "validation_rmse": 1.0201963186264038, "mean_raw_gradient_norm": 30.059082865715027, "fraction_gradients_clipped": 1.0}
{"epoch": 2, "train_rmse": 1.2830970459560977, "validation_rmse": 1.019733190536499, "mean_raw_gradient_norm": 23.880215311050414, "fraction_gradients_clipped": 1.0}
{"epoch": 3, "train_rmse": 1.182351809258992, "validation_rmse": 1.0199440717697144, "mean_raw_gradient_norm": 9.323014378547668, "fraction_gradients_clipped": 1.0}
{
  "seed": 1701,
  "best_validation_rmse": 1.0201963186264038,
  "restored_fit_rmse": 0.9241920113563538,
  "restored_validation_rmse": 1.0202003717422485,
  "epochs_run": 3,
  "fit_observations": 791,
  "validation_observations": 273,
  "rule": "gated_residual",
  "generations": 250,
  "hidden_channels": 4,
  "device": "cuda",
  "gpu": "NVIDIA GeForce RTX 5070 Ti",
  "training_seconds": 19.85020899993833,
  "peak_gpu_memory_bytes": 251834368,
  "readout": "differentiable_closed_form_ridge",
  "hyperparameters": {
    "ca_lr": 0.0003,
    "ridge": 0.01,
    "ca_l2": 1e-06,
    "gradient_clip": 1.0,
    "update_scale": 0.25,
    "init_scale": 0.5,
    "initial_noise": 0.005,
    "support_fraction": 0.6,
    "bond_temperature": 0.5,
    "dyn_a": 0.5,
    "dyn_b": 0.5,
    "dyn_c": 0.8,
    "dyn_d": 0.05,
    "lr_schedule": "cosine_0.1x"
  }
}
