{"operating_system": "Windows-10-10.0.26200-SP0", "machine": "AMD64", "python": "3.11.16", "python_executable": "C:\\Users\\Anthony\\anaconda3\\envs\\strange-matter-gpu\\python.exe", "pytorch": "2.11.0+cu128", "pytorch_cuda": "12.8", "device": "cuda", "gpu": "NVIDIA GeForce RTX 5070 Ti"}
{"epoch": 1, "train_rmse": 1.1881843371714735, "validation_rmse": 0.8675246238708496, "validation_ma_st_rae": 0.8556867752646188, "validation_CYP1A2_st_rae": 0.9290405725345682, "validation_CYP2C9_st_rae": 0.7806936066332905, "validation_CYP2D6_st_rae": 0.9832403246080678, "validation_CYP3A4_st_rae": 0.7297725972825487, "mean_raw_gradient_norm": 9.767709221839905, "fraction_gradients_clipped": 1.0}
{"epoch": 2, "train_rmse": 1.119238064603103, "validation_rmse": 0.8477947115898132, "validation_ma_st_rae": 0.8415050959152177, "validation_CYP1A2_st_rae": 0.9047275315754932, "validation_CYP2C9_st_rae": 0.8065161307235673, "validation_CYP2D6_st_rae": 0.9587052378490755, "validation_CYP3A4_st_rae": 0.6960714835127344, "mean_raw_gradient_norm": 4.865347225666046, "fraction_gradients_clipped": 1.0}
{"epoch": 3, "train_rmse": 1.0443748160027997, "validation_rmse": 0.8385888934135437, "validation_ma_st_rae": 0.8338547070675826, "validation_CYP1A2_st_rae": 0.884663151281901, "validation_CYP2C9_st_rae": 0.8247463722695824, "validation_CYP2D6_st_rae": 0.938189031182239, "validation_CYP3A4_st_rae": 0.6878202735366078, "mean_raw_gradient_norm": 4.110461590290069, "fraction_gradients_clipped": 1.0}
{"epoch": 4, "train_rmse": 1.0609263917456218, "validation_rmse": 0.83677738904953, "validation_ma_st_rae": 0.8319255426501804, "validation_CYP1A2_st_rae": 0.8803276562119943, "validation_CYP2C9_st_rae": 0.8104022352061517, "validation_CYP2D6_st_rae": 0.9320611478627903, "validation_CYP3A4_st_rae": 0.7049111313197852, "mean_raw_gradient_norm": 3.824772074222565, "fraction_gradients_clipped": 1.0}
{"epoch": 5, "train_rmse": 1.0269690524522164, "validation_rmse": 0.8425599336624146, "validation_ma_st_rae": 0.8263798862948092, "validation_CYP1A2_st_rae": 0.8603404814886288, "validation_CYP2C9_st_rae": 0.7786938811965756, "validation_CYP2D6_st_rae": 0.9631277749925466, "validation_CYP3A4_st_rae": 0.703357407501486, "mean_raw_gradient_norm": 2.862287650108337, "fraction_gradients_clipped": 1.0}
{"epoch": 6, "train_rmse": 0.9969957380185019, "validation_rmse": 0.8316754102706909, "validation_ma_st_rae": 0.8216489124669542, "validation_CYP1A2_st_rae": 0.8520326025887104, "validation_CYP2C9_st_rae": 0.7990634525214109, "validation_CYP2D6_st_rae": 0.9393011424324381, "validation_CYP3A4_st_rae": 0.696198452325257, "mean_raw_gradient_norm": 3.2355038332939148, "fraction_gradients_clipped": 1.0}
{"epoch": 7, "train_rmse": 1.0546706395677001, "validation_rmse": 0.8309377431869507, "validation_ma_st_rae": 0.8219999092674993, "validation_CYP1A2_st_rae": 0.8654587498482664, "validation_CYP2C9_st_rae": 0.7972454540338058, "validation_CYP2D6_st_rae": 0.9303531433612283, "validation_CYP3A4_st_rae": 0.6949422898266966, "mean_raw_gradient_norm": 67.72860310316086, "fraction_gradients_clipped": 1.0}
{"epoch": 8, "train_rmse": 1.0055366609140877, "validation_rmse": 0.8291879892349243, "validation_ma_st_rae": 0.8207348454917142, "validation_CYP1A2_st_rae": 0.8710560733174616, "validation_CYP2C9_st_rae": 0.7970125886840621, "validation_CYP2D6_st_rae": 0.9239101633435074, "validation_CYP3A4_st_rae": 0.6909605566218257, "mean_raw_gradient_norm": 3.0276763963699342, "fraction_gradients_clipped": 1.0}
{
  "seed": 4211,
  "selection_metric": "validation_ma_st_rae",
  "best_validation_ma_st_rae": 0.8216489124669542,
  "best_validation_rmse": 0.8316754102706909,
  "restored_fit_rmse": 0.8341580033302307,
  "restored_validation_rmse": 0.8316764831542969,
  "restored_fit_ma_st_rae": 0.8212747018494407,
  "restored_validation_ma_st_rae": 0.825377526914913,
  "restored_validation_point_ma_st_rae": 0.8216455270594776,
  "restored_validation_point_st_rae_by_cyp": {
    "CYP1A2": 0.8520301762650403,
    "CYP2C9": 0.7990484982074028,
    "CYP2D6": 0.9392968101691738,
    "CYP3A4": 0.6962066235962935
  },
  "restored_fit_st_rae_by_cyp": {
    "CYP1A2": 0.8729087628864147,
    "CYP2C9": 0.7469329523548862,
    "CYP2D6": 0.950862016030268,
    "CYP3A4": 0.7143950761261937
  },
  "restored_validation_st_rae_by_cyp": {
    "CYP1A2": 0.855446174304379,
    "CYP2C9": 0.8069064436248345,
    "CYP2D6": 0.9424665162212318,
    "CYP3A4": 0.6966909735092065
  },
  "validation_bootstrap_metrics": {
    "n_bootstrap_samples": 1000,
    "seed": 0,
    "macro": {
      "st_rae": {
        "mean": 0.825377526914913,
        "ci_low": 0.7780488570993664,
        "ci_high": 0.8754870977102758
      },
      "mae": {
        "mean": 0.6052695092452556,
        "ci_low": 0.5704514638842313,
        "ci_high": 0.6411187102991562
      },
      "r2": {
        "mean": 0.2162238888224162,
        "ci_low": 0.16443126895218033,
        "ci_high": 0.26569729548295246
      },
      "spearman_rho": {
        "mean": 0.45673954537869016,
        "ci_low": 0.39989861028982226,
        "ci_high": 0.5127721894293599
      },
      "kendall_tau": {
        "mean": 0.3216051394990905,
        "ci_low": 0.2806380588608906,
        "ci_high": 0.36265793299699717
      }
    },
    "per_endpoint": {
      "CYP1A2": {
        "st_rae": {
          "mean": 0.855446174304379,
          "ci_low": 0.7662147165325404,
          "ci_high": 0.9531280526957979
        },
        "mae": {
          "mean": 0.6740079693599832,
          "ci_low": 0.5924019928270143,
          "ci_high": 0.757508962387179
        },
        "r2": {
          "mean": 0.20348236076916218,
          "ci_low": 0.11244436989309828,
          "ci_high": 0.28079832173557046
        },
        "spearman_rho": {
          "mean": 0.46411176441824,
          "ci_low": 0.35311385260975436,
          "ci_high": 0.5678362234586202
        },
        "kendall_tau": {
          "mean": 0.3186206155997953,
          "ci_low": 0.23744145277699236,
          "ci_high": 0.39523046604412676
        }
      },
      "CYP2C9": {
        "st_rae": {
          "mean": 0.8069064436248345,
          "ci_low": 0.6975771318691413,
          "ci_high": 0.9264370096319393
        },
        "mae": {
          "mean": 0.48778319504591494,
          "ci_low": 0.42962534793532725,
          "ci_high": 0.5464100913541151
        },
        "r2": {
          "mean": 0.24151891286978122,
          "ci_low": 0.12525076822531733,
          "ci_high": 0.33724861495529945
        },
        "spearman_rho": {
          "mean": 0.4631168454843928,
          "ci_low": 0.34156324401221433,
          "ci_high": 0.5729105308708086
        },
        "kendall_tau": {
          "mean": 0.3254695132973609,
          "ci_low": 0.23151710499162498,
          "ci_high": 0.4074063224355029
        }
      },
      "CYP2D6": {
        "st_rae": {
          "mean": 0.9424665162212318,
          "ci_low": 0.8607780947934379,
          "ci_high": 1.0243266755759621
        },
        "mae": {
          "mean": 0.599931099653244,
          "ci_low": 0.5244744387256005,
          "ci_high": 0.6809557822073391
        },
        "r2": {
          "mean": 0.07036603294015066,
          "ci_low": -0.017725773323430685,
          "ci_high": 0.15387187301031996
        },
        "spearman_rho": {
          "mean": 0.2797041378225631,
          "ci_low": 0.14965539947003623,
          "ci_high": 0.4079142881782621
        },
        "kendall_tau": {
          "mean": 0.19255466506030114,
          "ci_low": 0.09912905912235632,
          "ci_high": 0.2838736535188265
        }
      },
      "CYP3A4": {
        "st_rae": {
          "mean": 0.6966909735092065,
          "ci_low": 0.6109336829382974,
          "ci_high": 0.7779234277206841
        },
        "mae": {
          "mean": 0.6593557729218801,
          "ci_low": 0.6060056437174479,
          "ci_high": 0.7169701009353002
        },
        "r2": {
          "mean": 0.34952824871057075,
          "ci_low": 0.22869218501426683,
          "ci_high": 0.45043886196467015
        },
        "spearman_rho": {
          "mean": 0.6200254337895647,
          "ci_low": 0.5440142472721973,
          "ci_high": 0.6934565268726033
        },
        "kendall_tau": {
          "mean": 0.4497757640389045,
          "ci_low": 0.39256617077871914,
          "ci_high": 0.5089623186520431
        }
      }
    }
  },
  "epochs_run": 8,
  "fit_observations": 4177,
  "validation_observations": 1039,
  "rule": "delayed_memory",
  "generations": 16,
  "hidden_channels": 16,
  "atom_feature_profile": "local_environment",
  "atom_feature_count": 29,
  "atom_feature_names": [
    "element_H",
    "element_C",
    "element_N",
    "element_O",
    "element_F",
    "element_P",
    "element_S",
    "element_Cl",
    "element_Br",
    "element_I",
    "element_other",
    "formal_charge",
    "aromatic",
    "hybrid_sp",
    "hybrid_sp2",
    "hybrid_sp3",
    "hybrid_other",
    "degree",
    "total_hydrogens",
    "in_ring",
    "hbond_donor",
    "hbond_acceptor",
    "chiral_cw",
    "chiral_ccw",
    "chiral_other",
    "mean_neighbour_electronegativity",
    "electronegativity_difference",
    "mean_neighbour_atomic_number",
    "neighbour_formal_charge"
  ],
  "device": "cuda",
  "gpu": "NVIDIA GeForce RTX 5070 Ti",
  "training_seconds": 33.132664599921554,
  "peak_gpu_memory_bytes": 58801152,
  "runtime": {
    "operating_system": "Windows-10-10.0.26200-SP0",
    "machine": "AMD64",
    "python": "3.11.16",
    "python_executable": "C:\\Users\\Anthony\\anaconda3\\envs\\strange-matter-gpu\\python.exe",
    "pytorch": "2.11.0+cu128",
    "pytorch_cuda": "12.8",
    "device": "cuda",
    "gpu": "NVIDIA GeForce RTX 5070 Ti"
  },
  "validation_protocol": {
    "kind": "scaffold_cross_validation",
    "fold": 2,
    "folds": 5
  },
  "readout": "differentiable_closed_form_ridge",
  "prediction_mode": "direct",
  "residual_alpha": null,
  "trajectory_pooling": "legacy",
  "ridge_mode": "shared",
  "loss_mode": "hybrid_interval",
  "interval_loss_beta": 0.25,
  "interval_temperature": 0.1,
  "hyperparameters": {
    "ca_lr": 0.003,
    "ridge": 1.0,
    "ca_l2": 1e-06,
    "gradient_clip": 1.0,
    "update_scale": 0.25,
    "init_scale": 1.5,
    "initial_noise": 0.0,
    "support_fraction": 0.6,
    "bond_temperature": 1.0,
    "dyn_a": 0.5,
    "dyn_b": 0.2,
    "dyn_c": 0.2,
    "dyn_d": 0.15,
    "lr_schedule": "cosine_0.1x"
  }
}
