{"operating_system": "Windows-10-10.0.26200-SP0", "machine": "AMD64", "python": "3.11.16", "python_executable": "C:\\Users\\Anthony\\anaconda3\\envs\\strange-matter-gpu\\python.exe", "pytorch": "2.11.0+cu128", "pytorch_cuda": "12.8", "device": "cuda", "gpu": "NVIDIA GeForce RTX 5070 Ti"}
{"epoch": 1, "train_rmse": 1.1740554674226438, "validation_rmse": 0.9504947066307068, "validation_ma_st_rae": 1.1638916097967948, "validation_CYP1A2_st_rae": 1.367384621400168, "validation_CYP2C9_st_rae": 0.9688638509022811, "validation_CYP2D6_st_rae": 1.5078445931500435, "validation_CYP3A4_st_rae": 0.8114733737346866, "mean_raw_gradient_norm": 10.348111057281494, "fraction_gradients_clipped": 1.0}
{"epoch": 2, "train_rmse": 1.365748027176581, "validation_rmse": 0.9461155533790588, "validation_ma_st_rae": 1.1544940457147526, "validation_CYP1A2_st_rae": 1.3189921210338909, "validation_CYP2C9_st_rae": 0.9597073646102582, "validation_CYP2D6_st_rae": 1.5318958430010359, "validation_CYP3A4_st_rae": 0.8073808542138251, "mean_raw_gradient_norm": 15.249033546447754, "fraction_gradients_clipped": 1.0}
{"epoch": 3, "train_rmse": 1.1939290684139436, "validation_rmse": 0.9402857422828674, "validation_ma_st_rae": 1.1405081713288294, "validation_CYP1A2_st_rae": 1.3133108286727624, "validation_CYP2C9_st_rae": 0.9413918388640763, "validation_CYP2D6_st_rae": 1.500313797233918, "validation_CYP3A4_st_rae": 0.8070162205445609, "mean_raw_gradient_norm": 11.752781677246094, "fraction_gradients_clipped": 1.0}
{
  "seed": 1701,
  "selection_metric": "validation_ma_st_rae",
  "best_validation_ma_st_rae": 1.1405081713288294,
  "best_validation_rmse": 0.9402857422828674,
  "restored_fit_rmse": 0.926856517791748,
  "restored_validation_rmse": 0.940582811832428,
  "restored_fit_ma_st_rae": 0.897493032483952,
  "restored_validation_ma_st_rae": 1.1688452337083095,
  "restored_validation_point_ma_st_rae": 1.1468677400599319,
  "restored_validation_point_st_rae_by_cyp": {
    "CYP1A2": 1.328329377425301,
    "CYP2C9": 0.9357763547338452,
    "CYP2D6": 1.5062905873949104,
    "CYP3A4": 0.817074640685671
  },
  "restored_fit_st_rae_by_cyp": {
    "CYP1A2": 0.9437776097506222,
    "CYP2C9": 0.9023277386186764,
    "CYP2D6": 1.024383417939955,
    "CYP3A4": 0.7194833636265549
  },
  "restored_validation_st_rae_by_cyp": {
    "CYP1A2": 1.335686524516037,
    "CYP2C9": 0.967131805580673,
    "CYP2D6": 1.5383058634291185,
    "CYP3A4": 0.8342567413074095
  },
  "validation_bootstrap_metrics": {
    "n_bootstrap_samples": 1000,
    "seed": 0,
    "macro": {
      "st_rae": {
        "mean": 1.1688452337083095,
        "ci_low": 1.0055154614565875,
        "ci_high": 1.354835817675226
      },
      "mae": {
        "mean": 0.7196172048261671,
        "ci_low": 0.6500405571090576,
        "ci_high": 0.7920106592157562
      },
      "r2": {
        "mean": -0.16359352821953174,
        "ci_low": -0.3588972114527347,
        "ci_high": -0.0032082772199294885
      },
      "spearman_rho": {
        "mean": 0.3006897701274848,
        "ci_low": 0.1864349637564324,
        "ci_high": 0.42097672683091364
      },
      "kendall_tau": {
        "mean": 0.21723896152473662,
        "ci_low": 0.1360347005865977,
        "ci_high": 0.2985597896728026
      }
    },
    "per_endpoint": {
      "CYP1A2": {
        "st_rae": {
          "mean": 1.335686524516037,
          "ci_low": 0.9770044114622751,
          "ci_high": 1.7186367613218965
        },
        "mae": {
          "mean": 0.819857227712381,
          "ci_low": 0.6332976698875428,
          "ci_high": 1.0231874666253074
        },
        "r2": {
          "mean": -0.24206383726215597,
          "ci_low": -0.759666622246157,
          "ci_high": 0.08159903263880543
        },
        "spearman_rho": {
          "mean": 0.24723067467284476,
          "ci_low": -0.019190957112664775,
          "ci_high": 0.4980214270009442
        },
        "kendall_tau": {
          "mean": 0.1735035203842522,
          "ci_low": -0.012210578164277465,
          "ci_high": 0.3496825910251409
        }
      },
      "CYP2C9": {
        "st_rae": {
          "mean": 0.967131805580673,
          "ci_low": 0.6061215136293668,
          "ci_high": 1.4236088803707965
        },
        "mae": {
          "mean": 0.5471507964611054,
          "ci_low": 0.4378382004300753,
          "ci_high": 0.6660143563151358
        },
        "r2": {
          "mean": 0.00448398398943484,
          "ci_low": -0.43546523228937234,
          "ci_high": 0.3349548636633104
        },
        "spearman_rho": {
          "mean": 0.4172574636087736,
          "ci_low": 0.16755294820406774,
          "ci_high": 0.6537317947764897
        },
        "kendall_tau": {
          "mean": 0.317486910001189,
          "ci_low": 0.13210937743260262,
          "ci_high": 0.5020268045891407
        }
      },
      "CYP2D6": {
        "st_rae": {
          "mean": 1.5383058634291185,
          "ci_low": 1.2450902063775657,
          "ci_high": 1.9497117794654348
        },
        "mae": {
          "mean": 0.783047166780325,
          "ci_low": 0.6567134418854347,
          "ci_high": 0.9358258356497838
        },
        "r2": {
          "mean": -0.6180537908598015,
          "ci_low": -1.1472419578244082,
          "ci_high": -0.2809226015612019
        },
        "spearman_rho": {
          "mean": 0.05920664641932761,
          "ci_low": -0.18900596677671763,
          "ci_high": 0.2860337443178147
        },
        "kendall_tau": {
          "mean": 0.05034008819339846,
          "ci_low": -0.12134326493555044,
          "ci_high": 0.2076028034179244
        }
      },
      "CYP3A4": {
        "st_rae": {
          "mean": 0.8342567413074095,
          "ci_low": 0.6548091944238793,
          "ci_high": 1.0446425236155363
        },
        "mae": {
          "mean": 0.7284136283508567,
          "ci_low": 0.6228049673313318,
          "ci_high": 0.8455291918543881
        },
        "r2": {
          "mean": 0.20125953125439575,
          "ci_low": -0.004021116464887432,
          "ci_high": 0.38973477139427015
        },
        "spearman_rho": {
          "mean": 0.47906429580899346,
          "ci_low": 0.2973497788465392,
          "ci_high": 0.6362175286845572
        },
        "kendall_tau": {
          "mean": 0.32762532752010676,
          "ci_low": 0.19921686506550654,
          "ci_high": 0.44641228420661055
        }
      }
    }
  },
  "epochs_run": 3,
  "fit_observations": 806,
  "validation_observations": 272,
  "rule": "conservative_graph_flux",
  "generations": 16,
  "hidden_channels": 16,
  "atom_feature_profile": "electronic",
  "atom_feature_count": 33,
  "atom_feature_names": [
    "element_H",
    "element_C",
    "element_N",
    "element_O",
    "element_F",
    "element_P",
    "element_S",
    "element_Cl",
    "element_Br",
    "element_I",
    "element_other",
    "formal_charge",
    "aromatic",
    "hybrid_sp",
    "hybrid_sp2",
    "hybrid_sp3",
    "hybrid_other",
    "degree",
    "total_hydrogens",
    "in_ring",
    "hbond_donor",
    "hbond_acceptor",
    "chiral_cw",
    "chiral_ccw",
    "chiral_other",
    "electronegativity",
    "polarizability",
    "heteroatom",
    "halogen",
    "conjugated_bond_fraction",
    "first_ionization_energy",
    "electron_affinity",
    "electronic_property_missing"
  ],
  "device": "cuda",
  "gpu": "NVIDIA GeForce RTX 5070 Ti",
  "training_seconds": 2.232104399939999,
  "peak_gpu_memory_bytes": 77459456,
  "runtime": {
    "operating_system": "Windows-10-10.0.26200-SP0",
    "machine": "AMD64",
    "python": "3.11.16",
    "python_executable": "C:\\Users\\Anthony\\anaconda3\\envs\\strange-matter-gpu\\python.exe",
    "pytorch": "2.11.0+cu128",
    "pytorch_cuda": "12.8",
    "device": "cuda",
    "gpu": "NVIDIA GeForce RTX 5070 Ti"
  },
  "validation_protocol": {
    "kind": "scaffold_cross_validation",
    "fold": 0,
    "folds": 5
  },
  "readout": "differentiable_closed_form_ridge",
  "hyperparameters": {
    "ca_lr": 0.001,
    "ridge": 0.1,
    "ca_l2": 0.0001,
    "gradient_clip": 0.5,
    "update_scale": 0.08,
    "init_scale": 1.0,
    "initial_noise": 0.0,
    "support_fraction": 0.75,
    "bond_temperature": 0.5,
    "dyn_a": 0.5,
    "dyn_b": 0.5,
    "dyn_c": 0.2,
    "dyn_d": 0.05,
    "lr_schedule": "cosine_0.1x"
  }
}
