{"device": "cuda", "gpu": "NVIDIA GeForce RTX 5070 Ti", "pytorch": "2.11.0+cu128", "pytorch_cuda": "12.8"}
{"epoch": 1, "train_rmse": 1.1215828835744943, "validation_rmse": 1.005043625831604, "mean_raw_gradient_norm": 9.55547399520874, "fraction_gradients_clipped": 1.0}
{"epoch": 2, "train_rmse": 1.0934415654850662, "validation_rmse": 1.002995491027832, "mean_raw_gradient_norm": 9.629977416992187, "fraction_gradients_clipped": 1.0}
{"epoch": 3, "train_rmse": 1.127912923244662, "validation_rmse": 1.0039393901824951, "mean_raw_gradient_norm": 8.944072675704955, "fraction_gradients_clipped": 1.0}
{
  "seed": 1701,
  "best_validation_rmse": 1.005043625831604,
  "restored_fit_rmse": 0.8834273815155029,
  "restored_validation_rmse": 1.00496244430542,
  "epochs_run": 3,
  "fit_observations": 791,
  "validation_observations": 273,
  "rule": "damped_symplectic",
  "generations": 500,
  "hidden_channels": 16,
  "device": "cuda",
  "gpu": "NVIDIA GeForce RTX 5070 Ti",
  "training_seconds": 30.78272650006693,
  "peak_gpu_memory_bytes": 2215626752,
  "readout": "differentiable_closed_form_ridge",
  "hyperparameters": {
    "ca_lr": 0.0003,
    "ridge": 1.0,
    "ca_l2": 1e-06,
    "gradient_clip": 2.0,
    "update_scale": 0.25,
    "init_scale": 0.5,
    "initial_noise": 0.01,
    "support_fraction": 0.6,
    "bond_temperature": 2.0,
    "dyn_a": 0.8,
    "dyn_b": 0.2,
    "dyn_c": 0.8,
    "dyn_d": 0.05,
    "lr_schedule": "cosine_0.1x"
  }
}
