{"operating_system": "Windows-10-10.0.26200-SP0", "machine": "AMD64", "python": "3.11.16", "python_executable": "C:\\Users\\Anthony\\anaconda3\\envs\\strange-matter-gpu\\python.exe", "pytorch": "2.11.0+cu128", "pytorch_cuda": "12.8", "device": "cuda", "gpu": "NVIDIA GeForce RTX 5070 Ti"}
{"epoch": 1, "train_rmse": 1.0996012097782797, "validation_rmse": 0.9248933792114258, "validation_ma_st_rae": 0.9617181349253586, "validation_CYP1A2_st_rae": 1.0029040050184, "validation_CYP2C9_st_rae": 0.8815266386985529, "validation_CYP2D6_st_rae": 1.1205056175106634, "validation_CYP3A4_st_rae": 0.8419362784738184, "mean_raw_gradient_norm": 8.823646783828735, "fraction_gradients_clipped": 1.0}
{"epoch": 2, "train_rmse": 1.1171635664041804, "validation_rmse": 0.9255653619766235, "validation_ma_st_rae": 0.9629985484216543, "validation_CYP1A2_st_rae": 0.997191847967032, "validation_CYP2C9_st_rae": 0.912584745092808, "validation_CYP2D6_st_rae": 1.1024561370825392, "validation_CYP3A4_st_rae": 0.8397614635442383, "mean_raw_gradient_norm": 10.782184109091759, "fraction_gradients_clipped": 1.0}
{"epoch": 3, "train_rmse": 1.0793495587772952, "validation_rmse": 0.9247929453849792, "validation_ma_st_rae": 0.9524362971109761, "validation_CYP1A2_st_rae": 0.9874625222363846, "validation_CYP2C9_st_rae": 0.8796733069806878, "validation_CYP2D6_st_rae": 1.0872422900947498, "validation_CYP3A4_st_rae": 0.8553670691320823, "mean_raw_gradient_norm": 8.843559950590134, "fraction_gradients_clipped": 1.0}
{"epoch": 4, "train_rmse": 1.102316900086132, "validation_rmse": 0.9239835143089294, "validation_ma_st_rae": 0.9483230229877001, "validation_CYP1A2_st_rae": 0.9910724386861816, "validation_CYP2C9_st_rae": 0.8558837417064489, "validation_CYP2D6_st_rae": 1.0953017338111557, "validation_CYP3A4_st_rae": 0.8510341777470142, "mean_raw_gradient_norm": 9.58800233900547, "fraction_gradients_clipped": 1.0}
{"epoch": 5, "train_rmse": 1.1470264625900637, "validation_rmse": 0.9186660647392273, "validation_ma_st_rae": 0.9437543095826383, "validation_CYP1A2_st_rae": 0.9860124430553379, "validation_CYP2C9_st_rae": 0.8532601653857208, "validation_CYP2D6_st_rae": 1.096205034882758, "validation_CYP3A4_st_rae": 0.8395395950067366, "mean_raw_gradient_norm": 11.487660624086857, "fraction_gradients_clipped": 1.0}
{
  "seed": 1701,
  "selection_metric": "validation_ma_st_rae",
  "best_validation_ma_st_rae": 0.9437543095826383,
  "best_validation_rmse": 0.9186660647392273,
  "restored_fit_rmse": 0.8995824456214905,
  "restored_validation_rmse": 0.9187180995941162,
  "restored_fit_ma_st_rae": 0.9024623096266857,
  "restored_validation_ma_st_rae": 0.9472911139080025,
  "restored_validation_point_ma_st_rae": 0.9441158047732514,
  "restored_validation_point_st_rae_by_cyp": {
    "CYP1A2": 0.9861078184247171,
    "CYP2C9": 0.8565007665147454,
    "CYP2D6": 1.0948516618208075,
    "CYP3A4": 0.8390029723327359
  },
  "restored_fit_st_rae_by_cyp": {
    "CYP1A2": 0.918484143672704,
    "CYP2C9": 0.834642690428629,
    "CYP2D6": 1.0481283149918776,
    "CYP3A4": 0.8085940894135322
  },
  "restored_validation_st_rae_by_cyp": {
    "CYP1A2": 0.988896745025983,
    "CYP2C9": 0.8595859195449825,
    "CYP2D6": 1.0989133163665838,
    "CYP3A4": 0.8417684746944604
  },
  "validation_bootstrap_metrics": {
    "n_bootstrap_samples": 1000,
    "seed": 0,
    "macro": {
      "st_rae": {
        "mean": 0.9472911139080025,
        "ci_low": 0.8909715501864164,
        "ci_high": 1.0070879571652425
      },
      "mae": {
        "mean": 0.6757831391028547,
        "ci_low": 0.6326736333077206,
        "ci_high": 0.7247747219475853
      },
      "r2": {
        "mean": 0.07767161723693845,
        "ci_low": 0.014870323113991312,
        "ci_high": 0.14118327463457972
      },
      "spearman_rho": {
        "mean": 0.3172095726716665,
        "ci_low": 0.24493029814966166,
        "ci_high": 0.38673303405271525
      },
      "kendall_tau": {
        "mean": 0.21984604364307478,
        "ci_low": 0.16970564570416224,
        "ci_high": 0.26866618461161085
      }
    },
    "per_endpoint": {
      "CYP1A2": {
        "st_rae": {
          "mean": 0.988896745025983,
          "ci_low": 0.8756749360283616,
          "ci_high": 1.112572467538829
        },
        "mae": {
          "mean": 0.7344238629584765,
          "ci_low": 0.6411959156502772,
          "ci_high": 0.8314446186497264
        },
        "r2": {
          "mean": 0.06912344035061868,
          "ci_low": -0.0314222687953571,
          "ci_high": 0.1589985573091129
        },
        "spearman_rho": {
          "mean": 0.320682088399145,
          "ci_low": 0.1797194406917815,
          "ci_high": 0.4626020113524609
        },
        "kendall_tau": {
          "mean": 0.21829146781882003,
          "ci_low": 0.11613015129300264,
          "ci_high": 0.3211779508045282
        }
      },
      "CYP2C9": {
        "st_rae": {
          "mean": 0.8595859195449825,
          "ci_low": 0.7324226483937553,
          "ci_high": 1.0116310433641464
        },
        "mae": {
          "mean": 0.5473091485791535,
          "ci_low": 0.4744849922092816,
          "ci_high": 0.6239787072170782
        },
        "r2": {
          "mean": 0.11389861641903753,
          "ci_low": -0.06279213697936717,
          "ci_high": 0.2477096037781083
        },
        "spearman_rho": {
          "mean": 0.42134614103434354,
          "ci_low": 0.26812693520742575,
          "ci_high": 0.5442777988413033
        },
        "kendall_tau": {
          "mean": 0.29158167613745684,
          "ci_low": 0.18840849335330537,
          "ci_high": 0.38015513109092064
        }
      },
      "CYP2D6": {
        "st_rae": {
          "mean": 1.0989133163665838,
          "ci_low": 0.9993793422661444,
          "ci_high": 1.2117696181932762
        },
        "mae": {
          "mean": 0.6334570950730875,
          "ci_low": 0.5332747824435686,
          "ci_high": 0.7442899066601356
        },
        "r2": {
          "mean": -0.03555630159082893,
          "ci_low": -0.15332685635442692,
          "ci_high": 0.08099340703706533
        },
        "spearman_rho": {
          "mean": 0.07077996462174713,
          "ci_low": -0.10275224738545997,
          "ci_high": 0.23702728546577098
        },
        "kendall_tau": {
          "mean": 0.050936405784441176,
          "ci_low": -0.0648183844319198,
          "ci_high": 0.16544797127049088
        }
      },
      "CYP3A4": {
        "st_rae": {
          "mean": 0.8417684746944604,
          "ci_low": 0.7384458711631304,
          "ci_high": 0.9544180925783464
        },
        "mae": {
          "mean": 0.787942449800701,
          "ci_low": 0.7116871876464345,
          "ci_high": 0.8669347763679829
        },
        "r2": {
          "mean": 0.16322071376892658,
          "ci_low": 0.03283203517003133,
          "ci_high": 0.2774264110250506
        },
        "spearman_rho": {
          "mean": 0.4560300966314301,
          "ci_low": 0.34812391803151566,
          "ci_high": 0.5628800177413623
        },
        "kendall_tau": {
          "mean": 0.31857462483158117,
          "ci_low": 0.24273191066634617,
          "ci_high": 0.3972237415422597
        }
      }
    }
  },
  "epochs_run": 5,
  "fit_observations": 2659,
  "validation_observations": 646,
  "rule": "fitzhugh_nagumo",
  "generations": 64,
  "hidden_channels": 4,
  "atom_feature_profile": "periodic_valence",
  "atom_feature_count": 38,
  "atom_feature_names": [
    "element_H",
    "element_C",
    "element_N",
    "element_O",
    "element_F",
    "element_P",
    "element_S",
    "element_Cl",
    "element_Br",
    "element_I",
    "element_other",
    "formal_charge",
    "aromatic",
    "hybrid_sp",
    "hybrid_sp2",
    "hybrid_sp3",
    "hybrid_other",
    "degree",
    "total_hydrogens",
    "in_ring",
    "hbond_donor",
    "hbond_acceptor",
    "chiral_cw",
    "chiral_ccw",
    "chiral_other",
    "atomic_number",
    "atomic_mass",
    "covalent_radius",
    "vdw_radius",
    "outer_electrons",
    "period",
    "periodic_group",
    "atomic_volume",
    "total_valence",
    "implicit_valence",
    "heavy_atom_degree",
    "radical_electrons",
    "absolute_formal_charge"
  ],
  "device": "cuda",
  "gpu": "NVIDIA GeForce RTX 5070 Ti",
  "training_seconds": 42.04589639999904,
  "peak_gpu_memory_bytes": 58332672,
  "runtime": {
    "operating_system": "Windows-10-10.0.26200-SP0",
    "machine": "AMD64",
    "python": "3.11.16",
    "python_executable": "C:\\Users\\Anthony\\anaconda3\\envs\\strange-matter-gpu\\python.exe",
    "pytorch": "2.11.0+cu128",
    "pytorch_cuda": "12.8",
    "device": "cuda",
    "gpu": "NVIDIA GeForce RTX 5070 Ti"
  },
  "validation_protocol": {
    "kind": "scaffold_cross_validation",
    "fold": 1,
    "folds": 5
  },
  "readout": "differentiable_closed_form_ridge",
  "hyperparameters": {
    "ca_lr": 0.003,
    "ridge": 0.1,
    "ca_l2": 1e-06,
    "gradient_clip": 2.0,
    "update_scale": 0.25,
    "init_scale": 1.5,
    "initial_noise": 0.005,
    "support_fraction": 0.75,
    "bond_temperature": 1.0,
    "dyn_a": 0.2,
    "dyn_b": 0.8,
    "dyn_c": 0.2,
    "dyn_d": 0.3,
    "lr_schedule": "cosine_0.1x"
  }
}
