{"operating_system": "Windows-10-10.0.26200-SP0", "machine": "AMD64", "python": "3.11.16", "python_executable": "C:\\Users\\Anthony\\anaconda3\\envs\\strange-matter-gpu\\python.exe", "pytorch": "2.11.0+cu128", "pytorch_cuda": "12.8", "device": "cuda", "gpu": "NVIDIA GeForce RTX 5070 Ti"}
{"epoch": 1, "train_rmse": 1.027565402417904, "validation_rmse": 0.87424635887146, "validation_ma_st_rae": 0.874338861671525, "validation_CYP1A2_st_rae": 0.808077527623358, "validation_CYP2C9_st_rae": 0.927606421913858, "validation_CYP2D6_st_rae": 1.0614086754856806, "validation_CYP3A4_st_rae": 0.7002628216632032, "mean_raw_gradient_norm": 3.8738874346017838, "fraction_gradients_clipped": 1.0}
{"epoch": 2, "train_rmse": 1.0396461199614924, "validation_rmse": 0.8727371096611023, "validation_ma_st_rae": 0.8741479961692743, "validation_CYP1A2_st_rae": 0.8097314374065332, "validation_CYP2C9_st_rae": 0.9263162383066176, "validation_CYP2D6_st_rae": 1.05923699876574, "validation_CYP3A4_st_rae": 0.7013073101982062, "mean_raw_gradient_norm": 4.1339152455329895, "fraction_gradients_clipped": 1.0}
{"epoch": 3, "train_rmse": 1.0507841088485634, "validation_rmse": 0.8717867732048035, "validation_ma_st_rae": 0.8736947219278947, "validation_CYP1A2_st_rae": 0.8117800118258945, "validation_CYP2C9_st_rae": 0.9233164000132084, "validation_CYP2D6_st_rae": 1.0575671649904947, "validation_CYP3A4_st_rae": 0.7021153108819811, "mean_raw_gradient_norm": 4.66168187558651, "fraction_gradients_clipped": 1.0}
{"epoch": 4, "train_rmse": 1.032881505404981, "validation_rmse": 0.8714990019798279, "validation_ma_st_rae": 0.8735041708811657, "validation_CYP1A2_st_rae": 0.8119005143642655, "validation_CYP2C9_st_rae": 0.9229131502684074, "validation_CYP2D6_st_rae": 1.0585045742507155, "validation_CYP3A4_st_rae": 0.7006984446412745, "mean_raw_gradient_norm": 4.89506171643734, "fraction_gradients_clipped": 1.0}
{
  "seed": 1701,
  "selection_metric": "validation_ma_st_rae",
  "best_validation_ma_st_rae": 0.874338861671525,
  "best_validation_rmse": 0.87424635887146,
  "restored_fit_rmse": 0.8433290719985962,
  "restored_validation_rmse": 0.8742462992668152,
  "restored_fit_ma_st_rae": 0.839834985231736,
  "restored_validation_ma_st_rae": 0.8790695275431945,
  "restored_validation_point_ma_st_rae": 0.8743400064611137,
  "restored_validation_point_st_rae_by_cyp": {
    "CYP1A2": 0.8080789090861945,
    "CYP2C9": 0.9276075656306711,
    "CYP2D6": 1.0614180955762111,
    "CYP3A4": 0.7002554555513779
  },
  "restored_fit_st_rae_by_cyp": {
    "CYP1A2": 0.8550647518059289,
    "CYP2C9": 0.8049055060692593,
    "CYP2D6": 0.9833565414472191,
    "CYP3A4": 0.7160131416045367
  },
  "restored_validation_st_rae_by_cyp": {
    "CYP1A2": 0.8097785046600271,
    "CYP2C9": 0.9358740170837859,
    "CYP2D6": 1.0680427322763544,
    "CYP3A4": 0.7025828561526105
  },
  "validation_bootstrap_metrics": {
    "n_bootstrap_samples": 1000,
    "seed": 0,
    "macro": {
      "st_rae": {
        "mean": 0.8790695275431945,
        "ci_low": 0.8212876009834333,
        "ci_high": 0.9437534054648872
      },
      "mae": {
        "mean": 0.6403973823997915,
        "ci_low": 0.5974855835139515,
        "ci_high": 0.6879046088565459
      },
      "r2": {
        "mean": 0.15171190670389056,
        "ci_low": 0.06774142672020089,
        "ci_high": 0.2221373493569789
      },
      "spearman_rho": {
        "mean": 0.40717114551065103,
        "ci_low": 0.33725657800700015,
        "ci_high": 0.4690199395123398
      },
      "kendall_tau": {
        "mean": 0.2877915545612841,
        "ci_low": 0.2384981913504183,
        "ci_high": 0.33396149394353697
      }
    },
    "per_endpoint": {
      "CYP1A2": {
        "st_rae": {
          "mean": 0.8097785046600271,
          "ci_low": 0.6988818099876349,
          "ci_high": 0.9468830822008741
        },
        "mae": {
          "mean": 0.7042687059814416,
          "ci_low": 0.6041671790276902,
          "ci_high": 0.8111666070886804
        },
        "r2": {
          "mean": 0.20300594792589077,
          "ci_low": 0.019574440194364863,
          "ci_high": 0.3229917872340777
        },
        "spearman_rho": {
          "mean": 0.5065700876936335,
          "ci_low": 0.37139348282999707,
          "ci_high": 0.618441570587251
        },
        "kendall_tau": {
          "mean": 0.359905423187221,
          "ci_low": 0.26268925845299235,
          "ci_high": 0.4428202885486631
        }
      },
      "CYP2C9": {
        "st_rae": {
          "mean": 0.9358740170837859,
          "ci_low": 0.8009027432602746,
          "ci_high": 1.1109445591979836
        },
        "mae": {
          "mean": 0.5197498796943759,
          "ci_low": 0.4499647717006871,
          "ci_high": 0.5922649387453423
        },
        "r2": {
          "mean": 0.13581595146253522,
          "ci_low": -0.01810838901897381,
          "ci_high": 0.281629140174561
        },
        "spearman_rho": {
          "mean": 0.3950476887355274,
          "ci_low": 0.24708213611843752,
          "ci_high": 0.5312096873280348
        },
        "kendall_tau": {
          "mean": 0.27487828945408826,
          "ci_low": 0.16732622339128148,
          "ci_high": 0.37550687278052175
        }
      },
      "CYP2D6": {
        "st_rae": {
          "mean": 1.0680427322763544,
          "ci_low": 0.9589847195598684,
          "ci_high": 1.191845200023447
        },
        "mae": {
          "mean": 0.6791173133123004,
          "ci_low": 0.5719101438708338,
          "ci_high": 0.7931552317125578
        },
        "r2": {
          "mean": -0.06881586462459649,
          "ci_low": -0.23221301853336848,
          "ci_high": 0.06312769706316901
        },
        "spearman_rho": {
          "mean": 0.11173579409032111,
          "ci_low": -0.061595877119362714,
          "ci_high": 0.2839589078474489
        },
        "kendall_tau": {
          "mean": 0.07265764593468603,
          "ci_low": -0.04673329879065638,
          "ci_high": 0.193818676358765
        }
      },
      "CYP3A4": {
        "st_rae": {
          "mean": 0.7025828561526105,
          "ci_low": 0.5986002786731771,
          "ci_high": 0.823032982775823
        },
        "mae": {
          "mean": 0.6584536306110479,
          "ci_low": 0.5901925778616283,
          "ci_high": 0.7328495069075439
        },
        "r2": {
          "mean": 0.33684159205173264,
          "ci_low": 0.12398858283781226,
          "ci_high": 0.4845233770317754
        },
        "spearman_rho": {
          "mean": 0.6153310115231222,
          "ci_low": 0.5128045963615259,
          "ci_high": 0.7055347168482682
        },
        "kendall_tau": {
          "mean": 0.4437248596691411,
          "ci_low": 0.36717831983154775,
          "ci_high": 0.5155310564290883
        }
      }
    }
  },
  "epochs_run": 4,
  "fit_observations": 2636,
  "validation_observations": 657,
  "rule": "delayed_memory",
  "generations": 16,
  "hidden_channels": 16,
  "atom_feature_profile": "periodic_valence",
  "atom_feature_count": 38,
  "atom_feature_names": [
    "element_H",
    "element_C",
    "element_N",
    "element_O",
    "element_F",
    "element_P",
    "element_S",
    "element_Cl",
    "element_Br",
    "element_I",
    "element_other",
    "formal_charge",
    "aromatic",
    "hybrid_sp",
    "hybrid_sp2",
    "hybrid_sp3",
    "hybrid_other",
    "degree",
    "total_hydrogens",
    "in_ring",
    "hbond_donor",
    "hbond_acceptor",
    "chiral_cw",
    "chiral_ccw",
    "chiral_other",
    "atomic_number",
    "atomic_mass",
    "covalent_radius",
    "vdw_radius",
    "outer_electrons",
    "period",
    "periodic_group",
    "atomic_volume",
    "total_valence",
    "implicit_valence",
    "heavy_atom_degree",
    "radical_electrons",
    "absolute_formal_charge"
  ],
  "device": "cuda",
  "gpu": "NVIDIA GeForce RTX 5070 Ti",
  "training_seconds": 12.29051839991007,
  "peak_gpu_memory_bytes": 93668864,
  "runtime": {
    "operating_system": "Windows-10-10.0.26200-SP0",
    "machine": "AMD64",
    "python": "3.11.16",
    "python_executable": "C:\\Users\\Anthony\\anaconda3\\envs\\strange-matter-gpu\\python.exe",
    "pytorch": "2.11.0+cu128",
    "pytorch_cuda": "12.8",
    "device": "cuda",
    "gpu": "NVIDIA GeForce RTX 5070 Ti"
  },
  "validation_protocol": {
    "kind": "scaffold_cross_validation",
    "fold": 2,
    "folds": 5
  },
  "readout": "differentiable_closed_form_ridge",
  "hyperparameters": {
    "ca_lr": 0.0003,
    "ridge": 1.0,
    "ca_l2": 1e-06,
    "gradient_clip": 1.0,
    "update_scale": 0.25,
    "init_scale": 1.0,
    "initial_noise": 0.01,
    "support_fraction": 0.6,
    "bond_temperature": 1.0,
    "dyn_a": 0.8,
    "dyn_b": 0.2,
    "dyn_c": 0.2,
    "dyn_d": 0.3,
    "lr_schedule": "cosine_0.1x"
  }
}
