{"device": "cuda", "gpu": "NVIDIA GeForce RTX 5070 Ti", "pytorch": "2.11.0+cu128", "pytorch_cuda": "12.8"}
{"epoch": 1, "train_rmse": 3.6556550384752207, "validation_rmse": 1.0074079036712646, "mean_raw_gradient_norm": 7378.627197265625, "fraction_gradients_clipped": 1.0}
{"epoch": 2, "train_rmse": 5.766916974465721, "validation_rmse": 1.010155200958252, "mean_raw_gradient_norm": 30008.239749306125, "fraction_gradients_clipped": 1.0}
{"epoch": 3, "train_rmse": 4.188722069494621, "validation_rmse": 1.0150845050811768, "mean_raw_gradient_norm": 15777.120875308388, "fraction_gradients_clipped": 1.0}
{
  "seed": 1701,
  "best_validation_rmse": 1.0074079036712646,
  "restored_fit_rmse": 0.8865215182304382,
  "restored_validation_rmse": 1.0073699951171875,
  "epochs_run": 3,
  "fit_observations": 791,
  "validation_observations": 273,
  "rule": "gated_residual",
  "generations": 16,
  "hidden_channels": 8,
  "device": "cuda",
  "gpu": "NVIDIA GeForce RTX 5070 Ti",
  "training_seconds": 3.3297093000728637,
  "peak_gpu_memory_bytes": 28946944,
  "readout": "differentiable_closed_form_ridge",
  "hyperparameters": {
    "ca_lr": 0.001,
    "ridge": 0.0001,
    "ca_l2": 1e-05,
    "gradient_clip": 1.0
  }
}
