{"device": "cuda", "gpu": "NVIDIA GeForce RTX 5070 Ti", "pytorch": "2.11.0+cu128", "pytorch_cuda": "12.8"}
{"epoch": 1, "train_rmse": 1.0597178727205876, "validation_rmse": 0.9292192459106445, "mean_raw_gradient_norm": 8.029748070624567, "fraction_gradients_clipped": 1.0}
{"epoch": 2, "train_rmse": 1.1523112165704748, "validation_rmse": 0.931748628616333, "mean_raw_gradient_norm": 9.518512964248657, "fraction_gradients_clipped": 1.0}
{"epoch": 3, "train_rmse": 1.0306610453928147, "validation_rmse": 0.9282073974609375, "mean_raw_gradient_norm": 5.7164737486070205, "fraction_gradients_clipped": 1.0}
{"epoch": 4, "train_rmse": 1.1365703031960774, "validation_rmse": 0.9242355823516846, "mean_raw_gradient_norm": 7.720503614794824, "fraction_gradients_clipped": 1.0}
{"epoch": 5, "train_rmse": 1.06813895811524, "validation_rmse": 0.9206661581993103, "mean_raw_gradient_norm": 6.931322813034058, "fraction_gradients_clipped": 1.0}
{"epoch": 6, "train_rmse": 1.0786187341870843, "validation_rmse": 0.9168998599052429, "mean_raw_gradient_norm": 8.915595577609155, "fraction_gradients_clipped": 1.0}
{"epoch": 7, "train_rmse": 1.066383562433837, "validation_rmse": 0.9141227602958679, "mean_raw_gradient_norm": 6.282746022747409, "fraction_gradients_clipped": 1.0}
{"epoch": 8, "train_rmse": 1.1469232233116862, "validation_rmse": 0.91447913646698, "mean_raw_gradient_norm": 9.226042478315291, "fraction_gradients_clipped": 1.0}
{"epoch": 9, "train_rmse": 1.0836979761558627, "validation_rmse": 0.9120131134986877, "mean_raw_gradient_norm": 6.667840688459335, "fraction_gradients_clipped": 1.0}
{"epoch": 10, "train_rmse": 1.019067227250652, "validation_rmse": 0.9115003943443298, "mean_raw_gradient_norm": 5.790735860024729, "fraction_gradients_clipped": 1.0}
{
  "seed": 1701,
  "best_validation_rmse": 0.9120131134986877,
  "restored_fit_rmse": 0.8465753197669983,
  "restored_validation_rmse": 0.9120122790336609,
  "epochs_run": 10,
  "fit_observations": 5216,
  "validation_observations": 1309,
  "rule": "inertial_reaction_diffusion",
  "generations": 16,
  "hidden_channels": 8,
  "device": "cuda",
  "gpu": "NVIDIA GeForce RTX 5070 Ti",
  "training_seconds": 43.05638960003853,
  "peak_gpu_memory_bytes": 53551104,
  "readout": "differentiable_closed_form_ridge",
  "hyperparameters": {
    "ca_lr": 0.001,
    "ridge": 0.01,
    "ca_l2": 1e-05,
    "gradient_clip": 1.0
  }
}
