{"operating_system": "Windows-10-10.0.26200-SP0", "machine": "AMD64", "python": "3.11.16", "python_executable": "C:\\Users\\Anthony\\anaconda3\\envs\\strange-matter-gpu\\python.exe", "pytorch": "2.11.0+cu128", "pytorch_cuda": "12.8", "device": "cuda", "gpu": "NVIDIA GeForce RTX 5070 Ti"}
{"epoch": 1, "train_rmse": 1.088644268539719, "validation_rmse": 0.9002106189727783, "validation_ma_st_rae": 0.908703347497116, "validation_CYP1A2_st_rae": 0.9945331202733425, "validation_CYP2C9_st_rae": 0.7892436648972798, "validation_CYP2D6_st_rae": 1.0429366423421136, "validation_CYP3A4_st_rae": 0.808099962475728, "mean_raw_gradient_norm": 4.83714434504509, "fraction_gradients_clipped": 1.0}
{"epoch": 2, "train_rmse": 1.0689197415281477, "validation_rmse": 0.8941441178321838, "validation_ma_st_rae": 0.9055574653571195, "validation_CYP1A2_st_rae": 1.0047898783379017, "validation_CYP2C9_st_rae": 0.8048634690092639, "validation_CYP2D6_st_rae": 1.0349490674780841, "validation_CYP3A4_st_rae": 0.7776274466032282, "mean_raw_gradient_norm": 4.12632721165816, "fraction_gradients_clipped": 1.0}
{"epoch": 3, "train_rmse": 1.0776034738779365, "validation_rmse": 0.8862524628639221, "validation_ma_st_rae": 0.8950806864305101, "validation_CYP1A2_st_rae": 0.9863288369848375, "validation_CYP2C9_st_rae": 0.7939390273124577, "validation_CYP2D6_st_rae": 1.0186845119311796, "validation_CYP3A4_st_rae": 0.7813703694935654, "mean_raw_gradient_norm": 4.485154713193576, "fraction_gradients_clipped": 1.0}
{"epoch": 4, "train_rmse": 1.0971046606255974, "validation_rmse": 0.8829395174980164, "validation_ma_st_rae": 0.8896752590812038, "validation_CYP1A2_st_rae": 0.9819540717090399, "validation_CYP2C9_st_rae": 0.7694592717682139, "validation_CYP2D6_st_rae": 1.0078817059337448, "validation_CYP3A4_st_rae": 0.7994059869138167, "mean_raw_gradient_norm": 4.961893950899442, "fraction_gradients_clipped": 1.0}
{"epoch": 5, "train_rmse": 1.0260730638789122, "validation_rmse": 0.8791535496711731, "validation_ma_st_rae": 0.8766911608716709, "validation_CYP1A2_st_rae": 0.9794630670070918, "validation_CYP2C9_st_rae": 0.7446920540162791, "validation_CYP2D6_st_rae": 0.9920464820761088, "validation_CYP3A4_st_rae": 0.7905630403872039, "mean_raw_gradient_norm": 4.565708190202713, "fraction_gradients_clipped": 1.0}
{"epoch": 6, "train_rmse": 0.9823927368459943, "validation_rmse": 0.8786631226539612, "validation_ma_st_rae": 0.8746359572208375, "validation_CYP1A2_st_rae": 0.9761904839553526, "validation_CYP2C9_st_rae": 0.739243994313848, "validation_CYP2D6_st_rae": 0.9908649555761687, "validation_CYP3A4_st_rae": 0.7922443950379809, "mean_raw_gradient_norm": 3.7828349471092224, "fraction_gradients_clipped": 1.0}
{"epoch": 7, "train_rmse": 1.0007441840038573, "validation_rmse": 0.8798000812530518, "validation_ma_st_rae": 0.8767497841899393, "validation_CYP1A2_st_rae": 0.9711869550343929, "validation_CYP2C9_st_rae": 0.7512254588364082, "validation_CYP2D6_st_rae": 0.9899002730761632, "validation_CYP3A4_st_rae": 0.7946864498127931, "mean_raw_gradient_norm": 3.60545522471269, "fraction_gradients_clipped": 1.0}
{"epoch": 8, "train_rmse": 1.0096770905317234, "validation_rmse": 0.8798108100891113, "validation_ma_st_rae": 0.8768153966409618, "validation_CYP1A2_st_rae": 0.9671309492848787, "validation_CYP2C9_st_rae": 0.7500936082762046, "validation_CYP2D6_st_rae": 0.9953161228932927, "validation_CYP3A4_st_rae": 0.794720906109471, "mean_raw_gradient_norm": 3.828335856397947, "fraction_gradients_clipped": 1.0}
{
  "seed": 2909,
  "selection_metric": "validation_ma_st_rae",
  "best_validation_ma_st_rae": 0.8766911608716709,
  "best_validation_rmse": 0.8791535496711731,
  "restored_fit_rmse": 0.8040122985839844,
  "restored_validation_rmse": 0.8791614174842834,
  "restored_fit_ma_st_rae": 0.8059252787728692,
  "restored_validation_ma_st_rae": 0.8802802472689748,
  "restored_validation_point_ma_st_rae": 0.8766974123791207,
  "restored_validation_point_st_rae_by_cyp": {
    "CYP1A2": 0.9794535670262257,
    "CYP2C9": 0.744700712768361,
    "CYP2D6": 0.9920669339092523,
    "CYP3A4": 0.7905684358126439
  },
  "restored_fit_st_rae_by_cyp": {
    "CYP1A2": 0.84233692446377,
    "CYP2C9": 0.7778797701905213,
    "CYP2D6": 0.9417827932078872,
    "CYP3A4": 0.6617016272292983
  },
  "restored_validation_st_rae_by_cyp": {
    "CYP1A2": 0.9829971508631241,
    "CYP2C9": 0.748781620429809,
    "CYP2D6": 0.9950487703630034,
    "CYP3A4": 0.7942934474199631
  },
  "validation_bootstrap_metrics": {
    "n_bootstrap_samples": 1000,
    "seed": 0,
    "macro": {
      "st_rae": {
        "mean": 0.8802802472689748,
        "ci_low": 0.832555133436881,
        "ci_high": 0.9292760089277652
      },
      "mae": {
        "mean": 0.6530442828244247,
        "ci_low": 0.6180576138126705,
        "ci_high": 0.6886588600498962
      },
      "r2": {
        "mean": 0.19698081446972607,
        "ci_low": 0.15286943024478392,
        "ci_high": 0.23947295451141834
      },
      "spearman_rho": {
        "mean": 0.4397311687120864,
        "ci_low": 0.3906647554160266,
        "ci_high": 0.48706060331335993
      },
      "kendall_tau": {
        "mean": 0.3066692803471456,
        "ci_low": 0.269632897038519,
        "ci_high": 0.3414604927144843
      }
    },
    "per_endpoint": {
      "CYP1A2": {
        "st_rae": {
          "mean": 0.9829971508631241,
          "ci_low": 0.8775039593459364,
          "ci_high": 1.103222906178242
        },
        "mae": {
          "mean": 0.7169038223723976,
          "ci_low": 0.6406208746530572,
          "ci_high": 0.7893874957123581
        },
        "r2": {
          "mean": 0.12332653454398823,
          "ci_low": 0.01604608734838052,
          "ci_high": 0.20473425186752614
        },
        "spearman_rho": {
          "mean": 0.3637266629792508,
          "ci_low": 0.25301142399959553,
          "ci_high": 0.46902077621648874
        },
        "kendall_tau": {
          "mean": 0.24409512412254758,
          "ci_low": 0.16553430675561143,
          "ci_high": 0.3170135024711175
        }
      },
      "CYP2C9": {
        "st_rae": {
          "mean": 0.748781620429809,
          "ci_low": 0.6410128636150755,
          "ci_high": 0.864052681538211
        },
        "mae": {
          "mean": 0.5431931208413944,
          "ci_low": 0.48228238632804465,
          "ci_high": 0.6096627329263771
        },
        "r2": {
          "mean": 0.28184363299410725,
          "ci_low": 0.16904735935075726,
          "ci_high": 0.3808595833315366
        },
        "spearman_rho": {
          "mean": 0.5473776728461405,
          "ci_low": 0.44446242714159834,
          "ci_high": 0.6469812174251844
        },
        "kendall_tau": {
          "mean": 0.3937020889843925,
          "ci_low": 0.31755889292332523,
          "ci_high": 0.4723399730187235
        }
      },
      "CYP2D6": {
        "st_rae": {
          "mean": 0.9950487703630034,
          "ci_low": 0.9327536230619279,
          "ci_high": 1.0626431701528907
        },
        "mae": {
          "mean": 0.6393765398014539,
          "ci_low": 0.5617678570448106,
          "ci_high": 0.7258155514505618
        },
        "r2": {
          "mean": 0.0656090927890291,
          "ci_low": -0.009503557462769829,
          "ci_high": 0.12695364623100158
        },
        "spearman_rho": {
          "mean": 0.26820142553136467,
          "ci_low": 0.15535703036822404,
          "ci_high": 0.38774777746043376
        },
        "kendall_tau": {
          "mean": 0.17922331019601426,
          "ci_low": 0.10126054728710847,
          "ci_high": 0.2590869330468434
        }
      },
      "CYP3A4": {
        "st_rae": {
          "mean": 0.7942934474199631,
          "ci_low": 0.7104782577082234,
          "ci_high": 0.8768343497232867
        },
        "mae": {
          "mean": 0.7127036482824534,
          "ci_low": 0.658665815970344,
          "ci_high": 0.7684772638206798
        },
        "r2": {
          "mean": 0.3171439975517796,
          "ci_low": 0.23176120947087972,
          "ci_high": 0.39947860753075953
        },
        "spearman_rho": {
          "mean": 0.5796189134915897,
          "ci_low": 0.5138716760849336,
          "ci_high": 0.6466065194078374
        },
        "kendall_tau": {
          "mean": 0.40965659808562793,
          "ci_low": 0.3584955463471079,
          "ci_high": 0.4631573840900394
        }
      }
    }
  },
  "epochs_run": 8,
  "fit_observations": 4082,
  "validation_observations": 1134,
  "rule": "gated_residual",
  "generations": 64,
  "hidden_channels": 16,
  "atom_feature_profile": "local_environment",
  "atom_feature_count": 29,
  "atom_feature_names": [
    "element_H",
    "element_C",
    "element_N",
    "element_O",
    "element_F",
    "element_P",
    "element_S",
    "element_Cl",
    "element_Br",
    "element_I",
    "element_other",
    "formal_charge",
    "aromatic",
    "hybrid_sp",
    "hybrid_sp2",
    "hybrid_sp3",
    "hybrid_other",
    "degree",
    "total_hydrogens",
    "in_ring",
    "hbond_donor",
    "hbond_acceptor",
    "chiral_cw",
    "chiral_ccw",
    "chiral_other",
    "mean_neighbour_electronegativity",
    "electronegativity_difference",
    "mean_neighbour_atomic_number",
    "neighbour_formal_charge"
  ],
  "device": "cuda",
  "gpu": "NVIDIA GeForce RTX 5070 Ti",
  "training_seconds": 61.20617250003852,
  "peak_gpu_memory_bytes": 406424576,
  "runtime": {
    "operating_system": "Windows-10-10.0.26200-SP0",
    "machine": "AMD64",
    "python": "3.11.16",
    "python_executable": "C:\\Users\\Anthony\\anaconda3\\envs\\strange-matter-gpu\\python.exe",
    "pytorch": "2.11.0+cu128",
    "pytorch_cuda": "12.8",
    "device": "cuda",
    "gpu": "NVIDIA GeForce RTX 5070 Ti"
  },
  "validation_protocol": {
    "kind": "scaffold_cross_validation",
    "fold": 4,
    "folds": 5
  },
  "readout": "differentiable_closed_form_ridge",
  "hyperparameters": {
    "ca_lr": 0.003,
    "ridge": 0.1,
    "ca_l2": 1e-05,
    "gradient_clip": 1.0,
    "update_scale": 0.15,
    "init_scale": 0.5,
    "initial_noise": 0.01,
    "support_fraction": 0.6,
    "bond_temperature": 0.5,
    "dyn_a": 0.2,
    "dyn_b": 0.8,
    "dyn_c": 0.5,
    "dyn_d": 0.05,
    "lr_schedule": "cosine_0.1x"
  }
}
